E/SurfaceFlinger(   37): ro.sf.lcd_density must be defined as a build property
E/BluetoothAdapter(  464): Bluetooth binder is null
D/dalvikvm(  452): GC_CONCURRENT freed 272K, 12% free 2511K/2840K, paused 407ms+92ms, total 635ms
E/StrictMode(  452): A resource was acquired at attached stack trace but never released. See java.io.Closeable for information on avoiding resource leaks.
E/StrictMode(  452): java.lang.Throwable: Explicit termination method 'close' not called
E/StrictMode(  452): 	at dalvik.system.CloseGuard.open(CloseGuard.java:184)
E/StrictMode(  452): 	at android.os.ParcelFileDescriptor.<init>(ParcelFileDescriptor.java:412)
E/StrictMode(  452): 	at android.content.res.AssetManager.openNonAssetFdNative(Native Method)
E/StrictMode(  452): 	at android.content.res.AssetManager.openNonAssetFd(AssetManager.java:428)
E/StrictMode(  452): 	at android.content.res.Resources.openRawResourceFd(Resources.java:979)
E/StrictMode(  452): 	at com.android.inputmethod.latin.BinaryDictionaryGetter.loadFallbackResource(BinaryDictionaryGetter.java:183)
E/StrictMode(  452): 	at com.android.inputmethod.latin.BinaryDictionaryGetter.getDictionaryFiles(BinaryDictionaryGetter.java:456)
E/StrictMode(  452): 	at com.android.inputmethod.latin.DictionaryFactory.createMainDictionaryFromManager(DictionaryFactory.java:57)
E/StrictMode(  452): 	at com.android.inputmethod.latin.DictionaryFactory.createMainDictionaryFromManager(DictionaryFactory.java:87)
E/StrictMode(  452): 	at com.android.inputmethod.latin.Suggest$1.run(Suggest.java:108)
W/WindowManager(  317): Window freeze timeout expired.
W/WindowManager(  317): Force clearing orientation change: Window{40eb40e8 u0 Keyguard}
W/ProcessStats(  317): Skipping unknown process pid 571
I/dalvikvm(  539): Turning on JNI app bug workarounds for target SDK version 9...
D/PhoneStatusBar(  410): disable: < expand icons alerts ticker system_info back home recent clock search >
D/dalvikvm(  317): GC_FOR_ALLOC freed 210K, 14% free 5415K/6272K, paused 627ms, total 630ms
I/dalvikvm-heap(  317): Grow heap (frag case) to 6.423MB for 1128976-byte allocation
D/dalvikvm(  317): GC_FOR_ALLOC freed 1K, 12% free 6515K/7376K, paused 210ms, total 210ms
I/Choreographer(  317): Skipped 445 frames!  The application may be doing too much work on its main thread.
W/dalvikvm(  479): threadid=2: spin on suspend #1 threadid=12 (pcf=0)
D/dalvikvm(  479): Temporarily moving tid 534 to fg (was 0)
D/dalvikvm(  479): Temporarily raised priority on tid 534 (10 -> 0)
W/dalvikvm(  479): threadid=2: spin on suspend resolved in 1033 msec
D/dalvikvm(  479): Restored policy of 534 to 0
D/dalvikvm(  479): Restored priority on 534 to 10
I/Choreographer(  317): Skipped 59 frames!  The application may be doing too much work on its main thread.
D/dalvikvm(  479): GC_CONCURRENT freed 183K, 9% free 2619K/2860K, paused 1052ms+28ms, total 1201ms
V/TAG     (  317): bug 7643792: fitSystemWindows([0,38][0,0])
I/Choreographer(  317): Skipped 47 frames!  The application may be doing too much work on its main thread.
D/dalvikvm(  317): WAIT_FOR_CONCURRENT_GC blocked 6783ms
D/dalvikvm(  317): WAIT_FOR_CONCURRENT_GC blocked 6827ms
W/ProcessStats(  317): Skipping unknown process pid 573
E/Trace   (  539): error opening trace file: No such file or directory (2)
W/ActivityManager(  317): Activity idle timeout for ActivityRecord{40f7ff90 u0 com.android.launcher/com.android.launcher2.Launcher}
E/Trace   (  556): error opening trace file: No such file or directory (2)
D/dalvikvm(  317): GC_CONCURRENT freed 1153K, 27% free 5445K/7376K, paused 51ms+68ms, total 1110ms
E/BluetoothAdapter(  317): Bluetooth binder is null
E/BluetoothAdapter(  317): Bluetooth binder is null
V/WiredAccessoryManager(  317): init()
E/SoundPool(  317): error loading /system/media/audio/ui/Effect_Tick.ogg
W/AudioService(  317): Soundpool could not load file: /system/media/audio/ui/Effect_Tick.ogg
E/SoundPool(  317): error loading /system/media/audio/ui/Effect_Tick.ogg
W/AudioService(  317): Soundpool could not load file: /system/media/audio/ui/Effect_Tick.ogg
E/SoundPool(  317): error loading /system/media/audio/ui/Effect_Tick.ogg
W/AudioService(  317): Soundpool could not load file: /system/media/audio/ui/Effect_Tick.ogg
E/SoundPool(  317): error loading /system/media/audio/ui/Effect_Tick.ogg
W/AudioService(  317): Soundpool could not load file: /system/media/audio/ui/Effect_Tick.ogg
E/SoundPool(  317): error loading /system/media/audio/ui/Effect_Tick.ogg
W/AudioService(  317): Soundpool could not load file: /system/media/audio/ui/Effect_Tick.ogg
E/SoundPool(  317): error loading /system/media/audio/ui/KeypressStandard.ogg
W/AudioService(  317): Soundpool could not load file: /system/media/audio/ui/KeypressStandard.ogg
E/SoundPool(  317): error loading /system/media/audio/ui/KeypressSpacebar.ogg
W/AudioService(  317): Soundpool could not load file: /system/media/audio/ui/KeypressSpacebar.ogg
E/SoundPool(  317): error loading /system/media/audio/ui/KeypressDelete.ogg
W/AudioService(  317): Soundpool could not load file: /system/media/audio/ui/KeypressDelete.ogg
E/SoundPool(  317): error loading /system/media/audio/ui/KeypressReturn.ogg
W/AudioService(  317): Soundpool could not load file: /system/media/audio/ui/KeypressReturn.ogg
W/AudioService(  317): loadSoundEffects(), Error -1 while loading samples
D/dalvikvm(  479): GC_FOR_ALLOC freed 49K, 4% free 2856K/2960K, paused 293ms, total 309ms
I/dalvikvm-heap(  479): Grow heap (frag case) to 4.213MB for 1440016-byte allocation
D/dalvikvm(  479): GC_FOR_ALLOC freed 11K, 3% free 4250K/4368K, paused 111ms, total 111ms
D/dalvikvm(  479): GC_CONCURRENT freed <1K, 3% free 4250K/4368K, paused 5ms+3ms, total 59ms
D/DebugService(  464): DebugService DebugService:
D/TelephonyDebugService(  464): TelephonyDebugService()
E/BluetoothAdapter(  410): Bluetooth binder is null
D/SystemUIService(  410): loading: class com.android.systemui.power.PowerUI
D/SystemUIService(  410): running: com.android.systemui.power.PowerUI@40e407b8
W/ActivityManager(  317): Timeout executing service: ServiceRecord{40ebc3f0 u0 com.android.systemui/.SystemUIService}
I/ActivityManager(  317): Start proc com.android.contacts for broadcast com.android.contacts/.calllog.CallLogReceiver: pid=609 uid=10001 gids={50001, 3003, 1015, 1028}
I/AudioService(  317):   Remote Control   registerMediaButtonIntent() for PendingIntent{40f73db0: PendingIntentRecord{40f73d10 com.android.music broadcastIntent}}
D/SystemUIService(  410): loading: class com.android.systemui.media.RingtonePlayer
D/SystemUIService(  410): running: com.android.systemui.media.RingtonePlayer@40e41438
I/Process (  317): Sending signal. PID: 410 SIG: 3
I/dalvikvm(  410): threadid=3: reacting to signal 3
I/ActivityManager(  317): Start proc android.process.media for content provider com.android.providers.media/.MediaProvider: pid=621 uid=10000 gids={50000, 1015, 1023, 1024, 1028, 1006, 2001, 3003, 3007}
I/Process (  317): Sending signal. PID: 317 SIG: 3
I/dalvikvm(  317): threadid=3: reacting to signal 3
I/dalvikvm(  410): Wrote stack traces to '/data/anr/traces.txt'
I//system/bin/fsck_msdos(   32): Attempting to allocate 2044 KB for FAT
I//system/bin/fsck_msdos(   32): ** Phase 2 - Check Cluster Chains
I//system/bin/fsck_msdos(   32): ** Phase 3 - Checking Directories
I//system/bin/fsck_msdos(   32): ** Phase 4 - Checking for Lost Files
I//system/bin/fsck_msdos(   32): 13 files, 1044446 free (522223 clusters)
I/Vold    (   32): Filesystem check completed OK
I/Vold    (   32): Device /dev/block/vold/179:0, target /mnt/sdcard mounted @ /mnt/secure/staging
I/Process (  317): Sending signal. PID: 464 SIG: 3
I/dalvikvm(  464): threadid=3: reacting to signal 3
D/Vold    (   32): Volume sdcard state changing 3 (Checking) -> 4 (Mounted)
I/dalvikvm(  317): Wrote stack traces to '/data/anr/traces.txt'
D/MountService(  317): volume state changed for /mnt/sdcard (checking -> mounted)
E/VoldConnector(  317): NDC Command {3 volume mount /mnt/sdcard} took too long (24335ms)
I/PackageManager(  317): Updating external media status from unmounted to mounted
D/MountService(  317): sendStorageIntent Intent { act=android.intent.action.MEDIA_MOUNTED dat=file:///mnt/sdcard (has extras) } to UserHandle{-1}
I/Choreographer(  410): Skipped 4656 frames!  The application may be doing too much work on its main thread.
E/Trace   (  609): error opening trace file: No such file or directory (2)
E/Trace   (  621): error opening trace file: No such file or directory (2)
I/dalvikvm(  464): Wrote stack traces to '/data/anr/traces.txt'
D/dalvikvm(  317): GC_CONCURRENT freed 559K, 10% free 5652K/6276K, paused 40ms+69ms, total 732ms
D/dalvikvm(  317): WAIT_FOR_CONCURRENT_GC blocked 76ms
D/dalvikvm(  317): JIT unchain all for threadid=69
D/dalvikvm(  556): GC_CONCURRENT freed 209K, 10% free 2583K/2852K, paused 105ms+3ms, total 754ms
D/dalvikvm(  317): GREF has increased to 401
D/dalvikvm(  317): GC_EXPLICIT freed 61K, 11% free 5646K/6276K, paused 304ms+206ms, total 1657ms
I/DownloadManager(  621): in removeSpuriousFiles
W/GpsLocationProvider(  317): Could not open GPS configuration file /etc/gps.conf
D/dalvikvm(  464): GC_CONCURRENT freed 329K, 13% free 2674K/3056K, paused 5ms+87ms, total 899ms
E/SurfaceFlinger(   37): ro.sf.lcd_density must be defined as a build property
E/VoldConnector(  317): NDC Command {4 asec list} took too long (3452ms)
D/dalvikvm(  479): GC_CONCURRENT freed 171K, 5% free 4603K/4836K, paused 22ms+3ms, total 308ms
I/PackageManager(  317): No secure containers on sdcard
D/PhoneStatusBar(  410): disable: < expand icons alerts ticker system_info BACK* HOME* RECENT* CLOCK* SEARCH* >
I/Process (  317): Sending signal. PID: 479 SIG: 3
I/dalvikvm(  479): threadid=3: reacting to signal 3
I/Process (  317): Sending signal. PID: 556 SIG: 3
I/dalvikvm(  556): threadid=3: reacting to signal 3
I/dalvikvm(  479): Wrote stack traces to '/data/anr/traces.txt'
D/dalvikvm(  479): GC_CONCURRENT freed 40K, 6% free 4571K/4836K, paused 3ms+3ms, total 156ms
E/ActivityManager(  317): ANR in com.android.systemui
E/ActivityManager(  317): Reason: Executing service com.android.systemui/.SystemUIService
E/ActivityManager(  317): Load: 6.67 / 1.72 / 0.58
E/ActivityManager(  317): CPU usage from 0ms to 11606ms later:
E/ActivityManager(  317):   20% 317/system_server: 14% user + 5.8% kernel / faults: 2030 minor 4 major
E/ActivityManager(  317):   12% 37/surfaceflinger: 9.7% user + 2.3% kernel / faults: 3 minor
E/ActivityManager(  317):   7.7% 556/android.process.acore: 5.1% user + 2.6% kernel / faults: 1966 minor 3 major
E/ActivityManager(  317):   7% 479/com.android.launcher: 4.7% user + 2.2% kernel / faults: 4312 minor 4 major
E/ActivityManager(  317):   3.2% 410/com.android.systemui: 1.9% user + 1.3% kernel / faults: 752 minor 3 major
E/ActivityManager(  317):   2.6% 609/zygote: 1% user + 1.5% kernel / faults: 2812 minor 19 major
E/ActivityManager(  317):   2% 464/com.android.phone: 1.1% user + 0.9% kernel / faults: 272 minor 2 major
E/ActivityManager(  317):   1.8% 87/bootanimation: 1.6% user + 0.2% kernel
E/ActivityManager(  317):   0.4% 32/vold: 0% user + 0.4% kernel / faults: 5 minor
E/ActivityManager(  317):   1.1% 539/com.android.music: 0.6% user + 0.4% kernel / faults: 379 minor
E/ActivityManager(  317):   0.6% 47/adbd: 0% user + 0.5% kernel / faults: 120 minor
E/ActivityManager(  317):   0.3% 452/com.android.inputmethod.latin: 0.1% user + 0.2% kernel / faults: 151 minor 1 major
E/ActivityManager(  317):   0.3% 29/mmcqd: 0% user + 0.3% kernel
E/ActivityManager(  317):   0.3% 38/zygote: 0% user + 0.3% kernel / faults: 95 minor
E/ActivityManager(  317):   0% 31/servicemanager: 0% user + 0% kernel
E/ActivityManager(  317):   0% 40/mediaserver: 0% user + 0% kernel
E/ActivityManager(  317):  +0% 621/android.process.media: 0% user + 0% kernel
E/ActivityManager(  317): 100% TOTAL: 63% user + 36% kernel + 0.1% softirq
E/ActivityManager(  317): CPU usage from 8157ms to 10593ms later:
E/ActivityManager(  317):   16% 317/system_server: 9.8% user + 7% kernel / faults: 521 minor
E/ActivityManager(  317):     8.4% 337/ActivityManager: 3.7% user + 4.6% kernel
E/ActivityManager(  317):     5.1% 335/UI: 3.7% user + 1.4% kernel
E/ActivityManager(  317):     1.8% 499/Binder_3: 1.8% user + 0% kernel
E/ActivityManager(  317):     1.4% 324/Compiler: 0.4% user + 0.9% kernel
E/ActivityManager(  317):     0.9% 331/Binder_1: 0.4% user + 0.4% kernel
E/ActivityManager(  317):     0.4% 317/system_server: 0.4% user + 0% kernel
E/ActivityManager(  317):     0.4% 332/Binder_2: 0.4% user + 0% kernel
E/ActivityManager(  317):     0.4% 342/PackageManager: 0% user + 0.4% kernel
E/ActivityManager(  317):     0.4% 587/Binder_7: 0.4% user + 0% kernel
E/ActivityManager(  317):     0.4% 645/Binder_B: 0.4% user + 0% kernel
E/ActivityManager(  317):     0.4% 646/Binder_C: 0% user + 0.4% kernel
E/ActivityManager(  317):   11% 37/surfaceflinger: 8.5% user + 3.2% kernel / faults: 3 minor
E/ActivityManager(  317):     11% 70/SurfaceFlinger: 9.3% user + 2% kernel
E/ActivityManager(  317):     2.4% 79/VSyncThread: 0% user + 2.4% kernel
E/ActivityManager(  317):     0.8% 83/EventThread: 0% user + 0.8% kernel
E/ActivityManager(  317):     0.4% 37/surfaceflinger: 0.4% user + 0% kernel
E/ActivityManager(  317):     0.4% 85/Binder_1: 0% user + 0.4% kernel
E/ActivityManager(  317):     0.4% 340/Binder_2: 0% user + 0.4% kernel
E/ActivityManager(  317):     0.4% 341/Binder_3: 0% user + 0.4% kernel
E/ActivityManager(  317):   14% 410/com.android.systemui: 11% user + 3% kernel / faults: 362 minor 1 major
E/ActivityManager(  317):     11% 410/ndroid.systemui: 9.8% user + 1.5% kernel
E/ActivityManager(  317):     2.2% 421/Compiler: 2.2% user + 0% kernel
E/ActivityManager(  317):   1.8% 32/vold: 0% user + 1.8% kernel / faults: 2 minor
E/ActivityManager(  317):     3.1% 64/vold: 0% user + 3.1% kernel
E/ActivityManager(  317):   8.8% 479/com.android.launcher: 6.6% user + 2.2% kernel / faults: 96 minor 1 major
E/ActivityManager(  317):     8.1% 481/GC: 6.6% user + 1.4% kernel
E/ActivityManager(  317):     2.2% 521/launcher-loader: 0% user + 2.2% kernel
E/ActivityManager(  317):     0.7% 486/Compiler: 0.7% user + 0% kernel
E/ActivityManager(  317):     0.7% 489/FinalizerDaemon: 0% user + 0.7% kernel
E/ActivityManager(  317):   2.9% 464/com.android.phone: 1.4% user + 1.4% kernel / faults: 42 minor
E/ActivityManager(  317):     3.7% 488/Binder_1: 0.7% user + 2.9% kernel
E/ActivityManager(  317):     2.2% 464/m.android.phone: 2.2% user + 0% kernel
E/ActivityManager(  317):     0.7% 475/Compiler: 0% user + 0.7% kernel
E/ActivityManager(  317):   0.9% 87/bootanimation: 0.9% user + 0% kernel
E/ActivityManager(  317):     2.3% 104/BootAnimation: 2.3% user + 0% kernel
E/ActivityManager(  317):   1.7% 556/android.process.acore: 1.7% user + 0% kernel / faults: 30 minor
E/ActivityManager(  317):     4.3% 675/Binder_4: 4.3% user + 0% kernel
E/ActivityManager(  317):     3.4% 650/ApplicationsPro: 3.4% user + 0% kernel
E/ActivityManager(  317):   0.3% 609/com.android.contacts: 0.3% user + 0% kernel / faults: 59 minor
E/ActivityManager(  317):     0.1% 657/IntentService[C: 0.1% user + 0% kernel
E/ActivityManager(  317):    +0% 685/AsyncTask #1: 0% user + 0% kernel
E/ActivityManager(  317):   1.8% 621/android.process.media: 0.9% user + 0.9% kernel / faults: 5 minor
E/ActivityManager(  317):   0.1% 29/mmcqd: 0% user + 0.1% kernel
E/ActivityManager(  317): 100% TOTAL: 62% user + 37% kernel
W/PackageManager(  317): Unknown permission com.google.android.googleapps.permission.GOOGLE_AUTH.mail in package com.android.contacts
W/PackageManager(  317): Unknown permission android.permission.ADD_SYSTEM_SERVICE in package com.android.phone
W/PackageManager(  317): Unknown permission com.android.smspush.WAPPUSH_MANAGER_BIND in package com.android.phone
W/PackageManager(  317): Unknown permission com.google.android.googleapps.permission.GOOGLE_AUTH in package com.android.providers.calendar
W/PackageManager(  317): Unknown permission com.google.android.googleapps.permission.GOOGLE_AUTH.cl in package com.android.providers.calendar
W/PackageManager(  317): Unknown permission com.google.android.googleapps.permission.GOOGLE_AUTH.mail in package com.android.calendar
W/PackageManager(  317): Not granting permission android.permission.SEND_DOWNLOAD_COMPLETED_INTENTS to package com.android.browser (protectionLevel=2 flags=0x89be45)
W/PackageManager(  317): Not granting permission android.permission.BIND_APPWIDGET to package com.android.widgetpreview (protectionLevel=18 flags=0x8be44)
W/PackageManager(  317): Unknown permission com.google.android.googleapps.permission.GOOGLE_AUTH in package com.android.settings
W/WindowManager(  317): Window freeze timeout expired.
W/WindowManager(  317): Force clearing orientation change: Window{40efefc0 u0 StatusBar}
W/PackageManager(  317): Unknown permission com.google.android.gallery3d.permission.GALLERY_PROVIDER in package com.android.exchange
I/dalvikvm(  556): Wrote stack traces to '/data/anr/traces.txt'
D/dalvikvm(  556): GC_CONCURRENT freed 24K, 9% free 2617K/2852K, paused 6ms+66ms, total 100ms
W/PackageManager(  317): Unknown permission com.google.android.googleapps.permission.ACCESS_GOOGLE_PASSWORD in package com.android.development
W/PackageManager(  317): Unknown permission com.google.android.googleapps.permission.GOOGLE_AUTH in package com.android.development
W/PackageManager(  317): Unknown permission com.google.android.googleapps.permission.GOOGLE_AUTH.ALL_SERVICES in package com.android.development
W/PackageManager(  317): Unknown permission com.google.android.googleapps.permission.GOOGLE_AUTH.YouTubeUser in package com.android.development
W/PackageManager(  317): Unknown permission com.google.android.gallery3d.permission.GALLERY_PROVIDER in package com.android.email
W/PackageManager(  317): Not granting permission android.permission.DEVICE_POWER to package com.android.deskclock (protectionLevel=2 flags=0x88be45)
W/ActivityManager(  317): Killing ProcessRecord{40ebcc50 410:com.android.systemui/u0a10034}: background ANR
W/Settings(  464): Setting auto_time_zone has moved from android.provider.Settings.System to android.provider.Settings.Global, returning read-only value.
W/InputDispatcher(  317): channel '40efefc0 StatusBar (server)' ~ Consumer closed input channel or an error occurred.  events=0x9
E/InputDispatcher(  317): channel '40efefc0 StatusBar (server)' ~ Channel is unrecoverably broken and will be disposed!
D/dalvikvm(  317): GC_FOR_ALLOC freed 502K, 13% free 5698K/6520K, paused 118ms, total 122ms
I/dalvikvm-heap(  317): Grow heap (frag case) to 5.875MB for 262160-byte allocation
D/dalvikvm(  317): GC_FOR_ALLOC freed 6K, 13% free 5948K/6780K, paused 119ms, total 120ms
I/ActivityManager(  317): Process com.android.systemui (pid 410) has died.
W/ActivityManager(  317): Scheduling restart of crashed service com.android.systemui/.SystemUIService in 0ms
W/ActivityManager(  317): Scheduling restart of crashed service com.android.systemui/.ImageWallpaper in 0ms
I/WindowState(  317): WIN DEATH: Window{40efefc0 u0 StatusBar}
W/InputDispatcher(  317): Attempted to unregister already unregistered input channel '40efefc0 StatusBar (server)'
D/dalvikvm(  317): GC_FOR_ALLOC freed 24K, 13% free 5932K/6780K, paused 349ms, total 353ms
I/dalvikvm-heap(  317): Grow heap (frag case) to 6.103MB for 262160-byte allocation
D/dalvikvm(  317): GC_FOR_ALLOC freed 3K, 13% free 6185K/7040K, paused 427ms, total 427ms
V/TAG     (  317): bug 7643792: fitSystemWindows([0,0][0,0])
D/dalvikvm(  317): GC_FOR_ALLOC freed 1K, 13% free 6185K/7040K, paused 328ms, total 328ms
I/dalvikvm-heap(  317): Grow heap (frag case) to 6.475MB for 393236-byte allocation
D/dalvikvm(  317): GC_FOR_ALLOC freed 256K, 16% free 6313K/7428K, paused 231ms, total 231ms
D/dalvikvm(  317): GC_FOR_ALLOC freed <1K, 15% free 6314K/7428K, paused 184ms, total 185ms
I/dalvikvm-heap(  317): Grow heap (frag case) to 6.476MB for 262190-byte allocation
D/dalvikvm(  317): GC_FOR_ALLOC freed <1K, 15% free 6569K/7688K, paused 128ms, total 129ms
D/dalvikvm(  317): GC_FOR_ALLOC freed 776K, 25% free 5793K/7688K, paused 84ms, total 84ms
I/Choreographer(  317): Skipped 88 frames!  The application may be doing too much work on its main thread.
I/Choreographer(  317): Skipped 274 frames!  The application may be doing too much work on its main thread.
W/ServiceWatcher(  317): com.google.android.location not found
I/ActivityManager(  317): Start proc com.android.systemui for restart com.android.systemui: pid=709 uid=10034 gids={50034, 1028, 1015, 3002, 3001}
D/dalvikvm(   38): GC_EXPLICIT freed 35K, 4% free 2381K/2472K, paused 3ms+3ms, total 65ms
D/dalvikvm(   38): GC_EXPLICIT freed <1K, 4% free 2382K/2472K, paused 2ms+3ms, total 69ms
D/dalvikvm(   38): GC_EXPLICIT freed <1K, 4% free 2382K/2472K, paused 3ms+2ms, total 150ms
W/ServiceWatcher(  317): com.google.android.location not found
E/Trace   (  709): error opening trace file: No such file or directory (2)
D/CAT     (  464): CatService: Running CAT service. STK app installed:false
D/CAT     (  464): CatService: NEW sInstance
W/LocationManagerService(  317): no network location provider found
W/ServiceWatcher(  317): com.google.android.location not found
D/SystemUIService(  709): loading: class com.android.systemui.statusbar.phone.PhoneStatusBar
D/SystemUIService(  709): running: com.android.systemui.statusbar.phone.PhoneStatusBar@40cda3a8
I/ActivityManager(  317): Start proc com.android.location.fused for service com.android.location.fused/.FusedLocationService: pid=729 uid=10022 gids={50022, 1028}
I/StatusBarManagerService(  317): registerStatusBar bar=com.android.internal.statusbar.IStatusBar$Stub$Proxy@41026118
W/ServiceWatcher(  317): com.google.android.location not found
E/LocationManagerService(  317): no geocoder provider found
E/Trace   (  729): error opening trace file: No such file or directory (2)
D/dalvikvm(  709): GC_CONCURRENT freed 119K, 7% free 2666K/2840K, paused 419ms+3ms, total 593ms
D/dalvikvm(  709): WAIT_FOR_CONCURRENT_GC blocked 175ms
I/dalvikvm-heap(  709): Grow heap (frag case) to 3.261MB for 635812-byte allocation
W/WallpaperService(  317): Failed attaching wallpaper; clearing
W/WallpaperService(  317): android.os.DeadObjectException
W/WallpaperService(  317): 	at android.os.BinderProxy.transact(Native Method)
W/WallpaperService(  317): 	at android.service.wallpaper.IWallpaperService$Stub$Proxy.attach(IWallpaperService.java:95)
W/WallpaperService(  317): 	at com.android.server.WallpaperManagerService.attachServiceLocked(WallpaperManagerService.java:960)
W/WallpaperService(  317): 	at com.android.server.WallpaperManagerService$WallpaperConnection.onServiceConnected(WallpaperManagerService.java:233)
W/WallpaperService(  317): 	at android.app.LoadedApk$ServiceDispatcher.doConnected(LoadedApk.java:1101)
W/WallpaperService(  317): 	at android.app.LoadedApk$ServiceDispatcher$RunConnection.run(LoadedApk.java:1118)
W/WallpaperService(  317): 	at android.os.Handler.handleCallback(Handler.java:725)
W/WallpaperService(  317): 	at android.os.Handler.dispatchMessage(Handler.java:92)
W/WallpaperService(  317): 	at android.os.Looper.loop(Looper.java:137)
W/WallpaperService(  317): 	at com.android.server.ServerThread.run(SystemServer.java:1000)
D/dalvikvm(  709): GC_FOR_ALLOC freed 5K, 6% free 3281K/3464K, paused 95ms, total 96ms
D/CAT     (  464): CatService: SIM ready. Reporting STK service running now...
E/BluetoothAdapter(  709): Bluetooth binder is null
E/BluetoothAdapter(  709): Bluetooth binder is null
I/RecoverySystem(  317): No recovery log file
D/MccTable(  464): updateMccMncConfiguration: mcc=310, mnc=260
D/TelephonyManager(  464): getLteOnCdmaMode=0 curVal=-1 product_type='' lteOnCdmaProductType=''
D/MccTable(  464): locale set to en_us
D/MccTable(  464): WIFI_COUNTRY_CODE set to us
I/WifiService(  317): WifiService trying to set country code to us with persist set to true
E/BluetoothAdapter(  709): Bluetooth binder is null
I/ActivityManager(  317): Config changes=1403 {1.0 310mcc260mnc en_US ldltr sw320dp w320dp h508dp 240dpi nrml long port finger -keyb/v/h tball/v s.4}
D/dalvikvm(  464): GC_CONCURRENT freed 293K, 12% free 2778K/3128K, paused 4ms+4ms, total 769ms
D/dalvikvm(  317): GC_CONCURRENT freed 1009K, 27% free 5641K/7688K, paused 144ms+8ms, total 1218ms
D/dalvikvm(  317): WAIT_FOR_CONCURRENT_GC blocked 27ms
D/dalvikvm(  317): WAIT_FOR_CONCURRENT_GC blocked 56ms
D/dalvikvm(  317): WAIT_FOR_CONCURRENT_GC blocked 58ms
W/SurfaceFlinger(   37): createScreenshotSurface failed (Function not implemented)
I/ActivityManager(  317): Start proc com.android.deskclock for broadcast com.android.deskclock/.AlarmInitReceiver: pid=760 uid=10006 gids={50006, 1028}
W/Settings(  464): Setting auto_time_zone has moved from android.provider.Settings.System to android.provider.Settings.Global, returning read-only value.
D/MccTable(  464): updateMccMncConfiguration: mcc=310, mnc=260
D/TelephonyManager(  464): getLteOnCdmaMode=0 curVal=-1 product_type='' lteOnCdmaProductType=''
D/MccTable(  464): locale set to en_us
D/MccTable(  464): WIFI_COUNTRY_CODE set to us
I/WifiService(  317): WifiService trying to set country code to us with persist set to true
I/ActivityManager(  317): Config changes=1400 {1.0 310mcc260mnc en_US ldltr sw320dp w320dp h508dp 240dpi nrml long port finger -keyb/v/h tball/v s.5}
D/dalvikvm(  709): GC_CONCURRENT freed 65K, 4% free 3633K/3756K, paused 18ms+2ms, total 416ms
E/Trace   (  760): error opening trace file: No such file or directory (2)
W/WindowManager(  317): Window freeze timeout expired.
W/WindowManager(  317): Force clearing orientation change: Window{40eb40e8 u0 Keyguard}
E/BluetoothAdapter(  709): Bluetooth binder is null
V/AlarmClock(  760): No next alarm
D/dalvikvm(  464): GC_CONCURRENT freed 301K, 11% free 2937K/3296K, paused 7ms+15ms, total 256ms
V/AlarmClock(  760): AlarmInitReceiver - Reset timers and clear stopwatch data
I/FusedLocation(  729): engine started (com.android.location.fused)
V/AlarmClock(  760): No next alarm
V/AlarmClock(  760): AlarmInitReceiver finished
D/PhoneStatusBar(  709): disable: < expand icons alerts ticker system_info BACK* HOME* RECENT* CLOCK* SEARCH* >
W/WindowManager(  317): ***** BOOT TIMEOUT: forcing display enabled
I/SurfaceFlinger(   37): Boot is finished (87277 ms)
I/ActivityManager(  317): Config changes=1400 {1.0 310mcc260mnc en_US ldltr sw320dp w320dp h508dp 240dpi nrml long port finger -keyb/v/h tball/v s.6}
I/PowerManagerService(  317): Boot animation finished.
I/Choreographer(  317): Skipped 32 frames!  The application may be doing too much work on its main thread.
D/dalvikvm(  464): GC_CONCURRENT freed 465K, 16% free 2881K/3404K, paused 11ms+6ms, total 79ms
D/dalvikvm(  317): GC_CONCURRENT freed 666K, 25% free 5798K/7688K, paused 7ms+7ms, total 452ms
D/dalvikvm(  317): WAIT_FOR_CONCURRENT_GC blocked 130ms
W/WindowManager(  317): App freeze timeout expired.
W/WindowManager(  317): Force clearing freeze: AppWindowToken{40f82010 token=Token{40f803c8 ActivityRecord{40f7ff90 u0 com.android.launcher/com.android.launcher2.Launcher}}}
D/ConnectivityService(  317): ConnectivityChange for mobile: CONNECTED/CONNECTED
E/BluetoothAdapter(  709): Bluetooth binder is null
D/SystemUIService(  709): loading: class com.android.systemui.power.PowerUI
D/SystemUIService(  709): running: com.android.systemui.power.PowerUI@40e4c360
D/SystemUIService(  709): loading: class com.android.systemui.media.RingtonePlayer
D/SystemUIService(  709): running: com.android.systemui.media.RingtonePlayer@40e4d140
I/Choreographer(  709): Skipped 2049 frames!  The application may be doing too much work on its main thread.
D/dalvikvm(  317): GC_CONCURRENT freed 447K, 20% free 6209K/7688K, paused 8ms+7ms, total 270ms
D/dalvikvm(  317): WAIT_FOR_CONCURRENT_GC blocked 70ms
D/dalvikvm(  317): WAIT_FOR_CONCURRENT_GC blocked 226ms
W/WindowManager(  317): Window freeze timeout expired.
W/WindowManager(  317): Force clearing orientation change: Window{40eb40e8 u0 Keyguard}
D/AndroidRuntime(  807): 
D/AndroidRuntime(  807): >>>>>> AndroidRuntime START com.android.internal.os.RuntimeInit <<<<<<
D/AndroidRuntime(  807): CheckJNI is ON
D/dalvikvm(  807): Trying to load lib libjavacore.so 0x0
D/dalvikvm(  807): Added shared lib libjavacore.so 0x0
D/dalvikvm(  807): Trying to load lib libnativehelper.so 0x0
D/dalvikvm(  807): Added shared lib libnativehelper.so 0x0
D/dalvikvm(  317): GC_CONCURRENT freed 491K, 14% free 6679K/7688K, paused 5ms+6ms, total 260ms
D/dalvikvm(  317): WAIT_FOR_CONCURRENT_GC blocked 167ms
E/SurfaceFlinger(   37): ro.sf.lcd_density must be defined as a build property
D/dalvikvm(  317): WAIT_FOR_CONCURRENT_GC blocked 181ms
D/dalvikvm(  317): WAIT_FOR_CONCURRENT_GC blocked 356ms
I/Choreographer(  317): Skipped 2116 frames!  The application may be doing too much work on its main thread.
D/AndroidRuntime(  807): Calling main entry com.android.commands.am.Am
D/dalvikvm(  807): Note: class Landroid/app/ActivityManagerNative; has 157 unimplemented (abstract) methods
D/dalvikvm(  818): Not late-enabling CheckJNI (already on)
I/ActivityManager(  317): Start proc it.unina.android.ripper_service:android_ripper_service_process for service it.unina.android.ripper_service/.AndroidRipperService: pid=818 uid=10049 gids={50049, 3003, 1028}
D/AndroidRuntime(  807): Shutting down VM
D/dalvikvm(  807): GC_CONCURRENT freed 91K, 16% free 490K/584K, paused 1ms+1ms, total 9ms
D/dalvikvm(  709): GC_CONCURRENT freed 254K, 8% free 3780K/4088K, paused 13ms+113ms, total 284ms
V/TAG     (  317): bug 7643792: fitSystemWindows([0,38][0,0])
D/Tethering(  317): MasterInitialState.processMessage what=3
E/Trace   (  818): error opening trace file: No such file or directory (2)
D/dalvikvm(  317): GC_EXPLICIT freed 184K, 14% free 6678K/7688K, paused 5ms+62ms, total 263ms
V/AndroidRipperService(  818): onCreate()
V/SERVER  (  818): Starting ServerSocket on PORT 8888
V/SERVER  (  818): Started ServerSocket on PORT 8888
I/Choreographer(  317): Skipped 265 frames!  The application may be doing too much work on its main thread.
E/SurfaceFlinger(   37): ro.sf.lcd_density must be defined as a build property
D/dalvikvm(  709): GC_FOR_ALLOC freed 81K, 8% free 3789K/4088K, paused 44ms, total 57ms
I/Choreographer(  317): Skipped 77 frames!  The application may be doing too much work on its main thread.
I/dalvikvm-heap(  709): Grow heap (frag case) to 9.866MB for 6410576-byte allocation
D/dalvikvm(  709): GC_CONCURRENT freed 3K, 3% free 10046K/10352K, paused 4ms+3ms, total 153ms
D/dalvikvm(  317): GC_FOR_ALLOC freed 1786K, 25% free 5774K/7688K, paused 264ms, total 279ms
I/dalvikvm-heap(  317): Grow heap (frag case) to 6.775MB for 1128976-byte allocation
I/FusedLocation(  729): engine started (com.android.location.fused)
D/AndroidRuntime(  842): 
D/AndroidRuntime(  842): >>>>>> AndroidRuntime START com.android.internal.os.RuntimeInit <<<<<<
D/AndroidRuntime(  842): CheckJNI is ON
D/dalvikvm(  842): Trying to load lib libjavacore.so 0x0
D/dalvikvm(  842): Added shared lib libjavacore.so 0x0
D/dalvikvm(  317): GC_FOR_ALLOC freed 5K, 22% free 6871K/8792K, paused 231ms, total 231ms
D/dalvikvm(  842): Trying to load lib libnativehelper.so 0x0
D/dalvikvm(  842): Added shared lib libnativehelper.so 0x0
I/Choreographer(  317): Skipped 295 frames!  The application may be doing too much work on its main thread.
D/dalvikvm(  317): GC_CONCURRENT freed 32K, 23% free 6848K/8792K, paused 25ms+82ms, total 677ms
I/Choreographer(  317): Skipped 91 frames!  The application may be doing too much work on its main thread.
I/Choreographer(  317): Skipped 37 frames!  The application may be doing too much work on its main thread.
V/SERVER  (  818): Ready to accept connections on port: 8888
I/Choreographer(  317): Skipped 31 frames!  The application may be doing too much work on its main thread.
D/AndroidRuntime(  842): Calling main entry com.android.commands.am.Am
D/dalvikvm(  842): Note: class Landroid/app/ActivityManagerNative; has 157 unimplemented (abstract) methods
I/ActivityManager(  317): Force stopping package es.senselesssolutions.gpl.weightchart appid=10048 user=0
D/dalvikvm(  854): Not late-enabling CheckJNI (already on)
I/ActivityManager(  317): Start proc es.senselesssolutions.gpl.weightchart for added application es.senselesssolutions.gpl.weightchart: pid=854 uid=10048 gids={50048, 1015, 1028}
I/dalvikvm(  854): Turning on JNI app bug workarounds for target SDK version 3...
D/dalvikvm(  709): GC_FOR_ALLOC freed <1K, 3% free 10046K/10352K, paused 60ms, total 60ms
I/dalvikvm-heap(  709): Grow heap (frag case) to 12.560MB for 2828816-byte allocation
E/Trace   (  854): error opening trace file: No such file or directory (2)
D/dalvikvm(  709): GC_CONCURRENT freed 0K, 3% free 12809K/13116K, paused 7ms+4ms, total 69ms
D/dalvikvm(  709): WAIT_FOR_CONCURRENT_GC blocked 54ms
D/gralloc_goldfish(  709): Emulator without GPU emulation detected.
I/Choreographer(  709): Skipped 1705 frames!  The application may be doing too much work on its main thread.
D/PolideaInstrumentationTestRunner(  854): Creating the Test Runner with arguments: [coverage, class]
D/PolideaInstrumentationTestRunner(  854): Test runner is running with the following parameters:
D/PolideaInstrumentationTestRunner(  854): junitOutputDirectory: /data/data/es.senselesssolutions.gpl.weightchart/files
D/PolideaInstrumentationTestRunner(  854): junitOutputFilePostfix: -TEST.xml
D/PolideaInstrumentationTestRunner(  854): junitNoPackagePrefix: NO_PACKAGE
D/PolideaInstrumentationTestRunner(  854): junitSplitLevel: package
D/PolideaInstrumentationTestRunner(  854): junitSingleFileName: ALL-TEST.xml
I/Choreographer(  709): Skipped 34 frames!  The application may be doing too much work on its main thread.
V/        (  818): ready
D/PolideaInstrumentationTestRunner(  854): Creating output directory if it does not exist
D/PolideaInstrumentationTestRunner(  854): Created directory? false
D/PolideaInstrumentationTestRunner(  854): Deleting old files
D/PolideaInstrumentationTestRunner(  854): Deleting: [/data/data/es.senselesssolutions.gpl.weightchart/files/it.unina.android.ripper-TEST.xml]
I/Choreographer(  317): Skipped 102 frames!  The application may be doing too much work on its main thread.
I/System.out(  854): EMMA: collecting runtime coverage data ...
D/dalvikvm(  854): GC_CONCURRENT freed 336K, 14% free 2547K/2944K, paused 14ms+14ms, total 77ms
D/PolideaInstrumentationTestRunner(  854): Getting android test runner
D/PolideaInstrumentationTestRunner(  854): JUnit test output enabled
W/dalvikvm(  854): method Landroid/test/InstrumentationTestRunner$StringResultPrinter;.print incorrectly overrides package-private method with same name in Ljunit/textui/ResultPrinter;
D/PolideaInstrumentationTestRunner(  854): Starting test: testApplication(it.unina.android.ripper.RipperTestCase)
I/TestRunner(  854): started: testApplication(it.unina.android.ripper.RipperTestCase)
V/AndroidRipperService(  818): onBind()
V/RipperService(  818): PING
V/AndroidRipperService(  818): mHandler.handleMessage() RECIVED
V/AndroidRipperService(  818): broadcast()
V/AndroidRipperService(  818): broadcast() done
V/        (  818): ready
V/AndroidRipperService(  818): register()
V/AndroidRipperService(  818): onBind()
I/ActivityManager(  317): START u0 {act=android.intent.action.MAIN flg=0x10000000 cmp=es.senselesssolutions.gpl.weightchart/.ChartActivity} from pid 854
E/SurfaceFlinger(   37): ro.sf.lcd_density must be defined as a build property
W/ActivityManager(  317): Activity pause timeout for ActivityRecord{40f7ff90 u0 com.android.launcher/com.android.launcher2.Launcher}
I/ActivityManager(  317): Start proc com.android.email for broadcast com.android.email/.service.EmailBroadcastReceiver: pid=874 uid=10019 gids={50019, 3003, 1015, 1028}
V/RipperService(  818): PING
V/AndroidRipperService(  818): mHandler.handleMessage() RECIVED
V/AndroidRipperService(  818): broadcast()
I/AndroidRipper(  854): Recived message: PING
V/RipperTestCase(  854): Not ready to operate!
V/AndroidRipperService(  818): broadcast() done
V/        (  818): ready
E/Trace   (  874): error opening trace file: No such file or directory (2)
D/dalvikvm(  854): GC_FOR_ALLOC freed 76K, 13% free 2609K/2972K, paused 44ms, total 61ms
I/dalvikvm-heap(  854): Grow heap (frag case) to 2.872MB for 281896-byte allocation
D/dalvikvm(  854): GC_FOR_ALLOC freed <1K, 12% free 2884K/3248K, paused 44ms, total 44ms
I/ActivityManager(  317): Start proc com.android.exchange for service com.android.exchange/.ExchangeService: pid=893 uid=10032 gids={50032, 3003, 1015, 1028}
I/ActivityManager(  317): Start proc com.android.providers.calendar for broadcast com.android.providers.calendar/.CalendarReceiver: pid=903 uid=10023 gids={50023, 3003, 1015, 1028}
E/Trace   (  893): error opening trace file: No such file or directory (2)
I/Choreographer(  854): Skipped 64 frames!  The application may be doing too much work on its main thread.
E/Trace   (  903): error opening trace file: No such file or directory (2)
V/RipperService(  818): PING
V/AndroidRipperService(  818): mHandler.handleMessage() RECIVED
V/AndroidRipperService(  818): broadcast()
I/AndroidRipper(  854): Recived message: PING
V/RipperTestCase(  854): Not ready to operate!
V/AndroidRipperService(  818): broadcast() done
V/        (  818): ready
E/SurfaceFlinger(   37): ro.sf.lcd_density must be defined as a build property
E/SurfaceFlinger(   37): ro.sf.lcd_density must be defined as a build property
I/Choreographer(  854): Skipped 224 frames!  The application may be doing too much work on its main thread.
D/gralloc_goldfish(  854): Emulator without GPU emulation detected.
D/dalvikvm(  317): GREF has increased to 501
I/ActivityManager(  317): Start proc com.android.mms for broadcast com.android.mms/.transaction.MmsSystemEventReceiver: pid=926 uid=10029 gids={50029, 3003, 1015, 1028}
I/ActivityManager(  317): Displayed es.senselesssolutions.gpl.weightchart/.ChartActivity: +3s913ms (total +58s810ms)
I/Choreographer(  317): Skipped 38 frames!  The application may be doing too much work on its main thread.
V/RipperService(  818): PING
V/AndroidRipperService(  818): mHandler.handleMessage() RECIVED
V/AndroidRipperService(  818): broadcast()
I/AndroidRipper(  854): Recived message: PING
V/RipperTestCase(  854): Not ready to operate!
V/AndroidRipperService(  818): broadcast() done
V/        (  818): ready
E/Trace   (  926): error opening trace file: No such file or directory (2)
D/CountryDetector(  317): The first listener is added
V/MmsConfig(  926): mnc/mcc: 310260
V/MmsConfig(  926): tag: bool value: enabledMMS - true
V/MmsConfig(  926): tag: int value: maxMessageSize - 307200
V/MmsConfig(  926): tag: int value: maxImageHeight - 480
V/MmsConfig(  926): tag: int value: maxImageWidth - 640
V/MmsConfig(  926): tag: int value: defaultSMSMessagesPerThread - 500
V/MmsConfig(  926): tag: int value: defaultMMSMessagesPerThread - 50
V/MmsConfig(  926): tag: int value: minMessageCountPerThread - 10
V/MmsConfig(  926): tag: int value: maxMessageCountPerThread - 5000
V/MmsConfig(  926): tag: string value: uaProfUrl - http://www.google.com/oha/rdf/ua-profile-kila.xml
V/MmsConfig(  926): tag: int value: recipientLimit - -1
V/MmsConfig(  926): tag: bool value: enableMultipartSMS - true
V/MmsConfig(  926): tag: int value: smsToMmsTextThreshold - -1
V/MmsConfig(  926): tag: bool value: enableSlideDuration - true
V/MmsConfig(  926): tag: int value: maxMessageTextSize - -1
W/dalvikvm(  874): threadid=5: spin on suspend #1 threadid=15 (pcf=0)
D/dalvikvm(  874): Temporarily moving tid 901 to fg (was 0)
I/dalvikvm(  317): Jit: resizing JitTable from 4096 to 8192
D/Mms:app (  926): cancelNotification
W/dalvikvm(  874): threadid=5: spin on suspend resolved in 2375 msec
D/dalvikvm(  874): Restored policy of 901 to 0
D/ExchangeService(  893): !!! EAS ExchangeService, onStartCommand, startingUp = false, running = false
D/ExchangeService(  893): !!! EAS ExchangeService, onCreate
I/ActivityManager(  317): Start proc com.android.settings for broadcast com.android.settings/.widget.SettingsAppWidgetProvider: pid=958 uid=1000 gids={41000, 1015, 1028, 3002, 3001, 3003}
D/ExchangeService(  893): !!! EAS ExchangeService, onStartCommand, startingUp = true, running = false
E/Trace   (  958): error opening trace file: No such file or directory (2)
E/BluetoothAdapter(  958): Bluetooth binder is null
D/MmsSmsDatabaseHelper(  464): [MmsSmsDb] tableName: threads hasAutoIncrement: CREATE TABLE threads (_id INTEGER PRIMARY KEY AUTOINCREMENT,date INTEGER DEFAULT 0,message_count INTEGER DEFAULT 0,recipient_ids TEXT,snippet TEXT,snippet_cs INTEGER DEFAULT 0,read INTEGER DEFAULT 1,type INTEGER DEFAULT 0,error INTEGER DEFAULT 0,has_attachment INTEGER DEFAULT 0) result: true
D/MediaScannerReceiver(  621): action: android.intent.action.MEDIA_MOUNTED path: /mnt/sdcard
E/BluetoothAdapter(  958): Bluetooth binder is null
E/BluetoothAdapter(  958): Bluetooth binder is null
I/AndroidRipper(  854): [RipperTestCase] Ready to operate after restarting...
D/Eas Debug(  893): Logging: 
I/AccountTypeManager(  609): Loaded meta-data for 1 account types, 0 accounts in 25244ms(wall) 46ms(cpu)
D/SystemClock(  317): Setting time of day to sec=1483706586
W/SystemClock(  317): Unable to set rtc to 1483706586: Invalid argument
V/RipperService(  818): PING
V/AndroidRipperService(  818): mHandler.handleMessage() RECIVED
V/AndroidRipperService(  818): broadcast()
I/AndroidRipper(  854): Recived message: PING
V/AndroidRipperService(  818): send()
I/System.out(  818): {"type":"PONG","index":"6"}
V/AndroidRipperService(  818): broadcast() done
V/        (  818): ready
I/ActivityManager(  317): Start proc com.android.calendar for broadcast com.android.calendar/.widget.CalendarAppWidgetService$CalendarFactory: pid=976 uid=10004 gids={50004, 3003, 1028}
V/RipperService(  818): END
V/AndroidRipperService(  818): mHandler.handleMessage() RECIVED
V/AndroidRipperService(  818): broadcast()
I/AndroidRipper(  854): Recived message: END
V/AndroidRipperService(  818): broadcast() done
V/        (  818): ready
V/SERVER  (  818): ServerSocket on PORT 8888: offline
V/AndroidRipperService(  818): mHandler.handleMessage() DISCONNECTED
V/SERVER  (  818): Ready to accept connections on port: 8888
E/Trace   (  976): error opening trace file: No such file or directory (2)
D/dalvikvm(  621): GC_CONCURRENT freed 225K, 10% free 2553K/2836K, paused 53ms+182ms, total 609ms
V/AlarmClock(  760): No next alarm
V/AlarmClock(  760): AlarmInitReceiver finished
D/MmsSmsDatabaseHelper(  464): [MmsSmsDb] tableName: canonical_addresses hasAutoIncrement: CREATE TABLE canonical_addresses (_id INTEGER PRIMARY KEY AUTOINCREMENT,address TEXT) result: true
V/AndroidRipperService(  818): unregister()
D/PermissionCache(   37): checking android.permission.READ_FRAME_BUFFER for uid=1000 => granted (1094 us)
W/WindowManager(  317): Failure taking screenshot for (246x410) to layer 21005
V/AndroidRipperService(  818): unregister()
W/ActivityManager(  317): Duplicate finish request for ActivityRecord{40e74c80 u0 es.senselesssolutions.gpl.weightchart/.ChartActivity}
D/dalvikvm(  854): GC_EXPLICIT freed 58K, 5% free 3147K/3312K, paused 15ms+11ms, total 88ms
D/dalvikvm(  854): GC_EXPLICIT freed 9K, 6% free 3138K/3312K, paused 3ms+6ms, total 65ms
D/PolideaInstrumentationTestRunner(  854): Finished test: testApplication(it.unina.android.ripper.RipperTestCase)
I/TestRunner(  854): finished: testApplication(it.unina.android.ripper.RipperTestCase)
I/TestRunner(  854): passed: testApplication(it.unina.android.ripper.RipperTestCase)
I/System.out(  854): EMMA: runtime coverage data written to [/data/data/es.senselesssolutions.gpl.weightchart/files/coverage.ec] {in 39 ms}
D/PolideaInstrumentationTestRunner(  854): Post processing
D/PolideaInstrumentationTestRunner(  854): Packages: 1
D/PolideaInstrumentationTestRunner(  854): Processing package package it.unina.android.ripper
D/PolideaInstrumentationTestRunner(  854): Writing to file /data/data/es.senselesssolutions.gpl.weightchart/files/it.unina.android.ripper-TEST.xml
D/PolideaInstrumentationTestRunner(  854): closing file
D/AndroidRuntime(  842): Shutting down VM
D/dalvikvm(  842): GC_CONCURRENT freed 95K, 18% free 462K/560K, paused 1ms+2ms, total 9ms
I/ActivityManager(  317): Force stopping package es.senselesssolutions.gpl.weightchart appid=10048 user=0
I/ActivityManager(  317): Killing proc 854:es.senselesssolutions.gpl.weightchart/u0a10048: force stop es.senselesssolutions.gpl.weightchart
I/WindowState(  317): WIN DEATH: Window{40efef78 u0 es.senselesssolutions.gpl.weightchart/es.senselesssolutions.gpl.weightchart.ChartActivity EXITING}
I/WindowState(  317): WIN DEATH: Window{410630c0 u0 es.senselesssolutions.gpl.weightchart/es.senselesssolutions.gpl.weightchart.ChartActivity EXITING}
D/MmsSmsDatabaseHelper(  464): [MmsSmsDb] tableName: part hasAutoIncrement: CREATE TABLE part (_id INTEGER PRIMARY KEY AUTOINCREMENT,mid INTEGER,seq INTEGER DEFAULT 0,ct TEXT,name TEXT,chset INTEGER,cd TEXT,fn TEXT,cid TEXT,cl TEXT,ctt_s INTEGER,ctt_t TEXT,_data TEXT,text TEXT) result: true
D/ExchangeService(  893): !!! EAS ExchangeService, onStartCommand, startingUp = true, running = false
D/Eas Debug(  893): Logging: 
D/MmsSmsDatabaseHelper(  464): [MmsSmsDb] tableName: pdu hasAutoIncrement: CREATE TABLE pdu (_id INTEGER PRIMARY KEY AUTOINCREMENT,thread_id INTEGER,date INTEGER,date_sent INTEGER DEFAULT 0,msg_box INTEGER,read INTEGER DEFAULT 0,m_id TEXT,sub TEXT,sub_cs INTEGER,ct_t TEXT,ct_l TEXT,exp INTEGER,m_cls TEXT,m_type INTEGER,v INTEGER,m_size INTEGER,pri INTEGER,rr INTEGER,rpt_a INTEGER,resp_st INTEGER,st INTEGER,tr_id TEXT,retr_st INTEGER,retr_txt TEXT,retr_txt_cs INTEGER,read_status INTEGER,ct_cls INTEGER,resp_txt TEXT,d_tm INTEGER,d_rpt INTEGER,locked INTEGER DEFAULT 0,seen INTEGER DEFAULT 0,text_only INTEGER DEFAULT 0) result: true
D/MmsSmsDatabaseHelper(  464): [getWritableDatabase] hasAutoIncrementThreads: true hasAutoIncrementAddresses: true hasAutoIncrementPart: true hasAutoIncrementPdu: true
D/dalvikvm(   38): GC_EXPLICIT freed 47K, 27% free 2321K/3156K, paused 2ms+2ms, total 29ms
W/Resources(   38): Preloaded drawable resource #0x10800b5 (android:drawable/ab_solid_dark_holo) that varies with configuration!!
W/Resources(   38): Preloaded drawable resource #0x10800b8 (android:drawable/ab_stacked_solid_dark_holo) that varies with configuration!!
W/Resources(   38): Preloaded drawable resource #0x108009e (android:drawable/ab_bottom_solid_dark_holo) that varies with configuration!!
W/Resources(   38): Preloaded drawable resource #0x10800be (android:drawable/ab_transparent_light_holo) that varies with configuration!!
W/Resources(   38): Preloaded drawable resource #0x10800bc (android:drawable/ab_stacked_transparent_light_holo) that varies with configuration!!
W/Resources(   38): Preloaded drawable resource #0x10800a2 (android:drawable/ab_bottom_transparent_light_holo) that varies with configuration!!
W/Resources(   38): Preloaded drawable resource #0x10800b6 (android:drawable/ab_solid_light_holo) that varies with configuration!!
W/Resources(   38): Preloaded drawable resource #0x10800ba (android:drawable/ab_stacked_solid_light_holo) that varies with configuration!!
D/dalvikvm(   38): GC_EXPLICIT freed 54K, 27% free 2322K/3156K, paused 11ms+3ms, total 40ms
W/Resources(   38): Preloaded drawable resource #0x10800a0 (android:drawable/ab_bottom_solid_light_holo) that varies with configuration!!
W/Resources(   38): Preloaded drawable resource #0x10800b7 (android:drawable/ab_solid_shadow_holo) that varies with configuration!!
W/Resources(   38): Preloaded drawable resource #0x10803f0 (android:drawable/list_selector_disabled_holo_dark) that varies with configuration!!
W/Resources(   38): Preloaded drawable resource #0x10803f0 (android:drawable/list_selector_disabled_holo_dark) that varies with configuration!!
W/Resources(   38): Preloaded drawable resource #0x10803d1 (android:drawable/list_pressed_holo_dark) that varies with configuration!!
W/Resources(   38): Preloaded drawable resource #0x10803d0 (android:drawable/list_longpressed_holo) that varies with configuration!!
W/Resources(   38): Preloaded drawable resource #0x10803d0 (android:drawable/list_longpressed_holo) that varies with configuration!!
W/Resources(   38): Preloaded drawable resource #0x10803d1 (android:drawable/list_pressed_holo_dark) that varies with configuration!!
W/Resources(   38): Preloaded drawable resource #0x10803d0 (android:drawable/list_longpressed_holo) that varies with configuration!!
W/Resources(   38): Preloaded drawable resource #0x10803d0 (android:drawable/list_longpressed_holo) that varies with configuration!!
W/Resources(   38): Preloaded drawable resource #0x10803cc (android:drawable/list_focused_holo) that varies with configuration!!
W/Resources(   38): Preloaded drawable resource #0x10803f1 (android:drawable/list_selector_disabled_holo_light) that varies with configuration!!
W/Resources(   38): Preloaded drawable resource #0x10803f1 (android:drawable/list_selector_disabled_holo_light) that varies with configuration!!
W/Resources(   38): Preloaded drawable resource #0x10803d2 (android:drawable/list_pressed_holo_light) that varies with configuration!!
W/Resources(   38): Preloaded drawable resource #0x10803d0 (android:drawable/list_longpressed_holo) that varies with configuration!!
W/Resources(   38): Preloaded drawable resource #0x10803d0 (android:drawable/list_longpressed_holo) that varies with configuration!!
W/Resources(   38): Preloaded drawable resource #0x10803d2 (android:drawable/list_pressed_holo_light) that varies with configuration!!
W/Resources(   38): Preloaded drawable resource #0x10803d0 (android:drawable/list_longpressed_holo) that varies with configuration!!
W/Resources(   38): Preloaded drawable resource #0x10803d0 (android:drawable/list_longpressed_holo) that varies with configuration!!
