E/Trace   (  751): error opening trace file: No such file or directory (2)
D/dalvikvm(  297): GC_CONCURRENT freed 706K, 11% free 6766K/7536K, paused 89ms+12ms, total 222ms
D/dalvikvm(  297): WAIT_FOR_CONCURRENT_GC blocked 12ms
D/dalvikvm(  297): WAIT_FOR_CONCURRENT_GC blocked 136ms
D/dalvikvm(  297): WAIT_FOR_CONCURRENT_GC blocked 113ms
D/dalvikvm(  297): WAIT_FOR_CONCURRENT_GC blocked 121ms
D/dalvikvm(  297): WAIT_FOR_CONCURRENT_GC blocked 68ms
D/dalvikvm(  297): WAIT_FOR_CONCURRENT_GC blocked 71ms
D/dalvikvm(  297): WAIT_FOR_CONCURRENT_GC blocked 74ms
I/ActivityManager(  297): Start proc com.android.deskclock for broadcast com.android.deskclock/.AlarmInitReceiver: pid=771 uid=10006 gids={50006, 1028}
D/dalvikvm(  297): WAIT_FOR_CONCURRENT_GC blocked 263ms
D/dalvikvm(  297): WAIT_FOR_CONCURRENT_GC blocked 353ms
I/Choreographer(  297): Skipped 2157 frames!  The application may be doing too much work on its main thread.
E/BluetoothAdapter(  724): Bluetooth binder is null
E/BluetoothAdapter(  724): Bluetooth binder is null
D/AndroidRuntime(  783): 
D/AndroidRuntime(  783): >>>>>> AndroidRuntime START com.android.internal.os.RuntimeInit <<<<<<
D/AndroidRuntime(  783): CheckJNI is ON
D/dalvikvm(  783): Trying to load lib libjavacore.so 0x0
D/dalvikvm(  783): Added shared lib libjavacore.so 0x0
D/dalvikvm(  783): Trying to load lib libnativehelper.so 0x0
D/dalvikvm(  783): Added shared lib libnativehelper.so 0x0
V/AndroidRipperService(  751): onCreate()
V/TAG     (  297): bug 7643792: fitSystemWindows([0,0][0,0])
D/dalvikvm(  297): GC_EXPLICIT freed 217K, 12% free 6667K/7536K, paused 68ms+224ms, total 881ms
E/BluetoothAdapter(  724): Bluetooth binder is null
V/SERVER  (  751): Starting ServerSocket on PORT 8888
V/SERVER  (  751): Started ServerSocket on PORT 8888
V/SERVER  (  751): Ready to accept connections on port: 8888
I/Choreographer(  297): Skipped 146 frames!  The application may be doing too much work on its main thread.
D/AndroidRuntime(  783): Calling main entry com.android.commands.am.Am
D/dalvikvm(  783): Note: class Landroid/app/ActivityManagerNative; has 157 unimplemented (abstract) methods
I/ActivityManager(  297): Force stopping package de.freewarepoint.whohasmystuff appid=10050 user=0
D/dalvikvm(  805): Not late-enabling CheckJNI (already on)
I/ActivityManager(  297): Start proc de.freewarepoint.whohasmystuff for added application de.freewarepoint.whohasmystuff: pid=805 uid=10050 gids={50050, 1015, 1028}
E/Trace   (  771): error opening trace file: No such file or directory (2)
D/dalvikvm(  297): GC_FOR_ALLOC freed 117K, 12% free 6633K/7536K, paused 157ms, total 170ms
I/dalvikvm-heap(  297): Grow heap (frag case) to 7.615MB for 1128976-byte allocation
D/dalvikvm(  297): GC_FOR_ALLOC freed 885K, 21% free 6851K/8640K, paused 66ms, total 66ms
E/Trace   (  805): error opening trace file: No such file or directory (2)
D/dalvikvm(  724): GC_CONCURRENT freed 61K, 4% free 3634K/3756K, paused 4ms+3ms, total 235ms
D/dalvikvm(  447): GC_CONCURRENT freed 512K, 17% free 2892K/3460K, paused 4ms+3ms, total 321ms
I/Choreographer(  297): Skipped 301 frames!  The application may be doing too much work on its main thread.
D/dalvikvm(  297): GC_CONCURRENT freed 59K, 20% free 6974K/8640K, paused 61ms+95ms, total 836ms
I/Choreographer(  297): Skipped 35 frames!  The application may be doing too much work on its main thread.
E/BluetoothAdapter(  724): Bluetooth binder is null
I/Choreographer(  297): Skipped 277 frames!  The application may be doing too much work on its main thread.
V/AlarmClock(  771): No next alarm
D/PhoneStatusBar(  724): disable: < expand icons alerts ticker system_info BACK* HOME* RECENT* CLOCK* SEARCH* >
V/AlarmClock(  771): AlarmInitReceiver - Reset timers and clear stopwatch data
D/PolideaInstrumentationTestRunner(  805): Creating the Test Runner with arguments: [coverage, class]
D/PolideaInstrumentationTestRunner(  805): Test runner is running with the following parameters:
D/PolideaInstrumentationTestRunner(  805): junitOutputDirectory: /data/data/de.freewarepoint.whohasmystuff/files
D/PolideaInstrumentationTestRunner(  805): junitOutputFilePostfix: -TEST.xml
D/PolideaInstrumentationTestRunner(  805): junitNoPackagePrefix: NO_PACKAGE
D/PolideaInstrumentationTestRunner(  805): junitSplitLevel: package
D/PolideaInstrumentationTestRunner(  805): junitSingleFileName: ALL-TEST.xml
D/PolideaInstrumentationTestRunner(  805): Creating output directory if it does not exist
D/PolideaInstrumentationTestRunner(  805): Created directory? false
D/PolideaInstrumentationTestRunner(  805): Deleting old files
D/PolideaInstrumentationTestRunner(  805): Deleting: [/data/data/de.freewarepoint.whohasmystuff/files/it.unina.android.ripper-TEST.xml]
D/ConnectivityService(  297): ConnectivityChange for mobile: CONNECTED/CONNECTED
V/AlarmClock(  771): No next alarm
V/AlarmClock(  771): AlarmInitReceiver finished
I/FusedLocation(  694): engine started (com.android.location.fused)
D/dalvikvm(  297): GC_CONCURRENT freed 2020K, 30% free 6106K/8640K, paused 5ms+17ms, total 298ms
D/dalvikvm(  297): WAIT_FOR_CONCURRENT_GC blocked 22ms
D/dalvikvm(  297): WAIT_FOR_CONCURRENT_GC blocked 99ms
D/dalvikvm(  297): WAIT_FOR_CONCURRENT_GC blocked 87ms
E/BluetoothAdapter(  724): Bluetooth binder is null
D/dalvikvm(  297): WAIT_FOR_CONCURRENT_GC blocked 228ms
D/SystemUIService(  724): loading: class com.android.systemui.power.PowerUI
D/SystemUIService(  724): running: com.android.systemui.power.PowerUI@40e4af20
D/SystemUIService(  724): loading: class com.android.systemui.media.RingtonePlayer
D/SystemUIService(  724): running: com.android.systemui.media.RingtonePlayer@40e4bd00
I/Choreographer(  724): Skipped 1579 frames!  The application may be doing too much work on its main thread.
D/dalvikvm(  805): GC_CONCURRENT freed 247K, 11% free 2588K/2896K, paused 5ms+40ms, total 133ms
I/Choreographer(  297): Skipped 580 frames!  The application may be doing too much work on its main thread.
I/System.out(  805): EMMA: collecting runtime coverage data ...
E/SurfaceFlinger(   37): ro.sf.lcd_density must be defined as a build property
V/TAG     (  297): bug 7643792: fitSystemWindows([0,38][0,0])
D/PolideaInstrumentationTestRunner(  805): Getting android test runner
D/PolideaInstrumentationTestRunner(  805): JUnit test output enabled
I/Choreographer(  297): Skipped 31 frames!  The application may be doing too much work on its main thread.
W/dalvikvm(  805): method Landroid/test/InstrumentationTestRunner$StringResultPrinter;.print incorrectly overrides package-private method with same name in Ljunit/textui/ResultPrinter;
D/PolideaInstrumentationTestRunner(  805): Starting test: testApplication(it.unina.android.ripper.RipperTestCase)
I/TestRunner(  805): started: testApplication(it.unina.android.ripper.RipperTestCase)
V/AndroidRipperService(  751): onBind()
V/AndroidRipperService(  751): register()
V/        (  751): ready
I/ActivityManager(  297): START u0 {act=android.intent.action.MAIN flg=0x10000000 cmp=de.freewarepoint.whohasmystuff/.ListLentObjects} from pid 805
V/AndroidRipperService(  751): onBind()
D/dalvikvm(  724): GC_CONCURRENT freed 252K, 8% free 3788K/4100K, paused 5ms+183ms, total 244ms
V/RipperService(  751): PING
V/AndroidRipperService(  751): mHandler.handleMessage() RECIVED
V/AndroidRipperService(  751): broadcast()
I/AndroidRipper(  805): Recived message: PING
V/RipperTestCase(  805): Not ready to operate!
V/AndroidRipperService(  751): broadcast() done
V/        (  751): ready
V/RipperService(  751): PING
V/AndroidRipperService(  751): mHandler.handleMessage() RECIVED
V/AndroidRipperService(  751): broadcast()
I/AndroidRipper(  805): Recived message: PING
V/RipperTestCase(  805): Not ready to operate!
V/AndroidRipperService(  751): broadcast() done
V/        (  751): ready
D/dalvikvm(  297): GC_FOR_ALLOC freed 732K, 29% free 6170K/8640K, paused 106ms, total 115ms
I/dalvikvm-heap(  297): Grow heap (frag case) to 7.162MB for 1128976-byte allocation
D/dalvikvm(  297): GC_FOR_ALLOC freed 407K, 21% free 6865K/8640K, paused 58ms, total 58ms
V/RipperService(  751): PING
V/AndroidRipperService(  751): mHandler.handleMessage() RECIVED
V/AndroidRipperService(  751): broadcast()
I/AndroidRipper(  805): Recived message: PING
V/RipperTestCase(  805): Not ready to operate!
V/AndroidRipperService(  751): broadcast() done
V/        (  751): ready
W/ActivityManager(  297): Activity pause timeout for ActivityRecord{40f43b38 u0 com.android.launcher/com.android.launcher2.Launcher}
I/Choreographer(  297): Skipped 210 frames!  The application may be doing too much work on its main thread.
E/SurfaceFlinger(   37): ro.sf.lcd_density must be defined as a build property
D/dalvikvm(  297): GC_CONCURRENT freed 32K, 21% free 6908K/8640K, paused 64ms+132ms, total 631ms
E/SurfaceFlinger(   37): ro.sf.lcd_density must be defined as a build property
I/Choreographer(  297): Skipped 49 frames!  The application may be doing too much work on its main thread.
D/Tethering(  297): MasterInitialState.processMessage what=3
I/Choreographer(  297): Skipped 30 frames!  The application may be doing too much work on its main thread.
I/Choreographer(  297): Skipped 149 frames!  The application may be doing too much work on its main thread.
D/dalvikvm(  724): GC_FOR_ALLOC freed 66K, 8% free 3784K/4100K, paused 323ms, total 381ms
D/dalvikvm(  805): GC_FOR_ALLOC freed 136K, 10% free 2683K/2976K, paused 238ms, total 302ms
I/dalvikvm-heap(  805): Grow heap (frag case) to 3.281MB for 635812-byte allocation
I/dalvikvm-heap(  724): Grow heap (frag case) to 9.864MB for 6410576-byte allocation
D/dalvikvm(  805): GC_FOR_ALLOC freed <1K, 9% free 3303K/3600K, paused 120ms, total 120ms
D/dalvikvm(  724): GC_FOR_ALLOC freed 1K, 4% free 10043K/10364K, paused 179ms, total 179ms
D/dalvikvm(  805): GC_CONCURRENT freed 1K, 8% free 3314K/3600K, paused 3ms+59ms, total 210ms
V/RipperService(  751): PING
V/AndroidRipperService(  751): mHandler.handleMessage() RECIVED
V/AndroidRipperService(  751): broadcast()
I/AndroidRipper(  805): Recived message: PING
V/RipperTestCase(  805): Not ready to operate!
V/AndroidRipperService(  751): broadcast() done
V/        (  751): ready
D/dalvikvm(  724): GC_CONCURRENT freed <1K, 4% free 10043K/10364K, paused 4ms+107ms, total 235ms
E/SurfaceFlinger(   37): ro.sf.lcd_density must be defined as a build property
I/Choreographer(  805): Skipped 129 frames!  The application may be doing too much work on its main thread.
D/gralloc_goldfish(  805): Emulator without GPU emulation detected.
D/dalvikvm(  724): GC_FOR_ALLOC freed <1K, 4% free 10043K/10364K, paused 55ms, total 55ms
I/dalvikvm-heap(  724): Grow heap (frag case) to 12.560MB for 2828816-byte allocation
D/dalvikvm(  724): GC_CONCURRENT freed 0K, 3% free 12805K/13128K, paused 4ms+3ms, total 33ms
D/dalvikvm(  724): WAIT_FOR_CONCURRENT_GC blocked 30ms
D/gralloc_goldfish(  724): Emulator without GPU emulation detected.
D/dalvikvm(  724): WAIT_FOR_CONCURRENT_GC blocked 23ms
I/ActivityManager(  297): Displayed de.freewarepoint.whohasmystuff/.ListLentObjects: +3s798ms (total +59s264ms)
V/RipperService(  751): PING
V/AndroidRipperService(  751): mHandler.handleMessage() RECIVED
V/AndroidRipperService(  751): broadcast()
I/AndroidRipper(  805): Recived message: PING
V/RipperTestCase(  805): Not ready to operate!
V/AndroidRipperService(  751): broadcast() done
V/        (  751): ready
I/Choreographer(  724): Skipped 1418 frames!  The application may be doing too much work on its main thread.
I/Choreographer(  297): Skipped 32 frames!  The application may be doing too much work on its main thread.
I/Choreographer(  297): Skipped 39 frames!  The application may be doing too much work on its main thread.
I/Choreographer(  297): Skipped 30 frames!  The application may be doing too much work on its main thread.
I/Choreographer(  724): Skipped 150 frames!  The application may be doing too much work on its main thread.
I/Choreographer(  297): Skipped 46 frames!  The application may be doing too much work on its main thread.
I/ActivityManager(  297): Start proc com.android.email for broadcast com.android.email/.service.EmailBroadcastReceiver: pid=835 uid=10019 gids={50019, 3003, 1015, 1028}
E/Trace   (  835): error opening trace file: No such file or directory (2)
I/ActivityManager(  297): Start proc com.android.exchange for service com.android.exchange/.ExchangeService: pid=852 uid=10032 gids={50032, 3003, 1015, 1028}
I/ActivityManager(  297): Start proc com.android.providers.calendar for broadcast com.android.providers.calendar/.CalendarReceiver: pid=864 uid=10023 gids={50023, 3003, 1015, 1028}
E/Trace   (  852): error opening trace file: No such file or directory (2)
V/RipperService(  751): PING
V/AndroidRipperService(  751): mHandler.handleMessage() RECIVED
V/AndroidRipperService(  751): broadcast()
I/AndroidRipper(  805): Recived message: PING
V/RipperTestCase(  805): Not ready to operate!
V/AndroidRipperService(  751): broadcast() done
V/        (  751): ready
D/dalvikvm(  297): GREF has increased to 501
E/Trace   (  864): error opening trace file: No such file or directory (2)
I/ActivityManager(  297): Start proc com.android.mms for broadcast com.android.mms/.transaction.MmsSystemEventReceiver: pid=883 uid=10029 gids={50029, 3003, 1015, 1028}
E/Trace   (  883): error opening trace file: No such file or directory (2)
D/ExchangeService(  852): !!! EAS ExchangeService, onCreate
D/CountryDetector(  297): The first listener is added
V/MmsConfig(  883): mnc/mcc: 310260
V/MmsConfig(  883): tag: bool value: enabledMMS - true
V/MmsConfig(  883): tag: int value: maxMessageSize - 307200
V/MmsConfig(  883): tag: int value: maxImageHeight - 480
V/MmsConfig(  883): tag: int value: maxImageWidth - 640
V/MmsConfig(  883): tag: int value: defaultSMSMessagesPerThread - 500
V/MmsConfig(  883): tag: int value: defaultMMSMessagesPerThread - 50
V/MmsConfig(  883): tag: int value: minMessageCountPerThread - 10
V/MmsConfig(  883): tag: int value: maxMessageCountPerThread - 5000
V/MmsConfig(  883): tag: string value: uaProfUrl - http://www.google.com/oha/rdf/ua-profile-kila.xml
V/MmsConfig(  883): tag: int value: recipientLimit - -1
V/MmsConfig(  883): tag: bool value: enableMultipartSMS - true
V/MmsConfig(  883): tag: int value: smsToMmsTextThreshold - -1
V/MmsConfig(  883): tag: bool value: enableSlideDuration - true
V/MmsConfig(  883): tag: int value: maxMessageTextSize - -1
I/AndroidRipper(  805): [RipperTestCase] Ready to operate after restarting...
D/ExchangeService(  852): !!! EAS ExchangeService, onStartCommand, startingUp = false, running = false
I/ActivityManager(  297): Start proc com.android.settings for broadcast com.android.settings/.widget.SettingsAppWidgetProvider: pid=913 uid=1000 gids={41000, 1015, 1028, 3002, 3001, 3003}
E/Trace   (  913): error opening trace file: No such file or directory (2)
E/BluetoothAdapter(  913): Bluetooth binder is null
I/dalvikvm(  297): Jit: resizing JitTable from 4096 to 8192
D/MediaScannerReceiver(  528): action: android.intent.action.MEDIA_MOUNTED path: /mnt/sdcard
E/BluetoothAdapter(  913): Bluetooth binder is null
E/BluetoothAdapter(  913): Bluetooth binder is null
D/Eas Debug(  852): Logging: 
D/ExchangeService(  852): !!! EAS ExchangeService, onStartCommand, startingUp = true, running = false
D/Mms:app (  883): cancelNotification
V/RipperService(  751): PING
V/AndroidRipperService(  751): mHandler.handleMessage() RECIVED
V/AndroidRipperService(  751): broadcast()
I/AndroidRipper(  805): Recived message: PING
V/AndroidRipperService(  751): send()
I/System.out(  751): {"type":"PONG","index":"8"}
V/AndroidRipperService(  751): broadcast() done
V/        (  751): ready
D/SystemClock(  297): Setting time of day to sec=1483694514
W/SystemClock(  297): Unable to set rtc to 1483694514: Invalid argument
I/ActivityManager(  297): Start proc com.android.calendar for broadcast com.android.calendar/.widget.CalendarAppWidgetService$CalendarFactory: pid=933 uid=10004 gids={50004, 3003, 1028}
V/RipperService(  751): END
V/AndroidRipperService(  751): mHandler.handleMessage() RECIVED
V/AndroidRipperService(  751): broadcast()
I/AndroidRipper(  805): Recived message: END
V/AndroidRipperService(  751): broadcast() done
V/        (  751): ready
V/SERVER  (  751): ServerSocket on PORT 8888: offline
V/AndroidRipperService(  751): mHandler.handleMessage() DISCONNECTED
V/SERVER  (  751): Ready to accept connections on port: 8888
E/Trace   (  933): error opening trace file: No such file or directory (2)
V/AlarmClock(  771): No next alarm
V/AlarmClock(  771): AlarmInitReceiver finished
V/AndroidRipperService(  751): unregister()
D/PermissionCache(   37): checking android.permission.READ_FRAME_BUFFER for uid=1000 => granted (958 us)
W/WindowManager(  297): Failure taking screenshot for (246x410) to layer 21000
V/AndroidRipperService(  751): unregister()
W/ActivityManager(  297): Duplicate finish request for ActivityRecord{41019cd0 u0 de.freewarepoint.whohasmystuff/.ListLentObjects}
D/dalvikvm(  805): GC_EXPLICIT freed 53K, 7% free 3368K/3592K, paused 3ms+8ms, total 74ms
D/dalvikvm(  805): GC_EXPLICIT freed 6K, 7% free 3363K/3592K, paused 4ms+9ms, total 63ms
D/PolideaInstrumentationTestRunner(  805): Finished test: testApplication(it.unina.android.ripper.RipperTestCase)
I/TestRunner(  805): finished: testApplication(it.unina.android.ripper.RipperTestCase)
I/TestRunner(  805): passed: testApplication(it.unina.android.ripper.RipperTestCase)
I/System.out(  805): EMMA: runtime coverage data written to [/data/data/de.freewarepoint.whohasmystuff/files/coverage.ec] {in 75 ms}
D/PolideaInstrumentationTestRunner(  805): Post processing
D/PolideaInstrumentationTestRunner(  805): Packages: 1
D/PolideaInstrumentationTestRunner(  805): Processing package package it.unina.android.ripper
D/PolideaInstrumentationTestRunner(  805): Writing to file /data/data/de.freewarepoint.whohasmystuff/files/it.unina.android.ripper-TEST.xml
D/PolideaInstrumentationTestRunner(  805): closing file
D/AndroidRuntime(  783): Shutting down VM
D/dalvikvm(  783): GC_CONCURRENT freed 95K, 18% free 462K/560K, paused 0ms+1ms, total 10ms
I/ActivityManager(  297): Force stopping package de.freewarepoint.whohasmystuff appid=10050 user=0
I/ActivityManager(  297): Killing proc 805:de.freewarepoint.whohasmystuff/u0a10050: force stop de.freewarepoint.whohasmystuff
W/InputDispatcher(  297): channel '40f46428 de.freewarepoint.whohasmystuff/de.freewarepoint.whohasmystuff.ListLentObjects (server)' ~ Consumer closed input channel or an error occurred.  events=0x9
E/InputDispatcher(  297): channel '40f46428 de.freewarepoint.whohasmystuff/de.freewarepoint.whohasmystuff.ListLentObjects (server)' ~ Channel is unrecoverably broken and will be disposed!
I/WindowState(  297): WIN DEATH: Window{40f46428 u0 de.freewarepoint.whohasmystuff/de.freewarepoint.whohasmystuff.ListLentObjects}
W/InputDispatcher(  297): Attempted to unregister already unregistered input channel '40f46428 de.freewarepoint.whohasmystuff/de.freewarepoint.whohasmystuff.ListLentObjects (server)'
D/ExchangeService(  852): Received deviceId from Email app: androidc259148960
D/ExchangeService(  852): Reconciling accounts...
D/ExchangeService(  852): !!! EAS ExchangeService, onStartCommand, startingUp = true, running = false
D/Eas Debug(  852): Logging: 
W/Resources(   38): Preloaded drawable resource #0x10805f5 (android:drawable/textfield_search_right_selected_holo_dark) that varies with configuration!!
W/Resources(   38): Preloaded drawable resource #0x10805f3 (android:drawable/textfield_search_right_default_holo_dark) that varies with configuration!!
W/Resources(   38): Preloaded drawable resource #0x10805f9 (android:drawable/textfield_search_selected_holo_light) that varies with configuration!!
W/Resources(   38): Preloaded drawable resource #0x10805ed (android:drawable/textfield_search_default_holo_light) that varies with configuration!!
W/Resources(   38): Preloaded drawable resource #0x10805f6 (android:drawable/textfield_search_right_selected_holo_light) that varies with configuration!!
W/Resources(   38): Preloaded drawable resource #0x10805f4 (android:drawable/textfield_search_right_default_holo_light) that varies with configuration!!
D/dalvikvm(   38): GC_EXPLICIT freed 47K, 26% free 2364K/3156K, paused 3ms+3ms, total 45ms
W/Resources(   38): Preloaded drawable resource #0x10805c1 (android:drawable/tab_unselected_holo) that varies with configuration!!
W/Resources(   38): Preloaded drawable resource #0x10805bc (android:drawable/tab_selected_holo) that varies with configuration!!
W/Resources(   38): Preloaded drawable resource #0x10805c0 (android:drawable/tab_unselected_focused_holo) that varies with configuration!!
W/Resources(   38): Preloaded drawable resource #0x10805bb (android:drawable/tab_selected_focused_holo) that varies with configuration!!
W/Resources(   38): Preloaded drawable resource #0x10805c2 (android:drawable/tab_unselected_pressed_holo) that varies with configuration!!
W/Resources(   38): Preloaded drawable resource #0x10805bd (android:drawable/tab_selected_pressed_holo) that varies with configuration!!
W/Resources(   38): Preloaded drawable resource #0x10805c2 (android:drawable/tab_unselected_pressed_holo) that varies with configuration!!
W/Resources(   38): Preloaded drawable resource #0x10805bd (android:drawable/tab_selected_pressed_holo) that varies with configuration!!
W/Resources(   38): Preloaded drawable resource #0x10805bd (android:drawable/tab_selected_pressed_holo) that varies with configuration!!
W/Resources(   38): Preloaded drawable resource #0x10805c1 (android:drawable/tab_unselected_holo) that varies with configuration!!
W/Resources(   38): Preloaded drawable resource #0x10805bc (android:drawable/tab_selected_holo) that varies with configuration!!
W/Resources(   38): Preloaded drawable resource #0x10805c0 (android:drawable/tab_unselected_focused_holo) that varies with configuration!!
W/Resources(   38): Preloaded drawable resource #0x10805bb (android:drawable/tab_selected_focused_holo) that varies with configuration!!
W/Resources(   38): Preloaded drawable resource #0x10805c2 (android:drawable/tab_unselected_pressed_holo) that varies with configuration!!
W/Resources(   38): Preloaded drawable resource #0x10805bd (android:drawable/tab_selected_pressed_holo) that varies with configuration!!
W/Resources(   38): Preloaded drawable resource #0x10804a5 (android:drawable/quickcontact_badge_overlay_pressed_dark) that varies with configuration!!
W/Resources(   38): Preloaded drawable resource #0x10804a0 (android:drawable/quickcontact_badge_overlay_focused_dark) that varies with configuration!!
W/Resources(   38): Preloaded drawable resource #0x10804a3 (android:drawable/quickcontact_badge_overlay_normal_dark) that varies with configuration!!
W/Resources(   38): Preloaded drawable resource #0x10804a3 (android:drawable/quickcontact_badge_overlay_normal_dark) that varies with configuration!!
W/Resources(   38): Preloaded drawable resource #0x10804a3 (android:drawable/quickcontact_badge_overlay_normal_dark) that varies with configuration!!
D/dalvikvm(   38): GC_EXPLICIT freed 56K, 26% free 2365K/3156K, paused 2ms+3ms, total 87ms
W/Resources(   38): Preloaded drawable resource #0x10804a5 (android:drawable/quickcontact_badge_overlay_pressed_dark) that varies with configuration!!
W/Resources(   38): Preloaded drawable resource #0x10804a6 (android:drawable/quickcontact_badge_overlay_pressed_light) that varies with configuration!!
W/Resources(   38): Preloaded drawable resource #0x10804a1 (android:drawable/quickcontact_badge_overlay_focused_light) that varies with configuration!!
W/Resources(   38): Preloaded drawable resource #0x10804a4 (android:drawable/quickcontact_badge_overlay_normal_light) that varies with configuration!!
W/Resources(   38): Preloaded drawable resource #0x10804a4 (android:drawable/quickcontact_badge_overlay_normal_light) that varies with configuration!!
W/Resources(   38): Preloaded drawable resource #0x10804a4 (android:drawable/quickcontact_badge_overlay_normal_light) that varies with configuration!!
W/Resources(   38): Preloaded drawable resource #0x10804a6 (android:drawable/quickcontact_badge_overlay_pressed_light) that varies with configuration!!
I/Zygote  (   38): ...preloaded 270 resources in 9358ms.
D/dalvikvm(   38): GC_EXPLICIT freed 48K, 25% free 2369K/3156K, paused 2ms+4ms, total 88ms
I/Zygote  (   38): ...preloaded 31 resources in 306ms.
D/dalvikvm(   38): GC_EXPLICIT freed 9K, 25% free 2377K/3156K, paused 3ms+3ms, total 93ms
D/dalvikvm(   38): GC_EXPLICIT freed 7K, 25% free 2369K/3156K, paused 6ms+3ms, total 89ms
D/dalvikvm(   38): GC_EXPLICIT freed <1K, 25% free 2369K/3156K, paused 3ms+7ms, total 88ms
I/dalvikvm(   38): System server process 320 has been created
I/Zygote  (   38): Accepting command socket connections
E/BatteryService(  320): usbOnlinePath not found
E/BatteryService(  320): wirelessOnlinePath not found
E/BatteryService(  320): batteryVoltagePath not found
E/BatteryService(  320): batteryTemperaturePath not found
I/sysproc (  320): Entered system_init()
I/sysproc (  320): ServiceManager: 0x2a183db8
D/SensorService(  320): nuSensorService starting...
I/SensorService(  320): Goldfish 3-axis Accelerometer
I/SensorService(  320): Goldfish 3-axis Magnetic field sensor
I/SensorService(  320): Goldfish Orientation sensor
I/SensorService(  320): Goldfish Temperature sensor
I/SensorService(  320): Goldfish Proximity sensor
I/sysproc (  320): System server: starting Android runtime.
I/sysproc (  320): System server: starting Android services.
I/SystemServer(  320): Entered the Android system server!
I/sysproc (  320): System server: entering thread pool.
D/SensorService(  320): nuSensorService thread starting...
I/SystemServer(  320): Enabled StrictMode logging for UI Looper
I/SystemServer(  320): Waiting for installd to be ready.
I/Installer(  320): connecting...
I/installd(   41): new connection
I/SystemServer(  320): Entropy Mixer
I/SystemServer(  320): Enabled StrictMode logging for WM Looper
I/SystemServer(  320): Power Manager
E/PowerManagerService-JNI(  320): Couldn't load power module (No such file or directory)
I/SystemServer(  320): Activity Manager
I/ActivityManager(  320): Memory class: 48
W/UsageStats(  320): Usage stats version changed; dropping
I/ActivityManager(  320): Enabled StrictMode logging for AThread's Looper
I/SystemServer(  320): Display Manager
E/SurfaceFlinger(   37): ro.sf.lcd_density must be defined as a build property
I/SystemServer(  320): Telephony Registry
I/DisplayManagerService(  320): Display device added: DisplayDeviceInfo{"Built-in Screen": 480 x 800, 260.416 fps, density 240, 240.0 x 240.0 dpi, touch INTERNAL, FLAG_DEFAULT_DISPLAY, FLAG_ROTATES_WITH_CONTENT, FLAG_SECURE, FLAG_SUPPORTS_PROTECTED_BUFFERS, rotation 0, type BUILT_IN, address null}
I/SystemServer(  320): Scheduling Policy
I/SystemServer(  320): Package Manager
D/dalvikvm(  320): GC_CONCURRENT freed 306K, 13% free 2553K/2928K, paused 5ms+2ms, total 52ms
D/dalvikvm(  320): WAIT_FOR_CONCURRENT_GC blocked 17ms
W/PackageManager(  320): Running ENG build: no pre-dexopt!
D/dalvikvm(  320): GC_CONCURRENT freed 271K, 11% free 2674K/3004K, paused 5ms+4ms, total 108ms
D/dalvikvm(  320): GC_CONCURRENT freed 123K, 6% free 2984K/3148K, paused 5ms+29ms, total 80ms
W/PackageParser(  320): No actions in intent filter at /system/app/Contacts.apk Binary XML file line #533
D/dalvikvm(  320): GC_CONCURRENT freed 255K, 10% free 3162K/3476K, paused 4ms+6ms, total 232ms
D/dalvikvm(  320): GC_CONCURRENT freed 224K, 8% free 3347K/3632K, paused 4ms+4ms, total 80ms
W/PackageManager(  320): Package com.android.camera desires unavailable shared library com.google.android.media.effects; ignoring!
D/PackageManager(  320): No files in app dir /vendor/app
D/dalvikvm(  320): GC_CONCURRENT freed 217K, 8% free 3599K/3880K, paused 4ms+5ms, total 254ms
W/PackageParser(  320): No actions in intent filter at /data/app/ApiDemos.apk Binary XML file line #2737
W/PackageParser(  320): No actions in intent filter at /data/app/ApiDemos.apk Binary XML file line #2743
W/PackageManager(  320): Package com.example.android.apis desires unavailable shared library com.example.will.never.exist; ignoring!
I/PackageManager(  320): Time to scan packages: 4.931 seconds
W/PackageManager(  320): Unknown permission com.google.android.googleapps.permission.GOOGLE_AUTH.mail in package com.android.contacts
W/PackageManager(  320): Unknown permission android.permission.ADD_SYSTEM_SERVICE in package com.android.phone
W/PackageManager(  320): Unknown permission com.android.smspush.WAPPUSH_MANAGER_BIND in package com.android.phone
W/PackageManager(  320): Unknown permission com.google.android.googleapps.permission.GOOGLE_AUTH in package com.android.providers.calendar
W/PackageManager(  320): Unknown permission com.google.android.googleapps.permission.GOOGLE_AUTH.cl in package com.android.providers.calendar
W/PackageManager(  320): Unknown permission com.google.android.googleapps.permission.GOOGLE_AUTH.mail in package com.android.calendar
W/PackageManager(  320): Not granting permission android.permission.SEND_DOWNLOAD_COMPLETED_INTENTS to package com.android.browser (protectionLevel=2 flags=0x9be45)
W/PackageManager(  320): Not granting permission android.permission.BIND_APPWIDGET to package com.android.widgetpreview (protectionLevel=18 flags=0x8be44)
W/PackageManager(  320): Unknown permission com.google.android.googleapps.permission.GOOGLE_AUTH in package com.android.settings
W/PackageManager(  320): Unknown permission com.google.android.gallery3d.permission.GALLERY_PROVIDER in package com.android.exchange
W/PackageManager(  320): Unknown permission com.google.android.googleapps.permission.ACCESS_GOOGLE_PASSWORD in package com.android.development
W/PackageManager(  320): Unknown permission com.google.android.googleapps.permission.GOOGLE_AUTH in package com.android.development
W/PackageManager(  320): Unknown permission com.google.android.googleapps.permission.GOOGLE_AUTH.ALL_SERVICES in package com.android.development
W/PackageManager(  320): Unknown permission com.google.android.googleapps.permission.GOOGLE_AUTH.YouTubeUser in package com.android.development
W/PackageManager(  320): Unknown permission com.google.android.gallery3d.permission.GALLERY_PROVIDER in package com.android.email
W/PackageManager(  320): Not granting permission android.permission.DEVICE_POWER to package com.android.deskclock (protectionLevel=2 flags=0x8be45)
D/dalvikvm(  320): GC_CONCURRENT freed 253K, 8% free 3749K/4064K, paused 5ms+46ms, total 155ms
D/dalvikvm(  320): GC_EXPLICIT freed 209K, 12% free 3632K/4084K, paused 5ms+6ms, total 62ms
I/SystemServer(  320): User Service
I/SystemServer(  320): Account Manager
I/SystemServer(  320): Content Manager
I/SystemServer(  320): System Content Providers
I/SystemServer(  320): Lights Service
I/SystemServer(  320): Battery Service
I/SystemServer(  320): Vibrator Service
I/libsuspend(  320): Selected early suspend
I/libsuspend(  320): Starting early suspend unblocker thread
D/PermissionCache(   37): checking android.permission.ACCESS_SURFACE_FLINGER for uid=1000 => granted (2629 us)
D/SurfaceFlinger(   37): Screen acquired, type=0 flinger=0x2a007318
D/SurfaceFlinger(   37):  screen was previously acquired
I/SystemServer(  320): Alarm Manager
D/AlarmManagerService(  320): Kernel timezone updated to 0 minutes west of GMT
I/SystemServer(  320): Init Watchdog
I/SystemServer(  320): Input Manager
I/InputManager(  320): Initializing input manager, mUseDevInputEventForAudioJack=false
I/SystemServer(  320): Window Manager
E/SoundPool(  320): error loading /system/media/audio/ui/Lock.ogg
W/KeyguardViewMediator(  320): failed to load lock sound from /system/media/audio/ui/Lock.ogg
E/SoundPool(  320): error loading /system/media/audio/ui/Unlock.ogg
W/KeyguardViewMediator(  320): failed to load unlock sound from /system/media/audio/ui/Unlock.ogg
I/InputManager(  320): Starting input manager
I/SystemServer(  320): No Bluetooh Service (emulator)
I/SystemServer(  320): Input Method Service
I/EventHub(  320): New device: id=1, fd=88, path='/dev/input/event0', name='qwerty2', classes=0x2d, configuration='/system/usr/idc/qwerty2.idc', keyLayout='/system/usr/keylayout/qwerty.kl', keyCharacterMap='/system/usr/keychars/qwerty2.kcm', builtinKeyboard=true, usingSuspendBlockIoctl=false, usingClockIoctl=false
E/EventHub(  320): could not get driver version for /dev/input/mouse0, Not a typewriter
E/EventHub(  320): could not get driver version for /dev/input/mice, Not a typewriter
I/InputReader(  320): Device added: id=-1, name='Virtual', sources=0x00000301
I/InputReader(  320):   Touch device 'qwerty2' could not query the properties of its associated display.  The device will be inoperable until the display size becomes available.
I/InputReader(  320): Device added: id=0, name='qwerty2', sources=0x00011307
E/Trace   (  320): error opening trace file: No such file or directory (2)
W/InputMethodManagerService(  320): Couldn't create dir.: /data/system/inputmethod
D/dalvikvm(  320): GC_CONCURRENT freed 294K, 9% free 3844K/4212K, paused 5ms+62ms, total 649ms
D/dalvikvm(  320): WAIT_FOR_CONCURRENT_GC blocked 45ms
I/SystemServer(  320): Accessibility Manager
I/ActivityManager(  320): Config changes=15f8 {1.0 ?mcc?mnc en_US ldltr sw320dp w320dp h508dp 240dpi nrml long port ?uimode ?night finger -keyb/v/h tball/v s.2}
I/InputReader(  320): Reconfiguring input devices.  changes=0x00000004
I/InputReader(  320): Device reconfigured: id=0, name='qwerty2', size 480x800, orientation 0, mode 1, display id 0
I/InputReader(  320): Reconfiguring input devices.  changes=0x00000004
I/InputReader(  320): Device reconfigured: id=0, name='qwerty2', size 480x800, orientation 0, mode 1, display id 0
I/SystemServer(  320): Mount Service
D/MountService(  320): got storage path: /mnt/sdcard description: USB storage primary: true removable: false emulated: false mtpReserve: 0 allowMassStorage: false maxFileSize: 0
D/MountService(  320): addVolumeLocked() StorageVolume [mStorageId=0 mPath=/mnt/sdcard mDescriptionId=17040615 mPrimary=true mRemovable=false mEmulated=false mMtpReserveSpace=0 mAllowMassStorage=false mMaxFileSize=0 mOwner=null]
I/SystemServer(  320): LockSettingsService
I/SystemServer(  320): Device Policy
I/SystemServer(  320): Status Bar
I/SystemServer(  320): Clipboard Service
I/SystemServer(  320): NetworkManagement Service
I/SystemServer(  320): Text Service Manager Service
I/SystemServer(  320): NetworkStats Service
I/SystemServer(  320): NetworkPolicy Service
I/SystemServer(  320): Wi-Fi P2pService
D/dalvikvm(  320): GREF has increased to 201
D/MountService(  320): volume state changed for /mnt/sdcard (null -> unmounted)
I/PackageManager(  320): Updating external media status from unmounted to unmounted
W/MountService(  320): getSecureContainerList() called when storage not mounted
I/PackageManager(  320): No secure containers on sdcard
W/PackageManager(  320): Unknown permission com.google.android.googleapps.permission.GOOGLE_AUTH.mail in package com.android.contacts
W/PackageManager(  320): Unknown permission android.permission.ADD_SYSTEM_SERVICE in package com.android.phone
W/PackageManager(  320): Unknown permission com.android.smspush.WAPPUSH_MANAGER_BIND in package com.android.phone
W/PackageManager(  320): Unknown permission com.google.android.googleapps.permission.GOOGLE_AUTH in package com.android.providers.calendar
W/PackageManager(  320): Unknown permission com.google.android.googleapps.permission.GOOGLE_AUTH.cl in package com.android.providers.calendar
W/PackageManager(  320): Unknown permission com.google.android.googleapps.permission.GOOGLE_AUTH.mail in package com.android.calendar
W/PackageManager(  320): Not granting permission android.permission.SEND_DOWNLOAD_COMPLETED_INTENTS to package com.android.browser (protectionLevel=2 flags=0x89be45)
W/PackageManager(  320): Not granting permission android.permission.BIND_APPWIDGET to package com.android.widgetpreview (protectionLevel=18 flags=0x8be44)
W/PackageManager(  320): Unknown permission com.google.android.googleapps.permission.GOOGLE_AUTH in package com.android.settings
W/PackageManager(  320): Unknown permission com.google.android.gallery3d.permission.GALLERY_PROVIDER in package com.android.exchange
W/PackageManager(  320): Unknown permission com.google.android.googleapps.permission.ACCESS_GOOGLE_PASSWORD in package com.android.development
W/PackageManager(  320): Unknown permission com.google.android.googleapps.permission.GOOGLE_AUTH in package com.android.development
W/PackageManager(  320): Unknown permission com.google.android.googleapps.permission.GOOGLE_AUTH.ALL_SERVICES in package com.android.development
W/PackageManager(  320): Unknown permission com.google.android.googleapps.permission.GOOGLE_AUTH.YouTubeUser in package com.android.development
W/PackageManager(  320): Unknown permission com.google.android.gallery3d.permission.GALLERY_PROVIDER in package com.android.email
W/PackageManager(  320): Not granting permission android.permission.DEVICE_POWER to package com.android.deskclock (protectionLevel=2 flags=0x88be45)
I/SystemServer(  320): Wi-Fi Service
D/dalvikvm(  320): GC_CONCURRENT freed 249K, 8% free 4060K/4380K, paused 5ms+24ms, total 94ms
E/CommandListener(   34): Failed to open /proc/sys/net/ipv6/conf/wlan0/disable_ipv6: No such file or directory
E/WifiStateMachine(  320): Failed to disable IPv6: java.lang.IllegalStateException: command '1 interface ipv6 wlan0 disable' failed with '400 1 Failed to change IPv6 state (No such file or directory)'
I/SystemServer(  320): Connectivity Service
D/ConnectivityService(  320): ConnectivityService starting up
E/MobileDataStateTracker(  320): default: Ignoring feature request because could not acquire PhoneService
E/MobileDataStateTracker(  320): default: Could not enable APN type "default"
I/WifiService(  320): WifiService starting up with Wi-Fi disabled
I/SystemServer(  320): Network Service Discovery Service
D/NsdService(  320): Network service discovery enabled true
I/SystemServer(  320): Throttle Service
I/SystemServer(  320): UpdateLock Service
I/SystemServer(  320): Notification Manager
I/SystemServer(  320): Device Storage Monitor
I/SystemServer(  320): Location Manager
I/SystemServer(  320): Country Detector
I/SystemServer(  320): Search Service
I/SystemServer(  320): DropBox Service
I/SystemServer(  320): Wallpaper Service
I/SystemServer(  320): Audio Service
D/dalvikvm(  320): GC_CONCURRENT freed 322K, 9% free 4179K/4572K, paused 5ms+7ms, total 357ms
I/SystemServer(  320): Dock Observer
W/DockObserver(  320): This kernel does not have dock station support
I/SystemServer(  320): Wired Accessory Manager
W/WiredAccessoryManager(  320): This kernel does not have wired headset support
W/WiredAccessoryManager(  320): This kernel does not have usb audio support
W/WiredAccessoryManager(  320): This kernel does not have HDMI audio support
I/SystemServer(  320): USB Service
I/SystemServer(  320): Serial Service
I/SystemServer(  320): Twilight Service
I/SystemServer(  320): UI Mode Manager Service
I/SystemServer(  320): Backup Service
V/BackupManagerService(  320): No ancestral data
I/BackupManagerService(  320): Found stale backup journal, scheduling
I/BackupManagerService(  320):   android
I/BackupManagerService(  320):   com.android.browser
I/BackupManagerService(  320):   com.android.calendar
I/BackupManagerService(  320):   com.android.inputmethod.latin
I/BackupManagerService(  320):   com.android.providers.settings
I/BackupManagerService(  320):   com.android.providers.userdictionary
I/BackupManagerService(  320):   com.android.sharedstoragebackup
I/BackupManagerService(  320): Backup enabled => true
I/SystemServer(  320): AppWidget Service
I/SystemServer(  320): Recognition Service
I/SystemServer(  320): DiskStats Service
I/SystemServer(  320): SamplingProfiler Service
I/SystemServer(  320): NetworkTimeUpdateService
I/SystemServer(  320): CommonTimeManagementService
I/SystemServer(  320): CertBlacklister
I/SystemServer(  320): Dreams Service
I/WindowManager(  320): SAFE MODE not enabled
D/dalvikvm(  320): JIT started for system_server
I/ActivityManager(  320): System now ready
I/SystemServer(  320): Making services ready
D/dalvikvm(  320): GC_CONCURRENT freed 322K, 9% free 4330K/4720K, paused 5ms+56ms, total 339ms
I/Zygote  (  320): Process: zygote socket opened
I/ActivityManager(  320): Start proc com.android.systemui for service com.android.systemui/.SystemUIService: pid=416 uid=10034 gids={50034, 1028, 1015, 3002, 3001}
I/Vold    (   32): /dev/block/vold/179:0 being considered for volume sdcard
D/Vold    (   32): Volume sdcard state changing 1 (Idle-Unmounted) -> 3 (Checking)
I//system/bin/fsck_msdos(   32): ** /dev/block/vold/179:0
D/MountService(  320): volume state changed for /mnt/sdcard (unmounted -> checking)
D/MountService(  320): sendStorageIntent Intent { act=android.intent.action.MEDIA_CHECKING dat=file:///mnt/sdcard (has extras) } to UserHandle{-1}
D/NetworkManagementService(  320): not enabling bandwidth control
I/keystore(   42): uid: 1000 action: e -> 7 state: 3 -> 3 retry: 4
W/NetworkStats(  320): bandwidth controls disabled, unable to track stats
W/NetworkPolicy(  320): bandwidth controls disabled, unable to enforce policy
I/keystore(   42): uid: 1000 action: e -> 7 state: 3 -> 3 retry: 4
I/ActivityManager(  320): Config changes=200 {1.0 ?mcc?mnc en_US ldltr sw320dp w320dp h508dp 240dpi nrml long port finger -keyb/v/h tball/v s.3}
W/RecognitionManagerService(  320): no available voice recognition services found for user 0
I//system/bin/fsck_msdos(   32): ** Phase 1 - Read and Compare FATs
I//system/bin/fsck_msdos(   32): Attempting to allocate 2044 KB for FAT
E/Trace   (  416): error opening trace file: No such file or directory (2)
W/InputMethodManagerService(  320): Ignoring setImeWindowStatus of uid 1000 token: null
D/SystemUIService(  416): loading: class com.android.systemui.statusbar.phone.PhoneStatusBar
D/dalvikvm(  320): GC_CONCURRENT freed 120K, 5% free 4658K/4864K, paused 5ms+5ms, total 240ms
D/dalvikvm(  320): WAIT_FOR_CONCURRENT_GC blocked 215ms
D/SystemUIService(  416): running: com.android.systemui.statusbar.phone.PhoneStatusBar@40cd3b20
W/InputMethodManagerService(  320): Found no subtypes in a system IME: com.android.inputmethod.pinyin
I/StatusBarManagerService(  320): registerStatusBar bar=com.android.internal.statusbar.IStatusBar$Stub$Proxy@40ea3430
I/ActivityManager(  320): Start proc com.android.inputmethod.latin for service com.android.inputmethod.latin/.LatinIME: pid=451 uid=10010 gids={50010, 1028}
I/CommonTimeManagementService(  320): No common time service detected on this platform.  Common time services will be unavailable.
I/InputReader(  320): Reconfiguring input devices.  changes=0x00000020
I/ActivityManager(  320): Start proc com.android.phone for added application com.android.phone: pid=463 uid=1001 gids={41001, 3002, 3001, 3003, 1015, 1028}
I/ActivityManager(  320): START u0 {act=android.intent.action.MAIN cat=[android.intent.category.HOME] flg=0x10000000 cmp=com.android.launcher/com.android.launcher2.Launcher} from pid 0
W/SocketClient(   34): write error (Broken pipe)
I/InputReader(  320): Reconfiguring input devices.  changes=0x00000010
I/ActivityManager(  320): Start proc com.android.launcher for activity com.android.launcher/com.android.launcher2.Launcher: pid=477 uid=10020 gids={50020, 1028}
E/Trace   (  451): error opening trace file: No such file or directory (2)
I/SystemServer(  320): Enabled StrictMode for system server main thread.
E/ThrottleService(  320): problem during onPollAlarm: java.lang.IllegalStateException: problem parsing stats: java.io.FileNotFoundException: /proc/net/xt_qtaguid/iface_stat_all: open failed: ENOENT (No such file or directory)
D/dalvikvm(  320): GC_CONCURRENT freed 374K, 9% free 4859K/5300K, paused 7ms+318ms, total 833ms
D/dalvikvm(  320): WAIT_FOR_CONCURRENT_GC blocked 15ms
D/dalvikvm(  320): WAIT_FOR_CONCURRENT_GC blocked 662ms
D/dalvikvm(  320): WAIT_FOR_CONCURRENT_GC blocked 171ms
D/dalvikvm(  320): WAIT_FOR_CONCURRENT_GC blocked 536ms
D/dalvikvm(  320): WAIT_FOR_CONCURRENT_GC blocked 164ms
D/dalvikvm(  320): WAIT_FOR_CONCURRENT_GC blocked 753ms
D/dalvikvm(  320): WAIT_FOR_CONCURRENT_GC blocked 440ms
I/LocationBlacklist(  320): whitelist: []
I/LocationBlacklist(  320): blacklist: []
E/Trace   (  477): error opening trace file: No such file or directory (2)
E/Trace   (  463): error opening trace file: No such file or directory (2)
D/dalvikvm(  416): GC_FOR_ALLOC freed 88K, 6% free 2664K/2812K, paused 48ms, total 51ms
I/dalvikvm-heap(  416): Grow heap (frag case) to 3.263MB for 635812-byte allocation
D/dalvikvm(  416): GC_CONCURRENT freed 5K, 5% free 3280K/3436K, paused 11ms+2ms, total 30ms
D/dalvikvm(  320): JIT unchain all for threadid=54
I/LatinIME(  451): Hardware accelerated drawing: false
E/SurfaceFlinger(   37): ro.sf.lcd_density must be defined as a build property
D/gralloc_goldfish(  320): Emulator without GPU emulation detected.
E/BluetoothAdapter(  416): Bluetooth binder is null
E/BluetoothAdapter(  416): Bluetooth binder is null
W/TelephonyProvider(  463): onCreate: confFile=/system/etc/apns-conf.xml oldCheckSum=-1
D/TelephonyManager(  463): getLteOnCdmaMode=0 curVal=-1 product_type='' lteOnCdmaProductType=''
D/dalvikvm(  320): GC_CONCURRENT freed 618K, 13% free 4867K/5552K, paused 332ms+91ms, total 2463ms
D/dalvikvm(  320): WAIT_FOR_CONCURRENT_GC blocked 10ms
D/dalvikvm(  320): WAIT_FOR_CONCURRENT_GC blocked 178ms
D/dalvikvm(  320): WAIT_FOR_CONCURRENT_GC blocked 146ms
D/dalvikvm(  320): WAIT_FOR_CONCURRENT_GC blocked 137ms
D/dalvikvm(  320): WAIT_FOR_CONCURRENT_GC blocked 212ms
D/dalvikvm(  320): WAIT_FOR_CONCURRENT_GC blocked 216ms
E/BluetoothAdapter(  416): Bluetooth binder is null
D/TelephonyManager(  463): getLteOnCdmaMode=0 curVal=-1 product_type='' lteOnCdmaProductType=''
D/dalvikvm(  320): GREF has increased to 301
D/dalvikvm(  320): GC_FOR_ALLOC freed 129K, 13% free 4868K/5552K, paused 682ms, total 696ms
I/dalvikvm-heap(  320): Grow heap (frag case) to 4.917MB for 104992-byte allocation
D/dalvikvm(  320): GC_FOR_ALLOC freed 1K, 13% free 4969K/5656K, paused 173ms, total 173ms
D/TelephonyManager(  463): getLteOnCdmaMode=0 curVal=-1 product_type='' lteOnCdmaProductType=''
D/dalvikvm(  416): GC_CONCURRENT freed 67K, 4% free 3647K/3776K, paused 5ms+3ms, total 429ms
D/dalvikvm(  320): GC_FOR_ALLOC freed 140K, 12% free 4986K/5656K, paused 414ms, total 415ms
I/dalvikvm-heap(  320): Grow heap (frag case) to 5.033MB for 104992-byte allocation
D/dalvikvm(  320): GC_FOR_ALLOC freed <1K, 12% free 5089K/5760K, paused 106ms, total 106ms
W/InputAttributes(  451): No editor info for this field. Bug?
I//system/bin/fsck_msdos(   32): Attempting to allocate 2044 KB for FAT
D/dalvikvm(  320): GC_FOR_ALLOC freed 222K, 12% free 5119K/5760K, paused 114ms, total 117ms
E/BluetoothAdapter(  416): Bluetooth binder is null
D/dalvikvm(  320): GC_FOR_ALLOC freed 5K, 11% free 5227K/5864K, paused 394ms, total 394ms
D/dalvikvm(  320): WAIT_FOR_CONCURRENT_GC blocked 2835ms
E/ActivityThread(  451): Failed to find provider info for com.android.inputmethod.latin.dictionarypack
E/BinaryDictionaryGetter(  451): Could not find a dictionary pack
I/ActivityManager(  320): Start proc android.process.acore for content provider com.android.providers.userdictionary/.UserDictionaryProvider: pid=540 uid=10001 gids={50001, 3003, 1015, 1028}
W/Settings(  463): Setting airplane_mode_on has moved from android.provider.Settings.System to android.provider.Settings.Global, returning read-only value.
W/Settings(  463): Setting auto_time has moved from android.provider.Settings.System to android.provider.Settings.Global, returning read-only global URI.
W/Settings(  463): Setting auto_time_zone has moved from android.provider.Settings.System to android.provider.Settings.Global, returning read-only global URI.
W/ActivityManager(  320): Unable to start service Intent { act=com.android.internal.telephony.IWapPushManager } U=0: not found
D/        (  463): [ApnContext:default] set reason as dataEnabled,current state IDLE
D/        (  463): [ApnContext:default] setRetryCount: 0
W/InputMethodManagerService(  320): Found no subtypes in a system IME: com.android.inputmethod.pinyin
D/        (  463): [ApnContext:mms] set reason as dataEnabled,current state IDLE
D/        (  463): [ApnContext:mms] setRetryCount: 0
D/dalvikvm(  451): GC_CONCURRENT freed 272K, 12% free 2512K/2844K, paused 21ms+2ms, total 1041ms
E/StrictMode(  451): A resource was acquired at attached stack trace but never released. See java.io.Closeable for information on avoiding resource leaks.
E/StrictMode(  451): java.lang.Throwable: Explicit termination method 'close' not called
E/StrictMode(  451): 	at dalvik.system.CloseGuard.open(CloseGuard.java:184)
E/StrictMode(  451): 	at android.os.ParcelFileDescriptor.<init>(ParcelFileDescriptor.java:412)
E/StrictMode(  451): 	at android.content.res.AssetManager.openNonAssetFdNative(Native Method)
E/StrictMode(  451): 	at android.content.res.AssetManager.openNonAssetFd(AssetManager.java:428)
E/StrictMode(  451): 	at android.content.res.Resources.openRawResourceFd(Resources.java:979)
E/StrictMode(  451): 	at com.android.inputmethod.latin.BinaryDictionaryGetter.loadFallbackResource(BinaryDictionaryGetter.java:183)
E/StrictMode(  451): 	at com.android.inputmethod.latin.BinaryDictionaryGetter.getDictionaryFiles(BinaryDictionaryGetter.java:456)
E/StrictMode(  451): 	at com.android.inputmethod.latin.DictionaryFactory.createMainDictionaryFromManager(DictionaryFactory.java:57)
E/StrictMode(  451): 	at com.android.inputmethod.latin.DictionaryFactory.createMainDictionaryFromManager(DictionaryFactory.java:87)
E/StrictMode(  451): 	at com.android.inputmethod.latin.Suggest$1.run(Suggest.java:108)
D/        (  463): [ApnContext:supl] set reason as dataEnabled,current state IDLE
