D/dalvikvm(   38): GC_EXPLICIT freed 58K, 27% free 2317K/3156K, paused 3ms+3ms, total 46ms
W/Resources(   38): Preloaded drawable resource #0x1080345 (android:drawable/ic_menu_paste_holo_dark) that varies with configuration!!
W/Resources(   38): Preloaded drawable resource #0x1080346 (android:drawable/ic_menu_paste_holo_light) that varies with configuration!!
W/Resources(   38): Preloaded drawable resource #0x108034c (android:drawable/ic_menu_selectall_holo_light) that varies with configuration!!
W/Resources(   38): Preloaded drawable resource #0x108034b (android:drawable/ic_menu_selectall_holo_dark) that varies with configuration!!
W/Resources(   38): Preloaded drawable resource #0x10802b5 (android:drawable/ic_clear_disabled) that varies with configuration!!
W/Resources(   38): Preloaded drawable resource #0x10802b7 (android:drawable/ic_clear_normal) that varies with configuration!!
W/Resources(   38): Preloaded drawable resource #0x10802b7 (android:drawable/ic_clear_normal) that varies with configuration!!
D/dalvikvm(   38): GC_EXPLICIT freed 66K, 27% free 2318K/3156K, paused 2ms+5ms, total 89ms
W/Resources(   38): Preloaded drawable resource #0x10802b5 (android:drawable/ic_clear_disabled) that varies with configuration!!
W/Resources(   38): Preloaded drawable resource #0x10802b7 (android:drawable/ic_clear_normal) that varies with configuration!!
W/Resources(   38): Preloaded drawable resource #0x108035b (android:drawable/ic_search) that varies with configuration!!
W/Resources(   38): Preloaded drawable resource #0x10802cf (android:drawable/ic_go) that varies with configuration!!
W/Resources(   38): Preloaded drawable resource #0x1080362 (android:drawable/ic_voice_search) that varies with configuration!!
D/dalvikvm(   38): GC_EXPLICIT freed 53K, 27% free 2317K/3156K, paused 43ms+3ms, total 91ms
W/Resources(   38): Preloaded drawable resource #0x108021f (android:drawable/dialog_bottom_holo_dark) that varies with configuration!!
W/Resources(   38): Preloaded drawable resource #0x1080220 (android:drawable/dialog_bottom_holo_light) that varies with configuration!!
W/Resources(   38): Preloaded drawable resource #0x1080224 (android:drawable/dialog_full_holo_dark) that varies with configuration!!
D/dalvikvm(   38): GC_EXPLICIT freed 76K, 27% free 2317K/3156K, paused 3ms+3ms, total 92ms
W/Resources(   38): Preloaded drawable resource #0x1080225 (android:drawable/dialog_full_holo_light) that varies with configuration!!
W/Resources(   38): Preloaded drawable resource #0x108022d (android:drawable/dialog_middle_holo_dark) that varies with configuration!!
D/dalvikvm(   38): GC_EXPLICIT freed 51K, 27% free 2317K/3156K, paused 4ms+44ms, total 89ms
W/Resources(   38): Preloaded drawable resource #0x108022e (android:drawable/dialog_middle_holo_light) that varies with configuration!!
W/Resources(   38): Preloaded drawable resource #0x108022f (android:drawable/dialog_top_holo_dark) that varies with configuration!!
W/Resources(   38): Preloaded drawable resource #0x1080230 (android:drawable/dialog_top_holo_light) that varies with configuration!!
D/dalvikvm(   38): GC_EXPLICIT freed 55K, 27% free 2317K/3156K, paused 12ms+49ms, total 157ms
W/Resources(   38): Preloaded drawable resource #0x10802c2 (android:drawable/ic_dialog_alert_holo_dark) that varies with configuration!!
W/Resources(   38): Preloaded drawable resource #0x10802c3 (android:drawable/ic_dialog_alert_holo_light) that varies with configuration!!
W/Resources(   38): Preloaded drawable resource #0x10803c9 (android:drawable/list_divider_holo_dark) that varies with configuration!!
W/Resources(   38): Preloaded drawable resource #0x10803ca (android:drawable/list_divider_holo_light) that varies with configuration!!
W/Resources(   38): Preloaded drawable resource #0x10803ca (android:drawable/list_divider_holo_light) that varies with configuration!!
W/Resources(   38): Preloaded drawable resource #0x10800bd (android:drawable/ab_transparent_dark_holo) that varies with configuration!!
W/Resources(   38): Preloaded drawable resource #0x10800bb (android:drawable/ab_stacked_transparent_dark_holo) that varies with configuration!!
W/Resources(   38): Preloaded drawable resource #0x10800a1 (android:drawable/ab_bottom_transparent_dark_holo) that varies with configuration!!
D/dalvikvm(   38): GC_EXPLICIT freed 47K, 27% free 2321K/3156K, paused 3ms+3ms, total 96ms
W/Resources(   38): Preloaded drawable resource #0x10800b5 (android:drawable/ab_solid_dark_holo) that varies with configuration!!
W/Resources(   38): Preloaded drawable resource #0x10800b8 (android:drawable/ab_stacked_solid_dark_holo) that varies with configuration!!
W/Resources(   38): Preloaded drawable resource #0x108009e (android:drawable/ab_bottom_solid_dark_holo) that varies with configuration!!
W/Resources(   38): Preloaded drawable resource #0x10800be (android:drawable/ab_transparent_light_holo) that varies with configuration!!
W/Resources(   38): Preloaded drawable resource #0x10800bc (android:drawable/ab_stacked_transparent_light_holo) that varies with configuration!!
W/Resources(   38): Preloaded drawable resource #0x10800a2 (android:drawable/ab_bottom_transparent_light_holo) that varies with configuration!!
W/Resources(   38): Preloaded drawable resource #0x10800b6 (android:drawable/ab_solid_light_holo) that varies with configuration!!
W/Resources(   38): Preloaded drawable resource #0x10800ba (android:drawable/ab_stacked_solid_light_holo) that varies with configuration!!
D/dalvikvm(   38): GC_EXPLICIT freed 53K, 27% free 2322K/3156K, paused 18ms+44ms, total 148ms
W/Resources(   38): Preloaded drawable resource #0x10800a0 (android:drawable/ab_bottom_solid_light_holo) that varies with configuration!!
W/Resources(   38): Preloaded drawable resource #0x10800b7 (android:drawable/ab_solid_shadow_holo) that varies with configuration!!
W/Resources(   38): Preloaded drawable resource #0x10803f0 (android:drawable/list_selector_disabled_holo_dark) that varies with configuration!!
W/Resources(   38): Preloaded drawable resource #0x10803f0 (android:drawable/list_selector_disabled_holo_dark) that varies with configuration!!
W/Resources(   38): Preloaded drawable resource #0x10803d1 (android:drawable/list_pressed_holo_dark) that varies with configuration!!
W/Resources(   38): Preloaded drawable resource #0x10803d0 (android:drawable/list_longpressed_holo) that varies with configuration!!
W/Resources(   38): Preloaded drawable resource #0x10803d0 (android:drawable/list_longpressed_holo) that varies with configuration!!
W/Resources(   38): Preloaded drawable resource #0x10803d1 (android:drawable/list_pressed_holo_dark) that varies with configuration!!
W/Resources(   38): Preloaded drawable resource #0x10803d0 (android:drawable/list_longpressed_holo) that varies with configuration!!
W/Resources(   38): Preloaded drawable resource #0x10803d0 (android:drawable/list_longpressed_holo) that varies with configuration!!
W/Resources(   38): Preloaded drawable resource #0x10803cc (android:drawable/list_focused_holo) that varies with configuration!!
W/Resources(   38): Preloaded drawable resource #0x10803f1 (android:drawable/list_selector_disabled_holo_light) that varies with configuration!!
W/Resources(   38): Preloaded drawable resource #0x10803f1 (android:drawable/list_selector_disabled_holo_light) that varies with configuration!!
W/Resources(   38): Preloaded drawable resource #0x10803d2 (android:drawable/list_pressed_holo_light) that varies with configuration!!
W/Resources(   38): Preloaded drawable resource #0x10803d0 (android:drawable/list_longpressed_holo) that varies with configuration!!
W/Resources(   38): Preloaded drawable resource #0x10803d0 (android:drawable/list_longpressed_holo) that varies with configuration!!
W/Resources(   38): Preloaded drawable resource #0x10803d2 (android:drawable/list_pressed_holo_light) that varies with configuration!!
W/Resources(   38): Preloaded drawable resource #0x10803d0 (android:drawable/list_longpressed_holo) that varies with configuration!!
W/Resources(   38): Preloaded drawable resource #0x10803d0 (android:drawable/list_longpressed_holo) that varies with configuration!!
W/Resources(   38): Preloaded drawable resource #0x10803cc (android:drawable/list_focused_holo) that varies with configuration!!
D/dalvikvm(   38): GC_EXPLICIT freed 31K, 26% free 2359K/3156K, paused 2ms+3ms, total 94ms
W/Resources(   38): Preloaded drawable resource #0x108027a (android:drawable/fastscroll_thumb_pressed_holo) that varies with configuration!!
W/Resources(   38): Preloaded drawable resource #0x1080278 (android:drawable/fastscroll_thumb_default_holo) that varies with configuration!!
W/Resources(   38): Preloaded drawable resource #0x1080278 (android:drawable/fastscroll_thumb_default_holo) that varies with configuration!!
W/Resources(   38): Preloaded drawable resource #0x108027a (android:drawable/fastscroll_thumb_pressed_holo) that varies with configuration!!
D/dalvikvm(   38): GC_EXPLICIT freed 51K, 26% free 2358K/3156K, paused 5ms+44ms, total 91ms
W/Resources(   38): Preloaded drawable resource #0x1080278 (android:drawable/fastscroll_thumb_default_holo) that varies with configuration!!
W/Resources(   38): Preloaded drawable resource #0x108027f (android:drawable/fastscroll_track_pressed_holo_dark) that varies with configuration!!
W/Resources(   38): Preloaded drawable resource #0x108027b (android:drawable/fastscroll_track_default_holo_dark) that varies with configuration!!
W/Resources(   38): Preloaded drawable resource #0x108027b (android:drawable/fastscroll_track_default_holo_dark) that varies with configuration!!
W/Resources(   38): Preloaded drawable resource #0x108027f (android:drawable/fastscroll_track_pressed_holo_dark) that varies with configuration!!
W/Resources(   38): Preloaded drawable resource #0x108027b (android:drawable/fastscroll_track_default_holo_dark) that varies with configuration!!
W/Resources(   38): Preloaded drawable resource #0x1080274 (android:drawable/fastscroll_label_left_holo_dark) that varies with configuration!!
D/dalvikvm(   38): GC_EXPLICIT freed 74K, 26% free 2358K/3156K, paused 2ms+3ms, total 33ms
W/Resources(   38): Preloaded drawable resource #0x1080276 (android:drawable/fastscroll_label_right_holo_dark) that varies with configuration!!
D/dalvikvm(   38): GC_EXPLICIT freed 50K, 26% free 2357K/3156K, paused 2ms+4ms, total 46ms
W/Resources(   38): Preloaded drawable resource #0x1080280 (android:drawable/fastscroll_track_pressed_holo_light) that varies with configuration!!
W/Resources(   38): Preloaded drawable resource #0x108027c (android:drawable/fastscroll_track_default_holo_light) that varies with configuration!!
W/Resources(   38): Preloaded drawable resource #0x108027c (android:drawable/fastscroll_track_default_holo_light) that varies with configuration!!
W/Resources(   38): Preloaded drawable resource #0x1080280 (android:drawable/fastscroll_track_pressed_holo_light) that varies with configuration!!
W/Resources(   38): Preloaded drawable resource #0x108027c (android:drawable/fastscroll_track_default_holo_light) that varies with configuration!!
W/Resources(   38): Preloaded drawable resource #0x1080275 (android:drawable/fastscroll_label_left_holo_light) that varies with configuration!!
D/dalvikvm(   38): GC_EXPLICIT freed 57K, 26% free 2359K/3156K, paused 2ms+3ms, total 37ms
W/Resources(   38): Preloaded drawable resource #0x1080277 (android:drawable/fastscroll_label_right_holo_light) that varies with configuration!!
D/dalvikvm(   38): GC_EXPLICIT freed 50K, 26% free 2358K/3156K, paused 2ms+3ms, total 56ms
W/Resources(   38): Preloaded drawable resource #0x1080259 (android:drawable/editbox_dropdown_background_dark) that varies with configuration!!
W/Resources(   38): Preloaded drawable resource #0x10805f8 (android:drawable/textfield_search_selected_holo_dark) that varies with configuration!!
W/Resources(   38): Preloaded drawable resource #0x10805ec (android:drawable/textfield_search_default_holo_dark) that varies with configuration!!
W/Resources(   38): Preloaded drawable resource #0x10805ec (android:drawable/textfield_search_default_holo_dark) that varies with configuration!!
W/Resources(   38): Preloaded drawable resource #0x10805f5 (android:drawable/textfield_search_right_selected_holo_dark) that varies with configuration!!
W/Resources(   38): Preloaded drawable resource #0x10805f3 (android:drawable/textfield_search_right_default_holo_dark) that varies with configuration!!
W/Resources(   38): Preloaded drawable resource #0x10805f3 (android:drawable/textfield_search_right_default_holo_dark) that varies with configuration!!
W/Resources(   38): Preloaded drawable resource #0x10805f9 (android:drawable/textfield_search_selected_holo_light) that varies with configuration!!
W/Resources(   38): Preloaded drawable resource #0x10805ed (android:drawable/textfield_search_default_holo_light) that varies with configuration!!
W/Resources(   38): Preloaded drawable resource #0x10805ed (android:drawable/textfield_search_default_holo_light) that varies with configuration!!
W/Resources(   38): Preloaded drawable resource #0x10805f6 (android:drawable/textfield_search_right_selected_holo_light) that varies with configuration!!
W/Resources(   38): Preloaded drawable resource #0x10805f4 (android:drawable/textfield_search_right_default_holo_light) that varies with configuration!!
W/Resources(   38): Preloaded drawable resource #0x10805f4 (android:drawable/textfield_search_right_default_holo_light) that varies with configuration!!
W/Resources(   38): Preloaded drawable resource #0x10805f8 (android:drawable/textfield_search_selected_holo_dark) that varies with configuration!!
W/Resources(   38): Preloaded drawable resource #0x10805ec (android:drawable/textfield_search_default_holo_dark) that varies with configuration!!
W/Resources(   38): Preloaded drawable resource #0x10805f5 (android:drawable/textfield_search_right_selected_holo_dark) that varies with configuration!!
W/Resources(   38): Preloaded drawable resource #0x10805f3 (android:drawable/textfield_search_right_default_holo_dark) that varies with configuration!!
W/Resources(   38): Preloaded drawable resource #0x10805f9 (android:drawable/textfield_search_selected_holo_light) that varies with configuration!!
W/Resources(   38): Preloaded drawable resource #0x10805ed (android:drawable/textfield_search_default_holo_light) that varies with configuration!!
W/Resources(   38): Preloaded drawable resource #0x10805f6 (android:drawable/textfield_search_right_selected_holo_light) that varies with configuration!!
W/Resources(   38): Preloaded drawable resource #0x10805f4 (android:drawable/textfield_search_right_default_holo_light) that varies with configuration!!
D/dalvikvm(   38): GC_EXPLICIT freed 47K, 26% free 2364K/3156K, paused 2ms+13ms, total 47ms
W/Resources(   38): Preloaded drawable resource #0x10805c1 (android:drawable/tab_unselected_holo) that varies with configuration!!
W/Resources(   38): Preloaded drawable resource #0x10805bc (android:drawable/tab_selected_holo) that varies with configuration!!
W/Resources(   38): Preloaded drawable resource #0x10805c0 (android:drawable/tab_unselected_focused_holo) that varies with configuration!!
W/Resources(   38): Preloaded drawable resource #0x10805bb (android:drawable/tab_selected_focused_holo) that varies with configuration!!
W/Resources(   38): Preloaded drawable resource #0x10805c2 (android:drawable/tab_unselected_pressed_holo) that varies with configuration!!
W/Resources(   38): Preloaded drawable resource #0x10805bd (android:drawable/tab_selected_pressed_holo) that varies with configuration!!
W/Resources(   38): Preloaded drawable resource #0x10805c2 (android:drawable/tab_unselected_pressed_holo) that varies with configuration!!
W/Resources(   38): Preloaded drawable resource #0x10805bd (android:drawable/tab_selected_pressed_holo) that varies with configuration!!
W/Resources(   38): Preloaded drawable resource #0x10805bd (android:drawable/tab_selected_pressed_holo) that varies with configuration!!
W/Resources(   38): Preloaded drawable resource #0x10805c1 (android:drawable/tab_unselected_holo) that varies with configuration!!
W/Resources(   38): Preloaded drawable resource #0x10805bc (android:drawable/tab_selected_holo) that varies with configuration!!
W/Resources(   38): Preloaded drawable resource #0x10805c0 (android:drawable/tab_unselected_focused_holo) that varies with configuration!!
W/Resources(   38): Preloaded drawable resource #0x10805bb (android:drawable/tab_selected_focused_holo) that varies with configuration!!
W/Resources(   38): Preloaded drawable resource #0x10805c2 (android:drawable/tab_unselected_pressed_holo) that varies with configuration!!
W/Resources(   38): Preloaded drawable resource #0x10805bd (android:drawable/tab_selected_pressed_holo) that varies with configuration!!
W/Resources(   38): Preloaded drawable resource #0x10804a5 (android:drawable/quickcontact_badge_overlay_pressed_dark) that varies with configuration!!
W/Resources(   38): Preloaded drawable resource #0x10804a0 (android:drawable/quickcontact_badge_overlay_focused_dark) that varies with configuration!!
W/Resources(   38): Preloaded drawable resource #0x10804a3 (android:drawable/quickcontact_badge_overlay_normal_dark) that varies with configuration!!
W/Resources(   38): Preloaded drawable resource #0x10804a3 (android:drawable/quickcontact_badge_overlay_normal_dark) that varies with configuration!!
W/Resources(   38): Preloaded drawable resource #0x10804a3 (android:drawable/quickcontact_badge_overlay_normal_dark) that varies with configuration!!
D/dalvikvm(   38): GC_EXPLICIT freed 56K, 26% free 2365K/3156K, paused 3ms+3ms, total 85ms
W/Resources(   38): Preloaded drawable resource #0x10804a5 (android:drawable/quickcontact_badge_overlay_pressed_dark) that varies with configuration!!
W/Resources(   38): Preloaded drawable resource #0x10804a6 (android:drawable/quickcontact_badge_overlay_pressed_light) that varies with configuration!!
W/Resources(   38): Preloaded drawable resource #0x10804a1 (android:drawable/quickcontact_badge_overlay_focused_light) that varies with configuration!!
W/Resources(   38): Preloaded drawable resource #0x10804a4 (android:drawable/quickcontact_badge_overlay_normal_light) that varies with configuration!!
W/Resources(   38): Preloaded drawable resource #0x10804a4 (android:drawable/quickcontact_badge_overlay_normal_light) that varies with configuration!!
W/Resources(   38): Preloaded drawable resource #0x10804a4 (android:drawable/quickcontact_badge_overlay_normal_light) that varies with configuration!!
W/Resources(   38): Preloaded drawable resource #0x10804a6 (android:drawable/quickcontact_badge_overlay_pressed_light) that varies with configuration!!
I/Zygote  (   38): ...preloaded 270 resources in 10353ms.
D/dalvikvm(   38): GC_EXPLICIT freed 48K, 25% free 2369K/3156K, paused 3ms+14ms, total 102ms
I/Zygote  (   38): ...preloaded 31 resources in 299ms.
D/dalvikvm(   38): GC_EXPLICIT freed 9K, 25% free 2377K/3156K, paused 2ms+3ms, total 88ms
D/dalvikvm(   38): GC_EXPLICIT freed 7K, 25% free 2369K/3156K, paused 3ms+5ms, total 98ms
D/dalvikvm(   38): GC_EXPLICIT freed <1K, 25% free 2369K/3156K, paused 54ms+14ms, total 100ms
I/dalvikvm(   38): System server process 321 has been created
I/Zygote  (   38): Accepting command socket connections
E/BatteryService(  321): usbOnlinePath not found
E/BatteryService(  321): wirelessOnlinePath not found
E/BatteryService(  321): batteryVoltagePath not found
E/BatteryService(  321): batteryTemperaturePath not found
I/sysproc (  321): Entered system_init()
I/sysproc (  321): ServiceManager: 0x2a160a50
D/SensorService(  321): nuSensorService starting...
I/SensorService(  321): Goldfish 3-axis Accelerometer
I/SensorService(  321): Goldfish 3-axis Magnetic field sensor
I/SensorService(  321): Goldfish Orientation sensor
I/SensorService(  321): Goldfish Temperature sensor
I/SensorService(  321): Goldfish Proximity sensor
D/SensorService(  321): nuSensorService thread starting...
I/sysproc (  321): System server: starting Android runtime.
I/sysproc (  321): System server: starting Android services.
I/SystemServer(  321): Entered the Android system server!
I/sysproc (  321): System server: entering thread pool.
I/SystemServer(  321): Waiting for installd to be ready.
I/Installer(  321): connecting...
I/installd(   41): new connection
I/SystemServer(  321): Entropy Mixer
I/SystemServer(  321): Enabled StrictMode logging for WM Looper
I/SystemServer(  321): Enabled StrictMode logging for UI Looper
I/SystemServer(  321): Power Manager
E/PowerManagerService-JNI(  321): Couldn't load power module (No such file or directory)
I/SystemServer(  321): Activity Manager
I/ActivityManager(  321): Memory class: 48
W/UsageStats(  321): Usage stats version changed; dropping
I/ActivityManager(  321): Enabled StrictMode logging for AThread's Looper
I/SystemServer(  321): Display Manager
E/SurfaceFlinger(   37): ro.sf.lcd_density must be defined as a build property
I/SystemServer(  321): Telephony Registry
I/DisplayManagerService(  321): Display device added: DisplayDeviceInfo{"Built-in Screen": 480 x 800, 260.416 fps, density 240, 240.0 x 240.0 dpi, touch INTERNAL, FLAG_DEFAULT_DISPLAY, FLAG_ROTATES_WITH_CONTENT, FLAG_SECURE, FLAG_SUPPORTS_PROTECTED_BUFFERS, rotation 0, type BUILT_IN, address null}
I/SystemServer(  321): Scheduling Policy
I/SystemServer(  321): Package Manager
D/dalvikvm(  321): GC_CONCURRENT freed 254K, 11% free 2621K/2940K, paused 4ms+3ms, total 73ms
D/dalvikvm(  321): WAIT_FOR_CONCURRENT_GC blocked 7ms
D/dalvikvm(  321): GC_CONCURRENT freed 245K, 10% free 2767K/3072K, paused 4ms+52ms, total 94ms
W/PackageManager(  321): Running ENG build: no pre-dexopt!
D/dalvikvm(  321): GC_CONCURRENT freed 215K, 9% free 2953K/3228K, paused 5ms+13ms, total 61ms
W/PackageParser(  321): No actions in intent filter at /system/app/Contacts.apk Binary XML file line #533
D/dalvikvm(  321): GC_CONCURRENT freed 200K, 8% free 3145K/3400K, paused 5ms+7ms, total 246ms
D/dalvikvm(  321): GC_CONCURRENT freed 223K, 8% free 3357K/3640K, paused 5ms+32ms, total 86ms
W/PackageManager(  321): Package com.android.camera desires unavailable shared library com.google.android.media.effects; ignoring!
D/PackageManager(  321): No files in app dir /vendor/app
D/dalvikvm(  321): GC_CONCURRENT freed 228K, 8% free 3594K/3884K, paused 4ms+5ms, total 265ms
W/PackageParser(  321): No actions in intent filter at /data/app/ApiDemos.apk Binary XML file line #2737
W/PackageParser(  321): No actions in intent filter at /data/app/ApiDemos.apk Binary XML file line #2743
W/PackageManager(  321): Package com.example.android.apis desires unavailable shared library com.example.will.never.exist; ignoring!
I/PackageManager(  321): Time to scan packages: 4.794 seconds
W/PackageManager(  321): Unknown permission com.google.android.googleapps.permission.GOOGLE_AUTH.mail in package com.android.contacts
W/PackageManager(  321): Unknown permission android.permission.ADD_SYSTEM_SERVICE in package com.android.phone
W/PackageManager(  321): Unknown permission com.android.smspush.WAPPUSH_MANAGER_BIND in package com.android.phone
W/PackageManager(  321): Unknown permission com.google.android.googleapps.permission.GOOGLE_AUTH in package com.android.providers.calendar
W/PackageManager(  321): Unknown permission com.google.android.googleapps.permission.GOOGLE_AUTH.cl in package com.android.providers.calendar
W/PackageManager(  321): Unknown permission com.google.android.googleapps.permission.GOOGLE_AUTH.mail in package com.android.calendar
W/PackageManager(  321): Not granting permission android.permission.SEND_DOWNLOAD_COMPLETED_INTENTS to package com.android.browser (protectionLevel=2 flags=0x9be45)
W/PackageManager(  321): Not granting permission android.permission.BIND_APPWIDGET to package com.android.widgetpreview (protectionLevel=18 flags=0x8be44)
W/PackageManager(  321): Unknown permission com.google.android.googleapps.permission.GOOGLE_AUTH in package com.android.settings
W/PackageManager(  321): Unknown permission com.google.android.gallery3d.permission.GALLERY_PROVIDER in package com.android.exchange
W/PackageManager(  321): Unknown permission com.google.android.googleapps.permission.ACCESS_GOOGLE_PASSWORD in package com.android.development
W/PackageManager(  321): Unknown permission com.google.android.googleapps.permission.GOOGLE_AUTH in package com.android.development
W/PackageManager(  321): Unknown permission com.google.android.googleapps.permission.GOOGLE_AUTH.ALL_SERVICES in package com.android.development
W/PackageManager(  321): Unknown permission com.google.android.googleapps.permission.GOOGLE_AUTH.YouTubeUser in package com.android.development
W/PackageManager(  321): Unknown permission com.google.android.gallery3d.permission.GALLERY_PROVIDER in package com.android.email
D/dalvikvm(  321): GC_CONCURRENT freed 268K, 8% free 3749K/4076K, paused 5ms+16ms, total 129ms
W/PackageManager(  321): Not granting permission android.permission.DEVICE_POWER to package com.android.deskclock (protectionLevel=2 flags=0x8be45)
D/dalvikvm(  321): GC_EXPLICIT freed 254K, 13% free 3678K/4184K, paused 6ms+4ms, total 77ms
I/SystemServer(  321): User Service
I/SystemServer(  321): Account Manager
I/SystemServer(  321): Content Manager
I/SystemServer(  321): System Content Providers
I/SystemServer(  321): Lights Service
I/SystemServer(  321): Battery Service
I/SystemServer(  321): Vibrator Service
I/libsuspend(  321): Selected early suspend
I/libsuspend(  321): Starting early suspend unblocker thread
D/PermissionCache(   37): checking android.permission.ACCESS_SURFACE_FLINGER for uid=1000 => granted (44456 us)
D/SurfaceFlinger(   37): Screen acquired, type=0 flinger=0x2a007318
D/SurfaceFlinger(   37):  screen was previously acquired
I/SystemServer(  321): Alarm Manager
D/AlarmManagerService(  321): Kernel timezone updated to 0 minutes west of GMT
I/SystemServer(  321): Init Watchdog
I/SystemServer(  321): Input Manager
I/InputManager(  321): Initializing input manager, mUseDevInputEventForAudioJack=false
I/SystemServer(  321): Window Manager
E/SoundPool(  321): error loading /system/media/audio/ui/Lock.ogg
W/KeyguardViewMediator(  321): failed to load lock sound from /system/media/audio/ui/Lock.ogg
E/SoundPool(  321): error loading /system/media/audio/ui/Unlock.ogg
W/KeyguardViewMediator(  321): failed to load unlock sound from /system/media/audio/ui/Unlock.ogg
I/InputManager(  321): Starting input manager
I/SystemServer(  321): No Bluetooh Service (emulator)
I/SystemServer(  321): Input Method Service
W/InputMethodManagerService(  321): Couldn't create dir.: /data/system/inputmethod
I/EventHub(  321): New device: id=1, fd=89, path='/dev/input/event0', name='qwerty2', classes=0x2d, configuration='/system/usr/idc/qwerty2.idc', keyLayout='/system/usr/keylayout/qwerty.kl', keyCharacterMap='/system/usr/keychars/qwerty2.kcm', builtinKeyboard=true, usingSuspendBlockIoctl=false, usingClockIoctl=false
E/EventHub(  321): could not get driver version for /dev/input/mouse0, Not a typewriter
E/EventHub(  321): could not get driver version for /dev/input/mice, Not a typewriter
I/InputReader(  321): Device added: id=-1, name='Virtual', sources=0x00000301
I/InputReader(  321):   Touch device 'qwerty2' could not query the properties of its associated display.  The device will be inoperable until the display size becomes available.
I/InputReader(  321): Device added: id=0, name='qwerty2', sources=0x00011307
D/dalvikvm(  321): GC_CONCURRENT freed 300K, 9% free 3881K/4256K, paused 5ms+15ms, total 643ms
D/dalvikvm(  321): WAIT_FOR_CONCURRENT_GC blocked 253ms
E/Trace   (  321): error opening trace file: No such file or directory (2)
I/SystemServer(  321): Accessibility Manager
I/ActivityManager(  321): Config changes=15f8 {1.0 ?mcc?mnc en_US ldltr sw320dp w320dp h508dp 240dpi nrml long port ?uimode ?night finger -keyb/v/h tball/v s.2}
I/InputReader(  321): Reconfiguring input devices.  changes=0x00000004
I/InputReader(  321): Device reconfigured: id=0, name='qwerty2', size 480x800, orientation 0, mode 1, display id 0
I/InputReader(  321): Reconfiguring input devices.  changes=0x00000004
I/InputReader(  321): Device reconfigured: id=0, name='qwerty2', size 480x800, orientation 0, mode 1, display id 0
I/SystemServer(  321): Mount Service
D/MountService(  321): got storage path: /mnt/sdcard description: USB storage primary: true removable: false emulated: false mtpReserve: 0 allowMassStorage: false maxFileSize: 0
D/MountService(  321): addVolumeLocked() StorageVolume [mStorageId=0 mPath=/mnt/sdcard mDescriptionId=17040615 mPrimary=true mRemovable=false mEmulated=false mMtpReserveSpace=0 mAllowMassStorage=false mMaxFileSize=0 mOwner=null]
I/SystemServer(  321): LockSettingsService
I/SystemServer(  321): Device Policy
I/SystemServer(  321): Status Bar
I/SystemServer(  321): Clipboard Service
I/SystemServer(  321): NetworkManagement Service
I/SystemServer(  321): Text Service Manager Service
I/SystemServer(  321): NetworkStats Service
D/dalvikvm(  321): GREF has increased to 201
I/SystemServer(  321): NetworkPolicy Service
D/MountService(  321): volume state changed for /mnt/sdcard (null -> unmounted)
I/PackageManager(  321): Updating external media status from unmounted to unmounted
I/SystemServer(  321): Wi-Fi P2pService
I/SystemServer(  321): Wi-Fi Service
W/MountService(  321): getSecureContainerList() called when storage not mounted
E/CommandListener(   34): Failed to open /proc/sys/net/ipv6/conf/wlan0/disable_ipv6: No such file or directory
E/WifiStateMachine(  321): Failed to disable IPv6: java.lang.IllegalStateException: command '1 interface ipv6 wlan0 disable' failed with '400 1 Failed to change IPv6 state (No such file or directory)'
I/PackageManager(  321): No secure containers on sdcard
W/PackageManager(  321): Unknown permission com.google.android.googleapps.permission.GOOGLE_AUTH.mail in package com.android.contacts
W/PackageManager(  321): Unknown permission android.permission.ADD_SYSTEM_SERVICE in package com.android.phone
W/PackageManager(  321): Unknown permission com.android.smspush.WAPPUSH_MANAGER_BIND in package com.android.phone
W/PackageManager(  321): Unknown permission com.google.android.googleapps.permission.GOOGLE_AUTH in package com.android.providers.calendar
W/PackageManager(  321): Unknown permission com.google.android.googleapps.permission.GOOGLE_AUTH.cl in package com.android.providers.calendar
W/PackageManager(  321): Unknown permission com.google.android.googleapps.permission.GOOGLE_AUTH.mail in package com.android.calendar
W/PackageManager(  321): Not granting permission android.permission.SEND_DOWNLOAD_COMPLETED_INTENTS to package com.android.browser (protectionLevel=2 flags=0x89be45)
W/PackageManager(  321): Not granting permission android.permission.BIND_APPWIDGET to package com.android.widgetpreview (protectionLevel=18 flags=0x8be44)
W/PackageManager(  321): Unknown permission com.google.android.googleapps.permission.GOOGLE_AUTH in package com.android.settings
I/SystemServer(  321): Connectivity Service
D/ConnectivityService(  321): ConnectivityService starting up
W/PackageManager(  321): Unknown permission com.google.android.gallery3d.permission.GALLERY_PROVIDER in package com.android.exchange
W/PackageManager(  321): Unknown permission com.google.android.googleapps.permission.ACCESS_GOOGLE_PASSWORD in package com.android.development
W/PackageManager(  321): Unknown permission com.google.android.googleapps.permission.GOOGLE_AUTH in package com.android.development
W/PackageManager(  321): Unknown permission com.google.android.googleapps.permission.GOOGLE_AUTH.ALL_SERVICES in package com.android.development
W/PackageManager(  321): Unknown permission com.google.android.googleapps.permission.GOOGLE_AUTH.YouTubeUser in package com.android.development
W/PackageManager(  321): Unknown permission com.google.android.gallery3d.permission.GALLERY_PROVIDER in package com.android.email
W/PackageManager(  321): Not granting permission android.permission.DEVICE_POWER to package com.android.deskclock (protectionLevel=2 flags=0x88be45)
E/MobileDataStateTracker(  321): default: Ignoring feature request because could not acquire PhoneService
E/MobileDataStateTracker(  321): default: Could not enable APN type "default"
I/WifiService(  321): WifiService starting up with Wi-Fi disabled
I/SystemServer(  321): Network Service Discovery Service
D/NsdService(  321): Network service discovery enabled true
D/dalvikvm(  321): GC_CONCURRENT freed 265K, 8% free 4123K/4456K, paused 4ms+6ms, total 156ms
I/SystemServer(  321): Throttle Service
I/SystemServer(  321): UpdateLock Service
I/SystemServer(  321): Notification Manager
I/SystemServer(  321): Device Storage Monitor
I/SystemServer(  321): Location Manager
I/SystemServer(  321): Country Detector
I/SystemServer(  321): Search Service
I/SystemServer(  321): DropBox Service
I/SystemServer(  321): Wallpaper Service
I/SystemServer(  321): Audio Service
D/dalvikvm(  321): GC_CONCURRENT freed 326K, 9% free 4223K/4620K, paused 5ms+6ms, total 215ms
I/SystemServer(  321): Dock Observer
W/DockObserver(  321): This kernel does not have dock station support
I/SystemServer(  321): Wired Accessory Manager
W/WiredAccessoryManager(  321): This kernel does not have wired headset support
W/WiredAccessoryManager(  321): This kernel does not have usb audio support
W/WiredAccessoryManager(  321): This kernel does not have HDMI audio support
I/SystemServer(  321): USB Service
I/SystemServer(  321): Serial Service
I/SystemServer(  321): Twilight Service
I/SystemServer(  321): UI Mode Manager Service
I/SystemServer(  321): Backup Service
V/BackupManagerService(  321): No ancestral data
I/BackupManagerService(  321): Found stale backup journal, scheduling
I/BackupManagerService(  321):   android
I/BackupManagerService(  321):   com.android.browser
I/BackupManagerService(  321):   com.android.calendar
I/BackupManagerService(  321):   com.android.inputmethod.latin
I/BackupManagerService(  321):   com.android.providers.settings
I/BackupManagerService(  321):   com.android.providers.userdictionary
I/BackupManagerService(  321):   com.android.sharedstoragebackup
I/BackupManagerService(  321): Backup enabled => true
I/SystemServer(  321): AppWidget Service
I/SystemServer(  321): Recognition Service
I/SystemServer(  321): DiskStats Service
I/SystemServer(  321): SamplingProfiler Service
I/SystemServer(  321): NetworkTimeUpdateService
I/SystemServer(  321): CommonTimeManagementService
I/SystemServer(  321): CertBlacklister
I/SystemServer(  321): Dreams Service
I/WindowManager(  321): SAFE MODE not enabled
D/dalvikvm(  321): JIT started for system_server
I/ActivityManager(  321): System now ready
I/SystemServer(  321): Making services ready
I/Zygote  (  321): Process: zygote socket opened
I/ActivityManager(  321): Start proc com.android.systemui for service com.android.systemui/.SystemUIService: pid=415 uid=10034 gids={50034, 1028, 1015, 3002, 3001}
I/Vold    (   32): /dev/block/vold/179:0 being considered for volume sdcard
D/Vold    (   32): Volume sdcard state changing 1 (Idle-Unmounted) -> 3 (Checking)
I//system/bin/fsck_msdos(   32): ** /dev/block/vold/179:0
D/MountService(  321): volume state changed for /mnt/sdcard (unmounted -> checking)
D/MountService(  321): sendStorageIntent Intent { act=android.intent.action.MEDIA_CHECKING dat=file:///mnt/sdcard (has extras) } to UserHandle{-1}
D/NetworkManagementService(  321): not enabling bandwidth control
I/keystore(   42): uid: 1000 action: e -> 7 state: 3 -> 3 retry: 4
D/dalvikvm(  321): GC_CONCURRENT freed 315K, 9% free 4387K/4772K, paused 5ms+229ms, total 897ms
E/NetdConnector(  321): NDC Command {2 firewall disable} took too long (614ms)
W/NetworkStats(  321): bandwidth controls disabled, unable to track stats
W/NetworkPolicy(  321): bandwidth controls disabled, unable to enforce policy
I/keystore(   42): uid: 1000 action: e -> 7 state: 3 -> 3 retry: 4
I/ActivityManager(  321): Config changes=200 {1.0 ?mcc?mnc en_US ldltr sw320dp w320dp h508dp 240dpi nrml long port finger -keyb/v/h tball/v s.3}
W/RecognitionManagerService(  321): no available voice recognition services found for user 0
I//system/bin/fsck_msdos(   32): ** Phase 1 - Read and Compare FATs
I//system/bin/fsck_msdos(   32): Attempting to allocate 2044 KB for FAT
E/Trace   (  415): error opening trace file: No such file or directory (2)
D/dalvikvm(  321): GC_FOR_ALLOC freed 48K, 6% free 4674K/4944K, paused 73ms, total 84ms
D/SystemUIService(  415): loading: class com.android.systemui.statusbar.phone.PhoneStatusBar
D/SystemUIService(  415): running: com.android.systemui.statusbar.phone.PhoneStatusBar@40cd3b38
I/StatusBarManagerService(  321): registerStatusBar bar=com.android.internal.statusbar.IStatusBar$Stub$Proxy@40ddf158
W/InputMethodManagerService(  321): Ignoring setImeWindowStatus of uid 1000 token: null
D/dalvikvm(  321): GC_CONCURRENT freed 245K, 7% free 4954K/5272K, paused 17ms+5ms, total 242ms
D/dalvikvm(  321): WAIT_FOR_CONCURRENT_GC blocked 128ms
W/InputMethodManagerService(  321): Found no subtypes in a system IME: com.android.inputmethod.pinyin
I/ActivityManager(  321): Start proc com.android.inputmethod.latin for service com.android.inputmethod.latin/.LatinIME: pid=455 uid=10010 gids={50010, 1028}
I/CommonTimeManagementService(  321): No common time service detected on this platform.  Common time services will be unavailable.
I/InputReader(  321): Reconfiguring input devices.  changes=0x00000020
I/ActivityManager(  321): Start proc com.android.phone for added application com.android.phone: pid=467 uid=1001 gids={41001, 3002, 3001, 3003, 1015, 1028}
I/InputReader(  321): Reconfiguring input devices.  changes=0x00000010
D/dalvikvm(  415): GC_FOR_ALLOC freed 90K, 6% free 2664K/2816K, paused 928ms, total 934ms
I/dalvikvm-heap(  415): Grow heap (frag case) to 3.263MB for 635812-byte allocation
E/ThrottleService(  321): problem during onPollAlarm: java.lang.IllegalStateException: problem parsing stats: java.io.FileNotFoundException: /proc/net/xt_qtaguid/iface_stat_all: open failed: ENOENT (No such file or directory)
I/ActivityManager(  321): START u0 {act=android.intent.action.MAIN cat=[android.intent.category.HOME] flg=0x10000000 cmp=com.android.launcher/com.android.launcher2.Launcher} from pid 0
D/dalvikvm(  415): GC_CONCURRENT freed 5K, 5% free 3280K/3440K, paused 8ms+3ms, total 501ms
D/dalvikvm(  415): WAIT_FOR_CONCURRENT_GC blocked 407ms
I/ActivityManager(  321): Start proc com.android.launcher for activity com.android.launcher/com.android.launcher2.Launcher: pid=492 uid=10020 gids={50020, 1028}
I/SystemServer(  321): Enabled StrictMode for system server main thread.
E/Trace   (  455): error opening trace file: No such file or directory (2)
D/dalvikvm(  321): GC_CONCURRENT freed 223K, 6% free 5377K/5668K, paused 316ms+6ms, total 786ms
D/dalvikvm(  321): WAIT_FOR_CONCURRENT_GC blocked 52ms
D/dalvikvm(  321): WAIT_FOR_CONCURRENT_GC blocked 156ms
D/dalvikvm(  321): WAIT_FOR_CONCURRENT_GC blocked 193ms
D/dalvikvm(  321): WAIT_FOR_CONCURRENT_GC blocked 187ms
E/Trace   (  467): error opening trace file: No such file or directory (2)
I/LatinIME(  455): Hardware accelerated drawing: false
D/dalvikvm(  321): WAIT_FOR_CONCURRENT_GC blocked 1134ms
D/dalvikvm(  321): WAIT_FOR_CONCURRENT_GC blocked 1476ms
I/LocationBlacklist(  321): whitelist: []
I/LocationBlacklist(  321): blacklist: []
E/Trace   (  492): error opening trace file: No such file or directory (2)
E/BluetoothAdapter(  415): Bluetooth binder is null
E/BluetoothAdapter(  415): Bluetooth binder is null
E/SurfaceFlinger(   37): ro.sf.lcd_density must be defined as a build property
D/gralloc_goldfish(  321): Emulator without GPU emulation detected.
E/BluetoothAdapter(  415): Bluetooth binder is null
D/dalvikvm(  321): GC_CONCURRENT freed 708K, 13% free 5420K/6196K, paused 5ms+144ms, total 613ms
D/dalvikvm(  321): WAIT_FOR_CONCURRENT_GC blocked 13ms
D/dalvikvm(  321): WAIT_FOR_CONCURRENT_GC blocked 180ms
D/dalvikvm(  321): WAIT_FOR_CONCURRENT_GC blocked 30ms
D/dalvikvm(  321): WAIT_FOR_CONCURRENT_GC blocked 215ms
D/dalvikvm(  321): WAIT_FOR_CONCURRENT_GC blocked 225ms
D/dalvikvm(  415): GC_CONCURRENT freed 64K, 4% free 3638K/3764K, paused 7ms+95ms, total 296ms
W/InputAttributes(  455): No editor info for this field. Bug?
I/Choreographer(  321): Skipped 2780 frames!  The application may be doing too much work on its main thread.
E/BluetoothAdapter(  415): Bluetooth binder is null
D/dalvikvm(  321): GC_CONCURRENT freed 724K, 13% free 5461K/6252K, paused 5ms+84ms, total 600ms
D/dalvikvm(  321): WAIT_FOR_CONCURRENT_GC blocked 225ms
D/dalvikvm(  321): WAIT_FOR_CONCURRENT_GC blocked 391ms
D/dalvikvm(  321): WAIT_FOR_CONCURRENT_GC blocked 467ms
D/dalvikvm(  321): WAIT_FOR_CONCURRENT_GC blocked 471ms
W/TelephonyProvider(  467): onCreate: confFile=/system/etc/apns-conf.xml oldCheckSum=-1
D/dalvikvm(  455): GC_CONCURRENT freed 266K, 12% free 2496K/2824K, paused 257ms+3ms, total 525ms
D/TelephonyManager(  467): getLteOnCdmaMode=0 curVal=-1 product_type='' lteOnCdmaProductType=''
D/dalvikvm(  321): GREF has increased to 301
W/InputMethodManagerService(  321): Found no subtypes in a system IME: com.android.inputmethod.pinyin
E/ActivityThread(  455): Failed to find provider info for com.android.inputmethod.latin.dictionarypack
E/BinaryDictionaryGetter(  455): Could not find a dictionary pack
I/ActivityManager(  321): Start proc android.process.acore for content provider com.android.providers.userdictionary/.UserDictionaryProvider: pid=533 uid=10001 gids={50001, 3003, 1015, 1028}
I/ActivityManager(  321): Start proc com.android.music for broadcast com.android.music/.MediaButtonIntentReceiver: pid=539 uid=10025 gids={50025, 3003, 1015, 1028}
D/TelephonyManager(  467): getLteOnCdmaMode=0 curVal=-1 product_type='' lteOnCdmaProductType=''
D/TelephonyManager(  467): getLteOnCdmaMode=0 curVal=-1 product_type='' lteOnCdmaProductType=''
I/dalvikvm(  539): Turning on JNI app bug workarounds for target SDK version 9...
V/TAG     (  321): bug 7643792: fitSystemWindows([0,0][0,0])
E/Trace   (  539): error opening trace file: No such file or directory (2)
W/Settings(  467): Setting airplane_mode_on has moved from android.provider.Settings.System to android.provider.Settings.Global, returning read-only value.
D/PhoneStatusBar(  415): disable: < expand icons alerts ticker system_info back home recent clock search >
W/Settings(  467): Setting auto_time has moved from android.provider.Settings.System to android.provider.Settings.Global, returning read-only global URI.
W/Settings(  467): Setting auto_time_zone has moved from android.provider.Settings.System to android.provider.Settings.Global, returning read-only global URI.
V/TAG     (  321): bug 7643792: fitSystemWindows([0,38][0,0])
D/dalvikvm(  321): GC_CONCURRENT freed 707K, 13% free 5513K/6288K, paused 97ms+132ms, total 1649ms
W/ActivityManager(  321): Unable to start service Intent { act=com.android.internal.telephony.IWapPushManager } U=0: not found
E/Trace   (  533): error opening trace file: No such file or directory (2)
I/AudioService(  321):   Remote Control   registerMediaButtonIntent() for PendingIntent{40da0950: PendingIntentRecord{40e10760 com.android.music broadcastIntent}}
D/        (  467): [ApnContext:default] set reason as dataEnabled,current state IDLE
D/        (  467): [ApnContext:default] setRetryCount: 0
D/        (  467): [ApnContext:mms] set reason as dataEnabled,current state IDLE
D/        (  467): [ApnContext:mms] setRetryCount: 0
D/        (  467): [ApnContext:supl] set reason as dataEnabled,current state IDLE
D/        (  467): [ApnContext:supl] setRetryCount: 0
D/        (  467): [ApnContext:hipri] set reason as dataEnabled,current state IDLE
D/        (  467): [ApnContext:hipri] setRetryCount: 0
D/        (  467): [ApnContext:fota] set reason as dataEnabled,current state IDLE
D/        (  467): [ApnContext:fota] setRetryCount: 0
D/        (  467): [ApnContext:ims] set reason as dataEnabled,current state IDLE
D/        (  467): [ApnContext:ims] setRetryCount: 0
D/        (  467): [ApnContext:cbs] set reason as dataEnabled,current state IDLE
D/        (  467): [ApnContext:cbs] setRetryCount: 0
I/ActivityManager(  321): Start proc android.process.media for content provider com.android.providers.media/.MediaProvider: pid=577 uid=10000 gids={50000, 1015, 1023, 1024, 1028, 1006, 2001, 3003, 3007}
I/Choreographer(  321): Skipped 430 frames!  The application may be doing too much work on its main thread.
D/TelephonyManager(  467): getLteOnCdmaMode=0 curVal=-1 product_type='' lteOnCdmaProductType=''
D/dalvikvm(  467): GC_CONCURRENT freed 199K, 10% free 2579K/2840K, paused 6ms+89ms, total 656ms
E/SurfaceFlinger(   37): ro.sf.lcd_density must be defined as a build property
W/WindowManager(  321): Window freeze timeout expired.
W/WindowManager(  321): Force clearing orientation change: Window{40efc938 u0 Keyguard}
D/CallManager(  467): registerPhone(GSM Handler (com.android.internal.telephony.PhoneProxy) {40d03cf0})
E/BluetoothAdapter(  415): Bluetooth binder is null
D/SystemUIService(  415): loading: class com.android.systemui.power.PowerUI
D/SystemUIService(  415): running: com.android.systemui.power.PowerUI@40e41e48
D/SystemUIService(  415): loading: class com.android.systemui.media.RingtonePlayer
D/SystemUIService(  415): running: com.android.systemui.media.RingtonePlayer@40e42c28
E/BluetoothAdapter(  467): Bluetooth binder is null
D/dalvikvm(  321): GC_FOR_ALLOC freed 138K, 14% free 5462K/6288K, paused 252ms, total 255ms
I/dalvikvm-heap(  321): Grow heap (frag case) to 6.474MB for 1128976-byte allocation
D/dalvikvm(  321): GC_FOR_ALLOC freed 1K, 12% free 6563K/7392K, paused 243ms, total 243ms
D/dalvikvm(  321): GC_CONCURRENT freed 2K, 12% free 6568K/7392K, paused 23ms+125ms, total 496ms
W/ActivityManager(  321): Activity idle timeout for ActivityRecord{40f47728 u0 com.android.launcher/com.android.launcher2.Launcher}
E/BluetoothAdapter(  467): Bluetooth binder is null
I/ActivityManager(  321): Start proc com.android.contacts for broadcast com.android.contacts/.calllog.CallLogReceiver: pid=605 uid=10001 gids={50001, 3003, 1015, 1028}
E/BluetoothAdapter(  321): Bluetooth binder is null
E/BluetoothAdapter(  321): Bluetooth binder is null
V/WiredAccessoryManager(  321): init()
E/Trace   (  577): error opening trace file: No such file or directory (2)
E/SoundPool(  321): error loading /system/media/audio/ui/Effect_Tick.ogg
W/AudioService(  321): Soundpool could not load file: /system/media/audio/ui/Effect_Tick.ogg
E/SoundPool(  321): error loading /system/media/audio/ui/Effect_Tick.ogg
W/AudioService(  321): Soundpool could not load file: /system/media/audio/ui/Effect_Tick.ogg
E/SoundPool(  321): error loading /system/media/audio/ui/Effect_Tick.ogg
W/AudioService(  321): Soundpool could not load file: /system/media/audio/ui/Effect_Tick.ogg
E/SoundPool(  321): error loading /system/media/audio/ui/Effect_Tick.ogg
W/AudioService(  321): Soundpool could not load file: /system/media/audio/ui/Effect_Tick.ogg
E/SoundPool(  321): error loading /system/media/audio/ui/Effect_Tick.ogg
W/AudioService(  321): Soundpool could not load file: /system/media/audio/ui/Effect_Tick.ogg
E/SoundPool(  321): error loading /system/media/audio/ui/KeypressStandard.ogg
W/AudioService(  321): Soundpool could not load file: /system/media/audio/ui/KeypressStandard.ogg
E/SoundPool(  321): error loading /system/media/audio/ui/KeypressSpacebar.ogg
W/AudioService(  321): Soundpool could not load file: /system/media/audio/ui/KeypressSpacebar.ogg
E/SoundPool(  321): error loading /system/media/audio/ui/KeypressDelete.ogg
W/AudioService(  321): Soundpool could not load file: /system/media/audio/ui/KeypressDelete.ogg
E/SoundPool(  321): error loading /system/media/audio/ui/KeypressReturn.ogg
W/AudioService(  321): Soundpool could not load file: /system/media/audio/ui/KeypressReturn.ogg
W/AudioService(  321): loadSoundEffects(), Error -1 while loading samples
I/Choreographer(  321): Skipped 792 frames!  The application may be doing too much work on its main thread.
I/Choreographer(  321): Skipped 127 frames!  The application may be doing too much work on its main thread.
D/dalvikvm(  492): GC_CONCURRENT freed 186K, 9% free 2619K/2864K, paused 7ms+3ms, total 1187ms
E/Trace   (  605): error opening trace file: No such file or directory (2)
I/Choreographer(  415): Skipped 3930 frames!  The application may be doing too much work on its main thread.
W/dalvikvm(  605): threadid=5: spin on suspend #1 threadid=1 (pcf=0)
W/dalvikvm(  605): threadid=5: spin on suspend resolved in 1757 msec
I/DownloadManager(  577): in removeSpuriousFiles
E/SurfaceFlinger(   37): ro.sf.lcd_density must be defined as a build property
D/dalvikvm(  321): GREF has increased to 401
D/PhoneStatusBar(  415): disable: < expand icons alerts ticker system_info BACK* HOME* RECENT* CLOCK* SEARCH* >
W/dalvikvm(  533): threadid=2: spin on suspend #1 threadid=11 (pcf=0)
D/dalvikvm(  533): Temporarily moving tid 631 to fg (was 0)
D/dalvikvm(  533): Temporarily raised priority on tid 631 (10 -> 0)
W/dalvikvm(  533): threadid=2: spin on suspend resolved in 1019 msec
D/dalvikvm(  533): Restored policy of 631 to 0
D/dalvikvm(  533): Restored priority on 631 to 10
W/WindowManager(  321): Window freeze timeout expired.
W/WindowManager(  321): Force clearing orientation change: Window{4106fb10 u0 StatusBar}
W/ActivityManager(  321): Timeout executing service: ServiceRecord{40ee6c50 u0 com.android.inputmethod.latin/.LatinIME}
D/DebugService(  467): DebugService DebugService:
D/TelephonyDebugService(  467): TelephonyDebugService()
I/Process (  321): Sending signal. PID: 455 SIG: 3
I/dalvikvm(  455): threadid=3: reacting to signal 3
D/dalvikvm(  467): GC_CONCURRENT freed 320K, 13% free 2651K/3032K, paused 5ms+222ms, total 425ms
I/Process (  321): Sending signal. PID: 321 SIG: 3
