W/Resources(   38): Preloaded drawable resource #0x10805f3 (android:drawable/textfield_search_right_default_holo_dark) that varies with configuration!!
W/Resources(   38): Preloaded drawable resource #0x10805f9 (android:drawable/textfield_search_selected_holo_light) that varies with configuration!!
W/Resources(   38): Preloaded drawable resource #0x10805ed (android:drawable/textfield_search_default_holo_light) that varies with configuration!!
W/Resources(   38): Preloaded drawable resource #0x10805f6 (android:drawable/textfield_search_right_selected_holo_light) that varies with configuration!!
W/Resources(   38): Preloaded drawable resource #0x10805f4 (android:drawable/textfield_search_right_default_holo_light) that varies with configuration!!
D/dalvikvm(   38): GC_EXPLICIT freed 48K, 26% free 2364K/3156K, paused 2ms+3ms, total 135ms
W/Resources(   38): Preloaded drawable resource #0x10805c1 (android:drawable/tab_unselected_holo) that varies with configuration!!
W/Resources(   38): Preloaded drawable resource #0x10805bc (android:drawable/tab_selected_holo) that varies with configuration!!
W/Resources(   38): Preloaded drawable resource #0x10805c0 (android:drawable/tab_unselected_focused_holo) that varies with configuration!!
W/Resources(   38): Preloaded drawable resource #0x10805bb (android:drawable/tab_selected_focused_holo) that varies with configuration!!
W/Resources(   38): Preloaded drawable resource #0x10805c2 (android:drawable/tab_unselected_pressed_holo) that varies with configuration!!
W/Resources(   38): Preloaded drawable resource #0x10805bd (android:drawable/tab_selected_pressed_holo) that varies with configuration!!
W/Resources(   38): Preloaded drawable resource #0x10805c2 (android:drawable/tab_unselected_pressed_holo) that varies with configuration!!
W/Resources(   38): Preloaded drawable resource #0x10805bd (android:drawable/tab_selected_pressed_holo) that varies with configuration!!
W/Resources(   38): Preloaded drawable resource #0x10805bd (android:drawable/tab_selected_pressed_holo) that varies with configuration!!
W/Resources(   38): Preloaded drawable resource #0x10805c1 (android:drawable/tab_unselected_holo) that varies with configuration!!
W/Resources(   38): Preloaded drawable resource #0x10805bc (android:drawable/tab_selected_holo) that varies with configuration!!
W/Resources(   38): Preloaded drawable resource #0x10805c0 (android:drawable/tab_unselected_focused_holo) that varies with configuration!!
W/Resources(   38): Preloaded drawable resource #0x10805bb (android:drawable/tab_selected_focused_holo) that varies with configuration!!
W/Resources(   38): Preloaded drawable resource #0x10805c2 (android:drawable/tab_unselected_pressed_holo) that varies with configuration!!
W/Resources(   38): Preloaded drawable resource #0x10805bd (android:drawable/tab_selected_pressed_holo) that varies with configuration!!
W/Resources(   38): Preloaded drawable resource #0x10804a5 (android:drawable/quickcontact_badge_overlay_pressed_dark) that varies with configuration!!
W/Resources(   38): Preloaded drawable resource #0x10804a0 (android:drawable/quickcontact_badge_overlay_focused_dark) that varies with configuration!!
W/Resources(   38): Preloaded drawable resource #0x10804a3 (android:drawable/quickcontact_badge_overlay_normal_dark) that varies with configuration!!
W/Resources(   38): Preloaded drawable resource #0x10804a3 (android:drawable/quickcontact_badge_overlay_normal_dark) that varies with configuration!!
W/Resources(   38): Preloaded drawable resource #0x10804a3 (android:drawable/quickcontact_badge_overlay_normal_dark) that varies with configuration!!
D/dalvikvm(   38): GC_EXPLICIT freed 56K, 26% free 2365K/3156K, paused 4ms+4ms, total 48ms
W/Resources(   38): Preloaded drawable resource #0x10804a5 (android:drawable/quickcontact_badge_overlay_pressed_dark) that varies with configuration!!
W/Resources(   38): Preloaded drawable resource #0x10804a6 (android:drawable/quickcontact_badge_overlay_pressed_light) that varies with configuration!!
W/Resources(   38): Preloaded drawable resource #0x10804a1 (android:drawable/quickcontact_badge_overlay_focused_light) that varies with configuration!!
W/Resources(   38): Preloaded drawable resource #0x10804a4 (android:drawable/quickcontact_badge_overlay_normal_light) that varies with configuration!!
W/Resources(   38): Preloaded drawable resource #0x10804a4 (android:drawable/quickcontact_badge_overlay_normal_light) that varies with configuration!!
W/Resources(   38): Preloaded drawable resource #0x10804a4 (android:drawable/quickcontact_badge_overlay_normal_light) that varies with configuration!!
W/Resources(   38): Preloaded drawable resource #0x10804a6 (android:drawable/quickcontact_badge_overlay_pressed_light) that varies with configuration!!
I/Zygote  (   38): ...preloaded 270 resources in 10333ms.
D/dalvikvm(   38): GC_EXPLICIT freed 48K, 25% free 2369K/3156K, paused 2ms+3ms, total 46ms
I/Zygote  (   38): ...preloaded 31 resources in 85ms.
D/dalvikvm(   38): GC_EXPLICIT freed 9K, 25% free 2377K/3156K, paused 3ms+13ms, total 46ms
D/dalvikvm(   38): GC_EXPLICIT freed 7K, 25% free 2369K/3156K, paused 3ms+3ms, total 32ms
D/dalvikvm(   38): GC_EXPLICIT freed <1K, 25% free 2369K/3156K, paused 2ms+10ms, total 66ms
I/dalvikvm(   38): System server process 308 has been created
I/Zygote  (   38): Accepting command socket connections
E/BatteryService(  308): usbOnlinePath not found
E/BatteryService(  308): wirelessOnlinePath not found
E/BatteryService(  308): batteryVoltagePath not found
E/BatteryService(  308): batteryTemperaturePath not found
I/sysproc (  308): Entered system_init()
I/sysproc (  308): ServiceManager: 0x2a14f9d0
D/SensorService(  308): nuSensorService starting...
I/SensorService(  308): Goldfish 3-axis Accelerometer
I/SensorService(  308): Goldfish 3-axis Magnetic field sensor
I/SensorService(  308): Goldfish Orientation sensor
I/SensorService(  308): Goldfish Temperature sensor
I/SensorService(  308): Goldfish Proximity sensor
D/SensorService(  308): nuSensorService thread starting...
I/sysproc (  308): System server: starting Android runtime.
I/sysproc (  308): System server: starting Android services.
I/SystemServer(  308): Entered the Android system server!
I/sysproc (  308): System server: entering thread pool.
I/SystemServer(  308): Enabled StrictMode logging for UI Looper
I/SystemServer(  308): Waiting for installd to be ready.
I/Installer(  308): connecting...
I/installd(   41): new connection
I/SystemServer(  308): Entropy Mixer
I/SystemServer(  308): Enabled StrictMode logging for WM Looper
I/SystemServer(  308): Power Manager
E/PowerManagerService-JNI(  308): Couldn't load power module (No such file or directory)
I/SystemServer(  308): Activity Manager
I/ActivityManager(  308): Memory class: 48
W/UsageStats(  308): Usage stats version changed; dropping
I/ActivityManager(  308): Enabled StrictMode logging for AThread's Looper
I/SystemServer(  308): Display Manager
E/SurfaceFlinger(   37): ro.sf.lcd_density must be defined as a build property
I/DisplayManagerService(  308): Display device added: DisplayDeviceInfo{"Built-in Screen": 480 x 800, 260.416 fps, density 240, 240.0 x 240.0 dpi, touch INTERNAL, FLAG_DEFAULT_DISPLAY, FLAG_ROTATES_WITH_CONTENT, FLAG_SECURE, FLAG_SUPPORTS_PROTECTED_BUFFERS, rotation 0, type BUILT_IN, address null}
I/SystemServer(  308): Telephony Registry
I/SystemServer(  308): Scheduling Policy
I/SystemServer(  308): Package Manager
D/dalvikvm(  308): GC_CONCURRENT freed 253K, 11% free 2621K/2936K, paused 5ms+3ms, total 193ms
D/dalvikvm(  308): WAIT_FOR_CONCURRENT_GC blocked 35ms
D/dalvikvm(  308): GC_CONCURRENT freed 246K, 10% free 2771K/3072K, paused 4ms+27ms, total 61ms
W/PackageManager(  308): Running ENG build: no pre-dexopt!
D/dalvikvm(  308): GC_CONCURRENT freed 219K, 9% free 2981K/3256K, paused 5ms+5ms, total 209ms
W/PackageParser(  308): No actions in intent filter at /system/app/Contacts.apk Binary XML file line #533
D/dalvikvm(  308): GC_CONCURRENT freed 216K, 8% free 3178K/3444K, paused 4ms+16ms, total 76ms
D/dalvikvm(  308): GC_CONCURRENT freed 233K, 8% free 3401K/3692K, paused 5ms+5ms, total 422ms
W/PackageManager(  308): Package com.android.camera desires unavailable shared library com.google.android.media.effects; ignoring!
D/PackageManager(  308): No files in app dir /vendor/app
D/dalvikvm(  308): GC_CONCURRENT freed 218K, 8% free 3618K/3896K, paused 4ms+4ms, total 79ms
W/PackageParser(  308): No actions in intent filter at /data/app/ApiDemos.apk Binary XML file line #2737
W/PackageParser(  308): No actions in intent filter at /data/app/ApiDemos.apk Binary XML file line #2743
W/PackageManager(  308): Package com.example.android.apis desires unavailable shared library com.example.will.never.exist; ignoring!
I/PackageManager(  308): Time to scan packages: 4.982 seconds
W/PackageManager(  308): Unknown permission com.google.android.googleapps.permission.GOOGLE_AUTH.mail in package com.android.contacts
W/PackageManager(  308): Unknown permission android.permission.ADD_SYSTEM_SERVICE in package com.android.phone
W/PackageManager(  308): Unknown permission com.android.smspush.WAPPUSH_MANAGER_BIND in package com.android.phone
W/PackageManager(  308): Unknown permission com.google.android.googleapps.permission.GOOGLE_AUTH in package com.android.providers.calendar
W/PackageManager(  308): Unknown permission com.google.android.googleapps.permission.GOOGLE_AUTH.cl in package com.android.providers.calendar
W/PackageManager(  308): Unknown permission com.google.android.googleapps.permission.GOOGLE_AUTH.mail in package com.android.calendar
W/PackageManager(  308): Not granting permission android.permission.SEND_DOWNLOAD_COMPLETED_INTENTS to package com.android.browser (protectionLevel=2 flags=0x9be45)
W/PackageManager(  308): Not granting permission android.permission.BIND_APPWIDGET to package com.android.widgetpreview (protectionLevel=18 flags=0x8be44)
W/PackageManager(  308): Unknown permission com.google.android.googleapps.permission.GOOGLE_AUTH in package com.android.settings
W/PackageManager(  308): Unknown permission com.google.android.gallery3d.permission.GALLERY_PROVIDER in package com.android.exchange
W/PackageManager(  308): Unknown permission com.google.android.googleapps.permission.ACCESS_GOOGLE_PASSWORD in package com.android.development
W/PackageManager(  308): Unknown permission com.google.android.googleapps.permission.GOOGLE_AUTH in package com.android.development
W/PackageManager(  308): Unknown permission com.google.android.googleapps.permission.GOOGLE_AUTH.ALL_SERVICES in package com.android.development
W/PackageManager(  308): Unknown permission com.google.android.googleapps.permission.GOOGLE_AUTH.YouTubeUser in package com.android.development
W/PackageManager(  308): Unknown permission com.google.android.gallery3d.permission.GALLERY_PROVIDER in package com.android.email
W/PackageManager(  308): Not granting permission android.permission.DEVICE_POWER to package com.android.deskclock (protectionLevel=2 flags=0x8be45)
D/dalvikvm(  308): GC_CONCURRENT freed 248K, 8% free 3821K/4128K, paused 5ms+19ms, total 247ms
D/dalvikvm(  308): GC_EXPLICIT freed 254K, 12% free 3678K/4172K, paused 45ms+19ms, total 208ms
I/SystemServer(  308): User Service
I/SystemServer(  308): Account Manager
I/SystemServer(  308): Content Manager
I/SystemServer(  308): System Content Providers
I/SystemServer(  308): Lights Service
I/SystemServer(  308): Battery Service
I/SystemServer(  308): Vibrator Service
I/libsuspend(  308): Selected early suspend
I/libsuspend(  308): Starting early suspend unblocker thread
D/PermissionCache(   37): checking android.permission.ACCESS_SURFACE_FLINGER for uid=1000 => granted (2865 us)
D/SurfaceFlinger(   37): Screen acquired, type=0 flinger=0x2a007318
D/SurfaceFlinger(   37):  screen was previously acquired
I/SystemServer(  308): Alarm Manager
D/AlarmManagerService(  308): Kernel timezone updated to 0 minutes west of GMT
I/SystemServer(  308): Init Watchdog
I/SystemServer(  308): Input Manager
I/InputManager(  308): Initializing input manager, mUseDevInputEventForAudioJack=false
I/SystemServer(  308): Window Manager
E/SoundPool(  308): error loading /system/media/audio/ui/Lock.ogg
W/KeyguardViewMediator(  308): failed to load lock sound from /system/media/audio/ui/Lock.ogg
E/SoundPool(  308): error loading /system/media/audio/ui/Unlock.ogg
W/KeyguardViewMediator(  308): failed to load unlock sound from /system/media/audio/ui/Unlock.ogg
I/InputManager(  308): Starting input manager
I/SystemServer(  308): No Bluetooh Service (emulator)
I/SystemServer(  308): Input Method Service
I/EventHub(  308): New device: id=1, fd=88, path='/dev/input/event0', name='qwerty2', classes=0x2d, configuration='/system/usr/idc/qwerty2.idc', keyLayout='/system/usr/keylayout/qwerty.kl', keyCharacterMap='/system/usr/keychars/qwerty2.kcm', builtinKeyboard=true, usingSuspendBlockIoctl=false, usingClockIoctl=false
E/EventHub(  308): could not get driver version for /dev/input/mouse0, Not a typewriter
E/EventHub(  308): could not get driver version for /dev/input/mice, Not a typewriter
D/dalvikvm(  308): GC_CONCURRENT freed 289K, 9% free 3886K/4244K, paused 5ms+5ms, total 312ms
W/InputMethodManagerService(  308): Couldn't create dir.: /data/system/inputmethod
I/InputReader(  308): Device added: id=-1, name='Virtual', sources=0x00000301
I/InputReader(  308):   Touch device 'qwerty2' could not query the properties of its associated display.  The device will be inoperable until the display size becomes available.
I/InputReader(  308): Device added: id=0, name='qwerty2', sources=0x00011307
E/Trace   (  308): error opening trace file: No such file or directory (2)
I/SystemServer(  308): Accessibility Manager
I/ActivityManager(  308): Config changes=15f8 {1.0 ?mcc?mnc en_US ldltr sw320dp w320dp h508dp 240dpi nrml long port ?uimode ?night finger -keyb/v/h tball/v s.2}
I/InputReader(  308): Reconfiguring input devices.  changes=0x00000004
I/InputReader(  308): Device reconfigured: id=0, name='qwerty2', size 480x800, orientation 0, mode 1, display id 0
I/InputReader(  308): Reconfiguring input devices.  changes=0x00000004
I/InputReader(  308): Device reconfigured: id=0, name='qwerty2', size 480x800, orientation 0, mode 1, display id 0
I/SystemServer(  308): Mount Service
D/MountService(  308): got storage path: /mnt/sdcard description: USB storage primary: true removable: false emulated: false mtpReserve: 0 allowMassStorage: false maxFileSize: 0
D/MountService(  308): addVolumeLocked() StorageVolume [mStorageId=0 mPath=/mnt/sdcard mDescriptionId=17040615 mPrimary=true mRemovable=false mEmulated=false mMtpReserveSpace=0 mAllowMassStorage=false mMaxFileSize=0 mOwner=null]
I/SystemServer(  308): LockSettingsService
I/SystemServer(  308): Device Policy
I/SystemServer(  308): Status Bar
D/dalvikvm(  308): GREF has increased to 201
I/SystemServer(  308): Clipboard Service
I/SystemServer(  308): NetworkManagement Service
D/MountService(  308): volume state changed for /mnt/sdcard (null -> unmounted)
I/PackageManager(  308): Updating external media status from unmounted to unmounted
W/MountService(  308): getSecureContainerList() called when storage not mounted
I/PackageManager(  308): No secure containers on sdcard
W/PackageManager(  308): Unknown permission com.google.android.googleapps.permission.GOOGLE_AUTH.mail in package com.android.contacts
W/PackageManager(  308): Unknown permission android.permission.ADD_SYSTEM_SERVICE in package com.android.phone
W/PackageManager(  308): Unknown permission com.android.smspush.WAPPUSH_MANAGER_BIND in package com.android.phone
W/PackageManager(  308): Unknown permission com.google.android.googleapps.permission.GOOGLE_AUTH in package com.android.providers.calendar
W/PackageManager(  308): Unknown permission com.google.android.googleapps.permission.GOOGLE_AUTH.cl in package com.android.providers.calendar
W/PackageManager(  308): Unknown permission com.google.android.googleapps.permission.GOOGLE_AUTH.mail in package com.android.calendar
W/PackageManager(  308): Not granting permission android.permission.SEND_DOWNLOAD_COMPLETED_INTENTS to package com.android.browser (protectionLevel=2 flags=0x89be45)
W/PackageManager(  308): Not granting permission android.permission.BIND_APPWIDGET to package com.android.widgetpreview (protectionLevel=18 flags=0x8be44)
W/PackageManager(  308): Unknown permission com.google.android.googleapps.permission.GOOGLE_AUTH in package com.android.settings
W/PackageManager(  308): Unknown permission com.google.android.gallery3d.permission.GALLERY_PROVIDER in package com.android.exchange
W/PackageManager(  308): Unknown permission com.google.android.googleapps.permission.ACCESS_GOOGLE_PASSWORD in package com.android.development
W/PackageManager(  308): Unknown permission com.google.android.googleapps.permission.GOOGLE_AUTH in package com.android.development
W/PackageManager(  308): Unknown permission com.google.android.googleapps.permission.GOOGLE_AUTH.ALL_SERVICES in package com.android.development
W/PackageManager(  308): Unknown permission com.google.android.googleapps.permission.GOOGLE_AUTH.YouTubeUser in package com.android.development
W/PackageManager(  308): Unknown permission com.google.android.gallery3d.permission.GALLERY_PROVIDER in package com.android.email
W/PackageManager(  308): Not granting permission android.permission.DEVICE_POWER to package com.android.deskclock (protectionLevel=2 flags=0x88be45)
I/SystemServer(  308): Text Service Manager Service
D/dalvikvm(  308): GC_CONCURRENT freed 296K, 9% free 3992K/4352K, paused 4ms+3ms, total 119ms
I/SystemServer(  308): NetworkStats Service
I/SystemServer(  308): NetworkPolicy Service
I/SystemServer(  308): Wi-Fi P2pService
I/SystemServer(  308): Wi-Fi Service
E/CommandListener(   34): Failed to open /proc/sys/net/ipv6/conf/wlan0/disable_ipv6: No such file or directory
E/WifiStateMachine(  308): Failed to disable IPv6: java.lang.IllegalStateException: command '1 interface ipv6 wlan0 disable' failed with '400 1 Failed to change IPv6 state (No such file or directory)'
I/SystemServer(  308): Connectivity Service
D/ConnectivityService(  308): ConnectivityService starting up
E/MobileDataStateTracker(  308): default: Ignoring feature request because could not acquire PhoneService
E/MobileDataStateTracker(  308): default: Could not enable APN type "default"
I/WifiService(  308): WifiService starting up with Wi-Fi disabled
I/SystemServer(  308): Network Service Discovery Service
D/NsdService(  308): Network service discovery enabled true
I/SystemServer(  308): Throttle Service
I/SystemServer(  308): UpdateLock Service
I/SystemServer(  308): Notification Manager
I/SystemServer(  308): Device Storage Monitor
I/SystemServer(  308): Location Manager
I/SystemServer(  308): Country Detector
I/SystemServer(  308): Search Service
I/SystemServer(  308): DropBox Service
I/SystemServer(  308): Wallpaper Service
I/SystemServer(  308): Audio Service
D/dalvikvm(  308): GC_CONCURRENT freed 233K, 7% free 4234K/4532K, paused 5ms+21ms, total 113ms
I/SystemServer(  308): Dock Observer
W/DockObserver(  308): This kernel does not have dock station support
I/SystemServer(  308): Wired Accessory Manager
W/WiredAccessoryManager(  308): This kernel does not have wired headset support
W/WiredAccessoryManager(  308): This kernel does not have usb audio support
W/WiredAccessoryManager(  308): This kernel does not have HDMI audio support
I/SystemServer(  308): USB Service
I/SystemServer(  308): Serial Service
I/SystemServer(  308): Twilight Service
I/SystemServer(  308): UI Mode Manager Service
I/SystemServer(  308): Backup Service
V/BackupManagerService(  308): No ancestral data
I/BackupManagerService(  308): Found stale backup journal, scheduling
I/BackupManagerService(  308):   android
I/BackupManagerService(  308):   com.android.browser
I/BackupManagerService(  308):   com.android.calendar
I/BackupManagerService(  308):   com.android.inputmethod.latin
I/BackupManagerService(  308):   com.android.providers.settings
I/BackupManagerService(  308):   com.android.providers.userdictionary
I/BackupManagerService(  308):   com.android.sharedstoragebackup
I/BackupManagerService(  308): Backup enabled => true
I/SystemServer(  308): AppWidget Service
I/SystemServer(  308): Recognition Service
I/SystemServer(  308): DiskStats Service
I/SystemServer(  308): SamplingProfiler Service
I/SystemServer(  308): NetworkTimeUpdateService
I/SystemServer(  308): CommonTimeManagementService
I/SystemServer(  308): CertBlacklister
I/SystemServer(  308): Dreams Service
I/WindowManager(  308): SAFE MODE not enabled
D/dalvikvm(  308): JIT started for system_server
D/dalvikvm(  308): GC_CONCURRENT freed 327K, 9% free 4296K/4688K, paused 7ms+13ms, total 144ms
I/ActivityManager(  308): System now ready
I/SystemServer(  308): Making services ready
I/Zygote  (  308): Process: zygote socket opened
I/ActivityManager(  308): Start proc com.android.systemui for service com.android.systemui/.SystemUIService: pid=405 uid=10034 gids={50034, 1028, 1015, 3002, 3001}
I/Vold    (   32): /dev/block/vold/179:0 being considered for volume sdcard
D/Vold    (   32): Volume sdcard state changing 1 (Idle-Unmounted) -> 3 (Checking)
D/MountService(  308): volume state changed for /mnt/sdcard (unmounted -> checking)
D/MountService(  308): sendStorageIntent Intent { act=android.intent.action.MEDIA_CHECKING dat=file:///mnt/sdcard (has extras) } to UserHandle{-1}
I//system/bin/fsck_msdos(   32): ** /dev/block/vold/179:0
D/NetworkManagementService(  308): not enabling bandwidth control
I/keystore(   42): uid: 1000 action: e -> 7 state: 3 -> 3 retry: 4
W/NetworkStats(  308): bandwidth controls disabled, unable to track stats
W/NetworkPolicy(  308): bandwidth controls disabled, unable to enforce policy
I/keystore(   42): uid: 1000 action: e -> 7 state: 3 -> 3 retry: 4
I/ActivityManager(  308): Config changes=200 {1.0 ?mcc?mnc en_US ldltr sw320dp w320dp h508dp 240dpi nrml long port finger -keyb/v/h tball/v s.3}
W/RecognitionManagerService(  308): no available voice recognition services found for user 0
I//system/bin/fsck_msdos(   32): ** Phase 1 - Read and Compare FATs
I//system/bin/fsck_msdos(   32): Attempting to allocate 2044 KB for FAT
E/Trace   (  405): error opening trace file: No such file or directory (2)
D/SystemUIService(  405): loading: class com.android.systemui.statusbar.phone.PhoneStatusBar
D/SystemUIService(  405): running: com.android.systemui.statusbar.phone.PhoneStatusBar@40cd23f8
D/dalvikvm(  308): GC_CONCURRENT freed 99K, 4% free 4692K/4856K, paused 36ms+47ms, total 270ms
D/dalvikvm(  308): WAIT_FOR_CONCURRENT_GC blocked 202ms
I/StatusBarManagerService(  308): registerStatusBar bar=com.android.internal.statusbar.IStatusBar$Stub$Proxy@40e813d8
W/InputMethodManagerService(  308): Ignoring setImeWindowStatus of uid 1000 token: null
W/InputMethodManagerService(  308): Found no subtypes in a system IME: com.android.inputmethod.pinyin
I/ActivityManager(  308): Start proc com.android.inputmethod.latin for service com.android.inputmethod.latin/.LatinIME: pid=442 uid=10010 gids={50010, 1028}
I/CommonTimeManagementService(  308): No common time service detected on this platform.  Common time services will be unavailable.
I/InputReader(  308): Reconfiguring input devices.  changes=0x00000020
I/ActivityManager(  308): Start proc com.android.phone for added application com.android.phone: pid=455 uid=1001 gids={41001, 3002, 3001, 3003, 1015, 1028}
I/InputReader(  308): Reconfiguring input devices.  changes=0x00000010
I/ActivityManager(  308): START u0 {act=android.intent.action.MAIN cat=[android.intent.category.HOME] flg=0x10000000 cmp=com.android.launcher/com.android.launcher2.Launcher} from pid 0
I/LocationBlacklist(  308): whitelist: []
I/LocationBlacklist(  308): blacklist: []
D/dalvikvm(  405): GC_FOR_ALLOC freed 89K, 6% free 2664K/2808K, paused 43ms, total 88ms
I/dalvikvm-heap(  405): Grow heap (frag case) to 3.259MB for 635812-byte allocation
D/dalvikvm(  405): GC_CONCURRENT freed 5K, 5% free 3280K/3432K, paused 21ms+2ms, total 56ms
D/dalvikvm(  405): WAIT_FOR_CONCURRENT_GC blocked 35ms
E/ThrottleService(  308): problem during onPollAlarm: java.lang.IllegalStateException: problem parsing stats: java.io.FileNotFoundException: /proc/net/xt_qtaguid/iface_stat_all: open failed: ENOENT (No such file or directory)
I/ActivityManager(  308): Start proc com.android.launcher for activity com.android.launcher/com.android.launcher2.Launcher: pid=478 uid=10020 gids={50020, 1028}
I/SystemServer(  308): Enabled StrictMode for system server main thread.
D/dalvikvm(  308): GC_CONCURRENT freed 356K, 8% free 4907K/5328K, paused 5ms+949ms, total 1295ms
E/Trace   (  442): error opening trace file: No such file or directory (2)
E/Trace   (  455): error opening trace file: No such file or directory (2)
D/dalvikvm(  308): GC_FOR_ALLOC freed 96K, 9% free 5083K/5536K, paused 256ms, total 269ms
E/Trace   (  478): error opening trace file: No such file or directory (2)
E/BluetoothAdapter(  405): Bluetooth binder is null
E/BluetoothAdapter(  405): Bluetooth binder is null
E/SurfaceFlinger(   37): ro.sf.lcd_density must be defined as a build property
D/gralloc_goldfish(  308): Emulator without GPU emulation detected.
E/BluetoothAdapter(  405): Bluetooth binder is null
W/TelephonyProvider(  455): onCreate: confFile=/system/etc/apns-conf.xml oldCheckSum=-1
D/TelephonyManager(  455): getLteOnCdmaMode=0 curVal=-1 product_type='' lteOnCdmaProductType=''
D/dalvikvm(  308): GC_CONCURRENT freed 357K, 8% free 5404K/5824K, paused 33ms+378ms, total 802ms
D/dalvikvm(  308): WAIT_FOR_CONCURRENT_GC blocked 47ms
D/dalvikvm(  308): WAIT_FOR_CONCURRENT_GC blocked 587ms
I/LatinIME(  442): Hardware accelerated drawing: false
D/dalvikvm(  308): WAIT_FOR_CONCURRENT_GC blocked 65ms
D/dalvikvm(  308): WAIT_FOR_CONCURRENT_GC blocked 706ms
D/dalvikvm(  308): WAIT_FOR_CONCURRENT_GC blocked 663ms
D/TelephonyManager(  455): getLteOnCdmaMode=0 curVal=-1 product_type='' lteOnCdmaProductType=''
D/dalvikvm(  308): GREF has increased to 301
D/TelephonyManager(  455): getLteOnCdmaMode=0 curVal=-1 product_type='' lteOnCdmaProductType=''
D/dalvikvm(  405): GC_CONCURRENT freed 64K, 4% free 3629K/3752K, paused 6ms+116ms, total 271ms
W/Settings(  455): Setting airplane_mode_on has moved from android.provider.Settings.System to android.provider.Settings.Global, returning read-only value.
E/BluetoothAdapter(  405): Bluetooth binder is null
W/Settings(  455): Setting auto_time has moved from android.provider.Settings.System to android.provider.Settings.Global, returning read-only global URI.
W/Settings(  455): Setting auto_time_zone has moved from android.provider.Settings.System to android.provider.Settings.Global, returning read-only global URI.
W/ActivityManager(  308): Unable to start service Intent { act=com.android.internal.telephony.IWapPushManager } U=0: not found
D/dalvikvm(  308): GC_CONCURRENT freed 639K, 12% free 5526K/6228K, paused 253ms+9ms, total 779ms
D/dalvikvm(  308): WAIT_FOR_CONCURRENT_GC blocked 247ms
D/        (  455): [ApnContext:default] set reason as dataEnabled,current state IDLE
D/dalvikvm(  308): WAIT_FOR_CONCURRENT_GC blocked 238ms
D/dalvikvm(  308): WAIT_FOR_CONCURRENT_GC blocked 240ms
D/dalvikvm(  308): WAIT_FOR_CONCURRENT_GC blocked 335ms
D/dalvikvm(  308): WAIT_FOR_CONCURRENT_GC blocked 278ms
D/        (  455): [ApnContext:default] setRetryCount: 0
I/Choreographer(  308): Skipped 3242 frames!  The application may be doing too much work on its main thread.
D/        (  455): [ApnContext:mms] set reason as dataEnabled,current state IDLE
D/        (  455): [ApnContext:mms] setRetryCount: 0
D/        (  455): [ApnContext:supl] set reason as dataEnabled,current state IDLE
D/        (  455): [ApnContext:supl] setRetryCount: 0
D/        (  455): [ApnContext:hipri] set reason as dataEnabled,current state IDLE
D/        (  455): [ApnContext:hipri] setRetryCount: 0
D/        (  455): [ApnContext:fota] set reason as dataEnabled,current state IDLE
D/        (  455): [ApnContext:fota] setRetryCount: 0
D/        (  455): [ApnContext:ims] set reason as dataEnabled,current state IDLE
D/        (  455): [ApnContext:ims] setRetryCount: 0
D/        (  455): [ApnContext:cbs] set reason as dataEnabled,current state IDLE
D/        (  455): [ApnContext:cbs] setRetryCount: 0
D/TelephonyManager(  455): getLteOnCdmaMode=0 curVal=-1 product_type='' lteOnCdmaProductType=''
D/CallManager(  455): registerPhone(GSM Handler (com.android.internal.telephony.PhoneProxy) {40d02980})
D/dalvikvm(  455): GC_CONCURRENT freed 206K, 10% free 2586K/2848K, paused 3ms+112ms, total 372ms
W/InputAttributes(  442): No editor info for this field. Bug?
I/ActivityManager(  308): Start proc android.process.acore for content provider com.android.providers.contacts/.CallLogProvider: pid=531 uid=10001 gids={50001, 3003, 1015, 1028}
I/ActivityManager(  308): Start proc com.android.music for broadcast com.android.music/.MediaButtonIntentReceiver: pid=536 uid=10025 gids={50025, 3003, 1015, 1028}
E/BluetoothAdapter(  455): Bluetooth binder is null
E/ActivityThread(  442): Failed to find provider info for com.android.inputmethod.latin.dictionarypack
E/BinaryDictionaryGetter(  442): Could not find a dictionary pack
V/TAG     (  308): bug 7643792: fitSystemWindows([0,0][0,0])
I/dalvikvm(  536): Turning on JNI app bug workarounds for target SDK version 9...
W/InputMethodManagerService(  308): Found no subtypes in a system IME: com.android.inputmethod.pinyin
E/BluetoothAdapter(  455): Bluetooth binder is null
E/Trace   (  531): error opening trace file: No such file or directory (2)
V/TAG     (  308): bug 7643792: fitSystemWindows([0,0][0,0])
D/PhoneStatusBar(  405): disable: < expand icons alerts ticker system_info back home recent clock search >
D/dalvikvm(  442): GC_CONCURRENT freed 272K, 12% free 2512K/2840K, paused 4ms+78ms, total 1489ms
E/StrictMode(  442): A resource was acquired at attached stack trace but never released. See java.io.Closeable for information on avoiding resource leaks.
E/StrictMode(  442): java.lang.Throwable: Explicit termination method 'close' not called
E/StrictMode(  442): 	at dalvik.system.CloseGuard.open(CloseGuard.java:184)
E/StrictMode(  442): 	at android.os.ParcelFileDescriptor.<init>(ParcelFileDescriptor.java:412)
E/StrictMode(  442): 	at android.content.res.AssetManager.openNonAssetFdNative(Native Method)
E/StrictMode(  442): 	at android.content.res.AssetManager.openNonAssetFd(AssetManager.java:428)
E/StrictMode(  442): 	at android.content.res.Resources.openRawResourceFd(Resources.java:979)
E/StrictMode(  442): 	at com.android.inputmethod.latin.BinaryDictionaryGetter.loadFallbackResource(BinaryDictionaryGetter.java:183)
E/StrictMode(  442): 	at com.android.inputmethod.latin.BinaryDictionaryGetter.getDictionaryFiles(BinaryDictionaryGetter.java:456)
E/StrictMode(  442): 	at com.android.inputmethod.latin.DictionaryFactory.createMainDictionaryFromManager(DictionaryFactory.java:57)
E/StrictMode(  442): 	at com.android.inputmethod.latin.DictionaryFactory.createMainDictionaryFromManager(DictionaryFactory.java:87)
E/StrictMode(  442): 	at com.android.inputmethod.latin.Suggest$1.run(Suggest.java:108)
D/dalvikvm(  308): GC_CONCURRENT freed 795K, 14% free 5527K/6380K, paused 76ms+203ms, total 1573ms
D/dalvikvm(  308): WAIT_FOR_CONCURRENT_GC blocked 476ms
D/dalvikvm(  308): WAIT_FOR_CONCURRENT_GC blocked 346ms
D/dalvikvm(  308): WAIT_FOR_CONCURRENT_GC blocked 185ms
D/dalvikvm(  308): WAIT_FOR_CONCURRENT_GC blocked 186ms
D/dalvikvm(  308): WAIT_FOR_CONCURRENT_GC blocked 185ms
D/dalvikvm(  308): WAIT_FOR_CONCURRENT_GC blocked 191ms
D/dalvikvm(  308): WAIT_FOR_CONCURRENT_GC blocked 212ms
D/dalvikvm(  308): WAIT_FOR_CONCURRENT_GC blocked 556ms
D/dalvikvm(  308): WAIT_FOR_CONCURRENT_GC blocked 436ms
D/dalvikvm(  308): WAIT_FOR_CONCURRENT_GC blocked 4353ms
E/Trace   (  536): error opening trace file: No such file or directory (2)
W/ActivityManager(  308): Activity idle timeout for ActivityRecord{40f72c08 u0 com.android.launcher/com.android.launcher2.Launcher}
E/BluetoothAdapter(  308): Bluetooth binder is null
E/BluetoothAdapter(  308): Bluetooth binder is null
V/WiredAccessoryManager(  308): init()
E/SoundPool(  308): error loading /system/media/audio/ui/Effect_Tick.ogg
W/AudioService(  308): Soundpool could not load file: /system/media/audio/ui/Effect_Tick.ogg
E/SoundPool(  308): error loading /system/media/audio/ui/Effect_Tick.ogg
W/AudioService(  308): Soundpool could not load file: /system/media/audio/ui/Effect_Tick.ogg
E/SoundPool(  308): error loading /system/media/audio/ui/Effect_Tick.ogg
W/AudioService(  308): Soundpool could not load file: /system/media/audio/ui/Effect_Tick.ogg
E/SoundPool(  308): error loading /system/media/audio/ui/Effect_Tick.ogg
W/AudioService(  308): Soundpool could not load file: /system/media/audio/ui/Effect_Tick.ogg
E/SoundPool(  308): error loading /system/media/audio/ui/Effect_Tick.ogg
W/AudioService(  308): Soundpool could not load file: /system/media/audio/ui/Effect_Tick.ogg
E/SoundPool(  308): error loading /system/media/audio/ui/KeypressStandard.ogg
W/AudioService(  308): Soundpool could not load file: /system/media/audio/ui/KeypressStandard.ogg
E/SoundPool(  308): error loading /system/media/audio/ui/KeypressSpacebar.ogg
W/AudioService(  308): Soundpool could not load file: /system/media/audio/ui/KeypressSpacebar.ogg
E/SoundPool(  308): error loading /system/media/audio/ui/KeypressDelete.ogg
W/AudioService(  308): Soundpool could not load file: /system/media/audio/ui/KeypressDelete.ogg
E/SoundPool(  308): error loading /system/media/audio/ui/KeypressReturn.ogg
W/AudioService(  308): Soundpool could not load file: /system/media/audio/ui/KeypressReturn.ogg
W/AudioService(  308): loadSoundEffects(), Error -1 while loading samples
W/WindowManager(  308): Window freeze timeout expired.
W/WindowManager(  308): Force clearing orientation change: Window{40e4bda8 u0 Keyguard}
I/Choreographer(  308): Skipped 305 frames!  The application may be doing too much work on its main thread.
E/SurfaceFlinger(   37): ro.sf.lcd_density must be defined as a build property
D/dalvikvm(  478): GC_CONCURRENT freed 184K, 9% free 2618K/2860K, paused 5ms+3ms, total 425ms
E/BluetoothAdapter(  405): Bluetooth binder is null
D/dalvikvm(  308): GC_FOR_ALLOC freed 231K, 14% free 5498K/6380K, paused 142ms, total 144ms
I/dalvikvm-heap(  308): Grow heap (frag case) to 6.505MB for 1128976-byte allocation
D/dalvikvm(  308): GC_FOR_ALLOC freed 3K, 12% free 6597K/7484K, paused 174ms, total 174ms
D/SystemUIService(  405): loading: class com.android.systemui.power.PowerUI
D/SystemUIService(  405): running: com.android.systemui.power.PowerUI@40e40db8
D/dalvikvm(  308): GC_CONCURRENT freed 22K, 12% free 6594K/7484K, paused 22ms+79ms, total 990ms
W/ActivityManager(  308): Timeout executing service: ServiceRecord{40e74df8 u0 com.android.systemui/.SystemUIService}
I/ActivityManager(  308): Start proc com.android.contacts for broadcast com.android.contacts/.calllog.CallLogReceiver: pid=602 uid=10001 gids={50001, 3003, 1015, 1028}
D/SystemUIService(  405): loading: class com.android.systemui.media.RingtonePlayer
D/SystemUIService(  405): running: com.android.systemui.media.RingtonePlayer@40e41a38
I/AudioService(  308):   Remote Control   registerMediaButtonIntent() for PendingIntent{4108f0e0: PendingIntentRecord{4108f3b8 com.android.music broadcastIntent}}
I/Choreographer(  308): Skipped 1177 frames!  The application may be doing too much work on its main thread.
I/ActivityManager(  308): Start proc android.process.media for content provider com.android.providers.media/.MediaProvider: pid=610 uid=10000 gids={50000, 1015, 1023, 1024, 1028, 1006, 2001, 3003, 3007}
I/Choreographer(  405): Skipped 4138 frames!  The application may be doing too much work on its main thread.
W/WindowManager(  308): Window freeze timeout expired.
W/WindowManager(  308): Force clearing orientation change: Window{40e4bda8 u0 Keyguard}
I/Process (  308): Sending signal. PID: 405 SIG: 3
I/dalvikvm(  405): threadid=3: reacting to signal 3
E/Trace   (  610): error opening trace file: No such file or directory (2)
I/Process (  308): Sending signal. PID: 308 SIG: 3
I/dalvikvm(  308): threadid=3: reacting to signal 3
D/dalvikvm(  531): JIT unchain all for threadid=11
D/dalvikvm(  478): GC_CONCURRENT freed 87K, 5% free 2988K/3132K, paused 55ms+10ms, total 191ms
I/dalvikvm(  405): Wrote stack traces to '/data/anr/traces.txt'
I//system/bin/fsck_msdos(   32): Attempting to allocate 2044 KB for FAT
D/dalvikvm(  531): GC_CONCURRENT freed 173K, 9% free 2606K/2836K, paused 826ms+3ms, total 1125ms
I/dalvikvm(  308): Wrote stack traces to '/data/anr/traces.txt'
I/Process (  308): Sending signal. PID: 455 SIG: 3
I/dalvikvm(  455): threadid=3: reacting to signal 3
I/Choreographer(  308): Skipped 608 frames!  The application may be doing too much work on its main thread.
E/Trace   (  602): error opening trace file: No such file or directory (2)
V/TAG     (  308): bug 7643792: fitSystemWindows([0,38][0,0])
D/dalvikvm(  308): GC_CONCURRENT freed 224K, 11% free 6718K/7484K, paused 87ms+119ms, total 1817ms
D/DebugService(  455): DebugService DebugService:
D/TelephonyDebugService(  455): TelephonyDebugService()
I/dalvikvm(  455): Wrote stack traces to '/data/anr/traces.txt'
I/Choreographer(  308): Skipped 399 frames!  The application may be doing too much work on its main thread.
D/dalvikvm(  455): GC_CONCURRENT freed 318K, 13% free 2653K/3028K, paused 4ms+174ms, total 215ms
E/SurfaceFlinger(   37): ro.sf.lcd_density must be defined as a build property
I/Choreographer(  308): Skipped 119 frames!  The application may be doing too much work on its main thread.
W/Settings(  455): Setting auto_time_zone has moved from android.provider.Settings.System to android.provider.Settings.Global, returning read-only value.
D/PhoneStatusBar(  405): disable: < expand icons alerts ticker system_info BACK* HOME* RECENT* CLOCK* SEARCH* >
I/DownloadManager(  610): in removeSpuriousFiles
W/WindowManager(  308): Window freeze timeout expired.
W/WindowManager(  308): Force clearing orientation change: Window{4109cfa0 u0 StatusBar}
W/ProcessStats(  308): Skipping unknown process pid 644
W/ProcessStats(  308): Skipping unknown process pid 646
I/Choreographer(  308): Skipped 32 frames!  The application may be doing too much work on its main thread.
W/GpsLocationProvider(  308): Could not open GPS configuration file /etc/gps.conf
D/dalvikvm(  405): GC_CONCURRENT freed 147K, 5% free 3869K/4072K, paused 5ms+3ms, total 252ms
D/dalvikvm(  308): GREF has increased to 401
I/Choreographer(  478): Skipped 40 frames!  The application may be doing too much work on its main thread.
I/Choreographer(  405): Skipped 2683 frames!  The application may be doing too much work on its main thread.
D/dalvikvm(  308): GC_EXPLICIT freed 1443K, 24% free 5759K/7484K, paused 116ms+543ms, total 2294ms
W/ServiceWatcher(  308): com.google.android.location not found
D/gralloc_goldfish(  405): Emulator without GPU emulation detected.
E/SurfaceFlinger(   37): ro.sf.lcd_density must be defined as a build property
D/CAT     (  455): CatService: Running CAT service. STK app installed:false
D/CAT     (  455): CatService: NEW sInstance
I/Choreographer(  405): Skipped 200 frames!  The application may be doing too much work on its main thread.
I/Choreographer(  478): Skipped 222 frames!  The application may be doing too much work on its main thread.
D/gralloc_goldfish(  478): Emulator without GPU emulation detected.
W/ServiceWatcher(  308): com.google.android.location not found
W/LocationManagerService(  308): no network location provider found
W/ServiceWatcher(  308): com.google.android.location not found
D/dalvikvm(  478): GC_CONCURRENT freed 190K, 8% free 3229K/3480K, paused 16ms+12ms, total 309ms
I/ActivityManager(  308): Displayed com.android.launcher/com.android.launcher2.Launcher: +30s938ms
I/Choreographer(  478): Skipped 30 frames!  The application may be doing too much work on its main thread.
I/Process (  308): Sending signal. PID: 478 SIG: 3
I/dalvikvm(  478): threadid=3: reacting to signal 3
I/Choreographer(  308): Skipped 184 frames!  The application may be doing too much work on its main thread.
D/CAT     (  455): CatService: SIM ready. Reporting STK service running now...
I/dalvikvm(  478): Wrote stack traces to '/data/anr/traces.txt'
E/ActivityManager(  308): ANR in com.android.systemui
E/ActivityManager(  308): Reason: Executing service com.android.systemui/.SystemUIService
E/ActivityManager(  308): Load: 7.1 / 1.83 / 0.62
E/ActivityManager(  308): CPU usage from 0ms to 14602ms later:
E/ActivityManager(  308):   19% 308/system_server: 13% user + 5.8% kernel / faults: 3647 minor 5 major
E/ActivityManager(  308):   14% 37/surfaceflinger: 12% user + 2.1% kernel / faults: 4 minor
E/ActivityManager(  308):   10% 478/com.android.launcher: 5.8% user + 4.2% kernel / faults: 7002 minor 6 major
E/ActivityManager(  308):   6.2% 455/com.android.phone: 3.8% user + 2.3% kernel / faults: 826 minor 6 major
E/ActivityManager(  308):   4.4% 405/com.android.systemui: 3.2% user + 1.2% kernel / faults: 962 minor 2 major
E/ActivityManager(  308):   2.7% 87/bootanimation: 2% user + 0.6% kernel
E/ActivityManager(  308):   1.3% 410/fsck_msdos: 0.4% user + 0.8% kernel / faults: 2544 minor
E/ActivityManager(  308):   1.7% 531/android.process.acore: 1.3% user + 0.4% kernel / faults: 940 minor
E/ActivityManager(  308):   1.7% 602/zygote: 0.3% user + 1.3% kernel / faults: 2714 minor 20 major
E/ActivityManager(  308):   0.1% 36/rild: 0% user + 0.1% kernel / faults: 6 minor
E/ActivityManager(  308):   0.5% 536/com.android.music: 0.3% user + 0.2% kernel / faults: 262 minor
E/ActivityManager(  308):   0.1% 29/mmcqd: 0% user + 0.1% kernel
E/ActivityManager(  308):   0.3% 47/adbd: 0% user + 0.3% kernel / faults: 157 minor
E/ActivityManager(  308):   0.1% 40/mediaserver: 0% user + 0.1% kernel
E/ActivityManager(  308):   0% 38/zygote: 0% user + 0% kernel / faults: 68 minor
E/ActivityManager(  308):  +0% 610/android.process.media: 0% user + 0% kernel
E/ActivityManager(  308): 100% TOTAL: 64% user + 35% kernel + 0% softirq
E/ActivityManager(  308): CPU usage from 11072ms to 12985ms later:
E/ActivityManager(  308):   17% 308/system_server: 12% user + 5.3% kernel / faults: 159 minor
E/ActivityManager(  308):     5.8% 326/ActivityManager: 1.6% user + 4.2% kernel
E/ActivityManager(  308):     5.3% 324/UI: 4.8% user + 0.5% kernel
E/ActivityManager(  308):     2.6% 314/Compiler: 2.6% user + 0% kernel
E/ActivityManager(  308):     2.6% 321/Binder_3: 2.6% user + 0% kernel
E/ActivityManager(  308):     1% 308/system_server: 1% user + 0% kernel
E/ActivityManager(  308):     1% 325/WindowManager: 1% user + 0% kernel
E/ActivityManager(  308):     1% 358/PowerManagerSer: 0.5% user + 0.5% kernel
E/ActivityManager(  308):     1% 567/Binder_6: 0.5% user + 0.5% kernel
E/ActivityManager(  308):     1% 571/Binder_8: 0.5% user + 0.5% kernel
E/ActivityManager(  308):     0.5% 500/Binder_4: 0.5% user + 0% kernel
E/ActivityManager(  308):     0.5% 568/Binder_7: 0.5% user + 0% kernel
E/ActivityManager(  308):     0.5% 638/Binder_A: 0.5% user + 0% kernel
E/ActivityManager(  308):     0.5% 643/Binder_B: 0.5% user + 0% kernel
E/ActivityManager(  308):    +0% 684/Error dump: sys: 0% user + 0% kernel
E/ActivityManager(  308):   15% 37/surfaceflinger: 12% user + 3.1% kernel / faults: 2 minor
E/ActivityManager(  308):     12% 69/SurfaceFlinger: 12% user + 0.5% kernel
E/ActivityManager(  308):     2.6% 86/Binder_1: 1.5% user + 1% kernel
E/ActivityManager(  308):     1% 37/surfaceflinger: 0% user + 1% kernel
E/ActivityManager(  308):     1% 506/Binder_2: 1% user + 0% kernel
E/ActivityManager(  308):     0.5% 80/VSyncThread: 0% user + 0.5% kernel
E/ActivityManager(  308):     0.5% 83/EventThread: 0% user + 0.5% kernel
E/ActivityManager(  308):   21% 478/com.android.launcher: 13% user + 8.6% kernel / faults: 1417 minor 2 major
E/ActivityManager(  308):     14% 478/ndroid.launcher: 8.6% user + 5.7% kernel
E/ActivityManager(  308):     7.9% 518/launcher-loader: 3.6% user + 4.3% kernel
E/ActivityManager(  308):     5% 480/GC: 4.3% user + 0.7% kernel
E/ActivityManager(  308):     0.7% 491/Compiler: 0% user + 0.7% kernel
E/ActivityManager(  308):     0.7% 493/FinalizerDaemon: 0.7% user + 0% kernel
E/ActivityManager(  308):   10% 455/com.android.phone: 6.3% user + 4% kernel / faults: 83 minor
E/ActivityManager(  308):     6.9% 455/m.android.phone: 4.6% user + 2.3% kernel
E/ActivityManager(  308):     2.9% 465/Compiler: 0.5% user + 2.3% kernel
E/ActivityManager(  308):     0.5% 470/Binder_1: 0.5% user + 0% kernel
E/ActivityManager(  308):     0.5% 516/RILSender: 0% user + 0.5% kernel
E/ActivityManager(  308):     0.5% 517/RILReceiver: 0.5% user + 0% kernel
E/ActivityManager(  308):   3% 405/com.android.systemui: 3% user + 0% kernel / faults: 66 minor
E/ActivityManager(  308):     4% 405/ndroid.systemui: 3.5% user + 0.5% kernel
E/ActivityManager(  308):     1.5% 417/Compiler: 1.5% user + 0% kernel
E/ActivityManager(  308):   2.1% 87/bootanimation: 1% user + 1% kernel
E/ActivityManager(  308):     3.1% 106/BootAnimation: 2.1% user + 1% kernel
E/ActivityManager(  308):   1.1% 410/fsck_msdos: 0% user + 1.1% kernel / faults: 273 minor
E/ActivityManager(  308):   0.5% 36/rild: 0% user + 0.5% kernel
E/ActivityManager(  308):     2.6% 90/rild: 0% user + 2.6% kernel
E/ActivityManager(  308):   0.1% 47/adbd: 0% user + 0.1% kernel / faults: 72 minor
E/ActivityManager(  308):     0.3% 47/adbd: 0% user + 0.3% kernel
E/ActivityManager(  308):     0.1% 280/adbd: 0% user + 0.1% kernel
E/ActivityManager(  308): 100% TOTAL: 65% user + 34% kernel
D/dalvikvm(  478): GC_CONCURRENT freed 57K, 7% free 3306K/3544K, paused 10ms+40ms, total 88ms
I/Choreographer(  478): Skipped 161 frames!  The application may be doing too much work on its main thread.
D/dalvikvm(  478): GC_FOR_ALLOC freed 13K, 7% free 3307K/3544K, paused 125ms, total 130ms
I/dalvikvm-heap(  478): Grow heap (frag case) to 3.775MB for 518416-byte allocation
D/dalvikvm(  478): GC_CONCURRENT freed <1K, 6% free 3813K/4052K, paused 19ms+4ms, total 105ms
D/dalvikvm(  478): WAIT_FOR_CONCURRENT_GC blocked 13ms
D/dalvikvm(  478): GC_FOR_ALLOC freed <1K, 6% free 3814K/4052K, paused 34ms, total 34ms
I/dalvikvm-heap(  478): Grow heap (frag case) to 4.270MB for 518416-byte allocation
D/dalvikvm(  478): GC_CONCURRENT freed <1K, 6% free 4320K/4560K, paused 46ms+13ms, total 85ms
D/dalvikvm(  478): GC_FOR_ALLOC freed <1K, 6% free 4320K/4560K, paused 76ms, total 77ms
I/dalvikvm-heap(  478): Grow heap (frag case) to 4.765MB for 518416-byte allocation
D/dalvikvm(  478): GC_FOR_ALLOC freed <1K, 5% free 4827K/5068K, paused 87ms, total 87ms
D/dalvikvm(   38): WAIT_FOR_CONCURRENT_GC blocked 1ms
D/dalvikvm(   38): GC_EXPLICIT freed 35K, 4% free 2382K/2472K, paused 2ms+4ms, total 39ms
D/dalvikvm(   38): GC_EXPLICIT freed <1K, 4% free 2382K/2472K, paused 2ms+15ms, total 62ms
D/dalvikvm(   38): GC_EXPLICIT freed <1K, 4% free 2382K/2472K, paused 2ms+3ms, total 153ms
I/ActivityManager(  308): Start proc com.android.location.fused for service com.android.location.fused/.FusedLocationService: pid=695 uid=10022 gids={50022, 1028}
W/ActivityManager(  308): Killing ProcessRecord{40ea0b38 405:com.android.systemui/u0a10034}: background ANR
D/dalvikvm(  478): GREF has increased to 201
W/InputDispatcher(  308): channel '4109cfa0 StatusBar (server)' ~ Consumer closed input channel or an error occurred.  events=0x9
E/InputDispatcher(  308): channel '4109cfa0 StatusBar (server)' ~ Channel is unrecoverably broken and will be disposed!
I/Choreographer(  478): Skipped 454 frames!  The application may be doing too much work on its main thread.
D/dalvikvm(  455): GC_CONCURRENT freed 277K, 11% free 2763K/3096K, paused 42ms+3ms, total 104ms
I/ActivityManager(  308): Process com.android.systemui (pid 405) has died.
W/ActivityManager(  308): Scheduling restart of crashed service com.android.systemui/.SystemUIService in 0ms
W/ActivityManager(  308): Scheduling restart of crashed service com.android.systemui/.ImageWallpaper in 0ms
I/WindowState(  308): WIN DEATH: Window{4109cfa0 u0 StatusBar}
W/InputDispatcher(  308): Attempted to unregister already unregistered input channel '4109cfa0 StatusBar (server)'
D/MccTable(  455): updateMccMncConfiguration: mcc=310, mnc=260
D/TelephonyManager(  455): getLteOnCdmaMode=0 curVal=-1 product_type='' lteOnCdmaProductType=''
D/MccTable(  455): locale set to en_us
D/MccTable(  455): WIFI_COUNTRY_CODE set to us
I/ActivityManager(  308): Start proc com.android.systemui for restart com.android.systemui: pid=714 uid=10034 gids={50034, 1028, 1015, 3002, 3001}
I/WifiService(  308): WifiService trying to set country code to us with persist set to true
V/TAG     (  308): bug 7643792: fitSystemWindows([0,0][0,0])
D/dalvikvm(  308): GC_CONCURRENT freed 482K, 13% free 6125K/6984K, paused 344ms+25ms, total 1112ms
D/dalvikvm(  308): WAIT_FOR_CONCURRENT_GC blocked 115ms
D/dalvikvm(  308): WAIT_FOR_CONCURRENT_GC blocked 842ms
D/dalvikvm(  308): WAIT_FOR_CONCURRENT_GC blocked 741ms
D/dalvikvm(  308): WAIT_FOR_CONCURRENT_GC blocked 626ms
D/dalvikvm(  308): WAIT_FOR_CONCURRENT_GC blocked 459ms
D/dalvikvm(  308): WAIT_FOR_CONCURRENT_GC blocked 153ms
E/Trace   (  695): error opening trace file: No such file or directory (2)
D/dalvikvm(  308): WAIT_FOR_CONCURRENT_GC blocked 649ms
D/dalvikvm(  308): WAIT_FOR_CONCURRENT_GC blocked 640ms
D/dalvikvm(  308): WAIT_FOR_CONCURRENT_GC blocked 475ms
I/Choreographer(  308): Skipped 268 frames!  The application may be doing too much work on its main thread.
W/BroadcastQueue(  308): Failure sending broadcast Intent { act=android.intent.action.SIM_STATE_CHANGED flg=0x20000010 (has extras) }
W/BroadcastQueue(  308): android.os.DeadObjectException
W/BroadcastQueue(  308): 	at android.os.BinderProxy.transact(Native Method)
