W/PackageManager(  319): Unknown permission com.google.android.googleapps.permission.ACCESS_GOOGLE_PASSWORD in package com.android.development
W/PackageManager(  319): Unknown permission com.google.android.googleapps.permission.GOOGLE_AUTH in package com.android.development
W/PackageManager(  319): Unknown permission com.google.android.googleapps.permission.GOOGLE_AUTH.ALL_SERVICES in package com.android.development
W/PackageManager(  319): Unknown permission com.google.android.googleapps.permission.GOOGLE_AUTH.YouTubeUser in package com.android.development
W/PackageManager(  319): Unknown permission com.google.android.gallery3d.permission.GALLERY_PROVIDER in package com.android.email
W/PackageManager(  319): Not granting permission android.permission.DEVICE_POWER to package com.android.deskclock (protectionLevel=2 flags=0x88be45)
I/Choreographer(  319): Skipped 824 frames!  The application may be doing too much work on its main thread.
E/BluetoothAdapter(  319): Bluetooth binder is null
E/BluetoothAdapter(  319): Bluetooth binder is null
V/WiredAccessoryManager(  319): init()
E/SoundPool(  319): error loading /system/media/audio/ui/Effect_Tick.ogg
W/AudioService(  319): Soundpool could not load file: /system/media/audio/ui/Effect_Tick.ogg
E/SoundPool(  319): error loading /system/media/audio/ui/Effect_Tick.ogg
W/AudioService(  319): Soundpool could not load file: /system/media/audio/ui/Effect_Tick.ogg
E/SoundPool(  319): error loading /system/media/audio/ui/Effect_Tick.ogg
W/AudioService(  319): Soundpool could not load file: /system/media/audio/ui/Effect_Tick.ogg
E/SoundPool(  319): error loading /system/media/audio/ui/Effect_Tick.ogg
W/AudioService(  319): Soundpool could not load file: /system/media/audio/ui/Effect_Tick.ogg
E/SoundPool(  319): error loading /system/media/audio/ui/Effect_Tick.ogg
W/AudioService(  319): Soundpool could not load file: /system/media/audio/ui/Effect_Tick.ogg
E/SoundPool(  319): error loading /system/media/audio/ui/KeypressStandard.ogg
W/AudioService(  319): Soundpool could not load file: /system/media/audio/ui/KeypressStandard.ogg
E/SoundPool(  319): error loading /system/media/audio/ui/KeypressSpacebar.ogg
W/AudioService(  319): Soundpool could not load file: /system/media/audio/ui/KeypressSpacebar.ogg
E/SoundPool(  319): error loading /system/media/audio/ui/KeypressDelete.ogg
W/AudioService(  319): Soundpool could not load file: /system/media/audio/ui/KeypressDelete.ogg
E/SoundPool(  319): error loading /system/media/audio/ui/KeypressReturn.ogg
W/AudioService(  319): Soundpool could not load file: /system/media/audio/ui/KeypressReturn.ogg
W/AudioService(  319): loadSoundEffects(), Error -1 while loading samples
I/Choreographer(  319): Skipped 1410 frames!  The application may be doing too much work on its main thread.
I/ActivityManager(  319): Start proc com.android.music for broadcast com.android.music/.MediaButtonIntentReceiver: pid=715 uid=10025 gids={50025, 3003, 1015, 1028}
E/BluetoothAdapter(  672): Bluetooth binder is null
E/BluetoothAdapter(  672): Bluetooth binder is null
I/dalvikvm(  715): Turning on JNI app bug workarounds for target SDK version 9...
E/BluetoothAdapter(  672): Bluetooth binder is null
E/Trace   (  715): error opening trace file: No such file or directory (2)
I/FusedLocation(  631): engine started (com.android.location.fused)
D/dalvikvm(  319): GC_CONCURRENT freed 2252K, 36% free 5697K/8796K, paused 98ms+80ms, total 1035ms
D/dalvikvm(  319): WAIT_FOR_CONCURRENT_GC blocked 110ms
D/dalvikvm(  319): WAIT_FOR_CONCURRENT_GC blocked 111ms
D/dalvikvm(  319): WAIT_FOR_CONCURRENT_GC blocked 680ms
I/ActivityManager(  319): Start proc com.android.contacts for broadcast com.android.contacts/.calllog.CallLogReceiver: pid=733 uid=10001 gids={50001, 3003, 1015, 1028}
I/AudioService(  319):   Remote Control   registerMediaButtonIntent() for PendingIntent{40fdb738: PendingIntentRecord{410139c0 com.android.music broadcastIntent}}
D/dalvikvm(   38): GC_EXPLICIT freed 34K, 4% free 2381K/2472K, paused 3ms+4ms, total 62ms
D/dalvikvm(   38): GC_EXPLICIT freed <1K, 4% free 2381K/2472K, paused 2ms+3ms, total 162ms
D/dalvikvm(   38): GC_EXPLICIT freed <1K, 4% free 2381K/2472K, paused 3ms+5ms, total 289ms
I/ActivityManager(  319): Start proc android.process.media for content provider com.android.providers.media/.MediaProvider: pid=747 uid=10000 gids={50000, 1015, 1023, 1024, 1028, 1006, 2001, 3003, 3007}
D/dalvikvm(  672): GC_CONCURRENT freed 65K, 4% free 3654K/3776K, paused 48ms+31ms, total 237ms
D/Tethering(  319): MasterInitialState.processMessage what=3
E/Trace   (  733): error opening trace file: No such file or directory (2)
D/dalvikvm(  319): GREF has increased to 401
E/Trace   (  747): error opening trace file: No such file or directory (2)
E/BluetoothAdapter(  672): Bluetooth binder is null
I/Choreographer(  319): Skipped 1037 frames!  The application may be doing too much work on its main thread.
D/dalvikvm(  319): GC_CONCURRENT freed 707K, 36% free 5716K/8796K, paused 6ms+76ms, total 410ms
D/dalvikvm(  319): WAIT_FOR_CONCURRENT_GC blocked 128ms
I/dalvikvm-heap(  319): Grow heap (frag case) to 6.718MB for 1128976-byte allocation
D/dalvikvm(  319): GC_FOR_ALLOC freed 108K, 24% free 6710K/8796K, paused 630ms, total 640ms
I/Choreographer(  319): Skipped 376 frames!  The application may be doing too much work on its main thread.
W/dalvikvm(  733): threadid=5: spin on suspend #1 threadid=11 (pcf=0)
D/dalvikvm(  733): Temporarily moving tid 770 to fg (was 0)
D/dalvikvm(  733): Temporarily raised priority on tid 770 (10 -> 0)
I/Choreographer(  319): Skipped 60 frames!  The application may be doing too much work on its main thread.
W/dalvikvm(  733): threadid=5: spin on suspend resolved in 1054 msec
D/dalvikvm(  733): Restored policy of 770 to 0
D/dalvikvm(  733): Restored priority on 770 to 10
I/RecoverySystem(  319): No recovery log file
D/PhoneStatusBar(  672): disable: < expand icons alerts ticker system_info BACK* HOME* RECENT* CLOCK* SEARCH* >
E/BluetoothAdapter(  672): Bluetooth binder is null
D/SystemUIService(  672): loading: class com.android.systemui.power.PowerUI
D/SystemUIService(  672): running: com.android.systemui.power.PowerUI@40e4b228
D/SystemUIService(  672): loading: class com.android.systemui.media.RingtonePlayer
D/SystemUIService(  672): running: com.android.systemui.media.RingtonePlayer@40e4c088
I/Choreographer(  672): Skipped 2491 frames!  The application may be doing too much work on its main thread.
I/DownloadManager(  747): in removeSpuriousFiles
I/ActivityManager(  319): Start proc com.android.deskclock for broadcast com.android.deskclock/.AlarmInitReceiver: pid=791 uid=10006 gids={50006, 1028}
E/SurfaceFlinger(   37): ro.sf.lcd_density must be defined as a build property
V/TAG     (  319): bug 7643792: fitSystemWindows([0,38][0,0])
E/Trace   (  791): error opening trace file: No such file or directory (2)
I/Choreographer(  319): Skipped 245 frames!  The application may be doing too much work on its main thread.
W/WindowManager(  319): Window freeze timeout expired.
W/WindowManager(  319): Force clearing orientation change: Window{40ed4870 u0 StatusBar}
D/dalvikvm(  481): GC_FOR_ALLOC freed 3054K, 32% free 4687K/6856K, paused 677ms, total 689ms
I/dalvikvm-heap(  481): Grow heap (frag case) to 6.024MB for 1463056-byte allocation
D/dalvikvm(  672): GC_CONCURRENT freed 274K, 8% free 3798K/4128K, paused 5ms+54ms, total 1635ms
D/dalvikvm(  481): GC_CONCURRENT freed 1K, 27% free 6115K/8288K, paused 5ms+83ms, total 324ms
D/dalvikvm(  481): WAIT_FOR_CONCURRENT_GC blocked 313ms
E/SurfaceFlinger(   37): ro.sf.lcd_density must be defined as a build property
D/dalvikvm(  481): GC_FOR_ALLOC freed <1K, 27% free 6115K/8288K, paused 320ms, total 322ms
I/dalvikvm-heap(  481): Grow heap (frag case) to 7.418MB for 1463056-byte allocation
V/AlarmClock(  791): No next alarm
V/AlarmClock(  791): AlarmInitReceiver - Reset timers and clear stopwatch data
D/dalvikvm(  672): GC_FOR_ALLOC freed 21K, 9% free 3789K/4128K, paused 437ms, total 452ms
V/AlarmClock(  791): No next alarm
V/AlarmClock(  791): AlarmInitReceiver finished
D/dalvikvm(  481): GC_CONCURRENT freed <1K, 23% free 7544K/9720K, paused 4ms+4ms, total 731ms
D/dalvikvm(  481): WAIT_FOR_CONCURRENT_GC blocked 727ms
I/Choreographer(  319): Skipped 38 frames!  The application may be doing too much work on its main thread.
I/dalvikvm-heap(  672): Grow heap (frag case) to 9.865MB for 6410576-byte allocation
D/dalvikvm(  672): GC_FOR_ALLOC freed <1K, 4% free 10048K/10392K, paused 75ms, total 75ms
D/dalvikvm(  672): GC_CONCURRENT freed <1K, 4% free 10049K/10392K, paused 3ms+19ms, total 55ms
W/WindowManager(  319): Window freeze timeout expired.
W/WindowManager(  319): Force clearing orientation change: Window{40f302a0 u0 com.android.systemui.ImageWallpaper}
D/dalvikvm(  672): GC_FOR_ALLOC freed <1K, 4% free 10049K/10392K, paused 147ms, total 147ms
I/dalvikvm-heap(  672): Grow heap (frag case) to 12.563MB for 2828816-byte allocation
D/dalvikvm(  672): GC_CONCURRENT freed 0K, 3% free 12812K/13156K, paused 8ms+5ms, total 100ms
D/dalvikvm(  672): WAIT_FOR_CONCURRENT_GC blocked 93ms
D/gralloc_goldfish(  672): Emulator without GPU emulation detected.
I/Choreographer(  672): Skipped 2021 frames!  The application may be doing too much work on its main thread.
I/SurfaceFlinger(   37): Boot is finished (104546 ms)
I/ActivityManager(  319): Config changes=1400 {1.0 310mcc260mnc en_US ldltr sw320dp w320dp h508dp 240dpi nrml long port finger -keyb/v/h tball/v s.6}
I/PowerManagerService(  319): Boot animation finished.
I/Choreographer(  319): Skipped 53 frames!  The application may be doing too much work on its main thread.
I/Choreographer(  672): Skipped 102 frames!  The application may be doing too much work on its main thread.
I/ActivityManager(  319): Start proc com.android.email for broadcast com.android.email/.service.EmailBroadcastReceiver: pid=834 uid=10019 gids={50019, 3003, 1015, 1028}
E/Trace   (  834): error opening trace file: No such file or directory (2)
I/ActivityManager(  319): Start proc com.android.exchange for service com.android.exchange/.ExchangeService: pid=851 uid=10032 gids={50032, 3003, 1015, 1028}
I/ActivityManager(  319): Start proc com.android.providers.calendar for broadcast com.android.providers.calendar/.CalendarReceiver: pid=858 uid=10023 gids={50023, 3003, 1015, 1028}
E/Trace   (  858): error opening trace file: No such file or directory (2)
E/Trace   (  851): error opening trace file: No such file or directory (2)
I/ActivityManager(  319): Start proc com.android.mms for broadcast com.android.mms/.transaction.MmsSystemEventReceiver: pid=887 uid=10029 gids={50029, 3003, 1015, 1028}
W/dalvikvm(  834): threadid=5: spin on suspend #1 threadid=11 (pcf=0)
D/AndroidRuntime(  883): 
D/AndroidRuntime(  883): >>>>>> AndroidRuntime START com.android.internal.os.RuntimeInit <<<<<<
D/AndroidRuntime(  883): CheckJNI is ON
D/dalvikvm(  834): Temporarily moving tid 847 to fg (was 0)
D/dalvikvm(  834): Temporarily raised priority on tid 847 (10 -> 0)
D/dalvikvm(  883): Trying to load lib libjavacore.so 0x0
W/dalvikvm(  834): threadid=5: spin on suspend resolved in 1678 msec
D/dalvikvm(  834): Restored policy of 847 to 0
D/dalvikvm(  883): Added shared lib libjavacore.so 0x0
D/dalvikvm(  834): Restored priority on 847 to 10
D/dalvikvm(  883): Trying to load lib libnativehelper.so 0x0
D/dalvikvm(  883): Added shared lib libnativehelper.so 0x0
E/Trace   (  887): error opening trace file: No such file or directory (2)
D/CountryDetector(  319): The first listener is added
D/dalvikvm(  319): GREF has increased to 501
V/MmsConfig(  887): mnc/mcc: 310260
V/MmsConfig(  887): tag: bool value: enabledMMS - true
V/MmsConfig(  887): tag: int value: maxMessageSize - 307200
V/MmsConfig(  887): tag: int value: maxImageHeight - 480
V/MmsConfig(  887): tag: int value: maxImageWidth - 640
V/MmsConfig(  887): tag: int value: defaultSMSMessagesPerThread - 500
V/MmsConfig(  887): tag: int value: defaultMMSMessagesPerThread - 50
V/MmsConfig(  887): tag: int value: minMessageCountPerThread - 10
V/MmsConfig(  887): tag: int value: maxMessageCountPerThread - 5000
V/MmsConfig(  887): tag: string value: uaProfUrl - http://www.google.com/oha/rdf/ua-profile-kila.xml
V/MmsConfig(  887): tag: int value: recipientLimit - -1
V/MmsConfig(  887): tag: bool value: enableMultipartSMS - true
V/MmsConfig(  887): tag: int value: smsToMmsTextThreshold - -1
V/MmsConfig(  887): tag: bool value: enableSlideDuration - true
V/MmsConfig(  887): tag: int value: maxMessageTextSize - -1
D/ExchangeService(  851): !!! EAS ExchangeService, onCreate
D/AndroidRuntime(  883): Calling main entry com.android.commands.am.Am
D/dalvikvm(  883): Note: class Landroid/app/ActivityManagerNative; has 157 unimplemented (abstract) methods
D/dalvikvm(  923): Not late-enabling CheckJNI (already on)
I/ActivityManager(  319): Start proc it.unina.android.ripper_service:android_ripper_service_process for service it.unina.android.ripper_service/.AndroidRipperService: pid=923 uid=10049 gids={50049, 3003, 1028}
D/AndroidRuntime(  883): Shutting down VM
D/dalvikvm(  883): GC_CONCURRENT freed 91K, 16% free 490K/584K, paused 12ms+0ms, total 31ms
I/ActivityManager(  319): Start proc com.android.settings for broadcast com.android.settings/.widget.SettingsAppWidgetProvider: pid=935 uid=1000 gids={41000, 1015, 1028, 3002, 3001, 3003}
D/ExchangeService(  851): !!! EAS ExchangeService, onStartCommand, startingUp = false, running = false
E/Trace   (  923): error opening trace file: No such file or directory (2)
V/AndroidRipperService(  923): onCreate()
V/SERVER  (  923): Starting ServerSocket on PORT 8888
E/Trace   (  935): error opening trace file: No such file or directory (2)
V/SERVER  (  923): Started ServerSocket on PORT 8888
D/Mms:app (  887): cancelNotification
V/SERVER  (  923): Ready to accept connections on port: 8888
E/BluetoothAdapter(  935): Bluetooth binder is null
E/BluetoothAdapter(  935): Bluetooth binder is null
D/ExchangeService(  851): !!! EAS ExchangeService, onStartCommand, startingUp = true, running = false
D/dalvikvm(  481): GC_FOR_ALLOC freed 1576K, 26% free 7275K/9712K, paused 24ms, total 35ms
D/dalvikvm(  481): GREF has increased to 201
I/Choreographer(  481): Skipped 37 frames!  The application may be doing too much work on its main thread.
I/Choreographer(  481): Skipped 59 frames!  The application may be doing too much work on its main thread.
D/MediaScannerReceiver(  747): action: android.intent.action.MEDIA_MOUNTED path: /mnt/sdcard
E/BluetoothAdapter(  935): Bluetooth binder is null
I/Choreographer(  481): Skipped 30 frames!  The application may be doing too much work on its main thread.
D/AndroidRuntime(  964): 
D/AndroidRuntime(  964): >>>>>> AndroidRuntime START com.android.internal.os.RuntimeInit <<<<<<
D/AndroidRuntime(  964): CheckJNI is ON
D/dalvikvm(  964): Trying to load lib libjavacore.so 0x0
D/dalvikvm(  964): Added shared lib libjavacore.so 0x0
D/dalvikvm(  964): Trying to load lib libnativehelper.so 0x0
D/dalvikvm(  964): Added shared lib libnativehelper.so 0x0
D/SystemClock(  319): Setting time of day to sec=1483692047
W/SystemClock(  319): Unable to set rtc to 1483692047: Invalid argument
I/ActivityManager(  319): Start proc com.android.calendar for broadcast com.android.calendar/.widget.CalendarAppWidgetService$CalendarFactory: pid=968 uid=10004 gids={50004, 3003, 1028}
I/dalvikvm(  319): Jit: resizing JitTable from 4096 to 8192
D/Eas Debug(  851): Logging: 
E/Trace   (  968): error opening trace file: No such file or directory (2)
V/AlarmClock(  791): No next alarm
D/AndroidRuntime(  964): Calling main entry com.android.commands.am.Am
D/dalvikvm(  964): Note: class Landroid/app/ActivityManagerNative; has 157 unimplemented (abstract) methods
V/AlarmClock(  791): AlarmInitReceiver finished
I/ActivityManager(  319): Force stopping package net.fercanet.LNM appid=10048 user=0
I/ActivityManager(  319): Start proc net.fercanet.LNM for added application net.fercanet.LNM: pid=994 uid=10048 gids={50048, 1015, 1028}
I/dalvikvm(  994): Turning on JNI app bug workarounds for target SDK version 3...
E/Trace   (  994): error opening trace file: No such file or directory (2)
D/PolideaInstrumentationTestRunner(  994): Creating the Test Runner with arguments: [coverage, class]
D/PolideaInstrumentationTestRunner(  994): Test runner is running with the following parameters:
D/PolideaInstrumentationTestRunner(  994): junitOutputDirectory: /data/data/net.fercanet.LNM/files
D/PolideaInstrumentationTestRunner(  994): junitOutputFilePostfix: -TEST.xml
D/PolideaInstrumentationTestRunner(  994): junitNoPackagePrefix: NO_PACKAGE
D/PolideaInstrumentationTestRunner(  994): junitSplitLevel: package
D/PolideaInstrumentationTestRunner(  994): junitSingleFileName: ALL-TEST.xml
D/PolideaInstrumentationTestRunner(  994): Creating output directory if it does not exist
D/PolideaInstrumentationTestRunner(  994): Created directory? false
D/PolideaInstrumentationTestRunner(  994): Deleting old files
D/PolideaInstrumentationTestRunner(  994): Deleting: [/data/data/net.fercanet.LNM/files/it.unina.android.ripper-TEST.xml]
D/dalvikvm(  994): GC_CONCURRENT freed 227K, 10% free 2605K/2892K, paused 14ms+17ms, total 87ms
I/System.out(  994): EMMA: collecting runtime coverage data ...
D/PolideaInstrumentationTestRunner(  994): Getting android test runner
D/PolideaInstrumentationTestRunner(  994): JUnit test output enabled
W/dalvikvm(  994): method Landroid/test/InstrumentationTestRunner$StringResultPrinter;.print incorrectly overrides package-private method with same name in Ljunit/textui/ResultPrinter;
D/PolideaInstrumentationTestRunner(  994): Starting test: testApplication(it.unina.android.ripper.RipperTestCase)
I/TestRunner(  994): started: testApplication(it.unina.android.ripper.RipperTestCase)
V/AndroidRipperService(  923): onBind()
V/AndroidRipperService(  923): register()
V/AndroidRipperService(  923): onBind()
I/ActivityManager(  319): START u0 {act=android.intent.action.MAIN flg=0x10000000 cmp=net.fercanet.LNM/.MainMenu} from pid 994
D/PermissionCache(   37): checking android.permission.READ_FRAME_BUFFER for uid=1000 => granted (13636 us)
W/WindowManager(  319): Failure taking screenshot for (246x410) to layer 21000
E/SurfaceFlinger(   37): ro.sf.lcd_density must be defined as a build property
V/        (  923): ready
V/RipperService(  923): PING
V/AndroidRipperService(  923): mHandler.handleMessage() RECIVED
V/AndroidRipperService(  923): broadcast()
I/AndroidRipper(  994): Recived message: PING
V/RipperTestCase(  994): Not ready to operate!
V/AndroidRipperService(  923): broadcast() done
V/        (  923): ready
W/ActivityManager(  319): Activity pause timeout for ActivityRecord{40f3a0d0 u0 com.android.launcher/com.android.launcher2.Launcher}
D/dalvikvm(  994): GC_FOR_ALLOC freed 237K, 11% free 2636K/2936K, paused 74ms, total 93ms
I/dalvikvm-heap(  994): Grow heap (frag case) to 3.214MB for 614416-byte allocation
D/dalvikvm(  994): GC_FOR_ALLOC freed <1K, 9% free 3235K/3540K, paused 92ms, total 92ms
D/dalvikvm(  994): GC_CONCURRENT freed 1K, 9% free 3234K/3540K, paused 5ms+2ms, total 97ms
E/SurfaceFlinger(   37): ro.sf.lcd_density must be defined as a build property
D/gralloc_goldfish(  994): Emulator without GPU emulation detected.
V/RipperService(  923): PING
V/AndroidRipperService(  923): mHandler.handleMessage() RECIVED
V/AndroidRipperService(  923): broadcast()
I/AndroidRipper(  994): Recived message: PING
V/RipperTestCase(  994): Not ready to operate!
V/AndroidRipperService(  923): broadcast() done
V/        (  923): ready
I/ActivityManager(  319): Displayed net.fercanet.LNM/.MainMenu: +1s871ms
I/Choreographer(  319): Skipped 30 frames!  The application may be doing too much work on its main thread.
D/ExchangeService(  851): Received deviceId from Email app: androidc259148960
D/ExchangeService(  851): Reconciling accounts...
D/ExchangeService(  851): !!! EAS ExchangeService, onStartCommand, startingUp = true, running = false
D/Eas Debug(  851): Logging: 
D/MmsSmsDatabaseHelper(  464): [MmsSmsDb] tableName: threads hasAutoIncrement: CREATE TABLE threads (_id INTEGER PRIMARY KEY AUTOINCREMENT,date INTEGER DEFAULT 0,message_count INTEGER DEFAULT 0,recipient_ids TEXT,snippet TEXT,snippet_cs INTEGER DEFAULT 0,read INTEGER DEFAULT 1,type INTEGER DEFAULT 0,error INTEGER DEFAULT 0,has_attachment INTEGER DEFAULT 0) result: true
D/dalvikvm(  319): GC_EXPLICIT freed 1744K, 35% free 5772K/8796K, paused 5ms+7ms, total 97ms
D/MmsSmsDatabaseHelper(  464): [MmsSmsDb] tableName: canonical_addresses hasAutoIncrement: CREATE TABLE canonical_addresses (_id INTEGER PRIMARY KEY AUTOINCREMENT,address TEXT) result: true
D/MmsSmsDatabaseHelper(  464): [MmsSmsDb] tableName: part hasAutoIncrement: CREATE TABLE part (_id INTEGER PRIMARY KEY AUTOINCREMENT,mid INTEGER,seq INTEGER DEFAULT 0,ct TEXT,name TEXT,chset INTEGER,cd TEXT,fn TEXT,cid TEXT,cl TEXT,ctt_s INTEGER,ctt_t TEXT,_data TEXT,text TEXT) result: true
D/MmsSmsDatabaseHelper(  464): [MmsSmsDb] tableName: pdu hasAutoIncrement: CREATE TABLE pdu (_id INTEGER PRIMARY KEY AUTOINCREMENT,thread_id INTEGER,date INTEGER,date_sent INTEGER DEFAULT 0,msg_box INTEGER,read INTEGER DEFAULT 0,m_id TEXT,sub TEXT,sub_cs INTEGER,ct_t TEXT,ct_l TEXT,exp INTEGER,m_cls TEXT,m_type INTEGER,v INTEGER,m_size INTEGER,pri INTEGER,rr INTEGER,rpt_a INTEGER,resp_st INTEGER,st INTEGER,tr_id TEXT,retr_st INTEGER,retr_txt TEXT,retr_txt_cs INTEGER,read_status INTEGER,ct_cls INTEGER,resp_txt TEXT,d_tm INTEGER,d_rpt INTEGER,locked INTEGER DEFAULT 0,seen INTEGER DEFAULT 0,text_only INTEGER DEFAULT 0) result: true
I/AndroidRipper(  994): [RipperTestCase] Ready to operate after restarting...
I/AccountTypeManager(  733): Loaded meta-data for 1 account types, 0 accounts in 84ms(wall) 30ms(cpu)
D/MmsSmsDatabaseHelper(  464): [getWritableDatabase] hasAutoIncrementThreads: true hasAutoIncrementAddresses: true hasAutoIncrementPart: true hasAutoIncrementPdu: true
I/CalendarProvider2(  858): Sending notification intent: Intent { act=android.intent.action.PROVIDER_CHANGED dat=content://com.android.calendar }
W/ContentResolver(  858): Failed to get type for: content://com.android.calendar (Unknown URL content://com.android.calendar)
D/AlertReceiver(  968): onReceive: a=android.intent.action.PROVIDER_CHANGED Intent { act=android.intent.action.PROVIDER_CHANGED dat=content://com.android.calendar flg=0x10 cmp=com.android.calendar/.alerts.AlertReceiver }
V/RipperService(  923): PING
V/AndroidRipperService(  923): mHandler.handleMessage() RECIVED
V/AndroidRipperService(  923): broadcast()
I/AndroidRipper(  994): Recived message: PING
V/AndroidRipperService(  923): send()
I/System.out(  923): {"type":"PONG","index":"4"}
V/AndroidRipperService(  923): broadcast() done
V/        (  923): ready
V/RipperService(  923): END
V/AndroidRipperService(  923): mHandler.handleMessage() RECIVED
V/AndroidRipperService(  923): broadcast()
I/AndroidRipper(  994): Recived message: END
V/AndroidRipperService(  923): broadcast() done
V/        (  923): ready
V/SERVER  (  923): ServerSocket on PORT 8888: offline
V/AndroidRipperService(  923): mHandler.handleMessage() DISCONNECTED
V/SERVER  (  923): Ready to accept connections on port: 8888
D/AlertService(  968): 0 Action = android.intent.action.PROVIDER_CHANGED
D/AlertService(  968): Beginning updateAlertNotification
V/AndroidRipperService(  923): unregister()
W/WindowManager(  319): Failure taking screenshot for (246x410) to layer 21005
I/Choreographer(  481): Skipped 98 frames!  The application may be doing too much work on its main thread.
V/AndroidRipperService(  923): unregister()
W/ActivityManager(  319): Duplicate finish request for ActivityRecord{40f42030 u0 net.fercanet.LNM/.MainMenu}
D/dalvikvm(  994): GC_EXPLICIT freed 41K, 8% free 3271K/3540K, paused 5ms+12ms, total 72ms
D/dalvikvm(  994): GC_EXPLICIT freed 4K, 8% free 3268K/3540K, paused 7ms+6ms, total 71ms
D/PolideaInstrumentationTestRunner(  994): Finished test: testApplication(it.unina.android.ripper.RipperTestCase)
I/TestRunner(  994): finished: testApplication(it.unina.android.ripper.RipperTestCase)
I/TestRunner(  994): passed: testApplication(it.unina.android.ripper.RipperTestCase)
E/SurfaceFlinger(   37): ro.sf.lcd_density must be defined as a build property
I/System.out(  994): EMMA: runtime coverage data written to [/data/data/net.fercanet.LNM/files/coverage.ec] {in 85 ms}
D/PolideaInstrumentationTestRunner(  994): Post processing
D/PolideaInstrumentationTestRunner(  994): Packages: 1
D/PolideaInstrumentationTestRunner(  994): Processing package package it.unina.android.ripper
D/PolideaInstrumentationTestRunner(  994): Writing to file /data/data/net.fercanet.LNM/files/it.unina.android.ripper-TEST.xml
D/PolideaInstrumentationTestRunner(  994): closing file
D/AndroidRuntime(  964): Shutting down VM
D/dalvikvm(  964): GC_CONCURRENT freed 95K, 18% free 462K/560K, paused 0ms+1ms, total 9ms
I/ActivityManager(  319): Force stopping package net.fercanet.LNM appid=10048 user=0
I/ActivityManager(  319): Killing proc 994:net.fercanet.LNM/u0a10048: force stop net.fercanet.LNM
W/InputDispatcher(  319): channel '40f75fa8 net.fercanet.LNM/net.fercanet.LNM.MainMenu (server)' ~ Consumer closed input channel or an error occurred.  events=0x9
E/InputDispatcher(  319): channel '40f75fa8 net.fercanet.LNM/net.fercanet.LNM.MainMenu (server)' ~ Channel is unrecoverably broken and will be disposed!
I/WindowState(  319): WIN DEATH: Window{40f75fa8 u0 net.fercanet.LNM/net.fercanet.LNM.MainMenu EXITING}
W/InputDispatcher(  319): Attempted to unregister already unregistered input channel '40f75fa8 net.fercanet.LNM/net.fercanet.LNM.MainMenu (server)'
W/WindowManager(  319): Rebuild removed 2 windows but added 1
W/WindowManager(  319): This window was lost: Window{40f75fa8 u0 net.fercanet.LNM/net.fercanet.LNM.MainMenu}
W/WindowManager(  319): mDisplayId=0 mSession=Session{4100f088 994:u0a10048} mClient=android.os.BinderProxy@40f75d70
W/WindowManager(  319): mOwnerUid=10048 mShowToOwnerOnly=true
W/WindowManager(  319): mAttrs=WM.LayoutParams{(0,0)(fillxfill) sim=#120 ty=1 fl=#8010100 pfl=0x8 wanim=0x1030001}
W/WindowManager(  319): Requested w=480 h=800 mLayoutSeq=48
W/WindowManager(  319): mBaseLayer=21000 mSubLayer=0 mAnimLayer=21000+0=21000 mLastLayer=0
W/WindowManager(  319): mToken=AppWindowToken{4102a860 token=Token{40f42170 ActivityRecord{40f42030 u0 net.fercanet.LNM/.MainMenu}}}
W/WindowManager(  319): mRootToken=AppWindowToken{4102a860 token=Token{40f42170 ActivityRecord{40f42030 u0 net.fercanet.LNM/.MainMenu}}}
W/WindowManager(  319): mAppToken=AppWindowToken{4102a860 token=Token{40f42170 ActivityRecord{40f42030 u0 net.fercanet.LNM/.MainMenu}}}
W/WindowManager(  319): mViewVisibility=0x8 mHaveFrame=true mObscured=true
W/WindowManager(  319): mSeq=0 mSystemUiVisibility=0x0
W/WindowManager(  319): mPolicyVisibility=false mPolicyVisibilityAfterAnim=false mAttachedHidden=false
W/WindowManager(  319): mGivenContentInsets=[0,0][0,0] mGivenVisibleInsets=[0,0][0,0]
W/WindowManager(  319): mConfiguration={1.0 310mcc260mnc en_US ldltr sw320dp w320dp h508dp 240dpi nrml long port finger -keyb/v/h tball/v s.6}
W/WindowManager(  319): mHasSurface=true mShownFrame=[0.0,0.0][480.0,800.0] isReadyForDisplay()=false
W/WindowManager(  319): mFrame=[0,0][480,800] last=[0,0][480,800]
W/WindowManager(  319): mSystemDecorRect=[0,38][480,800] last=[0,38][480,800]
W/WindowManager(  319): Frames: containing=[0,0][480,800] parent=[0,0][480,800] display=[0,0][480,800]
W/WindowManager(  319):     content=[0,38][480,800] visible=[0,38][480,800]
W/WindowManager(  319): Cur insets: content=[0,38][0,0] visible=[0,38][0,0]
W/WindowManager(  319): Lst insets: content=[0,38][0,0] visible=[0,38][0,0]
W/WindowManager(  319): WindowStateAnimator{4102f6b0 net.fercanet.LNM/net.fercanet.LNM.MainMenu}:
W/WindowManager(  319):   mSurface=Surface(name=net.fercanet.LNM/net.fercanet.LNM.MainMenu, identity=17)
W/WindowManager(  319):   mDrawState=HAS_DRAWN mLastHidden=true
W/WindowManager(  319):   Surface: shown=false layer=21005 alpha=0.0 rect=(0.0,0.0) 480.0 x 800.0
W/WindowManager(  319):   mShownAlpha=1.0 mAlpha=1.0 mLastAlpha=-1.0
W/WindowManager(  319):   mGlobalScale=1.0 mDsDx=1.0 mDtDx=0.0 mDsDy=0.0 mDtDy=1.0
W/WindowManager(  319): mExiting=false mRemoveOnExit=false mDestroying=true mRemoved=false
W/WindowManager(  319): Current app token list:
V/WindowManager(  319):   #0: Token{40f3a508 ActivityRecord{40f3a0d0 u0 com.android.launcher/com.android.launcher2.Launcher}}
W/WindowManager(  319): Final window list:
V/WindowManager(  319):   #0: Window{40ed4870 u0 StatusBar}
V/WindowManager(  319):   #1: Window{40e72848 u0 Keyguard}
V/WindowManager(  319):   #2: Window{40fe5268 u0 com.android.launcher/com.android.launcher2.Launcher}
V/WindowManager(  319):   #3: Window{40f302a0 u0 com.android.systemui.ImageWallpaper}
D/dalvikvm(  282): GC_CONCURRENT freed 204K, 8% free 3141K/3384K, paused 4ms+15ms, total 184ms
D/dalvikvm(  282): GC_CONCURRENT freed 222K, 8% free 3306K/3588K, paused 6ms+4ms, total 122ms
W/PackageManager(  282): Package com.android.camera desires unavailable shared library com.google.android.media.effects; ignoring!
D/PackageManager(  282): No files in app dir /vendor/app
D/dalvikvm(  282): GC_CONCURRENT freed 225K, 8% free 3549K/3836K, paused 7ms+56ms, total 258ms
W/PackageParser(  282): No actions in intent filter at /data/app/ApiDemos.apk Binary XML file line #2737
W/PackageParser(  282): No actions in intent filter at /data/app/ApiDemos.apk Binary XML file line #2743
W/PackageManager(  282): Package com.example.android.apis desires unavailable shared library com.example.will.never.exist; ignoring!
I/PackageParser(  282): net.fercanet.LNM: compat added android.permission.READ_PHONE_STATE
I/PackageManager(  282): Time to scan packages: 4.438 seconds
W/PackageManager(  282): Unknown permission com.google.android.googleapps.permission.GOOGLE_AUTH.mail in package com.android.contacts
W/PackageManager(  282): Unknown permission android.permission.ADD_SYSTEM_SERVICE in package com.android.phone
W/PackageManager(  282): Unknown permission com.android.smspush.WAPPUSH_MANAGER_BIND in package com.android.phone
W/PackageManager(  282): Unknown permission com.google.android.googleapps.permission.GOOGLE_AUTH in package com.android.providers.calendar
W/PackageManager(  282): Unknown permission com.google.android.googleapps.permission.GOOGLE_AUTH.cl in package com.android.providers.calendar
W/PackageManager(  282): Unknown permission com.google.android.googleapps.permission.GOOGLE_AUTH.mail in package com.android.calendar
W/PackageManager(  282): Not granting permission android.permission.SEND_DOWNLOAD_COMPLETED_INTENTS to package com.android.browser (protectionLevel=2 flags=0x9be45)
W/PackageManager(  282): Not granting permission android.permission.BIND_APPWIDGET to package com.android.widgetpreview (protectionLevel=18 flags=0x8be44)
W/PackageManager(  282): Unknown permission com.google.android.googleapps.permission.GOOGLE_AUTH in package com.android.settings
W/PackageManager(  282): Unknown permission com.google.android.gallery3d.permission.GALLERY_PROVIDER in package com.android.exchange
W/PackageManager(  282): Unknown permission com.google.android.googleapps.permission.ACCESS_GOOGLE_PASSWORD in package com.android.development
W/PackageManager(  282): Unknown permission com.google.android.googleapps.permission.GOOGLE_AUTH in package com.android.development
W/PackageManager(  282): Unknown permission com.google.android.googleapps.permission.GOOGLE_AUTH.ALL_SERVICES in package com.android.development
W/PackageManager(  282): Unknown permission com.google.android.googleapps.permission.GOOGLE_AUTH.YouTubeUser in package com.android.development
W/PackageManager(  282): Unknown permission com.google.android.gallery3d.permission.GALLERY_PROVIDER in package com.android.email
W/PackageManager(  282): Not granting permission android.permission.DEVICE_POWER to package com.android.deskclock (protectionLevel=2 flags=0x8be45)
D/dalvikvm(  282): GC_CONCURRENT freed 280K, 9% free 3773K/4116K, paused 4ms+23ms, total 100ms
D/dalvikvm(  282): GC_EXPLICIT freed 248K, 13% free 3637K/4160K, paused 4ms+13ms, total 127ms
I/SystemServer(  282): User Service
I/SystemServer(  282): Account Manager
I/SystemServer(  282): Content Manager
I/SystemServer(  282): System Content Providers
I/SystemServer(  282): Lights Service
I/SystemServer(  282): Battery Service
I/SystemServer(  282): Vibrator Service
I/libsuspend(  282): Selected early suspend
I/libsuspend(  282): Starting early suspend unblocker thread
D/PermissionCache(   37): checking android.permission.ACCESS_SURFACE_FLINGER for uid=1000 => granted (9658 us)
D/SurfaceFlinger(   37): Screen acquired, type=0 flinger=0x2a007318
D/SurfaceFlinger(   37):  screen was previously acquired
I/SystemServer(  282): Alarm Manager
D/AlarmManagerService(  282): Kernel timezone updated to 0 minutes west of GMT
I/SystemServer(  282): Init Watchdog
I/SystemServer(  282): Input Manager
I/InputManager(  282): Initializing input manager, mUseDevInputEventForAudioJack=false
I/SystemServer(  282): Window Manager
E/SoundPool(  282): error loading /system/media/audio/ui/Lock.ogg
W/KeyguardViewMediator(  282): failed to load lock sound from /system/media/audio/ui/Lock.ogg
E/SoundPool(  282): error loading /system/media/audio/ui/Unlock.ogg
W/KeyguardViewMediator(  282): failed to load unlock sound from /system/media/audio/ui/Unlock.ogg
I/InputManager(  282): Starting input manager
I/SystemServer(  282): No Bluetooh Service (emulator)
I/SystemServer(  282): Input Method Service
I/EventHub(  282): New device: id=1, fd=88, path='/dev/input/event0', name='qwerty2', classes=0x2d, configuration='/system/usr/idc/qwerty2.idc', keyLayout='/system/usr/keylayout/qwerty.kl', keyCharacterMap='/system/usr/keychars/qwerty2.kcm', builtinKeyboard=true, usingSuspendBlockIoctl=false, usingClockIoctl=false
E/EventHub(  282): could not get driver version for /dev/input/mouse0, Not a typewriter
E/EventHub(  282): could not get driver version for /dev/input/mice, Not a typewriter
I/InputReader(  282): Device added: id=-1, name='Virtual', sources=0x00000301
I/InputReader(  282):   Touch device 'qwerty2' could not query the properties of its associated display.  The device will be inoperable until the display size becomes available.
I/InputReader(  282): Device added: id=0, name='qwerty2', sources=0x00011307
E/Trace   (  282): error opening trace file: No such file or directory (2)
W/InputMethodManagerService(  282): Couldn't create dir.: /data/system/inputmethod
D/dalvikvm(  282): GC_CONCURRENT freed 297K, 9% free 3847K/4216K, paused 73ms+4ms, total 363ms
D/dalvikvm(  282): WAIT_FOR_CONCURRENT_GC blocked 57ms
I/SystemServer(  282): Accessibility Manager
I/ActivityManager(  282): Config changes=15f8 {1.0 ?mcc?mnc en_US ldltr sw320dp w320dp h508dp 240dpi nrml long port ?uimode ?night finger -keyb/v/h tball/v s.2}
I/InputReader(  282): Reconfiguring input devices.  changes=0x00000004
I/InputReader(  282): Device reconfigured: id=0, name='qwerty2', size 480x800, orientation 0, mode 1, display id 0
I/InputReader(  282): Reconfiguring input devices.  changes=0x00000004
I/InputReader(  282): Device reconfigured: id=0, name='qwerty2', size 480x800, orientation 0, mode 1, display id 0
I/SystemServer(  282): Mount Service
D/MountService(  282): got storage path: /mnt/sdcard description: USB storage primary: true removable: false emulated: false mtpReserve: 0 allowMassStorage: false maxFileSize: 0
D/MountService(  282): addVolumeLocked() StorageVolume [mStorageId=0 mPath=/mnt/sdcard mDescriptionId=17040615 mPrimary=true mRemovable=false mEmulated=false mMtpReserveSpace=0 mAllowMassStorage=false mMaxFileSize=0 mOwner=null]
I/SystemServer(  282): LockSettingsService
I/SystemServer(  282): Device Policy
I/SystemServer(  282): Status Bar
I/SystemServer(  282): Clipboard Service
I/SystemServer(  282): NetworkManagement Service
I/SystemServer(  282): Text Service Manager Service
I/SystemServer(  282): NetworkStats Service
D/dalvikvm(  282): GREF has increased to 201
I/SystemServer(  282): NetworkPolicy Service
D/MountService(  282): volume state changed for /mnt/sdcard (null -> unmounted)
I/PackageManager(  282): Updating external media status from unmounted to unmounted
I/SystemServer(  282): Wi-Fi P2pService
W/MountService(  282): getSecureContainerList() called when storage not mounted
I/PackageManager(  282): No secure containers on sdcard
W/PackageManager(  282): Unknown permission com.google.android.googleapps.permission.GOOGLE_AUTH.mail in package com.android.contacts
W/PackageManager(  282): Unknown permission android.permission.ADD_SYSTEM_SERVICE in package com.android.phone
W/PackageManager(  282): Unknown permission com.android.smspush.WAPPUSH_MANAGER_BIND in package com.android.phone
I/SystemServer(  282): Wi-Fi Service
W/PackageManager(  282): Unknown permission com.google.android.googleapps.permission.GOOGLE_AUTH in package com.android.providers.calendar
W/PackageManager(  282): Unknown permission com.google.android.googleapps.permission.GOOGLE_AUTH.cl in package com.android.providers.calendar
W/PackageManager(  282): Unknown permission com.google.android.googleapps.permission.GOOGLE_AUTH.mail in package com.android.calendar
W/PackageManager(  282): Not granting permission android.permission.SEND_DOWNLOAD_COMPLETED_INTENTS to package com.android.browser (protectionLevel=2 flags=0x89be45)
W/PackageManager(  282): Not granting permission android.permission.BIND_APPWIDGET to package com.android.widgetpreview (protectionLevel=18 flags=0x8be44)
W/PackageManager(  282): Unknown permission com.google.android.googleapps.permission.GOOGLE_AUTH in package com.android.settings
W/PackageManager(  282): Unknown permission com.google.android.gallery3d.permission.GALLERY_PROVIDER in package com.android.exchange
W/PackageManager(  282): Unknown permission com.google.android.googleapps.permission.ACCESS_GOOGLE_PASSWORD in package com.android.development
W/PackageManager(  282): Unknown permission com.google.android.googleapps.permission.GOOGLE_AUTH in package com.android.development
W/PackageManager(  282): Unknown permission com.google.android.googleapps.permission.GOOGLE_AUTH.ALL_SERVICES in package com.android.development
W/PackageManager(  282): Unknown permission com.google.android.googleapps.permission.GOOGLE_AUTH.YouTubeUser in package com.android.development
W/PackageManager(  282): Unknown permission com.google.android.gallery3d.permission.GALLERY_PROVIDER in package com.android.email
W/PackageManager(  282): Not granting permission android.permission.DEVICE_POWER to package com.android.deskclock (protectionLevel=2 flags=0x88be45)
D/dalvikvm(  282): GC_CONCURRENT freed 243K, 8% free 3996K/4308K, paused 65ms+3ms, total 216ms
E/CommandListener(   34): Failed to open /proc/sys/net/ipv6/conf/wlan0/disable_ipv6: No such file or directory
E/WifiStateMachine(  282): Failed to disable IPv6: java.lang.IllegalStateException: command '1 interface ipv6 wlan0 disable' failed with '400 1 Failed to change IPv6 state (No such file or directory)'
I/SystemServer(  282): Connectivity Service
D/ConnectivityService(  282): ConnectivityService starting up
E/MobileDataStateTracker(  282): default: Ignoring feature request because could not acquire PhoneService
E/MobileDataStateTracker(  282): default: Could not enable APN type "default"
I/WifiService(  282): WifiService starting up with Wi-Fi disabled
I/SystemServer(  282): Network Service Discovery Service
D/NsdService(  282): Network service discovery enabled true
I/SystemServer(  282): Throttle Service
I/SystemServer(  282): UpdateLock Service
I/SystemServer(  282): Notification Manager
I/SystemServer(  282): Device Storage Monitor
I/SystemServer(  282): Location Manager
I/SystemServer(  282): Country Detector
I/SystemServer(  282): Search Service
I/SystemServer(  282): DropBox Service
I/SystemServer(  282): Wallpaper Service
I/SystemServer(  282): Audio Service
D/dalvikvm(  282): GC_CONCURRENT freed 277K, 8% free 4203K/4552K, paused 8ms+81ms, total 424ms
I/SystemServer(  282): Dock Observer
W/DockObserver(  282): This kernel does not have dock station support
I/SystemServer(  282): Wired Accessory Manager
W/WiredAccessoryManager(  282): This kernel does not have wired headset support
W/WiredAccessoryManager(  282): This kernel does not have usb audio support
W/WiredAccessoryManager(  282): This kernel does not have HDMI audio support
I/SystemServer(  282): USB Service
I/SystemServer(  282): Serial Service
I/SystemServer(  282): Twilight Service
I/SystemServer(  282): UI Mode Manager Service
I/SystemServer(  282): Backup Service
V/BackupManagerService(  282): No ancestral data
I/BackupManagerService(  282): Found stale backup journal, scheduling
I/BackupManagerService(  282):   android
I/BackupManagerService(  282):   com.android.browser
I/BackupManagerService(  282):   com.android.calendar
I/BackupManagerService(  282):   com.android.inputmethod.latin
I/BackupManagerService(  282):   com.android.providers.settings
I/BackupManagerService(  282):   com.android.providers.userdictionary
I/BackupManagerService(  282):   com.android.sharedstoragebackup
I/BackupManagerService(  282): Backup enabled => true
I/SystemServer(  282): AppWidget Service
I/SystemServer(  282): Recognition Service
I/SystemServer(  282): DiskStats Service
I/SystemServer(  282): SamplingProfiler Service
I/SystemServer(  282): NetworkTimeUpdateService
I/SystemServer(  282): CommonTimeManagementService
I/SystemServer(  282): CertBlacklister
I/SystemServer(  282): Dreams Service
I/WindowManager(  282): SAFE MODE not enabled
D/dalvikvm(  282): JIT started for system_server
D/dalvikvm(  282): GC_CONCURRENT freed 353K, 9% free 4293K/4712K, paused 4ms+36ms, total 215ms
I/ActivityManager(  282): System now ready
I/SystemServer(  282): Making services ready
I/Zygote  (  282): Process: zygote socket opened
I/ActivityManager(  282): Start proc com.android.systemui for service com.android.systemui/.SystemUIService: pid=344 uid=10034 gids={50034, 1028, 1015, 3002, 3001}
I/Vold    (   32): /dev/block/vold/179:0 being considered for volume sdcard
D/Vold    (   32): Volume sdcard state changing 1 (Idle-Unmounted) -> 3 (Checking)
I//system/bin/fsck_msdos(   32): ** /dev/block/vold/179:0
I//system/bin/fsck_msdos(   32): ** Phase 1 - Read and Compare FATs
D/MountService(  282): volume state changed for /mnt/sdcard (unmounted -> checking)
D/MountService(  282): sendStorageIntent Intent { act=android.intent.action.MEDIA_CHECKING dat=file:///mnt/sdcard (has extras) } to UserHandle{-1}
D/NetworkManagementService(  282): not enabling bandwidth control
I/keystore(   42): uid: 1000 action: e -> 7 state: 3 -> 3 retry: 4
I//system/bin/fsck_msdos(   32): Attempting to allocate 2044 KB for FAT
W/NetworkStats(  282): bandwidth controls disabled, unable to track stats
W/NetworkPolicy(  282): bandwidth controls disabled, unable to enforce policy
I/keystore(   42): uid: 1000 action: e -> 7 state: 3 -> 3 retry: 4
I/ActivityManager(  282): Config changes=200 {1.0 ?mcc?mnc en_US ldltr sw320dp w320dp h508dp 240dpi nrml long port finger -keyb/v/h tball/v s.3}
W/RecognitionManagerService(  282): no available voice recognition services found for user 0
E/Trace   (  344): error opening trace file: No such file or directory (2)
D/SystemUIService(  344): loading: class com.android.systemui.statusbar.phone.PhoneStatusBar
D/dalvikvm(  282): GC_CONCURRENT freed 83K, 5% free 4644K/4856K, paused 29ms+100ms, total 367ms
D/dalvikvm(  282): WAIT_FOR_CONCURRENT_GC blocked 326ms
D/SystemUIService(  344): running: com.android.systemui.statusbar.phone.PhoneStatusBar@40cd33a0
I/StatusBarManagerService(  282): registerStatusBar bar=com.android.internal.statusbar.IStatusBar$Stub$Proxy@40cd1dc0
W/InputMethodManagerService(  282): Ignoring setImeWindowStatus of uid 1000 token: null
W/InputMethodManagerService(  282): Found no subtypes in a system IME: com.android.inputmethod.pinyin
I/ActivityManager(  282): Start proc com.android.inputmethod.latin for service com.android.inputmethod.latin/.LatinIME: pid=373 uid=10010 gids={50010, 1028}
I/CommonTimeManagementService(  282): No common time service detected on this platform.  Common time services will be unavailable.
I/ActivityManager(  282): Start proc com.android.phone for added application com.android.phone: pid=389 uid=1001 gids={41001, 3002, 3001, 3003, 1015, 1028}
D/dalvikvm(  282): GC_CONCURRENT freed 331K, 8% free 4856K/5252K, paused 5ms+215ms, total 543ms
D/dalvikvm(  282): WAIT_FOR_CONCURRENT_GC blocked 417ms
I/ActivityManager(  282): START u0 {act=android.intent.action.MAIN cat=[android.intent.category.HOME] flg=0x10000000 cmp=com.android.launcher/com.android.launcher2.Launcher} from pid 0
D/dalvikvm(  282): GC_FOR_ALLOC freed 39K, 8% free 5034K/5460K, paused 433ms, total 434ms
I/ActivityManager(  282): Start proc com.android.launcher for activity com.android.launcher/com.android.launcher2.Launcher: pid=404 uid=10020 gids={50020, 1028}
E/Trace   (  373): error opening trace file: No such file or directory (2)
D/dalvikvm(  344): GC_FOR_ALLOC freed 88K, 6% free 2664K/2812K, paused 693ms, total 696ms
I/dalvikvm-heap(  344): Grow heap (frag case) to 3.263MB for 635812-byte allocation
I/SystemServer(  282): Enabled StrictMode for system server main thread.
E/Trace   (  389): error opening trace file: No such file or directory (2)
D/dalvikvm(  344): GC_CONCURRENT freed 5K, 5% free 3280K/3436K, paused 5ms+2ms, total 417ms
D/dalvikvm(  344): WAIT_FOR_CONCURRENT_GC blocked 260ms
D/dalvikvm(  282): GC_CONCURRENT freed 298K, 7% free 5402K/5768K, paused 14ms+5ms, total 467ms
D/dalvikvm(  282): WAIT_FOR_CONCURRENT_GC blocked 73ms
D/dalvikvm(  282): WAIT_FOR_CONCURRENT_GC blocked 182ms
D/dalvikvm(  282): WAIT_FOR_CONCURRENT_GC blocked 193ms
D/dalvikvm(  282): WAIT_FOR_CONCURRENT_GC blocked 112ms
D/dalvikvm(  282): WAIT_FOR_CONCURRENT_GC blocked 307ms
I/LatinIME(  373): Hardware accelerated drawing: false
W/TelephonyProvider(  389): onCreate: confFile=/system/etc/apns-conf.xml oldCheckSum=-1
D/TelephonyManager(  389): getLteOnCdmaMode=0 curVal=-1 product_type='' lteOnCdmaProductType=''
I/InputReader(  282): Reconfiguring input devices.  changes=0x00000020
E/Trace   (  404): error opening trace file: No such file or directory (2)
E/SurfaceFlinger(   37): ro.sf.lcd_density must be defined as a build property
D/gralloc_goldfish(  282): Emulator without GPU emulation detected.
I/InputReader(  282): Reconfiguring input devices.  changes=0x00000010
W/SocketClient(   34): write error (Broken pipe)
E/ThrottleService(  282): problem during onPollAlarm: java.lang.IllegalStateException: problem parsing stats: java.io.FileNotFoundException: /proc/net/xt_qtaguid/iface_stat_all: open failed: ENOENT (No such file or directory)
I/Choreographer(  282): Skipped 114 frames!  The application may be doing too much work on its main thread.
E/BluetoothAdapter(  344): Bluetooth binder is null
E/BluetoothAdapter(  344): Bluetooth binder is null
D/TelephonyManager(  389): getLteOnCdmaMode=0 curVal=-1 product_type='' lteOnCdmaProductType=''
D/dalvikvm(  282): GC_CONCURRENT freed 715K, 13% free 5449K/6228K, paused 5ms+11ms, total 559ms
D/dalvikvm(  282): WAIT_FOR_CONCURRENT_GC blocked 86ms
D/dalvikvm(  282): WAIT_FOR_CONCURRENT_GC blocked 332ms
D/dalvikvm(  282): WAIT_FOR_CONCURRENT_GC blocked 249ms
D/TelephonyManager(  389): getLteOnCdmaMode=0 curVal=-1 product_type='' lteOnCdmaProductType=''
D/dalvikvm(  282): WAIT_FOR_CONCURRENT_GC blocked 186ms
D/dalvikvm(  282): WAIT_FOR_CONCURRENT_GC blocked 437ms
D/dalvikvm(  282): WAIT_FOR_CONCURRENT_GC blocked 362ms
E/BluetoothAdapter(  344): Bluetooth binder is null
D/dalvikvm(  282): GREF has increased to 301
I/Choreographer(  282): Skipped 2441 frames!  The application may be doing too much work on its main thread.
W/Settings(  389): Setting airplane_mode_on has moved from android.provider.Settings.System to android.provider.Settings.Global, returning read-only value.
W/Settings(  389): Setting auto_time has moved from android.provider.Settings.System to android.provider.Settings.Global, returning read-only global URI.
W/Settings(  389): Setting auto_time_zone has moved from android.provider.Settings.System to android.provider.Settings.Global, returning read-only global URI.
W/ActivityManager(  282): Unable to start service Intent { act=com.android.internal.telephony.IWapPushManager } U=0: not found
W/InputAttributes(  373): No editor info for this field. Bug?
D/        (  389): [ApnContext:default] set reason as dataEnabled,current state IDLE
D/        (  389): [ApnContext:default] setRetryCount: 0
D/        (  389): [ApnContext:mms] set reason as dataEnabled,current state IDLE
D/        (  389): [ApnContext:mms] setRetryCount: 0
D/        (  389): [ApnContext:supl] set reason as dataEnabled,current state IDLE
D/        (  389): [ApnContext:supl] setRetryCount: 0
D/        (  389): [ApnContext:hipri] set reason as dataEnabled,current state IDLE
D/        (  389): [ApnContext:hipri] setRetryCount: 0
D/        (  389): [ApnContext:fota] set reason as dataEnabled,current state IDLE
D/        (  389): [ApnContext:fota] setRetryCount: 0
D/dalvikvm(  344): GC_CONCURRENT freed 70K, 4% free 3664K/3796K, paused 3ms+14ms, total 509ms
D/        (  389): [ApnContext:ims] set reason as dataEnabled,current state IDLE
D/        (  389): [ApnContext:ims] setRetryCount: 0
D/dalvikvm(  282): GC_CONCURRENT freed 749K, 13% free 5473K/6288K, paused 7ms+11ms, total 912ms
D/dalvikvm(  282): WAIT_FOR_CONCURRENT_GC blocked 40ms
E/ActivityThread(  373): Failed to find provider info for com.android.inputmethod.latin.dictionarypack
D/dalvikvm(  282): WAIT_FOR_CONCURRENT_GC blocked 471ms
D/dalvikvm(  282): WAIT_FOR_CONCURRENT_GC blocked 315ms
D/dalvikvm(  282): WAIT_FOR_CONCURRENT_GC blocked 241ms
