D/dalvikvm(  293): WAIT_FOR_CONCURRENT_GC blocked 373ms
I/ActivityManager(  293): Process com.android.inputmethod.latin (pid 424) has died.
W/ActivityManager(  293): Scheduling restart of crashed service com.android.inputmethod.latin/.LatinIME in 5000ms
V/AlarmClock(  627): No next alarm
V/AlarmClock(  627): AlarmInitReceiver - Reset timers and clear stopwatch data
E/Trace   (  699): error opening trace file: No such file or directory (2)
V/AlarmClock(  627): No next alarm
V/AlarmClock(  627): AlarmInitReceiver finished
D/AndroidRuntime(  728): 
D/AndroidRuntime(  728): >>>>>> AndroidRuntime START com.android.internal.os.RuntimeInit <<<<<<
D/dalvikvm(  460): GC_CONCURRENT freed 171K, 5% free 4612K/4840K, paused 4ms+267ms, total 374ms
D/AndroidRuntime(  728): CheckJNI is ON
D/dalvikvm(  728): Trying to load lib libjavacore.so 0x0
D/dalvikvm(  728): Added shared lib libjavacore.so 0x0
D/dalvikvm(  728): Trying to load lib libnativehelper.so 0x0
D/dalvikvm(  728): Added shared lib libnativehelper.so 0x0
V/AndroidRipperService(  699): onCreate()
D/CAT     (  444): CatService: SIM ready. Reporting STK service running now...
V/SERVER  (  699): Starting ServerSocket on PORT 8888
V/SERVER  (  699): Started ServerSocket on PORT 8888
D/dalvikvm(  444): GC_CONCURRENT freed 272K, 11% free 2777K/3108K, paused 3ms+10ms, total 240ms
W/GpsLocationProvider(  293): Could not open GPS configuration file /etc/gps.conf
D/AndroidRuntime(  728): Calling main entry com.android.commands.am.Am
D/dalvikvm(  728): Note: class Landroid/app/ActivityManagerNative; has 157 unimplemented (abstract) methods
D/MccTable(  444): updateMccMncConfiguration: mcc=310, mnc=260
D/TelephonyManager(  444): getLteOnCdmaMode=0 curVal=-1 product_type='' lteOnCdmaProductType=''
D/MccTable(  444): locale set to en_us
D/MccTable(  444): WIFI_COUNTRY_CODE set to us
I/ActivityManager(  293): Force stopping package de.freewarepoint.whohasmystuff appid=10050 user=0
D/dalvikvm(  740): Not late-enabling CheckJNI (already on)
I/WifiService(  293): WifiService trying to set country code to us with persist set to true
I/ActivityManager(  293): Start proc de.freewarepoint.whohasmystuff for added application de.freewarepoint.whohasmystuff: pid=740 uid=10050 gids={50050, 1015, 1028}
I/ActivityManager(  293): Config changes=1403 {1.0 310mcc260mnc en_US ldltr sw320dp w320dp h508dp 240dpi nrml long port finger -keyb/v/h tball/v s.5}
W/SurfaceFlinger(   37): createScreenshotSurface failed (Function not implemented)
E/Trace   (  740): error opening trace file: No such file or directory (2)
W/ServiceWatcher(  293): com.google.android.location not found
W/Settings(  444): Setting auto_time_zone has moved from android.provider.Settings.System to android.provider.Settings.Global, returning read-only value.
I/Choreographer(  387): Skipped 57 frames!  The application may be doing too much work on its main thread.
I/AccountTypeManager(  557): Loaded meta-data for 1 account types, 0 accounts in 775ms(wall) 49ms(cpu)
D/MccTable(  444): updateMccMncConfiguration: mcc=310, mnc=260
D/TelephonyManager(  444): getLteOnCdmaMode=0 curVal=-1 product_type='' lteOnCdmaProductType=''
D/MccTable(  444): locale set to en_us
D/MccTable(  444): WIFI_COUNTRY_CODE set to us
I/WifiService(  293): WifiService trying to set country code to us with persist set to true
I/ActivityManager(  293): Config changes=1400 {1.0 310mcc260mnc en_US ldltr sw320dp w320dp h508dp 240dpi nrml long port finger -keyb/v/h tball/v s.6}
D/PolideaInstrumentationTestRunner(  740): Creating the Test Runner with arguments: [coverage, class]
D/PolideaInstrumentationTestRunner(  740): Test runner is running with the following parameters:
D/PolideaInstrumentationTestRunner(  740): junitOutputDirectory: /data/data/de.freewarepoint.whohasmystuff/files
D/PolideaInstrumentationTestRunner(  740): junitOutputFilePostfix: -TEST.xml
D/PolideaInstrumentationTestRunner(  740): junitNoPackagePrefix: NO_PACKAGE
D/PolideaInstrumentationTestRunner(  740): junitSplitLevel: package
D/PolideaInstrumentationTestRunner(  740): junitSingleFileName: ALL-TEST.xml
D/PolideaInstrumentationTestRunner(  740): Creating output directory if it does not exist
D/PolideaInstrumentationTestRunner(  740): Created directory? false
D/PolideaInstrumentationTestRunner(  740): Deleting old files
D/dalvikvm(  293): GC_CONCURRENT freed 654K, 24% free 6114K/8044K, paused 5ms+6ms, total 263ms
D/dalvikvm(  293): WAIT_FOR_CONCURRENT_GC blocked 115ms
D/dalvikvm(  293): WAIT_FOR_CONCURRENT_GC blocked 183ms
D/dalvikvm(  293): WAIT_FOR_CONCURRENT_GC blocked 205ms
D/PolideaInstrumentationTestRunner(  740): Deleting: [/data/data/de.freewarepoint.whohasmystuff/files/it.unina.android.ripper-TEST.xml]
W/ServiceWatcher(  293): com.google.android.location not found
D/dalvikvm(  444): GC_CONCURRENT freed 305K, 12% free 2919K/3284K, paused 5ms+31ms, total 113ms
W/WindowManager(  293): Window freeze timeout expired.
W/WindowManager(  293): Force clearing orientation change: Window{40e3b578 u0 Keyguard}
D/dalvikvm(  293): GC_CONCURRENT freed 420K, 18% free 6631K/8044K, paused 6ms+35ms, total 211ms
D/dalvikvm(  293): WAIT_FOR_CONCURRENT_GC blocked 10ms
D/dalvikvm(  293): WAIT_FOR_CONCURRENT_GC blocked 171ms
D/dalvikvm(  293): WAIT_FOR_CONCURRENT_GC blocked 100ms
D/dalvikvm(  740): GC_CONCURRENT freed 267K, 12% free 2542K/2868K, paused 6ms+5ms, total 121ms
I/Choreographer(  293): Skipped 537 frames!  The application may be doing too much work on its main thread.
I/System.out(  740): EMMA: collecting runtime coverage data ...
I/ActivityManager(  293): Start proc com.android.inputmethod.latin for service com.android.inputmethod.latin/.LatinIME: pid=757 uid=10010 gids={50010, 1028}
D/PolideaInstrumentationTestRunner(  740): Getting android test runner
D/dalvikvm(  444): GC_CONCURRENT freed 448K, 15% free 2871K/3368K, paused 5ms+2ms, total 143ms
D/PolideaInstrumentationTestRunner(  740): JUnit test output enabled
W/dalvikvm(  740): method Landroid/test/InstrumentationTestRunner$StringResultPrinter;.print incorrectly overrides package-private method with same name in Ljunit/textui/ResultPrinter;
D/PolideaInstrumentationTestRunner(  740): Starting test: testApplication(it.unina.android.ripper.RipperTestCase)
I/TestRunner(  740): started: testApplication(it.unina.android.ripper.RipperTestCase)
D/dalvikvm(  293): GC_FOR_ALLOC freed 409K, 18% free 6666K/8044K, paused 223ms, total 241ms
I/dalvikvm-heap(  293): Grow heap (frag case) to 7.647MB for 1128976-byte allocation
D/dalvikvm(  293): GC_FOR_ALLOC freed 884K, 25% free 6884K/9148K, paused 77ms, total 77ms
I/ActivityManager(  293): START u0 {act=android.intent.action.MAIN flg=0x10000000 cmp=de.freewarepoint.whohasmystuff/.ListLentObjects} from pid 740
V/SERVER  (  699): Ready to accept connections on port: 8888
V/        (  699): ready
V/AndroidRipperService(  699): onBind()
E/Trace   (  757): error opening trace file: No such file or directory (2)
V/RipperService(  699): PING
V/AndroidRipperService(  699): mHandler.handleMessage() RECIVED
V/AndroidRipperService(  699): broadcast()
V/AndroidRipperService(  699): broadcast() done
V/        (  699): ready
V/RipperService(  699): PING
V/AndroidRipperService(  699): mHandler.handleMessage() RECIVED
V/AndroidRipperService(  699): broadcast()
V/AndroidRipperService(  699): broadcast() done
V/        (  699): ready
I/Choreographer(  387): Skipped 35 frames!  The application may be doing too much work on its main thread.
I/Choreographer(  293): Skipped 233 frames!  The application may be doing too much work on its main thread.
D/dalvikvm(  293): GC_CONCURRENT freed 90K, 25% free 6949K/9148K, paused 48ms+113ms, total 673ms
I/Choreographer(  293): Skipped 75 frames!  The application may be doing too much work on its main thread.
I/LatinIME(  757): Hardware accelerated drawing: false
W/LocationManagerService(  293): no network location provider found
W/ServiceWatcher(  293): com.google.android.location not found
V/AndroidRipperService(  699): onBind()
V/AndroidRipperService(  699): register()
I/ActivityManager(  293): Start proc com.android.location.fused for service com.android.location.fused/.FusedLocationService: pid=776 uid=10022 gids={50022, 1028}
W/InputAttributes(  757): No editor info for this field. Bug?
I/ActivityManager(  293): Start proc com.android.email for broadcast com.android.email/.service.EmailBroadcastReceiver: pid=790 uid=10019 gids={50019, 3003, 1015, 1028}
E/ActivityThread(  757): Failed to find provider info for com.android.inputmethod.latin.dictionarypack
E/BinaryDictionaryGetter(  757): Could not find a dictionary pack
E/Trace   (  776): error opening trace file: No such file or directory (2)
V/RipperService(  699): PING
V/AndroidRipperService(  699): mHandler.handleMessage() RECIVED
V/AndroidRipperService(  699): broadcast()
I/AndroidRipper(  740): Recived message: PING
V/RipperTestCase(  740): Not ready to operate!
V/AndroidRipperService(  699): broadcast() done
V/        (  699): ready
E/UserHistoryDictionary(  757): when loading: file not foundjava.io.FileNotFoundException: /data/data/com.android.inputmethod.latin/files/UserHistoryDictionary.en_US.dict: open failed: ENOENT (No such file or directory)
D/dalvikvm(  757): GC_CONCURRENT freed 244K, 11% free 2534K/2836K, paused 4ms+19ms, total 86ms
E/StrictMode(  757): A resource was acquired at attached stack trace but never released. See java.io.Closeable for information on avoiding resource leaks.
E/StrictMode(  757): java.lang.Throwable: Explicit termination method 'close' not called
E/StrictMode(  757): 	at dalvik.system.CloseGuard.open(CloseGuard.java:184)
E/StrictMode(  757): 	at android.os.ParcelFileDescriptor.<init>(ParcelFileDescriptor.java:412)
E/StrictMode(  757): 	at android.content.res.AssetManager.openNonAssetFdNative(Native Method)
E/StrictMode(  757): 	at android.content.res.AssetManager.openNonAssetFd(AssetManager.java:428)
E/StrictMode(  757): 	at android.content.res.Resources.openRawResourceFd(Resources.java:979)
E/StrictMode(  757): 	at com.android.inputmethod.latin.BinaryDictionaryGetter.loadFallbackResource(BinaryDictionaryGetter.java:183)
E/StrictMode(  757): 	at com.android.inputmethod.latin.BinaryDictionaryGetter.getDictionaryFiles(BinaryDictionaryGetter.java:456)
E/StrictMode(  757): 	at com.android.inputmethod.latin.DictionaryFactory.createMainDictionaryFromManager(DictionaryFactory.java:57)
E/StrictMode(  757): 	at com.android.inputmethod.latin.DictionaryFactory.createMainDictionaryFromManager(DictionaryFactory.java:87)
E/StrictMode(  757): 	at com.android.inputmethod.latin.Suggest$1.run(Suggest.java:108)
E/Trace   (  790): error opening trace file: No such file or directory (2)
I/ActivityManager(  293): Start proc com.android.exchange for service com.android.exchange/.ExchangeService: pid=811 uid=10032 gids={50032, 3003, 1015, 1028}
I/ActivityManager(  293): Start proc com.android.providers.calendar for broadcast com.android.providers.calendar/.CalendarReceiver: pid=822 uid=10023 gids={50023, 3003, 1015, 1028}
E/Trace   (  811): error opening trace file: No such file or directory (2)
E/Trace   (  822): error opening trace file: No such file or directory (2)
I/ActivityManager(  293): Start proc com.android.mms for broadcast com.android.mms/.transaction.MmsSystemEventReceiver: pid=842 uid=10029 gids={50029, 3003, 1015, 1028}
E/Trace   (  842): error opening trace file: No such file or directory (2)
D/CountryDetector(  293): The first listener is added
V/MmsConfig(  842): mnc/mcc: 310260
V/MmsConfig(  842): tag: bool value: enabledMMS - true
V/MmsConfig(  842): tag: int value: maxMessageSize - 307200
V/MmsConfig(  842): tag: int value: maxImageHeight - 480
V/MmsConfig(  842): tag: int value: maxImageWidth - 640
V/MmsConfig(  842): tag: int value: defaultSMSMessagesPerThread - 500
V/MmsConfig(  842): tag: int value: defaultMMSMessagesPerThread - 50
V/MmsConfig(  842): tag: int value: minMessageCountPerThread - 10
V/MmsConfig(  842): tag: int value: maxMessageCountPerThread - 5000
V/MmsConfig(  842): tag: string value: uaProfUrl - http://www.google.com/oha/rdf/ua-profile-kila.xml
V/MmsConfig(  842): tag: int value: recipientLimit - -1
V/MmsConfig(  842): tag: bool value: enableMultipartSMS - true
V/MmsConfig(  842): tag: int value: smsToMmsTextThreshold - -1
V/MmsConfig(  842): tag: bool value: enableSlideDuration - true
V/MmsConfig(  842): tag: int value: maxMessageTextSize - -1
D/dalvikvm(  293): GC_EXPLICIT freed 1249K, 36% free 5894K/9148K, paused 4ms+14ms, total 143ms
V/RipperService(  699): PING
V/AndroidRipperService(  699): mHandler.handleMessage() RECIVED
V/AndroidRipperService(  699): broadcast()
I/AndroidRipper(  740): Recived message: PING
V/RipperTestCase(  740): Not ready to operate!
V/AndroidRipperService(  699): broadcast() done
V/        (  699): ready
D/Mms:app (  842): cancelNotification
W/ServiceWatcher(  293): com.google.android.location not found
E/LocationManagerService(  293): no geocoder provider found
D/ExchangeService(  811): !!! EAS ExchangeService, onCreate
D/Eas Debug(  811): Logging: 
D/dalvikvm(  293): GREF has increased to 501
D/ExchangeService(  811): !!! EAS ExchangeService, onStartCommand, startingUp = false, running = false
I/ActivityManager(  293): Start proc com.android.settings for broadcast com.android.settings/.widget.SettingsAppWidgetProvider: pid=873 uid=1000 gids={41000, 1015, 1028, 3002, 3001, 3003}
E/Trace   (  873): error opening trace file: No such file or directory (2)
E/BluetoothAdapter(  873): Bluetooth binder is null
W/InputMethodManagerService(  293): Found no subtypes in a system IME: com.android.inputmethod.pinyin
D/ConnectivityService(  293): ConnectivityChange for mobile: CONNECTED/CONNECTED
W/ActivityManager(  293): Activity pause timeout for ActivityRecord{40f465f0 u0 com.android.launcher/com.android.launcher2.Launcher}
D/dalvikvm(  740): GC_FOR_ALLOC freed 109K, 9% free 2683K/2948K, paused 22ms, total 24ms
I/dalvikvm-heap(  740): Grow heap (frag case) to 3.281MB for 635812-byte allocation
D/dalvikvm(  740): GC_FOR_ALLOC freed <1K, 8% free 3303K/3572K, paused 62ms, total 62ms
D/dalvikvm(  740): GC_CONCURRENT freed <1K, 8% free 3314K/3572K, paused 3ms+3ms, total 41ms
V/RipperService(  699): PING
V/AndroidRipperService(  699): mHandler.handleMessage() RECIVED
V/AndroidRipperService(  699): broadcast()
I/AndroidRipper(  740): Recived message: PING
V/RipperTestCase(  740): Not ready to operate!
V/AndroidRipperService(  699): broadcast() done
V/        (  699): ready
E/SurfaceFlinger(   37): ro.sf.lcd_density must be defined as a build property
I/Choreographer(  740): Skipped 56 frames!  The application may be doing too much work on its main thread.
D/gralloc_goldfish(  740): Emulator without GPU emulation detected.
I/ActivityManager(  293): Displayed de.freewarepoint.whohasmystuff/.ListLentObjects: +1s147ms (total +44s587ms)
D/dalvikvm(  293): GC_CONCURRENT freed 864K, 23% free 5909K/7636K, paused 285ms+63ms, total 619ms
D/dalvikvm(  293): WAIT_FOR_CONCURRENT_GC blocked 143ms
D/MediaScannerReceiver(  574): action: android.intent.action.MEDIA_MOUNTED path: /mnt/sdcard
D/dalvikvm(  293): GC_CONCURRENT freed 534K, 19% free 6255K/7636K, paused 6ms+7ms, total 87ms
D/dalvikvm(  293): WAIT_FOR_CONCURRENT_GC blocked 62ms
I/Choreographer(  293): Skipped 397 frames!  The application may be doing too much work on its main thread.
E/BluetoothAdapter(  873): Bluetooth binder is null
E/BluetoothAdapter(  873): Bluetooth binder is null
V/RipperService(  699): PING
V/AndroidRipperService(  699): mHandler.handleMessage() RECIVED
V/AndroidRipperService(  699): broadcast()
I/AndroidRipper(  740): Recived message: PING
V/RipperTestCase(  740): Not ready to operate!
V/AndroidRipperService(  699): broadcast() done
V/        (  699): ready
I/Choreographer(  293): Skipped 50 frames!  The application may be doing too much work on its main thread.
D/dalvikvm(  293): GC_FOR_ALLOC freed 279K, 20% free 6175K/7636K, paused 68ms, total 80ms
I/dalvikvm-heap(  293): Grow heap (frag case) to 7.166MB for 1128976-byte allocation
D/dalvikvm(  293): GC_FOR_ALLOC freed 407K, 22% free 6870K/8740K, paused 62ms, total 62ms
I/Choreographer(  293): Skipped 70 frames!  The application may be doing too much work on its main thread.
I/AndroidRipper(  740): [RipperTestCase] Ready to operate after restarting...
D/dalvikvm(  293): GC_CONCURRENT freed 17K, 22% free 6865K/8740K, paused 22ms+14ms, total 283ms
I/Choreographer(  293): Skipped 81 frames!  The application may be doing too much work on its main thread.
I/FusedLocation(  776): engine started (com.android.location.fused)
I/Choreographer(  293): Skipped 59 frames!  The application may be doing too much work on its main thread.
I/Choreographer(  293): Skipped 31 frames!  The application may be doing too much work on its main thread.
D/Tethering(  293): MasterInitialState.processMessage what=3
I/Choreographer(  293): Skipped 33 frames!  The application may be doing too much work on its main thread.
I/Choreographer(  293): Skipped 30 frames!  The application may be doing too much work on its main thread.
I/Choreographer(  293): Skipped 33 frames!  The application may be doing too much work on its main thread.
D/ExchangeService(  811): !!! EAS ExchangeService, onStartCommand, startingUp = true, running = false
D/EmailProvider(  790): fromDatabase accounts: 0
D/EmailProvider(  790): ending toDatabase transaction; copyCount = 0
D/EmailProvider(  790): ending fromDatabase transaction; copyCount = 0
V/RipperService(  699): PING
V/AndroidRipperService(  699): mHandler.handleMessage() RECIVED
V/AndroidRipperService(  699): broadcast()
I/AndroidRipper(  740): Recived message: PING
V/AndroidRipperService(  699): send()
I/System.out(  699): {"type":"PONG","index":"8"}
V/AndroidRipperService(  699): broadcast() done
V/        (  699): ready
V/RipperService(  699): END
V/AndroidRipperService(  699): mHandler.handleMessage() RECIVED
V/AndroidRipperService(  699): broadcast()
I/AndroidRipper(  740): Recived message: END
V/AndroidRipperService(  699): broadcast() done
V/        (  699): ready
V/SERVER  (  699): ServerSocket on PORT 8888: offline
V/AndroidRipperService(  699): mHandler.handleMessage() DISCONNECTED
V/SERVER  (  699): Ready to accept connections on port: 8888
W/ActivityManager(  293): Unable to start service Intent { cmp=com.android.email/.service.AttachmentDownloadService } U=0: not found
D/ExchangeService(  811): Received deviceId from Email app: androidc259148960
D/ExchangeService(  811): Reconciling accounts...
W/ActivityManager(  293): Unable to start service Intent { cmp=com.android.email/.service.AttachmentDownloadService } U=0: not found
D/ExchangeService(  811): !!! EAS ExchangeService, onStartCommand, startingUp = true, running = false
D/dalvikvm(  790): GC_CONCURRENT freed 200K, 10% free 2568K/2828K, paused 3ms+3ms, total 58ms
W/ActivityManager(  293): Unable to start service Intent { cmp=com.android.email/.service.AttachmentDownloadService } U=0: not found
D/Eas Debug(  811): Logging: 
V/AndroidRipperService(  699): unregister()
D/PermissionCache(   37): checking android.permission.READ_FRAME_BUFFER for uid=1000 => granted (905 us)
W/WindowManager(  293): Failure taking screenshot for (246x410) to layer 21000
I/dalvikvm(  293): Jit: resizing JitTable from 4096 to 8192
D/ExchangeService(  811): !!! EAS ExchangeService, onStartCommand, startingUp = true, running = false
V/AndroidRipperService(  699): unregister()
W/ActivityManager(  293): Duplicate finish request for ActivityRecord{40ed3358 u0 de.freewarepoint.whohasmystuff/.ListLentObjects}
D/dalvikvm(  740): GC_EXPLICIT freed 53K, 6% free 3369K/3572K, paused 2ms+10ms, total 108ms
I/CalendarProvider2(  822): Sending notification intent: Intent { act=android.intent.action.PROVIDER_CHANGED dat=content://com.android.calendar }
W/ContentResolver(  822): Failed to get type for: content://com.android.calendar (Unknown URL content://com.android.calendar)
D/dalvikvm(  740): JIT unchain all for threadid=13
D/dalvikvm(  740): GC_EXPLICIT freed 5K, 6% free 3364K/3572K, paused 4ms+281ms, total 376ms
D/PolideaInstrumentationTestRunner(  740): Finished test: testApplication(it.unina.android.ripper.RipperTestCase)
I/TestRunner(  740): finished: testApplication(it.unina.android.ripper.RipperTestCase)
I/TestRunner(  740): passed: testApplication(it.unina.android.ripper.RipperTestCase)
I/System.out(  740): EMMA: runtime coverage data written to [/data/data/de.freewarepoint.whohasmystuff/files/coverage.ec] {in 65 ms}
D/PolideaInstrumentationTestRunner(  740): Post processing
D/PolideaInstrumentationTestRunner(  740): Packages: 1
D/PolideaInstrumentationTestRunner(  740): Processing package package it.unina.android.ripper
D/PolideaInstrumentationTestRunner(  740): Writing to file /data/data/de.freewarepoint.whohasmystuff/files/it.unina.android.ripper-TEST.xml
D/PolideaInstrumentationTestRunner(  740): closing file
D/AndroidRuntime(  728): Shutting down VM
D/dalvikvm(  728): GC_CONCURRENT freed 95K, 18% free 462K/560K, paused 1ms+0ms, total 9ms
I/ActivityManager(  293): Force stopping package de.freewarepoint.whohasmystuff appid=10050 user=0
I/ActivityManager(  293): Killing proc 740:de.freewarepoint.whohasmystuff/u0a10050: force stop de.freewarepoint.whohasmystuff
W/InputDispatcher(  293): channel '40eecbb8 de.freewarepoint.whohasmystuff/de.freewarepoint.whohasmystuff.ListLentObjects (server)' ~ Consumer closed input channel or an error occurred.  events=0x9
E/InputDispatcher(  293): channel '40eecbb8 de.freewarepoint.whohasmystuff/de.freewarepoint.whohasmystuff.ListLentObjects (server)' ~ Channel is unrecoverably broken and will be disposed!
I/WindowState(  293): WIN DEATH: Window{40eecbb8 u0 de.freewarepoint.whohasmystuff/de.freewarepoint.whohasmystuff.ListLentObjects EXITING}
W/InputDispatcher(  293): Attempted to unregister already unregistered input channel '40eecbb8 de.freewarepoint.whohasmystuff/de.freewarepoint.whohasmystuff.ListLentObjects (server)'
D/Launcher.Model(  460): Reload apps on config change. curr_mcc:310 prevmcc:0
W/Resources(   38): Preloaded drawable resource #0x108027f (android:drawable/fastscroll_track_pressed_holo_dark) that varies with configuration!!
W/Resources(   38): Preloaded drawable resource #0x108027b (android:drawable/fastscroll_track_default_holo_dark) that varies with configuration!!
W/Resources(   38): Preloaded drawable resource #0x108027b (android:drawable/fastscroll_track_default_holo_dark) that varies with configuration!!
W/Resources(   38): Preloaded drawable resource #0x108027f (android:drawable/fastscroll_track_pressed_holo_dark) that varies with configuration!!
W/Resources(   38): Preloaded drawable resource #0x108027b (android:drawable/fastscroll_track_default_holo_dark) that varies with configuration!!
W/Resources(   38): Preloaded drawable resource #0x1080274 (android:drawable/fastscroll_label_left_holo_dark) that varies with configuration!!
D/dalvikvm(   38): GC_EXPLICIT freed 74K, 26% free 2358K/3156K, paused 2ms+3ms, total 118ms
W/Resources(   38): Preloaded drawable resource #0x1080276 (android:drawable/fastscroll_label_right_holo_dark) that varies with configuration!!
D/dalvikvm(   38): GC_EXPLICIT freed 50K, 26% free 2357K/3156K, paused 2ms+6ms, total 257ms
W/Resources(   38): Preloaded drawable resource #0x1080280 (android:drawable/fastscroll_track_pressed_holo_light) that varies with configuration!!
W/Resources(   38): Preloaded drawable resource #0x108027c (android:drawable/fastscroll_track_default_holo_light) that varies with configuration!!
W/Resources(   38): Preloaded drawable resource #0x108027c (android:drawable/fastscroll_track_default_holo_light) that varies with configuration!!
W/Resources(   38): Preloaded drawable resource #0x1080280 (android:drawable/fastscroll_track_pressed_holo_light) that varies with configuration!!
W/Resources(   38): Preloaded drawable resource #0x108027c (android:drawable/fastscroll_track_default_holo_light) that varies with configuration!!
W/Resources(   38): Preloaded drawable resource #0x1080275 (android:drawable/fastscroll_label_left_holo_light) that varies with configuration!!
D/dalvikvm(   38): GC_EXPLICIT freed 57K, 26% free 2359K/3156K, paused 3ms+3ms, total 119ms
W/Resources(   38): Preloaded drawable resource #0x1080277 (android:drawable/fastscroll_label_right_holo_light) that varies with configuration!!
D/dalvikvm(   38): GC_EXPLICIT freed 49K, 26% free 2358K/3156K, paused 4ms+3ms, total 118ms
W/Resources(   38): Preloaded drawable resource #0x1080259 (android:drawable/editbox_dropdown_background_dark) that varies with configuration!!
W/Resources(   38): Preloaded drawable resource #0x10805f8 (android:drawable/textfield_search_selected_holo_dark) that varies with configuration!!
W/Resources(   38): Preloaded drawable resource #0x10805ec (android:drawable/textfield_search_default_holo_dark) that varies with configuration!!
W/Resources(   38): Preloaded drawable resource #0x10805ec (android:drawable/textfield_search_default_holo_dark) that varies with configuration!!
W/Resources(   38): Preloaded drawable resource #0x10805f5 (android:drawable/textfield_search_right_selected_holo_dark) that varies with configuration!!
W/Resources(   38): Preloaded drawable resource #0x10805f3 (android:drawable/textfield_search_right_default_holo_dark) that varies with configuration!!
W/Resources(   38): Preloaded drawable resource #0x10805f3 (android:drawable/textfield_search_right_default_holo_dark) that varies with configuration!!
W/Resources(   38): Preloaded drawable resource #0x10805f9 (android:drawable/textfield_search_selected_holo_light) that varies with configuration!!
W/Resources(   38): Preloaded drawable resource #0x10805ed (android:drawable/textfield_search_default_holo_light) that varies with configuration!!
W/Resources(   38): Preloaded drawable resource #0x10805ed (android:drawable/textfield_search_default_holo_light) that varies with configuration!!
W/Resources(   38): Preloaded drawable resource #0x10805f6 (android:drawable/textfield_search_right_selected_holo_light) that varies with configuration!!
W/Resources(   38): Preloaded drawable resource #0x10805f4 (android:drawable/textfield_search_right_default_holo_light) that varies with configuration!!
W/Resources(   38): Preloaded drawable resource #0x10805f4 (android:drawable/textfield_search_right_default_holo_light) that varies with configuration!!
W/Resources(   38): Preloaded drawable resource #0x10805f8 (android:drawable/textfield_search_selected_holo_dark) that varies with configuration!!
W/Resources(   38): Preloaded drawable resource #0x10805ec (android:drawable/textfield_search_default_holo_dark) that varies with configuration!!
W/Resources(   38): Preloaded drawable resource #0x10805f5 (android:drawable/textfield_search_right_selected_holo_dark) that varies with configuration!!
W/Resources(   38): Preloaded drawable resource #0x10805f3 (android:drawable/textfield_search_right_default_holo_dark) that varies with configuration!!
W/Resources(   38): Preloaded drawable resource #0x10805f9 (android:drawable/textfield_search_selected_holo_light) that varies with configuration!!
W/Resources(   38): Preloaded drawable resource #0x10805ed (android:drawable/textfield_search_default_holo_light) that varies with configuration!!
W/Resources(   38): Preloaded drawable resource #0x10805f6 (android:drawable/textfield_search_right_selected_holo_light) that varies with configuration!!
W/Resources(   38): Preloaded drawable resource #0x10805f4 (android:drawable/textfield_search_right_default_holo_light) that varies with configuration!!
D/dalvikvm(   38): GC_EXPLICIT freed 47K, 26% free 2364K/3156K, paused 2ms+3ms, total 82ms
W/Resources(   38): Preloaded drawable resource #0x10805c1 (android:drawable/tab_unselected_holo) that varies with configuration!!
W/Resources(   38): Preloaded drawable resource #0x10805bc (android:drawable/tab_selected_holo) that varies with configuration!!
W/Resources(   38): Preloaded drawable resource #0x10805c0 (android:drawable/tab_unselected_focused_holo) that varies with configuration!!
W/Resources(   38): Preloaded drawable resource #0x10805bb (android:drawable/tab_selected_focused_holo) that varies with configuration!!
W/Resources(   38): Preloaded drawable resource #0x10805c2 (android:drawable/tab_unselected_pressed_holo) that varies with configuration!!
W/Resources(   38): Preloaded drawable resource #0x10805bd (android:drawable/tab_selected_pressed_holo) that varies with configuration!!
W/Resources(   38): Preloaded drawable resource #0x10805c2 (android:drawable/tab_unselected_pressed_holo) that varies with configuration!!
W/Resources(   38): Preloaded drawable resource #0x10805bd (android:drawable/tab_selected_pressed_holo) that varies with configuration!!
W/Resources(   38): Preloaded drawable resource #0x10805bd (android:drawable/tab_selected_pressed_holo) that varies with configuration!!
W/Resources(   38): Preloaded drawable resource #0x10805c1 (android:drawable/tab_unselected_holo) that varies with configuration!!
W/Resources(   38): Preloaded drawable resource #0x10805bc (android:drawable/tab_selected_holo) that varies with configuration!!
W/Resources(   38): Preloaded drawable resource #0x10805c0 (android:drawable/tab_unselected_focused_holo) that varies with configuration!!
W/Resources(   38): Preloaded drawable resource #0x10805bb (android:drawable/tab_selected_focused_holo) that varies with configuration!!
W/Resources(   38): Preloaded drawable resource #0x10805c2 (android:drawable/tab_unselected_pressed_holo) that varies with configuration!!
W/Resources(   38): Preloaded drawable resource #0x10805bd (android:drawable/tab_selected_pressed_holo) that varies with configuration!!
W/Resources(   38): Preloaded drawable resource #0x10804a5 (android:drawable/quickcontact_badge_overlay_pressed_dark) that varies with configuration!!
W/Resources(   38): Preloaded drawable resource #0x10804a0 (android:drawable/quickcontact_badge_overlay_focused_dark) that varies with configuration!!
W/Resources(   38): Preloaded drawable resource #0x10804a3 (android:drawable/quickcontact_badge_overlay_normal_dark) that varies with configuration!!
W/Resources(   38): Preloaded drawable resource #0x10804a3 (android:drawable/quickcontact_badge_overlay_normal_dark) that varies with configuration!!
W/Resources(   38): Preloaded drawable resource #0x10804a3 (android:drawable/quickcontact_badge_overlay_normal_dark) that varies with configuration!!
D/dalvikvm(   38): GC_EXPLICIT freed 56K, 26% free 2365K/3156K, paused 2ms+12ms, total 41ms
W/Resources(   38): Preloaded drawable resource #0x10804a5 (android:drawable/quickcontact_badge_overlay_pressed_dark) that varies with configuration!!
W/Resources(   38): Preloaded drawable resource #0x10804a6 (android:drawable/quickcontact_badge_overlay_pressed_light) that varies with configuration!!
W/Resources(   38): Preloaded drawable resource #0x10804a1 (android:drawable/quickcontact_badge_overlay_focused_light) that varies with configuration!!
W/Resources(   38): Preloaded drawable resource #0x10804a4 (android:drawable/quickcontact_badge_overlay_normal_light) that varies with configuration!!
W/Resources(   38): Preloaded drawable resource #0x10804a4 (android:drawable/quickcontact_badge_overlay_normal_light) that varies with configuration!!
W/Resources(   38): Preloaded drawable resource #0x10804a4 (android:drawable/quickcontact_badge_overlay_normal_light) that varies with configuration!!
W/Resources(   38): Preloaded drawable resource #0x10804a6 (android:drawable/quickcontact_badge_overlay_pressed_light) that varies with configuration!!
I/Zygote  (   38): ...preloaded 270 resources in 10700ms.
D/dalvikvm(   38): GC_EXPLICIT freed 48K, 25% free 2369K/3156K, paused 2ms+15ms, total 46ms
I/Zygote  (   38): ...preloaded 31 resources in 96ms.
D/dalvikvm(   38): WAIT_FOR_CONCURRENT_GC blocked 1ms
D/dalvikvm(   38): GC_EXPLICIT freed 9K, 25% free 2377K/3156K, paused 2ms+3ms, total 69ms
D/dalvikvm(   38): GC_EXPLICIT freed 7K, 25% free 2369K/3156K, paused 4ms+2ms, total 40ms
D/dalvikvm(   38): GC_EXPLICIT freed <1K, 25% free 2369K/3156K, paused 7ms+2ms, total 44ms
I/dalvikvm(   38): System server process 299 has been created
I/Zygote  (   38): Accepting command socket connections
E/BatteryService(  299): usbOnlinePath not found
E/BatteryService(  299): wirelessOnlinePath not found
E/BatteryService(  299): batteryVoltagePath not found
E/BatteryService(  299): batteryTemperaturePath not found
I/sysproc (  299): Entered system_init()
I/sysproc (  299): ServiceManager: 0x2a027bf0
D/SensorService(  299): nuSensorService starting...
I/SensorService(  299): Goldfish 3-axis Accelerometer
I/SensorService(  299): Goldfish 3-axis Magnetic field sensor
I/SensorService(  299): Goldfish Orientation sensor
I/SensorService(  299): Goldfish Temperature sensor
I/SensorService(  299): Goldfish Proximity sensor
D/SensorService(  299): nuSensorService thread starting...
I/sysproc (  299): System server: starting Android runtime.
I/sysproc (  299): System server: starting Android services.
I/SystemServer(  299): Entered the Android system server!
I/sysproc (  299): System server: entering thread pool.
I/SystemServer(  299): Enabled StrictMode logging for UI Looper
I/SystemServer(  299): Waiting for installd to be ready.
I/Installer(  299): connecting...
I/installd(   41): new connection
I/SystemServer(  299): Entropy Mixer
I/SystemServer(  299): Enabled StrictMode logging for WM Looper
I/SystemServer(  299): Power Manager
E/PowerManagerService-JNI(  299): Couldn't load power module (No such file or directory)
I/SystemServer(  299): Activity Manager
I/ActivityManager(  299): Memory class: 48
W/UsageStats(  299): Usage stats version changed; dropping
I/ActivityManager(  299): Enabled StrictMode logging for AThread's Looper
I/SystemServer(  299): Display Manager
E/SurfaceFlinger(   37): ro.sf.lcd_density must be defined as a build property
I/DisplayManagerService(  299): Display device added: DisplayDeviceInfo{"Built-in Screen": 480 x 800, 260.416 fps, density 240, 240.0 x 240.0 dpi, touch INTERNAL, FLAG_DEFAULT_DISPLAY, FLAG_ROTATES_WITH_CONTENT, FLAG_SECURE, FLAG_SUPPORTS_PROTECTED_BUFFERS, rotation 0, type BUILT_IN, address null}
I/SystemServer(  299): Telephony Registry
I/SystemServer(  299): Scheduling Policy
I/SystemServer(  299): Package Manager
D/dalvikvm(  299): GC_CONCURRENT freed 306K, 13% free 2553K/2924K, paused 5ms+2ms, total 54ms
D/dalvikvm(  299): WAIT_FOR_CONCURRENT_GC blocked 10ms
W/PackageManager(  299): Running ENG build: no pre-dexopt!
D/dalvikvm(  299): GC_CONCURRENT freed 282K, 12% free 2686K/3024K, paused 4ms+4ms, total 223ms
D/dalvikvm(  299): GC_CONCURRENT freed 123K, 6% free 2979K/3160K, paused 4ms+23ms, total 60ms
W/PackageParser(  299): No actions in intent filter at /system/app/Contacts.apk Binary XML file line #533
D/dalvikvm(  299): GC_CONCURRENT freed 248K, 9% free 3154K/3460K, paused 4ms+15ms, total 292ms
D/dalvikvm(  299): GC_CONCURRENT freed 216K, 8% free 3352K/3624K, paused 4ms+25ms, total 116ms
W/PackageManager(  299): Package com.android.camera desires unavailable shared library com.google.android.media.effects; ignoring!
D/PackageManager(  299): No files in app dir /vendor/app
D/dalvikvm(  299): GC_CONCURRENT freed 207K, 7% free 3531K/3796K, paused 4ms+3ms, total 123ms
W/PackageParser(  299): No actions in intent filter at /data/app/ApiDemos.apk Binary XML file line #2737
W/PackageParser(  299): No actions in intent filter at /data/app/ApiDemos.apk Binary XML file line #2743
W/PackageManager(  299): Package com.example.android.apis desires unavailable shared library com.example.will.never.exist; ignoring!
I/PackageParser(  299): net.fercanet.LNM: compat added android.permission.READ_PHONE_STATE
I/PackageManager(  299): Time to scan packages: 6.02 seconds
W/PackageManager(  299): Unknown permission com.google.android.googleapps.permission.GOOGLE_AUTH.mail in package com.android.contacts
W/PackageManager(  299): Unknown permission android.permission.ADD_SYSTEM_SERVICE in package com.android.phone
W/PackageManager(  299): Unknown permission com.android.smspush.WAPPUSH_MANAGER_BIND in package com.android.phone
W/PackageManager(  299): Unknown permission com.google.android.googleapps.permission.GOOGLE_AUTH in package com.android.providers.calendar
W/PackageManager(  299): Unknown permission com.google.android.googleapps.permission.GOOGLE_AUTH.cl in package com.android.providers.calendar
W/PackageManager(  299): Unknown permission com.google.android.googleapps.permission.GOOGLE_AUTH.mail in package com.android.calendar
W/PackageManager(  299): Not granting permission android.permission.SEND_DOWNLOAD_COMPLETED_INTENTS to package com.android.browser (protectionLevel=2 flags=0x9be45)
W/PackageManager(  299): Not granting permission android.permission.BIND_APPWIDGET to package com.android.widgetpreview (protectionLevel=18 flags=0x8be44)
W/PackageManager(  299): Unknown permission com.google.android.googleapps.permission.GOOGLE_AUTH in package com.android.settings
W/PackageManager(  299): Unknown permission com.google.android.gallery3d.permission.GALLERY_PROVIDER in package com.android.exchange
W/PackageManager(  299): Unknown permission com.google.android.googleapps.permission.ACCESS_GOOGLE_PASSWORD in package com.android.development
W/PackageManager(  299): Unknown permission com.google.android.googleapps.permission.GOOGLE_AUTH in package com.android.development
W/PackageManager(  299): Unknown permission com.google.android.googleapps.permission.GOOGLE_AUTH.ALL_SERVICES in package com.android.development
W/PackageManager(  299): Unknown permission com.google.android.googleapps.permission.GOOGLE_AUTH.YouTubeUser in package com.android.development
W/PackageManager(  299): Unknown permission com.google.android.gallery3d.permission.GALLERY_PROVIDER in package com.android.email
W/PackageManager(  299): Not granting permission android.permission.DEVICE_POWER to package com.android.deskclock (protectionLevel=2 flags=0x8be45)
D/dalvikvm(  299): GC_CONCURRENT freed 264K, 8% free 3744K/4064K, paused 4ms+13ms, total 90ms
D/dalvikvm(  299): GC_EXPLICIT freed 210K, 12% free 3627K/4096K, paused 3ms+46ms, total 185ms
I/SystemServer(  299): User Service
I/SystemServer(  299): Account Manager
I/SystemServer(  299): Content Manager
I/SystemServer(  299): System Content Providers
I/SystemServer(  299): Lights Service
I/SystemServer(  299): Battery Service
I/SystemServer(  299): Vibrator Service
I/libsuspend(  299): Selected early suspend
I/libsuspend(  299): Starting early suspend unblocker thread
D/PermissionCache(   37): checking android.permission.ACCESS_SURFACE_FLINGER for uid=1000 => granted (51507 us)
D/SurfaceFlinger(   37): Screen acquired, type=0 flinger=0x2a007318
D/SurfaceFlinger(   37):  screen was previously acquired
I/SystemServer(  299): Alarm Manager
D/AlarmManagerService(  299): Kernel timezone updated to 0 minutes west of GMT
I/SystemServer(  299): Init Watchdog
I/SystemServer(  299): Input Manager
I/InputManager(  299): Initializing input manager, mUseDevInputEventForAudioJack=false
I/SystemServer(  299): Window Manager
E/SoundPool(  299): error loading /system/media/audio/ui/Lock.ogg
W/KeyguardViewMediator(  299): failed to load lock sound from /system/media/audio/ui/Lock.ogg
E/SoundPool(  299): error loading /system/media/audio/ui/Unlock.ogg
W/KeyguardViewMediator(  299): failed to load unlock sound from /system/media/audio/ui/Unlock.ogg
I/InputManager(  299): Starting input manager
I/SystemServer(  299): No Bluetooh Service (emulator)
I/SystemServer(  299): Input Method Service
W/InputMethodManagerService(  299): Couldn't create dir.: /data/system/inputmethod
I/EventHub(  299): New device: id=1, fd=88, path='/dev/input/event0', name='qwerty2', classes=0x2d, configuration='/system/usr/idc/qwerty2.idc', keyLayout='/system/usr/keylayout/qwerty.kl', keyCharacterMap='/system/usr/keychars/qwerty2.kcm', builtinKeyboard=true, usingSuspendBlockIoctl=false, usingClockIoctl=false
E/EventHub(  299): could not get driver version for /dev/input/mouse0, Not a typewriter
E/EventHub(  299): could not get driver version for /dev/input/mice, Not a typewriter
I/InputReader(  299): Device added: id=-1, name='Virtual', sources=0x00000301
D/dalvikvm(  299): GC_CONCURRENT freed 291K, 9% free 3839K/4196K, paused 4ms+3ms, total 161ms
D/dalvikvm(  299): WAIT_FOR_CONCURRENT_GC blocked 31ms
I/InputReader(  299):   Touch device 'qwerty2' could not query the properties of its associated display.  The device will be inoperable until the display size becomes available.
I/InputReader(  299): Device added: id=0, name='qwerty2', sources=0x00011307
E/Trace   (  299): error opening trace file: No such file or directory (2)
I/SystemServer(  299): Accessibility Manager
I/ActivityManager(  299): Config changes=15f8 {1.0 ?mcc?mnc en_US ldltr sw320dp w320dp h508dp 240dpi nrml long port ?uimode ?night finger -keyb/v/h tball/v s.2}
I/InputReader(  299): Reconfiguring input devices.  changes=0x00000004
I/InputReader(  299): Device reconfigured: id=0, name='qwerty2', size 480x800, orientation 0, mode 1, display id 0
I/InputReader(  299): Reconfiguring input devices.  changes=0x00000004
I/InputReader(  299): Device reconfigured: id=0, name='qwerty2', size 480x800, orientation 0, mode 1, display id 0
I/SystemServer(  299): Mount Service
D/MountService(  299): got storage path: /mnt/sdcard description: USB storage primary: true removable: false emulated: false mtpReserve: 0 allowMassStorage: false maxFileSize: 0
D/MountService(  299): addVolumeLocked() StorageVolume [mStorageId=0 mPath=/mnt/sdcard mDescriptionId=17040615 mPrimary=true mRemovable=false mEmulated=false mMtpReserveSpace=0 mAllowMassStorage=false mMaxFileSize=0 mOwner=null]
I/SystemServer(  299): LockSettingsService
I/SystemServer(  299): Device Policy
I/SystemServer(  299): Status Bar
I/SystemServer(  299): Clipboard Service
I/SystemServer(  299): NetworkManagement Service
I/SystemServer(  299): Text Service Manager Service
I/SystemServer(  299): NetworkStats Service
D/dalvikvm(  299): GREF has increased to 201
D/MountService(  299): volume state changed for /mnt/sdcard (null -> unmounted)
I/PackageManager(  299): Updating external media status from unmounted to unmounted
I/SystemServer(  299): NetworkPolicy Service
I/SystemServer(  299): Wi-Fi P2pService
W/MountService(  299): getSecureContainerList() called when storage not mounted
I/PackageManager(  299): No secure containers on sdcard
W/PackageManager(  299): Unknown permission com.google.android.googleapps.permission.GOOGLE_AUTH.mail in package com.android.contacts
W/PackageManager(  299): Unknown permission android.permission.ADD_SYSTEM_SERVICE in package com.android.phone
W/PackageManager(  299): Unknown permission com.android.smspush.WAPPUSH_MANAGER_BIND in package com.android.phone
W/PackageManager(  299): Unknown permission com.google.android.googleapps.permission.GOOGLE_AUTH in package com.android.providers.calendar
W/PackageManager(  299): Unknown permission com.google.android.googleapps.permission.GOOGLE_AUTH.cl in package com.android.providers.calendar
W/PackageManager(  299): Unknown permission com.google.android.googleapps.permission.GOOGLE_AUTH.mail in package com.android.calendar
I/SystemServer(  299): Wi-Fi Service
W/PackageManager(  299): Not granting permission android.permission.SEND_DOWNLOAD_COMPLETED_INTENTS to package com.android.browser (protectionLevel=2 flags=0x89be45)
W/PackageManager(  299): Not granting permission android.permission.BIND_APPWIDGET to package com.android.widgetpreview (protectionLevel=18 flags=0x8be44)
W/PackageManager(  299): Unknown permission com.google.android.googleapps.permission.GOOGLE_AUTH in package com.android.settings
W/PackageManager(  299): Unknown permission com.google.android.gallery3d.permission.GALLERY_PROVIDER in package com.android.exchange
W/PackageManager(  299): Unknown permission com.google.android.googleapps.permission.ACCESS_GOOGLE_PASSWORD in package com.android.development
W/PackageManager(  299): Unknown permission com.google.android.googleapps.permission.GOOGLE_AUTH in package com.android.development
W/PackageManager(  299): Unknown permission com.google.android.googleapps.permission.GOOGLE_AUTH.ALL_SERVICES in package com.android.development
W/PackageManager(  299): Unknown permission com.google.android.googleapps.permission.GOOGLE_AUTH.YouTubeUser in package com.android.development
W/PackageManager(  299): Unknown permission com.google.android.gallery3d.permission.GALLERY_PROVIDER in package com.android.email
W/PackageManager(  299): Not granting permission android.permission.DEVICE_POWER to package com.android.deskclock (protectionLevel=2 flags=0x88be45)
D/dalvikvm(  299): GC_CONCURRENT freed 292K, 9% free 4017K/4376K, paused 4ms+6ms, total 274ms
E/CommandListener(   34): Failed to open /proc/sys/net/ipv6/conf/wlan0/disable_ipv6: No such file or directory
E/WifiStateMachine(  299): Failed to disable IPv6: java.lang.IllegalStateException: command '1 interface ipv6 wlan0 disable' failed with '400 1 Failed to change IPv6 state (No such file or directory)'
I/SystemServer(  299): Connectivity Service
D/ConnectivityService(  299): ConnectivityService starting up
E/MobileDataStateTracker(  299): default: Ignoring feature request because could not acquire PhoneService
E/MobileDataStateTracker(  299): default: Could not enable APN type "default"
I/WifiService(  299): WifiService starting up with Wi-Fi disabled
I/SystemServer(  299): Network Service Discovery Service
D/NsdService(  299): Network service discovery enabled true
I/SystemServer(  299): Throttle Service
I/SystemServer(  299): UpdateLock Service
I/SystemServer(  299): Notification Manager
I/SystemServer(  299): Device Storage Monitor
I/SystemServer(  299): Location Manager
I/SystemServer(  299): Country Detector
I/SystemServer(  299): Search Service
I/SystemServer(  299): DropBox Service
I/SystemServer(  299): Wallpaper Service
I/SystemServer(  299): Audio Service
D/dalvikvm(  299): GC_CONCURRENT freed 266K, 8% free 4191K/4520K, paused 4ms+35ms, total 143ms
I/SystemServer(  299): Dock Observer
W/DockObserver(  299): This kernel does not have dock station support
I/SystemServer(  299): Wired Accessory Manager
W/WiredAccessoryManager(  299): This kernel does not have wired headset support
W/WiredAccessoryManager(  299): This kernel does not have usb audio support
W/WiredAccessoryManager(  299): This kernel does not have HDMI audio support
I/SystemServer(  299): USB Service
I/SystemServer(  299): Serial Service
I/SystemServer(  299): Twilight Service
I/SystemServer(  299): UI Mode Manager Service
I/SystemServer(  299): Backup Service
V/BackupManagerService(  299): No ancestral data
I/BackupManagerService(  299): Found stale backup journal, scheduling
I/BackupManagerService(  299):   android
I/BackupManagerService(  299):   com.android.browser
I/BackupManagerService(  299):   com.android.calendar
I/BackupManagerService(  299):   com.android.inputmethod.latin
I/BackupManagerService(  299):   com.android.providers.settings
I/BackupManagerService(  299):   com.android.providers.userdictionary
I/BackupManagerService(  299):   com.android.sharedstoragebackup
I/BackupManagerService(  299): Backup enabled => true
I/SystemServer(  299): AppWidget Service
I/SystemServer(  299): Recognition Service
I/SystemServer(  299): DiskStats Service
I/SystemServer(  299): SamplingProfiler Service
I/SystemServer(  299): NetworkTimeUpdateService
I/SystemServer(  299): CommonTimeManagementService
I/SystemServer(  299): CertBlacklister
I/SystemServer(  299): Dreams Service
I/WindowManager(  299): SAFE MODE not enabled
D/dalvikvm(  299): JIT started for system_server
D/dalvikvm(  299): GC_CONCURRENT freed 327K, 9% free 4285K/4676K, paused 17ms+87ms, total 438ms
I/Choreographer(  299): Skipped 30 frames!  The application may be doing too much work on its main thread.
I/ActivityManager(  299): System now ready
I/SystemServer(  299): Making services ready
I/Zygote  (  299): Process: zygote socket opened
I/ActivityManager(  299): Start proc com.android.systemui for service com.android.systemui/.SystemUIService: pid=398 uid=10034 gids={50034, 1028, 1015, 3002, 3001}
I/Vold    (   32): /dev/block/vold/179:0 being considered for volume sdcard
D/Vold    (   32): Volume sdcard state changing 1 (Idle-Unmounted) -> 3 (Checking)
I//system/bin/fsck_msdos(   32): ** /dev/block/vold/179:0
D/MountService(  299): volume state changed for /mnt/sdcard (unmounted -> checking)
D/MountService(  299): sendStorageIntent Intent { act=android.intent.action.MEDIA_CHECKING dat=file:///mnt/sdcard (has extras) } to UserHandle{-1}
D/NetworkManagementService(  299): not enabling bandwidth control
I/keystore(   42): uid: 1000 action: e -> 7 state: 3 -> 3 retry: 4
W/NetworkStats(  299): bandwidth controls disabled, unable to track stats
W/NetworkPolicy(  299): bandwidth controls disabled, unable to enforce policy
I/keystore(   42): uid: 1000 action: e -> 7 state: 3 -> 3 retry: 4
I/ActivityManager(  299): Config changes=200 {1.0 ?mcc?mnc en_US ldltr sw320dp w320dp h508dp 240dpi nrml long port finger -keyb/v/h tball/v s.3}
W/RecognitionManagerService(  299): no available voice recognition services found for user 0
I//system/bin/fsck_msdos(   32): ** Phase 1 - Read and Compare FATs
I//system/bin/fsck_msdos(   32): Attempting to allocate 2044 KB for FAT
E/Trace   (  398): error opening trace file: No such file or directory (2)
D/SystemUIService(  398): loading: class com.android.systemui.statusbar.phone.PhoneStatusBar
D/SystemUIService(  398): running: com.android.systemui.statusbar.phone.PhoneStatusBar@40cd23a0
I/StatusBarManagerService(  299): registerStatusBar bar=com.android.internal.statusbar.IStatusBar$Stub$Proxy@40ed2ae8
W/InputMethodManagerService(  299): Ignoring setImeWindowStatus of uid 1000 token: null
D/dalvikvm(  299): GC_CONCURRENT freed 134K, 5% free 4658K/4856K, paused 6ms+102ms, total 995ms
