D/dalvikvm(  782): Note: class Landroid/app/ActivityManagerNative; has 157 unimplemented (abstract) methods
W/ActivityManager(  282): Unable to start service Intent { cmp=com.android.email/.service.AttachmentDownloadService } U=0: not found
D/dalvikvm(  794): Not late-enabling CheckJNI (already on)
I/ActivityManager(  282): Start proc it.unina.android.ripper_service:android_ripper_service_process for service it.unina.android.ripper_service/.AndroidRipperService: pid=794 uid=10049 gids={50049, 3003, 1028}
D/AndroidRuntime(  782): Shutting down VM
D/dalvikvm(  782): GC_CONCURRENT freed 91K, 16% free 490K/584K, paused 2ms+1ms, total 9ms
W/ActivityManager(  282): Unable to start service Intent { cmp=com.android.email/.service.AttachmentDownloadService } U=0: not found
E/Trace   (  794): error opening trace file: No such file or directory (2)
V/AndroidRipperService(  794): onCreate()
V/SERVER  (  794): Starting ServerSocket on PORT 8888
V/SERVER  (  794): Started ServerSocket on PORT 8888
V/SERVER  (  794): Ready to accept connections on port: 8888
D/ExchangeService(  646): !!! EAS ExchangeService, onStartCommand, startingUp = true, running = false
D/dalvikvm(  629): GC_CONCURRENT freed 202K, 10% free 2594K/2860K, paused 450ms+19ms, total 565ms
D/dalvikvm(  497): GREF has increased to 201
D/dalvikvm(  405): GC_CONCURRENT freed 782K, 10% free 8575K/9428K, paused 12ms+9ms, total 74ms
W/MediaScanner(  497): Error opening directory '/mnt/sdcard/.android_secure/', skipping: Permission denied.
V/MediaScanner(  497): pruneDeadThumbnailFiles... android.database.sqlite.SQLiteCursor@40cf27f8
V/MediaScanner(  497): /pruneDeadThumbnailFiles... android.database.sqlite.SQLiteCursor@40cf27f8
D/AndroidRuntime(  816): 
D/AndroidRuntime(  816): >>>>>> AndroidRuntime START com.android.internal.os.RuntimeInit <<<<<<
D/AndroidRuntime(  816): CheckJNI is ON
D/dalvikvm(  816): Trying to load lib libjavacore.so 0x0
D/dalvikvm(  816): Added shared lib libjavacore.so 0x0
D/dalvikvm(  816): Trying to load lib libnativehelper.so 0x0
D/dalvikvm(  816): Added shared lib libnativehelper.so 0x0
I/Choreographer(  282): Skipped 34 frames!  The application may be doing too much work on its main thread.
I/Choreographer(  548): Skipped 46 frames!  The application may be doing too much work on its main thread.
I/Choreographer(  405): Skipped 36 frames!  The application may be doing too much work on its main thread.
D/AndroidRuntime(  816): Calling main entry com.android.commands.am.Am
D/dalvikvm(  816): Note: class Landroid/app/ActivityManagerNative; has 157 unimplemented (abstract) methods
I/ActivityManager(  282): Force stopping package net.fercanet.LNM appid=10048 user=0
I/ActivityManager(  282): Start proc net.fercanet.LNM for added application net.fercanet.LNM: pid=827 uid=10048 gids={50048, 1015, 1028}
D/dalvikvm(   38): GC_EXPLICIT freed 38K, 5% free 2381K/2484K, paused 2ms+13ms, total 63ms
I/dalvikvm(  827): Turning on JNI app bug workarounds for target SDK version 3...
D/dalvikvm(   38): GC_EXPLICIT freed <1K, 5% free 2382K/2484K, paused 2ms+3ms, total 61ms
E/Trace   (  827): error opening trace file: No such file or directory (2)
D/dalvikvm(   38): GC_EXPLICIT freed <1K, 5% free 2382K/2484K, paused 3ms+24ms, total 67ms
D/PolideaInstrumentationTestRunner(  827): Creating the Test Runner with arguments: [coverage, class]
D/PolideaInstrumentationTestRunner(  827): Test runner is running with the following parameters:
D/PolideaInstrumentationTestRunner(  827): junitOutputDirectory: /data/data/net.fercanet.LNM/files
D/PolideaInstrumentationTestRunner(  827): junitOutputFilePostfix: -TEST.xml
D/PolideaInstrumentationTestRunner(  827): junitNoPackagePrefix: NO_PACKAGE
D/PolideaInstrumentationTestRunner(  827): junitSplitLevel: package
D/PolideaInstrumentationTestRunner(  827): junitSingleFileName: ALL-TEST.xml
D/PolideaInstrumentationTestRunner(  827): Creating output directory if it does not exist
D/PolideaInstrumentationTestRunner(  827): Created directory? false
D/PolideaInstrumentationTestRunner(  827): Deleting old files
D/PolideaInstrumentationTestRunner(  827): Deleting: [/data/data/net.fercanet.LNM/files/it.unina.android.ripper-TEST.xml]
D/dalvikvm(  827): GC_CONCURRENT freed 220K, 10% free 2575K/2860K, paused 5ms+15ms, total 54ms
I/System.out(  827): EMMA: collecting runtime coverage data ...
D/PolideaInstrumentationTestRunner(  827): Getting android test runner
D/PolideaInstrumentationTestRunner(  827): JUnit test output enabled
W/dalvikvm(  827): method Landroid/test/InstrumentationTestRunner$StringResultPrinter;.print incorrectly overrides package-private method with same name in Ljunit/textui/ResultPrinter;
D/PolideaInstrumentationTestRunner(  827): Starting test: testApplication(it.unina.android.ripper.RipperTestCase)
I/TestRunner(  827): started: testApplication(it.unina.android.ripper.RipperTestCase)
V/AndroidRipperService(  794): onBind()
V/AndroidRipperService(  794): onBind()
V/AndroidRipperService(  794): register()
I/ActivityManager(  282): START u0 {act=android.intent.action.MAIN flg=0x10000000 cmp=net.fercanet.LNM/.MainMenu} from pid 827
D/PermissionCache(   37): checking android.permission.READ_FRAME_BUFFER for uid=1000 => granted (13863 us)
W/WindowManager(  282): Failure taking screenshot for (246x410) to layer 21000
E/SurfaceFlinger(   37): ro.sf.lcd_density must be defined as a build property
I/Choreographer(  282): Skipped 40 frames!  The application may be doing too much work on its main thread.
D/dalvikvm(  827): GC_FOR_ALLOC freed 247K, 11% free 2636K/2948K, paused 73ms, total 87ms
I/dalvikvm-heap(  827): Grow heap (frag case) to 3.218MB for 614416-byte allocation
D/dalvikvm(  827): GC_FOR_ALLOC freed <1K, 9% free 3236K/3552K, paused 60ms, total 60ms
D/dalvikvm(  827): GC_CONCURRENT freed 1K, 9% free 3234K/3552K, paused 4ms+3ms, total 91ms
V/        (  794): ready
V/RipperService(  794): PING
V/AndroidRipperService(  794): mHandler.handleMessage() RECIVED
V/AndroidRipperService(  794): broadcast()
I/AndroidRipper(  827): Recived message: PING
V/RipperTestCase(  827): Not ready to operate!
V/AndroidRipperService(  794): broadcast() done
V/        (  794): ready
E/SurfaceFlinger(   37): ro.sf.lcd_density must be defined as a build property
D/gralloc_goldfish(  827): Emulator without GPU emulation detected.
I/ActivityManager(  282): Displayed net.fercanet.LNM/.MainMenu: +1s717ms
V/RipperService(  794): PING
V/AndroidRipperService(  794): mHandler.handleMessage() RECIVED
V/AndroidRipperService(  794): broadcast()
I/AndroidRipper(  827): Recived message: PING
V/RipperTestCase(  827): Not ready to operate!
V/AndroidRipperService(  794): broadcast() done
V/        (  794): ready
I/AndroidRipper(  827): [RipperTestCase] Ready to operate after restarting...
V/RipperService(  794): PING
V/AndroidRipperService(  794): mHandler.handleMessage() RECIVED
V/AndroidRipperService(  794): broadcast()
I/AndroidRipper(  827): Recived message: PING
V/AndroidRipperService(  794): send()
I/System.out(  794): {"type":"PONG","index":"4"}
V/AndroidRipperService(  794): broadcast() done
V/        (  794): ready
V/RipperService(  794): END
V/AndroidRipperService(  794): mHandler.handleMessage() RECIVED
V/AndroidRipperService(  794): broadcast()
I/AndroidRipper(  827): Recived message: END
V/AndroidRipperService(  794): broadcast() done
V/        (  794): ready
V/SERVER  (  794): ServerSocket on PORT 8888: offline
V/AndroidRipperService(  794): mHandler.handleMessage() DISCONNECTED
V/SERVER  (  794): Ready to accept connections on port: 8888
V/AndroidRipperService(  794): unregister()
W/WindowManager(  282): Failure taking screenshot for (246x410) to layer 21005
V/AndroidRipperService(  794): unregister()
W/ActivityManager(  282): Duplicate finish request for ActivityRecord{40eef2b0 u0 net.fercanet.LNM/.MainMenu}
D/dalvikvm(  827): GC_EXPLICIT freed 42K, 8% free 3271K/3552K, paused 5ms+11ms, total 87ms
D/dalvikvm(  827): GC_EXPLICIT freed 4K, 8% free 3268K/3552K, paused 3ms+6ms, total 78ms
D/PolideaInstrumentationTestRunner(  827): Finished test: testApplication(it.unina.android.ripper.RipperTestCase)
I/TestRunner(  827): finished: testApplication(it.unina.android.ripper.RipperTestCase)
I/TestRunner(  827): passed: testApplication(it.unina.android.ripper.RipperTestCase)
I/System.out(  827): EMMA: runtime coverage data written to [/data/data/net.fercanet.LNM/files/coverage.ec] {in 11 ms}
D/PolideaInstrumentationTestRunner(  827): Post processing
D/PolideaInstrumentationTestRunner(  827): Packages: 1
D/PolideaInstrumentationTestRunner(  827): Processing package package it.unina.android.ripper
D/PolideaInstrumentationTestRunner(  827): Writing to file /data/data/net.fercanet.LNM/files/it.unina.android.ripper-TEST.xml
D/PolideaInstrumentationTestRunner(  827): closing file
D/AndroidRuntime(  816): Shutting down VM
D/dalvikvm(  816): GC_CONCURRENT freed 95K, 18% free 462K/560K, paused 1ms+2ms, total 10ms
I/ActivityManager(  282): Force stopping package net.fercanet.LNM appid=10048 user=0
I/ActivityManager(  282): Killing proc 827:net.fercanet.LNM/u0a10048: force stop net.fercanet.LNM
I/Choreographer(  405): Skipped 170 frames!  The application may be doing too much work on its main thread.
E/SurfaceFlinger(   37): ro.sf.lcd_density must be defined as a build property
W/InputDispatcher(  282): channel '41003c28 net.fercanet.LNM/net.fercanet.LNM.MainMenu (server)' ~ Consumer closed input channel or an error occurred.  events=0x9
E/InputDispatcher(  282): channel '41003c28 net.fercanet.LNM/net.fercanet.LNM.MainMenu (server)' ~ Channel is unrecoverably broken and will be disposed!
I/WindowState(  282): WIN DEATH: Window{41003c28 u0 net.fercanet.LNM/net.fercanet.LNM.MainMenu EXITING}
W/InputDispatcher(  282): Attempted to unregister already unregistered input channel '41003c28 net.fercanet.LNM/net.fercanet.LNM.MainMenu (server)'
W/WindowManager(  282): Rebuild removed 2 windows but added 1
W/WindowManager(  282): This window was lost: Window{41003c28 u0 net.fercanet.LNM/net.fercanet.LNM.MainMenu}
W/WindowManager(  282): mDisplayId=0 mSession=Session{4105ea18 827:u0a10048} mClient=android.os.BinderProxy@40f464d0
W/WindowManager(  282): mOwnerUid=10048 mShowToOwnerOnly=true
W/WindowManager(  282): mAttrs=WM.LayoutParams{(0,0)(fillxfill) sim=#120 ty=1 fl=#8010100 pfl=0x8 wanim=0x1030001}
W/WindowManager(  282): Requested w=480 h=800 mLayoutSeq=43
W/WindowManager(  282): mBaseLayer=21000 mSubLayer=0 mAnimLayer=21000+0=21000 mLastLayer=0
W/WindowManager(  282): mToken=AppWindowToken{411a4e70 token=Token{41027220 ActivityRecord{40eef2b0 u0 net.fercanet.LNM/.MainMenu}}}
W/WindowManager(  282): mRootToken=AppWindowToken{411a4e70 token=Token{41027220 ActivityRecord{40eef2b0 u0 net.fercanet.LNM/.MainMenu}}}
W/WindowManager(  282): mAppToken=AppWindowToken{411a4e70 token=Token{41027220 ActivityRecord{40eef2b0 u0 net.fercanet.LNM/.MainMenu}}}
W/WindowManager(  282): mViewVisibility=0x8 mHaveFrame=true mObscured=true
W/WindowManager(  282): mSeq=0 mSystemUiVisibility=0x0
W/WindowManager(  282): mPolicyVisibility=false mPolicyVisibilityAfterAnim=false mAttachedHidden=false
W/WindowManager(  282): mGivenContentInsets=[0,0][0,0] mGivenVisibleInsets=[0,0][0,0]
W/WindowManager(  282): mConfiguration={1.0 310mcc260mnc en_US ldltr sw320dp w320dp h508dp 240dpi nrml long port finger -keyb/v/h tball/v s.6}
W/WindowManager(  282): mHasSurface=true mShownFrame=[0.0,0.0][480.0,800.0] isReadyForDisplay()=false
W/WindowManager(  282): mFrame=[0,0][480,800] last=[0,0][480,800]
W/WindowManager(  282): mSystemDecorRect=[0,38][480,800] last=[0,38][480,800]
W/WindowManager(  282): Frames: containing=[0,0][480,800] parent=[0,0][480,800] display=[0,0][480,800]
W/WindowManager(  282):     content=[0,38][480,800] visible=[0,38][480,800]
W/WindowManager(  282): Cur insets: content=[0,38][0,0] visible=[0,38][0,0]
W/WindowManager(  282): Lst insets: content=[0,38][0,0] visible=[0,38][0,0]
W/WindowManager(  282): WindowStateAnimator{41082b60 net.fercanet.LNM/net.fercanet.LNM.MainMenu}:
W/WindowManager(  282):   mSurface=Surface(name=net.fercanet.LNM/net.fercanet.LNM.MainMenu, identity=17)
W/WindowManager(  282):   mDrawState=HAS_DRAWN mLastHidden=true
W/WindowManager(  282):   Surface: shown=false layer=21005 alpha=0.0 rect=(0.0,0.0) 480.0 x 800.0
W/WindowManager(  282):   mShownAlpha=1.0 mAlpha=1.0 mLastAlpha=-1.0
W/WindowManager(  282):   mGlobalScale=1.0 mDsDx=1.0 mDtDx=0.0 mDsDy=0.0 mDtDy=1.0
W/WindowManager(  282): mExiting=false mRemoveOnExit=false mDestroying=true mRemoved=false
W/WindowManager(  282): Current app token list:
V/WindowManager(  282):   #0: Token{40f84ae8 ActivityRecord{40f846b0 u0 com.android.launcher/com.android.launcher2.Launcher}}
W/WindowManager(  282): Final window list:
V/WindowManager(  282):   #0: Window{41055dc8 u0 StatusBar}
V/WindowManager(  282):   #1: Window{40dea2b8 u0 Keyguard}
V/WindowManager(  282):   #2: Window{40f6ca28 u0 com.android.launcher/com.android.launcher2.Launcher}
V/WindowManager(  282):   #3: Window{40f63cf8 u0 com.android.systemui.ImageWallpaper}
W/Resources(   38): Preloaded drawable resource #0x10804a1 (android:drawable/quickcontact_badge_overlay_focused_light) that varies with configuration!!
W/Resources(   38): Preloaded drawable resource #0x10804a4 (android:drawable/quickcontact_badge_overlay_normal_light) that varies with configuration!!
W/Resources(   38): Preloaded drawable resource #0x10804a4 (android:drawable/quickcontact_badge_overlay_normal_light) that varies with configuration!!
W/Resources(   38): Preloaded drawable resource #0x10804a4 (android:drawable/quickcontact_badge_overlay_normal_light) that varies with configuration!!
W/Resources(   38): Preloaded drawable resource #0x10804a6 (android:drawable/quickcontact_badge_overlay_pressed_light) that varies with configuration!!
I/Zygote  (   38): ...preloaded 270 resources in 10755ms.
D/dalvikvm(   38): GC_EXPLICIT freed 48K, 25% free 2369K/3156K, paused 2ms+3ms, total 30ms
I/Zygote  (   38): ...preloaded 31 resources in 138ms.
D/dalvikvm(   38): GC_EXPLICIT freed 9K, 25% free 2377K/3156K, paused 13ms+4ms, total 96ms
D/dalvikvm(   38): GC_EXPLICIT freed 7K, 25% free 2369K/3156K, paused 3ms+15ms, total 333ms
D/dalvikvm(   38): GC_EXPLICIT freed <1K, 25% free 2369K/3156K, paused 2ms+4ms, total 104ms
I/dalvikvm(   38): System server process 317 has been created
I/Zygote  (   38): Accepting command socket connections
E/BatteryService(  317): usbOnlinePath not found
E/BatteryService(  317): wirelessOnlinePath not found
E/BatteryService(  317): batteryVoltagePath not found
E/BatteryService(  317): batteryTemperaturePath not found
I/sysproc (  317): Entered system_init()
I/sysproc (  317): ServiceManager: 0x2a150720
D/SensorService(  317): nuSensorService starting...
I/SensorService(  317): Goldfish 3-axis Accelerometer
I/SensorService(  317): Goldfish 3-axis Magnetic field sensor
I/SensorService(  317): Goldfish Orientation sensor
I/SensorService(  317): Goldfish Temperature sensor
I/SensorService(  317): Goldfish Proximity sensor
D/SensorService(  317): nuSensorService thread starting...
I/sysproc (  317): System server: starting Android runtime.
I/sysproc (  317): System server: starting Android services.
I/SystemServer(  317): Entered the Android system server!
I/sysproc (  317): System server: entering thread pool.
I/SystemServer(  317): Waiting for installd to be ready.
I/Installer(  317): connecting...
I/installd(   41): new connection
I/SystemServer(  317): Entropy Mixer
I/SystemServer(  317): Enabled StrictMode logging for WM Looper
I/SystemServer(  317): Enabled StrictMode logging for UI Looper
I/SystemServer(  317): Power Manager
E/PowerManagerService-JNI(  317): Couldn't load power module (No such file or directory)
I/SystemServer(  317): Activity Manager
I/ActivityManager(  317): Memory class: 48
W/UsageStats(  317): Usage stats version changed; dropping
W/ProcessStats(  317): Skipping unknown process pid 336
I/ActivityManager(  317): Enabled StrictMode logging for AThread's Looper
I/SystemServer(  317): Display Manager
E/SurfaceFlinger(   37): ro.sf.lcd_density must be defined as a build property
I/DisplayManagerService(  317): Display device added: DisplayDeviceInfo{"Built-in Screen": 480 x 800, 260.416 fps, density 240, 240.0 x 240.0 dpi, touch INTERNAL, FLAG_DEFAULT_DISPLAY, FLAG_ROTATES_WITH_CONTENT, FLAG_SECURE, FLAG_SUPPORTS_PROTECTED_BUFFERS, rotation 0, type BUILT_IN, address null}
I/SystemServer(  317): Telephony Registry
I/SystemServer(  317): Scheduling Policy
I/SystemServer(  317): Package Manager
D/dalvikvm(  317): GC_CONCURRENT freed 343K, 14% free 2539K/2940K, paused 4ms+5ms, total 69ms
D/dalvikvm(  317): WAIT_FOR_CONCURRENT_GC blocked 5ms
W/PackageManager(  317): Running ENG build: no pre-dexopt!
D/dalvikvm(  317): GC_CONCURRENT freed 238K, 10% free 2715K/3012K, paused 5ms+55ms, total 215ms
D/dalvikvm(  317): GC_CONCURRENT freed 134K, 7% free 2995K/3188K, paused 5ms+30ms, total 72ms
W/PackageParser(  317): No actions in intent filter at /system/app/Contacts.apk Binary XML file line #533
D/dalvikvm(  317): GC_CONCURRENT freed 243K, 9% free 3146K/3444K, paused 5ms+3ms, total 123ms
D/dalvikvm(  317): GC_CONCURRENT freed 200K, 8% free 3359K/3616K, paused 4ms+21ms, total 77ms
W/PackageManager(  317): Package com.android.camera desires unavailable shared library com.google.android.media.effects; ignoring!
D/PackageManager(  317): No files in app dir /vendor/app
D/dalvikvm(  317): GC_CONCURRENT freed 215K, 8% free 3534K/3808K, paused 4ms+4ms, total 133ms
W/PackageParser(  317): No actions in intent filter at /data/app/ApiDemos.apk Binary XML file line #2737
W/PackageParser(  317): No actions in intent filter at /data/app/ApiDemos.apk Binary XML file line #2743
W/PackageManager(  317): Package com.example.android.apis desires unavailable shared library com.example.will.never.exist; ignoring!
I/PackageParser(  317): es.senselesssolutions.gpl.weightchart: compat added android.permission.READ_PHONE_STATE
I/PackageManager(  317): Time to scan packages: 5.051 seconds
W/PackageManager(  317): Unknown permission com.google.android.googleapps.permission.GOOGLE_AUTH.mail in package com.android.contacts
W/PackageManager(  317): Unknown permission android.permission.ADD_SYSTEM_SERVICE in package com.android.phone
W/PackageManager(  317): Unknown permission com.android.smspush.WAPPUSH_MANAGER_BIND in package com.android.phone
W/PackageManager(  317): Unknown permission com.google.android.googleapps.permission.GOOGLE_AUTH in package com.android.providers.calendar
W/PackageManager(  317): Unknown permission com.google.android.googleapps.permission.GOOGLE_AUTH.cl in package com.android.providers.calendar
W/PackageManager(  317): Unknown permission com.google.android.googleapps.permission.GOOGLE_AUTH.mail in package com.android.calendar
W/PackageManager(  317): Not granting permission android.permission.SEND_DOWNLOAD_COMPLETED_INTENTS to package com.android.browser (protectionLevel=2 flags=0x9be45)
W/PackageManager(  317): Not granting permission android.permission.BIND_APPWIDGET to package com.android.widgetpreview (protectionLevel=18 flags=0x8be44)
W/PackageManager(  317): Unknown permission com.google.android.googleapps.permission.GOOGLE_AUTH in package com.android.settings
W/PackageManager(  317): Unknown permission com.google.android.gallery3d.permission.GALLERY_PROVIDER in package com.android.exchange
W/PackageManager(  317): Unknown permission com.google.android.googleapps.permission.ACCESS_GOOGLE_PASSWORD in package com.android.development
W/PackageManager(  317): Unknown permission com.google.android.googleapps.permission.GOOGLE_AUTH in package com.android.development
W/PackageManager(  317): Unknown permission com.google.android.googleapps.permission.GOOGLE_AUTH.ALL_SERVICES in package com.android.development
W/PackageManager(  317): Unknown permission com.google.android.googleapps.permission.GOOGLE_AUTH.YouTubeUser in package com.android.development
W/PackageManager(  317): Unknown permission com.google.android.gallery3d.permission.GALLERY_PROVIDER in package com.android.email
W/PackageManager(  317): Not granting permission android.permission.DEVICE_POWER to package com.android.deskclock (protectionLevel=2 flags=0x8be45)
D/dalvikvm(  317): GC_CONCURRENT freed 296K, 9% free 3740K/4092K, paused 5ms+3ms, total 181ms
D/dalvikvm(  317): WAIT_FOR_CONCURRENT_GC blocked 39ms
D/dalvikvm(  317): GC_EXPLICIT freed 176K, 12% free 3627K/4112K, paused 3ms+7ms, total 81ms
I/SystemServer(  317): User Service
I/SystemServer(  317): Account Manager
I/SystemServer(  317): Content Manager
I/SystemServer(  317): System Content Providers
I/SystemServer(  317): Lights Service
I/SystemServer(  317): Battery Service
I/SystemServer(  317): Vibrator Service
I/libsuspend(  317): Selected early suspend
I/libsuspend(  317): Starting early suspend unblocker thread
D/PermissionCache(   37): checking android.permission.ACCESS_SURFACE_FLINGER for uid=1000 => granted (11776 us)
D/SurfaceFlinger(   37): Screen acquired, type=0 flinger=0x2a007318
D/SurfaceFlinger(   37):  screen was previously acquired
I/SystemServer(  317): Alarm Manager
D/AlarmManagerService(  317): Kernel timezone updated to 0 minutes west of GMT
I/SystemServer(  317): Init Watchdog
I/SystemServer(  317): Input Manager
I/InputManager(  317): Initializing input manager, mUseDevInputEventForAudioJack=false
I/SystemServer(  317): Window Manager
E/SoundPool(  317): error loading /system/media/audio/ui/Lock.ogg
W/KeyguardViewMediator(  317): failed to load lock sound from /system/media/audio/ui/Lock.ogg
E/SoundPool(  317): error loading /system/media/audio/ui/Unlock.ogg
W/KeyguardViewMediator(  317): failed to load unlock sound from /system/media/audio/ui/Unlock.ogg
I/InputManager(  317): Starting input manager
I/SystemServer(  317): No Bluetooh Service (emulator)
I/SystemServer(  317): Input Method Service
W/InputMethodManagerService(  317): Couldn't create dir.: /data/system/inputmethod
D/dalvikvm(  317): GC_CONCURRENT freed 296K, 9% free 3832K/4196K, paused 118ms+15ms, total 595ms
D/dalvikvm(  317): WAIT_FOR_CONCURRENT_GC blocked 277ms
I/EventHub(  317): New device: id=1, fd=89, path='/dev/input/event0', name='qwerty2', classes=0x2d, configuration='/system/usr/idc/qwerty2.idc', keyLayout='/system/usr/keylayout/qwerty.kl', keyCharacterMap='/system/usr/keychars/qwerty2.kcm', builtinKeyboard=true, usingSuspendBlockIoctl=false, usingClockIoctl=false
E/EventHub(  317): could not get driver version for /dev/input/mouse0, Not a typewriter
E/EventHub(  317): could not get driver version for /dev/input/mice, Not a typewriter
I/InputReader(  317): Device added: id=-1, name='Virtual', sources=0x00000301
I/InputReader(  317):   Touch device 'qwerty2' could not query the properties of its associated display.  The device will be inoperable until the display size becomes available.
I/InputReader(  317): Device added: id=0, name='qwerty2', sources=0x00011307
E/Trace   (  317): error opening trace file: No such file or directory (2)
I/SystemServer(  317): Accessibility Manager
I/ActivityManager(  317): Config changes=15f8 {1.0 ?mcc?mnc en_US ldltr sw320dp w320dp h508dp 240dpi nrml long port ?uimode ?night finger -keyb/v/h tball/v s.2}
I/InputReader(  317): Reconfiguring input devices.  changes=0x00000004
I/InputReader(  317): Device reconfigured: id=0, name='qwerty2', size 480x800, orientation 0, mode 1, display id 0
I/InputReader(  317): Reconfiguring input devices.  changes=0x00000004
I/InputReader(  317): Device reconfigured: id=0, name='qwerty2', size 480x800, orientation 0, mode 1, display id 0
I/SystemServer(  317): Mount Service
D/MountService(  317): got storage path: /mnt/sdcard description: USB storage primary: true removable: false emulated: false mtpReserve: 0 allowMassStorage: false maxFileSize: 0
D/MountService(  317): addVolumeLocked() StorageVolume [mStorageId=0 mPath=/mnt/sdcard mDescriptionId=17040615 mPrimary=true mRemovable=false mEmulated=false mMtpReserveSpace=0 mAllowMassStorage=false mMaxFileSize=0 mOwner=null]
I/SystemServer(  317): LockSettingsService
I/SystemServer(  317): Device Policy
I/SystemServer(  317): Status Bar
I/SystemServer(  317): Clipboard Service
I/SystemServer(  317): NetworkManagement Service
D/dalvikvm(  317): GREF has increased to 201
I/SystemServer(  317): Text Service Manager Service
I/SystemServer(  317): NetworkStats Service
I/SystemServer(  317): NetworkPolicy Service
D/MountService(  317): volume state changed for /mnt/sdcard (null -> unmounted)
I/PackageManager(  317): Updating external media status from unmounted to unmounted
I/SystemServer(  317): Wi-Fi P2pService
I/SystemServer(  317): Wi-Fi Service
W/MountService(  317): getSecureContainerList() called when storage not mounted
I/PackageManager(  317): No secure containers on sdcard
W/PackageManager(  317): Unknown permission com.google.android.googleapps.permission.GOOGLE_AUTH.mail in package com.android.contacts
W/PackageManager(  317): Unknown permission android.permission.ADD_SYSTEM_SERVICE in package com.android.phone
W/PackageManager(  317): Unknown permission com.android.smspush.WAPPUSH_MANAGER_BIND in package com.android.phone
W/PackageManager(  317): Unknown permission com.google.android.googleapps.permission.GOOGLE_AUTH in package com.android.providers.calendar
W/PackageManager(  317): Unknown permission com.google.android.googleapps.permission.GOOGLE_AUTH.cl in package com.android.providers.calendar
W/PackageManager(  317): Unknown permission com.google.android.googleapps.permission.GOOGLE_AUTH.mail in package com.android.calendar
W/PackageManager(  317): Not granting permission android.permission.SEND_DOWNLOAD_COMPLETED_INTENTS to package com.android.browser (protectionLevel=2 flags=0x89be45)
W/PackageManager(  317): Not granting permission android.permission.BIND_APPWIDGET to package com.android.widgetpreview (protectionLevel=18 flags=0x8be44)
W/PackageManager(  317): Unknown permission com.google.android.googleapps.permission.GOOGLE_AUTH in package com.android.settings
W/PackageManager(  317): Unknown permission com.google.android.gallery3d.permission.GALLERY_PROVIDER in package com.android.exchange
W/PackageManager(  317): Unknown permission com.google.android.googleapps.permission.ACCESS_GOOGLE_PASSWORD in package com.android.development
W/PackageManager(  317): Unknown permission com.google.android.googleapps.permission.GOOGLE_AUTH in package com.android.development
W/PackageManager(  317): Unknown permission com.google.android.googleapps.permission.GOOGLE_AUTH.ALL_SERVICES in package com.android.development
W/PackageManager(  317): Unknown permission com.google.android.googleapps.permission.GOOGLE_AUTH.YouTubeUser in package com.android.development
W/PackageManager(  317): Unknown permission com.google.android.gallery3d.permission.GALLERY_PROVIDER in package com.android.email
W/PackageManager(  317): Not granting permission android.permission.DEVICE_POWER to package com.android.deskclock (protectionLevel=2 flags=0x88be45)
D/dalvikvm(  317): GC_CONCURRENT freed 245K, 8% free 3997K/4308K, paused 5ms+14ms, total 77ms
E/CommandListener(   34): Failed to open /proc/sys/net/ipv6/conf/wlan0/disable_ipv6: No such file or directory
E/WifiStateMachine(  317): Failed to disable IPv6: java.lang.IllegalStateException: command '1 interface ipv6 wlan0 disable' failed with '400 1 Failed to change IPv6 state (No such file or directory)'
I/SystemServer(  317): Connectivity Service
D/ConnectivityService(  317): ConnectivityService starting up
E/MobileDataStateTracker(  317): default: Ignoring feature request because could not acquire PhoneService
E/MobileDataStateTracker(  317): default: Could not enable APN type "default"
I/WifiService(  317): WifiService starting up with Wi-Fi disabled
I/SystemServer(  317): Network Service Discovery Service
D/NsdService(  317): Network service discovery enabled true
I/SystemServer(  317): Throttle Service
I/SystemServer(  317): UpdateLock Service
I/SystemServer(  317): Notification Manager
I/SystemServer(  317): Device Storage Monitor
I/SystemServer(  317): Location Manager
I/SystemServer(  317): Country Detector
I/SystemServer(  317): Search Service
I/SystemServer(  317): DropBox Service
I/SystemServer(  317): Wallpaper Service
I/SystemServer(  317): Audio Service
D/dalvikvm(  317): GC_CONCURRENT freed 286K, 8% free 4172K/4524K, paused 6ms+83ms, total 398ms
I/SystemServer(  317): Dock Observer
W/DockObserver(  317): This kernel does not have dock station support
I/SystemServer(  317): Wired Accessory Manager
W/WiredAccessoryManager(  317): This kernel does not have wired headset support
W/WiredAccessoryManager(  317): This kernel does not have usb audio support
W/WiredAccessoryManager(  317): This kernel does not have HDMI audio support
I/SystemServer(  317): USB Service
I/SystemServer(  317): Serial Service
I/SystemServer(  317): Twilight Service
I/SystemServer(  317): UI Mode Manager Service
I/SystemServer(  317): Backup Service
V/BackupManagerService(  317): No ancestral data
I/BackupManagerService(  317): Found stale backup journal, scheduling
I/BackupManagerService(  317):   android
I/BackupManagerService(  317):   com.android.browser
I/BackupManagerService(  317):   com.android.calendar
I/BackupManagerService(  317):   com.android.inputmethod.latin
I/BackupManagerService(  317):   com.android.providers.settings
I/BackupManagerService(  317):   com.android.providers.userdictionary
I/BackupManagerService(  317):   com.android.sharedstoragebackup
I/BackupManagerService(  317): Backup enabled => true
I/SystemServer(  317): AppWidget Service
I/SystemServer(  317): Recognition Service
I/SystemServer(  317): DiskStats Service
I/SystemServer(  317): SamplingProfiler Service
I/SystemServer(  317): NetworkTimeUpdateService
I/SystemServer(  317): CommonTimeManagementService
I/SystemServer(  317): CertBlacklister
I/SystemServer(  317): Dreams Service
I/WindowManager(  317): SAFE MODE not enabled
D/dalvikvm(  317): JIT started for system_server
D/dalvikvm(  317): GC_CONCURRENT freed 314K, 9% free 4252K/4632K, paused 5ms+39ms, total 100ms
I/ActivityManager(  317): System now ready
I/SystemServer(  317): Making services ready
I/Zygote  (  317): Process: zygote socket opened
I/ActivityManager(  317): Start proc com.android.systemui for service com.android.systemui/.SystemUIService: pid=410 uid=10034 gids={50034, 1028, 1015, 3002, 3001}
D/NetworkManagementService(  317): not enabling bandwidth control
I/keystore(   42): uid: 1000 action: e -> 7 state: 3 -> 3 retry: 4
I/Vold    (   32): /dev/block/vold/179:0 being considered for volume sdcard
D/Vold    (   32): Volume sdcard state changing 1 (Idle-Unmounted) -> 3 (Checking)
D/MountService(  317): volume state changed for /mnt/sdcard (unmounted -> checking)
D/MountService(  317): sendStorageIntent Intent { act=android.intent.action.MEDIA_CHECKING dat=file:///mnt/sdcard (has extras) } to UserHandle{-1}
I/Choreographer(  317): Skipped 133 frames!  The application may be doing too much work on its main thread.
W/NetworkStats(  317): bandwidth controls disabled, unable to track stats
W/NetworkPolicy(  317): bandwidth controls disabled, unable to enforce policy
I/keystore(   42): uid: 1000 action: e -> 7 state: 3 -> 3 retry: 4
I/ActivityManager(  317): Config changes=200 {1.0 ?mcc?mnc en_US ldltr sw320dp w320dp h508dp 240dpi nrml long port finger -keyb/v/h tball/v s.3}
W/RecognitionManagerService(  317): no available voice recognition services found for user 0
I//system/bin/fsck_msdos(   32): ** /dev/block/vold/179:0
I//system/bin/fsck_msdos(   32): ** Phase 1 - Read and Compare FATs
I//system/bin/fsck_msdos(   32): Attempting to allocate 2044 KB for FAT
E/Trace   (  410): error opening trace file: No such file or directory (2)
D/dalvikvm(  317): GC_CONCURRENT freed 104K, 4% free 4650K/4820K, paused 5ms+55ms, total 270ms
D/dalvikvm(  317): WAIT_FOR_CONCURRENT_GC blocked 204ms
D/SystemUIService(  410): loading: class com.android.systemui.statusbar.phone.PhoneStatusBar
D/SystemUIService(  410): running: com.android.systemui.statusbar.phone.PhoneStatusBar@40cd23a0
W/InputMethodManagerService(  317): Ignoring setImeWindowStatus of uid 1000 token: null
I/StatusBarManagerService(  317): registerStatusBar bar=com.android.internal.statusbar.IStatusBar$Stub$Proxy@40e49978
W/InputMethodManagerService(  317): Found no subtypes in a system IME: com.android.inputmethod.pinyin
I/ActivityManager(  317): Start proc com.android.inputmethod.latin for service com.android.inputmethod.latin/.LatinIME: pid=447 uid=10010 gids={50010, 1028}
I/CommonTimeManagementService(  317): No common time service detected on this platform.  Common time services will be unavailable.
I/InputReader(  317): Reconfiguring input devices.  changes=0x00000020
I/ActivityManager(  317): Start proc com.android.phone for added application com.android.phone: pid=462 uid=1001 gids={41001, 3002, 3001, 3003, 1015, 1028}
I/ActivityManager(  317): START u0 {act=android.intent.action.MAIN cat=[android.intent.category.HOME] flg=0x10000000 cmp=com.android.launcher/com.android.launcher2.Launcher} from pid 0
I/InputReader(  317): Reconfiguring input devices.  changes=0x00000010
W/SocketClient(   34): write error (Broken pipe)
D/dalvikvm(  317): GC_CONCURRENT freed 369K, 9% free 4852K/5284K, paused 61ms+6ms, total 527ms
D/dalvikvm(  317): WAIT_FOR_CONCURRENT_GC blocked 179ms
E/ThrottleService(  317): problem during onPollAlarm: java.lang.IllegalStateException: problem parsing stats: java.io.FileNotFoundException: /proc/net/xt_qtaguid/iface_stat_all: open failed: ENOENT (No such file or directory)
D/dalvikvm(  317): WAIT_FOR_CONCURRENT_GC blocked 157ms
D/dalvikvm(  317): WAIT_FOR_CONCURRENT_GC blocked 292ms
I/LocationBlacklist(  317): whitelist: []
I/LocationBlacklist(  317): blacklist: []
I/ActivityManager(  317): Start proc com.android.launcher for activity com.android.launcher/com.android.launcher2.Launcher: pid=485 uid=10020 gids={50020, 1028}
I/SystemServer(  317): Enabled StrictMode for system server main thread.
D/dalvikvm(  410): GC_FOR_ALLOC freed 88K, 6% free 2664K/2808K, paused 25ms, total 39ms
I/dalvikvm-heap(  410): Grow heap (frag case) to 3.259MB for 635812-byte allocation
D/dalvikvm(  410): GC_CONCURRENT freed 5K, 5% free 3280K/3432K, paused 12ms+2ms, total 42ms
D/dalvikvm(  410): WAIT_FOR_CONCURRENT_GC blocked 15ms
D/dalvikvm(  317): GC_FOR_ALLOC freed 71K, 9% free 5037K/5492K, paused 1272ms, total 1276ms
E/Trace   (  447): error opening trace file: No such file or directory (2)
E/Trace   (  462): error opening trace file: No such file or directory (2)
I/LatinIME(  447): Hardware accelerated drawing: false
E/SurfaceFlinger(   37): ro.sf.lcd_density must be defined as a build property
D/gralloc_goldfish(  317): Emulator without GPU emulation detected.
I//system/bin/fsck_msdos(   32): Attempting to allocate 2044 KB for FAT
I//system/bin/fsck_msdos(   32): ** Phase 2 - Check Cluster Chains
I//system/bin/fsck_msdos(   32): ** Phase 3 - Checking Directories
I//system/bin/fsck_msdos(   32): ** Phase 4 - Checking for Lost Files
I//system/bin/fsck_msdos(   32): 13 files, 1044446 free (522223 clusters)
I/Vold    (   32): Filesystem check completed OK
I/Vold    (   32): Device /dev/block/vold/179:0, target /mnt/sdcard mounted @ /mnt/secure/staging
D/Vold    (   32): Volume sdcard state changing 3 (Checking) -> 4 (Mounted)
D/MountService(  317): volume state changed for /mnt/sdcard (checking -> mounted)
I/PackageManager(  317): Updating external media status from unmounted to mounted
D/MountService(  317): sendStorageIntent Intent { act=android.intent.action.MEDIA_MOUNTED dat=file:///mnt/sdcard (has extras) } to UserHandle{-1}
E/VoldConnector(  317): NDC Command {3 volume mount /mnt/sdcard} took too long (8354ms)
E/Trace   (  485): error opening trace file: No such file or directory (2)
D/dalvikvm(  317): GC_CONCURRENT freed 331K, 7% free 5374K/5768K, paused 507ms+6ms, total 1227ms
D/dalvikvm(  317): WAIT_FOR_CONCURRENT_GC blocked 329ms
D/dalvikvm(  317): WAIT_FOR_CONCURRENT_GC blocked 342ms
D/dalvikvm(  317): WAIT_FOR_CONCURRENT_GC blocked 395ms
D/dalvikvm(  317): WAIT_FOR_CONCURRENT_GC blocked 161ms
D/dalvikvm(  317): WAIT_FOR_CONCURRENT_GC blocked 369ms
D/dalvikvm(  317): WAIT_FOR_CONCURRENT_GC blocked 305ms
D/dalvikvm(  317): WAIT_FOR_CONCURRENT_GC blocked 235ms
D/dalvikvm(  317): WAIT_FOR_CONCURRENT_GC blocked 582ms
D/dalvikvm(  317): WAIT_FOR_CONCURRENT_GC blocked 521ms
E/BluetoothAdapter(  410): Bluetooth binder is null
E/BluetoothAdapter(  410): Bluetooth binder is null
W/GpsLocationProvider(  317): Could not open GPS configuration file /etc/gps.conf
W/InputAttributes(  447): No editor info for this field. Bug?
E/BluetoothAdapter(  410): Bluetooth binder is null
W/TelephonyProvider(  462): onCreate: confFile=/system/etc/apns-conf.xml oldCheckSum=-1
D/TelephonyManager(  462): getLteOnCdmaMode=0 curVal=-1 product_type='' lteOnCdmaProductType=''
W/ServiceWatcher(  317): com.google.android.location not found
W/ServiceWatcher(  317): com.google.android.location not found
W/LocationManagerService(  317): no network location provider found
W/ServiceWatcher(  317): com.google.android.location not found
D/dalvikvm(  317): GC_CONCURRENT freed 637K, 12% free 5488K/6188K, paused 375ms+31ms, total 992ms
D/dalvikvm(  317): WAIT_FOR_CONCURRENT_GC blocked 115ms
D/dalvikvm(  317): WAIT_FOR_CONCURRENT_GC blocked 161ms
D/dalvikvm(  317): WAIT_FOR_CONCURRENT_GC blocked 306ms
D/dalvikvm(  317): WAIT_FOR_CONCURRENT_GC blocked 172ms
D/dalvikvm(  317): WAIT_FOR_CONCURRENT_GC blocked 129ms
D/dalvikvm(  317): WAIT_FOR_CONCURRENT_GC blocked 312ms
E/VoldConnector(  317): NDC Command {4 asec list} took too long (3183ms)
I/PackageManager(  317): No secure containers on sdcard
D/dalvikvm(  447): GC_CONCURRENT freed 266K, 12% free 2503K/2828K, paused 6ms+2ms, total 84ms
D/dalvikvm(  317): GREF has increased to 301
W/PackageManager(  317): Unknown permission com.google.android.googleapps.permission.GOOGLE_AUTH.mail in package com.android.contacts
W/PackageManager(  317): Unknown permission android.permission.ADD_SYSTEM_SERVICE in package com.android.phone
W/PackageManager(  317): Unknown permission com.android.smspush.WAPPUSH_MANAGER_BIND in package com.android.phone
W/PackageManager(  317): Unknown permission com.google.android.googleapps.permission.GOOGLE_AUTH in package com.android.providers.calendar
W/PackageManager(  317): Unknown permission com.google.android.googleapps.permission.GOOGLE_AUTH.cl in package com.android.providers.calendar
W/PackageManager(  317): Unknown permission com.google.android.googleapps.permission.GOOGLE_AUTH.mail in package com.android.calendar
W/PackageManager(  317): Not granting permission android.permission.SEND_DOWNLOAD_COMPLETED_INTENTS to package com.android.browser (protectionLevel=2 flags=0x89be45)
W/PackageManager(  317): Not granting permission android.permission.BIND_APPWIDGET to package com.android.widgetpreview (protectionLevel=18 flags=0x8be44)
W/PackageManager(  317): Unknown permission com.google.android.googleapps.permission.GOOGLE_AUTH in package com.android.settings
W/PackageManager(  317): Unknown permission com.google.android.gallery3d.permission.GALLERY_PROVIDER in package com.android.exchange
W/PackageManager(  317): Unknown permission com.google.android.googleapps.permission.ACCESS_GOOGLE_PASSWORD in package com.android.development
W/PackageManager(  317): Unknown permission com.google.android.googleapps.permission.GOOGLE_AUTH in package com.android.development
W/PackageManager(  317): Unknown permission com.google.android.googleapps.permission.GOOGLE_AUTH.ALL_SERVICES in package com.android.development
W/PackageManager(  317): Unknown permission com.google.android.googleapps.permission.GOOGLE_AUTH.YouTubeUser in package com.android.development
W/PackageManager(  317): Unknown permission com.google.android.gallery3d.permission.GALLERY_PROVIDER in package com.android.email
W/PackageManager(  317): Not granting permission android.permission.DEVICE_POWER to package com.android.deskclock (protectionLevel=2 flags=0x88be45)
W/InputMethodManagerService(  317): Found no subtypes in a system IME: com.android.inputmethod.pinyin
I/ActivityManager(  317): Start proc com.android.location.fused for service com.android.location.fused/.FusedLocationService: pid=533 uid=10022 gids={50022, 1028}
E/ActivityThread(  447): Failed to find provider info for com.android.inputmethod.latin.dictionarypack
E/BinaryDictionaryGetter(  447): Could not find a dictionary pack
I/ActivityManager(  317): Start proc android.process.acore for content provider com.android.providers.userdictionary/.UserDictionaryProvider: pid=542 uid=10001 gids={50001, 3003, 1015, 1028}
D/TelephonyManager(  462): getLteOnCdmaMode=0 curVal=-1 product_type='' lteOnCdmaProductType=''
I/Choreographer(  317): Skipped 3875 frames!  The application may be doing too much work on its main thread.
D/dalvikvm(  410): GC_CONCURRENT freed 66K, 4% free 3636K/3760K, paused 4ms+253ms, total 324ms
I/ActivityManager(  317): Start proc com.android.music for broadcast com.android.music/.MediaButtonIntentReceiver: pid=561 uid=10025 gids={50025, 3003, 1015, 1028}
D/TelephonyManager(  462): getLteOnCdmaMode=0 curVal=-1 product_type='' lteOnCdmaProductType=''
I/dalvikvm(  561): Turning on JNI app bug workarounds for target SDK version 9...
E/Trace   (  533): error opening trace file: No such file or directory (2)
E/BluetoothAdapter(  410): Bluetooth binder is null
D/dalvikvm(  317): GC_CONCURRENT freed 807K, 14% free 5462K/6332K, paused 737ms+32ms, total 1179ms
D/dalvikvm(  317): WAIT_FOR_CONCURRENT_GC blocked 99ms
D/dalvikvm(  317): WAIT_FOR_CONCURRENT_GC blocked 117ms
D/dalvikvm(  317): WAIT_FOR_CONCURRENT_GC blocked 124ms
D/dalvikvm(  317): WAIT_FOR_CONCURRENT_GC blocked 127ms
D/dalvikvm(  317): WAIT_FOR_CONCURRENT_GC blocked 168ms
E/Trace   (  542): error opening trace file: No such file or directory (2)
E/Trace   (  561): error opening trace file: No such file or directory (2)
V/TAG     (  317): bug 7643792: fitSystemWindows([0,0][0,0])
W/Settings(  462): Setting airplane_mode_on has moved from android.provider.Settings.System to android.provider.Settings.Global, returning read-only value.
W/Settings(  462): Setting auto_time has moved from android.provider.Settings.System to android.provider.Settings.Global, returning read-only global URI.
W/Settings(  462): Setting auto_time_zone has moved from android.provider.Settings.System to android.provider.Settings.Global, returning read-only global URI.
I/ActivityManager(  317): Start proc android.process.media for broadcast com.android.providers.downloads/.DownloadReceiver: pid=591 uid=10000 gids={50000, 1015, 1023, 1024, 1028, 1006, 2001, 3003, 3007}
W/ActivityManager(  317): Unable to start service Intent { act=com.android.internal.telephony.IWapPushManager } U=0: not found
V/TAG     (  317): bug 7643792: fitSystemWindows([0,0][0,0])
W/ServiceWatcher(  317): com.google.android.location not found
E/LocationManagerService(  317): no geocoder provider found
W/ActivityManager(  317): Activity idle timeout for ActivityRecord{40f83780 u0 com.android.launcher/com.android.launcher2.Launcher}
D/PhoneStatusBar(  410): disable: < expand icons alerts ticker system_info back home recent clock search >
D/        (  462): [ApnContext:default] set reason as dataEnabled,current state IDLE
D/        (  462): [ApnContext:default] setRetryCount: 0
E/BluetoothAdapter(  317): Bluetooth binder is null
E/BluetoothAdapter(  317): Bluetooth binder is null
V/WiredAccessoryManager(  317): init()
D/        (  462): [ApnContext:mms] set reason as dataEnabled,current state IDLE
D/        (  462): [ApnContext:mms] setRetryCount: 0
D/        (  462): [ApnContext:supl] set reason as dataEnabled,current state IDLE
D/        (  462): [ApnContext:supl] setRetryCount: 0
D/        (  462): [ApnContext:hipri] set reason as dataEnabled,current state IDLE
D/        (  462): [ApnContext:hipri] setRetryCount: 0
D/        (  462): [ApnContext:fota] set reason as dataEnabled,current state IDLE
D/        (  462): [ApnContext:fota] setRetryCount: 0
E/SoundPool(  317): error loading /system/media/audio/ui/Effect_Tick.ogg
W/AudioService(  317): Soundpool could not load file: /system/media/audio/ui/Effect_Tick.ogg
E/SoundPool(  317): error loading /system/media/audio/ui/Effect_Tick.ogg
W/AudioService(  317): Soundpool could not load file: /system/media/audio/ui/Effect_Tick.ogg
E/SoundPool(  317): error loading /system/media/audio/ui/Effect_Tick.ogg
W/AudioService(  317): Soundpool could not load file: /system/media/audio/ui/Effect_Tick.ogg
E/SoundPool(  317): error loading /system/media/audio/ui/Effect_Tick.ogg
W/AudioService(  317): Soundpool could not load file: /system/media/audio/ui/Effect_Tick.ogg
E/SoundPool(  317): error loading /system/media/audio/ui/Effect_Tick.ogg
W/AudioService(  317): Soundpool could not load file: /system/media/audio/ui/Effect_Tick.ogg
E/SoundPool(  317): error loading /system/media/audio/ui/KeypressStandard.ogg
W/AudioService(  317): Soundpool could not load file: /system/media/audio/ui/KeypressStandard.ogg
E/SoundPool(  317): error loading /system/media/audio/ui/KeypressSpacebar.ogg
W/AudioService(  317): Soundpool could not load file: /system/media/audio/ui/KeypressSpacebar.ogg
E/SoundPool(  317): error loading /system/media/audio/ui/KeypressDelete.ogg
W/AudioService(  317): Soundpool could not load file: /system/media/audio/ui/KeypressDelete.ogg
E/SoundPool(  317): error loading /system/media/audio/ui/KeypressReturn.ogg
W/AudioService(  317): Soundpool could not load file: /system/media/audio/ui/KeypressReturn.ogg
W/AudioService(  317): loadSoundEffects(), Error -1 while loading samples
D/        (  462): [ApnContext:ims] set reason as dataEnabled,current state IDLE
D/        (  462): [ApnContext:ims] setRetryCount: 0
D/        (  462): [ApnContext:cbs] set reason as dataEnabled,current state IDLE
D/        (  462): [ApnContext:cbs] setRetryCount: 0
W/WindowManager(  317): Window freeze timeout expired.
W/WindowManager(  317): Force clearing orientation change: Window{40e99798 u0 Keyguard}
D/TelephonyManager(  462): getLteOnCdmaMode=0 curVal=-1 product_type='' lteOnCdmaProductType=''
I/AudioService(  317):   Remote Control   registerMediaButtonIntent() for PendingIntent{41043ae8: PendingIntentRecord{40f607a0 com.android.music broadcastIntent}}
D/dalvikvm(  462): GC_CONCURRENT freed 200K, 10% free 2576K/2832K, paused 7ms+204ms, total 504ms
I/Choreographer(  317): Skipped 474 frames!  The application may be doing too much work on its main thread.
E/SurfaceFlinger(   37): ro.sf.lcd_density must be defined as a build property
D/CallManager(  462): registerPhone(GSM Handler (com.android.internal.telephony.PhoneProxy) {40d03698})
E/BluetoothAdapter(  410): Bluetooth binder is null
E/Trace   (  591): error opening trace file: No such file or directory (2)
D/SystemUIService(  410): loading: class com.android.systemui.power.PowerUI
D/SystemUIService(  410): running: com.android.systemui.power.PowerUI@40e3fb40
E/BluetoothAdapter(  462): Bluetooth binder is null
I/FusedLocation(  533): engine started (com.android.location.fused)
D/dalvikvm(  317): GC_FOR_ALLOC freed 467K, 14% free 5475K/6332K, paused 142ms, total 144ms
I/dalvikvm-heap(  317): Grow heap (frag case) to 6.482MB for 1128976-byte allocation
D/dalvikvm(  317): GC_FOR_ALLOC freed 7K, 12% free 6570K/7436K, paused 1023ms, total 1024ms
D/dalvikvm(  485): GC_CONCURRENT freed 176K, 9% free 2605K/2840K, paused 4ms+24ms, total 791ms
D/SystemUIService(  410): loading: class com.android.systemui.media.RingtonePlayer
D/SystemUIService(  410): running: com.android.systemui.media.RingtonePlayer@40e40e18
W/ActivityManager(  317): Timeout executing service: ServiceRecord{40ebf308 u0 com.android.systemui/.SystemUIService}
I/Process (  317): Sending signal. PID: 410 SIG: 3
I/dalvikvm(  410): threadid=3: reacting to signal 3
D/dalvikvm(  317): GC_CONCURRENT freed 37K, 12% free 6590K/7436K, paused 69ms+59ms, total 885ms
I/Choreographer(  317): Skipped 961 frames!  The application may be doing too much work on its main thread.
I/Process (  317): Sending signal. PID: 317 SIG: 3
I/dalvikvm(  317): threadid=3: reacting to signal 3
I/dalvikvm(  410): Wrote stack traces to '/data/anr/traces.txt'
D/dalvikvm(  410): GC_CONCURRENT freed 228K, 7% free 3798K/4084K, paused 4ms+67ms, total 522ms
W/WindowManager(  317): Window freeze timeout expired.
W/WindowManager(  317): Force clearing orientation change: Window{40e99798 u0 Keyguard}
I/dalvikvm(  317): Wrote stack traces to '/data/anr/traces.txt'
I/Process (  317): Sending signal. PID: 462 SIG: 3
I/dalvikvm(  462): threadid=3: reacting to signal 3
I/dalvikvm(  462): Wrote stack traces to '/data/anr/traces.txt'
D/dalvikvm(  542): GC_CONCURRENT freed 213K, 10% free 2591K/2860K, paused 289ms+2ms, total 1230ms
D/dalvikvm(  317): GC_CONCURRENT freed 51K, 12% free 6607K/7436K, paused 7ms+255ms, total 1428ms
I/Choreographer(  317): Skipped 120 frames!  The application may be doing too much work on its main thread.
V/TAG     (  317): bug 7643792: fitSystemWindows([0,38][0,0])
D/dalvikvm(  485): GC_FOR_ALLOC freed 56K, 4% free 2856K/2968K, paused 432ms, total 450ms
I/dalvikvm-heap(  485): Grow heap (frag case) to 4.213MB for 1440016-byte allocation
I/Choreographer(  317): Skipped 65 frames!  The application may be doing too much work on its main thread.
D/dalvikvm(  485): GC_CONCURRENT freed 12K, 3% free 4250K/4376K, paused 3ms+83ms, total 113ms
D/dalvikvm(  317): GC_EXPLICIT freed 1406K, 25% free 5619K/7436K, paused 77ms+114ms, total 621ms
I/Choreographer(  410): Skipped 6547 frames!  The application may be doing too much work on its main thread.
E/BluetoothAdapter(  462): Bluetooth binder is null
D/dalvikvm(  317): GREF has increased to 401
I/Process (  317): Sending signal. PID: 485 SIG: 3
I/dalvikvm(  485): threadid=3: reacting to signal 3
I/Process (  317): Sending signal. PID: 591 SIG: 3
