I/ActivityManager(  322): Config changes=1480 {1.0 310mcc260mnc en_US ldltr sw320dp w533dp h294dp 240dpi nrml long land finger -keyb/v/h tball/v s.7}
I/InputReader(  322): Reconfiguring input devices.  changes=0x00000004
I/InputReader(  322): Device reconfigured: id=0, name='qwerty2', size 480x800, orientation 1, mode 1, display id 0
D/dalvikvm( 1162): GC_CONCURRENT freed 374K, 11% free 3547K/3980K, paused 5ms+28ms, total 71ms
D/dalvikvm(  747): GC_FOR_ALLOC freed 9071K, 6% free 3904K/4132K, paused 126ms, total 130ms
I/dalvikvm-heap(  747): Grow heap (frag case) to 9.977MB for 6410576-byte allocation
D/dalvikvm(  747): GC_FOR_ALLOC freed 3K, 3% free 10161K/10396K, paused 56ms, total 56ms
D/dalvikvm(  747): GC_CONCURRENT freed <1K, 3% free 10161K/10396K, paused 3ms+4ms, total 37ms
D/dalvikvm( 1162): GC_FOR_ALLOC freed 13K, 9% free 3634K/3980K, paused 50ms, total 101ms
I/dalvikvm-heap( 1162): Grow heap (frag case) to 4.209MB for 635812-byte allocation
D/dalvikvm( 1162): GC_FOR_ALLOC freed 1K, 8% free 4253K/4604K, paused 43ms, total 43ms
D/dalvikvm( 1162): GC_CONCURRENT freed 2K, 8% free 4269K/4604K, paused 3ms+25ms, total 91ms
I/Choreographer( 1162): Skipped 157 frames!  The application may be doing too much work on its main thread.
E/SurfaceFlinger(   37): ro.sf.lcd_density must be defined as a build property
I/Choreographer( 1162): Skipped 36 frames!  The application may be doing too much work on its main thread.
V/AndroidRipperService( 1097): send()
I/System.out( 1097): {"type":"ACK","index":"10"}
V/RipperService( 1097): DSC
V/AndroidRipperService( 1097): mHandler.handleMessage() RECIVED
V/AndroidRipperService( 1097): broadcast()
V/AndroidRipperService( 1097): broadcast() done
V/        ( 1097): ready
I/AndroidRipper( 1162): Recived message: DSC
V/RipperTestCase( 1162): DSC : de.freewarepoint.whohasmystuff
D/dalvikvm(  747): GC_FOR_ALLOC freed <1K, 3% free 10161K/10396K, paused 99ms, total 99ms
I/dalvikvm-heap(  747): Grow heap (frag case) to 12.672MB for 2828816-byte allocation
D/dalvikvm(  747): GC_CONCURRENT freed 0K, 2% free 12924K/13160K, paused 4ms+51ms, total 143ms
D/dalvikvm(  747): WAIT_FOR_CONCURRENT_GC blocked 128ms
I/AndroidRipper( 1162): [SimpleExtractor] Found widget: id=-1 (android.widget.LinearLayout{40e39ab8 V.E..... ......I. 0,0-800,480})
I/AndroidRipper( 1162): [SimpleExtractor] Found widget: id=16909145 (com.android.internal.widget.ActionBarContainer{40e3a698 V.ED.... ......I. 0,38-800,98 #1020359 android:id/action_bar_container})
I/AndroidRipper( 1162): [SimpleExtractor] Found widget: id=16909146 (com.android.internal.widget.ActionBarView{40e3da10 V.E..... ......I. 0,0-800,60 #102035a android:id/action_bar})
I/AndroidRipper( 1162): [SimpleExtractor] Found widget: id=-1 (android.widget.LinearLayout{40e441a8 V.....C. ......I. 13,0-290,60})
I/AndroidRipper( 1162): [SimpleExtractor] Found widget: id=-1 (com.android.internal.widget.ActionBarView$HomeView{40e458e8 V.E..... ......I. 0,0-60,60})
I/AndroidRipper( 1162): [SimpleExtractor] Found widget: id=16908870 (android.widget.ImageView{40e05be8 G.ED.... ......I. 0,0-0,0 #1020246 android:id/up})
I/AndroidRipper( 1162): [SimpleExtractor] Found widget: id=16908332 (android.widget.ImageView{40df18d0 V.ED.... ......I. 6,6-54,54 #102002c android:id/home})
I/AndroidRipper( 1162): [SimpleExtractor] Found widget: id=-1 (android.widget.LinearLayout{40e12f90 V.E..... ......I. 60,0-277,60})
I/AndroidRipper( 1162): [SimpleExtractor] Found widget: id=16908870 (android.widget.ImageView{40e37030 G.ED.... ......I. 0,0-0,0 #1020246 android:id/up})
I/AndroidRipper( 1162): [SimpleExtractor] Found widget: id=-1 (android.widget.LinearLayout{40e38010 V.E..... ......I. 0,13-205,46})
I/AndroidRipper( 1162): [SimpleExtractor] Found widget: id=16908877 (android.widget.TextView{40d05fc0 V.ED.... ......I. 0,0-205,33 #102024d android:id/action_bar_title})
I/AndroidRipper( 1162): [SimpleExtractor] Found widget: id=16908878 (android.widget.TextView{40df07a0 G.ED.... ......I. 0,0-0,0 #102024e android:id/action_bar_subtitle})
I/AndroidRipper( 1162): [SimpleExtractor] Found widget: id=-1 (com.android.internal.view.menu.ActionMenuView{40d317e8 V.ED.... ......ID 800,0-800,60})
I/AndroidRipper( 1162): [SimpleExtractor] Found widget: id=16909147 (com.android.internal.widget.ActionBarContextView{40dfd160 G.E..... ......ID 0,0-0,0 #102035b android:id/action_context_bar})
I/AndroidRipper( 1162): [SimpleExtractor] Found widget: id=16908290 (android.widget.FrameLayout{40ce9d78 V.E..... ......I. 0,98-800,480 #1020002 android:id/content})
I/AndroidRipper( 1162): [SimpleExtractor] Found widget: id=-1 (android.widget.LinearLayout{40e02b10 V.E..... ......I. 0,0-800,382})
I/AndroidRipper( 1162): [SimpleExtractor] Found widget: id=16908298 (android.widget.ListView{40df3750 VFED.VCL .F....I. 0,0-800,382 #102000a android:id/list})
I/AndroidRipper( 1162): [SimpleExtractor] Found widget: id=-1 (android.widget.LinearLayout{40df1ac8 V.E..... ..S...I. 0,0-800,96})
I/AndroidRipper( 1162): [SimpleExtractor] Found widget: id=-1 (android.widget.LinearLayout{40dfe4e0 V.E..... ..S...I. 9,9-530,87})
I/AndroidRipper( 1162): [SimpleExtractor] Found widget: id=2131165201 (android.widget.TextView{40dfee18 V.ED.... ..S...I. 0,0-521,39 #7f070011 app:id/toptext})
I/AndroidRipper( 1162): [SimpleExtractor] Found widget: id=2131165202 (android.widget.TextView{40d098b8 V.ED.... ..S...I. 0,39-521,78 #7f070012 app:id/bottomtext})
I/AndroidRipper( 1162): [SimpleExtractor] Found widget: id=-1 (android.widget.LinearLayout{40defd00 V.E..... ..S...I. 530,9-791,87})
I/AndroidRipper( 1162): [SimpleExtractor] Found widget: id=2131165203 (android.widget.TextView{40df49a0 V.ED.... ..S...I. 0,0-261,78 #7f070013 app:id/date})
I/AndroidRipper( 1162): [SimpleExtractor] Found widget: id=-1 (android.widget.LinearLayout{40dff6e0 V.E..... ......I. 0,97-800,193})
I/AndroidRipper( 1162): [SimpleExtractor] Found widget: id=-1 (android.widget.LinearLayout{40e01528 V.E..... ......I. 9,9-530,87})
I/AndroidRipper( 1162): [SimpleExtractor] Found widget: id=2131165201 (android.widget.TextView{40d1d128 V.ED.... ......I. 0,0-521,39 #7f070011 app:id/toptext})
I/AndroidRipper( 1162): [SimpleExtractor] Found widget: id=2131165202 (android.widget.TextView{40df5bd8 V.ED.... ......I. 0,39-521,78 #7f070012 app:id/bottomtext})
I/AndroidRipper( 1162): [SimpleExtractor] Found widget: id=-1 (android.widget.LinearLayout{40df78f8 V.E..... ......I. 530,9-791,87})
I/AndroidRipper( 1162): [SimpleExtractor] Found widget: id=2131165203 (android.widget.TextView{40e3e790 V.ED.... ......I. 0,0-261,78 #7f070013 app:id/date})
I/AndroidRipper( 1162): [SimpleExtractor] Found widget: id=16909148 (com.android.internal.widget.ActionBarContainer{40e00b70 G.ED.... ......I. 0,0-0,0 #102035c android:id/split_action_bar})
I/AndroidRipper( 1162): [SimpleExtractor] Found widget: id=-1 (com.android.internal.policy.impl.PhoneWindow$DecorView{40e39370 V.E..... R.....I. 0,0-800,480})
W/WindowManager(  322): Window freeze timeout expired.
W/WindowManager(  322): Force clearing orientation change: Window{40ec52c8 u0 StatusBar}
W/WindowManager(  322): Force clearing orientation change: Window{40f26cc8 u0 com.android.systemui.ImageWallpaper}
I/ARMAssembler(   37): generated scanline__00000077:03515104_00008001_00000000 [113 ipp] (134 ins) at [0x40973620:0x40973838] in 678000 ns
I/Choreographer(  747): Skipped 62 frames!  The application may be doing too much work on its main thread.
V/AndroidRipperService( 1097): send()
I/System.out( 1097): {"type":"DSC","xml":"<activity title=\"Who Has My Stuff?\" name=\"ListLentObjects\" class=\"de.freewarepoint.whohasmystuff.ListLentObjects\" menu=\"TRUE\" keypress=\"FALSE\" longkeypress=\"FALSE\" tab_activity=\"FALSE\" tab_count=\"0\" id=\"\" uid=\"\" root_activity=\"TRUE\">\n  <widget id=\"-1\" class=\"android.widget.LinearLayout\" simple_type=\"linearLayout\" name=\"\" count=\"3\" index=\"0\" enabled=\"TRUE\" visible=\"TRUE\" p_id=\"-1\" p_name=\"\" p_type=\"com.android.internal.policy.impl.PhoneWindow.DecorView\" ancestor_id=\"\" ancestor_type=\"null\"\/>\n  <widget id=\"16909145\" class=\"com.android.internal.widget.ActionBarContainer\" simple_type=\"\" r_id=\"action_bar_container\" name=\"\" count=\"2\" index=\"1\" enabled=\"TRUE\" visible=\"TRUE\" p_id=\"-1\" p_name=\"\" p_type=\"android.widget.LinearLayout\" ancestor_id=\"\" ancestor_type=\"null\"\/>\n  <widget id=\"16909146\" class=\"com.android.internal.widget.ActionBarView\" simple_type=\"\" r_id=\"action_bar\" name=\"\" count=\"2\" index=\"2\" enabled=\"TRUE\" visible=\"TRUE\" p_id=\"16909145\" p_name=\"\" p_type=\"com.android.internal.widget.ActionBarContainer\" ancestor_id=\"\" ancestor_type=\"\"\/>\n  <widget id=\"-1\" class=\"android.widget.LinearLayout\" simple_type=\"linearLayout\" name=\"\" count=\"2\" index=\"3\" enabled=\"FALSE\" visible=\"TRUE\" p_id=\"16909146\" p_name=\"\" p_type=\"com.android.internal.widget.ActionBarView\" ancestor_id=\"\" ancestor_type=\"\"\/>\n  <widget id=\"-1\" class=\"com.android.internal.widget.ActionBarView.HomeView\" simple_type=\"\" name=\"\" count=\"2\" index=\"4\" enabled=\"TRUE\" visible=\"TRUE\" p_id=\"-1\" p_name=\"\" p_type=\"android.widget.LinearLayout\" ancestor_id=\"16909146\" ancestor_type=\"com.android.internal.widget.ActionBarView\"\/>\n  <widget id=\"16908870\" class=\"android.widget.ImageView\" simple_type=\"image\" r_id=\"up\" name=\"\" index=\"5\" enabled=\"TRUE\" visible=\"FALSE\" p_id=\"-1\" p_name=\"\" p_type=\"com.android.internal.widget.ActionBarView.HomeView\" ancestor_id=\"16909146\" ancestor_type=\"com.android.internal.widget.ActionBarView\"\/>\n  <widget id=\"16908332\" class=\"android.widget.ImageView\" simple_type=\"image\" r_id=\"home\" name=\"\" index=\"6\" enabled=\"TRUE\" visible=\"TRUE\" p_id=\"-1\" p_name=\"\" p_type=\"com.android.internal.widget.ActionBarView.HomeView\" ancestor_id=\"16909146\" ancestor_type=\"com.android.internal.widget.ActionBarView\"\/>\n  <widget id=\"-1\" class=\"android.widget.LinearLayout\" simple_type=\"linearLayout\" name=\"\" count=\"2\" index=\"7\" enabled=\"TRUE\" visible=\"TRUE\" p_id=\"-1\" p_name=\"\" p_type=\"android.widget.LinearLayout\" ancestor_id=\"16909146\" ancestor_type=\"com.android.internal.widget.ActionBarView\"\/>\n  <widget id=\"16908870\" class=\"android.widget.ImageView\" simple_type=\"image\" r_id=\"up\" name=\"\" index=\"8\" enabled=\"TRUE\" visible=\"FALSE\" p_id=\"-1\" p_name=\"\" p_type=\"android.widget.LinearLayout\" ancestor_id=\"16909146\" ancestor_type=\"com.android.internal.widget.ActionBarView\"\/>\n  <widget id=\"-1\" class=\"android.widget.LinearLayout\" simple_type=\"linearLayout\" name=\"\" count=\"2\" index=\"9\" enabled=\"TRUE\" visible=\"TRUE\" p_id=\"-1\" p_name=\"\" p_type=\"android.widget.LinearLayout\" ancestor_id=\"16909146\" ancestor_type=\"com.android.internal.widget.ActionBarView\"\/>\n  <widget id=\"16908877\" class=\"android.widget.TextView\" simple_type=\"text\" r_id=\"action_bar_title\" text_type=\"0\" name=\"Who Has My Stuff?\" value=\"Who Has My Stuff?\" index=\"10\" enabled=\"TRUE\" visible=\"TRUE\" p_id=\"-1\" p_name=\"\" p_type=\"android.widget.LinearLayout\" ancestor_id=\"16909146\" ancestor_type=\"com.android.internal.widget.ActionBarView\"\/>\n  <widget id=\"16908878\" class=\"android.widget.TextView\" simple_type=\"text\" r_id=\"action_bar_subtitle\" text_type=\"0\" name=\"\" value=\"\" index=\"11\" enabled=\"TRUE\" visible=\"FALSE\" p_id=\"-1\" p_name=\"\" p_type=\"android.widget.LinearLayout\" ancestor_id=\"16909146\" ancestor_type=\"com.android.internal.widget.Action
D/dalvikvm( 1097): GC_CONCURRENT freed 388K, 16% free 2493K/2948K, paused 18ms+2ms, total 62ms
D/dalvikvm( 1097): WAIT_FOR_CONCURRENT_GC blocked 18ms
V/RipperService( 1097): DSC
V/AndroidRipperService( 1097): mHandler.handleMessage() RECIVED
V/AndroidRipperService( 1097): broadcast()
I/AndroidRipper( 1162): Recived message: DSC
V/RipperTestCase( 1162): DSC : de.freewarepoint.whohasmystuff
V/AndroidRipperService( 1097): broadcast() done
V/        ( 1097): ready
I/AndroidRipper( 1162): [SimpleExtractor] Found widget: id=-1 (android.widget.LinearLayout{40e39ab8 V.E..... ......I. 0,0-800,480})
I/AndroidRipper( 1162): [SimpleExtractor] Found widget: id=16909145 (com.android.internal.widget.ActionBarContainer{40e3a698 V.ED.... ......I. 0,38-800,98 #1020359 android:id/action_bar_container})
I/AndroidRipper( 1162): [SimpleExtractor] Found widget: id=16909146 (com.android.internal.widget.ActionBarView{40e3da10 V.E..... ......I. 0,0-800,60 #102035a android:id/action_bar})
I/AndroidRipper( 1162): [SimpleExtractor] Found widget: id=-1 (android.widget.LinearLayout{40e441a8 V.....C. ......I. 13,0-290,60})
I/AndroidRipper( 1162): [SimpleExtractor] Found widget: id=-1 (com.android.internal.widget.ActionBarView$HomeView{40e458e8 V.E..... ......I. 0,0-60,60})
I/AndroidRipper( 1162): [SimpleExtractor] Found widget: id=16908870 (android.widget.ImageView{40e05be8 G.ED.... ......I. 0,0-0,0 #1020246 android:id/up})
I/AndroidRipper( 1162): [SimpleExtractor] Found widget: id=16908332 (android.widget.ImageView{40df18d0 V.ED.... ......I. 6,6-54,54 #102002c android:id/home})
I/AndroidRipper( 1162): [SimpleExtractor] Found widget: id=-1 (android.widget.LinearLayout{40e12f90 V.E..... ......I. 60,0-277,60})
I/AndroidRipper( 1162): [SimpleExtractor] Found widget: id=16908870 (android.widget.ImageView{40e37030 G.ED.... ......I. 0,0-0,0 #1020246 android:id/up})
I/AndroidRipper( 1162): [SimpleExtractor] Found widget: id=-1 (android.widget.LinearLayout{40e38010 V.E..... ......I. 0,13-205,46})
I/AndroidRipper( 1162): [SimpleExtractor] Found widget: id=16908877 (android.widget.TextView{40d05fc0 V.ED.... ......I. 0,0-205,33 #102024d android:id/action_bar_title})
I/AndroidRipper( 1162): [SimpleExtractor] Found widget: id=16908878 (android.widget.TextView{40df07a0 G.ED.... ......I. 0,0-0,0 #102024e android:id/action_bar_subtitle})
I/AndroidRipper( 1162): [SimpleExtractor] Found widget: id=-1 (com.android.internal.view.menu.ActionMenuView{40d317e8 V.ED.... ......ID 800,0-800,60})
I/AndroidRipper( 1162): [SimpleExtractor] Found widget: id=16909147 (com.android.internal.widget.ActionBarContextView{40dfd160 G.E..... ......ID 0,0-0,0 #102035b android:id/action_context_bar})
I/AndroidRipper( 1162): [SimpleExtractor] Found widget: id=16908290 (android.widget.FrameLayout{40ce9d78 V.E..... ......I. 0,98-800,480 #1020002 android:id/content})
I/AndroidRipper( 1162): [SimpleExtractor] Found widget: id=-1 (android.widget.LinearLayout{40e02b10 V.E..... ......I. 0,0-800,382})
I/AndroidRipper( 1162): [SimpleExtractor] Found widget: id=16908298 (android.widget.ListView{40df3750 VFED.VCL .F....I. 0,0-800,382 #102000a android:id/list})
I/AndroidRipper( 1162): [SimpleExtractor] Found widget: id=-1 (android.widget.LinearLayout{40df1ac8 V.E..... ..S...I. 0,0-800,96})
I/AndroidRipper( 1162): [SimpleExtractor] Found widget: id=-1 (android.widget.LinearLayout{40dfe4e0 V.E..... ..S...I. 9,9-530,87})
I/AndroidRipper( 1162): [SimpleExtractor] Found widget: id=2131165201 (android.widget.TextView{40dfee18 V.ED.... ..S...I. 0,0-521,39 #7f070011 app:id/toptext})
I/AndroidRipper( 1162): [SimpleExtractor] Found widget: id=2131165202 (android.widget.TextView{40d098b8 V.ED.... ..S...I. 0,39-521,78 #7f070012 app:id/bottomtext})
I/AndroidRipper( 1162): [SimpleExtractor] Found widget: id=-1 (android.widget.LinearLayout{40defd00 V.E..... ..S...I. 530,9-791,87})
I/AndroidRipper( 1162): [SimpleExtractor] Found widget: id=2131165203 (android.widget.TextView{40df49a0 V.ED.... ..S...I. 0,0-261,78 #7f070013 app:id/date})
I/AndroidRipper( 1162): [SimpleExtractor] Found widget: id=-1 (android.widget.LinearLayout{40dff6e0 V.E..... ......I. 0,97-800,193})
D/dalvikvm( 1162): GC_CONCURRENT freed 495K, 12% free 4324K/4868K, paused 7ms+20ms, total 96ms
I/AndroidRipper( 1162): [SimpleExtractor] Found widget: id=-1 (android.widget.LinearLayout{40e01528 V.E..... ......I. 9,9-530,87})
I/AndroidRipper( 1162): [SimpleExtractor] Found widget: id=2131165201 (android.widget.TextView{40d1d128 V.ED.... ......I. 0,0-521,39 #7f070011 app:id/toptext})
I/AndroidRipper( 1162): [SimpleExtractor] Found widget: id=2131165202 (android.widget.TextView{40df5bd8 V.ED.... ......I. 0,39-521,78 #7f070012 app:id/bottomtext})
I/AndroidRipper( 1162): [SimpleExtractor] Found widget: id=-1 (android.widget.LinearLayout{40df78f8 V.E..... ......I. 530,9-791,87})
I/AndroidRipper( 1162): [SimpleExtractor] Found widget: id=2131165203 (android.widget.TextView{40e3e790 V.ED.... ......I. 0,0-261,78 #7f070013 app:id/date})
I/AndroidRipper( 1162): [SimpleExtractor] Found widget: id=16909148 (com.android.internal.widget.ActionBarContainer{40e00b70 G.ED.... ......I. 0,0-0,0 #102035c android:id/split_action_bar})
I/AndroidRipper( 1162): [SimpleExtractor] Found widget: id=-1 (com.android.internal.policy.impl.PhoneWindow$DecorView{40e39370 V.E..... R.....I. 0,0-800,480})
V/AndroidRipperService( 1097): send()
I/System.out( 1097): {"type":"DSC","xml":"<activity title=\"Who Has My Stuff?\" name=\"ListLentObjects\" class=\"de.freewarepoint.whohasmystuff.ListLentObjects\" menu=\"TRUE\" keypress=\"FALSE\" longkeypress=\"FALSE\" tab_activity=\"FALSE\" tab_count=\"0\" id=\"\" uid=\"\" root_activity=\"TRUE\">\n  <widget id=\"-1\" class=\"android.widget.LinearLayout\" simple_type=\"linearLayout\" name=\"\" count=\"3\" index=\"0\" enabled=\"TRUE\" visible=\"TRUE\" p_id=\"-1\" p_name=\"\" p_type=\"com.android.internal.policy.impl.PhoneWindow.DecorView\" ancestor_id=\"\" ancestor_type=\"null\"\/>\n  <widget id=\"16909145\" class=\"com.android.internal.widget.ActionBarContainer\" simple_type=\"\" r_id=\"action_bar_container\" name=\"\" count=\"2\" index=\"1\" enabled=\"TRUE\" visible=\"TRUE\" p_id=\"-1\" p_name=\"\" p_type=\"android.widget.LinearLayout\" ancestor_id=\"\" ancestor_type=\"null\"\/>\n  <widget id=\"16909146\" class=\"com.android.internal.widget.ActionBarView\" simple_type=\"\" r_id=\"action_bar\" name=\"\" count=\"2\" index=\"2\" enabled=\"TRUE\" visible=\"TRUE\" p_id=\"16909145\" p_name=\"\" p_type=\"com.android.internal.widget.ActionBarContainer\" ancestor_id=\"\" ancestor_type=\"\"\/>\n  <widget id=\"-1\" class=\"android.widget.LinearLayout\" simple_type=\"linearLayout\" name=\"\" count=\"2\" index=\"3\" enabled=\"FALSE\" visible=\"TRUE\" p_id=\"16909146\" p_name=\"\" p_type=\"com.android.internal.widget.ActionBarView\" ancestor_id=\"\" ancestor_type=\"\"\/>\n  <widget id=\"-1\" class=\"com.android.internal.widget.ActionBarView.HomeView\" simple_type=\"\" name=\"\" count=\"2\" index=\"4\" enabled=\"TRUE\" visible=\"TRUE\" p_id=\"-1\" p_name=\"\" p_type=\"android.widget.LinearLayout\" ancestor_id=\"16909146\" ancestor_type=\"com.android.internal.widget.ActionBarView\"\/>\n  <widget id=\"16908870\" class=\"android.widget.ImageView\" simple_type=\"image\" r_id=\"up\" name=\"\" index=\"5\" enabled=\"TRUE\" visible=\"FALSE\" p_id=\"-1\" p_name=\"\" p_type=\"com.android.internal.widget.ActionBarView.HomeView\" ancestor_id=\"16909146\" ancestor_type=\"com.android.internal.widget.ActionBarView\"\/>\n  <widget id=\"16908332\" class=\"android.widget.ImageView\" simple_type=\"image\" r_id=\"home\" name=\"\" index=\"6\" enabled=\"TRUE\" visible=\"TRUE\" p_id=\"-1\" p_name=\"\" p_type=\"com.android.internal.widget.ActionBarView.HomeView\" ancestor_id=\"16909146\" ancestor_type=\"com.android.internal.widget.ActionBarView\"\/>\n  <widget id=\"-1\" class=\"android.widget.LinearLayout\" simple_type=\"linearLayout\" name=\"\" count=\"2\" index=\"7\" enabled=\"TRUE\" visible=\"TRUE\" p_id=\"-1\" p_name=\"\" p_type=\"android.widget.LinearLayout\" ancestor_id=\"16909146\" ancestor_type=\"com.android.internal.widget.ActionBarView\"\/>\n  <widget id=\"16908870\" class=\"android.widget.ImageView\" simple_type=\"image\" r_id=\"up\" name=\"\" index=\"8\" enabled=\"TRUE\" visible=\"FALSE\" p_id=\"-1\" p_name=\"\" p_type=\"android.widget.LinearLayout\" ancestor_id=\"16909146\" ancestor_type=\"com.android.internal.widget.ActionBarView\"\/>\n  <widget id=\"-1\" class=\"android.widget.LinearLayout\" simple_type=\"linearLayout\" name=\"\" count=\"2\" index=\"9\" enabled=\"TRUE\" visible=\"TRUE\" p_id=\"-1\" p_name=\"\" p_type=\"android.widget.LinearLayout\" ancestor_id=\"16909146\" ancestor_type=\"com.android.internal.widget.ActionBarView\"\/>\n  <widget id=\"16908877\" class=\"android.widget.TextView\" simple_type=\"text\" r_id=\"action_bar_title\" text_type=\"0\" name=\"Who Has My Stuff?\" value=\"Who Has My Stuff?\" index=\"10\" enabled=\"TRUE\" visible=\"TRUE\" p_id=\"-1\" p_name=\"\" p_type=\"android.widget.LinearLayout\" ancestor_id=\"16909146\" ancestor_type=\"com.android.internal.widget.ActionBarView\"\/>\n  <widget id=\"16908878\" class=\"android.widget.TextView\" simple_type=\"text\" r_id=\"action_bar_subtitle\" text_type=\"0\" name=\"\" value=\"\" index=\"11\" enabled=\"TRUE\" visible=\"FALSE\" p_id=\"-1\" p_name=\"\" p_type=\"android.widget.LinearLayout\" ancestor_id=\"16909146\" ancestor_type=\"com.android.internal.widget.Action
V/RipperService( 1097): COVER
V/AndroidRipperService( 1097): mHandler.handleMessage() RECIVED
V/AndroidRipperService( 1097): broadcast()
I/AndroidRipper( 1162): Recived message: COVER
V/RipperTestCase( 1162): Dumping coverage data!
V/RipperTestCase( 1162): Dumping coverage data!
V/AndroidRipperService( 1097): broadcast() done
V/        ( 1097): ready
I/System.out( 1162): EMMA: runtime coverage data written to [/data/data/de.freewarepoint.whohasmystuff/coverage1483292712836.ec] {in 52 ms}
V/AndroidRipperService( 1097): send()
I/System.out( 1097): {"type":"ACK","index":"16"}
V/RipperService( 1097): END
V/AndroidRipperService( 1097): mHandler.handleMessage() RECIVED
V/AndroidRipperService( 1097): broadcast()
I/AndroidRipper( 1162): Recived message: END
V/AndroidRipperService( 1097): broadcast() done
V/        ( 1097): ready
V/SERVER  ( 1097): ServerSocket on PORT 8888: offline
V/AndroidRipperService( 1097): mHandler.handleMessage() DISCONNECTED
V/SERVER  ( 1097): Ready to accept connections on port: 8888
D/dalvikvm(  322): GC_EXPLICIT freed 339K, 24% free 5940K/7752K, paused 4ms+31ms, total 269ms
V/AndroidRipperService( 1097): unregister()
W/WindowManager(  322): Failure taking screenshot for (236x394) to layer 21010
V/AndroidRipperService( 1097): unregister()
W/SurfaceFlinger(   37): createScreenshotSurface failed (Function not implemented)
I/ActivityManager(  322): Config changes=1480 {1.0 310mcc260mnc en_US ldltr sw320dp w320dp h508dp 240dpi nrml long port finger -keyb/v/h tball/v s.8}
I/InputReader(  322): Reconfiguring input devices.  changes=0x00000004
I/InputReader(  322): Device reconfigured: id=0, name='qwerty2', size 480x800, orientation 0, mode 1, display id 0
W/ActivityManager(  322): Duplicate finish request for ActivityRecord{40e53930 u0 de.freewarepoint.whohasmystuff/.ListLentObjects}
D/dalvikvm(  747): GC_FOR_ALLOC freed 9040K, 6% free 3902K/4132K, paused 152ms, total 154ms
E/SurfaceFlinger(   37): ro.sf.lcd_density must be defined as a build property
I/dalvikvm-heap(  747): Grow heap (frag case) to 9.975MB for 6410576-byte allocation
D/dalvikvm( 1162): JIT unchain all for threadid=13
D/dalvikvm(  747): GC_FOR_ALLOC freed 1K, 3% free 10160K/10396K, paused 70ms, total 70ms
W/IInputConnectionWrapper( 1162): showStatusIcon on inactive InputConnection
D/dalvikvm(  747): GC_CONCURRENT freed <1K, 3% free 10161K/10396K, paused 6ms+49ms, total 175ms
D/dalvikvm( 1162): JIT unchain all for threadid=13
D/dalvikvm( 1162): GC_EXPLICIT freed 371K, 13% free 4282K/4868K, paused 341ms+341ms, total 773ms
D/dalvikvm( 1162): JIT unchain all for threadid=13
D/dalvikvm(  747): GC_FOR_ALLOC freed <1K, 3% free 10161K/10396K, paused 40ms, total 40ms
I/dalvikvm-heap(  747): Grow heap (frag case) to 12.672MB for 2828816-byte allocation
D/dalvikvm( 1162): JIT unchain all for threadid=13
D/dalvikvm(  747): GC_CONCURRENT freed 0K, 2% free 12924K/13160K, paused 4ms+15ms, total 57ms
D/dalvikvm(  747): WAIT_FOR_CONCURRENT_GC blocked 51ms
D/dalvikvm( 1162): GC_EXPLICIT freed 5K, 13% free 4278K/4868K, paused 277ms+281ms, total 604ms
D/PolideaInstrumentationTestRunner( 1162): Finished test: testApplication(it.unina.android.ripper.RipperTestCase)
I/TestRunner( 1162): finished: testApplication(it.unina.android.ripper.RipperTestCase)
I/TestRunner( 1162): passed: testApplication(it.unina.android.ripper.RipperTestCase)
I/System.out( 1162): EMMA: runtime coverage data written to [/data/data/de.freewarepoint.whohasmystuff/files/coverage.ec] {in 28 ms}
D/PolideaInstrumentationTestRunner( 1162): Post processing
D/PolideaInstrumentationTestRunner( 1162): Packages: 1
D/PolideaInstrumentationTestRunner( 1162): Processing package package it.unina.android.ripper
D/PolideaInstrumentationTestRunner( 1162): Writing to file /data/data/de.freewarepoint.whohasmystuff/files/it.unina.android.ripper-TEST.xml
D/PolideaInstrumentationTestRunner( 1162): closing file
D/AndroidRuntime( 1145): Shutting down VM
D/dalvikvm( 1145): GC_CONCURRENT freed 99K, 18% free 470K/572K, paused 1ms+1ms, total 9ms
D/jdwp    ( 1145): Got wake-up signal, bailing out of select
D/dalvikvm( 1145): Debugger has detached; object registry had 1 entries
W/WindowManager(  322): Window freeze timeout expired.
W/WindowManager(  322): Force clearing orientation change: Window{40ec52c8 u0 StatusBar}
I/ActivityManager(  322): Force stopping package de.freewarepoint.whohasmystuff appid=10051 user=0
I/ActivityManager(  322): Killing proc 1162:de.freewarepoint.whohasmystuff/u0a10051: force stop de.freewarepoint.whohasmystuff
I/ARMAssembler(   37): generated scanline__00000077:03010104_00008002_00000000 [ 89 ipp] (110 ins) at [0x40973840:0x409739f8] in 525000 ns
I/Choreographer(  747): Skipped 39 frames!  The application may be doing too much work on its main thread.
D/dalvikvm(   38): GC_EXPLICIT freed 74K, 26% free 2358K/3156K, paused 2ms+2ms, total 48ms
W/Resources(   38): Preloaded drawable resource #0x1080276 (android:drawable/fastscroll_label_right_holo_dark) that varies with configuration!!
D/dalvikvm(   38): GC_EXPLICIT freed 50K, 26% free 2357K/3156K, paused 3ms+3ms, total 33ms
W/Resources(   38): Preloaded drawable resource #0x1080280 (android:drawable/fastscroll_track_pressed_holo_light) that varies with configuration!!
W/Resources(   38): Preloaded drawable resource #0x108027c (android:drawable/fastscroll_track_default_holo_light) that varies with configuration!!
W/Resources(   38): Preloaded drawable resource #0x108027c (android:drawable/fastscroll_track_default_holo_light) that varies with configuration!!
W/Resources(   38): Preloaded drawable resource #0x1080280 (android:drawable/fastscroll_track_pressed_holo_light) that varies with configuration!!
W/Resources(   38): Preloaded drawable resource #0x108027c (android:drawable/fastscroll_track_default_holo_light) that varies with configuration!!
W/Resources(   38): Preloaded drawable resource #0x1080275 (android:drawable/fastscroll_label_left_holo_light) that varies with configuration!!
D/dalvikvm(   38): GC_EXPLICIT freed 57K, 26% free 2359K/3156K, paused 2ms+3ms, total 46ms
W/Resources(   38): Preloaded drawable resource #0x1080277 (android:drawable/fastscroll_label_right_holo_light) that varies with configuration!!
D/dalvikvm(   38): GC_EXPLICIT freed 50K, 26% free 2358K/3156K, paused 2ms+3ms, total 30ms
W/Resources(   38): Preloaded drawable resource #0x1080259 (android:drawable/editbox_dropdown_background_dark) that varies with configuration!!
W/Resources(   38): Preloaded drawable resource #0x10805f8 (android:drawable/textfield_search_selected_holo_dark) that varies with configuration!!
W/Resources(   38): Preloaded drawable resource #0x10805ec (android:drawable/textfield_search_default_holo_dark) that varies with configuration!!
W/Resources(   38): Preloaded drawable resource #0x10805ec (android:drawable/textfield_search_default_holo_dark) that varies with configuration!!
W/Resources(   38): Preloaded drawable resource #0x10805f5 (android:drawable/textfield_search_right_selected_holo_dark) that varies with configuration!!
W/Resources(   38): Preloaded drawable resource #0x10805f3 (android:drawable/textfield_search_right_default_holo_dark) that varies with configuration!!
W/Resources(   38): Preloaded drawable resource #0x10805f3 (android:drawable/textfield_search_right_default_holo_dark) that varies with configuration!!
W/Resources(   38): Preloaded drawable resource #0x10805f9 (android:drawable/textfield_search_selected_holo_light) that varies with configuration!!
W/Resources(   38): Preloaded drawable resource #0x10805ed (android:drawable/textfield_search_default_holo_light) that varies with configuration!!
W/Resources(   38): Preloaded drawable resource #0x10805ed (android:drawable/textfield_search_default_holo_light) that varies with configuration!!
W/Resources(   38): Preloaded drawable resource #0x10805f6 (android:drawable/textfield_search_right_selected_holo_light) that varies with configuration!!
W/Resources(   38): Preloaded drawable resource #0x10805f4 (android:drawable/textfield_search_right_default_holo_light) that varies with configuration!!
W/Resources(   38): Preloaded drawable resource #0x10805f4 (android:drawable/textfield_search_right_default_holo_light) that varies with configuration!!
W/Resources(   38): Preloaded drawable resource #0x10805f8 (android:drawable/textfield_search_selected_holo_dark) that varies with configuration!!
W/Resources(   38): Preloaded drawable resource #0x10805ec (android:drawable/textfield_search_default_holo_dark) that varies with configuration!!
W/Resources(   38): Preloaded drawable resource #0x10805f5 (android:drawable/textfield_search_right_selected_holo_dark) that varies with configuration!!
W/Resources(   38): Preloaded drawable resource #0x10805f3 (android:drawable/textfield_search_right_default_holo_dark) that varies with configuration!!
W/Resources(   38): Preloaded drawable resource #0x10805f9 (android:drawable/textfield_search_selected_holo_light) that varies with configuration!!
W/Resources(   38): Preloaded drawable resource #0x10805ed (android:drawable/textfield_search_default_holo_light) that varies with configuration!!
W/Resources(   38): Preloaded drawable resource #0x10805f6 (android:drawable/textfield_search_right_selected_holo_light) that varies with configuration!!
W/Resources(   38): Preloaded drawable resource #0x10805f4 (android:drawable/textfield_search_right_default_holo_light) that varies with configuration!!
D/dalvikvm(   38): GC_EXPLICIT freed 47K, 26% free 2364K/3156K, paused 2ms+7ms, total 46ms
W/Resources(   38): Preloaded drawable resource #0x10805c1 (android:drawable/tab_unselected_holo) that varies with configuration!!
W/Resources(   38): Preloaded drawable resource #0x10805bc (android:drawable/tab_selected_holo) that varies with configuration!!
W/Resources(   38): Preloaded drawable resource #0x10805c0 (android:drawable/tab_unselected_focused_holo) that varies with configuration!!
W/Resources(   38): Preloaded drawable resource #0x10805bb (android:drawable/tab_selected_focused_holo) that varies with configuration!!
W/Resources(   38): Preloaded drawable resource #0x10805c2 (android:drawable/tab_unselected_pressed_holo) that varies with configuration!!
W/Resources(   38): Preloaded drawable resource #0x10805bd (android:drawable/tab_selected_pressed_holo) that varies with configuration!!
W/Resources(   38): Preloaded drawable resource #0x10805c2 (android:drawable/tab_unselected_pressed_holo) that varies with configuration!!
W/Resources(   38): Preloaded drawable resource #0x10805bd (android:drawable/tab_selected_pressed_holo) that varies with configuration!!
W/Resources(   38): Preloaded drawable resource #0x10805bd (android:drawable/tab_selected_pressed_holo) that varies with configuration!!
W/Resources(   38): Preloaded drawable resource #0x10805c1 (android:drawable/tab_unselected_holo) that varies with configuration!!
W/Resources(   38): Preloaded drawable resource #0x10805bc (android:drawable/tab_selected_holo) that varies with configuration!!
W/Resources(   38): Preloaded drawable resource #0x10805c0 (android:drawable/tab_unselected_focused_holo) that varies with configuration!!
W/Resources(   38): Preloaded drawable resource #0x10805bb (android:drawable/tab_selected_focused_holo) that varies with configuration!!
W/Resources(   38): Preloaded drawable resource #0x10805c2 (android:drawable/tab_unselected_pressed_holo) that varies with configuration!!
W/Resources(   38): Preloaded drawable resource #0x10805bd (android:drawable/tab_selected_pressed_holo) that varies with configuration!!
W/Resources(   38): Preloaded drawable resource #0x10804a5 (android:drawable/quickcontact_badge_overlay_pressed_dark) that varies with configuration!!
W/Resources(   38): Preloaded drawable resource #0x10804a0 (android:drawable/quickcontact_badge_overlay_focused_dark) that varies with configuration!!
W/Resources(   38): Preloaded drawable resource #0x10804a3 (android:drawable/quickcontact_badge_overlay_normal_dark) that varies with configuration!!
W/Resources(   38): Preloaded drawable resource #0x10804a3 (android:drawable/quickcontact_badge_overlay_normal_dark) that varies with configuration!!
W/Resources(   38): Preloaded drawable resource #0x10804a3 (android:drawable/quickcontact_badge_overlay_normal_dark) that varies with configuration!!
D/dalvikvm(   38): GC_EXPLICIT freed 56K, 26% free 2365K/3156K, paused 2ms+3ms, total 104ms
W/Resources(   38): Preloaded drawable resource #0x10804a5 (android:drawable/quickcontact_badge_overlay_pressed_dark) that varies with configuration!!
W/Resources(   38): Preloaded drawable resource #0x10804a6 (android:drawable/quickcontact_badge_overlay_pressed_light) that varies with configuration!!
W/Resources(   38): Preloaded drawable resource #0x10804a1 (android:drawable/quickcontact_badge_overlay_focused_light) that varies with configuration!!
W/Resources(   38): Preloaded drawable resource #0x10804a4 (android:drawable/quickcontact_badge_overlay_normal_light) that varies with configuration!!
W/Resources(   38): Preloaded drawable resource #0x10804a4 (android:drawable/quickcontact_badge_overlay_normal_light) that varies with configuration!!
W/Resources(   38): Preloaded drawable resource #0x10804a4 (android:drawable/quickcontact_badge_overlay_normal_light) that varies with configuration!!
W/Resources(   38): Preloaded drawable resource #0x10804a6 (android:drawable/quickcontact_badge_overlay_pressed_light) that varies with configuration!!
I/Zygote  (   38): ...preloaded 270 resources in 9192ms.
D/dalvikvm(   38): GC_EXPLICIT freed 48K, 25% free 2369K/3156K, paused 3ms+3ms, total 140ms
I/Zygote  (   38): ...preloaded 31 resources in 315ms.
D/dalvikvm(   38): GC_EXPLICIT freed 9K, 25% free 2377K/3156K, paused 3ms+46ms, total 91ms
D/dalvikvm(   38): GC_EXPLICIT freed 7K, 25% free 2369K/3156K, paused 3ms+3ms, total 111ms
D/dalvikvm(   38): GC_EXPLICIT freed <1K, 25% free 2369K/3156K, paused 2ms+3ms, total 86ms
I/dalvikvm(   38): System server process 295 has been created
I/Zygote  (   38): Accepting command socket connections
E/BatteryService(  295): usbOnlinePath not found
E/BatteryService(  295): wirelessOnlinePath not found
E/BatteryService(  295): batteryVoltagePath not found
E/BatteryService(  295): batteryTemperaturePath not found
I/sysproc (  295): Entered system_init()
I/sysproc (  295): ServiceManager: 0x2a1a08f0
D/SensorService(  295): nuSensorService starting...
I/SensorService(  295): Goldfish 3-axis Accelerometer
I/SensorService(  295): Goldfish 3-axis Magnetic field sensor
I/SensorService(  295): Goldfish Orientation sensor
I/SensorService(  295): Goldfish Temperature sensor
I/SensorService(  295): Goldfish Proximity sensor
D/SensorService(  295): nuSensorService thread starting...
I/sysproc (  295): System server: starting Android runtime.
I/sysproc (  295): System server: starting Android services.
I/SystemServer(  295): Entered the Android system server!
I/sysproc (  295): System server: entering thread pool.
I/SystemServer(  295): Enabled StrictMode logging for UI Looper
I/SystemServer(  295): Waiting for installd to be ready.
I/Installer(  295): connecting...
I/installd(   41): new connection
I/SystemServer(  295): Entropy Mixer
I/SystemServer(  295): Enabled StrictMode logging for WM Looper
I/SystemServer(  295): Power Manager
E/PowerManagerService-JNI(  295): Couldn't load power module (No such file or directory)
I/SystemServer(  295): Activity Manager
I/ActivityManager(  295): Memory class: 48
W/UsageStats(  295): Usage stats version changed; dropping
I/ActivityManager(  295): Enabled StrictMode logging for AThread's Looper
I/SystemServer(  295): Display Manager
E/SurfaceFlinger(   37): ro.sf.lcd_density must be defined as a build property
I/DisplayManagerService(  295): Display device added: DisplayDeviceInfo{"Built-in Screen": 480 x 800, 260.416 fps, density 240, 240.0 x 240.0 dpi, touch INTERNAL, FLAG_DEFAULT_DISPLAY, FLAG_ROTATES_WITH_CONTENT, FLAG_SECURE, FLAG_SUPPORTS_PROTECTED_BUFFERS, rotation 0, type BUILT_IN, address null}
I/SystemServer(  295): Telephony Registry
I/SystemServer(  295): Scheduling Policy
I/SystemServer(  295): Package Manager
D/dalvikvm(  295): GC_CONCURRENT freed 227K, 10% free 2651K/2936K, paused 6ms+11ms, total 103ms
D/dalvikvm(  295): WAIT_FOR_CONCURRENT_GC blocked 5ms
D/dalvikvm(  295): GC_CONCURRENT freed 259K, 11% free 2783K/3100K, paused 5ms+4ms, total 172ms
W/PackageManager(  295): Running ENG build: no pre-dexopt!
D/dalvikvm(  295): GC_CONCURRENT freed 217K, 9% free 2974K/3248K, paused 4ms+25ms, total 76ms
W/PackageParser(  295): No actions in intent filter at /system/app/Contacts.apk Binary XML file line #533
D/dalvikvm(  295): GC_CONCURRENT freed 208K, 8% free 3187K/3452K, paused 6ms+17ms, total 290ms
D/dalvikvm(  295): GC_CONCURRENT freed 227K, 8% free 3383K/3668K, paused 5ms+15ms, total 120ms
W/PackageManager(  295): Package com.android.camera desires unavailable shared library com.google.android.media.effects; ignoring!
D/PackageManager(  295): No files in app dir /vendor/app
D/dalvikvm(  295): GC_CONCURRENT freed 218K, 8% free 3610K/3888K, paused 5ms+5ms, total 245ms
W/PackageParser(  295): No actions in intent filter at /data/app/ApiDemos.apk Binary XML file line #2737
W/PackageParser(  295): No actions in intent filter at /data/app/ApiDemos.apk Binary XML file line #2743
W/PackageManager(  295): Package com.example.android.apis desires unavailable shared library com.example.will.never.exist; ignoring!
I/PackageParser(  295): net.fercanet.LNM: compat added android.permission.READ_PHONE_STATE
I/PackageManager(  295): Time to scan packages: 5.205 seconds
W/PackageManager(  295): Unknown permission com.google.android.googleapps.permission.GOOGLE_AUTH.mail in package com.android.contacts
W/PackageManager(  295): Unknown permission android.permission.ADD_SYSTEM_SERVICE in package com.android.phone
W/PackageManager(  295): Unknown permission com.android.smspush.WAPPUSH_MANAGER_BIND in package com.android.phone
W/PackageManager(  295): Unknown permission com.google.android.googleapps.permission.GOOGLE_AUTH in package com.android.providers.calendar
W/PackageManager(  295): Unknown permission com.google.android.googleapps.permission.GOOGLE_AUTH.cl in package com.android.providers.calendar
W/PackageManager(  295): Unknown permission com.google.android.googleapps.permission.GOOGLE_AUTH.mail in package com.android.calendar
W/PackageManager(  295): Not granting permission android.permission.SEND_DOWNLOAD_COMPLETED_INTENTS to package com.android.browser (protectionLevel=2 flags=0x9be45)
W/PackageManager(  295): Not granting permission android.permission.BIND_APPWIDGET to package com.android.widgetpreview (protectionLevel=18 flags=0x8be44)
W/PackageManager(  295): Unknown permission com.google.android.googleapps.permission.GOOGLE_AUTH in package com.android.settings
W/PackageManager(  295): Unknown permission com.google.android.gallery3d.permission.GALLERY_PROVIDER in package com.android.exchange
W/PackageManager(  295): Unknown permission com.google.android.googleapps.permission.ACCESS_GOOGLE_PASSWORD in package com.android.development
W/PackageManager(  295): Unknown permission com.google.android.googleapps.permission.GOOGLE_AUTH in package com.android.development
W/PackageManager(  295): Unknown permission com.google.android.googleapps.permission.GOOGLE_AUTH.ALL_SERVICES in package com.android.development
W/PackageManager(  295): Unknown permission com.google.android.googleapps.permission.GOOGLE_AUTH.YouTubeUser in package com.android.development
W/PackageManager(  295): Unknown permission com.google.android.gallery3d.permission.GALLERY_PROVIDER in package com.android.email
W/PackageManager(  295): Not granting permission android.permission.DEVICE_POWER to package com.android.deskclock (protectionLevel=2 flags=0x8be45)
D/dalvikvm(  295): GC_CONCURRENT freed 272K, 8% free 3815K/4144K, paused 4ms+13ms, total 97ms
D/dalvikvm(  295): GC_EXPLICIT freed 282K, 13% free 3711K/4252K, paused 4ms+3ms, total 215ms
I/SystemServer(  295): User Service
I/SystemServer(  295): Account Manager
I/SystemServer(  295): Content Manager
I/SystemServer(  295): System Content Providers
I/SystemServer(  295): Lights Service
I/SystemServer(  295): Battery Service
I/SystemServer(  295): Vibrator Service
I/libsuspend(  295): Selected early suspend
I/libsuspend(  295): Starting early suspend unblocker thread
D/PermissionCache(   37): checking android.permission.ACCESS_SURFACE_FLINGER for uid=1000 => granted (8771 us)
D/SurfaceFlinger(   37): Screen acquired, type=0 flinger=0x2a007318
D/SurfaceFlinger(   37):  screen was previously acquired
I/SystemServer(  295): Alarm Manager
D/AlarmManagerService(  295): Kernel timezone updated to 0 minutes west of GMT
I/SystemServer(  295): Init Watchdog
I/SystemServer(  295): Input Manager
I/InputManager(  295): Initializing input manager, mUseDevInputEventForAudioJack=false
I/SystemServer(  295): Window Manager
E/SoundPool(  295): error loading /system/media/audio/ui/Lock.ogg
W/KeyguardViewMediator(  295): failed to load lock sound from /system/media/audio/ui/Lock.ogg
E/SoundPool(  295): error loading /system/media/audio/ui/Unlock.ogg
W/KeyguardViewMediator(  295): failed to load unlock sound from /system/media/audio/ui/Unlock.ogg
D/dalvikvm(  295): GC_CONCURRENT freed 266K, 9% free 3893K/4252K, paused 4ms+6ms, total 126ms
I/InputManager(  295): Starting input manager
I/SystemServer(  295): No Bluetooh Service (emulator)
I/SystemServer(  295): Input Method Service
W/InputMethodManagerService(  295): Couldn't create dir.: /data/system/inputmethod
I/EventHub(  295): New device: id=1, fd=88, path='/dev/input/event0', name='qwerty2', classes=0x2d, configuration='/system/usr/idc/qwerty2.idc', keyLayout='/system/usr/keylayout/qwerty.kl', keyCharacterMap='/system/usr/keychars/qwerty2.kcm', builtinKeyboard=true, usingSuspendBlockIoctl=false, usingClockIoctl=false
E/EventHub(  295): could not get driver version for /dev/input/mouse0, Not a typewriter
E/EventHub(  295): could not get driver version for /dev/input/mice, Not a typewriter
I/InputReader(  295): Device added: id=-1, name='Virtual', sources=0x00000301
I/InputReader(  295):   Touch device 'qwerty2' could not query the properties of its associated display.  The device will be inoperable until the display size becomes available.
I/InputReader(  295): Device added: id=0, name='qwerty2', sources=0x00011307
E/Trace   (  295): error opening trace file: No such file or directory (2)
I/SystemServer(  295): Accessibility Manager
I/ActivityManager(  295): Config changes=15f8 {1.0 ?mcc?mnc en_US ldltr sw320dp w320dp h508dp 240dpi nrml long port ?uimode ?night finger -keyb/v/h tball/v s.2}
I/InputReader(  295): Reconfiguring input devices.  changes=0x00000004
I/InputReader(  295): Device reconfigured: id=0, name='qwerty2', size 480x800, orientation 0, mode 1, display id 0
I/InputReader(  295): Reconfiguring input devices.  changes=0x00000004
I/InputReader(  295): Device reconfigured: id=0, name='qwerty2', size 480x800, orientation 0, mode 1, display id 0
I/SystemServer(  295): Mount Service
D/MountService(  295): got storage path: /mnt/sdcard description: USB storage primary: true removable: false emulated: false mtpReserve: 0 allowMassStorage: false maxFileSize: 0
D/MountService(  295): addVolumeLocked() StorageVolume [mStorageId=0 mPath=/mnt/sdcard mDescriptionId=17040615 mPrimary=true mRemovable=false mEmulated=false mMtpReserveSpace=0 mAllowMassStorage=false mMaxFileSize=0 mOwner=null]
I/SystemServer(  295): LockSettingsService
I/SystemServer(  295): Device Policy
I/SystemServer(  295): Status Bar
I/SystemServer(  295): Clipboard Service
I/SystemServer(  295): NetworkManagement Service
I/SystemServer(  295): Text Service Manager Service
I/SystemServer(  295): NetworkStats Service
D/dalvikvm(  295): GREF has increased to 201
I/SystemServer(  295): NetworkPolicy Service
I/SystemServer(  295): Wi-Fi P2pService
I/SystemServer(  295): Wi-Fi Service
D/MountService(  295): volume state changed for /mnt/sdcard (null -> unmounted)
I/PackageManager(  295): Updating external media status from unmounted to unmounted
W/MountService(  295): getSecureContainerList() called when storage not mounted
I/PackageManager(  295): No secure containers on sdcard
W/PackageManager(  295): Unknown permission com.google.android.googleapps.permission.GOOGLE_AUTH.mail in package com.android.contacts
W/PackageManager(  295): Unknown permission android.permission.ADD_SYSTEM_SERVICE in package com.android.phone
W/PackageManager(  295): Unknown permission com.android.smspush.WAPPUSH_MANAGER_BIND in package com.android.phone
W/PackageManager(  295): Unknown permission com.google.android.googleapps.permission.GOOGLE_AUTH in package com.android.providers.calendar
W/PackageManager(  295): Unknown permission com.google.android.googleapps.permission.GOOGLE_AUTH.cl in package com.android.providers.calendar
W/PackageManager(  295): Unknown permission com.google.android.googleapps.permission.GOOGLE_AUTH.mail in package com.android.calendar
W/PackageManager(  295): Not granting permission android.permission.SEND_DOWNLOAD_COMPLETED_INTENTS to package com.android.browser (protectionLevel=2 flags=0x89be45)
W/PackageManager(  295): Not granting permission android.permission.BIND_APPWIDGET to package com.android.widgetpreview (protectionLevel=18 flags=0x8be44)
W/PackageManager(  295): Unknown permission com.google.android.googleapps.permission.GOOGLE_AUTH in package com.android.settings
W/PackageManager(  295): Unknown permission com.google.android.gallery3d.permission.GALLERY_PROVIDER in package com.android.exchange
W/PackageManager(  295): Unknown permission com.google.android.googleapps.permission.ACCESS_GOOGLE_PASSWORD in package com.android.development
W/PackageManager(  295): Unknown permission com.google.android.googleapps.permission.GOOGLE_AUTH in package com.android.development
W/PackageManager(  295): Unknown permission com.google.android.googleapps.permission.GOOGLE_AUTH.ALL_SERVICES in package com.android.development
W/PackageManager(  295): Unknown permission com.google.android.googleapps.permission.GOOGLE_AUTH.YouTubeUser in package com.android.development
W/PackageManager(  295): Unknown permission com.google.android.gallery3d.permission.GALLERY_PROVIDER in package com.android.email
W/PackageManager(  295): Not granting permission android.permission.DEVICE_POWER to package com.android.deskclock (protectionLevel=2 flags=0x88be45)
D/dalvikvm(  295): GC_CONCURRENT freed 267K, 8% free 4069K/4400K, paused 45ms+11ms, total 244ms
E/CommandListener(   34): Failed to open /proc/sys/net/ipv6/conf/wlan0/disable_ipv6: No such file or directory
E/WifiStateMachine(  295): Failed to disable IPv6: java.lang.IllegalStateException: command '1 interface ipv6 wlan0 disable' failed with '400 1 Failed to change IPv6 state (No such file or directory)'
I/SystemServer(  295): Connectivity Service
D/ConnectivityService(  295): ConnectivityService starting up
E/MobileDataStateTracker(  295): default: Ignoring feature request because could not acquire PhoneService
E/MobileDataStateTracker(  295): default: Could not enable APN type "default"
I/WifiService(  295): WifiService starting up with Wi-Fi disabled
I/SystemServer(  295): Network Service Discovery Service
D/NsdService(  295): Network service discovery enabled true
I/SystemServer(  295): Throttle Service
I/SystemServer(  295): UpdateLock Service
I/SystemServer(  295): Notification Manager
I/SystemServer(  295): Device Storage Monitor
I/SystemServer(  295): Location Manager
I/SystemServer(  295): Country Detector
I/SystemServer(  295): Search Service
I/SystemServer(  295): DropBox Service
I/SystemServer(  295): Wallpaper Service
I/SystemServer(  295): Audio Service
D/dalvikvm(  295): GC_CONCURRENT freed 318K, 9% free 4219K/4604K, paused 5ms+14ms, total 131ms
I/SystemServer(  295): Dock Observer
W/DockObserver(  295): This kernel does not have dock station support
I/SystemServer(  295): Wired Accessory Manager
W/WiredAccessoryManager(  295): This kernel does not have wired headset support
W/WiredAccessoryManager(  295): This kernel does not have usb audio support
W/WiredAccessoryManager(  295): This kernel does not have HDMI audio support
I/SystemServer(  295): USB Service
I/SystemServer(  295): Serial Service
I/SystemServer(  295): Twilight Service
I/SystemServer(  295): UI Mode Manager Service
I/SystemServer(  295): Backup Service
I/BackupManagerService(  295): Found stale backup journal, scheduling
I/BackupManagerService(  295):   android
I/BackupManagerService(  295):   com.android.browser
I/BackupManagerService(  295):   com.android.calendar
I/BackupManagerService(  295):   com.android.inputmethod.latin
I/BackupManagerService(  295):   com.android.providers.settings
I/BackupManagerService(  295):   com.android.providers.userdictionary
I/BackupManagerService(  295):   com.android.sharedstoragebackup
