I/ActivityManager(  283): Start proc android.process.acore for content provider com.android.providers.userdictionary/.UserDictionaryProvider: pid=460 uid=10001 gids={50001, 3003, 1015, 1028}
D/TelephonyManager(  390): getLteOnCdmaMode=0 curVal=-1 product_type='' lteOnCdmaProductType=''
I/Choreographer(  283): Skipped 233 frames!  The application may be doing too much work on its main thread.
D/CallManager(  390): registerPhone(GSM Handler (com.android.internal.telephony.PhoneProxy) {40d03278})
D/dalvikvm(  375): GC_CONCURRENT freed 269K, 12% free 2498K/2828K, paused 4ms+452ms, total 1587ms
D/dalvikvm(  283): GC_CONCURRENT freed 113K, 11% free 6536K/7300K, paused 35ms+54ms, total 2924ms
E/BluetoothAdapter(  390): Bluetooth binder is null
E/Trace   (  455): error opening trace file: No such file or directory (2)
E/BluetoothAdapter(  390): Bluetooth binder is null
E/Trace   (  460): error opening trace file: No such file or directory (2)
I/DownloadManager(  455): in removeSpuriousFiles
W/ActivityManager(  283): Timeout executing service: ServiceRecord{40e96dd8 u0 com.android.systemui/.SystemUIService}
I/Process (  283): Sending signal. PID: 346 SIG: 3
I/dalvikvm(  346): threadid=3: reacting to signal 3
D/DebugService(  390): DebugService DebugService:
D/TelephonyDebugService(  390): TelephonyDebugService()
I/Process (  283): Sending signal. PID: 283 SIG: 3
I/dalvikvm(  283): threadid=3: reacting to signal 3
W/dalvikvm(  346): threadid=3: spin on suspend #1 threadid=12 (pcf=0)
D/dalvikvm(  346): Temporarily moving tid 449 to fg (was 0)
D/dalvikvm(  346): Temporarily raised priority on tid 449 (10 -> 0)
W/dalvikvm(  346): threadid=3: spin on suspend resolved in 1105 msec
D/dalvikvm(  346): Restored policy of 449 to 0
D/dalvikvm(  346): Restored priority on 449 to 10
D/dalvikvm(  460): GC_CONCURRENT freed 186K, 9% free 2611K/2860K, paused 4ms+4ms, total 570ms
I/dalvikvm(  346): Wrote stack traces to '/data/anr/traces.txt'
D/dalvikvm(  390): GC_CONCURRENT freed 321K, 13% free 2638K/3020K, paused 4ms+2ms, total 180ms
I//system/bin/fsck_msdos(   32): Attempting to allocate 2044 KB for FAT
I//system/bin/fsck_msdos(   32): ** Phase 2 - Check Cluster Chains
I/Process (  283): Sending signal. PID: 390 SIG: 3
I/dalvikvm(  390): threadid=3: reacting to signal 3
I/dalvikvm(  283): Wrote stack traces to '/data/anr/traces.txt'
D/dalvikvm(  401): GC_FOR_ALLOC freed 57K, 4% free 2856K/2972K, paused 76ms, total 91ms
I/dalvikvm-heap(  401): Grow heap (frag case) to 4.218MB for 1440016-byte allocation
D/dalvikvm(  401): GC_FOR_ALLOC freed 12K, 3% free 4250K/4380K, paused 87ms, total 87ms
D/dalvikvm(  401): GC_CONCURRENT freed <1K, 3% free 4250K/4380K, paused 3ms+3ms, total 174ms
I/dalvikvm(  390): Wrote stack traces to '/data/anr/traces.txt'
D/dalvikvm(  390): GC_CONCURRENT freed 12K, 13% free 2656K/3020K, paused 18ms+356ms, total 541ms
W/Settings(  390): Setting auto_time_zone has moved from android.provider.Settings.System to android.provider.Settings.Global, returning read-only value.
E/BluetoothAdapter(  346): Bluetooth binder is null
D/SystemUIService(  346): loading: class com.android.systemui.power.PowerUI
D/SystemUIService(  346): running: com.android.systemui.power.PowerUI@40e5d200
D/SystemUIService(  346): loading: class com.android.systemui.media.RingtonePlayer
D/SystemUIService(  346): running: com.android.systemui.media.RingtonePlayer@40e5de80
D/dalvikvm(  283): GREF has increased to 401
D/CAT     (  390): CatService: Running CAT service. STK app installed:false
D/CAT     (  390): CatService: NEW sInstance
D/dalvikvm(  283): GC_EXPLICIT freed 1536K, 23% free 5676K/7284K, paused 29ms+7ms, total 443ms
D/CAT     (  390): CatService: SIM ready. Reporting STK service running now...
I/Process (  283): Sending signal. PID: 401 SIG: 3
I/dalvikvm(  401): threadid=3: reacting to signal 3
E/ActivityManager(  283): ANR in com.android.systemui
E/ActivityManager(  283): Reason: Executing service com.android.systemui/.SystemUIService
E/ActivityManager(  283): Load: 5.57 / 1.48 / 0.5
E/ActivityManager(  283): CPU usage from 1ms to 8881ms later:
E/ActivityManager(  283):   20% 283/system_server: 12% user + 8.1% kernel / faults: 1653 minor 4 major
E/ActivityManager(  283):   14% 37/surfaceflinger: 11% user + 2.7% kernel
E/ActivityManager(  283):   8.8% 401/com.android.launcher: 6.1% user + 2.6% kernel / faults: 4101 minor
E/ActivityManager(  283):   8.7% 390/com.android.phone: 6% user + 2.6% kernel / faults: 886 minor 6 major
E/ActivityManager(  283):   4.9% 460/android.process.acore: 3.8% user + 1% kernel / faults: 1322 minor
E/ActivityManager(  283):   4.5% 92/bootanimation: 3.3% user + 1.1% kernel
E/ActivityManager(  283):   3.2% 346/com.android.systemui: 2% user + 1.1% kernel / faults: 645 minor 3 major
E/ActivityManager(  283):   2.2% 351/fsck_msdos: 1% user + 1.1% kernel / faults: 2693 minor
E/ActivityManager(  283):   1.3% 455/android.process.media: 0.8% user + 0.5% kernel / faults: 32 minor
E/ActivityManager(  283):   0.2% 36/rild: 0% user + 0.1% kernel / faults: 6 minor
E/ActivityManager(  283):   0.3% 29/mmcqd: 0% user + 0.3% kernel
E/ActivityManager(  283):   0.1% 1//init: 0% user + 0.1% kernel / faults: 9 minor
E/ActivityManager(  283):   0.3% 375/com.android.inputmethod.latin: 0.2% user + 0.1% kernel / faults: 153 minor 1 major
E/ActivityManager(  283): 100% TOTAL: 66% user + 32% kernel + 0.1% irq + 0.1% softirq
E/ActivityManager(  283): CPU usage from 6953ms to 7805ms later:
E/ActivityManager(  283):   23% 283/system_server: 12% user + 10% kernel / faults: 69 minor
E/ActivityManager(  283):     16% 300/ActivityManager: 8.7% user + 7.6% kernel
E/ActivityManager(  283):     7.6% 496/Binder_7: 4.3% user + 3.2% kernel
E/ActivityManager(  283):     6.5% 294/Binder_1: 3.2% user + 3.2% kernel
E/ActivityManager(  283):     5.4% 315/er$SensorThread: 5.4% user + 0% kernel
E/ActivityManager(  283):     5.4% 451/Binder_5: 5.4% user + 0% kernel
E/ActivityManager(  283):     4.3% 310/PowerManagerSer: 1% user + 3.2% kernel
E/ActivityManager(  283):     4.3% 423/Binder_4: 1% user + 3.2% kernel
E/ActivityManager(  283):     2.1% 289/Compiler: 2.1% user + 0% kernel
E/ActivityManager(  283):     2.1% 489/Binder_6: 2.1% user + 0% kernel
E/ActivityManager(  283):     1% 422/Binder_3: 1% user + 0% kernel
E/ActivityManager(  283):     1% 497/Binder_8: 0% user + 1% kernel
E/ActivityManager(  283):   13% 37/surfaceflinger: 10% user + 2.4% kernel
E/ActivityManager(  283):     12% 73/SurfaceFlinger: 12% user + 0% kernel
E/ActivityManager(  283):     1.2% 37/surfaceflinger: 1.2% user + 0% kernel
E/ActivityManager(  283):     1.2% 87/VSyncThread: 0% user + 1.2% kernel
E/ActivityManager(  283):     1.2% 90/EventThread: 0% user + 1.2% kernel
E/ActivityManager(  283):   6.5% 401/com.android.launcher: 5% user + 1.4% kernel / faults: 579 minor
E/ActivityManager(  283):     6.5% 401/ndroid.launcher: 5% user + 1.4% kernel
E/ActivityManager(  283):   8% 390/com.android.phone: 7% user + 1% kernel / faults: 49 minor
E/ActivityManager(  283):     9% 390/m.android.phone: 7% user + 2% kernel
E/ActivityManager(  283):     3% 447/RILReceiver: 3% user + 0% kernel
E/ActivityManager(  283):     2% 398/Compiler: 2% user + 0% kernel
E/ActivityManager(  283):     1% 446/RILSender: 0% user + 1% kernel
E/ActivityManager(  283):   5.6% 92/bootanimation: 4.4% user + 1.1% kernel
E/ActivityManager(  283):     4.4% 113/BootAnimation: 3.3% user + 1.1% kernel
E/ActivityManager(  283):   2.3% 36/rild: 0% user + 2.3% kernel
E/ActivityManager(  283):     1.1% 94/rild: 0% user + 1.1% kernel
E/ActivityManager(  283):     1.1% 97/rild: 0% user + 1.1% kernel
E/ActivityManager(  283): 100% TOTAL: 64% user + 35% kernel
W/ActivityManager(  283): Killing ProcessRecord{40e509e8 346:com.android.systemui/u0a10034}: background ANR
D/MccTable(  390): updateMccMncConfiguration: mcc=310, mnc=260
D/TelephonyManager(  390): getLteOnCdmaMode=0 curVal=-1 product_type='' lteOnCdmaProductType=''
D/MccTable(  390): locale set to en_us
D/MccTable(  390): WIFI_COUNTRY_CODE set to us
I/dalvikvm(  401): Wrote stack traces to '/data/anr/traces.txt'
D/dalvikvm(  390): GC_CONCURRENT freed 293K, 12% free 2774K/3128K, paused 3ms+130ms, total 528ms
D/dalvikvm(  283): GC_CONCURRENT freed 341K, 16% free 6162K/7284K, paused 32ms+71ms, total 881ms
D/dalvikvm(  283): WAIT_FOR_CONCURRENT_GC blocked 200ms
D/dalvikvm(  283): WAIT_FOR_CONCURRENT_GC blocked 657ms
D/dalvikvm(  283): WAIT_FOR_CONCURRENT_GC blocked 620ms
D/dalvikvm(  283): WAIT_FOR_CONCURRENT_GC blocked 427ms
D/dalvikvm(  283): WAIT_FOR_CONCURRENT_GC blocked 258ms
D/dalvikvm(  283): WAIT_FOR_CONCURRENT_GC blocked 773ms
D/dalvikvm(  283): WAIT_FOR_CONCURRENT_GC blocked 476ms
I/WifiService(  283): WifiService trying to set country code to us with persist set to true
I/ActivityManager(  283): Config changes=1403 {1.0 310mcc260mnc en_US ldltr sw320dp w320dp h508dp 240dpi nrml long port finger -keyb/v/h tball/v s.4}
E/JavaBinder(  283): !!! FAILED BINDER TRANSACTION !!!
W/SurfaceFlinger(   37): createScreenshotSurface failed (Function not implemented)
E/JavaBinder(  283): !!! FAILED BINDER TRANSACTION !!!
W/BroadcastQueue(  283): Failure sending broadcast Intent { act=android.intent.action.CONFIGURATION_CHANGED flg=0x70000010 }
W/BroadcastQueue(  283): android.os.TransactionTooLargeException
W/BroadcastQueue(  283): 	at android.os.BinderProxy.transact(Native Method)
W/BroadcastQueue(  283): 	at android.app.ApplicationThreadProxy.scheduleRegisteredReceiver(ApplicationThreadNative.java:1009)
W/BroadcastQueue(  283): 	at com.android.server.am.BroadcastQueue.performReceiveLocked(BroadcastQueue.java:373)
W/BroadcastQueue(  283): 	at com.android.server.am.BroadcastQueue.deliverToRegisteredReceiverLocked(BroadcastQueue.java:439)
W/BroadcastQueue(  283): 	at com.android.server.am.BroadcastQueue.processNextBroadcast(BroadcastQueue.java:487)
W/BroadcastQueue(  283): 	at com.android.server.am.BroadcastQueue$1.handleMessage(BroadcastQueue.java:140)
W/BroadcastQueue(  283): 	at android.os.Handler.dispatchMessage(Handler.java:99)
W/BroadcastQueue(  283): 	at android.os.Looper.loop(Looper.java:137)
W/BroadcastQueue(  283): 	at com.android.server.am.ActivityManagerService$AThread.run(ActivityManagerService.java:1480)
E/JavaBinder(  283): !!! FAILED BINDER TRANSACTION !!!
W/BroadcastQueue(  283): Failure sending broadcast Intent { act=android.intent.action.CONFIGURATION_CHANGED flg=0x70000010 }
W/BroadcastQueue(  283): android.os.TransactionTooLargeException
W/BroadcastQueue(  283): 	at android.os.BinderProxy.transact(Native Method)
W/BroadcastQueue(  283): 	at android.app.ApplicationThreadProxy.scheduleRegisteredReceiver(ApplicationThreadNative.java:1009)
W/BroadcastQueue(  283): 	at com.android.server.am.BroadcastQueue.performReceiveLocked(BroadcastQueue.java:373)
W/BroadcastQueue(  283): 	at com.android.server.am.BroadcastQueue.deliverToRegisteredReceiverLocked(BroadcastQueue.java:439)
W/BroadcastQueue(  283): 	at com.android.server.am.BroadcastQueue.processNextBroadcast(BroadcastQueue.java:487)
W/BroadcastQueue(  283): 	at com.android.server.am.BroadcastQueue$1.handleMessage(BroadcastQueue.java:140)
W/BroadcastQueue(  283): 	at android.os.Handler.dispatchMessage(Handler.java:99)
W/BroadcastQueue(  283): 	at android.os.Looper.loop(Looper.java:137)
W/BroadcastQueue(  283): 	at com.android.server.am.ActivityManagerService$AThread.run(ActivityManagerService.java:1480)
E/JavaBinder(  283): !!! FAILED BINDER TRANSACTION !!!
W/BroadcastQueue(  283): Failure sending broadcast Intent { act=android.provider.Telephony.SPN_STRINGS_UPDATED flg=0x20000010 (has extras) }
W/BroadcastQueue(  283): android.os.TransactionTooLargeException
W/BroadcastQueue(  283): 	at android.os.BinderProxy.transact(Native Method)
W/BroadcastQueue(  283): 	at android.app.ApplicationThreadProxy.scheduleRegisteredReceiver(ApplicationThreadNative.java:1009)
W/BroadcastQueue(  283): 	at com.android.server.am.BroadcastQueue.performReceiveLocked(BroadcastQueue.java:373)
W/BroadcastQueue(  283): 	at com.android.server.am.BroadcastQueue.deliverToRegisteredReceiverLocked(BroadcastQueue.java:439)
W/BroadcastQueue(  283): 	at com.android.server.am.BroadcastQueue.processNextBroadcast(BroadcastQueue.java:487)
W/BroadcastQueue(  283): 	at com.android.server.am.BroadcastQueue$1.handleMessage(BroadcastQueue.java:140)
W/BroadcastQueue(  283): 	at android.os.Handler.dispatchMessage(Handler.java:99)
W/BroadcastQueue(  283): 	at android.os.Looper.loop(Looper.java:137)
W/BroadcastQueue(  283): 	at com.android.server.am.ActivityManagerService$AThread.run(ActivityManagerService.java:1480)
W/Settings(  390): Setting auto_time_zone has moved from android.provider.Settings.System to android.provider.Settings.Global, returning read-only value.
E/JavaBinder(  283): !!! FAILED BINDER TRANSACTION !!!
D/MccTable(  390): updateMccMncConfiguration: mcc=310, mnc=260
D/TelephonyManager(  390): getLteOnCdmaMode=0 curVal=-1 product_type='' lteOnCdmaProductType=''
D/MccTable(  390): locale set to en_us
D/MccTable(  390): WIFI_COUNTRY_CODE set to us
I/WifiService(  283): WifiService trying to set country code to us with persist set to true
I/ActivityManager(  283): Config changes=1400 {1.0 310mcc260mnc en_US ldltr sw320dp w320dp h508dp 240dpi nrml long port finger -keyb/v/h tball/v s.5}
E/JavaBinder(  283): !!! FAILED BINDER TRANSACTION !!!
E/JavaBinder(  283): !!! FAILED BINDER TRANSACTION !!!
W/BroadcastQueue(  283): Failure sending broadcast Intent { act=android.intent.action.CONFIGURATION_CHANGED flg=0x70000010 }
W/BroadcastQueue(  283): android.os.TransactionTooLargeException
W/BroadcastQueue(  283): 	at android.os.BinderProxy.transact(Native Method)
W/BroadcastQueue(  283): 	at android.app.ApplicationThreadProxy.scheduleRegisteredReceiver(ApplicationThreadNative.java:1009)
W/BroadcastQueue(  283): 	at com.android.server.am.BroadcastQueue.performReceiveLocked(BroadcastQueue.java:373)
W/BroadcastQueue(  283): 	at com.android.server.am.BroadcastQueue.deliverToRegisteredReceiverLocked(BroadcastQueue.java:439)
W/BroadcastQueue(  283): 	at com.android.server.am.BroadcastQueue.processNextBroadcast(BroadcastQueue.java:487)
W/BroadcastQueue(  283): 	at com.android.server.am.BroadcastQueue$1.handleMessage(BroadcastQueue.java:140)
W/BroadcastQueue(  283): 	at android.os.Handler.dispatchMessage(Handler.java:99)
W/BroadcastQueue(  283): 	at android.os.Looper.loop(Looper.java:137)
W/BroadcastQueue(  283): 	at com.android.server.am.ActivityManagerService$AThread.run(ActivityManagerService.java:1480)
E/JavaBinder(  283): !!! FAILED BINDER TRANSACTION !!!
W/BroadcastQueue(  283): Failure sending broadcast Intent { act=android.intent.action.CONFIGURATION_CHANGED flg=0x70000010 }
W/BroadcastQueue(  283): android.os.TransactionTooLargeException
W/BroadcastQueue(  283): 	at android.os.BinderProxy.transact(Native Method)
W/BroadcastQueue(  283): 	at android.app.ApplicationThreadProxy.scheduleRegisteredReceiver(ApplicationThreadNative.java:1009)
W/BroadcastQueue(  283): 	at com.android.server.am.BroadcastQueue.performReceiveLocked(BroadcastQueue.java:373)
W/BroadcastQueue(  283): 	at com.android.server.am.BroadcastQueue.deliverToRegisteredReceiverLocked(BroadcastQueue.java:439)
W/BroadcastQueue(  283): 	at com.android.server.am.BroadcastQueue.processNextBroadcast(BroadcastQueue.java:487)
W/BroadcastQueue(  283): 	at com.android.server.am.BroadcastQueue$1.handleMessage(BroadcastQueue.java:140)
W/BroadcastQueue(  283): 	at android.os.Handler.dispatchMessage(Handler.java:99)
W/BroadcastQueue(  283): 	at android.os.Looper.loop(Looper.java:137)
W/BroadcastQueue(  283): 	at com.android.server.am.ActivityManagerService$AThread.run(ActivityManagerService.java:1480)
W/WindowManager(  283): Window freeze timeout expired.
W/WindowManager(  283): Force clearing orientation change: Window{40ef3248 u0 Keyguard}
D/dalvikvm(  283): GC_CONCURRENT freed 961K, 16% free 6130K/7284K, paused 20ms+32ms, total 333ms
D/dalvikvm(  283): WAIT_FOR_CONCURRENT_GC blocked 227ms
D/dalvikvm(  283): GC_CONCURRENT freed 392K, 9% free 6680K/7284K, paused 4ms+120ms, total 378ms
D/dalvikvm(  283): WAIT_FOR_CONCURRENT_GC blocked 340ms
I/Choreographer(  283): Skipped 772 frames!  The application may be doing too much work on its main thread.
D/dalvikvm(  390): GC_CONCURRENT freed 297K, 10% free 3008K/3336K, paused 4ms+252ms, total 704ms
D/dalvikvm(  283): WAIT_FOR_CONCURRENT_GC blocked 5084ms
W/GpsLocationProvider(  283): Could not open GPS configuration file /etc/gps.conf
W/ServiceWatcher(  283): com.google.android.location not found
W/Launcher.Model(  401): Desktop items loading interrupted:
W/Launcher.Model(  401): java.lang.NullPointerException
W/Launcher.Model(  401): 	at com.android.launcher2.LauncherModel$LoaderTask.checkItemPlacement(LauncherModel.java:1176)
W/Launcher.Model(  401): 	at com.android.launcher2.LauncherModel$LoaderTask.loadWorkspace(LauncherModel.java:1333)
W/Launcher.Model(  401): 	at com.android.launcher2.LauncherModel$LoaderTask.loadAndBindWorkspace(LauncherModel.java:972)
W/Launcher.Model(  401): 	at com.android.launcher2.LauncherModel$LoaderTask.run(LauncherModel.java:1076)
W/Launcher.Model(  401): 	at android.os.Handler.handleCallback(Handler.java:725)
W/Launcher.Model(  401): 	at android.os.Handler.dispatchMessage(Handler.java:92)
W/Launcher.Model(  401): 	at android.os.Looper.loop(Looper.java:137)
W/Launcher.Model(  401): 	at android.os.HandlerThread.run(HandlerThread.java:60)
D/dalvikvm(  401): GC_CONCURRENT freed 197K, 6% free 4561K/4824K, paused 125ms+3ms, total 213ms
I/Choreographer(  283): Skipped 186 frames!  The application may be doing too much work on its main thread.
E/JavaBinder(  283): !!! FAILED BINDER TRANSACTION !!!
W/BroadcastQueue(  283): Failure sending broadcast Intent { act=android.provider.Telephony.SPN_STRINGS_UPDATED flg=0x20000010 (has extras) }
W/BroadcastQueue(  283): android.os.TransactionTooLargeException
W/BroadcastQueue(  283): 	at android.os.BinderProxy.transact(Native Method)
W/BroadcastQueue(  283): 	at android.app.ApplicationThreadProxy.scheduleRegisteredReceiver(ApplicationThreadNative.java:1009)
W/BroadcastQueue(  283): 	at com.android.server.am.BroadcastQueue.performReceiveLocked(BroadcastQueue.java:373)
W/BroadcastQueue(  283): 	at com.android.server.am.BroadcastQueue.deliverToRegisteredReceiverLocked(BroadcastQueue.java:439)
W/BroadcastQueue(  283): 	at com.android.server.am.BroadcastQueue.processNextBroadcast(BroadcastQueue.java:487)
W/BroadcastQueue(  283): 	at com.android.server.am.BroadcastQueue$1.handleMessage(BroadcastQueue.java:140)
W/BroadcastQueue(  283): 	at android.os.Handler.dispatchMessage(Handler.java:99)
W/BroadcastQueue(  283): 	at android.os.Looper.loop(Looper.java:137)
W/BroadcastQueue(  283): 	at com.android.server.am.ActivityManagerService$AThread.run(ActivityManagerService.java:1480)
I//system/bin/fsck_msdos(   32): ** Phase 3 - Checking Directories
D/dalvikvm(  283): GC_FOR_ALLOC freed 384K, 9% free 6647K/7284K, paused 73ms, total 82ms
I/dalvikvm-heap(  283): Grow heap (frag case) to 7.631MB for 1128976-byte allocation
I//system/bin/fsck_msdos(   32): ** Phase 4 - Checking for Lost Files
I//system/bin/fsck_msdos(   32): 13 files, 1044446 free (522223 clusters)
D/dalvikvm(  283): GC_FOR_ALLOC freed 876K, 19% free 6873K/8388K, paused 72ms, total 72ms
W/ServiceWatcher(  283): com.google.android.location not found
W/LocationManagerService(  283): no network location provider found
D/dalvikvm(  283): GC_CONCURRENT freed 21K, 19% free 6859K/8388K, paused 49ms+121ms, total 531ms
W/WindowManager(  283): App freeze timeout expired.
W/WindowManager(  283): Force clearing freeze: AppWindowToken{40f6d8b8 token=Token{40f6af38 ActivityRecord{40f6aa58 u0 com.android.launcher/com.android.launcher2.Launcher}}}
W/ServiceWatcher(  283): com.google.android.location not found
I/Choreographer(  283): Skipped 273 frames!  The application may be doing too much work on its main thread.
I/Vold    (   32): Filesystem check completed OK
I/Choreographer(  283): Skipped 62 frames!  The application may be doing too much work on its main thread.
I/Vold    (   32): Device /dev/block/vold/179:0, target /mnt/sdcard mounted @ /mnt/secure/staging
D/Vold    (   32): Volume sdcard state changing 3 (Checking) -> 4 (Mounted)
E/VoldConnector(  283): NDC Command {3 volume mount /mnt/sdcard} took too long (37527ms)
D/MountService(  283): volume state changed for /mnt/sdcard (checking -> mounted)
I/PackageManager(  283): Updating external media status from unmounted to mounted
I/Choreographer(  283): Skipped 278 frames!  The application may be doing too much work on its main thread.
I/PackageManager(  283): No secure containers on sdcard
W/PackageManager(  283): Unknown permission com.google.android.googleapps.permission.GOOGLE_AUTH.mail in package com.android.contacts
W/PackageManager(  283): Unknown permission android.permission.ADD_SYSTEM_SERVICE in package com.android.phone
D/dalvikvm(  401): GC_FOR_ALLOC freed 189K, 5% free 4790K/5040K, paused 170ms, total 212ms
I/dalvikvm-heap(  401): Grow heap (frag case) to 6.107MB for 1440016-byte allocation
W/PackageManager(  283): Unknown permission com.android.smspush.WAPPUSH_MANAGER_BIND in package com.android.phone
D/dalvikvm(  401): GC_FOR_ALLOC freed <1K, 4% free 6196K/6448K, paused 1272ms, total 1284ms
D/dalvikvm(  283): GC_EXPLICIT freed 1162K, 31% free 5788K/8388K, paused 563ms+85ms, total 1087ms
W/PackageManager(  283): Unknown permission com.google.android.googleapps.permission.GOOGLE_AUTH in package com.android.providers.calendar
W/PackageManager(  283): Unknown permission com.google.android.googleapps.permission.GOOGLE_AUTH.cl in package com.android.providers.calendar
D/dalvikvm(  401): GC_CONCURRENT freed 23K, 5% free 6176K/6448K, paused 76ms+3ms, total 125ms
W/PackageManager(  283): Unknown permission com.google.android.googleapps.permission.GOOGLE_AUTH.mail in package com.android.calendar
W/PackageManager(  283): Not granting permission android.permission.SEND_DOWNLOAD_COMPLETED_INTENTS to package com.android.browser (protectionLevel=2 flags=0x89be45)
W/PackageManager(  283): Not granting permission android.permission.BIND_APPWIDGET to package com.android.widgetpreview (protectionLevel=18 flags=0x8be44)
W/PackageManager(  283): Unknown permission com.google.android.googleapps.permission.GOOGLE_AUTH in package com.android.settings
E/MountService(  283): Listener dead
D/MountService(  283): sendStorageIntent Intent { act=android.intent.action.MEDIA_MOUNTED dat=file:///mnt/sdcard (has extras) } to UserHandle{-1}
I/WindowState(  283): WIN DEATH: Window{40ed9020 u0 StatusBar}
V/TAG     (  283): bug 7643792: fitSystemWindows([0,0][0,0])
W/PackageManager(  283): Unknown permission com.google.android.gallery3d.permission.GALLERY_PROVIDER in package com.android.exchange
W/PackageManager(  283): Unknown permission com.google.android.googleapps.permission.ACCESS_GOOGLE_PASSWORD in package com.android.development
W/PackageManager(  283): Unknown permission com.google.android.googleapps.permission.GOOGLE_AUTH in package com.android.development
W/PackageManager(  283): Unknown permission com.google.android.googleapps.permission.GOOGLE_AUTH.ALL_SERVICES in package com.android.development
W/PackageManager(  283): Unknown permission com.google.android.googleapps.permission.GOOGLE_AUTH.YouTubeUser in package com.android.development
W/PackageManager(  283): Unknown permission com.google.android.gallery3d.permission.GALLERY_PROVIDER in package com.android.email
W/PackageManager(  283): Not granting permission android.permission.DEVICE_POWER to package com.android.deskclock (protectionLevel=2 flags=0x88be45)
I/ActivityManager(  283): Start proc com.android.location.fused for service com.android.location.fused/.FusedLocationService: pid=521 uid=10022 gids={50022, 1028}
I/ActivityManager(  283): Process com.android.systemui (pid 346) has died.
W/ActivityManager(  283): Scheduling restart of crashed service com.android.systemui/.SystemUIService in 0ms
W/ActivityManager(  283): Scheduling restart of crashed service com.android.systemui/.ImageWallpaper in 0ms
I/ActivityManager(  283): Start proc com.android.systemui for restart com.android.systemui: pid=533 uid=10034 gids={50034, 1028, 1015, 3002, 3001}
D/dalvikvm(   38): GC_EXPLICIT freed 34K, 4% free 2381K/2476K, paused 3ms+129ms, total 268ms
D/dalvikvm(   38): GC_EXPLICIT freed <1K, 4% free 2382K/2476K, paused 2ms+11ms, total 53ms
D/dalvikvm(   38): GC_EXPLICIT freed <1K, 4% free 2382K/2476K, paused 2ms+10ms, total 180ms
D/dalvikvm(  390): GC_CONCURRENT freed 538K, 18% free 2888K/3488K, paused 5ms+3ms, total 634ms
E/Trace   (  521): error opening trace file: No such file or directory (2)
E/Trace   (  533): error opening trace file: No such file or directory (2)
D/Launcher.Model(  401): Reload apps on config change. curr_mcc:310 prevmcc:0
D/SystemUIService(  533): loading: class com.android.systemui.statusbar.phone.PhoneStatusBar
D/SystemUIService(  533): running: com.android.systemui.statusbar.phone.PhoneStatusBar@40cdb0f8
I/StatusBarManagerService(  283): registerStatusBar bar=com.android.internal.statusbar.IStatusBar$Stub$Proxy@41045d68
W/ServiceWatcher(  283): com.google.android.location not found
E/LocationManagerService(  283): no geocoder provider found
D/dalvikvm(  533): GC_CONCURRENT freed 118K, 7% free 2666K/2844K, paused 14ms+2ms, total 103ms
D/dalvikvm(  533): WAIT_FOR_CONCURRENT_GC blocked 77ms
I/dalvikvm-heap(  533): Grow heap (frag case) to 3.265MB for 635812-byte allocation
D/dalvikvm(  533): GC_FOR_ALLOC freed 5K, 6% free 3281K/3468K, paused 188ms, total 189ms
W/ActivityManager(  283): Activity idle timeout for ActivityRecord{40f6aa58 u0 com.android.launcher/com.android.launcher2.Launcher}
I/Choreographer(  401): Skipped 3419 frames!  The application may be doing too much work on its main thread.
E/BluetoothAdapter(  533): Bluetooth binder is null
E/BluetoothAdapter(  533): Bluetooth binder is null
E/BluetoothAdapter(  533): Bluetooth binder is null
E/SurfaceFlinger(   37): ro.sf.lcd_density must be defined as a build property
I/Choreographer(  401): Skipped 53 frames!  The application may be doing too much work on its main thread.
D/gralloc_goldfish(  401): Emulator without GPU emulation detected.
D/dalvikvm(  533): GC_CONCURRENT freed 65K, 4% free 3633K/3760K, paused 4ms+28ms, total 197ms
D/dalvikvm(  401): GC_FOR_ALLOC freed 2014K, 31% free 4724K/6804K, paused 151ms, total 203ms
I/dalvikvm-heap(  401): Grow heap (frag case) to 6.133MB for 1536016-byte allocation
D/dalvikvm(  401): GC_CONCURRENT freed 23K, 9% free 6201K/6804K, paused 5ms+65ms, total 113ms
D/dalvikvm(  401): WAIT_FOR_CONCURRENT_GC blocked 95ms
E/BluetoothAdapter(  533): Bluetooth binder is null
D/dalvikvm(  283): GC_CONCURRENT freed 955K, 22% free 5689K/7252K, paused 101ms+151ms, total 583ms
D/dalvikvm(  283): WAIT_FOR_CONCURRENT_GC blocked 37ms
D/dalvikvm(  283): WAIT_FOR_CONCURRENT_GC blocked 346ms
D/dalvikvm(  283): WAIT_FOR_CONCURRENT_GC blocked 85ms
D/dalvikvm(  283): WAIT_FOR_CONCURRENT_GC blocked 369ms
D/dalvikvm(  283): WAIT_FOR_CONCURRENT_GC blocked 374ms
D/dalvikvm(  401): GC_FOR_ALLOC freed <1K, 9% free 6201K/6804K, paused 491ms, total 491ms
I/dalvikvm-heap(  401): Grow heap (frag case) to 7.576MB for 1536016-byte allocation
D/dalvikvm(  401): GC_CONCURRENT freed 0K, 8% free 7701K/8308K, paused 4ms+3ms, total 177ms
D/dalvikvm(  401): WAIT_FOR_CONCURRENT_GC blocked 110ms
D/PhoneStatusBar(  533): disable: < expand icons alerts ticker system_info BACK* HOME* RECENT* CLOCK* SEARCH* >
I/ActivityManager(  283): Displayed com.android.launcher/com.android.launcher2.Launcher: +46s923ms
D/ConnectivityService(  283): ConnectivityChange for mobile: CONNECTED/CONNECTED
E/BluetoothAdapter(  283): Bluetooth binder is null
E/BluetoothAdapter(  283): Bluetooth binder is null
V/WiredAccessoryManager(  283): init()
E/SoundPool(  283): error loading /system/media/audio/ui/Effect_Tick.ogg
W/AudioService(  283): Soundpool could not load file: /system/media/audio/ui/Effect_Tick.ogg
E/SoundPool(  283): error loading /system/media/audio/ui/Effect_Tick.ogg
W/AudioService(  283): Soundpool could not load file: /system/media/audio/ui/Effect_Tick.ogg
E/SoundPool(  283): error loading /system/media/audio/ui/Effect_Tick.ogg
W/AudioService(  283): Soundpool could not load file: /system/media/audio/ui/Effect_Tick.ogg
E/SoundPool(  283): error loading /system/media/audio/ui/Effect_Tick.ogg
W/AudioService(  283): Soundpool could not load file: /system/media/audio/ui/Effect_Tick.ogg
E/SoundPool(  283): error loading /system/media/audio/ui/Effect_Tick.ogg
W/AudioService(  283): Soundpool could not load file: /system/media/audio/ui/Effect_Tick.ogg
E/SoundPool(  283): error loading /system/media/audio/ui/KeypressStandard.ogg
W/AudioService(  283): Soundpool could not load file: /system/media/audio/ui/KeypressStandard.ogg
E/SoundPool(  283): error loading /system/media/audio/ui/KeypressSpacebar.ogg
W/AudioService(  283): Soundpool could not load file: /system/media/audio/ui/KeypressSpacebar.ogg
E/SoundPool(  283): error loading /system/media/audio/ui/KeypressDelete.ogg
W/AudioService(  283): Soundpool could not load file: /system/media/audio/ui/KeypressDelete.ogg
E/SoundPool(  283): error loading /system/media/audio/ui/KeypressReturn.ogg
W/AudioService(  283): Soundpool could not load file: /system/media/audio/ui/KeypressReturn.ogg
W/AudioService(  283): loadSoundEffects(), Error -1 while loading samples
E/NetdConnector(  283): NDC Command {6 resolver setdefaultif eth0} took too long (637ms)
E/BluetoothAdapter(  533): Bluetooth binder is null
D/dalvikvm(  283): GC_CONCURRENT freed 489K, 17% free 6031K/7252K, paused 85ms+8ms, total 382ms
D/dalvikvm(  283): WAIT_FOR_CONCURRENT_GC blocked 108ms
D/dalvikvm(  283): WAIT_FOR_CONCURRENT_GC blocked 185ms
D/dalvikvm(  283): WAIT_FOR_CONCURRENT_GC blocked 188ms
D/dalvikvm(  283): WAIT_FOR_CONCURRENT_GC blocked 299ms
D/SystemUIService(  533): loading: class com.android.systemui.power.PowerUI
D/SystemUIService(  533): running: com.android.systemui.power.PowerUI@40e4c848
D/SystemUIService(  533): loading: class com.android.systemui.media.RingtonePlayer
D/SystemUIService(  533): running: com.android.systemui.media.RingtonePlayer@40e4d628
I/Choreographer(  533): Skipped 1811 frames!  The application may be doing too much work on its main thread.
I/Choreographer(  283): Skipped 1403 frames!  The application may be doing too much work on its main thread.
V/TAG     (  283): bug 7643792: fitSystemWindows([0,38][0,0])
E/SurfaceFlinger(   37): ro.sf.lcd_density must be defined as a build property
I/Choreographer(  283): Skipped 30 frames!  The application may be doing too much work on its main thread.
D/dalvikvm(  533): GC_CONCURRENT freed 249K, 8% free 3780K/4092K, paused 49ms+172ms, total 284ms
D/dalvikvm(  401): GC_FOR_ALLOC freed 3116K, 44% free 4730K/8392K, paused 49ms, total 51ms
I/dalvikvm-heap(  401): Grow heap (frag case) to 6.070MB for 1463056-byte allocation
I/Choreographer(  283): Skipped 241 frames!  The application may be doing too much work on its main thread.
D/dalvikvm(  401): GC_CONCURRENT freed <1K, 27% free 6158K/8392K, paused 4ms+3ms, total 79ms
D/dalvikvm(  401): WAIT_FOR_CONCURRENT_GC blocked 75ms
D/dalvikvm(  283): GC_FOR_ALLOC freed 695K, 17% free 6034K/7252K, paused 78ms, total 92ms
I/dalvikvm-heap(  283): Grow heap (frag case) to 7.034MB for 1128976-byte allocation
D/dalvikvm(  283): GC_FOR_ALLOC freed 408K, 20% free 6729K/8356K, paused 112ms, total 112ms
D/dalvikvm(  401): GC_FOR_ALLOC freed 1K, 27% free 6159K/8392K, paused 511ms, total 528ms
D/Tethering(  283): MasterInitialState.processMessage what=3
W/WindowManager(  283): Window freeze timeout expired.
W/WindowManager(  283): Force clearing orientation change: Window{40ebdd88 u0 StatusBar}
W/WindowManager(  283): Force clearing orientation change: Window{40ef3248 u0 Keyguard}
I/dalvikvm-heap(  401): Grow heap (frag case) to 7.464MB for 1463056-byte allocation
D/dalvikvm(  401): GC_CONCURRENT freed <1K, 10% free 7587K/8392K, paused 4ms+3ms, total 404ms
D/dalvikvm(  401): WAIT_FOR_CONCURRENT_GC blocked 341ms
I/Choreographer(  283): Skipped 379 frames!  The application may be doing too much work on its main thread.
D/dalvikvm(  283): GC_CONCURRENT freed 43K, 20% free 6717K/8356K, paused 53ms+231ms, total 1511ms
I/FusedLocation(  521): engine started (com.android.location.fused)
D/MediaScannerReceiver(  455): action: android.intent.action.MEDIA_MOUNTED path: /mnt/sdcard
I/ActivityManager(  283): Start proc com.android.contacts for broadcast com.android.contacts/.calllog.CallLogReceiver: pid=567 uid=10001 gids={50001, 3003, 1015, 1028}
E/Trace   (  567): error opening trace file: No such file or directory (2)
I/RecoverySystem(  283): No recovery log file
I/ActivityManager(  283): Start proc com.android.deskclock for broadcast com.android.deskclock/.AlarmInitReceiver: pid=587 uid=10006 gids={50006, 1028}
E/Trace   (  587): error opening trace file: No such file or directory (2)
I/Choreographer(  401): Skipped 55 frames!  The application may be doing too much work on its main thread.
V/AlarmClock(  587): No next alarm
V/AlarmClock(  587): AlarmInitReceiver - Reset timers and clear stopwatch data
V/AlarmClock(  587): No next alarm
V/AlarmClock(  587): AlarmInitReceiver finished
D/dalvikvm(  401): GC_FOR_ALLOC freed 1476K, 24% free 6773K/8900K, paused 106ms, total 121ms
D/dalvikvm(  401): GREF has increased to 201
I/Choreographer(  401): Skipped 118 frames!  The application may be doing too much work on its main thread.
I/Choreographer(  401): Skipped 203 frames!  The application may be doing too much work on its main thread.
W/MediaProvider(  455): no database for scanned volume external
E/SurfaceFlinger(   37): ro.sf.lcd_density must be defined as a build property
D/GpsLocationProvider(  283): NTP server returned: 1483703805942 (Fri Jan 06 11:56:45 GMT 2017) reference: 109915 certainty: 218 system time offset: -7336
I/ActivityManager(  283): Start proc com.android.email for broadcast com.android.email/.service.EmailBroadcastReceiver: pid=609 uid=10019 gids={50019, 3003, 1015, 1028}
D/dalvikvm(  533): GC_FOR_ALLOC freed 59K, 5% free 3908K/4092K, paused 143ms, total 200ms
I/dalvikvm-heap(  533): Grow heap (frag case) to 9.985MB for 6410576-byte allocation
E/Trace   (  609): error opening trace file: No such file or directory (2)
D/dalvikvm(  533): GC_FOR_ALLOC freed 2K, 2% free 10165K/10356K, paused 560ms, total 560ms
D/dalvikvm(  533): GC_CONCURRENT freed <1K, 2% free 10165K/10356K, paused 146ms+144ms, total 332ms
W/WindowManager(  283): Window freeze timeout expired.
W/WindowManager(  283): Force clearing orientation change: Window{40ed28f0 u0 com.android.systemui.ImageWallpaper}
I/ActivityManager(  283): Start proc com.android.exchange for service com.android.exchange/.ExchangeService: pid=626 uid=10032 gids={50032, 3003, 1015, 1028}
I/ActivityManager(  283): Start proc com.android.providers.calendar for broadcast com.android.providers.calendar/.CalendarReceiver: pid=638 uid=10023 gids={50023, 3003, 1015, 1028}
D/dalvikvm(  533): GC_FOR_ALLOC freed <1K, 2% free 10166K/10356K, paused 217ms, total 217ms
E/Trace   (  626): error opening trace file: No such file or directory (2)
I/dalvikvm-heap(  533): Grow heap (frag case) to 12.681MB for 2828816-byte allocation
E/Trace   (  638): error opening trace file: No such file or directory (2)
D/dalvikvm(  533): GC_CONCURRENT freed 0K, 2% free 12929K/13120K, paused 180ms+29ms, total 264ms
D/dalvikvm(  533): WAIT_FOR_CONCURRENT_GC blocked 85ms
D/gralloc_goldfish(  533): Emulator without GPU emulation detected.
I/Choreographer(  533): Skipped 3356 frames!  The application may be doing too much work on its main thread.
I/SurfaceFlinger(   37): Boot is finished (108941 ms)
I/ActivityManager(  283): Config changes=1400 {1.0 310mcc260mnc en_US ldltr sw320dp w320dp h508dp 240dpi nrml long port finger -keyb/v/h tball/v s.6}
I/PowerManagerService(  283): Boot animation finished.
I/Choreographer(  283): Skipped 90 frames!  The application may be doing too much work on its main thread.
I/Choreographer(  533): Skipped 125 frames!  The application may be doing too much work on its main thread.
I/Choreographer(  283): Skipped 68 frames!  The application may be doing too much work on its main thread.
I/ActivityManager(  283): Start proc com.android.mms for broadcast com.android.mms/.transaction.MmsSystemEventReceiver: pid=660 uid=10029 gids={50029, 3003, 1015, 1028}
E/Trace   (  660): error opening trace file: No such file or directory (2)
D/CountryDetector(  283): The first listener is added
V/MmsConfig(  660): mnc/mcc: 310260
V/MmsConfig(  660): tag: bool value: enabledMMS - true
V/MmsConfig(  660): tag: int value: maxMessageSize - 307200
V/MmsConfig(  660): tag: int value: maxImageHeight - 480
V/MmsConfig(  660): tag: int value: maxImageWidth - 640
V/MmsConfig(  660): tag: int value: defaultSMSMessagesPerThread - 500
V/MmsConfig(  660): tag: int value: defaultMMSMessagesPerThread - 50
V/MmsConfig(  660): tag: int value: minMessageCountPerThread - 10
V/MmsConfig(  660): tag: int value: maxMessageCountPerThread - 5000
V/MmsConfig(  660): tag: string value: uaProfUrl - http://www.google.com/oha/rdf/ua-profile-kila.xml
V/MmsConfig(  660): tag: int value: recipientLimit - -1
V/MmsConfig(  660): tag: bool value: enableMultipartSMS - true
V/MmsConfig(  660): tag: int value: smsToMmsTextThreshold - -1
V/MmsConfig(  660): tag: bool value: enableSlideDuration - true
V/MmsConfig(  660): tag: int value: maxMessageTextSize - -1
D/dalvikvm(  283): GREF has increased to 501
I/ActivityManager(  283): Start proc com.android.settings for broadcast com.android.settings/.widget.SettingsAppWidgetProvider: pid=686 uid=1000 gids={41000, 1015, 1028, 3002, 3001, 3003}
E/Trace   (  686): error opening trace file: No such file or directory (2)
D/Mms:app (  660): cancelNotification
E/BluetoothAdapter(  686): Bluetooth binder is null
E/BluetoothAdapter(  686): Bluetooth binder is null
E/BluetoothAdapter(  686): Bluetooth binder is null
D/dalvikvm(  401): GC_FOR_ALLOC freed 125K, 11% free 7962K/8900K, paused 26ms, total 34ms
W/SystemClock(  283): Unable to set rtc to 1483703812: Invalid argument
I/ActivityManager(  283): Start proc com.android.calendar for broadcast com.android.calendar/.widget.CalendarAppWidgetService$CalendarFactory: pid=703 uid=10004 gids={50004, 3003, 1028}
D/dalvikvm(  401): GC_FOR_ALLOC freed 10K, 11% free 8459K/9408K, paused 232ms, total 233ms
E/Trace   (  703): error opening trace file: No such file or directory (2)
I/Choreographer(  401): Skipped 122 frames!  The application may be doing too much work on its main thread.
V/AlarmClock(  587): No next alarm
V/AlarmClock(  587): AlarmInitReceiver finished
D/ExchangeService(  626): !!! EAS ExchangeService, onCreate
D/Eas Debug(  626): Logging: 
I/AccountTypeManager(  567): Loaded meta-data for 1 account types, 0 accounts in 80ms(wall) 27ms(cpu)
D/ExchangeService(  626): !!! EAS ExchangeService, onStartCommand, startingUp = false, running = false
D/ExchangeService(  626): !!! EAS ExchangeService, onStartCommand, startingUp = true, running = false
D/ExchangeService(  626): Received deviceId from Email app: androidc259148960
D/ExchangeService(  626): Reconciling accounts...
D/ExchangeService(  626): !!! EAS ExchangeService, onStartCommand, startingUp = true, running = false
D/Eas Debug(  626): Logging: 
D/MmsSmsDatabaseHelper(  390): [MmsSmsDb] tableName: threads hasAutoIncrement: CREATE TABLE threads (_id INTEGER PRIMARY KEY AUTOINCREMENT,date INTEGER DEFAULT 0,message_count INTEGER DEFAULT 0,recipient_ids TEXT,snippet TEXT,snippet_cs INTEGER DEFAULT 0,read INTEGER DEFAULT 1,type INTEGER DEFAULT 0,error INTEGER DEFAULT 0,has_attachment INTEGER DEFAULT 0) result: true
D/MmsSmsDatabaseHelper(  390): [MmsSmsDb] tableName: canonical_addresses hasAutoIncrement: CREATE TABLE canonical_addresses (_id INTEGER PRIMARY KEY AUTOINCREMENT,address TEXT) result: true
D/MmsSmsDatabaseHelper(  390): [MmsSmsDb] tableName: part hasAutoIncrement: CREATE TABLE part (_id INTEGER PRIMARY KEY AUTOINCREMENT,mid INTEGER,seq INTEGER DEFAULT 0,ct TEXT,name TEXT,chset INTEGER,cd TEXT,fn TEXT,cid TEXT,cl TEXT,ctt_s INTEGER,ctt_t TEXT,_data TEXT,text TEXT) result: true
D/MmsSmsDatabaseHelper(  390): [MmsSmsDb] tableName: pdu hasAutoIncrement: CREATE TABLE pdu (_id INTEGER PRIMARY KEY AUTOINCREMENT,thread_id INTEGER,date INTEGER,date_sent INTEGER DEFAULT 0,msg_box INTEGER,read INTEGER DEFAULT 0,m_id TEXT,sub TEXT,sub_cs INTEGER,ct_t TEXT,ct_l TEXT,exp INTEGER,m_cls TEXT,m_type INTEGER,v INTEGER,m_size INTEGER,pri INTEGER,rr INTEGER,rpt_a INTEGER,resp_st INTEGER,st INTEGER,tr_id TEXT,retr_st INTEGER,retr_txt TEXT,retr_txt_cs INTEGER,read_status INTEGER,ct_cls INTEGER,resp_txt TEXT,d_tm INTEGER,d_rpt INTEGER,locked INTEGER DEFAULT 0,seen INTEGER DEFAULT 0,text_only INTEGER DEFAULT 0) result: true
D/MmsSmsDatabaseHelper(  390): [getWritableDatabase] hasAutoIncrementThreads: true hasAutoIncrementAddresses: true hasAutoIncrementPart: true hasAutoIncrementPdu: true
D/dalvikvm(  455): GC_CONCURRENT freed 228K, 11% free 2544K/2832K, paused 2ms+4ms, total 40ms
D/dalvikvm(  390): GREF has increased to 201
D/Mms:app (  660): cancelNotification
I/CalendarProvider2(  638): Sending notification intent: Intent { act=android.intent.action.PROVIDER_CHANGED dat=content://com.android.calendar }
W/ContentResolver(  638): Failed to get type for: content://com.android.calendar (Unknown URL content://com.android.calendar)
D/AlertReceiver(  703): onReceive: a=android.intent.action.PROVIDER_CHANGED Intent { act=android.intent.action.PROVIDER_CHANGED dat=content://com.android.calendar flg=0x10 cmp=com.android.calendar/.alerts.AlertReceiver }
D/AlertService(  703): 0 Action = android.intent.action.PROVIDER_CHANGED
D/AlertService(  703): Beginning updateAlertNotification
D/AlertService(  703): No fired or scheduled alerts
D/EmailProvider(  609): fromDatabase accounts: 0
D/EmailProvider(  609): ending toDatabase transaction; copyCount = 0
D/EmailProvider(  609): ending fromDatabase transaction; copyCount = 0
W/MediaScanner(  455): Error opening directory '/mnt/sdcard/.android_secure/', skipping: Permission denied.
D/dalvikvm(  283): GC_EXPLICIT freed 1537K, 31% free 5740K/8284K, paused 3ms+7ms, total 84ms
W/ActivityManager(  283): Unable to start service Intent { cmp=com.android.email/.service.AttachmentDownloadService } U=0: not found
W/ActivityManager(  283): Unable to start service Intent { cmp=com.android.email/.service.AttachmentDownloadService } U=0: not found
D/ExchangeService(  626): !!! EAS ExchangeService, onStartCommand, startingUp = true, running = false
D/dalvikvm(  609): GC_CONCURRENT freed 197K, 10% free 2583K/2844K, paused 20ms+2ms, total 73ms
W/ActivityManager(  283): Unable to start service Intent { cmp=com.android.email/.service.AttachmentDownloadService } U=0: not found
V/MediaScanner(  455): pruneDeadThumbnailFiles... android.database.sqlite.SQLiteCursor@40d04bc0
V/MediaScanner(  455): /pruneDeadThumbnailFiles... android.database.sqlite.SQLiteCursor@40d04bc0
D/dalvikvm(  455): GREF has increased to 201
D/dalvikvm(  401): GC_CONCURRENT freed 2209K, 22% free 8227K/10520K, paused 16ms+6ms, total 82ms
W/MediaScanner(  455): Error opening directory '/mnt/sdcard/.android_secure/', skipping: Permission denied.
V/MediaScanner(  455): pruneDeadThumbnailFiles... android.database.sqlite.SQLiteCursor@40d1d750
V/MediaScanner(  455): /pruneDeadThumbnailFiles... android.database.sqlite.SQLiteCursor@40d1d750
D/SystemClock(  283): Setting time of day to sec=1483703812
I/AudioService(  283):  AudioFocus  abandonAudioFocus() from android.media.AudioManager@40cd9240com.android.music.MediaPlaybackService$3@40cd7e60
D/dalvikvm(  283): GC_EXPLICIT freed 162K, 31% free 5720K/8284K, paused 4ms+6ms, total 83ms
D/AndroidRuntime(  763): 
D/AndroidRuntime(  763): >>>>>> AndroidRuntime START com.android.internal.os.RuntimeInit <<<<<<
D/AndroidRuntime(  763): CheckJNI is ON
D/dalvikvm(  763): Trying to load lib libjavacore.so 0x0
D/dalvikvm(  763): Added shared lib libjavacore.so 0x0
D/dalvikvm(  763): Trying to load lib libnativehelper.so 0x0
D/dalvikvm(  763): Added shared lib libnativehelper.so 0x0
D/AndroidRuntime(  763): Calling main entry com.android.commands.am.Am
D/dalvikvm(  763): Note: class Landroid/app/ActivityManagerNative; has 157 unimplemented (abstract) methods
D/dalvikvm(  773): Not late-enabling CheckJNI (already on)
I/ActivityManager(  283): Start proc it.unina.android.ripper_service:android_ripper_service_process for service it.unina.android.ripper_service/.AndroidRipperService: pid=773 uid=10049 gids={50049, 3003, 1028}
D/AndroidRuntime(  763): Shutting down VM
D/dalvikvm(  763): GC_CONCURRENT freed 91K, 16% free 490K/584K, paused 1ms+1ms, total 21ms
E/Trace   (  773): error opening trace file: No such file or directory (2)
V/AndroidRipperService(  773): onCreate()
V/SERVER  (  773): Starting ServerSocket on PORT 8888
V/SERVER  (  773): Started ServerSocket on PORT 8888
V/SERVER  (  773): Ready to accept connections on port: 8888
D/AndroidRuntime(  794): 
D/AndroidRuntime(  794): >>>>>> AndroidRuntime START com.android.internal.os.RuntimeInit <<<<<<
D/AndroidRuntime(  794): CheckJNI is ON
D/dalvikvm(  794): Trying to load lib libjavacore.so 0x0
D/dalvikvm(  794): Added shared lib libjavacore.so 0x0
D/dalvikvm(  794): Trying to load lib libnativehelper.so 0x0
D/dalvikvm(  794): Added shared lib libnativehelper.so 0x0
D/AndroidRuntime(  794): Calling main entry com.android.commands.am.Am
D/dalvikvm(  794): Note: class Landroid/app/ActivityManagerNative; has 157 unimplemented (abstract) methods
I/ActivityManager(  283): Force stopping package net.fercanet.LNM appid=10048 user=0
I/ActivityManager(  283): Start proc net.fercanet.LNM for added application net.fercanet.LNM: pid=806 uid=10048 gids={50048, 1015, 1028}
I/dalvikvm(  806): Turning on JNI app bug workarounds for target SDK version 3...
E/Trace   (  806): error opening trace file: No such file or directory (2)
D/PolideaInstrumentationTestRunner(  806): Creating the Test Runner with arguments: [coverage, class]
D/PolideaInstrumentationTestRunner(  806): Test runner is running with the following parameters:
D/PolideaInstrumentationTestRunner(  806): junitOutputDirectory: /data/data/net.fercanet.LNM/files
D/PolideaInstrumentationTestRunner(  806): junitOutputFilePostfix: -TEST.xml
D/PolideaInstrumentationTestRunner(  806): junitNoPackagePrefix: NO_PACKAGE
D/PolideaInstrumentationTestRunner(  806): junitSplitLevel: package
D/PolideaInstrumentationTestRunner(  806): junitSingleFileName: ALL-TEST.xml
D/PolideaInstrumentationTestRunner(  806): Creating output directory if it does not exist
D/PolideaInstrumentationTestRunner(  806): Created directory? false
D/PolideaInstrumentationTestRunner(  806): Deleting old files
D/PolideaInstrumentationTestRunner(  806): Deleting: [/data/data/net.fercanet.LNM/files/it.unina.android.ripper-TEST.xml]
D/dalvikvm(  806): GC_CONCURRENT freed 216K, 10% free 2583K/2864K, paused 5ms+21ms, total 58ms
I/System.out(  806): EMMA: collecting runtime coverage data ...
D/PolideaInstrumentationTestRunner(  806): Getting android test runner
D/PolideaInstrumentationTestRunner(  806): JUnit test output enabled
W/dalvikvm(  806): method Landroid/test/InstrumentationTestRunner$StringResultPrinter;.print incorrectly overrides package-private method with same name in Ljunit/textui/ResultPrinter;
D/PolideaInstrumentationTestRunner(  806): Starting test: testApplication(it.unina.android.ripper.RipperTestCase)
I/TestRunner(  806): started: testApplication(it.unina.android.ripper.RipperTestCase)
V/AndroidRipperService(  773): onBind()
V/AndroidRipperService(  773): register()
V/AndroidRipperService(  773): onBind()
I/ActivityManager(  283): START u0 {act=android.intent.action.MAIN flg=0x10000000 cmp=net.fercanet.LNM/.MainMenu} from pid 806
D/PermissionCache(   37): checking android.permission.READ_FRAME_BUFFER for uid=1000 => granted (9805 us)
W/WindowManager(  283): Failure taking screenshot for (246x410) to layer 21000
E/SurfaceFlinger(   37): ro.sf.lcd_density must be defined as a build property
I/Choreographer(  283): Skipped 35 frames!  The application may be doing too much work on its main thread.
I/dalvikvm(  283): Jit: resizing JitTable from 4096 to 8192
D/dalvikvm(  806): GC_FOR_ALLOC freed 247K, 11% free 2636K/2948K, paused 44ms, total 54ms
I/dalvikvm-heap(  806): Grow heap (frag case) to 3.218MB for 614416-byte allocation
D/dalvikvm(  806): GC_FOR_ALLOC freed <1K, 9% free 3236K/3552K, paused 50ms, total 50ms
D/dalvikvm(  806): GC_CONCURRENT freed 1K, 9% free 3234K/3552K, paused 7ms+2ms, total 60ms
E/SurfaceFlinger(   37): ro.sf.lcd_density must be defined as a build property
D/gralloc_goldfish(  806): Emulator without GPU emulation detected.
V/        (  773): ready
V/RipperService(  773): PING
V/AndroidRipperService(  773): mHandler.handleMessage() RECIVED
V/AndroidRipperService(  773): broadcast()
I/AndroidRipper(  806): Recived message: PING
V/RipperTestCase(  806): Not ready to operate!
V/AndroidRipperService(  773): broadcast() done
V/        (  773): ready
I/ActivityManager(  283): Displayed net.fercanet.LNM/.MainMenu: +1s746ms
I/AndroidRipper(  806): [RipperTestCase] Ready to operate after restarting...
V/RipperService(  773): PING
V/AndroidRipperService(  773): mHandler.handleMessage() RECIVED
V/AndroidRipperService(  773): broadcast()
I/AndroidRipper(  806): Recived message: PING
V/AndroidRipperService(  773): send()
I/System.out(  773): {"type":"PONG","index":"3"}
V/AndroidRipperService(  773): broadcast() done
V/        (  773): ready
V/RipperService(  773): END
V/AndroidRipperService(  773): mHandler.handleMessage() RECIVED
V/AndroidRipperService(  773): broadcast()
I/AndroidRipper(  806): Recived message: END
V/AndroidRipperService(  773): broadcast() done
V/        (  773): ready
