W/Resources(   38): Preloaded drawable resource #0x10805c2 (android:drawable/tab_unselected_pressed_holo) that varies with configuration!!
W/Resources(   38): Preloaded drawable resource #0x10805bd (android:drawable/tab_selected_pressed_holo) that varies with configuration!!
W/Resources(   38): Preloaded drawable resource #0x10804a5 (android:drawable/quickcontact_badge_overlay_pressed_dark) that varies with configuration!!
W/Resources(   38): Preloaded drawable resource #0x10804a0 (android:drawable/quickcontact_badge_overlay_focused_dark) that varies with configuration!!
W/Resources(   38): Preloaded drawable resource #0x10804a3 (android:drawable/quickcontact_badge_overlay_normal_dark) that varies with configuration!!
W/Resources(   38): Preloaded drawable resource #0x10804a3 (android:drawable/quickcontact_badge_overlay_normal_dark) that varies with configuration!!
W/Resources(   38): Preloaded drawable resource #0x10804a3 (android:drawable/quickcontact_badge_overlay_normal_dark) that varies with configuration!!
D/dalvikvm(   38): GC_EXPLICIT freed 56K, 26% free 2365K/3156K, paused 3ms+3ms, total 86ms
W/Resources(   38): Preloaded drawable resource #0x10804a5 (android:drawable/quickcontact_badge_overlay_pressed_dark) that varies with configuration!!
W/Resources(   38): Preloaded drawable resource #0x10804a6 (android:drawable/quickcontact_badge_overlay_pressed_light) that varies with configuration!!
W/Resources(   38): Preloaded drawable resource #0x10804a1 (android:drawable/quickcontact_badge_overlay_focused_light) that varies with configuration!!
W/Resources(   38): Preloaded drawable resource #0x10804a4 (android:drawable/quickcontact_badge_overlay_normal_light) that varies with configuration!!
W/Resources(   38): Preloaded drawable resource #0x10804a4 (android:drawable/quickcontact_badge_overlay_normal_light) that varies with configuration!!
W/Resources(   38): Preloaded drawable resource #0x10804a4 (android:drawable/quickcontact_badge_overlay_normal_light) that varies with configuration!!
W/Resources(   38): Preloaded drawable resource #0x10804a6 (android:drawable/quickcontact_badge_overlay_pressed_light) that varies with configuration!!
I/Zygote  (   38): ...preloaded 270 resources in 10226ms.
D/dalvikvm(   38): GC_EXPLICIT freed 48K, 25% free 2369K/3156K, paused 2ms+15ms, total 45ms
I/Zygote  (   38): ...preloaded 31 resources in 174ms.
D/dalvikvm(   38): GC_EXPLICIT freed 9K, 25% free 2377K/3156K, paused 3ms+3ms, total 84ms
D/dalvikvm(   38): GC_EXPLICIT freed 7K, 25% free 2369K/3156K, paused 3ms+42ms, total 82ms
D/dalvikvm(   38): GC_EXPLICIT freed <1K, 25% free 2369K/3156K, paused 3ms+5ms, total 85ms
I/dalvikvm(   38): System server process 319 has been created
I/Zygote  (   38): Accepting command socket connections
E/BatteryService(  319): usbOnlinePath not found
E/BatteryService(  319): wirelessOnlinePath not found
E/BatteryService(  319): batteryVoltagePath not found
E/BatteryService(  319): batteryTemperaturePath not found
I/sysproc (  319): Entered system_init()
I/sysproc (  319): ServiceManager: 0x2a173838
D/SensorService(  319): nuSensorService starting...
I/SensorService(  319): Goldfish 3-axis Accelerometer
I/SensorService(  319): Goldfish 3-axis Magnetic field sensor
I/SensorService(  319): Goldfish Orientation sensor
I/SensorService(  319): Goldfish Temperature sensor
I/SensorService(  319): Goldfish Proximity sensor
I/sysproc (  319): System server: starting Android runtime.
I/sysproc (  319): System server: starting Android services.
I/SystemServer(  319): Entered the Android system server!
I/sysproc (  319): System server: entering thread pool.
D/SensorService(  319): nuSensorService thread starting...
I/SystemServer(  319): Enabled StrictMode logging for UI Looper
I/SystemServer(  319): Waiting for installd to be ready.
I/Installer(  319): connecting...
I/installd(   41): new connection
I/SystemServer(  319): Entropy Mixer
I/SystemServer(  319): Enabled StrictMode logging for WM Looper
I/SystemServer(  319): Power Manager
E/PowerManagerService-JNI(  319): Couldn't load power module (No such file or directory)
I/SystemServer(  319): Activity Manager
I/ActivityManager(  319): Memory class: 48
W/UsageStats(  319): Usage stats version changed; dropping
W/ProcessStats(  319): Skipping unknown process pid 337
W/ProcessStats(  319): Skipping unknown process pid 340
I/ActivityManager(  319): Enabled StrictMode logging for AThread's Looper
I/SystemServer(  319): Display Manager
E/SurfaceFlinger(   37): ro.sf.lcd_density must be defined as a build property
I/DisplayManagerService(  319): Display device added: DisplayDeviceInfo{"Built-in Screen": 480 x 800, 260.416 fps, density 240, 240.0 x 240.0 dpi, touch INTERNAL, FLAG_DEFAULT_DISPLAY, FLAG_ROTATES_WITH_CONTENT, FLAG_SECURE, FLAG_SUPPORTS_PROTECTED_BUFFERS, rotation 0, type BUILT_IN, address null}
I/SystemServer(  319): Telephony Registry
I/SystemServer(  319): Scheduling Policy
I/SystemServer(  319): Package Manager
D/dalvikvm(  319): GC_CONCURRENT freed 202K, 10% free 2588K/2852K, paused 4ms+4ms, total 89ms
D/dalvikvm(  319): GC_CONCURRENT freed 269K, 11% free 2726K/3052K, paused 4ms+15ms, total 209ms
W/PackageManager(  319): Running ENG build: no pre-dexopt!
D/dalvikvm(  319): GC_CONCURRENT freed 215K, 9% free 2904K/3176K, paused 4ms+11ms, total 57ms
W/PackageParser(  319): No actions in intent filter at /system/app/Contacts.apk Binary XML file line #533
D/dalvikvm(  319): GC_CONCURRENT freed 200K, 8% free 3105K/3348K, paused 4ms+2ms, total 230ms
D/dalvikvm(  319): GC_CONCURRENT freed 225K, 8% free 3306K/3588K, paused 6ms+33ms, total 75ms
W/PackageManager(  319): Package com.android.camera desires unavailable shared library com.google.android.media.effects; ignoring!
D/PackageManager(  319): No files in app dir /vendor/app
D/dalvikvm(  319): GC_CONCURRENT freed 211K, 8% free 3481K/3752K, paused 4ms+4ms, total 89ms
W/PackageParser(  319): No actions in intent filter at /data/app/ApiDemos.apk Binary XML file line #2737
W/PackageParser(  319): No actions in intent filter at /data/app/ApiDemos.apk Binary XML file line #2743
W/PackageManager(  319): Package com.example.android.apis desires unavailable shared library com.example.will.never.exist; ignoring!
I/PackageParser(  319): net.fercanet.LNM: compat added android.permission.READ_PHONE_STATE
D/dalvikvm(  319): GC_CONCURRENT freed 205K, 7% free 3689K/3956K, paused 5ms+3ms, total 195ms
I/PackageManager(  319): Time to scan packages: 4.458 seconds
W/PackageManager(  319): Unknown permission com.google.android.googleapps.permission.GOOGLE_AUTH.mail in package com.android.contacts
W/PackageManager(  319): Unknown permission android.permission.ADD_SYSTEM_SERVICE in package com.android.phone
W/PackageManager(  319): Unknown permission com.android.smspush.WAPPUSH_MANAGER_BIND in package com.android.phone
W/PackageManager(  319): Unknown permission com.google.android.googleapps.permission.GOOGLE_AUTH in package com.android.providers.calendar
W/PackageManager(  319): Unknown permission com.google.android.googleapps.permission.GOOGLE_AUTH.cl in package com.android.providers.calendar
W/PackageManager(  319): Unknown permission com.google.android.googleapps.permission.GOOGLE_AUTH.mail in package com.android.calendar
W/PackageManager(  319): Not granting permission android.permission.SEND_DOWNLOAD_COMPLETED_INTENTS to package com.android.browser (protectionLevel=2 flags=0x9be45)
W/PackageManager(  319): Not granting permission android.permission.BIND_APPWIDGET to package com.android.widgetpreview (protectionLevel=18 flags=0x8be44)
W/PackageManager(  319): Unknown permission com.google.android.googleapps.permission.GOOGLE_AUTH in package com.android.settings
W/PackageManager(  319): Unknown permission com.google.android.gallery3d.permission.GALLERY_PROVIDER in package com.android.exchange
W/PackageManager(  319): Unknown permission com.google.android.googleapps.permission.ACCESS_GOOGLE_PASSWORD in package com.android.development
W/PackageManager(  319): Unknown permission com.google.android.googleapps.permission.GOOGLE_AUTH in package com.android.development
W/PackageManager(  319): Unknown permission com.google.android.googleapps.permission.GOOGLE_AUTH.ALL_SERVICES in package com.android.development
W/PackageManager(  319): Unknown permission com.google.android.googleapps.permission.GOOGLE_AUTH.YouTubeUser in package com.android.development
W/PackageManager(  319): Unknown permission com.google.android.gallery3d.permission.GALLERY_PROVIDER in package com.android.email
W/PackageManager(  319): Not granting permission android.permission.DEVICE_POWER to package com.android.deskclock (protectionLevel=2 flags=0x8be45)
D/dalvikvm(  319): GC_EXPLICIT freed 327K, 11% free 3634K/4076K, paused 6ms+4ms, total 141ms
I/SystemServer(  319): User Service
I/SystemServer(  319): Account Manager
I/SystemServer(  319): Content Manager
I/SystemServer(  319): System Content Providers
I/SystemServer(  319): Lights Service
I/SystemServer(  319): Battery Service
I/SystemServer(  319): Vibrator Service
I/libsuspend(  319): Selected early suspend
I/libsuspend(  319): Starting early suspend unblocker thread
D/PermissionCache(   37): checking android.permission.ACCESS_SURFACE_FLINGER for uid=1000 => granted (2248 us)
D/SurfaceFlinger(   37): Screen acquired, type=0 flinger=0x2a007318
D/SurfaceFlinger(   37):  screen was previously acquired
I/SystemServer(  319): Alarm Manager
D/AlarmManagerService(  319): Kernel timezone updated to 0 minutes west of GMT
I/SystemServer(  319): Init Watchdog
I/SystemServer(  319): Input Manager
I/InputManager(  319): Initializing input manager, mUseDevInputEventForAudioJack=false
I/SystemServer(  319): Window Manager
E/SoundPool(  319): error loading /system/media/audio/ui/Lock.ogg
W/KeyguardViewMediator(  319): failed to load lock sound from /system/media/audio/ui/Lock.ogg
E/SoundPool(  319): error loading /system/media/audio/ui/Unlock.ogg
W/KeyguardViewMediator(  319): failed to load unlock sound from /system/media/audio/ui/Unlock.ogg
I/InputManager(  319): Starting input manager
I/SystemServer(  319): No Bluetooh Service (emulator)
I/SystemServer(  319): Input Method Service
I/EventHub(  319): New device: id=1, fd=88, path='/dev/input/event0', name='qwerty2', classes=0x2d, configuration='/system/usr/idc/qwerty2.idc', keyLayout='/system/usr/keylayout/qwerty.kl', keyCharacterMap='/system/usr/keychars/qwerty2.kcm', builtinKeyboard=true, usingSuspendBlockIoctl=false, usingClockIoctl=false
E/EventHub(  319): could not get driver version for /dev/input/mouse0, Not a typewriter
E/EventHub(  319): could not get driver version for /dev/input/mice, Not a typewriter
I/InputReader(  319): Device added: id=-1, name='Virtual', sources=0x00000301
I/InputReader(  319):   Touch device 'qwerty2' could not query the properties of its associated display.  The device will be inoperable until the display size becomes available.
I/InputReader(  319): Device added: id=0, name='qwerty2', sources=0x00011307
E/Trace   (  319): error opening trace file: No such file or directory (2)
W/InputMethodManagerService(  319): Couldn't create dir.: /data/system/inputmethod
D/dalvikvm(  319): GC_CONCURRENT freed 299K, 9% free 3841K/4208K, paused 5ms+4ms, total 379ms
D/dalvikvm(  319): WAIT_FOR_CONCURRENT_GC blocked 34ms
I/SystemServer(  319): Accessibility Manager
I/ActivityManager(  319): Config changes=15f8 {1.0 ?mcc?mnc en_US ldltr sw320dp w320dp h508dp 240dpi nrml long port ?uimode ?night finger -keyb/v/h tball/v s.2}
I/InputReader(  319): Reconfiguring input devices.  changes=0x00000004
I/InputReader(  319): Device reconfigured: id=0, name='qwerty2', size 480x800, orientation 0, mode 1, display id 0
I/InputReader(  319): Reconfiguring input devices.  changes=0x00000004
I/SystemServer(  319): Mount Service
D/MountService(  319): got storage path: /mnt/sdcard description: USB storage primary: true removable: false emulated: false mtpReserve: 0 allowMassStorage: false maxFileSize: 0
D/MountService(  319): addVolumeLocked() StorageVolume [mStorageId=0 mPath=/mnt/sdcard mDescriptionId=17040615 mPrimary=true mRemovable=false mEmulated=false mMtpReserveSpace=0 mAllowMassStorage=false mMaxFileSize=0 mOwner=null]
I/InputReader(  319): Device reconfigured: id=0, name='qwerty2', size 480x800, orientation 0, mode 1, display id 0
I/SystemServer(  319): LockSettingsService
I/SystemServer(  319): Device Policy
D/dalvikvm(  319): GREF has increased to 201
D/MountService(  319): volume state changed for /mnt/sdcard (null -> unmounted)
I/PackageManager(  319): Updating external media status from unmounted to unmounted
W/MountService(  319): getSecureContainerList() called when storage not mounted
I/PackageManager(  319): No secure containers on sdcard
W/PackageManager(  319): Unknown permission com.google.android.googleapps.permission.GOOGLE_AUTH.mail in package com.android.contacts
I/SystemServer(  319): Status Bar
I/SystemServer(  319): Clipboard Service
I/SystemServer(  319): NetworkManagement Service
I/SystemServer(  319): Text Service Manager Service
W/PackageManager(  319): Unknown permission android.permission.ADD_SYSTEM_SERVICE in package com.android.phone
W/PackageManager(  319): Unknown permission com.android.smspush.WAPPUSH_MANAGER_BIND in package com.android.phone
W/PackageManager(  319): Unknown permission com.google.android.googleapps.permission.GOOGLE_AUTH in package com.android.providers.calendar
W/PackageManager(  319): Unknown permission com.google.android.googleapps.permission.GOOGLE_AUTH.cl in package com.android.providers.calendar
W/PackageManager(  319): Unknown permission com.google.android.googleapps.permission.GOOGLE_AUTH.mail in package com.android.calendar
W/PackageManager(  319): Not granting permission android.permission.SEND_DOWNLOAD_COMPLETED_INTENTS to package com.android.browser (protectionLevel=2 flags=0x89be45)
W/PackageManager(  319): Not granting permission android.permission.BIND_APPWIDGET to package com.android.widgetpreview (protectionLevel=18 flags=0x8be44)
W/PackageManager(  319): Unknown permission com.google.android.googleapps.permission.GOOGLE_AUTH in package com.android.settings
W/PackageManager(  319): Unknown permission com.google.android.gallery3d.permission.GALLERY_PROVIDER in package com.android.exchange
W/PackageManager(  319): Unknown permission com.google.android.googleapps.permission.ACCESS_GOOGLE_PASSWORD in package com.android.development
W/PackageManager(  319): Unknown permission com.google.android.googleapps.permission.GOOGLE_AUTH in package com.android.development
W/PackageManager(  319): Unknown permission com.google.android.googleapps.permission.GOOGLE_AUTH.ALL_SERVICES in package com.android.development
W/PackageManager(  319): Unknown permission com.google.android.googleapps.permission.GOOGLE_AUTH.YouTubeUser in package com.android.development
W/PackageManager(  319): Unknown permission com.google.android.gallery3d.permission.GALLERY_PROVIDER in package com.android.email
W/PackageManager(  319): Not granting permission android.permission.DEVICE_POWER to package com.android.deskclock (protectionLevel=2 flags=0x88be45)
I/SystemServer(  319): NetworkStats Service
I/SystemServer(  319): NetworkPolicy Service
D/dalvikvm(  319): GC_CONCURRENT freed 286K, 8% free 3980K/4296K, paused 5ms+3ms, total 79ms
I/SystemServer(  319): Wi-Fi P2pService
I/SystemServer(  319): Wi-Fi Service
E/CommandListener(   34): Failed to open /proc/sys/net/ipv6/conf/wlan0/disable_ipv6: No such file or directory
E/WifiStateMachine(  319): Failed to disable IPv6: java.lang.IllegalStateException: command '1 interface ipv6 wlan0 disable' failed with '400 1 Failed to change IPv6 state (No such file or directory)'
I/SystemServer(  319): Connectivity Service
D/ConnectivityService(  319): ConnectivityService starting up
E/MobileDataStateTracker(  319): default: Ignoring feature request because could not acquire PhoneService
E/MobileDataStateTracker(  319): default: Could not enable APN type "default"
I/WifiService(  319): WifiService starting up with Wi-Fi disabled
I/SystemServer(  319): Network Service Discovery Service
D/NsdService(  319): Network service discovery enabled true
I/SystemServer(  319): Throttle Service
I/SystemServer(  319): UpdateLock Service
I/SystemServer(  319): Notification Manager
I/SystemServer(  319): Device Storage Monitor
I/SystemServer(  319): Location Manager
I/SystemServer(  319): Country Detector
I/SystemServer(  319): Search Service
I/SystemServer(  319): DropBox Service
I/SystemServer(  319): Wallpaper Service
I/SystemServer(  319): Audio Service
D/dalvikvm(  319): GC_CONCURRENT freed 261K, 8% free 4146K/4472K, paused 5ms+6ms, total 113ms
I/SystemServer(  319): Dock Observer
W/DockObserver(  319): This kernel does not have dock station support
I/SystemServer(  319): Wired Accessory Manager
W/WiredAccessoryManager(  319): This kernel does not have wired headset support
W/WiredAccessoryManager(  319): This kernel does not have usb audio support
W/WiredAccessoryManager(  319): This kernel does not have HDMI audio support
I/SystemServer(  319): USB Service
I/SystemServer(  319): Serial Service
I/SystemServer(  319): Twilight Service
I/SystemServer(  319): UI Mode Manager Service
I/SystemServer(  319): Backup Service
V/BackupManagerService(  319): No ancestral data
I/BackupManagerService(  319): Found stale backup journal, scheduling
I/BackupManagerService(  319):   android
I/BackupManagerService(  319):   com.android.browser
I/BackupManagerService(  319):   com.android.calendar
I/BackupManagerService(  319):   com.android.inputmethod.latin
I/BackupManagerService(  319):   com.android.providers.settings
I/BackupManagerService(  319):   com.android.providers.userdictionary
I/BackupManagerService(  319):   com.android.sharedstoragebackup
I/BackupManagerService(  319): Backup enabled => true
I/SystemServer(  319): AppWidget Service
I/SystemServer(  319): Recognition Service
I/SystemServer(  319): DiskStats Service
I/SystemServer(  319): SamplingProfiler Service
I/SystemServer(  319): NetworkTimeUpdateService
I/SystemServer(  319): CommonTimeManagementService
I/SystemServer(  319): CertBlacklister
I/SystemServer(  319): Dreams Service
I/WindowManager(  319): SAFE MODE not enabled
D/dalvikvm(  319): JIT started for system_server
D/dalvikvm(  319): GC_CONCURRENT freed 304K, 9% free 4253K/4624K, paused 5ms+24ms, total 331ms
I/ActivityManager(  319): System now ready
I/SystemServer(  319): Making services ready
I/Zygote  (  319): Process: zygote socket opened
I/ActivityManager(  319): Start proc com.android.systemui for service com.android.systemui/.SystemUIService: pid=411 uid=10034 gids={50034, 1028, 1015, 3002, 3001}
I/Vold    (   32): /dev/block/vold/179:0 being considered for volume sdcard
D/Vold    (   32): Volume sdcard state changing 1 (Idle-Unmounted) -> 3 (Checking)
D/MountService(  319): volume state changed for /mnt/sdcard (unmounted -> checking)
D/MountService(  319): sendStorageIntent Intent { act=android.intent.action.MEDIA_CHECKING dat=file:///mnt/sdcard (has extras) } to UserHandle{-1}
D/NetworkManagementService(  319): not enabling bandwidth control
I/keystore(   42): uid: 1000 action: e -> 7 state: 3 -> 3 retry: 4
W/NetworkStats(  319): bandwidth controls disabled, unable to track stats
W/NetworkPolicy(  319): bandwidth controls disabled, unable to enforce policy
I/keystore(   42): uid: 1000 action: e -> 7 state: 3 -> 3 retry: 4
I/ActivityManager(  319): Config changes=200 {1.0 ?mcc?mnc en_US ldltr sw320dp w320dp h508dp 240dpi nrml long port finger -keyb/v/h tball/v s.3}
W/RecognitionManagerService(  319): no available voice recognition services found for user 0
I//system/bin/fsck_msdos(   32): ** /dev/block/vold/179:0
I//system/bin/fsck_msdos(   32): ** Phase 1 - Read and Compare FATs
I//system/bin/fsck_msdos(   32): Attempting to allocate 2044 KB for FAT
D/dalvikvm(  319): GC_CONCURRENT freed 85K, 4% free 4641K/4792K, paused 50ms+179ms, total 425ms
D/dalvikvm(  319): WAIT_FOR_CONCURRENT_GC blocked 291ms
E/Trace   (  411): error opening trace file: No such file or directory (2)
D/SystemUIService(  411): loading: class com.android.systemui.statusbar.phone.PhoneStatusBar
D/dalvikvm(  319): GC_CONCURRENT freed 248K, 6% free 4917K/5228K, paused 5ms+58ms, total 249ms
D/dalvikvm(  319): WAIT_FOR_CONCURRENT_GC blocked 176ms
W/InputMethodManagerService(  319): Ignoring setImeWindowStatus of uid 1000 token: null
D/SystemUIService(  411): running: com.android.systemui.statusbar.phone.PhoneStatusBar@40cd23a0
W/InputMethodManagerService(  319): Found no subtypes in a system IME: com.android.inputmethod.pinyin
I/StatusBarManagerService(  319): registerStatusBar bar=com.android.internal.statusbar.IStatusBar$Stub$Proxy@40f41bd8
I/ActivityManager(  319): Start proc com.android.inputmethod.latin for service com.android.inputmethod.latin/.LatinIME: pid=449 uid=10010 gids={50010, 1028}
I/CommonTimeManagementService(  319): No common time service detected on this platform.  Common time services will be unavailable.
I/ActivityManager(  319): Start proc com.android.phone for added application com.android.phone: pid=464 uid=1001 gids={41001, 3002, 3001, 3003, 1015, 1028}
I/InputReader(  319): Reconfiguring input devices.  changes=0x00000030
I/ActivityManager(  319): START u0 {act=android.intent.action.MAIN cat=[android.intent.category.HOME] flg=0x10000000 cmp=com.android.launcher/com.android.launcher2.Launcher} from pid 0
W/SocketClient(   34): write error (Broken pipe)
D/dalvikvm(  319): JIT unchain all for threadid=55
D/dalvikvm(  411): GC_FOR_ALLOC freed 88K, 6% free 2664K/2808K, paused 32ms, total 36ms
I/dalvikvm-heap(  411): Grow heap (frag case) to 3.259MB for 635812-byte allocation
D/dalvikvm(  411): GC_CONCURRENT freed 5K, 5% free 3280K/3432K, paused 4ms+2ms, total 44ms
D/dalvikvm(  411): WAIT_FOR_CONCURRENT_GC blocked 18ms
I//system/bin/fsck_msdos(   32): Attempting to allocate 2044 KB for FAT
E/ThrottleService(  319): problem during onPollAlarm: java.lang.IllegalStateException: problem parsing stats: java.io.FileNotFoundException: /proc/net/xt_qtaguid/iface_stat_all: open failed: ENOENT (No such file or directory)
I/ActivityManager(  319): Start proc com.android.launcher for activity com.android.launcher/com.android.launcher2.Launcher: pid=481 uid=10020 gids={50020, 1028}
I/SystemServer(  319): Enabled StrictMode for system server main thread.
I/LocationBlacklist(  319): whitelist: []
I/LocationBlacklist(  319): blacklist: []
E/Trace   (  449): error opening trace file: No such file or directory (2)
D/dalvikvm(  319): GC_CONCURRENT freed 213K, 5% free 5340K/5616K, paused 795ms+8ms, total 1510ms
D/dalvikvm(  319): WAIT_FOR_CONCURRENT_GC blocked 73ms
D/dalvikvm(  319): WAIT_FOR_CONCURRENT_GC blocked 83ms
D/dalvikvm(  319): WAIT_FOR_CONCURRENT_GC blocked 230ms
E/Trace   (  481): error opening trace file: No such file or directory (2)
D/dalvikvm(  319): WAIT_FOR_CONCURRENT_GC blocked 665ms
E/Trace   (  464): error opening trace file: No such file or directory (2)
E/BluetoothAdapter(  411): Bluetooth binder is null
E/BluetoothAdapter(  411): Bluetooth binder is null
E/SurfaceFlinger(   37): ro.sf.lcd_density must be defined as a build property
E/BluetoothAdapter(  411): Bluetooth binder is null
I/LatinIME(  449): Hardware accelerated drawing: false
D/dalvikvm(  411): GC_CONCURRENT freed 64K, 4% free 3634K/3756K, paused 3ms+84ms, total 283ms
W/TelephonyProvider(  464): onCreate: confFile=/system/etc/apns-conf.xml oldCheckSum=-1
D/TelephonyManager(  464): getLteOnCdmaMode=0 curVal=-1 product_type='' lteOnCdmaProductType=''
D/dalvikvm(  319): GREF has increased to 301
D/TelephonyManager(  464): getLteOnCdmaMode=0 curVal=-1 product_type='' lteOnCdmaProductType=''
D/TelephonyManager(  464): getLteOnCdmaMode=0 curVal=-1 product_type='' lteOnCdmaProductType=''
D/dalvikvm(  319): GC_CONCURRENT freed 610K, 12% free 5439K/6116K, paused 6ms+5ms, total 374ms
E/BluetoothAdapter(  411): Bluetooth binder is null
W/InputAttributes(  449): No editor info for this field. Bug?
W/Settings(  464): Setting airplane_mode_on has moved from android.provider.Settings.System to android.provider.Settings.Global, returning read-only value.
W/Settings(  464): Setting auto_time has moved from android.provider.Settings.System to android.provider.Settings.Global, returning read-only global URI.
W/Settings(  464): Setting auto_time_zone has moved from android.provider.Settings.System to android.provider.Settings.Global, returning read-only global URI.
W/ActivityManager(  319): Unable to start service Intent { act=com.android.internal.telephony.IWapPushManager } U=0: not found
E/ActivityThread(  449): Failed to find provider info for com.android.inputmethod.latin.dictionarypack
E/BinaryDictionaryGetter(  449): Could not find a dictionary pack
W/InputMethodManagerService(  319): Found no subtypes in a system IME: com.android.inputmethod.pinyin
I/ActivityManager(  319): Start proc android.process.acore for content provider com.android.providers.userdictionary/.UserDictionaryProvider: pid=530 uid=10001 gids={50001, 3003, 1015, 1028}
D/        (  464): [ApnContext:default] set reason as dataEnabled,current state IDLE
D/        (  464): [ApnContext:default] setRetryCount: 0
D/        (  464): [ApnContext:mms] set reason as dataEnabled,current state IDLE
D/        (  464): [ApnContext:mms] setRetryCount: 0
D/        (  464): [ApnContext:supl] set reason as dataEnabled,current state IDLE
D/        (  464): [ApnContext:supl] setRetryCount: 0
D/        (  464): [ApnContext:hipri] set reason as dataEnabled,current state IDLE
D/        (  464): [ApnContext:hipri] setRetryCount: 0
D/        (  464): [ApnContext:fota] set reason as dataEnabled,current state IDLE
D/        (  464): [ApnContext:fota] setRetryCount: 0
D/        (  464): [ApnContext:ims] set reason as dataEnabled,current state IDLE
D/        (  464): [ApnContext:ims] setRetryCount: 0
D/        (  464): [ApnContext:cbs] set reason as dataEnabled,current state IDLE
D/        (  464): [ApnContext:cbs] setRetryCount: 0
D/dalvikvm(  464): GC_CONCURRENT freed 197K, 10% free 2573K/2828K, paused 4ms+3ms, total 103ms
D/TelephonyManager(  464): getLteOnCdmaMode=0 curVal=-1 product_type='' lteOnCdmaProductType=''
D/CallManager(  464): registerPhone(GSM Handler (com.android.internal.telephony.PhoneProxy) {40d02128})
E/BluetoothAdapter(  464): Bluetooth binder is null
E/BluetoothAdapter(  464): Bluetooth binder is null
E/Trace   (  530): error opening trace file: No such file or directory (2)
D/dalvikvm(  481): GC_CONCURRENT freed 182K, 9% free 2619K/2856K, paused 7ms+3ms, total 449ms
E/UserHistoryDictionary(  449): when loading: file not foundjava.io.FileNotFoundException: /data/data/com.android.inputmethod.latin/files/UserHistoryDictionary.en_US.dict: open failed: ENOENT (No such file or directory)
D/dalvikvm(  530): GC_CONCURRENT freed 179K, 9% free 2611K/2848K, paused 32ms+14ms, total 250ms
D/dalvikvm(  449): GC_CONCURRENT freed 243K, 11% free 2535K/2836K, paused 5ms+3ms, total 199ms
E/StrictMode(  449): A resource was acquired at attached stack trace but never released. See java.io.Closeable for information on avoiding resource leaks.
E/StrictMode(  449): java.lang.Throwable: Explicit termination method 'close' not called
E/StrictMode(  449): 	at dalvik.system.CloseGuard.open(CloseGuard.java:184)
E/StrictMode(  449): 	at android.os.ParcelFileDescriptor.<init>(ParcelFileDescriptor.java:412)
E/StrictMode(  449): 	at android.content.res.AssetManager.openNonAssetFdNative(Native Method)
E/StrictMode(  449): 	at android.content.res.AssetManager.openNonAssetFd(AssetManager.java:428)
E/StrictMode(  449): 	at android.content.res.Resources.openRawResourceFd(Resources.java:979)
E/StrictMode(  449): 	at com.android.inputmethod.latin.BinaryDictionaryGetter.loadFallbackResource(BinaryDictionaryGetter.java:183)
E/StrictMode(  449): 	at com.android.inputmethod.latin.BinaryDictionaryGetter.getDictionaryFiles(BinaryDictionaryGetter.java:456)
E/StrictMode(  449): 	at com.android.inputmethod.latin.DictionaryFactory.createMainDictionaryFromManager(DictionaryFactory.java:57)
E/StrictMode(  449): 	at com.android.inputmethod.latin.DictionaryFactory.createMainDictionaryFromManager(DictionaryFactory.java:87)
E/StrictMode(  449): 	at com.android.inputmethod.latin.Suggest$1.run(Suggest.java:108)
D/dalvikvm(  481): GC_FOR_ALLOC freed 51K, 4% free 2856K/2964K, paused 129ms, total 130ms
I/dalvikvm-heap(  481): Grow heap (frag case) to 4.213MB for 1440016-byte allocation
D/dalvikvm(  481): GC_FOR_ALLOC freed <1K, 3% free 4262K/4372K, paused 97ms, total 97ms
D/dalvikvm(  481): GC_CONCURRENT freed 11K, 3% free 4250K/4372K, paused 9ms+88ms, total 138ms
D/DebugService(  464): DebugService DebugService:
D/TelephonyDebugService(  464): TelephonyDebugService()
D/dalvikvm(  464): GC_CONCURRENT freed 315K, 13% free 2652K/3024K, paused 286ms+3ms, total 411ms
W/Settings(  464): Setting auto_time_zone has moved from android.provider.Settings.System to android.provider.Settings.Global, returning read-only value.
D/dalvikvm(  481): GC_CONCURRENT freed 198K, 6% free 4630K/4892K, paused 4ms+2ms, total 167ms
D/CAT     (  464): CatService: Running CAT service. STK app installed:false
D/CAT     (  464): CatService: NEW sInstance
D/gralloc_goldfish(  319): Emulator without GPU emulation detected.
I/Choreographer(  319): Skipped 183 frames!  The application may be doing too much work on its main thread.
I/Choreographer(  319): Skipped 5014 frames!  The application may be doing too much work on its main thread.
I/Choreographer(  481): Skipped 274 frames!  The application may be doing too much work on its main thread.
D/dalvikvm(  319): GC_CONCURRENT freed 506K, 10% free 5703K/6272K, paused 10ms+32ms, total 642ms
D/dalvikvm(  319): WAIT_FOR_CONCURRENT_GC blocked 73ms
D/dalvikvm(  319): WAIT_FOR_CONCURRENT_GC blocked 100ms
D/dalvikvm(  319): WAIT_FOR_CONCURRENT_GC blocked 102ms
D/CAT     (  464): CatService: SIM ready. Reporting STK service running now...
V/TAG     (  319): bug 7643792: fitSystemWindows([0,0][0,0])
D/dalvikvm(  464): GC_CONCURRENT freed 275K, 11% free 2773K/3104K, paused 3ms+287ms, total 832ms
D/dalvikvm(  319): GC_CONCURRENT freed 812K, 14% free 5721K/6600K, paused 21ms+118ms, total 605ms
D/dalvikvm(  319): WAIT_FOR_CONCURRENT_GC blocked 103ms
D/dalvikvm(  319): WAIT_FOR_CONCURRENT_GC blocked 220ms
D/dalvikvm(  319): WAIT_FOR_CONCURRENT_GC blocked 106ms
E/SurfaceFlinger(   37): ro.sf.lcd_density must be defined as a build property
V/TAG     (  319): bug 7643792: fitSystemWindows([0,0][0,0])
I/Choreographer(  481): Skipped 39 frames!  The application may be doing too much work on its main thread.
I/Choreographer(  319): Skipped 118 frames!  The application may be doing too much work on its main thread.
D/MccTable(  464): updateMccMncConfiguration: mcc=310, mnc=260
D/TelephonyManager(  464): getLteOnCdmaMode=0 curVal=-1 product_type='' lteOnCdmaProductType=''
D/MccTable(  464): locale set to en_us
D/MccTable(  464): WIFI_COUNTRY_CODE set to us
I/WifiService(  319): WifiService trying to set country code to us with persist set to true
I/ActivityManager(  319): Config changes=1403 {1.0 310mcc260mnc en_US ldltr sw320dp w320dp h508dp 240dpi nrml long port finger -keyb/v/h tball/v s.4}
W/SurfaceFlinger(   37): createScreenshotSurface failed (Function not implemented)
E/SurfaceFlinger(   37): ro.sf.lcd_density must be defined as a build property
W/ActivityManager(  319): Timeout executing service: ServiceRecord{40e97810 u0 com.android.systemui/.SystemUIService}
I/Process (  319): Sending signal. PID: 411 SIG: 3
I/dalvikvm(  411): threadid=3: reacting to signal 3
I/Choreographer(  481): Skipped 261 frames!  The application may be doing too much work on its main thread.
I/Process (  319): Sending signal. PID: 319 SIG: 3
I/dalvikvm(  319): threadid=3: reacting to signal 3
D/PhoneStatusBar(  411): disable: < expand icons alerts ticker system_info back home recent clock search >
I/dalvikvm(  411): Wrote stack traces to '/data/anr/traces.txt'
I/dalvikvm(  319): Wrote stack traces to '/data/anr/traces.txt'
I/Process (  319): Sending signal. PID: 464 SIG: 3
I/dalvikvm(  464): threadid=3: reacting to signal 3
W/WindowManager(  319): Window freeze timeout expired.
W/WindowManager(  319): Force clearing orientation change: Window{40e72848 u0 Keyguard}
W/Launcher.Model(  481): LoaderTask running with no launcher (loadAllAppsByBatch)
W/GpsLocationProvider(  319): Could not open GPS configuration file /etc/gps.conf
I/dalvikvm(  464): Wrote stack traces to '/data/anr/traces.txt'
D/dalvikvm(  464): GC_CONCURRENT freed 55K, 11% free 2774K/3104K, paused 34ms+7ms, total 209ms
E/BluetoothAdapter(  411): Bluetooth binder is null
D/SystemUIService(  411): loading: class com.android.systemui.power.PowerUI
D/SystemUIService(  411): running: com.android.systemui.power.PowerUI@40e43b50
D/dalvikvm(  319): GC_CONCURRENT freed 392K, 14% free 5704K/6600K, paused 62ms+621ms, total 2227ms
D/dalvikvm(  319): WAIT_FOR_CONCURRENT_GC blocked 2069ms
I/dalvikvm-heap(  319): Grow heap (frag case) to 6.707MB for 1128976-byte allocation
D/dalvikvm(  319): GC_FOR_ALLOC freed 19K, 12% free 6787K/7704K, paused 161ms, total 161ms
D/SystemUIService(  411): loading: class com.android.systemui.media.RingtonePlayer
D/SystemUIService(  411): running: com.android.systemui.media.RingtonePlayer@40e447d0
W/Settings(  464): Setting auto_time_zone has moved from android.provider.Settings.System to android.provider.Settings.Global, returning read-only value.
I/Choreographer(  411): Skipped 5559 frames!  The application may be doing too much work on its main thread.
I/Choreographer(  319): Skipped 1279 frames!  The application may be doing too much work on its main thread.
D/MccTable(  464): updateMccMncConfiguration: mcc=310, mnc=260
D/TelephonyManager(  464): getLteOnCdmaMode=0 curVal=-1 product_type='' lteOnCdmaProductType=''
D/MccTable(  464): locale set to en_us
D/MccTable(  464): WIFI_COUNTRY_CODE set to us
I/WifiService(  319): WifiService trying to set country code to us with persist set to true
I/ActivityManager(  319): Config changes=1400 {1.0 310mcc260mnc en_US ldltr sw320dp w320dp h508dp 240dpi nrml long port finger -keyb/v/h tball/v s.5}
W/WindowManager(  319): App freeze timeout expired.
W/WindowManager(  319): Force clearing freeze: AppWindowToken{40f3c898 token=Token{40f3a508 ActivityRecord{40f3a0d0 u0 com.android.launcher/com.android.launcher2.Launcher}}}
I/Choreographer(  319): Skipped 367 frames!  The application may be doing too much work on its main thread.
D/dalvikvm(  481): GC_FOR_ALLOC freed 351K, 8% free 4876K/5284K, paused 248ms, total 270ms
I/dalvikvm-heap(  481): Grow heap (frag case) to 6.187MB for 1440016-byte allocation
D/dalvikvm(  481): GC_CONCURRENT freed 26K, 7% free 6256K/6692K, paused 325ms+4ms, total 495ms
D/dalvikvm(  481): WAIT_FOR_CONCURRENT_GC blocked 171ms
W/ProcessStats(  319): Skipping unknown process pid 618
D/dalvikvm(  464): GC_CONCURRENT freed 386K, 14% free 2901K/3344K, paused 9ms+3ms, total 234ms
D/dalvikvm(  464): WAIT_FOR_CONCURRENT_GC blocked 67ms
I//system/bin/fsck_msdos(   32): ** Phase 2 - Check Cluster Chains
V/TAG     (  319): bug 7643792: fitSystemWindows([0,38][0,0])
E/SurfaceFlinger(   37): ro.sf.lcd_density must be defined as a build property
W/ServiceWatcher(  319): com.google.android.location not found
W/ServiceWatcher(  319): com.google.android.location not found
W/LocationManagerService(  319): no network location provider found
W/ServiceWatcher(  319): com.google.android.location not found
I//system/bin/fsck_msdos(   32): ** Phase 3 - Checking Directories
I//system/bin/fsck_msdos(   32): ** Phase 4 - Checking for Lost Files
I//system/bin/fsck_msdos(   32): 13 files, 1044446 free (522223 clusters)
D/dalvikvm(  319): GC_EXPLICIT freed 414K, 9% free 7078K/7704K, paused 663ms+577ms, total 2538ms
W/WindowManager(  319): Window freeze timeout expired.
W/WindowManager(  319): Force clearing orientation change: Window{40ff9d40 u0 StatusBar}
W/ProcessStats(  319): Skipping unknown process pid 628
W/ProcessStats(  319): Skipping unknown process pid 630
D/dalvikvm(  319): GC_EXPLICIT freed 1328K, 26% free 5768K/7704K, paused 4ms+8ms, total 115ms
I/ActivityManager(  319): Start proc com.android.location.fused for service com.android.location.fused/.FusedLocationService: pid=631 uid=10022 gids={50022, 1028}
E/Trace   (  631): error opening trace file: No such file or directory (2)
D/PhoneStatusBar(  411): disable: < expand icons alerts ticker system_info BACK* HOME* RECENT* CLOCK* SEARCH* >
D/Launcher.Model(  481): Reload apps on config change. curr_mcc:310 prevmcc:0
I/Choreographer(  481): Skipped 2876 frames!  The application may be doing too much work on its main thread.
D/dalvikvm(  411): GC_CONCURRENT freed 166K, 5% free 3889K/4084K, paused 301ms+5ms, total 1820ms
D/dalvikvm(  464): GC_CONCURRENT freed 419K, 15% free 2889K/3364K, paused 23ms+110ms, total 264ms
I/Process (  319): Sending signal. PID: 481 SIG: 3
I/dalvikvm(  481): threadid=3: reacting to signal 3
I/Choreographer(  411): Skipped 2141 frames!  The application may be doing too much work on its main thread.
I/Process (  319): Sending signal. PID: 530 SIG: 3
I/dalvikvm(  530): threadid=3: reacting to signal 3
D/gralloc_goldfish(  411): Emulator without GPU emulation detected.
W/dalvikvm(  530): threadid=3: spin on suspend #1 threadid=14 (pcf=0)
D/dalvikvm(  530): Temporarily moving tid 559 to fg (was 0)
D/dalvikvm(  530): Temporarily raised priority on tid 559 (10 -> 0)
W/dalvikvm(  530): threadid=3: spin on suspend resolved in 1096 msec
D/dalvikvm(  530): Restored policy of 559 to 0
D/dalvikvm(  530): Restored priority on 559 to 10
I/Choreographer(  411): Skipped 66 frames!  The application may be doing too much work on its main thread.
I/dalvikvm(  481): Wrote stack traces to '/data/anr/traces.txt'
E/ActivityManager(  319): ANR in com.android.systemui
E/ActivityManager(  319): Reason: Executing service com.android.systemui/.SystemUIService
E/ActivityManager(  319): Load: 5.43 / 1.51 / 0.51
E/ActivityManager(  319): CPU usage from 2102ms to -12423ms ago:
E/ActivityManager(  319):   22% 319/system_server: 15% user + 7% kernel / faults: 4172 minor 4 major
E/ActivityManager(  319):   15% 37/surfaceflinger: 12% user + 3.2% kernel / faults: 8 minor
E/ActivityManager(  319):   10% 481/com.android.launcher: 7.5% user + 3.1% kernel / faults: 4628 minor 1 major
E/ActivityManager(  319):   7% 464/com.android.phone: 4.6% user + 2.3% kernel / faults: 1084 minor 1 major
E/ActivityManager(  319):   5.5% 411/com.android.systemui: 3.5% user + 1.9% kernel / faults: 1425 minor 4 major
E/ActivityManager(  319):   2.7% 92/bootanimation: 2.2% user + 0.4% kernel
E/ActivityManager(  319):   1.2% 530/android.process.acore: 1% user + 0.2% kernel / faults: 136 minor
E/ActivityManager(  319):   1.2% 416/fsck_msdos: 0.8% user + 0.4% kernel / faults: 763 minor
E/ActivityManager(  319):   0.6% 49/adbd: 0.2% user + 0.4% kernel / faults: 155 minor
E/ActivityManager(  319):   0.3% 449/com.android.inputmethod.latin: 0.2% user + 0% kernel / faults: 8 minor
E/ActivityManager(  319):   0.2% 36/rild: 0% user + 0.2% kernel / faults: 1 minor
E/ActivityManager(  319):   0% 1//init: 0% user + 0% kernel
E/ActivityManager(  319):   0% 31/servicemanager: 0% user + 0% kernel
E/ActivityManager(  319):  +0% 631/com.android.location.fused: 0% user + 0% kernel
E/ActivityManager(  319): 100% TOTAL: 68% user + 30% kernel + 0% irq
E/ActivityManager(  319): CPU usage from 9425ms to 10162ms later:
E/ActivityManager(  319):   41% 319/system_server: 26% user + 14% kernel / faults: 93 minor
E/ActivityManager(  319):     15% 336/ActivityManager: 9.5% user + 6.3% kernel
E/ActivityManager(  319):     11% 331/Binder_2: 4.7% user + 6.3% kernel
E/ActivityManager(  319):     11% 335/WindowManager: 11% user + 0% kernel
E/ActivityManager(  319):     9.5% 319/system_server: 7.9% user + 1.5% kernel
E/ActivityManager(  319):     7.9% 442/Binder_3: 6.3% user + 1.5% kernel
E/ActivityManager(  319):     7.9% 497/Binder_4: 6.3% user + 1.5% kernel
E/ActivityManager(  319):     7.9% 498/Binder_5: 6.3% user + 1.5% kernel
E/ActivityManager(  319):     4.7% 334/UI: 3.1% user + 1.5% kernel
E/ActivityManager(  319):     3.1% 324/Compiler: 0% user + 3.1% kernel
E/ActivityManager(  319):     1.5% 330/Binder_1: 0% user + 1.5% kernel
E/ActivityManager(  319):     1.5% 333/er.ServerThread: 1.5% user + 0% kernel
E/ActivityManager(  319):   17% 37/surfaceflinger: 14% user + 2.8% kernel
E/ActivityManager(  319):     13% 68/SurfaceFlinger: 13% user + 0% kernel
E/ActivityManager(  319):     1.4% 37/surfaceflinger: 0% user + 1.4% kernel
E/ActivityManager(  319):     1.4% 601/Binder_3: 1.4% user + 0% kernel
E/ActivityManager(  319):   5.8% 411/com.android.systemui: 3.5% user + 2.3% kernel / faults: 76 minor
E/ActivityManager(  319):     8.1% 415/GC: 6.4% user + 1.7% kernel
E/ActivityManager(  319):     3.5% 411/ndroid.systemui: 1.1% user + 2.3% kernel
E/ActivityManager(  319):     1.1% 421/Compiler: 0.5% user + 0.5% kernel
E/ActivityManager(  319):   4.1% 464/com.android.phone: 2.9% user + 1.1% kernel / faults: 30 minor
E/ActivityManager(  319):     2.3% 473/Compiler: 1.1% user + 1.1% kernel
E/ActivityManager(  319):     1.7% 464/m.android.phone: 1.7% user + 0% kernel
E/ActivityManager(  319):    +0% 647/GsmDC-1: 0% user + 0% kernel
E/ActivityManager(  319):    +0% 648/SyncHandler-0: 0% user + 0% kernel
E/ActivityManager(  319):   2.3% 481/com.android.launcher: 1.7% user + 0.5% kernel / faults: 60 minor
E/ActivityManager(  319):     4.6% 481/ndroid.launcher: 3.5% user + 1.1% kernel
E/ActivityManager(  319):   2.8% 92/bootanimation: 2.8% user + 0% kernel
E/ActivityManager(  319):     4.3% 110/BootAnimation: 4.3% user + 0% kernel
E/ActivityManager(  319):   0.5% 530/android.process.acore: 0.5% user + 0% kernel / faults: 1 minor
E/ActivityManager(  319):     2.9% 553/ApplicationsPro: 2.9% user + 0% kernel
E/ActivityManager(  319):  +0% 631/com.android.location.fused: 0% user + 0% kernel
E/ActivityManager(  319): 100% TOTAL: 66% user + 33% kernel
W/ActivityManager(  319): Killing ProcessRecord{40e97fd0 411:com.android.systemui/u0a10034}: background ANR
E/SurfaceFlinger(   37): ro.sf.lcd_density must be defined as a build property
D/dalvikvm(  319): GC_CONCURRENT freed 374K, 9% free 6245K/6844K, paused 21ms+18ms, total 260ms
D/dalvikvm(  319): WAIT_FOR_CONCURRENT_GC blocked 60ms
D/dalvikvm(  319): WAIT_FOR_CONCURRENT_GC blocked 258ms
D/dalvikvm(  319): WAIT_FOR_CONCURRENT_GC blocked 170ms
D/dalvikvm(  319): WAIT_FOR_CONCURRENT_GC blocked 112ms
I/Choreographer(  481): Skipped 60 frames!  The application may be doing too much work on its main thread.
D/gralloc_goldfish(  481): Emulator without GPU emulation detected.
D/dalvikvm(  319): GC_FOR_ALLOC freed 233K, 11% free 6354K/7084K, paused 633ms, total 634ms
D/dalvikvm(  481): GC_FOR_ALLOC freed 1503K, 27% free 5054K/6856K, paused 278ms, total 326ms
I/dalvikvm-heap(  481): Grow heap (frag case) to 6.382MB for 1463056-byte allocation
D/dalvikvm(  319): GC_FOR_ALLOC freed 248K, 14% free 6357K/7328K, paused 349ms, total 350ms
D/dalvikvm(  481): GC_CONCURRENT freed 10K, 22% free 6472K/8288K, paused 343ms+28ms, total 435ms
D/dalvikvm(  481): WAIT_FOR_CONCURRENT_GC blocked 92ms
D/dalvikvm(  481): WAIT_FOR_CONCURRENT_GC blocked 93ms
D/dalvikvm(  319): GC_FOR_ALLOC freed 12K, 9% free 6713K/7328K, paused 88ms, total 89ms
D/dalvikvm(  481): GC_FOR_ALLOC freed 1K, 22% free 6472K/8288K, paused 88ms, total 88ms
I/dalvikvm-heap(  481): Grow heap (frag case) to 7.767MB for 1463056-byte allocation
I/dalvikvm(  530): Wrote stack traces to '/data/anr/traces.txt'
D/dalvikvm(  481): GC_CONCURRENT freed 0K, 19% free 7901K/9720K, paused 3ms+14ms, total 105ms
D/dalvikvm(  481): WAIT_FOR_CONCURRENT_GC blocked 96ms
I/ActivityManager(  319): Displayed com.android.launcher/com.android.launcher2.Launcher: +35s390ms
I/Choreographer(  319): Skipped 2475 frames!  The application may be doing too much work on its main thread.
I/WindowState(  319): WIN DEATH: Window{40ff9d40 u0 StatusBar}
I/ActivityManager(  319): Process com.android.systemui (pid 411) has died.
W/ActivityManager(  319): Scheduling restart of crashed service com.android.systemui/.SystemUIService in 0ms
W/ActivityManager(  319): Scheduling restart of crashed service com.android.systemui/.ImageWallpaper in 0ms
I/ActivityManager(  319): Start proc com.android.systemui for restart com.android.systemui: pid=672 uid=10034 gids={50034, 1028, 1015, 3002, 3001}
W/ServiceWatcher(  319): com.google.android.location not found
E/LocationManagerService(  319): no geocoder provider found
I/Choreographer(  319): Skipped 151 frames!  The application may be doing too much work on its main thread.
D/dalvikvm(  319): GC_FOR_ALLOC freed 984K, 14% free 6643K/7692K, paused 184ms, total 198ms
I/dalvikvm-heap(  319): Grow heap (frag case) to 7.625MB for 1128976-byte allocation
D/dalvikvm(  319): GC_FOR_ALLOC freed 881K, 22% free 6864K/8796K, paused 79ms, total 79ms
E/Trace   (  672): error opening trace file: No such file or directory (2)
D/dalvikvm(  319): GC_CONCURRENT freed 36K, 23% free 6832K/8796K, paused 110ms+114ms, total 694ms
D/SystemUIService(  672): loading: class com.android.systemui.statusbar.phone.PhoneStatusBar
D/SystemUIService(  672): running: com.android.systemui.statusbar.phone.PhoneStatusBar@40cd84c8
I/StatusBarManagerService(  319): registerStatusBar bar=com.android.internal.statusbar.IStatusBar$Stub$Proxy@40d5cf10
W/WallpaperService(  319): Failed attaching wallpaper; clearing
W/WallpaperService(  319): android.os.DeadObjectException
W/WallpaperService(  319): 	at android.os.BinderProxy.transact(Native Method)
W/WallpaperService(  319): 	at android.service.wallpaper.IWallpaperService$Stub$Proxy.attach(IWallpaperService.java:95)
W/WallpaperService(  319): 	at com.android.server.WallpaperManagerService.attachServiceLocked(WallpaperManagerService.java:960)
W/WallpaperService(  319): 	at com.android.server.WallpaperManagerService$WallpaperConnection.onServiceConnected(WallpaperManagerService.java:233)
W/WallpaperService(  319): 	at android.app.LoadedApk$ServiceDispatcher.doConnected(LoadedApk.java:1101)
W/WallpaperService(  319): 	at android.app.LoadedApk$ServiceDispatcher$RunConnection.run(LoadedApk.java:1118)
W/WallpaperService(  319): 	at android.os.Handler.handleCallback(Handler.java:725)
W/WallpaperService(  319): 	at android.os.Handler.dispatchMessage(Handler.java:92)
W/WallpaperService(  319): 	at android.os.Looper.loop(Looper.java:137)
W/WallpaperService(  319): 	at com.android.server.ServerThread.run(SystemServer.java:1000)
W/WindowManager(  319): Window freeze timeout expired.
I/Choreographer(  319): Skipped 742 frames!  The application may be doing too much work on its main thread.
V/TAG     (  319): bug 7643792: fitSystemWindows([0,0][0,0])
D/dalvikvm(  481): GC_FOR_ALLOC freed 3415K, 33% free 4655K/6856K, paused 337ms, total 373ms
I/Vold    (   32): Filesystem check completed OK
I/Vold    (   32): Device /dev/block/vold/179:0, target /mnt/sdcard mounted @ /mnt/secure/staging
D/Vold    (   32): Volume sdcard state changing 3 (Checking) -> 4 (Mounted)
D/MountService(  319): volume state changed for /mnt/sdcard (checking -> mounted)
I/PackageManager(  319): Updating external media status from unmounted to mounted
D/MountService(  319): sendStorageIntent Intent { act=android.intent.action.MEDIA_MOUNTED dat=file:///mnt/sdcard (has extras) } to UserHandle{-1}
E/VoldConnector(  319): NDC Command {3 volume mount /mnt/sdcard} took too long (44380ms)
I/dalvikvm-heap(  481): Grow heap (frag case) to 6.062MB for 1536016-byte allocation
D/dalvikvm(  481): GC_CONCURRENT freed 19K, 27% free 6135K/8360K, paused 4ms+3ms, total 343ms
D/dalvikvm(  481): WAIT_FOR_CONCURRENT_GC blocked 331ms
I/PackageManager(  319): No secure containers on sdcard
D/dalvikvm(  481): GC_FOR_ALLOC freed <1K, 27% free 6135K/8360K, paused 35ms, total 52ms
I/dalvikvm-heap(  481): Grow heap (frag case) to 7.507MB for 1536016-byte allocation
D/dalvikvm(  481): GC_CONCURRENT freed <1K, 23% free 7635K/9864K, paused 5ms+16ms, total 64ms
D/dalvikvm(  481): WAIT_FOR_CONCURRENT_GC blocked 54ms
D/dalvikvm(  672): GC_CONCURRENT freed 111K, 6% free 2666K/2832K, paused 8ms+2ms, total 102ms
D/dalvikvm(  672): WAIT_FOR_CONCURRENT_GC blocked 84ms
I/dalvikvm-heap(  672): Grow heap (frag case) to 3.261MB for 635812-byte allocation
D/dalvikvm(  672): GC_FOR_ALLOC freed 5K, 6% free 3281K/3456K, paused 69ms, total 70ms
D/ConnectivityService(  319): ConnectivityChange for mobile: CONNECTED/CONNECTED
W/PackageManager(  319): Unknown permission com.google.android.googleapps.permission.GOOGLE_AUTH.mail in package com.android.contacts
W/PackageManager(  319): Unknown permission android.permission.ADD_SYSTEM_SERVICE in package com.android.phone
W/PackageManager(  319): Unknown permission com.android.smspush.WAPPUSH_MANAGER_BIND in package com.android.phone
W/PackageManager(  319): Unknown permission com.google.android.googleapps.permission.GOOGLE_AUTH in package com.android.providers.calendar
W/PackageManager(  319): Unknown permission com.google.android.googleapps.permission.GOOGLE_AUTH.cl in package com.android.providers.calendar
W/PackageManager(  319): Unknown permission com.google.android.googleapps.permission.GOOGLE_AUTH.mail in package com.android.calendar
W/PackageManager(  319): Not granting permission android.permission.SEND_DOWNLOAD_COMPLETED_INTENTS to package com.android.browser (protectionLevel=2 flags=0x89be45)
W/PackageManager(  319): Not granting permission android.permission.BIND_APPWIDGET to package com.android.widgetpreview (protectionLevel=18 flags=0x8be44)
W/PackageManager(  319): Unknown permission com.google.android.googleapps.permission.GOOGLE_AUTH in package com.android.settings
W/PackageManager(  319): Unknown permission com.google.android.gallery3d.permission.GALLERY_PROVIDER in package com.android.exchange
