D/dalvikvm(  437): GC_CONCURRENT freed 232K, 11% free 2541K/2832K, paused 8ms+397ms, total 501ms
E/StrictMode(  437): A resource was acquired at attached stack trace but never released. See java.io.Closeable for information on avoiding resource leaks.
E/StrictMode(  437): java.lang.Throwable: Explicit termination method 'close' not called
E/StrictMode(  437): 	at dalvik.system.CloseGuard.open(CloseGuard.java:184)
E/StrictMode(  437): 	at android.os.ParcelFileDescriptor.<init>(ParcelFileDescriptor.java:412)
E/StrictMode(  437): 	at android.content.res.AssetManager.openNonAssetFdNative(Native Method)
E/StrictMode(  437): 	at android.content.res.AssetManager.openNonAssetFd(AssetManager.java:428)
E/StrictMode(  437): 	at android.content.res.Resources.openRawResourceFd(Resources.java:979)
E/StrictMode(  437): 	at com.android.inputmethod.latin.BinaryDictionaryGetter.loadFallbackResource(BinaryDictionaryGetter.java:183)
E/StrictMode(  437): 	at com.android.inputmethod.latin.BinaryDictionaryGetter.getDictionaryFiles(BinaryDictionaryGetter.java:456)
E/StrictMode(  437): 	at com.android.inputmethod.latin.DictionaryFactory.createMainDictionaryFromManager(DictionaryFactory.java:57)
E/StrictMode(  437): 	at com.android.inputmethod.latin.DictionaryFactory.createMainDictionaryFromManager(DictionaryFactory.java:87)
E/StrictMode(  437): 	at com.android.inputmethod.latin.Suggest$1.run(Suggest.java:108)
I//system/bin/fsck_msdos(   32): ** Phase 2 - Check Cluster Chains
I//system/bin/fsck_msdos(   32): ** Phase 3 - Checking Directories
I//system/bin/fsck_msdos(   32): ** Phase 4 - Checking for Lost Files
I//system/bin/fsck_msdos(   32): 12 files, 1044448 free (522224 clusters)
I/Vold    (   32): Filesystem check completed OK
I/Vold    (   32): Device /dev/block/vold/179:0, target /mnt/sdcard mounted @ /mnt/secure/staging
D/Vold    (   32): Volume sdcard state changing 3 (Checking) -> 4 (Mounted)
D/MountService(  310): volume state changed for /mnt/sdcard (checking -> mounted)
I/PackageManager(  310): Updating external media status from unmounted to mounted
D/MountService(  310): sendStorageIntent Intent { act=android.intent.action.MEDIA_MOUNTED dat=file:///mnt/sdcard (has extras) } to UserHandle{-1}
I/Process (  310): Sending signal. PID: 403 SIG: 3
I/dalvikvm(  403): threadid=3: reacting to signal 3
E/VoldConnector(  310): NDC Command {3 volume mount /mnt/sdcard} took too long (27851ms)
I/dalvikvm(  310): Wrote stack traces to '/data/anr/traces.txt'
I/Process (  310): Sending signal. PID: 455 SIG: 3
I/dalvikvm(  455): threadid=3: reacting to signal 3
I/dalvikvm(  455): Wrote stack traces to '/data/anr/traces.txt'
D/dalvikvm(  455): GC_CONCURRENT freed 329K, 13% free 2672K/3060K, paused 4ms+815ms, total 1178ms
I/dalvikvm(  403): Wrote stack traces to '/data/anr/traces.txt'
D/dalvikvm(  477): GC_CONCURRENT freed 167K, 5% free 4656K/4888K, paused 5ms+26ms, total 171ms
I/Choreographer(  477): Skipped 49 frames!  The application may be doing too much work on its main thread.
W/ServiceWatcher(  310): com.google.android.location not found
E/LocationManagerService(  310): no geocoder provider found
W/Settings(  455): Setting auto_time_zone has moved from android.provider.Settings.System to android.provider.Settings.Global, returning read-only value.
E/SurfaceFlinger(   37): ro.sf.lcd_density must be defined as a build property
W/ActivityManager(  310): Activity idle timeout for ActivityRecord{40e2c1a0 u0 com.android.launcher/com.android.launcher2.Launcher}
D/dalvikvm(  310): GC_CONCURRENT freed 1734K, 24% free 5806K/7604K, paused 6ms+44ms, total 1194ms
D/dalvikvm(  310): WAIT_FOR_CONCURRENT_GC blocked 695ms
E/SurfaceFlinger(   37): ro.sf.lcd_density must be defined as a build property
E/VoldConnector(  310): NDC Command {4 asec list} took too long (2576ms)
I/PackageManager(  310): No secure containers on sdcard
D/dalvikvm(  310): GC_EXPLICIT freed 225K, 25% free 5708K/7604K, paused 31ms+218ms, total 1742ms
D/dalvikvm(  403): GC_FOR_ALLOC freed 19K, 5% free 3890K/4092K, paused 1191ms, total 1249ms
I/dalvikvm-heap(  403): Grow heap (frag case) to 9.964MB for 6410576-byte allocation
D/dalvikvm(  403): GC_CONCURRENT freed <1K, 2% free 10150K/10356K, paused 4ms+44ms, total 87ms
W/WindowManager(  310): Window freeze timeout expired.
W/WindowManager(  310): Force clearing orientation change: Window{40e915c0 u0 com.android.systemui.ImageWallpaper}
I/Choreographer(  477): Skipped 819 frames!  The application may be doing too much work on its main thread.
I/Process (  310): Sending signal. PID: 477 SIG: 3
I/dalvikvm(  477): threadid=3: reacting to signal 3
I/Process (  310): Sending signal. PID: 538 SIG: 3
I/dalvikvm(  538): threadid=3: reacting to signal 3
I/Process (  310): Sending signal. PID: 565 SIG: 3
I/dalvikvm(  565): threadid=3: reacting to signal 3
I/dalvikvm(  477): Wrote stack traces to '/data/anr/traces.txt'
I/Choreographer(  477): Skipped 128 frames!  The application may be doing too much work on its main thread.
I/dalvikvm(  538): Wrote stack traces to '/data/anr/traces.txt'
D/dalvikvm(  403): GC_FOR_ALLOC freed <1K, 2% free 10150K/10356K, paused 72ms, total 72ms
I/dalvikvm-heap(  403): Grow heap (frag case) to 12.662MB for 2828816-byte allocation
D/dalvikvm(  403): GC_CONCURRENT freed 0K, 2% free 12913K/13120K, paused 5ms+5ms, total 58ms
D/dalvikvm(  403): WAIT_FOR_CONCURRENT_GC blocked 53ms
E/ActivityManager(  310): ANR in com.android.inputmethod.latin
E/ActivityManager(  310): Reason: Executing service com.android.inputmethod.latin/.LatinIME
E/ActivityManager(  310): Load: 6.87 / 1.8 / 0.61
E/ActivityManager(  310): CPU usage from 4643ms to -10860ms ago:
E/ActivityManager(  310):   20% 310/system_server: 12% user + 7% kernel / faults: 3319 minor 5 major
E/ActivityManager(  310):   13% 37/surfaceflinger: 11% user + 2.5% kernel / faults: 6 minor
E/ActivityManager(  310):   8.8% 477/com.android.launcher: 5.7% user + 3% kernel / faults: 5341 minor 6 major
E/ActivityManager(  310):   6.9% 403/com.android.systemui: 5.2% user + 1.6% kernel / faults: 2562 minor 4 major
E/ActivityManager(  310):   4.9% 538/android.process.acore: 3.5% user + 1.3% kernel / faults: 1775 minor
E/ActivityManager(  310):   4% 455/com.android.phone: 2.1% user + 1.8% kernel / faults: 757 minor 6 major
E/ActivityManager(  310):   2.5% 86/bootanimation: 2% user + 0.5% kernel
E/ActivityManager(  310):   1.8% 565/android.process.media: 0.6% user + 1.1% kernel / faults: 995 minor 13 major
E/ActivityManager(  310):   0.4% 32/vold: 0% user + 0.4% kernel / faults: 19 minor
E/ActivityManager(  310):   0.6% 437/com.android.inputmethod.latin: 0.3% user + 0.2% kernel / faults: 758 minor 1 major
E/ActivityManager(  310):   0.7% 48/adbd: 0.1% user + 0.5% kernel / faults: 168 minor
E/ActivityManager(  310):   0.1% 29/mmcqd: 0% user + 0.1% kernel
E/ActivityManager(  310):   0.1% 31/servicemanager: 0% user + 0.1% kernel
E/ActivityManager(  310):   0.1% 36/rild: 0% user + 0.1% kernel
E/ActivityManager(  310):   0% 1//init: 0% user + 0% kernel / faults: 1 minor
E/ActivityManager(  310):   0% 38/zygote: 0% user + 0% kernel / faults: 64 minor
E/ActivityManager(  310):   0% 40/mediaserver: 0% user + 0% kernel
E/ActivityManager(  310):   0% 522/com.android.music: 0% user + 0% kernel / faults: 178 minor
E/ActivityManager(  310):  +0% 606/com.android.location.fused: 0% user + 0% kernel
E/ActivityManager(  310): 100% TOTAL: 65% user + 34% kernel + 0.1% softirq
E/ActivityManager(  310): CPU usage from 9079ms to 10069ms later:
E/ActivityManager(  310):   29% 403/com.android.systemui: 29% user + 0% kernel / faults: 11 minor
E/ActivityManager(  310):     39% 403/ndroid.systemui: 39% user + 0% kernel
E/ActivityManager(  310):   12% 37/surfaceflinger: 7.1% user + 5.7% kernel
E/ActivityManager(  310):     14% 66/SurfaceFlinger: 11% user + 2.8% kernel
E/ActivityManager(  310):     1.4% 83/EventThread: 0% user + 1.4% kernel
E/ActivityManager(  310):     1.4% 159/Binder_2: 0% user + 1.4% kernel
E/ActivityManager(  310):   9.3% 310/system_server: 8% user + 1.3% kernel / faults: 27 minor
E/ActivityManager(  310):     8% 329/WindowManager: 4% user + 4% kernel
E/ActivityManager(  310):     8% 330/ActivityManager: 5.3% user + 2.6% kernel
E/ActivityManager(  310):     1.3% 317/Compiler: 0% user + 1.3% kernel
E/ActivityManager(  310):   8.5% 477/com.android.launcher: 5.7% user + 2.8% kernel / faults: 92 minor
E/ActivityManager(  310):     21% 477/ndroid.launcher: 14% user + 7.1% kernel
E/ActivityManager(  310):     2.8% 485/Compiler: 2.8% user + 0% kernel
E/ActivityManager(  310):     1.4% 508/launcher-loader: 1.4% user + 0% kernel
E/ActivityManager(  310):   0.1% 1//init: 0.1% user + 0% kernel
E/ActivityManager(  310):   1.3% 86/bootanimation: 1.3% user + 0% kernel
E/ActivityManager(  310):     2.6% 106/BootAnimation: 2.6% user + 0% kernel
E/ActivityManager(  310):   0.2% 538/android.process.acore: 0.2% user + 0% kernel / faults: 7 minor
E/ActivityManager(  310):     0.2% 594/ApplicationsPro: 0.2% user + 0% kernel
E/ActivityManager(  310):   0.2% 565/android.process.media: 0.2% user + 0% kernel / faults: 13 minor
E/ActivityManager(  310):     0.2% 633/Thread-37: 0% user + 0.2% kernel
E/ActivityManager(  310): 100% TOTAL: 72% user + 28% kernel
I/SurfaceFlinger(   37): Boot is finished (74656 ms)
W/PackageManager(  310): Unknown permission com.google.android.googleapps.permission.GOOGLE_AUTH.mail in package com.android.contacts
I/dalvikvm(  565): Wrote stack traces to '/data/anr/traces.txt'
I/PowerManagerService(  310): Boot animation finished.
W/PackageManager(  310): Unknown permission android.permission.ADD_SYSTEM_SERVICE in package com.android.phone
W/PackageManager(  310): Unknown permission com.android.smspush.WAPPUSH_MANAGER_BIND in package com.android.phone
W/PackageManager(  310): Unknown permission com.google.android.googleapps.permission.GOOGLE_AUTH in package com.android.providers.calendar
W/PackageManager(  310): Unknown permission com.google.android.googleapps.permission.GOOGLE_AUTH.cl in package com.android.providers.calendar
W/PackageManager(  310): Unknown permission com.google.android.googleapps.permission.GOOGLE_AUTH.mail in package com.android.calendar
W/PackageManager(  310): Not granting permission android.permission.SEND_DOWNLOAD_COMPLETED_INTENTS to package com.android.browser (protectionLevel=2 flags=0x89be45)
W/PackageManager(  310): Not granting permission android.permission.BIND_APPWIDGET to package com.android.widgetpreview (protectionLevel=18 flags=0x8be44)
W/PackageManager(  310): Unknown permission com.google.android.googleapps.permission.GOOGLE_AUTH in package com.android.settings
W/PackageManager(  310): Unknown permission com.google.android.gallery3d.permission.GALLERY_PROVIDER in package com.android.exchange
W/PackageManager(  310): Unknown permission com.google.android.googleapps.permission.ACCESS_GOOGLE_PASSWORD in package com.android.development
W/PackageManager(  310): Unknown permission com.google.android.googleapps.permission.GOOGLE_AUTH in package com.android.development
W/PackageManager(  310): Unknown permission com.google.android.googleapps.permission.GOOGLE_AUTH.ALL_SERVICES in package com.android.development
W/PackageManager(  310): Unknown permission com.google.android.googleapps.permission.GOOGLE_AUTH.YouTubeUser in package com.android.development
W/PackageManager(  310): Unknown permission com.google.android.gallery3d.permission.GALLERY_PROVIDER in package com.android.email
W/PackageManager(  310): Not granting permission android.permission.DEVICE_POWER to package com.android.deskclock (protectionLevel=2 flags=0x88be45)
I/Choreographer(  310): Skipped 865 frames!  The application may be doing too much work on its main thread.
E/BluetoothAdapter(  310): Bluetooth binder is null
E/BluetoothAdapter(  310): Bluetooth binder is null
V/WiredAccessoryManager(  310): init()
E/SoundPool(  310): error loading /system/media/audio/ui/Effect_Tick.ogg
W/AudioService(  310): Soundpool could not load file: /system/media/audio/ui/Effect_Tick.ogg
E/SoundPool(  310): error loading /system/media/audio/ui/Effect_Tick.ogg
W/AudioService(  310): Soundpool could not load file: /system/media/audio/ui/Effect_Tick.ogg
E/SoundPool(  310): error loading /system/media/audio/ui/Effect_Tick.ogg
W/AudioService(  310): Soundpool could not load file: /system/media/audio/ui/Effect_Tick.ogg
E/SoundPool(  310): error loading /system/media/audio/ui/Effect_Tick.ogg
W/AudioService(  310): Soundpool could not load file: /system/media/audio/ui/Effect_Tick.ogg
E/SoundPool(  310): error loading /system/media/audio/ui/Effect_Tick.ogg
W/AudioService(  310): Soundpool could not load file: /system/media/audio/ui/Effect_Tick.ogg
E/SoundPool(  310): error loading /system/media/audio/ui/KeypressStandard.ogg
W/AudioService(  310): Soundpool could not load file: /system/media/audio/ui/KeypressStandard.ogg
E/SoundPool(  310): error loading /system/media/audio/ui/KeypressSpacebar.ogg
W/AudioService(  310): Soundpool could not load file: /system/media/audio/ui/KeypressSpacebar.ogg
E/SoundPool(  310): error loading /system/media/audio/ui/KeypressDelete.ogg
W/AudioService(  310): Soundpool could not load file: /system/media/audio/ui/KeypressDelete.ogg
E/SoundPool(  310): error loading /system/media/audio/ui/KeypressReturn.ogg
W/AudioService(  310): Soundpool could not load file: /system/media/audio/ui/KeypressReturn.ogg
W/AudioService(  310): loadSoundEffects(), Error -1 while loading samples
D/CAT     (  455): CatService: Running CAT service. STK app installed:false
D/CAT     (  455): CatService: NEW sInstance
I/Choreographer(  310): Skipped 48 frames!  The application may be doing too much work on its main thread.
I/ActivityManager(  310): Config changes=1400 {1.0 ?mcc?mnc en_US ldltr sw320dp w320dp h508dp 240dpi nrml long port finger -keyb/v/h tball/v s.4}
I/Choreographer(  310): Skipped 331 frames!  The application may be doing too much work on its main thread.
W/ActivityManager(  310): Killing ProcessRecord{40f63218 437:com.android.inputmethod.latin/u0a10010}: background ANR
I/ActivityManager(  310): Process com.android.inputmethod.latin (pid 437) has died.
W/ActivityManager(  310): Scheduling restart of crashed service com.android.inputmethod.latin/.LatinIME in 5000ms
D/dalvikvm(  477): GC_FOR_ALLOC freed 94K, 4% free 5175K/5388K, paused 114ms, total 121ms
D/dalvikvm(  477): GC_FOR_ALLOC freed 7K, 4% free 5675K/5896K, paused 30ms, total 40ms
D/dalvikvm(  310): GC_CONCURRENT freed 558K, 22% free 5986K/7604K, paused 245ms+6ms, total 359ms
D/dalvikvm(  310): WAIT_FOR_CONCURRENT_GC blocked 23ms
D/dalvikvm(  310): WAIT_FOR_CONCURRENT_GC blocked 94ms
D/dalvikvm(  310): WAIT_FOR_CONCURRENT_GC blocked 99ms
D/dalvikvm(  310): WAIT_FOR_CONCURRENT_GC blocked 50ms
D/dalvikvm(  310): WAIT_FOR_CONCURRENT_GC blocked 137ms
D/dalvikvm(  310): WAIT_FOR_CONCURRENT_GC blocked 135ms
D/dalvikvm(  310): GC_FOR_ALLOC freed 29K, 19% free 6231K/7604K, paused 115ms, total 116ms
I/dalvikvm-heap(  310): Grow heap (frag case) to 6.520MB for 393236-byte allocation
D/dalvikvm(  310): GC_FOR_ALLOC freed 261K, 21% free 6354K/7992K, paused 156ms, total 190ms
D/dalvikvm(  310): GC_FOR_ALLOC freed 1041K, 27% free 5847K/7992K, paused 297ms, total 299ms
D/dalvikvm(  310): WAIT_FOR_CONCURRENT_GC blocked 1163ms
D/dalvikvm(  310): WAIT_FOR_CONCURRENT_GC blocked 1249ms
D/AndroidRuntime(  695): 
D/AndroidRuntime(  695): >>>>>> AndroidRuntime START com.android.internal.os.RuntimeInit <<<<<<
D/AndroidRuntime(  695): CheckJNI is ON
D/dalvikvm(  695): Trying to load lib libjavacore.so 0x0
D/dalvikvm(  695): Added shared lib libjavacore.so 0x0
D/dalvikvm(  695): Trying to load lib libnativehelper.so 0x0
D/dalvikvm(  695): Added shared lib libnativehelper.so 0x0
D/dalvikvm(  477): GREF has increased to 201
I/Choreographer(  477): Skipped 1152 frames!  The application may be doing too much work on its main thread.
D/AndroidRuntime(  695): Calling main entry com.android.commands.am.Am
D/dalvikvm(  695): Note: class Landroid/app/ActivityManagerNative; has 157 unimplemented (abstract) methods
D/dalvikvm(  705): Not late-enabling CheckJNI (already on)
I/ActivityManager(  310): Start proc it.unina.android.ripper_service:android_ripper_service_process for service it.unina.android.ripper_service/.AndroidRipperService: pid=705 uid=10049 gids={50049, 3003, 1028}
D/AndroidRuntime(  695): Shutting down VM
D/dalvikvm(   38): GC_EXPLICIT freed 35K, 4% free 2381K/2472K, paused 5ms+4ms, total 91ms
D/dalvikvm(  695): GC_CONCURRENT freed 91K, 16% free 490K/584K, paused 1ms+1ms, total 7ms
D/dalvikvm(   38): GC_EXPLICIT freed <1K, 4% free 2381K/2472K, paused 2ms+11ms, total 83ms
D/dalvikvm(   38): GC_EXPLICIT freed <1K, 4% free 2382K/2472K, paused 2ms+3ms, total 69ms
D/CAT     (  455): CatService: SIM ready. Reporting STK service running now...
D/dalvikvm(  477): GC_FOR_ALLOC freed 15K, 4% free 6184K/6404K, paused 317ms, total 326ms
D/MccTable(  455): updateMccMncConfiguration: mcc=310, mnc=260
D/TelephonyManager(  455): getLteOnCdmaMode=0 curVal=-1 product_type='' lteOnCdmaProductType=''
D/MccTable(  455): locale set to en_us
D/MccTable(  455): WIFI_COUNTRY_CODE set to us
D/dalvikvm(  455): GC_CONCURRENT freed 300K, 12% free 2775K/3132K, paused 7ms+4ms, total 135ms
I/WifiService(  310): WifiService trying to set country code to us with persist set to true
I/ActivityManager(  310): Config changes=1403 {1.0 310mcc260mnc en_US ldltr sw320dp w320dp h508dp 240dpi nrml long port finger -keyb/v/h tball/v s.5}
W/SurfaceFlinger(   37): createScreenshotSurface failed (Function not implemented)
D/dalvikvm(  477): GC_FOR_ALLOC freed 2K, 4% free 7197K/7420K, paused 34ms, total 79ms
I/Choreographer(  403): Skipped 49 frames!  The application may be doing too much work on its main thread.
W/Settings(  455): Setting auto_time_zone has moved from android.provider.Settings.System to android.provider.Settings.Global, returning read-only value.
E/Trace   (  705): error opening trace file: No such file or directory (2)
I/Choreographer(  477): Skipped 562 frames!  The application may be doing too much work on its main thread.
D/MccTable(  455): updateMccMncConfiguration: mcc=310, mnc=260
D/TelephonyManager(  455): getLteOnCdmaMode=0 curVal=-1 product_type='' lteOnCdmaProductType=''
D/MccTable(  455): locale set to en_us
D/MccTable(  455): WIFI_COUNTRY_CODE set to us
D/dalvikvm(  310): GC_CONCURRENT freed 866K, 28% free 5831K/7992K, paused 6ms+114ms, total 538ms
D/dalvikvm(  310): WAIT_FOR_CONCURRENT_GC blocked 512ms
I/WifiService(  310): WifiService trying to set country code to us with persist set to true
I/ActivityManager(  310): Start proc com.android.inputmethod.latin for service com.android.inputmethod.latin/.LatinIME: pid=732 uid=10010 gids={50010, 1028}
I/ActivityManager(  310): Config changes=1400 {1.0 310mcc260mnc en_US ldltr sw320dp w320dp h508dp 240dpi nrml long port finger -keyb/v/h tball/v s.6}
D/AndroidRuntime(  731): 
D/AndroidRuntime(  731): >>>>>> AndroidRuntime START com.android.internal.os.RuntimeInit <<<<<<
D/AndroidRuntime(  731): CheckJNI is ON
D/dalvikvm(  731): Trying to load lib libjavacore.so 0x0
D/dalvikvm(  731): Added shared lib libjavacore.so 0x0
D/dalvikvm(  731): Trying to load lib libnativehelper.so 0x0
D/dalvikvm(  731): Added shared lib libnativehelper.so 0x0
I/Choreographer(  403): Skipped 32 frames!  The application may be doing too much work on its main thread.
W/Launcher.Model(  477): LoaderTask running with no launcher (loadAllAppsByBatch)
V/AndroidRipperService(  705): onCreate()
W/WindowManager(  310): Window freeze timeout expired.
W/WindowManager(  310): Force clearing orientation change: Window{40ef4710 u0 Keyguard}
D/AndroidRuntime(  731): Calling main entry com.android.commands.am.Am
D/dalvikvm(  731): Note: class Landroid/app/ActivityManagerNative; has 157 unimplemented (abstract) methods
I/ActivityManager(  310): Force stopping package net.mandaria.tippytipper appid=10048 user=0
D/dalvikvm(  755): Not late-enabling CheckJNI (already on)
I/ActivityManager(  310): Start proc net.mandaria.tippytipper for added application net.mandaria.tippytipper: pid=755 uid=10048 gids={50048, 1015, 3003, 1028}
E/Trace   (  732): error opening trace file: No such file or directory (2)
V/SERVER  (  705): Starting ServerSocket on PORT 8888
V/SERVER  (  705): Started ServerSocket on PORT 8888
I/dalvikvm(  755): Turning on JNI app bug workarounds for target SDK version 4...
I/FusedLocation(  606): engine started (com.android.location.fused)
D/dalvikvm(  310): GC_CONCURRENT freed 295K, 20% free 6403K/7992K, paused 5ms+6ms, total 280ms
D/dalvikvm(  310): WAIT_FOR_CONCURRENT_GC blocked 43ms
D/dalvikvm(  310): WAIT_FOR_CONCURRENT_GC blocked 174ms
D/dalvikvm(  310): WAIT_FOR_CONCURRENT_GC blocked 170ms
D/dalvikvm(  310): WAIT_FOR_CONCURRENT_GC blocked 223ms
D/dalvikvm(  310): WAIT_FOR_CONCURRENT_GC blocked 132ms
E/Trace   (  755): error opening trace file: No such file or directory (2)
D/dalvikvm(  455): GC_CONCURRENT freed 288K, 9% free 2952K/3224K, paused 5ms+3ms, total 268ms
I/LatinIME(  732): Hardware accelerated drawing: false
I/Choreographer(  310): Skipped 1177 frames!  The application may be doing too much work on its main thread.
W/InputAttributes(  732): No editor info for this field. Bug?
I/Choreographer(  310): Skipped 54 frames!  The application may be doing too much work on its main thread.
D/dalvikvm(  455): GC_CONCURRENT freed 475K, 16% free 2879K/3412K, paused 5ms+81ms, total 158ms
E/ActivityThread(  732): Failed to find provider info for com.android.inputmethod.latin.dictionarypack
E/BinaryDictionaryGetter(  732): Could not find a dictionary pack
W/InputMethodManagerService(  310): Found no subtypes in a system IME: com.android.inputmethod.pinyin
D/dalvikvm(  310): GC_CONCURRENT freed 793K, 18% free 6611K/7992K, paused 6ms+184ms, total 631ms
D/dalvikvm(  310): WAIT_FOR_CONCURRENT_GC blocked 443ms
I/dalvikvm-heap(  310): Grow heap (frag case) to 7.592MB for 1128976-byte allocation
D/dalvikvm(  310): GC_FOR_ALLOC freed 933K, 26% free 6780K/9096K, paused 150ms, total 151ms
W/WindowManager(  310): App freeze timeout expired.
W/WindowManager(  310): Force clearing freeze: AppWindowToken{40f85cf8 token=Token{40e6fa28 ActivityRecord{40e2c1a0 u0 com.android.launcher/com.android.launcher2.Launcher}}}
D/dalvikvm(  755): GC_CONCURRENT freed 208K, 10% free 2613K/2884K, paused 5ms+102ms, total 190ms
E/UserHistoryDictionary(  732): when loading: file not foundjava.io.FileNotFoundException: /data/data/com.android.inputmethod.latin/files/UserHistoryDictionary.en_US.dict: open failed: ENOENT (No such file or directory)
D/ConnectivityService(  310): ConnectivityChange for mobile: CONNECTED/CONNECTED
I/Choreographer(  403): Skipped 72 frames!  The application may be doing too much work on its main thread.
D/dalvikvm(  477): GC_FOR_ALLOC freed 3352K, 42% free 4882K/8292K, paused 631ms, total 649ms
I/dalvikvm-heap(  477): Grow heap (frag case) to 6.193MB for 1440016-byte allocation
D/dalvikvm(  477): GC_FOR_ALLOC freed 1461K, 42% free 4828K/8292K, paused 171ms, total 178ms
D/dalvikvm(  477): GC_CONCURRENT freed 1K, 42% free 4827K/8292K, paused 4ms+31ms, total 90ms
D/dalvikvm(  732): GC_CONCURRENT freed 240K, 11% free 2531K/2832K, paused 5ms+826ms, total 1090ms
E/StrictMode(  732): A resource was acquired at attached stack trace but never released. See java.io.Closeable for information on avoiding resource leaks.
E/StrictMode(  732): java.lang.Throwable: Explicit termination method 'close' not called
E/StrictMode(  732): 	at dalvik.system.CloseGuard.open(CloseGuard.java:184)
E/StrictMode(  732): 	at android.os.ParcelFileDescriptor.<init>(ParcelFileDescriptor.java:412)
E/StrictMode(  732): 	at android.content.res.AssetManager.openNonAssetFdNative(Native Method)
E/StrictMode(  732): 	at android.content.res.AssetManager.openNonAssetFd(AssetManager.java:428)
E/StrictMode(  732): 	at android.content.res.Resources.openRawResourceFd(Resources.java:979)
E/StrictMode(  732): 	at com.android.inputmethod.latin.BinaryDictionaryGetter.loadFallbackResource(BinaryDictionaryGetter.java:183)
E/StrictMode(  732): 	at com.android.inputmethod.latin.BinaryDictionaryGetter.getDictionaryFiles(BinaryDictionaryGetter.java:456)
E/StrictMode(  732): 	at com.android.inputmethod.latin.DictionaryFactory.createMainDictionaryFromManager(DictionaryFactory.java:57)
E/StrictMode(  732): 	at com.android.inputmethod.latin.DictionaryFactory.createMainDictionaryFromManager(DictionaryFactory.java:87)
E/StrictMode(  732): 	at com.android.inputmethod.latin.Suggest$1.run(Suggest.java:108)
I/System.out(  755): EMMA: collecting runtime coverage data ...
D/PolideaInstrumentationTestRunner(  755): Creating the Test Runner with arguments: [coverage, class]
D/PolideaInstrumentationTestRunner(  755): Test runner is running with the following parameters:
D/PolideaInstrumentationTestRunner(  755): junitOutputDirectory: /data/data/net.mandaria.tippytipper/files
D/PolideaInstrumentationTestRunner(  755): junitOutputFilePostfix: -TEST.xml
D/PolideaInstrumentationTestRunner(  755): junitNoPackagePrefix: NO_PACKAGE
D/PolideaInstrumentationTestRunner(  755): junitSplitLevel: package
D/PolideaInstrumentationTestRunner(  755): junitSingleFileName: ALL-TEST.xml
D/PolideaInstrumentationTestRunner(  755): Creating output directory if it does not exist
D/PolideaInstrumentationTestRunner(  755): Created directory? false
D/PolideaInstrumentationTestRunner(  755): Deleting old files
D/PolideaInstrumentationTestRunner(  755): Deleting: [/data/data/net.mandaria.tippytipper/files/it.unina.android.ripper-TEST.xml]
D/dalvikvm(  310): GC_CONCURRENT freed 1700K, 33% free 6183K/9096K, paused 34ms+24ms, total 240ms
D/dalvikvm(  310): WAIT_FOR_CONCURRENT_GC blocked 72ms
D/dalvikvm(  310): WAIT_FOR_CONCURRENT_GC blocked 222ms
D/dalvikvm(  310): GC_EXPLICIT freed 277K, 33% free 6155K/9096K, paused 25ms+16ms, total 238ms
D/PolideaInstrumentationTestRunner(  755): Getting android test runner
D/PolideaInstrumentationTestRunner(  755): JUnit test output enabled
I/Choreographer(  310): Skipped 865 frames!  The application may be doing too much work on its main thread.
W/dalvikvm(  755): method Landroid/test/InstrumentationTestRunner$StringResultPrinter;.print incorrectly overrides package-private method with same name in Ljunit/textui/ResultPrinter;
D/PolideaInstrumentationTestRunner(  755): Starting test: testApplication(it.unina.android.ripper.RipperTestCase)
I/TestRunner(  755): started: testApplication(it.unina.android.ripper.RipperTestCase)
V/AndroidRipperService(  705): onBind()
V/SERVER  (  705): Ready to accept connections on port: 8888
I/ActivityManager(  310): START u0 {act=android.intent.action.MAIN flg=0x10000000 cmp=net.mandaria.tippytipper/.activities.TippyTipper} from pid 755
V/AndroidRipperService(  705): register()
V/        (  705): ready
V/AndroidRipperService(  705): onBind()
V/RipperService(  705): PING
V/AndroidRipperService(  705): mHandler.handleMessage() RECIVED
V/AndroidRipperService(  705): broadcast()
I/AndroidRipper(  755): Recived message: PING
V/RipperTestCase(  755): Not ready to operate!
V/AndroidRipperService(  705): broadcast() done
V/        (  705): ready
E/SurfaceFlinger(   37): ro.sf.lcd_density must be defined as a build property
V/RipperService(  705): PING
V/AndroidRipperService(  705): mHandler.handleMessage() RECIVED
V/AndroidRipperService(  705): broadcast()
I/AndroidRipper(  755): Recived message: PING
V/RipperTestCase(  755): Not ready to operate!
V/AndroidRipperService(  705): broadcast() done
V/        (  705): ready
V/RipperService(  705): PING
V/AndroidRipperService(  705): mHandler.handleMessage() RECIVED
V/AndroidRipperService(  705): broadcast()
I/AndroidRipper(  755): Recived message: PING
V/RipperTestCase(  755): Not ready to operate!
V/AndroidRipperService(  705): broadcast() done
V/        (  705): ready
W/ActivityManager(  310): Activity pause timeout for ActivityRecord{40e2c1a0 u0 com.android.launcher/com.android.launcher2.Launcher}
D/dalvikvm(  310): GC_FOR_ALLOC freed 126K, 33% free 6142K/9096K, paused 97ms, total 137ms
I/dalvikvm-heap(  310): Grow heap (frag case) to 7.134MB for 1128976-byte allocation
D/dalvikvm(  755): GC_CONCURRENT freed 303K, 12% free 2738K/3108K, paused 4ms+35ms, total 78ms
D/dalvikvm(  310): GC_FOR_ALLOC freed 404K, 25% free 6840K/9096K, paused 126ms, total 126ms
I/Choreographer(  310): Skipped 171 frames!  The application may be doing too much work on its main thread.
D/dalvikvm(  310): GC_CONCURRENT freed 116K, 25% free 6837K/9096K, paused 14ms+65ms, total 509ms
D/Tethering(  310): MasterInitialState.processMessage what=3
D/FlurryAgent(  755): Starting new session
D/FlurryAgent(  755): Sending report to: http://data.flurry.com/aar.do
I/Choreographer(  310): Skipped 146 frames!  The application may be doing too much work on its main thread.
V/RipperService(  705): PING
V/AndroidRipperService(  705): mHandler.handleMessage() RECIVED
V/AndroidRipperService(  705): broadcast()
I/AndroidRipper(  755): Recived message: PING
V/RipperTestCase(  755): Not ready to operate!
V/AndroidRipperService(  705): broadcast() done
V/        (  705): ready
I/Choreographer(  310): Skipped 137 frames!  The application may be doing too much work on its main thread.
E/SurfaceFlinger(   37): ro.sf.lcd_density must be defined as a build property
I/Choreographer(  755): Skipped 38 frames!  The application may be doing too much work on its main thread.
D/gralloc_goldfish(  755): Emulator without GPU emulation detected.
D/FlurryAgent(  755): Report successful
I/ActivityManager(  310): Displayed net.mandaria.tippytipper/.activities.TippyTipper: +2s546ms (total +48s14ms)
D/dalvikvm(  310): WAIT_FOR_CONCURRENT_GC blocked 3928ms
D/MediaScannerReceiver(  565): action: android.intent.action.MEDIA_MOUNTED path: /mnt/sdcard
I/ActivityManager(  310): Start proc com.android.contacts for broadcast com.android.contacts/.calllog.CallLogReceiver: pid=789 uid=10001 gids={50001, 3003, 1015, 1028}
E/Trace   (  789): error opening trace file: No such file or directory (2)
I/dalvikvm(  310): Jit: resizing JitTable from 4096 to 8192
I/RecoverySystem(  310): No recovery log file
V/RipperService(  705): PING
V/AndroidRipperService(  705): mHandler.handleMessage() RECIVED
V/AndroidRipperService(  705): broadcast()
I/AndroidRipper(  755): Recived message: PING
V/RipperTestCase(  755): Not ready to operate!
V/AndroidRipperService(  705): broadcast() done
V/        (  705): ready
I/ActivityManager(  310): Start proc com.android.deskclock for broadcast com.android.deskclock/.AlarmInitReceiver: pid=809 uid=10006 gids={50006, 1028}
E/Trace   (  809): error opening trace file: No such file or directory (2)
D/Launcher.Model(  477): Reload apps on config change. curr_mcc:310 prevmcc:0
V/AlarmClock(  809): No next alarm
V/AlarmClock(  809): AlarmInitReceiver - Reset timers and clear stopwatch data
V/AlarmClock(  809): No next alarm
V/AlarmClock(  809): AlarmInitReceiver finished
W/MediaProvider(  565): no database for scanned volume external
I/Choreographer(  477): Skipped 2796 frames!  The application may be doing too much work on its main thread.
I/ActivityManager(  310): Start proc com.android.email for broadcast com.android.email/.service.EmailBroadcastReceiver: pid=826 uid=10019 gids={50019, 3003, 1015, 1028}
E/Trace   (  826): error opening trace file: No such file or directory (2)
I/AndroidRipper(  755): [RipperTestCase] Ready to operate after restarting...
I/ActivityManager(  310): Start proc com.android.exchange for service com.android.exchange/.ExchangeService: pid=843 uid=10032 gids={50032, 3003, 1015, 1028}
I/ActivityManager(  310): Start proc com.android.providers.calendar for broadcast com.android.providers.calendar/.CalendarReceiver: pid=854 uid=10023 gids={50023, 3003, 1015, 1028}
E/Trace   (  843): error opening trace file: No such file or directory (2)
D/dalvikvm(  310): GREF has increased to 501
E/Trace   (  854): error opening trace file: No such file or directory (2)
I/ActivityManager(  310): Start proc com.android.mms for broadcast com.android.mms/.transaction.MmsSystemEventReceiver: pid=875 uid=10029 gids={50029, 3003, 1015, 1028}
E/Trace   (  875): error opening trace file: No such file or directory (2)
D/ExchangeService(  843): !!! EAS ExchangeService, onCreate
D/CountryDetector(  310): The first listener is added
V/MmsConfig(  875): mnc/mcc: 310260
V/MmsConfig(  875): tag: bool value: enabledMMS - true
V/MmsConfig(  875): tag: int value: maxMessageSize - 307200
V/MmsConfig(  875): tag: int value: maxImageHeight - 480
V/MmsConfig(  875): tag: int value: maxImageWidth - 640
V/MmsConfig(  875): tag: int value: defaultSMSMessagesPerThread - 500
V/MmsConfig(  875): tag: int value: defaultMMSMessagesPerThread - 50
V/MmsConfig(  875): tag: int value: minMessageCountPerThread - 10
V/MmsConfig(  875): tag: int value: maxMessageCountPerThread - 5000
V/MmsConfig(  875): tag: string value: uaProfUrl - http://www.google.com/oha/rdf/ua-profile-kila.xml
V/MmsConfig(  875): tag: int value: recipientLimit - -1
V/MmsConfig(  875): tag: bool value: enableMultipartSMS - true
V/MmsConfig(  875): tag: int value: smsToMmsTextThreshold - -1
V/MmsConfig(  875): tag: bool value: enableSlideDuration - true
V/MmsConfig(  875): tag: int value: maxMessageTextSize - -1
D/ExchangeService(  843): !!! EAS ExchangeService, onStartCommand, startingUp = false, running = false
V/RipperService(  705): PING
V/AndroidRipperService(  705): mHandler.handleMessage() RECIVED
V/AndroidRipperService(  705): broadcast()
I/AndroidRipper(  755): Recived message: PING
V/AndroidRipperService(  705): send()
I/System.out(  705): {"type":"PONG","index":"7"}
V/AndroidRipperService(  705): broadcast() done
V/        (  705): ready
I/ActivityManager(  310): Start proc com.android.settings for broadcast com.android.settings/.widget.SettingsAppWidgetProvider: pid=904 uid=1000 gids={41000, 1015, 1028, 3002, 3001, 3003}
V/RipperService(  705): END
V/AndroidRipperService(  705): mHandler.handleMessage() RECIVED
V/AndroidRipperService(  705): broadcast()
I/AndroidRipper(  755): Recived message: END
V/AndroidRipperService(  705): broadcast() done
V/        (  705): ready
V/SERVER  (  705): ServerSocket on PORT 8888: offline
V/AndroidRipperService(  705): mHandler.handleMessage() DISCONNECTED
V/SERVER  (  705): Ready to accept connections on port: 8888
V/AndroidRipperService(  705): unregister()
D/PermissionCache(   37): checking android.permission.READ_FRAME_BUFFER for uid=1000 => granted (1030 us)
W/WindowManager(  310): Failure taking screenshot for (246x410) to layer 21000
V/AndroidRipperService(  705): unregister()
W/ActivityManager(  310): Duplicate finish request for ActivityRecord{40e5bed0 u0 net.mandaria.tippytipper/.activities.TippyTipper}
D/dalvikvm(  755): GC_EXPLICIT freed 122K, 7% free 2908K/3100K, paused 5ms+6ms, total 162ms
D/dalvikvm(  755): GC_EXPLICIT freed 30K, 8% free 2879K/3100K, paused 3ms+3ms, total 81ms
D/PolideaInstrumentationTestRunner(  755): Finished test: testApplication(it.unina.android.ripper.RipperTestCase)
I/TestRunner(  755): finished: testApplication(it.unina.android.ripper.RipperTestCase)
I/TestRunner(  755): passed: testApplication(it.unina.android.ripper.RipperTestCase)
E/Trace   (  904): error opening trace file: No such file or directory (2)
I/System.out(  755): EMMA: runtime coverage data written to [/data/data/net.mandaria.tippytipper/files/coverage.ec] {in 87 ms}
D/PolideaInstrumentationTestRunner(  755): Post processing
D/PolideaInstrumentationTestRunner(  755): Packages: 1
D/PolideaInstrumentationTestRunner(  755): Processing package package it.unina.android.ripper
D/PolideaInstrumentationTestRunner(  755): Writing to file /data/data/net.mandaria.tippytipper/files/it.unina.android.ripper-TEST.xml
D/PolideaInstrumentationTestRunner(  755): closing file
D/AndroidRuntime(  731): Shutting down VM
D/dalvikvm(  731): GC_CONCURRENT freed 95K, 18% free 462K/560K, paused 1ms+1ms, total 9ms
I/ActivityManager(  310): Force stopping package net.mandaria.tippytipper appid=10048 user=0
I/ActivityManager(  310): Killing proc 755:net.mandaria.tippytipper/u0a10048: force stop net.mandaria.tippytipper
I/WindowState(  310): WIN DEATH: Window{41003068 u0 net.mandaria.tippytipper/net.mandaria.tippytipper.activities.TippyTipper EXITING}
I/Choreographer(  477): Skipped 108 frames!  The application may be doing too much work on its main thread.
E/SurfaceFlinger(   37): ro.sf.lcd_density must be defined as a build property
I/ActivityManager(  310): Activity reported stop, but no longer stopping: ActivityRecord{40e2c1a0 u0 com.android.launcher/com.android.launcher2.Launcher}
D/gralloc_goldfish(  477): Emulator without GPU emulation detected.
D/dalvikvm(  477): GC_FOR_ALLOC freed 477K, 44% free 4664K/8292K, paused 52ms, total 129ms
I/dalvikvm-heap(  477): Grow heap (frag case) to 6.000MB for 1463056-byte allocation
