E/ActivityManager(  278):   6.2% 384/com.android.phone: 3.1% user + 3.1% kernel / faults: 640 minor 6 major
E/ActivityManager(  278):   3.3% 90/bootanimation: 2.9% user + 0.4% kernel
E/ActivityManager(  278):   2.8% 342/fsck_msdos: 1.5% user + 1.2% kernel / faults: 4135 minor
E/ActivityManager(  278):   2.3% 424/android.process.acore: 1.9% user + 0.4% kernel / faults: 228 minor 1 major
E/ActivityManager(  278):   1.1% 38/zygote: 1% user + 0.1% kernel / faults: 185 minor
E/ActivityManager(  278):   0.5% 444/com.android.music: 0.2% user + 0.2% kernel / faults: 129 minor
E/ActivityManager(  278):   0.2% 473/com.android.contacts: 0% user + 0.2% kernel / faults: 142 minor 1 major
E/ActivityManager(  278):   0% 29/mmcqd: 0% user + 0% kernel
E/ActivityManager(  278):   0.1% 40/mediaserver: 0% user + 0% kernel
E/ActivityManager(  278):   0.1% 36/rild: 0% user + 0.1% kernel
E/ActivityManager(  278):   0.1% 484/android.process.media: 0% user + 0% kernel / faults: 9 minor
E/ActivityManager(  278):   0% 1//init: 0% user + 0% kernel
E/ActivityManager(  278):   0% 31/servicemanager: 0% user + 0% kernel
E/ActivityManager(  278):  +0% 521/com.android.systemui: 0% user + 0% kernel
E/ActivityManager(  278): 100% TOTAL: 66% user + 33% kernel + 0.3% irq
E/ActivityManager(  278): CPU usage from 7992ms to 8991ms later:
E/ActivityManager(  278):   29% 384/com.android.phone: 11% user + 17% kernel / faults: 266 minor 4 major
E/ActivityManager(  278):     27% 384/m.android.phone: 9.4% user + 17% kernel
E/ActivityManager(  278):     12% 391/Compiler: 3.5% user + 9.4% kernel
E/ActivityManager(  278):     1.1% 423/RILSender: 1.1% user + 0% kernel
E/ActivityManager(  278):     1.1% 430/RILReceiver: 1.1% user + 0% kernel
E/ActivityManager(  278):    +0% 535/Cat Telephony s: 0% user + 0% kernel
E/ActivityManager(  278):    +0% 536/RilMessageDecod: 0% user + 0% kernel
E/ActivityManager(  278):    +0% 537/Cat Icon Loader: 0% user + 0% kernel
E/ActivityManager(  278):   19% 278/system_server: 14% user + 4.7% kernel / faults: 37 minor
E/ActivityManager(  278):     10% 295/ActivityManager: 4.7% user + 5.9% kernel
E/ActivityManager(  278):     4.7% 293/UI: 4.7% user + 0% kernel
E/ActivityManager(  278):     2.3% 289/Binder_1: 2.3% user + 0% kernel
E/ActivityManager(  278):     2.3% 410/Binder_3: 2.3% user + 0% kernel
E/ActivityManager(  278):     2.3% 417/Binder_5: 2.3% user + 0% kernel
E/ActivityManager(  278):     1.1% 284/Compiler: 1.1% user + 0% kernel
E/ActivityManager(  278):     1.1% 290/Binder_2: 1.1% user + 0% kernel
E/ActivityManager(  278):     1.1% 413/Binder_4: 1.1% user + 0% kernel
E/ActivityManager(  278):     1.1% 421/Binder_6: 1.1% user + 0% kernel
E/ActivityManager(  278):     1.1% 471/Binder_8: 1.1% user + 0% kernel
E/ActivityManager(  278):     1.1% 519/Binder_9: 1.1% user + 0% kernel
E/ActivityManager(  278):    +0% 538/Error dump: sys: 0% user + 0% kernel
E/ActivityManager(  278):   17% 37/surfaceflinger: 12% user + 4.5% kernel
E/ActivityManager(  278):     12% 71/SurfaceFlinger: 10% user + 2.2% kernel
E/ActivityManager(  278):     1.1% 37/surfaceflinger: 0% user + 1.1% kernel
E/ActivityManager(  278):     1.1% 312/Binder_2: 1.1% user + 0% kernel
E/ActivityManager(  278):   2.3% 90/bootanimation: 1.1% user + 1.1% kernel
E/ActivityManager(  278):     2.3% 104/BootAnimation: 1.1% user + 1.1% kernel
E/ActivityManager(  278):   1.1% 36/rild: 0% user + 1.1% kernel
E/ActivityManager(  278):   1.1% 395/com.android.launcher: 1.1% user + 0% kernel / faults: 10 minor
E/ActivityManager(  278):     2.3% 440/launcher-loader: 1.1% user + 1.1% kernel
E/ActivityManager(  278):   0.3% 424/android.process.acore: 0.3% user + 0% kernel / faults: 4 minor
E/ActivityManager(  278): 100% TOTAL: 55% user + 44% kernel
W/ActivityManager(  278): Killing ProcessRecord{40ed9328 384:com.android.phone/1001}: background ANR
I/ServiceManager(   31): service 'phone' died
I/ServiceManager(   31): service 'simphonebook' died
I/ServiceManager(   31): service 'iphonesubinfo' died
I/ServiceManager(   31): service 'isms' died
W/BroadcastQueue(  278): Failure sending broadcast Intent { act=android.intent.action.ANY_DATA_STATE flg=0x10 (has extras) }
W/BroadcastQueue(  278): android.os.DeadObjectException
W/BroadcastQueue(  278): 	at android.os.BinderProxy.transact(Native Method)
W/BroadcastQueue(  278): 	at android.app.ApplicationThreadProxy.scheduleRegisteredReceiver(ApplicationThreadNative.java:1009)
W/BroadcastQueue(  278): 	at com.android.server.am.BroadcastQueue.performReceiveLocked(BroadcastQueue.java:373)
W/BroadcastQueue(  278): 	at com.android.server.am.BroadcastQueue.deliverToRegisteredReceiverLocked(BroadcastQueue.java:439)
W/BroadcastQueue(  278): 	at com.android.server.am.BroadcastQueue.processNextBroadcast(BroadcastQueue.java:487)
W/BroadcastQueue(  278): 	at com.android.server.am.BroadcastQueue$1.handleMessage(BroadcastQueue.java:140)
W/BroadcastQueue(  278): 	at android.os.Handler.dispatchMessage(Handler.java:99)
W/BroadcastQueue(  278): 	at android.os.Looper.loop(Looper.java:137)
W/BroadcastQueue(  278): 	at com.android.server.am.ActivityManagerService$AThread.run(ActivityManagerService.java:1480)
W/BroadcastQueue(  278): Failure sending broadcast Intent { act=android.intent.action.ANY_DATA_STATE flg=0x10 (has extras) }
W/BroadcastQueue(  278): android.os.DeadObjectException
W/BroadcastQueue(  278): 	at android.os.BinderProxy.transact(Native Method)
W/BroadcastQueue(  278): 	at android.app.ApplicationThreadProxy.scheduleRegisteredReceiver(ApplicationThreadNative.java:1009)
W/BroadcastQueue(  278): 	at com.android.server.am.BroadcastQueue.performReceiveLocked(BroadcastQueue.java:373)
W/BroadcastQueue(  278): 	at com.android.server.am.BroadcastQueue.deliverToRegisteredReceiverLocked(BroadcastQueue.java:439)
W/BroadcastQueue(  278): 	at com.android.server.am.BroadcastQueue.processNextBroadcast(BroadcastQueue.java:487)
W/BroadcastQueue(  278): 	at com.android.server.am.BroadcastQueue$1.handleMessage(BroadcastQueue.java:140)
W/BroadcastQueue(  278): 	at android.os.Handler.dispatchMessage(Handler.java:99)
W/BroadcastQueue(  278): 	at android.os.Looper.loop(Looper.java:137)
W/BroadcastQueue(  278): 	at com.android.server.am.ActivityManagerService$AThread.run(ActivityManagerService.java:1480)
W/WindowManager(  278): ***** BOOT TIMEOUT: forcing display enabled
I/SurfaceFlinger(   37): Boot is finished (95705 ms)
D/dalvikvm(  278): GC_CONCURRENT freed 440K, 13% free 6123K/7020K, paused 8ms+8ms, total 340ms
D/dalvikvm(  278): WAIT_FOR_CONCURRENT_GC blocked 29ms
D/dalvikvm(  278): WAIT_FOR_CONCURRENT_GC blocked 333ms
I/dalvikvm-heap(  278): Grow heap (frag case) to 6.153MB for 118235-byte allocation
D/dalvikvm(  278): WAIT_FOR_CONCURRENT_GC blocked 199ms
I/dalvikvm-heap(  278): Grow heap (frag case) to 6.153MB for 68-byte allocation
I/dalvikvm(  424): Wrote stack traces to '/data/anr/traces.txt'
D/dalvikvm(  278): GC_FOR_ALLOC freed 237K, 16% free 6002K/7136K, paused 70ms, total 71ms
D/dalvikvm(  278): WAIT_FOR_CONCURRENT_GC blocked 331ms
W/BroadcastQueue(  278): Failure sending broadcast Intent { act=android.intent.action.ANY_DATA_STATE flg=0x10 (has extras) }
W/BroadcastQueue(  278): android.os.DeadObjectException
W/BroadcastQueue(  278): 	at android.os.BinderProxy.transact(Native Method)
W/BroadcastQueue(  278): 	at android.app.ApplicationThreadProxy.scheduleRegisteredReceiver(ApplicationThreadNative.java:1009)
W/BroadcastQueue(  278): 	at com.android.server.am.BroadcastQueue.performReceiveLocked(BroadcastQueue.java:373)
W/BroadcastQueue(  278): 	at com.android.server.am.BroadcastQueue.deliverToRegisteredReceiverLocked(BroadcastQueue.java:439)
W/BroadcastQueue(  278): 	at com.android.server.am.BroadcastQueue.processNextBroadcast(BroadcastQueue.java:487)
W/BroadcastQueue(  278): 	at com.android.server.am.BroadcastQueue$1.handleMessage(BroadcastQueue.java:140)
W/BroadcastQueue(  278): 	at android.os.Handler.dispatchMessage(Handler.java:99)
W/BroadcastQueue(  278): 	at android.os.Looper.loop(Looper.java:137)
W/BroadcastQueue(  278): 	at com.android.server.am.ActivityManagerService$AThread.run(ActivityManagerService.java:1480)
D/dalvikvm(  278): WAIT_FOR_CONCURRENT_GC blocked 240ms
W/BroadcastQueue(  278): Failure sending broadcast Intent { act=android.intent.action.ANY_DATA_STATE flg=0x10 (has extras) }
W/BroadcastQueue(  278): android.os.DeadObjectException
W/BroadcastQueue(  278): 	at android.os.BinderProxy.transact(Native Method)
W/BroadcastQueue(  278): 	at android.app.ApplicationThreadProxy.scheduleRegisteredReceiver(ApplicationThreadNative.java:1009)
W/BroadcastQueue(  278): 	at com.android.server.am.BroadcastQueue.performReceiveLocked(BroadcastQueue.java:373)
W/BroadcastQueue(  278): 	at com.android.server.am.BroadcastQueue.deliverToRegisteredReceiverLocked(BroadcastQueue.java:439)
W/BroadcastQueue(  278): 	at com.android.server.am.BroadcastQueue.processNextBroadcast(BroadcastQueue.java:487)
W/BroadcastQueue(  278): 	at com.android.server.am.BroadcastQueue$1.handleMessage(BroadcastQueue.java:140)
W/BroadcastQueue(  278): 	at android.os.Handler.dispatchMessage(Handler.java:99)
W/BroadcastQueue(  278): 	at android.os.Looper.loop(Looper.java:137)
W/BroadcastQueue(  278): 	at com.android.server.am.ActivityManagerService$AThread.run(ActivityManagerService.java:1480)
D/dalvikvm(  278): WAIT_FOR_CONCURRENT_GC blocked 135ms
D/dalvikvm(  278): WAIT_FOR_CONCURRENT_GC blocked 250ms
I/PowerManagerService(  278): Boot animation finished.
W/BroadcastQueue(  278): Failure sending broadcast Intent { act=android.intent.action.ANY_DATA_STATE flg=0x10 (has extras) }
W/BroadcastQueue(  278): android.os.DeadObjectException
W/BroadcastQueue(  278): 	at android.os.BinderProxy.transact(Native Method)
W/BroadcastQueue(  278): 	at android.app.ApplicationThreadProxy.scheduleRegisteredReceiver(ApplicationThreadNative.java:1009)
W/BroadcastQueue(  278): 	at com.android.server.am.BroadcastQueue.performReceiveLocked(BroadcastQueue.java:373)
W/BroadcastQueue(  278): 	at com.android.server.am.BroadcastQueue.deliverToRegisteredReceiverLocked(BroadcastQueue.java:439)
W/BroadcastQueue(  278): 	at com.android.server.am.BroadcastQueue.processNextBroadcast(BroadcastQueue.java:487)
W/BroadcastQueue(  278): 	at com.android.server.am.BroadcastQueue$1.handleMessage(BroadcastQueue.java:140)
W/BroadcastQueue(  278): 	at android.os.Handler.dispatchMessage(Handler.java:99)
W/BroadcastQueue(  278): 	at android.os.Looper.loop(Looper.java:137)
W/BroadcastQueue(  278): 	at com.android.server.am.ActivityManagerService$AThread.run(ActivityManagerService.java:1480)
W/BroadcastQueue(  278): Failure sending broadcast Intent { act=android.intent.action.ANY_DATA_STATE flg=0x10 (has extras) }
W/BroadcastQueue(  278): android.os.DeadObjectException
W/BroadcastQueue(  278): 	at android.os.BinderProxy.transact(Native Method)
W/BroadcastQueue(  278): 	at android.app.ApplicationThreadProxy.scheduleRegisteredReceiver(ApplicationThreadNative.java:1009)
W/BroadcastQueue(  278): 	at com.android.server.am.BroadcastQueue.performReceiveLocked(BroadcastQueue.java:373)
W/BroadcastQueue(  278): 	at com.android.server.am.BroadcastQueue.deliverToRegisteredReceiverLocked(BroadcastQueue.java:439)
W/BroadcastQueue(  278): 	at com.android.server.am.BroadcastQueue.processNextBroadcast(BroadcastQueue.java:487)
W/BroadcastQueue(  278): 	at com.android.server.am.BroadcastQueue$1.handleMessage(BroadcastQueue.java:140)
W/BroadcastQueue(  278): 	at android.os.Handler.dispatchMessage(Handler.java:99)
W/BroadcastQueue(  278): 	at android.os.Looper.loop(Looper.java:137)
W/BroadcastQueue(  278): 	at com.android.server.am.ActivityManagerService$AThread.run(ActivityManagerService.java:1480)
W/BroadcastQueue(  278): Failure sending broadcast Intent { act=android.intent.action.ANY_DATA_STATE flg=0x10 (has extras) }
W/BroadcastQueue(  278): android.os.DeadObjectException
W/BroadcastQueue(  278): 	at android.os.BinderProxy.transact(Native Method)
W/BroadcastQueue(  278): 	at android.app.ApplicationThreadProxy.scheduleRegisteredReceiver(ApplicationThreadNative.java:1009)
W/BroadcastQueue(  278): 	at com.android.server.am.BroadcastQueue.performReceiveLocked(BroadcastQueue.java:373)
W/BroadcastQueue(  278): 	at com.android.server.am.BroadcastQueue.deliverToRegisteredReceiverLocked(BroadcastQueue.java:439)
W/BroadcastQueue(  278): 	at com.android.server.am.BroadcastQueue.processNextBroadcast(BroadcastQueue.java:487)
W/BroadcastQueue(  278): 	at com.android.server.am.BroadcastQueue$1.handleMessage(BroadcastQueue.java:140)
W/BroadcastQueue(  278): 	at android.os.Handler.dispatchMessage(Handler.java:99)
W/BroadcastQueue(  278): 	at android.os.Looper.loop(Looper.java:137)
W/BroadcastQueue(  278): 	at com.android.server.am.ActivityManagerService$AThread.run(ActivityManagerService.java:1480)
W/BroadcastQueue(  278): Failure sending broadcast Intent { act=android.intent.action.ANY_DATA_STATE flg=0x10 (has extras) }
W/BroadcastQueue(  278): android.os.DeadObjectException
W/BroadcastQueue(  278): 	at android.os.BinderProxy.transact(Native Method)
W/BroadcastQueue(  278): 	at android.app.ApplicationThreadProxy.scheduleRegisteredReceiver(ApplicationThreadNative.java:1009)
W/BroadcastQueue(  278): 	at com.android.server.am.BroadcastQueue.performReceiveLocked(BroadcastQueue.java:373)
W/BroadcastQueue(  278): 	at com.android.server.am.BroadcastQueue.deliverToRegisteredReceiverLocked(BroadcastQueue.java:439)
W/BroadcastQueue(  278): 	at com.android.server.am.BroadcastQueue.processNextBroadcast(BroadcastQueue.java:487)
W/BroadcastQueue(  278): 	at com.android.server.am.BroadcastQueue$1.handleMessage(BroadcastQueue.java:140)
W/BroadcastQueue(  278): 	at android.os.Handler.dispatchMessage(Handler.java:99)
W/BroadcastQueue(  278): 	at android.os.Looper.loop(Looper.java:137)
W/BroadcastQueue(  278): 	at com.android.server.am.ActivityManagerService$AThread.run(ActivityManagerService.java:1480)
W/BroadcastQueue(  278): Failure sending broadcast Intent { act=android.intent.action.ANY_DATA_STATE flg=0x10 (has extras) }
W/BroadcastQueue(  278): android.os.DeadObjectException
W/BroadcastQueue(  278): 	at android.os.BinderProxy.transact(Native Method)
W/BroadcastQueue(  278): 	at android.app.ApplicationThreadProxy.scheduleRegisteredReceiver(ApplicationThreadNative.java:1009)
W/BroadcastQueue(  278): 	at com.android.server.am.BroadcastQueue.performReceiveLocked(BroadcastQueue.java:373)
W/BroadcastQueue(  278): 	at com.android.server.am.BroadcastQueue.deliverToRegisteredReceiverLocked(BroadcastQueue.java:439)
W/BroadcastQueue(  278): 	at com.android.server.am.BroadcastQueue.processNextBroadcast(BroadcastQueue.java:487)
W/BroadcastQueue(  278): 	at com.android.server.am.BroadcastQueue$1.handleMessage(BroadcastQueue.java:140)
W/BroadcastQueue(  278): 	at android.os.Handler.dispatchMessage(Handler.java:99)
W/BroadcastQueue(  278): 	at android.os.Looper.loop(Looper.java:137)
W/BroadcastQueue(  278): 	at com.android.server.am.ActivityManagerService$AThread.run(ActivityManagerService.java:1480)
W/BroadcastQueue(  278): Failure sending broadcast Intent { act=android.intent.action.ANY_DATA_STATE flg=0x10 (has extras) }
W/BroadcastQueue(  278): android.os.DeadObjectException
W/BroadcastQueue(  278): 	at android.os.BinderProxy.transact(Native Method)
W/BroadcastQueue(  278): 	at android.app.ApplicationThreadProxy.scheduleRegisteredReceiver(ApplicationThreadNative.java:1009)
W/BroadcastQueue(  278): 	at com.android.server.am.BroadcastQueue.performReceiveLocked(BroadcastQueue.java:373)
W/BroadcastQueue(  278): 	at com.android.server.am.BroadcastQueue.deliverToRegisteredReceiverLocked(BroadcastQueue.java:439)
W/BroadcastQueue(  278): 	at com.android.server.am.BroadcastQueue.processNextBroadcast(BroadcastQueue.java:487)
W/BroadcastQueue(  278): 	at com.android.server.am.BroadcastQueue$1.handleMessage(BroadcastQueue.java:140)
W/BroadcastQueue(  278): 	at android.os.Handler.dispatchMessage(Handler.java:99)
W/BroadcastQueue(  278): 	at android.os.Looper.loop(Looper.java:137)
W/BroadcastQueue(  278): 	at com.android.server.am.ActivityManagerService$AThread.run(ActivityManagerService.java:1480)
W/BroadcastQueue(  278): Failure sending broadcast Intent { act=android.intent.action.ANY_DATA_STATE flg=0x10 (has extras) }
W/BroadcastQueue(  278): android.os.DeadObjectException
W/BroadcastQueue(  278): 	at android.os.BinderProxy.transact(Native Method)
W/BroadcastQueue(  278): 	at android.app.ApplicationThreadProxy.scheduleRegisteredReceiver(ApplicationThreadNative.java:1009)
W/BroadcastQueue(  278): 	at com.android.server.am.BroadcastQueue.performReceiveLocked(BroadcastQueue.java:373)
W/BroadcastQueue(  278): 	at com.android.server.am.BroadcastQueue.deliverToRegisteredReceiverLocked(BroadcastQueue.java:439)
W/BroadcastQueue(  278): 	at com.android.server.am.BroadcastQueue.processNextBroadcast(BroadcastQueue.java:487)
W/BroadcastQueue(  278): 	at com.android.server.am.BroadcastQueue$1.handleMessage(BroadcastQueue.java:140)
W/BroadcastQueue(  278): 	at android.os.Handler.dispatchMessage(Handler.java:99)
W/BroadcastQueue(  278): 	at android.os.Looper.loop(Looper.java:137)
W/BroadcastQueue(  278): 	at com.android.server.am.ActivityManagerService$AThread.run(ActivityManagerService.java:1480)
I/ActivityManager(  278): Process com.android.phone (pid 384) has died.
W/ActivityManager(  278): Scheduling restart of crashed service com.android.phone/.TelephonyDebugService in 0ms
I/ActivityManager(  278): Start proc com.android.phone for restart com.android.phone: pid=540 uid=1001 gids={41001, 3002, 3001, 3003, 1015, 1028}
I/ActivityManager(  278): Config changes=1400 {1.0 ?mcc?mnc en_US ldltr sw320dp w320dp h508dp 240dpi nrml long port finger -keyb/v/h tball/v s.4}
I/Choreographer(  278): Skipped 169 frames!  The application may be doing too much work on its main thread.
D/dalvikvm(  278): WAIT_FOR_CONCURRENT_GC blocked 639ms
D/SystemUIService(  521): loading: class com.android.systemui.statusbar.phone.PhoneStatusBar
I/Choreographer(  278): Skipped 51 frames!  The application may be doing too much work on its main thread.
E/VoldConnector(  278): NDC Command {4 asec list} took too long (1442ms)
I/PackageManager(  278): No secure containers on sdcard
D/SystemUIService(  521): running: com.android.systemui.statusbar.phone.PhoneStatusBar@40cda6b0
W/GpsLocationProvider(  278): Could not open GPS configuration file /etc/gps.conf
W/PackageManager(  278): Unknown permission com.google.android.googleapps.permission.GOOGLE_AUTH.mail in package com.android.contacts
W/PackageManager(  278): Unknown permission android.permission.ADD_SYSTEM_SERVICE in package com.android.phone
W/PackageManager(  278): Unknown permission com.android.smspush.WAPPUSH_MANAGER_BIND in package com.android.phone
W/PackageManager(  278): Unknown permission com.google.android.googleapps.permission.GOOGLE_AUTH in package com.android.providers.calendar
W/PackageManager(  278): Unknown permission com.google.android.googleapps.permission.GOOGLE_AUTH.cl in package com.android.providers.calendar
W/PackageManager(  278): Unknown permission com.google.android.googleapps.permission.GOOGLE_AUTH.mail in package com.android.calendar
W/PackageManager(  278): Not granting permission android.permission.SEND_DOWNLOAD_COMPLETED_INTENTS to package com.android.browser (protectionLevel=2 flags=0x89be45)
W/PackageManager(  278): Not granting permission android.permission.BIND_APPWIDGET to package com.android.widgetpreview (protectionLevel=18 flags=0x8be44)
W/PackageManager(  278): Unknown permission com.google.android.googleapps.permission.GOOGLE_AUTH in package com.android.settings
W/PackageManager(  278): Unknown permission com.google.android.gallery3d.permission.GALLERY_PROVIDER in package com.android.exchange
W/PackageManager(  278): Unknown permission com.google.android.googleapps.permission.ACCESS_GOOGLE_PASSWORD in package com.android.development
W/PackageManager(  278): Unknown permission com.google.android.googleapps.permission.GOOGLE_AUTH in package com.android.development
W/PackageManager(  278): Unknown permission com.google.android.googleapps.permission.GOOGLE_AUTH.ALL_SERVICES in package com.android.development
W/PackageManager(  278): Unknown permission com.google.android.googleapps.permission.GOOGLE_AUTH.YouTubeUser in package com.android.development
W/PackageManager(  278): Unknown permission com.google.android.gallery3d.permission.GALLERY_PROVIDER in package com.android.email
W/PackageManager(  278): Not granting permission android.permission.DEVICE_POWER to package com.android.deskclock (protectionLevel=2 flags=0x88be45)
I/StatusBarManagerService(  278): registerStatusBar bar=com.android.internal.statusbar.IStatusBar$Stub$Proxy@410983b8
E/Trace   (  540): error opening trace file: No such file or directory (2)
W/TelephonyProvider(  540): onCreate: confFile=/system/etc/apns-conf.xml oldCheckSum=-1
D/TelephonyManager(  540): getLteOnCdmaMode=0 curVal=-1 product_type='' lteOnCdmaProductType=''
D/TelephonyManager(  540): getLteOnCdmaMode=0 curVal=-1 product_type='' lteOnCdmaProductType=''
D/TelephonyManager(  540): getLteOnCdmaMode=0 curVal=-1 product_type='' lteOnCdmaProductType=''
W/Settings(  540): Setting airplane_mode_on has moved from android.provider.Settings.System to android.provider.Settings.Global, returning read-only value.
W/Settings(  540): Setting auto_time has moved from android.provider.Settings.System to android.provider.Settings.Global, returning read-only global URI.
W/Settings(  540): Setting auto_time_zone has moved from android.provider.Settings.System to android.provider.Settings.Global, returning read-only global URI.
W/ActivityManager(  278): Unable to start service Intent { act=com.android.internal.telephony.IWapPushManager } U=0: not found
D/        (  540): [ApnContext:default] set reason as dataEnabled,current state IDLE
D/        (  540): [ApnContext:default] setRetryCount: 0
D/        (  540): [ApnContext:mms] set reason as dataEnabled,current state IDLE
D/        (  540): [ApnContext:mms] setRetryCount: 0
D/        (  540): [ApnContext:supl] set reason as dataEnabled,current state IDLE
D/        (  540): [ApnContext:supl] setRetryCount: 0
D/        (  540): [ApnContext:hipri] set reason as dataEnabled,current state IDLE
D/        (  540): [ApnContext:hipri] setRetryCount: 0
D/dalvikvm(  521): GC_CONCURRENT freed 120K, 7% free 2666K/2844K, paused 4ms+3ms, total 68ms
D/dalvikvm(  521): WAIT_FOR_CONCURRENT_GC blocked 56ms
I/dalvikvm-heap(  521): Grow heap (frag case) to 3.261MB for 635812-byte allocation
D/        (  540): [ApnContext:fota] set reason as dataEnabled,current state IDLE
D/        (  540): [ApnContext:fota] setRetryCount: 0
D/        (  540): [ApnContext:ims] set reason as dataEnabled,current state IDLE
D/        (  540): [ApnContext:ims] setRetryCount: 0
D/        (  540): [ApnContext:cbs] set reason as dataEnabled,current state IDLE
D/        (  540): [ApnContext:cbs] setRetryCount: 0
D/dalvikvm(  521): GC_FOR_ALLOC freed 5K, 6% free 3281K/3468K, paused 97ms, total 100ms
D/TelephonyManager(  540): getLteOnCdmaMode=0 curVal=-1 product_type='' lteOnCdmaProductType=''
D/CallManager(  540): registerPhone(GSM Handler (com.android.internal.telephony.PhoneProxy) {40d006b8})
E/BluetoothAdapter(  540): Bluetooth binder is null
D/dalvikvm(  540): GC_CONCURRENT freed 204K, 10% free 2597K/2860K, paused 5ms+2ms, total 119ms
E/BluetoothAdapter(  540): Bluetooth binder is null
W/ServiceWatcher(  278): com.google.android.location not found
W/ServiceWatcher(  278): com.google.android.location not found
W/LocationManagerService(  278): no network location provider found
W/ServiceWatcher(  278): com.google.android.location not found
D/DebugService(  540): DebugService DebugService:
D/TelephonyDebugService(  540): TelephonyDebugService()
E/BluetoothAdapter(  521): Bluetooth binder is null
E/BluetoothAdapter(  521): Bluetooth binder is null
E/BluetoothAdapter(  521): Bluetooth binder is null
D/dalvikvm(  521): GC_CONCURRENT freed 65K, 4% free 3634K/3756K, paused 7ms+32ms, total 89ms
D/dalvikvm(  540): GC_CONCURRENT freed 326K, 13% free 2692K/3080K, paused 5ms+17ms, total 84ms
D/CAT     (  540): CatService: Running CAT service. STK app installed:false
D/CAT     (  540): CatService: NEW sInstance
E/BluetoothAdapter(  521): Bluetooth binder is null
D/dalvikvm(  278): GC_CONCURRENT freed 951K, 19% free 5849K/7136K, paused 274ms+97ms, total 578ms
W/Settings(  540): Setting auto_time_zone has moved from android.provider.Settings.System to android.provider.Settings.Global, returning read-only value.
W/Settings(  540): Setting auto_time_zone has moved from android.provider.Settings.System to android.provider.Settings.Global, returning read-only value.
D/AlarmManagerService(  278): Kernel timezone updated to 0 minutes west of GMT
I/ActivityManager(  278): Start proc com.android.location.fused for service com.android.location.fused/.FusedLocationService: pid=568 uid=10022 gids={50022, 1028}
D/CAT     (  540): CatService: Return current sInstance
D/PhoneStatusBar(  521): disable: < expand icons alerts ticker system_info BACK* HOME* RECENT* CLOCK* SEARCH* >
E/Trace   (  568): error opening trace file: No such file or directory (2)
W/ServiceWatcher(  278): com.google.android.location not found
E/LocationManagerService(  278): no geocoder provider found
W/WallpaperService(  278): Failed attaching wallpaper; clearing
W/WallpaperService(  278): android.os.DeadObjectException
W/WallpaperService(  278): 	at android.os.BinderProxy.transact(Native Method)
W/WallpaperService(  278): 	at android.service.wallpaper.IWallpaperService$Stub$Proxy.attach(IWallpaperService.java:95)
W/WallpaperService(  278): 	at com.android.server.WallpaperManagerService.attachServiceLocked(WallpaperManagerService.java:960)
W/WallpaperService(  278): 	at com.android.server.WallpaperManagerService$WallpaperConnection.onServiceConnected(WallpaperManagerService.java:233)
W/WallpaperService(  278): 	at android.app.LoadedApk$ServiceDispatcher.doConnected(LoadedApk.java:1101)
W/WallpaperService(  278): 	at android.app.LoadedApk$ServiceDispatcher$RunConnection.run(LoadedApk.java:1118)
W/WallpaperService(  278): 	at android.os.Handler.handleCallback(Handler.java:725)
W/WallpaperService(  278): 	at android.os.Handler.dispatchMessage(Handler.java:92)
W/WallpaperService(  278): 	at android.os.Looper.loop(Looper.java:137)
W/WallpaperService(  278): 	at com.android.server.ServerThread.run(SystemServer.java:1000)
D/CAT     (  540): CatService: SIM ready. Reporting STK service running now...
D/MccTable(  540): updateMccMncConfiguration: mcc=310, mnc=260
D/TelephonyManager(  540): getLteOnCdmaMode=0 curVal=-1 product_type='' lteOnCdmaProductType=''
D/MccTable(  540): locale set to en_us
D/MccTable(  540): WIFI_COUNTRY_CODE set to us
E/BluetoothAdapter(  521): Bluetooth binder is null
D/SystemUIService(  521): loading: class com.android.systemui.power.PowerUI
D/SystemUIService(  521): running: com.android.systemui.power.PowerUI@40e4b6e8
D/SystemUIService(  521): loading: class com.android.systemui.media.RingtonePlayer
D/SystemUIService(  521): running: com.android.systemui.media.RingtonePlayer@40e4c4c8
D/dalvikvm(  540): GC_CONCURRENT freed 324K, 13% free 2772K/3156K, paused 4ms+90ms, total 150ms
I/WifiService(  278): WifiService trying to set country code to us with persist set to true
I/ActivityManager(  278): Config changes=1403 {1.0 310mcc260mnc en_US ldltr sw320dp w320dp h508dp 240dpi nrml long port finger -keyb/v/h tball/v s.5}
W/SurfaceFlinger(   37): createScreenshotSurface failed (Function not implemented)
I/Choreographer(  521): Skipped 1009 frames!  The application may be doing too much work on its main thread.
D/MccTable(  540): updateMccMncConfiguration: mcc=310, mnc=260
D/TelephonyManager(  540): getLteOnCdmaMode=0 curVal=-1 product_type='' lteOnCdmaProductType=''
D/MccTable(  540): locale set to en_us
D/MccTable(  540): WIFI_COUNTRY_CODE set to us
I/WifiService(  278): WifiService trying to set country code to us with persist set to true
I/ActivityManager(  278): Config changes=1400 {1.0 310mcc260mnc en_US ldltr sw320dp w320dp h508dp 240dpi nrml long port finger -keyb/v/h tball/v s.6}
E/SurfaceFlinger(   37): ro.sf.lcd_density must be defined as a build property
D/dalvikvm(  521): GC_CONCURRENT freed 255K, 8% free 3776K/4088K, paused 5ms+28ms, total 123ms
D/dalvikvm(  278): GC_CONCURRENT freed 480K, 13% free 6240K/7136K, paused 5ms+58ms, total 440ms
D/dalvikvm(  278): WAIT_FOR_CONCURRENT_GC blocked 345ms
W/WindowManager(  278): Window freeze timeout expired.
D/dalvikvm(  278): GC_FOR_ALLOC freed 276K, 8% free 6723K/7260K, paused 207ms, total 211ms
I/Choreographer(  278): Skipped 35 frames!  The application may be doing too much work on its main thread.
W/WindowManager(  278): Force clearing orientation change: Window{410748d0 u0 StatusBar}
W/WindowManager(  278): Force clearing orientation change: Window{40e958c0 u0 Keyguard}
I/RecoverySystem(  278): No recovery log file
I/Choreographer(  521): Skipped 561 frames!  The application may be doing too much work on its main thread.
I/AccountTypeManager(  473): Loaded meta-data for 1 account types, 0 accounts in 4220ms(wall) 34ms(cpu)
D/gralloc_goldfish(  521): Emulator without GPU emulation detected.
I/ActivityManager(  278): Start proc com.android.deskclock for broadcast com.android.deskclock/.AlarmInitReceiver: pid=592 uid=10006 gids={50006, 1028}
D/dalvikvm(  540): GC_CONCURRENT freed 286K, 11% free 2919K/3264K, paused 7ms+73ms, total 228ms
I/Choreographer(  521): Skipped 32 frames!  The application may be doing too much work on its main thread.
I/Choreographer(  278): Skipped 749 frames!  The application may be doing too much work on its main thread.
V/TAG     (  278): bug 7643792: fitSystemWindows([0,38][0,0])
E/Trace   (  592): error opening trace file: No such file or directory (2)
I/Choreographer(  278): Skipped 49 frames!  The application may be doing too much work on its main thread.
D/dalvikvm(  278): GC_FOR_ALLOC freed 590K, 10% free 6761K/7480K, paused 60ms, total 74ms
I/dalvikvm-heap(  278): Grow heap (frag case) to 7.739MB for 1128976-byte allocation
D/dalvikvm(  278): GC_FOR_ALLOC freed 885K, 19% free 6978K/8584K, paused 59ms, total 59ms
I/Choreographer(  278): Skipped 130 frames!  The application may be doing too much work on its main thread.
D/dalvikvm(  540): GC_CONCURRENT freed 453K, 16% free 2875K/3388K, paused 4ms+3ms, total 105ms
D/dalvikvm(  278): GC_CONCURRENT freed 55K, 19% free 6995K/8584K, paused 67ms+96ms, total 608ms
I/Choreographer(  278): Skipped 146 frames!  The application may be doing too much work on its main thread.
W/WindowManager(  278): App freeze timeout expired.
W/WindowManager(  278): Force clearing freeze: AppWindowToken{40f55510 token=Token{40f52d28 ActivityRecord{40f52768 u0 com.android.launcher/com.android.launcher2.Launcher}}}
I/Choreographer(  278): Skipped 146 frames!  The application may be doing too much work on its main thread.
D/dalvikvm(  278): GC_CONCURRENT freed 1975K, 29% free 6178K/8584K, paused 5ms+7ms, total 111ms
D/dalvikvm(  278): WAIT_FOR_CONCURRENT_GC blocked 29ms
D/dalvikvm(  278): WAIT_FOR_CONCURRENT_GC blocked 49ms
I/Choreographer(  278): Skipped 109 frames!  The application may be doing too much work on its main thread.
E/SurfaceFlinger(   37): ro.sf.lcd_density must be defined as a build property
D/dalvikvm(  521): GC_FOR_ALLOC freed 83K, 6% free 3882K/4088K, paused 95ms, total 107ms
I/dalvikvm-heap(  521): Grow heap (frag case) to 9.956MB for 6410576-byte allocation
I/Choreographer(  278): Skipped 140 frames!  The application may be doing too much work on its main thread.
I/Choreographer(  278): Skipped 209 frames!  The application may be doing too much work on its main thread.
D/dalvikvm(  521): GC_FOR_ALLOC freed 2K, 3% free 10140K/10348K, paused 340ms, total 340ms
D/dalvikvm(  278): GC_FOR_ALLOC freed 588K, 28% free 6180K/8584K, paused 323ms, total 336ms
I/dalvikvm-heap(  278): Grow heap (frag case) to 7.172MB for 1128976-byte allocation
D/dalvikvm(  278): GC_FOR_ALLOC freed 411K, 20% free 6871K/8584K, paused 69ms, total 69ms
D/dalvikvm(  521): GC_FOR_ALLOC freed 1K, 2% free 10145K/10348K, paused 169ms, total 169ms
V/AlarmClock(  592): No next alarm
D/ConnectivityService(  278): ConnectivityChange for mobile: CONNECTED/CONNECTED
V/AlarmClock(  592): AlarmInitReceiver - Reset timers and clear stopwatch data
I/dalvikvm-heap(  521): Grow heap (frag case) to 12.656MB for 2828816-byte allocation
I/Choreographer(  278): Skipped 280 frames!  The application may be doing too much work on its main thread.
V/AlarmClock(  592): No next alarm
V/AlarmClock(  592): AlarmInitReceiver finished
D/dalvikvm(  521): GC_FOR_ALLOC freed 0K, 2% free 12907K/13112K, paused 223ms, total 223ms
I/Choreographer(  278): Skipped 87 frames!  The application may be doing too much work on its main thread.
D/dalvikvm(  521): GC_CONCURRENT freed 6261K, 50% free 6648K/13112K, paused 12ms+36ms, total 196ms
I/Choreographer(  278): Skipped 43 frames!  The application may be doing too much work on its main thread.
D/dalvikvm(  278): GC_CONCURRENT freed 150K, 19% free 6981K/8584K, paused 44ms+140ms, total 1139ms
I/Choreographer(  278): Skipped 30 frames!  The application may be doing too much work on its main thread.
I/Choreographer(  278): Skipped 64 frames!  The application may be doing too much work on its main thread.
I/Choreographer(  278): Skipped 51 frames!  The application may be doing too much work on its main thread.
I/Choreographer(  521): Skipped 327 frames!  The application may be doing too much work on its main thread.
D/dalvikvm(  278): GC_EXPLICIT freed 1339K, 33% free 5788K/8584K, paused 4ms+70ms, total 301ms
I/Choreographer(  278): Skipped 290 frames!  The application may be doing too much work on its main thread.
W/SoundPool(  278):   sample 0 not READY
D/PhoneStatusBar(  521): disable: < expand icons alerts ticker system_info BACK HOME recent* CLOCK search* >
I/Choreographer(  278): Skipped 35 frames!  The application may be doing too much work on its main thread.
I/ARMAssembler(   37): generated scanline__00000077:03515104_00009002_00000000 [127 ipp] (149 ins) at [0x40c4a1f0:0x40c4a444] in 5397000 ns
I/ARMAssembler(   37): generated scanline__00000077:03515104_00009001_00000000 [131 ipp] (153 ins) at [0x40c4a450:0x40c4a6b4] in 469000 ns
I/Choreographer(  278): Skipped 58 frames!  The application may be doing too much work on its main thread.
I/FusedLocation(  568): engine started (com.android.location.fused)
V/TAG     (  278): bug 7643792: fitSystemWindows([0,38][0,0])
I/Choreographer(  278): Skipped 93 frames!  The application may be doing too much work on its main thread.
I/Choreographer(  278): Skipped 61 frames!  The application may be doing too much work on its main thread.
D/Tethering(  278): MasterInitialState.processMessage what=3
I/dalvikvm(  278): Jit: resizing JitTable from 4096 to 8192
I/ActivityManager(  278): Start proc com.android.email for broadcast com.android.email/.service.EmailBroadcastReceiver: pid=621 uid=10019 gids={50019, 3003, 1015, 1028}
E/Trace   (  621): error opening trace file: No such file or directory (2)
I/ActivityManager(  278): Start proc com.android.exchange for service com.android.exchange/.ExchangeService: pid=638 uid=10032 gids={50032, 3003, 1015, 1028}
I/ActivityManager(  278): Start proc com.android.providers.calendar for broadcast com.android.providers.calendar/.CalendarReceiver: pid=645 uid=10023 gids={50023, 3003, 1015, 1028}
E/Trace   (  638): error opening trace file: No such file or directory (2)
E/Trace   (  645): error opening trace file: No such file or directory (2)
I/ActivityManager(  278): Start proc com.android.mms for broadcast com.android.mms/.transaction.MmsSystemEventReceiver: pid=670 uid=10029 gids={50029, 3003, 1015, 1028}
E/Trace   (  670): error opening trace file: No such file or directory (2)
D/ExchangeService(  638): !!! EAS ExchangeService, onCreate
D/ExchangeService(  638): !!! EAS ExchangeService, onStartCommand, startingUp = false, running = false
D/CountryDetector(  278): The first listener is added
V/MmsConfig(  670): mnc/mcc: 310260
V/MmsConfig(  670): tag: bool value: enabledMMS - true
V/MmsConfig(  670): tag: int value: maxMessageSize - 307200
V/MmsConfig(  670): tag: int value: maxImageHeight - 480
V/MmsConfig(  670): tag: int value: maxImageWidth - 640
V/MmsConfig(  670): tag: int value: defaultSMSMessagesPerThread - 500
V/MmsConfig(  670): tag: int value: defaultMMSMessagesPerThread - 50
V/MmsConfig(  670): tag: int value: minMessageCountPerThread - 10
V/MmsConfig(  670): tag: int value: maxMessageCountPerThread - 5000
V/MmsConfig(  670): tag: string value: uaProfUrl - http://www.google.com/oha/rdf/ua-profile-kila.xml
V/MmsConfig(  670): tag: int value: recipientLimit - -1
V/MmsConfig(  670): tag: bool value: enableMultipartSMS - true
V/MmsConfig(  670): tag: int value: smsToMmsTextThreshold - -1
V/MmsConfig(  670): tag: bool value: enableSlideDuration - true
V/MmsConfig(  670): tag: int value: maxMessageTextSize - -1
D/Eas Debug(  638): Logging: 
D/ExchangeService(  638): !!! EAS ExchangeService, onStartCommand, startingUp = true, running = false
I/ActivityManager(  278): Start proc com.android.settings for broadcast com.android.settings/.widget.SettingsAppWidgetProvider: pid=699 uid=1000 gids={41000, 1015, 1028, 3002, 3001, 3003}
D/dalvikvm(  278): GREF has increased to 501
E/Trace   (  699): error opening trace file: No such file or directory (2)
E/BluetoothAdapter(  699): Bluetooth binder is null
D/MediaScannerReceiver(  484): action: android.intent.action.MEDIA_MOUNTED path: /mnt/sdcard
E/BluetoothAdapter(  699): Bluetooth binder is null
E/BluetoothAdapter(  699): Bluetooth binder is null
W/SystemClock(  278): Unable to set rtc to 1483089666: Invalid argument
I/ActivityManager(  278): Start proc com.android.calendar for broadcast com.android.calendar/.widget.CalendarAppWidgetService$CalendarFactory: pid=716 uid=10004 gids={50004, 3003, 1028}
E/Trace   (  716): error opening trace file: No such file or directory (2)
D/GpsLocationProvider(  278): NTP server returned: 1483089666692 (Fri Dec 30 09:21:06 GMT 2016) reference: 127192 certainty: 19 system time offset: -320
V/AlarmClock(  592): No next alarm
V/AlarmClock(  592): AlarmInitReceiver finished
D/ExchangeService(  638): Received deviceId from Email app: androidc259148960
D/ExchangeService(  638): Reconciling accounts...
D/ExchangeService(  638): !!! EAS ExchangeService, onStartCommand, startingUp = true, running = false
D/Eas Debug(  638): Logging: 
D/MmsSmsDatabaseHelper(  540): [MmsSmsDb] tableName: threads hasAutoIncrement: CREATE TABLE threads (_id INTEGER PRIMARY KEY AUTOINCREMENT,date INTEGER DEFAULT 0,message_count INTEGER DEFAULT 0,recipient_ids TEXT,snippet TEXT,snippet_cs INTEGER DEFAULT 0,read INTEGER DEFAULT 1,type INTEGER DEFAULT 0,error INTEGER DEFAULT 0,has_attachment INTEGER DEFAULT 0) result: true
D/MmsSmsDatabaseHelper(  540): [MmsSmsDb] tableName: canonical_addresses hasAutoIncrement: CREATE TABLE canonical_addresses (_id INTEGER PRIMARY KEY AUTOINCREMENT,address TEXT) result: true
D/Mms:app (  670): cancelNotification
D/MmsSmsDatabaseHelper(  540): [MmsSmsDb] tableName: part hasAutoIncrement: CREATE TABLE part (_id INTEGER PRIMARY KEY AUTOINCREMENT,mid INTEGER,seq INTEGER DEFAULT 0,ct TEXT,name TEXT,chset INTEGER,cd TEXT,fn TEXT,cid TEXT,cl TEXT,ctt_s INTEGER,ctt_t TEXT,_data TEXT,text TEXT) result: true
D/MmsSmsDatabaseHelper(  540): [MmsSmsDb] tableName: pdu hasAutoIncrement: CREATE TABLE pdu (_id INTEGER PRIMARY KEY AUTOINCREMENT,thread_id INTEGER,date INTEGER,date_sent INTEGER DEFAULT 0,msg_box INTEGER,read INTEGER DEFAULT 0,m_id TEXT,sub TEXT,sub_cs INTEGER,ct_t TEXT,ct_l TEXT,exp INTEGER,m_cls TEXT,m_type INTEGER,v INTEGER,m_size INTEGER,pri INTEGER,rr INTEGER,rpt_a INTEGER,resp_st INTEGER,st INTEGER,tr_id TEXT,retr_st INTEGER,retr_txt TEXT,retr_txt_cs INTEGER,read_status INTEGER,ct_cls INTEGER,resp_txt TEXT,d_tm INTEGER,d_rpt INTEGER,locked INTEGER DEFAULT 0,seen INTEGER DEFAULT 0,text_only INTEGER DEFAULT 0) result: true
D/MmsSmsDatabaseHelper(  540): [getWritableDatabase] hasAutoIncrementThreads: true hasAutoIncrementAddresses: true hasAutoIncrementPart: true hasAutoIncrementPdu: true
D/dalvikvm(  395): GC_CONCURRENT freed 197K, 8% free 3210K/3464K, paused 13ms+17ms, total 75ms
D/Launcher.Model(  395): Reload apps on config change. curr_mcc:310 prevmcc:0
D/dalvikvm(  395): GC_CONCURRENT freed 158K, 6% free 3466K/3680K, paused 12ms+15ms, total 68ms
I/Choreographer(  395): Skipped 227 frames!  The application may be doing too much work on its main thread.
D/PhoneStatusBar(  521): disable: < expand icons alerts ticker system_info back* home* recent clock* search >
I/CalendarProvider2(  645): Sending notification intent: Intent { act=android.intent.action.PROVIDER_CHANGED dat=content://com.android.calendar }
W/ContentResolver(  645): Failed to get type for: content://com.android.calendar (Unknown URL content://com.android.calendar)
E/SurfaceFlinger(   37): ro.sf.lcd_density must be defined as a build property
D/AlertReceiver(  716): onReceive: a=android.intent.action.PROVIDER_CHANGED Intent { act=android.intent.action.PROVIDER_CHANGED dat=content://com.android.calendar flg=0x10 cmp=com.android.calendar/.alerts.AlertReceiver }
D/gralloc_goldfish(  395): Emulator without GPU emulation detected.
I/ActivityManager(  278): Displayed com.android.launcher/com.android.launcher2.Launcher: +1m8s301ms
D/AlertService(  716): 0 Action = android.intent.action.PROVIDER_CHANGED
D/dalvikvm(  395): GC_CONCURRENT freed 181K, 7% free 3689K/3932K, paused 7ms+4ms, total 50ms
D/AlertService(  716): Beginning updateAlertNotification
D/dalvikvm(  395): GC_CONCURRENT freed 405K, 12% free 3695K/4172K, paused 10ms+13ms, total 68ms
D/dalvikvm(  395): GC_FOR_ALLOC freed 20K, 12% free 3710K/4172K, paused 27ms, total 28ms
I/dalvikvm-heap(  395): Grow heap (frag case) to 4.168MB for 518416-byte allocation
D/dalvikvm(  395): GC_CONCURRENT freed <1K, 10% free 4216K/4680K, paused 13ms+2ms, total 37ms
D/dalvikvm(  395): WAIT_FOR_CONCURRENT_GC blocked 24ms
D/dalvikvm(  395): GC_FOR_ALLOC freed <1K, 10% free 4216K/4680K, paused 27ms, total 28ms
I/dalvikvm-heap(  395): Grow heap (frag case) to 4.664MB for 518416-byte allocation
D/dalvikvm(  395): GC_CONCURRENT freed <1K, 9% free 4722K/5188K, paused 11ms+3ms, total 35ms
D/dalvikvm(  395): WAIT_FOR_CONCURRENT_GC blocked 25ms
D/AlertService(  716): No fired or scheduled alerts
D/dalvikvm(  395): GC_FOR_ALLOC freed <1K, 9% free 4723K/5188K, paused 26ms, total 28ms
I/dalvikvm-heap(  395): Grow heap (frag case) to 5.158MB for 518416-byte allocation
D/dalvikvm(  395): GC_FOR_ALLOC freed <1K, 9% free 5229K/5696K, paused 29ms, total 29ms
D/dalvikvm(  395): GREF has increased to 201
I/Choreographer(  395): Skipped 75 frames!  The application may be doing too much work on its main thread.
I/Choreographer(  395): Skipped 58 frames!  The application may be doing too much work on its main thread.
D/dalvikvm(  540): GREF has increased to 201
D/Mms:app (  670): cancelNotification
D/EmailProvider(  621): fromDatabase accounts: 0
D/EmailProvider(  621): ending toDatabase transaction; copyCount = 0
D/EmailProvider(  621): ending fromDatabase transaction; copyCount = 0
D/dalvikvm(  484): GC_CONCURRENT freed 201K, 10% free 2564K/2824K, paused 12ms+34ms, total 98ms
W/ActivityManager(  278): Unable to start service Intent { cmp=com.android.email/.service.AttachmentDownloadService } U=0: not found
W/ActivityManager(  278): Unable to start service Intent { cmp=com.android.email/.service.AttachmentDownloadService } U=0: not found
D/dalvikvm(  484): GREF has increased to 201
W/ActivityManager(  278): Unable to start service Intent { cmp=com.android.email/.service.AttachmentDownloadService } U=0: not found
D/ExchangeService(  638): !!! EAS ExchangeService, onStartCommand, startingUp = true, running = false
D/dalvikvm(  621): GC_CONCURRENT freed 197K, 10% free 2583K/2840K, paused 40ms+31ms, total 115ms
W/MediaProvider(  484): no database for scanned volume external
D/dalvikvm(  395): GC_CONCURRENT freed 378K, 8% free 5687K/6132K, paused 8ms+4ms, total 44ms
D/dalvikvm(  278): WAIT_FOR_CONCURRENT_GC blocked 1ms
D/dalvikvm(  278): GC_EXPLICIT freed 728K, 22% free 5767K/7368K, paused 3ms+7ms, total 81ms
W/MediaScanner(  484): Error opening directory '/mnt/sdcard/.android_secure/', skipping: Permission denied.
V/MediaScanner(  484): pruneDeadThumbnailFiles... android.database.sqlite.SQLiteCursor@40d146f0
V/MediaScanner(  484): /pruneDeadThumbnailFiles... android.database.sqlite.SQLiteCursor@40d146f0
W/MediaScanner(  484): Error opening directory '/mnt/sdcard/.android_secure/', skipping: Permission denied.
V/MediaScanner(  484): pruneDeadThumbnailFiles... android.database.sqlite.SQLiteCursor@40cc9da8
V/MediaScanner(  484): /pruneDeadThumbnailFiles... android.database.sqlite.SQLiteCursor@40cc9da8
D/dalvikvm(  278): GC_EXPLICIT freed 115K, 23% free 5722K/7368K, paused 4ms+7ms, total 74ms
D/SystemClock(  278): Setting time of day to sec=1483089666
E/ThrottleService(  278): problem during onPollAlarm: java.lang.IllegalStateException: problem parsing stats: java.io.FileNotFoundException: /proc/net/xt_qtaguid/iface_stat_all: open failed: ENOENT (No such file or directory)
I/AudioService(  278):  AudioFocus  abandonAudioFocus() from android.media.AudioManager@40cd8fe8com.android.music.MediaPlaybackService$3@40cd7c08
D/AndroidRuntime(  775): 
D/AndroidRuntime(  775): >>>>>> AndroidRuntime START com.android.internal.os.RuntimeInit <<<<<<
D/AndroidRuntime(  775): CheckJNI is ON
D/dalvikvm(  775): Trying to load lib libjavacore.so 0x0
D/dalvikvm(  775): Added shared lib libjavacore.so 0x0
D/dalvikvm(  775): Trying to load lib libnativehelper.so 0x0
D/dalvikvm(  775): Added shared lib libnativehelper.so 0x0
D/AndroidRuntime(  775): Calling main entry com.android.commands.am.Am
D/dalvikvm(  775): Note: class Landroid/app/ActivityManagerNative; has 157 unimplemented (abstract) methods
D/dalvikvm(  785): Not late-enabling CheckJNI (already on)
I/ActivityManager(  278): Start proc it.unina.android.ripper_service:android_ripper_service_process for service it.unina.android.ripper_service/.AndroidRipperService: pid=785 uid=10049 gids={50049, 3003, 1028}
D/AndroidRuntime(  775): Shutting down VM
D/dalvikvm(  775): GC_CONCURRENT freed 91K, 16% free 490K/584K, paused 1ms+1ms, total 10ms
E/Trace   (  785): error opening trace file: No such file or directory (2)
V/AndroidRipperService(  785): onCreate()
V/SERVER  (  785): Starting ServerSocket on PORT 8888
V/SERVER  (  785): Started ServerSocket on PORT 8888
V/SERVER  (  785): Ready to accept connections on port: 8888
D/AndroidRuntime(  806): 
D/AndroidRuntime(  806): >>>>>> AndroidRuntime START com.android.internal.os.RuntimeInit <<<<<<
D/AndroidRuntime(  806): CheckJNI is ON
D/dalvikvm(  806): Trying to load lib libjavacore.so 0x0
D/dalvikvm(  806): Added shared lib libjavacore.so 0x0
D/dalvikvm(  806): Trying to load lib libnativehelper.so 0x0
D/dalvikvm(  806): Added shared lib libnativehelper.so 0x0
D/AndroidRuntime(  806): Calling main entry com.android.commands.am.Am
D/dalvikvm(  806): Note: class Landroid/app/ActivityManagerNative; has 157 unimplemented (abstract) methods
I/ActivityManager(  278): Force stopping package net.mandaria.tippytipper appid=10048 user=0
D/dalvikvm(  817): Not late-enabling CheckJNI (already on)
I/ActivityManager(  278): Start proc net.mandaria.tippytipper for added application net.mandaria.tippytipper: pid=817 uid=10048 gids={50048, 1015, 3003, 1028}
D/dalvikvm(   38): GC_EXPLICIT freed 38K, 4% free 2381K/2480K, paused 2ms+4ms, total 51ms
I/dalvikvm(  817): Turning on JNI app bug workarounds for target SDK version 4...
D/dalvikvm(   38): GC_EXPLICIT freed <1K, 4% free 2382K/2480K, paused 2ms+2ms, total 66ms
E/Trace   (  817): error opening trace file: No such file or directory (2)
D/dalvikvm(   38): GC_EXPLICIT freed <1K, 4% free 2382K/2480K, paused 3ms+3ms, total 66ms
D/dalvikvm(  817): GC_CONCURRENT freed 227K, 10% free 2597K/2884K, paused 4ms+11ms, total 49ms
I/System.out(  817): EMMA: collecting runtime coverage data ...
D/PolideaInstrumentationTestRunner(  817): Creating the Test Runner with arguments: [coverage, class]
D/PolideaInstrumentationTestRunner(  817): Test runner is running with the following parameters:
D/PolideaInstrumentationTestRunner(  817): junitOutputDirectory: /data/data/net.mandaria.tippytipper/files
D/PolideaInstrumentationTestRunner(  817): junitOutputFilePostfix: -TEST.xml
D/PolideaInstrumentationTestRunner(  817): junitNoPackagePrefix: NO_PACKAGE
D/PolideaInstrumentationTestRunner(  817): junitSplitLevel: package
D/PolideaInstrumentationTestRunner(  817): junitSingleFileName: ALL-TEST.xml
D/PolideaInstrumentationTestRunner(  817): Creating output directory if it does not exist
D/PolideaInstrumentationTestRunner(  817): Created directory? false
D/PolideaInstrumentationTestRunner(  817): Deleting old files
D/PolideaInstrumentationTestRunner(  817): Deleting: [/data/data/net.mandaria.tippytipper/files/it.unina.android.ripper-TEST.xml]
D/PolideaInstrumentationTestRunner(  817): Getting android test runner
D/PolideaInstrumentationTestRunner(  817): JUnit test output enabled
W/dalvikvm(  817): method Landroid/test/InstrumentationTestRunner$StringResultPrinter;.print incorrectly overrides package-private method with same name in Ljunit/textui/ResultPrinter;
D/PolideaInstrumentationTestRunner(  817): Starting test: testApplication(it.unina.android.ripper.RipperTestCase)
I/TestRunner(  817): started: testApplication(it.unina.android.ripper.RipperTestCase)
V/AndroidRipperService(  785): onBind()
V/AndroidRipperService(  785): register()
V/AndroidRipperService(  785): onBind()
I/ActivityManager(  278): START u0 {act=android.intent.action.MAIN flg=0x10000000 cmp=net.mandaria.tippytipper/.activities.TippyTipper} from pid 817
