I/SystemServer(  320): Enabled StrictMode logging for WM Looper
I/SystemServer(  320): Power Manager
E/PowerManagerService-JNI(  320): Couldn't load power module (No such file or directory)
I/SystemServer(  320): Activity Manager
I/ActivityManager(  320): Memory class: 48
W/UsageStats(  320): Usage stats version changed; dropping
I/ActivityManager(  320): Enabled StrictMode logging for AThread's Looper
I/SystemServer(  320): Display Manager
E/SurfaceFlinger(   37): ro.sf.lcd_density must be defined as a build property
I/DisplayManagerService(  320): Display device added: DisplayDeviceInfo{"Built-in Screen": 480 x 800, 260.416 fps, density 240, 240.0 x 240.0 dpi, touch INTERNAL, FLAG_DEFAULT_DISPLAY, FLAG_ROTATES_WITH_CONTENT, FLAG_SECURE, FLAG_SUPPORTS_PROTECTED_BUFFERS, rotation 0, type BUILT_IN, address null}
I/SystemServer(  320): Telephony Registry
I/SystemServer(  320): Scheduling Policy
I/SystemServer(  320): Package Manager
D/dalvikvm(  320): GC_CONCURRENT freed 306K, 13% free 2553K/2924K, paused 4ms+41ms, total 161ms
D/dalvikvm(  320): WAIT_FOR_CONCURRENT_GC blocked 56ms
W/PackageManager(  320): Running ENG build: no pre-dexopt!
D/dalvikvm(  320): GC_CONCURRENT freed 269K, 11% free 2670K/2996K, paused 4ms+47ms, total 89ms
D/dalvikvm(  320): GC_CONCURRENT freed 128K, 6% free 2934K/3120K, paused 5ms+4ms, total 46ms
W/PackageParser(  320): No actions in intent filter at /system/app/Contacts.apk Binary XML file line #533
D/dalvikvm(  320): GC_CONCURRENT freed 220K, 9% free 3129K/3404K, paused 4ms+6ms, total 226ms
D/dalvikvm(  320): GC_CONCURRENT freed 212K, 8% free 3328K/3596K, paused 4ms+64ms, total 122ms
W/PackageManager(  320): Package com.android.camera desires unavailable shared library com.google.android.media.effects; ignoring!
D/PackageManager(  320): No files in app dir /vendor/app
D/dalvikvm(  320): GC_CONCURRENT freed 204K, 7% free 3516K/3780K, paused 4ms+3ms, total 97ms
W/PackageParser(  320): No actions in intent filter at /data/app/ApiDemos.apk Binary XML file line #2737
W/PackageParser(  320): No actions in intent filter at /data/app/ApiDemos.apk Binary XML file line #2743
W/PackageManager(  320): Package com.example.android.apis desires unavailable shared library com.example.will.never.exist; ignoring!
I/PackageManager(  320): Time to scan packages: 4.734 seconds
W/PackageManager(  320): Unknown permission com.google.android.googleapps.permission.GOOGLE_AUTH.mail in package com.android.contacts
W/PackageManager(  320): Unknown permission android.permission.ADD_SYSTEM_SERVICE in package com.android.phone
W/PackageManager(  320): Unknown permission com.android.smspush.WAPPUSH_MANAGER_BIND in package com.android.phone
W/PackageManager(  320): Unknown permission com.google.android.googleapps.permission.GOOGLE_AUTH in package com.android.providers.calendar
W/PackageManager(  320): Unknown permission com.google.android.googleapps.permission.GOOGLE_AUTH.cl in package com.android.providers.calendar
W/PackageManager(  320): Unknown permission com.google.android.googleapps.permission.GOOGLE_AUTH.mail in package com.android.calendar
W/PackageManager(  320): Not granting permission android.permission.SEND_DOWNLOAD_COMPLETED_INTENTS to package com.android.browser (protectionLevel=2 flags=0x9be45)
W/PackageManager(  320): Not granting permission android.permission.BIND_APPWIDGET to package com.android.widgetpreview (protectionLevel=18 flags=0x8be44)
W/PackageManager(  320): Unknown permission com.google.android.googleapps.permission.GOOGLE_AUTH in package com.android.settings
W/PackageManager(  320): Unknown permission com.google.android.gallery3d.permission.GALLERY_PROVIDER in package com.android.exchange
W/PackageManager(  320): Unknown permission com.google.android.googleapps.permission.ACCESS_GOOGLE_PASSWORD in package com.android.development
W/PackageManager(  320): Unknown permission com.google.android.googleapps.permission.GOOGLE_AUTH in package com.android.development
W/PackageManager(  320): Unknown permission com.google.android.googleapps.permission.GOOGLE_AUTH.ALL_SERVICES in package com.android.development
W/PackageManager(  320): Unknown permission com.google.android.googleapps.permission.GOOGLE_AUTH.YouTubeUser in package com.android.development
W/PackageManager(  320): Unknown permission com.google.android.gallery3d.permission.GALLERY_PROVIDER in package com.android.email
W/PackageManager(  320): Not granting permission android.permission.DEVICE_POWER to package com.android.deskclock (protectionLevel=2 flags=0x8be45)
D/dalvikvm(  320): GC_CONCURRENT freed 269K, 9% free 3749K/4080K, paused 4ms+14ms, total 94ms
D/dalvikvm(  320): GC_EXPLICIT freed 254K, 13% free 3627K/4140K, paused 3ms+3ms, total 54ms
I/SystemServer(  320): User Service
I/SystemServer(  320): Account Manager
I/SystemServer(  320): Content Manager
I/SystemServer(  320): System Content Providers
I/SystemServer(  320): Lights Service
I/SystemServer(  320): Battery Service
I/SystemServer(  320): Vibrator Service
I/libsuspend(  320): Selected early suspend
I/libsuspend(  320): Starting early suspend unblocker thread
D/PermissionCache(   37): checking android.permission.ACCESS_SURFACE_FLINGER for uid=1000 => granted (2256 us)
D/SurfaceFlinger(   37): Screen acquired, type=0 flinger=0x2a007318
D/SurfaceFlinger(   37):  screen was previously acquired
I/SystemServer(  320): Alarm Manager
D/AlarmManagerService(  320): Kernel timezone updated to 0 minutes west of GMT
I/SystemServer(  320): Init Watchdog
I/SystemServer(  320): Input Manager
I/InputManager(  320): Initializing input manager, mUseDevInputEventForAudioJack=false
I/SystemServer(  320): Window Manager
E/SoundPool(  320): error loading /system/media/audio/ui/Lock.ogg
W/KeyguardViewMediator(  320): failed to load lock sound from /system/media/audio/ui/Lock.ogg
E/SoundPool(  320): error loading /system/media/audio/ui/Unlock.ogg
W/KeyguardViewMediator(  320): failed to load unlock sound from /system/media/audio/ui/Unlock.ogg
I/InputManager(  320): Starting input manager
I/EventHub(  320): New device: id=1, fd=85, path='/dev/input/event0', name='qwerty2', classes=0x2d, configuration='/system/usr/idc/qwerty2.idc', keyLayout='/system/usr/keylayout/qwerty.kl', keyCharacterMap='/system/usr/keychars/qwerty2.kcm', builtinKeyboard=true, usingSuspendBlockIoctl=false, usingClockIoctl=false
E/EventHub(  320): could not get driver version for /dev/input/mouse0, Not a typewriter
E/EventHub(  320): could not get driver version for /dev/input/mice, Not a typewriter
I/InputReader(  320): Device added: id=-1, name='Virtual', sources=0x00000301
I/InputReader(  320):   Touch device 'qwerty2' could not query the properties of its associated display.  The device will be inoperable until the display size becomes available.
I/InputReader(  320): Device added: id=0, name='qwerty2', sources=0x00011307
E/Trace   (  320): error opening trace file: No such file or directory (2)
I/SystemServer(  320): No Bluetooh Service (emulator)
I/SystemServer(  320): Input Method Service
W/InputMethodManagerService(  320): Couldn't create dir.: /data/system/inputmethod
D/dalvikvm(  320): GC_CONCURRENT freed 294K, 9% free 3841K/4204K, paused 45ms+27ms, total 437ms
D/dalvikvm(  320): WAIT_FOR_CONCURRENT_GC blocked 6ms
I/SystemServer(  320): Accessibility Manager
I/ActivityManager(  320): Config changes=15f8 {1.0 ?mcc?mnc en_US ldltr sw320dp w320dp h508dp 240dpi nrml long port ?uimode ?night finger -keyb/v/h tball/v s.2}
I/InputReader(  320): Reconfiguring input devices.  changes=0x00000004
I/InputReader(  320): Device reconfigured: id=0, name='qwerty2', size 480x800, orientation 0, mode 1, display id 0
I/InputReader(  320): Reconfiguring input devices.  changes=0x00000004
I/InputReader(  320): Device reconfigured: id=0, name='qwerty2', size 480x800, orientation 0, mode 1, display id 0
I/SystemServer(  320): Mount Service
D/MountService(  320): got storage path: /mnt/sdcard description: USB storage primary: true removable: false emulated: false mtpReserve: 0 allowMassStorage: false maxFileSize: 0
D/MountService(  320): addVolumeLocked() StorageVolume [mStorageId=0 mPath=/mnt/sdcard mDescriptionId=17040615 mPrimary=true mRemovable=false mEmulated=false mMtpReserveSpace=0 mAllowMassStorage=false mMaxFileSize=0 mOwner=null]
I/SystemServer(  320): LockSettingsService
I/SystemServer(  320): Device Policy
I/SystemServer(  320): Status Bar
I/SystemServer(  320): Clipboard Service
I/SystemServer(  320): NetworkManagement Service
D/dalvikvm(  320): GREF has increased to 201
I/SystemServer(  320): Text Service Manager Service
I/SystemServer(  320): NetworkStats Service
D/MountService(  320): volume state changed for /mnt/sdcard (null -> unmounted)
I/PackageManager(  320): Updating external media status from unmounted to unmounted
I/SystemServer(  320): NetworkPolicy Service
W/MountService(  320): getSecureContainerList() called when storage not mounted
I/SystemServer(  320): Wi-Fi P2pService
I/PackageManager(  320): No secure containers on sdcard
I/SystemServer(  320): Wi-Fi Service
W/PackageManager(  320): Unknown permission com.google.android.googleapps.permission.GOOGLE_AUTH.mail in package com.android.contacts
W/PackageManager(  320): Unknown permission android.permission.ADD_SYSTEM_SERVICE in package com.android.phone
W/PackageManager(  320): Unknown permission com.android.smspush.WAPPUSH_MANAGER_BIND in package com.android.phone
W/PackageManager(  320): Unknown permission com.google.android.googleapps.permission.GOOGLE_AUTH in package com.android.providers.calendar
W/PackageManager(  320): Unknown permission com.google.android.googleapps.permission.GOOGLE_AUTH.cl in package com.android.providers.calendar
W/PackageManager(  320): Unknown permission com.google.android.googleapps.permission.GOOGLE_AUTH.mail in package com.android.calendar
W/PackageManager(  320): Not granting permission android.permission.SEND_DOWNLOAD_COMPLETED_INTENTS to package com.android.browser (protectionLevel=2 flags=0x89be45)
W/PackageManager(  320): Not granting permission android.permission.BIND_APPWIDGET to package com.android.widgetpreview (protectionLevel=18 flags=0x8be44)
W/PackageManager(  320): Unknown permission com.google.android.googleapps.permission.GOOGLE_AUTH in package com.android.settings
W/PackageManager(  320): Unknown permission com.google.android.gallery3d.permission.GALLERY_PROVIDER in package com.android.exchange
W/PackageManager(  320): Unknown permission com.google.android.googleapps.permission.ACCESS_GOOGLE_PASSWORD in package com.android.development
W/PackageManager(  320): Unknown permission com.google.android.googleapps.permission.GOOGLE_AUTH in package com.android.development
W/PackageManager(  320): Unknown permission com.google.android.googleapps.permission.GOOGLE_AUTH.ALL_SERVICES in package com.android.development
W/PackageManager(  320): Unknown permission com.google.android.googleapps.permission.GOOGLE_AUTH.YouTubeUser in package com.android.development
W/PackageManager(  320): Unknown permission com.google.android.gallery3d.permission.GALLERY_PROVIDER in package com.android.email
W/PackageManager(  320): Not granting permission android.permission.DEVICE_POWER to package com.android.deskclock (protectionLevel=2 flags=0x88be45)
D/dalvikvm(  320): GC_CONCURRENT freed 324K, 9% free 3984K/4372K, paused 5ms+12ms, total 210ms
E/CommandListener(   34): Failed to open /proc/sys/net/ipv6/conf/wlan0/disable_ipv6: No such file or directory
E/WifiStateMachine(  320): Failed to disable IPv6: java.lang.IllegalStateException: command '1 interface ipv6 wlan0 disable' failed with '400 1 Failed to change IPv6 state (No such file or directory)'
I/SystemServer(  320): Connectivity Service
D/ConnectivityService(  320): ConnectivityService starting up
E/MobileDataStateTracker(  320): default: Ignoring feature request because could not acquire PhoneService
E/MobileDataStateTracker(  320): default: Could not enable APN type "default"
I/WifiService(  320): WifiService starting up with Wi-Fi disabled
I/SystemServer(  320): Network Service Discovery Service
D/NsdService(  320): Network service discovery enabled true
I/SystemServer(  320): Throttle Service
I/SystemServer(  320): UpdateLock Service
I/SystemServer(  320): Notification Manager
I/SystemServer(  320): Device Storage Monitor
I/SystemServer(  320): Location Manager
I/SystemServer(  320): Country Detector
I/SystemServer(  320): Search Service
I/SystemServer(  320): DropBox Service
I/SystemServer(  320): Wallpaper Service
I/SystemServer(  320): Audio Service
D/dalvikvm(  320): GC_CONCURRENT freed 231K, 7% free 4160K/4456K, paused 4ms+76ms, total 254ms
I/SystemServer(  320): Dock Observer
W/DockObserver(  320): This kernel does not have dock station support
I/SystemServer(  320): Wired Accessory Manager
W/WiredAccessoryManager(  320): This kernel does not have wired headset support
W/WiredAccessoryManager(  320): This kernel does not have usb audio support
W/WiredAccessoryManager(  320): This kernel does not have HDMI audio support
I/SystemServer(  320): USB Service
I/SystemServer(  320): Serial Service
I/SystemServer(  320): Twilight Service
I/SystemServer(  320): UI Mode Manager Service
I/SystemServer(  320): Backup Service
V/BackupManagerService(  320): No ancestral data
I/BackupManagerService(  320): Found stale backup journal, scheduling
I/BackupManagerService(  320):   android
I/BackupManagerService(  320):   com.android.browser
I/BackupManagerService(  320):   com.android.calendar
I/BackupManagerService(  320):   com.android.inputmethod.latin
I/BackupManagerService(  320):   com.android.providers.settings
I/BackupManagerService(  320):   com.android.providers.userdictionary
I/BackupManagerService(  320):   com.android.sharedstoragebackup
I/BackupManagerService(  320): Backup enabled => true
I/SystemServer(  320): AppWidget Service
I/SystemServer(  320): Recognition Service
I/SystemServer(  320): DiskStats Service
I/SystemServer(  320): SamplingProfiler Service
I/SystemServer(  320): NetworkTimeUpdateService
I/SystemServer(  320): CommonTimeManagementService
I/SystemServer(  320): CertBlacklister
I/SystemServer(  320): Dreams Service
I/WindowManager(  320): SAFE MODE not enabled
D/dalvikvm(  320): JIT started for system_server
D/dalvikvm(  320): GC_CONCURRENT freed 316K, 8% free 4276K/4644K, paused 5ms+4ms, total 161ms
I/ActivityManager(  320): System now ready
I/SystemServer(  320): Making services ready
I/Zygote  (  320): Process: zygote socket opened
I/ActivityManager(  320): Start proc com.android.systemui for service com.android.systemui/.SystemUIService: pid=412 uid=10034 gids={50034, 1028, 1015, 3002, 3001}
I/Vold    (   32): /dev/block/vold/179:0 being considered for volume sdcard
D/Vold    (   32): Volume sdcard state changing 1 (Idle-Unmounted) -> 3 (Checking)
I//system/bin/fsck_msdos(   32): ** /dev/block/vold/179:0
D/MountService(  320): volume state changed for /mnt/sdcard (unmounted -> checking)
D/MountService(  320): sendStorageIntent Intent { act=android.intent.action.MEDIA_CHECKING dat=file:///mnt/sdcard (has extras) } to UserHandle{-1}
D/NetworkManagementService(  320): not enabling bandwidth control
I/keystore(   42): uid: 1000 action: e -> 7 state: 3 -> 3 retry: 4
W/NetworkStats(  320): bandwidth controls disabled, unable to track stats
W/NetworkPolicy(  320): bandwidth controls disabled, unable to enforce policy
I/keystore(   42): uid: 1000 action: e -> 7 state: 3 -> 3 retry: 4
I/ActivityManager(  320): Config changes=200 {1.0 ?mcc?mnc en_US ldltr sw320dp w320dp h508dp 240dpi nrml long port finger -keyb/v/h tball/v s.3}
W/RecognitionManagerService(  320): no available voice recognition services found for user 0
I//system/bin/fsck_msdos(   32): ** Phase 1 - Read and Compare FATs
E/Trace   (  412): error opening trace file: No such file or directory (2)
I//system/bin/fsck_msdos(   32): Attempting to allocate 2044 KB for FAT
D/SystemUIService(  412): loading: class com.android.systemui.statusbar.phone.PhoneStatusBar
D/SystemUIService(  412): running: com.android.systemui.statusbar.phone.PhoneStatusBar@40cd23a0
I/StatusBarManagerService(  320): registerStatusBar bar=com.android.internal.statusbar.IStatusBar$Stub$Proxy@40ecec58
D/dalvikvm(  320): GC_CONCURRENT freed 142K, 5% free 4582K/4788K, paused 162ms+27ms, total 604ms
D/dalvikvm(  320): WAIT_FOR_CONCURRENT_GC blocked 457ms
D/dalvikvm(  412): GC_FOR_ALLOC freed 88K, 6% free 2662K/2808K, paused 207ms, total 252ms
I/dalvikvm-heap(  412): Grow heap (frag case) to 3.257MB for 635812-byte allocation
D/dalvikvm(  412): GC_CONCURRENT freed 5K, 5% free 3278K/3432K, paused 4ms+2ms, total 44ms
D/dalvikvm(  320): GC_CONCURRENT freed 228K, 6% free 4876K/5168K, paused 6ms+5ms, total 280ms
D/dalvikvm(  320): WAIT_FOR_CONCURRENT_GC blocked 229ms
E/BluetoothAdapter(  412): Bluetooth binder is null
E/BluetoothAdapter(  412): Bluetooth binder is null
D/dalvikvm(  320): GC_CONCURRENT freed 190K, 5% free 5314K/5568K, paused 21ms+28ms, total 403ms
D/dalvikvm(  320): WAIT_FOR_CONCURRENT_GC blocked 110ms
D/dalvikvm(  320): WAIT_FOR_CONCURRENT_GC blocked 215ms
E/BluetoothAdapter(  412): Bluetooth binder is null
W/InputMethodManagerService(  320): Ignoring setImeWindowStatus of uid 1000 token: null
W/InputMethodManagerService(  320): Found no subtypes in a system IME: com.android.inputmethod.pinyin
I/ActivityManager(  320): Start proc com.android.inputmethod.latin for service com.android.inputmethod.latin/.LatinIME: pid=458 uid=10010 gids={50010, 1028}
I/CommonTimeManagementService(  320): No common time service detected on this platform.  Common time services will be unavailable.
I/InputReader(  320): Reconfiguring input devices.  changes=0x00000020
I/ActivityManager(  320): Start proc com.android.phone for added application com.android.phone: pid=471 uid=1001 gids={41001, 3002, 3001, 3003, 1015, 1028}
I/InputReader(  320): Reconfiguring input devices.  changes=0x00000010
E/ThrottleService(  320): problem during onPollAlarm: java.lang.IllegalStateException: problem parsing stats: java.io.FileNotFoundException: /proc/net/xt_qtaguid/iface_stat_all: open failed: ENOENT (No such file or directory)
I/ActivityManager(  320): START u0 {act=android.intent.action.MAIN cat=[android.intent.category.HOME] flg=0x10000000 cmp=com.android.launcher/com.android.launcher2.Launcher} from pid 0
I/LocationBlacklist(  320): whitelist: []
I/LocationBlacklist(  320): blacklist: []
I/ActivityManager(  320): Start proc com.android.launcher for activity com.android.launcher/com.android.launcher2.Launcher: pid=494 uid=10020 gids={50020, 1028}
I/SystemServer(  320): Enabled StrictMode for system server main thread.
I/Choreographer(  320): Skipped 1901 frames!  The application may be doing too much work on its main thread.
E/SurfaceFlinger(   37): ro.sf.lcd_density must be defined as a build property
D/gralloc_goldfish(  320): Emulator without GPU emulation detected.
E/Trace   (  458): error opening trace file: No such file or directory (2)
E/Trace   (  471): error opening trace file: No such file or directory (2)
D/dalvikvm(  412): GC_CONCURRENT freed 66K, 4% free 3632K/3756K, paused 4ms+3ms, total 541ms
E/Trace   (  494): error opening trace file: No such file or directory (2)
E/BluetoothAdapter(  412): Bluetooth binder is null
D/dalvikvm(  320): GC_CONCURRENT freed 623K, 12% free 5430K/6116K, paused 372ms+24ms, total 1409ms
D/dalvikvm(  320): WAIT_FOR_CONCURRENT_GC blocked 410ms
D/dalvikvm(  320): WAIT_FOR_CONCURRENT_GC blocked 469ms
W/TelephonyProvider(  471): onCreate: confFile=/system/etc/apns-conf.xml oldCheckSum=-1
D/TelephonyManager(  471): getLteOnCdmaMode=0 curVal=-1 product_type='' lteOnCdmaProductType=''
I/LatinIME(  458): Hardware accelerated drawing: false
D/dalvikvm(  320): GREF has increased to 301
D/TelephonyManager(  471): getLteOnCdmaMode=0 curVal=-1 product_type='' lteOnCdmaProductType=''
V/TAG     (  320): bug 7643792: fitSystemWindows([0,0][0,0])
D/PhoneStatusBar(  412): disable: < expand icons alerts ticker system_info back home recent clock search >
D/TelephonyManager(  471): getLteOnCdmaMode=0 curVal=-1 product_type='' lteOnCdmaProductType=''
V/TAG     (  320): bug 7643792: fitSystemWindows([0,38][0,0])
W/Settings(  471): Setting airplane_mode_on has moved from android.provider.Settings.System to android.provider.Settings.Global, returning read-only value.
W/Settings(  471): Setting auto_time has moved from android.provider.Settings.System to android.provider.Settings.Global, returning read-only global URI.
W/Settings(  471): Setting auto_time_zone has moved from android.provider.Settings.System to android.provider.Settings.Global, returning read-only global URI.
W/ActivityManager(  320): Unable to start service Intent { act=com.android.internal.telephony.IWapPushManager } U=0: not found
D/        (  471): [ApnContext:default] set reason as dataEnabled,current state IDLE
D/        (  471): [ApnContext:default] setRetryCount: 0
D/        (  471): [ApnContext:mms] set reason as dataEnabled,current state IDLE
D/        (  471): [ApnContext:mms] setRetryCount: 0
D/        (  471): [ApnContext:supl] set reason as dataEnabled,current state IDLE
D/        (  471): [ApnContext:supl] setRetryCount: 0
W/InputAttributes(  458): No editor info for this field. Bug?
I/Choreographer(  320): Skipped 162 frames!  The application may be doing too much work on its main thread.
D/        (  471): [ApnContext:hipri] set reason as dataEnabled,current state IDLE
D/        (  471): [ApnContext:hipri] setRetryCount: 0
D/        (  471): [ApnContext:fota] set reason as dataEnabled,current state IDLE
D/        (  471): [ApnContext:fota] setRetryCount: 0
D/        (  471): [ApnContext:ims] set reason as dataEnabled,current state IDLE
D/        (  471): [ApnContext:ims] setRetryCount: 0
D/        (  471): [ApnContext:cbs] set reason as dataEnabled,current state IDLE
D/        (  471): [ApnContext:cbs] setRetryCount: 0
E/SurfaceFlinger(   37): ro.sf.lcd_density must be defined as a build property
E/BluetoothAdapter(  412): Bluetooth binder is null
W/WindowManager(  320): Window freeze timeout expired.
W/WindowManager(  320): Force clearing orientation change: Window{40e96740 u0 Keyguard}
D/dalvikvm(  471): GC_CONCURRENT freed 197K, 9% free 2572K/2824K, paused 45ms+2ms, total 699ms
D/dalvikvm(  320): GC_FOR_ALLOC freed 424K, 12% free 5396K/6116K, paused 330ms, total 335ms
I/dalvikvm-heap(  320): Grow heap (frag case) to 6.405MB for 1128976-byte allocation
D/dalvikvm(  320): GC_FOR_ALLOC freed 3K, 11% free 6494K/7220K, paused 172ms, total 172ms
D/TelephonyManager(  471): getLteOnCdmaMode=0 curVal=-1 product_type='' lteOnCdmaProductType=''
D/SystemUIService(  412): loading: class com.android.systemui.power.PowerUI
D/SystemUIService(  412): running: com.android.systemui.power.PowerUI@40e3fe18
E/ActivityThread(  458): Failed to find provider info for com.android.inputmethod.latin.dictionarypack
E/BinaryDictionaryGetter(  458): Could not find a dictionary pack
D/CallManager(  471): registerPhone(GSM Handler (com.android.internal.telephony.PhoneProxy) {40d01cf8})
D/SystemUIService(  412): loading: class com.android.systemui.media.RingtonePlayer
D/SystemUIService(  412): running: com.android.systemui.media.RingtonePlayer@40e40f48
I/ActivityManager(  320): Start proc android.process.acore for content provider com.android.providers.userdictionary/.UserDictionaryProvider: pid=550 uid=10001 gids={50001, 3003, 1015, 1028}
I/Choreographer(  412): Skipped 2645 frames!  The application may be doing too much work on its main thread.
W/InputMethodManagerService(  320): Found no subtypes in a system IME: com.android.inputmethod.pinyin
I/Choreographer(  320): Skipped 561 frames!  The application may be doing too much work on its main thread.
E/BluetoothAdapter(  471): Bluetooth binder is null
D/dalvikvm(  320): GC_CONCURRENT freed 74K, 10% free 6537K/7220K, paused 131ms+244ms, total 1294ms
D/dalvikvm(  320): WAIT_FOR_CONCURRENT_GC blocked 6092ms
I/Choreographer(  320): Skipped 232 frames!  The application may be doing too much work on its main thread.
E/SurfaceFlinger(   37): ro.sf.lcd_density must be defined as a build property
E/Trace   (  550): error opening trace file: No such file or directory (2)
D/dalvikvm(  494): GC_CONCURRENT freed 182K, 9% free 2619K/2856K, paused 1057ms+149ms, total 1453ms
E/BluetoothAdapter(  471): Bluetooth binder is null
W/GpsLocationProvider(  320): Could not open GPS configuration file /etc/gps.conf
W/WindowManager(  320): Window freeze timeout expired.
W/WindowManager(  320): Force clearing orientation change: Window{41012600 u0 StatusBar}
D/PhoneStatusBar(  412): disable: < expand icons alerts ticker system_info BACK* HOME* RECENT* CLOCK* SEARCH* >
D/dalvikvm(  494): GC_FOR_ALLOC freed 51K, 4% free 2856K/2964K, paused 25ms, total 40ms
I/dalvikvm-heap(  494): Grow heap (frag case) to 4.213MB for 1440016-byte allocation
D/dalvikvm(  494): GC_CONCURRENT freed 12K, 3% free 4250K/4372K, paused 10ms+12ms, total 66ms
I/Choreographer(  320): Skipped 259 frames!  The application may be doing too much work on its main thread.
W/ServiceWatcher(  320): com.google.android.location not found
W/dalvikvm(  412): threadid=2: spin on suspend #1 threadid=12 (pcf=0)
D/dalvikvm(  412): Temporarily moving tid 515 to fg (was 0)
D/dalvikvm(  412): Temporarily raised priority on tid 515 (10 -> 0)
W/dalvikvm(  412): threadid=2: spin on suspend resolved in 1094 msec
D/dalvikvm(  412): Restored policy of 515 to 0
D/dalvikvm(  412): Restored priority on 515 to 10
D/dalvikvm(  412): GC_CONCURRENT freed 254K, 8% free 3766K/4076K, paused 1103ms+191ms, total 1684ms
D/dalvikvm(  550): GC_CONCURRENT freed 179K, 9% free 2611K/2844K, paused 242ms+2ms, total 304ms
I//system/bin/fsck_msdos(   32): Attempting to allocate 2044 KB for FAT
I//system/bin/fsck_msdos(   32): ** Phase 2 - Check Cluster Chains
I//system/bin/fsck_msdos(   32): ** Phase 3 - Checking Directories
I//system/bin/fsck_msdos(   32): ** Phase 4 - Checking for Lost Files
I//system/bin/fsck_msdos(   32): 12 files, 1044448 free (522224 clusters)
I/Vold    (   32): Filesystem check completed OK
I/Vold    (   32): Device /dev/block/vold/179:0, target /mnt/sdcard mounted @ /mnt/secure/staging
D/Vold    (   32): Volume sdcard state changing 3 (Checking) -> 4 (Mounted)
D/MountService(  320): volume state changed for /mnt/sdcard (checking -> mounted)
I/PackageManager(  320): Updating external media status from unmounted to mounted
D/MountService(  320): sendStorageIntent Intent { act=android.intent.action.MEDIA_MOUNTED dat=file:///mnt/sdcard (has extras) } to UserHandle{-1}
E/UserHistoryDictionary(  458): when loading: file not foundjava.io.FileNotFoundException: /data/data/com.android.inputmethod.latin/files/UserHistoryDictionary.en_US.dict: open failed: ENOENT (No such file or directory)
E/VoldConnector(  320): NDC Command {3 volume mount /mnt/sdcard} took too long (22187ms)
D/dalvikvm(  458): GC_CONCURRENT freed 243K, 11% free 2535K/2836K, paused 4ms+2ms, total 1095ms
E/StrictMode(  458): A resource was acquired at attached stack trace but never released. See java.io.Closeable for information on avoiding resource leaks.
E/StrictMode(  458): java.lang.Throwable: Explicit termination method 'close' not called
E/StrictMode(  458): 	at dalvik.system.CloseGuard.open(CloseGuard.java:184)
E/StrictMode(  458): 	at android.os.ParcelFileDescriptor.<init>(ParcelFileDescriptor.java:412)
E/StrictMode(  458): 	at android.content.res.AssetManager.openNonAssetFdNative(Native Method)
E/StrictMode(  458): 	at android.content.res.AssetManager.openNonAssetFd(AssetManager.java:428)
E/StrictMode(  458): 	at android.content.res.Resources.openRawResourceFd(Resources.java:979)
E/StrictMode(  458): 	at com.android.inputmethod.latin.BinaryDictionaryGetter.loadFallbackResource(BinaryDictionaryGetter.java:183)
E/StrictMode(  458): 	at com.android.inputmethod.latin.BinaryDictionaryGetter.getDictionaryFiles(BinaryDictionaryGetter.java:456)
E/StrictMode(  458): 	at com.android.inputmethod.latin.DictionaryFactory.createMainDictionaryFromManager(DictionaryFactory.java:57)
E/StrictMode(  458): 	at com.android.inputmethod.latin.DictionaryFactory.createMainDictionaryFromManager(DictionaryFactory.java:87)
E/StrictMode(  458): 	at com.android.inputmethod.latin.Suggest$1.run(Suggest.java:108)
I/PackageManager(  320): No secure containers on sdcard
I/Choreographer(  412): Skipped 2454 frames!  The application may be doing too much work on its main thread.
D/gralloc_goldfish(  412): Emulator without GPU emulation detected.
I/Choreographer(  320): Skipped 66 frames!  The application may be doing too much work on its main thread.
I/Choreographer(  412): Skipped 111 frames!  The application may be doing too much work on its main thread.
D/dalvikvm(  471): GC_CONCURRENT freed 311K, 13% free 2652K/3020K, paused 45ms+188ms, total 422ms
W/PackageManager(  320): Unknown permission com.google.android.googleapps.permission.GOOGLE_AUTH.mail in package com.android.contacts
W/PackageManager(  320): Unknown permission android.permission.ADD_SYSTEM_SERVICE in package com.android.phone
W/PackageManager(  320): Unknown permission com.android.smspush.WAPPUSH_MANAGER_BIND in package com.android.phone
W/PackageManager(  320): Unknown permission com.google.android.googleapps.permission.GOOGLE_AUTH in package com.android.providers.calendar
W/PackageManager(  320): Unknown permission com.google.android.googleapps.permission.GOOGLE_AUTH.cl in package com.android.providers.calendar
W/PackageManager(  320): Unknown permission com.google.android.googleapps.permission.GOOGLE_AUTH.mail in package com.android.calendar
W/PackageManager(  320): Not granting permission android.permission.SEND_DOWNLOAD_COMPLETED_INTENTS to package com.android.browser (protectionLevel=2 flags=0x89be45)
W/PackageManager(  320): Not granting permission android.permission.BIND_APPWIDGET to package com.android.widgetpreview (protectionLevel=18 flags=0x8be44)
W/PackageManager(  320): Unknown permission com.google.android.googleapps.permission.GOOGLE_AUTH in package com.android.settings
W/PackageManager(  320): Unknown permission com.google.android.gallery3d.permission.GALLERY_PROVIDER in package com.android.exchange
W/PackageManager(  320): Unknown permission com.google.android.googleapps.permission.ACCESS_GOOGLE_PASSWORD in package com.android.development
W/PackageManager(  320): Unknown permission com.google.android.googleapps.permission.GOOGLE_AUTH in package com.android.development
W/PackageManager(  320): Unknown permission com.google.android.googleapps.permission.GOOGLE_AUTH.ALL_SERVICES in package com.android.development
W/PackageManager(  320): Unknown permission com.google.android.googleapps.permission.GOOGLE_AUTH.YouTubeUser in package com.android.development
W/PackageManager(  320): Unknown permission com.google.android.gallery3d.permission.GALLERY_PROVIDER in package com.android.email
W/PackageManager(  320): Not granting permission android.permission.DEVICE_POWER to package com.android.deskclock (protectionLevel=2 flags=0x88be45)
D/DebugService(  471): DebugService DebugService:
D/TelephonyDebugService(  471): TelephonyDebugService()
W/ServiceWatcher(  320): com.google.android.location not found
W/LocationManagerService(  320): no network location provider found
W/ServiceWatcher(  320): com.google.android.location not found
D/dalvikvm(  494): GC_CONCURRENT freed 197K, 6% free 4642K/4896K, paused 16ms+100ms, total 280ms
I/ActivityManager(  320): Start proc com.android.location.fused for service com.android.location.fused/.FusedLocationService: pid=621 uid=10022 gids={50022, 1028}
W/Settings(  471): Setting auto_time_zone has moved from android.provider.Settings.System to android.provider.Settings.Global, returning read-only value.
I/Choreographer(  494): Skipped 184 frames!  The application may be doing too much work on its main thread.
W/ServiceWatcher(  320): com.google.android.location not found
E/LocationManagerService(  320): no geocoder provider found
E/SurfaceFlinger(   37): ro.sf.lcd_density must be defined as a build property
E/Trace   (  621): error opening trace file: No such file or directory (2)
I/Choreographer(  494): Skipped 59 frames!  The application may be doing too much work on its main thread.
I/Choreographer(  494): Skipped 103 frames!  The application may be doing too much work on its main thread.
D/dalvikvm(  320): GC_CONCURRENT freed 1817K, 25% free 5713K/7592K, paused 6ms+321ms, total 1674ms
D/CAT     (  471): CatService: Running CAT service. STK app installed:false
D/CAT     (  471): CatService: NEW sInstance
D/dalvikvm(  494): GC_FOR_ALLOC freed 66K, 5% free 5173K/5404K, paused 635ms, total 641ms
D/dalvikvm(  494): GC_FOR_ALLOC freed 6K, 5% free 5673K/5912K, paused 644ms, total 702ms
I/ActivityManager(  320): Start proc android.process.media for broadcast com.android.providers.downloads/.DownloadReceiver: pid=651 uid=10000 gids={50000, 1015, 1023, 1024, 1028, 1006, 2001, 3003, 3007}
D/dalvikvm(  320): GREF has increased to 401
D/CAT     (  471): CatService: SIM ready. Reporting STK service running now...
W/ActivityManager(  320): Activity idle timeout for ActivityRecord{410174b0 u0 com.android.launcher/com.android.launcher2.Launcher}
D/dalvikvm(  494): GREF has increased to 201
I/Choreographer(  494): Skipped 632 frames!  The application may be doing too much work on its main thread.
D/dalvikvm(  471): GC_CONCURRENT freed 280K, 11% free 2779K/3116K, paused 3ms+105ms, total 229ms
D/MccTable(  471): updateMccMncConfiguration: mcc=310, mnc=260
D/TelephonyManager(  471): getLteOnCdmaMode=0 curVal=-1 product_type='' lteOnCdmaProductType=''
D/MccTable(  471): locale set to en_us
D/MccTable(  471): WIFI_COUNTRY_CODE set to us
D/dalvikvm(  320): GC_CONCURRENT freed 766K, 25% free 5765K/7592K, paused 7ms+64ms, total 1549ms
I/Choreographer(  494): Skipped 258 frames!  The application may be doing too much work on its main thread.
I/WifiService(  320): WifiService trying to set country code to us with persist set to true
I/ActivityManager(  320): Config changes=1403 {1.0 310mcc260mnc en_US ldltr sw320dp w320dp h508dp 240dpi nrml long port finger -keyb/v/h tball/v s.4}
E/Trace   (  651): error opening trace file: No such file or directory (2)
I/Choreographer(  494): Skipped 228 frames!  The application may be doing too much work on its main thread.
D/gralloc_goldfish(  494): Emulator without GPU emulation detected.
E/SurfaceFlinger(   37): ro.sf.lcd_density must be defined as a build property
I/Choreographer(  320): Skipped 41 frames!  The application may be doing too much work on its main thread.
W/SurfaceFlinger(   37): createScreenshotSurface failed (Function not implemented)
W/WindowManager(  320): Window freeze timeout expired.
W/WindowManager(  320): Force clearing orientation change: Window{40e949f8 u0 com.android.systemui.ImageWallpaper}
D/dalvikvm(  412): GC_FOR_ALLOC freed 28K, 5% free 3891K/4076K, paused 395ms, total 407ms
I/Choreographer(  320): Skipped 80 frames!  The application may be doing too much work on its main thread.
D/dalvikvm(  494): GC_FOR_ALLOC freed 20K, 3% free 6317K/6504K, paused 200ms, total 243ms
I/dalvikvm-heap(  412): Grow heap (frag case) to 9.965MB for 6410576-byte allocation
I/dalvikvm-heap(  494): Grow heap (frag case) to 7.616MB for 1463056-byte allocation
D/dalvikvm(  494): JIT unchain all for threadid=7
D/dalvikvm(  412): GC_FOR_ALLOC freed <1K, 2% free 10151K/10340K, paused 275ms, total 275ms
D/dalvikvm(  412): GC_CONCURRENT freed <1K, 2% free 10153K/10340K, paused 8ms+302ms, total 453ms
W/Settings(  471): Setting auto_time_zone has moved from android.provider.Settings.System to android.provider.Settings.Global, returning read-only value.
D/dalvikvm(  494): GC_CONCURRENT freed 1K, 3% free 7744K/7936K, paused 320ms+4ms, total 1155ms
D/dalvikvm(  494): WAIT_FOR_CONCURRENT_GC blocked 836ms
D/dalvikvm(  494): WAIT_FOR_CONCURRENT_GC blocked 837ms
W/WindowManager(  320): Window freeze timeout expired.
W/WindowManager(  320): Force clearing orientation change: Window{41012600 u0 StatusBar}
W/WindowManager(  320): Force clearing orientation change: Window{40e96740 u0 Keyguard}
W/WindowManager(  320): Force clearing orientation change: Window{40e949f8 u0 com.android.systemui.ImageWallpaper}
E/BluetoothAdapter(  320): Bluetooth binder is null
E/BluetoothAdapter(  320): Bluetooth binder is null
V/WiredAccessoryManager(  320): init()
E/SoundPool(  320): error loading /system/media/audio/ui/Effect_Tick.ogg
W/AudioService(  320): Soundpool could not load file: /system/media/audio/ui/Effect_Tick.ogg
E/SoundPool(  320): error loading /system/media/audio/ui/Effect_Tick.ogg
W/AudioService(  320): Soundpool could not load file: /system/media/audio/ui/Effect_Tick.ogg
E/SoundPool(  320): error loading /system/media/audio/ui/Effect_Tick.ogg
W/AudioService(  320): Soundpool could not load file: /system/media/audio/ui/Effect_Tick.ogg
E/SoundPool(  320): error loading /system/media/audio/ui/Effect_Tick.ogg
W/AudioService(  320): Soundpool could not load file: /system/media/audio/ui/Effect_Tick.ogg
E/SoundPool(  320): error loading /system/media/audio/ui/Effect_Tick.ogg
W/AudioService(  320): Soundpool could not load file: /system/media/audio/ui/Effect_Tick.ogg
E/SoundPool(  320): error loading /system/media/audio/ui/KeypressStandard.ogg
W/AudioService(  320): Soundpool could not load file: /system/media/audio/ui/KeypressStandard.ogg
E/SoundPool(  320): error loading /system/media/audio/ui/KeypressSpacebar.ogg
W/AudioService(  320): Soundpool could not load file: /system/media/audio/ui/KeypressSpacebar.ogg
E/SoundPool(  320): error loading /system/media/audio/ui/KeypressDelete.ogg
W/AudioService(  320): Soundpool could not load file: /system/media/audio/ui/KeypressDelete.ogg
E/SoundPool(  320): error loading /system/media/audio/ui/KeypressReturn.ogg
W/AudioService(  320): Soundpool could not load file: /system/media/audio/ui/KeypressReturn.ogg
W/AudioService(  320): loadSoundEffects(), Error -1 while loading samples
D/MccTable(  471): updateMccMncConfiguration: mcc=310, mnc=260
D/TelephonyManager(  471): getLteOnCdmaMode=0 curVal=-1 product_type='' lteOnCdmaProductType=''
D/MccTable(  471): locale set to en_us
D/MccTable(  471): WIFI_COUNTRY_CODE set to us
I/WifiService(  320): WifiService trying to set country code to us with persist set to true
I/ActivityManager(  320): Config changes=1400 {1.0 310mcc260mnc en_US ldltr sw320dp w320dp h508dp 240dpi nrml long port finger -keyb/v/h tball/v s.5}
I/Choreographer(  320): Skipped 30 frames!  The application may be doing too much work on its main thread.
W/WindowManager(  320): App freeze timeout expired.
W/WindowManager(  320): Force clearing freeze: AppWindowToken{4101bf10 token=Token{410178e8 ActivityRecord{410174b0 u0 com.android.launcher/com.android.launcher2.Launcher}}}
D/dalvikvm(  471): GC_CONCURRENT freed 316K, 12% free 2936K/3312K, paused 5ms+55ms, total 280ms
I/DownloadManager(  651): in removeSpuriousFiles
I/ActivityManager(  320): Displayed com.android.launcher/com.android.launcher2.Launcher: +36s909ms
I/Choreographer(  494): Skipped 1805 frames!  The application may be doing too much work on its main thread.
W/Launcher.Model(  494): LoaderTask running with no launcher (loadAllAppsByBatch)
D/dalvikvm(  494): GC_CONCURRENT freed 1630K, 19% free 7800K/9524K, paused 12ms+4ms, total 67ms
D/MediaScannerReceiver(  651): action: android.intent.action.MEDIA_MOUNTED path: /mnt/sdcard
D/dalvikvm(  412): GC_FOR_ALLOC freed 1K, 2% free 10154K/10336K, paused 426ms, total 426ms
I/dalvikvm-heap(  412): Grow heap (frag case) to 12.666MB for 2828816-byte allocation
I/ActivityManager(  320): Start proc com.android.music for broadcast com.android.music/.MediaButtonIntentReceiver: pid=716 uid=10025 gids={50025, 3003, 1015, 1028}
D/dalvikvm(  412): GC_FOR_ALLOC freed 0K, 2% free 12917K/13100K, paused 921ms, total 921ms
I/dalvikvm(  716): Turning on JNI app bug workarounds for target SDK version 9...
D/dalvikvm(  412): GC_CONCURRENT freed 6260K, 50% free 6657K/13100K, paused 10ms+22ms, total 114ms
D/dalvikvm(  320): GC_EXPLICIT freed 575K, 24% free 5773K/7584K, paused 686ms+132ms, total 2350ms
E/Trace   (  716): error opening trace file: No such file or directory (2)
D/dalvikvm(  471): GC_CONCURRENT freed 463K, 16% free 2861K/3384K, paused 5ms+272ms, total 368ms
I/Choreographer(  320): Skipped 100 frames!  The application may be doing too much work on its main thread.
I/FusedLocation(  621): engine started (com.android.location.fused)
D/ConnectivityService(  320): ConnectivityChange for mobile: CONNECTED/CONNECTED
I/Choreographer(  412): Skipped 143 frames!  The application may be doing too much work on its main thread.
D/dalvikvm(   38): GC_EXPLICIT freed 34K, 4% free 2381K/2472K, paused 3ms+7ms, total 160ms
D/dalvikvm(   38): GC_EXPLICIT freed <1K, 4% free 2382K/2472K, paused 3ms+6ms, total 51ms
D/dalvikvm(   38): GC_EXPLICIT freed <1K, 4% free 2382K/2472K, paused 3ms+3ms, total 149ms
D/dalvikvm(  320): GC_CONCURRENT freed 541K, 20% free 6085K/7584K, paused 32ms+11ms, total 1468ms
D/dalvikvm(  320): WAIT_FOR_CONCURRENT_GC blocked 349ms
D/dalvikvm(  320): WAIT_FOR_CONCURRENT_GC blocked 1413ms
D/dalvikvm(  320): WAIT_FOR_CONCURRENT_GC blocked 1401ms
D/dalvikvm(  320): WAIT_FOR_CONCURRENT_GC blocked 1398ms
D/dalvikvm(  320): WAIT_FOR_CONCURRENT_GC blocked 1342ms
I/ActivityManager(  320): Start proc com.android.contacts for broadcast com.android.contacts/.calllog.CallLogReceiver: pid=745 uid=10001 gids={50001, 3003, 1015, 1028}
D/dalvikvm(  320): WAIT_FOR_CONCURRENT_GC blocked 1352ms
D/dalvikvm(  320): WAIT_FOR_CONCURRENT_GC blocked 985ms
D/dalvikvm(  320): WAIT_FOR_CONCURRENT_GC blocked 631ms
D/dalvikvm(  320): WAIT_FOR_CONCURRENT_GC blocked 548ms
E/NetdConnector(  320): NDC Command {6 resolver setdefaultif eth0} took too long (1445ms)
D/dalvikvm(  320): WAIT_FOR_CONCURRENT_GC blocked 1464ms
I/SurfaceFlinger(   37): Boot is finished (89078 ms)
I/PowerManagerService(  320): Boot animation finished.
I/AudioService(  320):   Remote Control   registerMediaButtonIntent() for PendingIntent{411365d8: PendingIntentRecord{4100fee0 com.android.music broadcastIntent}}
I/ActivityManager(  320): Config changes=1400 {1.0 310mcc260mnc en_US ldltr sw320dp w320dp h508dp 240dpi nrml long port finger -keyb/v/h tball/v s.6}
E/Trace   (  745): error opening trace file: No such file or directory (2)
I/Choreographer(  412): Skipped 117 frames!  The application may be doing too much work on its main thread.
I/Choreographer(  320): Skipped 188 frames!  The application may be doing too much work on its main thread.
D/dalvikvm(  320): GC_FOR_ALLOC freed 206K, 19% free 6194K/7584K, paused 120ms, total 125ms
I/dalvikvm-heap(  320): Grow heap (frag case) to 6.209MB for 104992-byte allocation
D/dalvikvm(  320): GC_FOR_ALLOC freed 5K, 19% free 6291K/7688K, paused 117ms, total 118ms
D/dalvikvm(  320): GC_FOR_ALLOC freed 3K, 19% free 6291K/7688K, paused 104ms, total 104ms
I/dalvikvm-heap(  320): Grow heap (frag case) to 6.303MB for 104992-byte allocation
D/dalvikvm(  320): GC_FOR_ALLOC freed <1K, 18% free 6393K/7792K, paused 201ms, total 201ms
I/RecoverySystem(  320): No recovery log file
D/AndroidRuntime(  772): 
D/AndroidRuntime(  772): >>>>>> AndroidRuntime START com.android.internal.os.RuntimeInit <<<<<<
D/AndroidRuntime(  772): CheckJNI is ON
I/ActivityManager(  320): Start proc com.android.deskclock for broadcast com.android.deskclock/.AlarmInitReceiver: pid=779 uid=10006 gids={50006, 1028}
D/dalvikvm(  772): Trying to load lib libjavacore.so 0x0
D/dalvikvm(  772): Added shared lib libjavacore.so 0x0
D/dalvikvm(  772): Trying to load lib libnativehelper.so 0x0
D/dalvikvm(  772): Added shared lib libnativehelper.so 0x0
D/dalvikvm(  494): GC_FOR_ALLOC freed 3130K, 47% free 5051K/9492K, paused 677ms, total 716ms
I/dalvikvm-heap(  494): Grow heap (frag case) to 6.358MB for 1440016-byte allocation
D/dalvikvm(  494): GC_FOR_ALLOC freed 19K, 33% free 6438K/9492K, paused 253ms, total 253ms
D/dalvikvm(  494): GC_CONCURRENT freed 12K, 33% free 6426K/9492K, paused 4ms+4ms, total 249ms
E/Trace   (  779): error opening trace file: No such file or directory (2)
D/AndroidRuntime(  772): Calling main entry com.android.commands.am.Am
D/dalvikvm(  772): Note: class Landroid/app/ActivityManagerNative; has 157 unimplemented (abstract) methods
D/Tethering(  320): MasterInitialState.processMessage what=3
D/dalvikvm(  801): Not late-enabling CheckJNI (already on)
I/ActivityManager(  320): Start proc it.unina.android.ripper_service:android_ripper_service_process for service it.unina.android.ripper_service/.AndroidRipperService: pid=801 uid=10049 gids={50049, 3003, 1028}
D/AndroidRuntime(  772): Shutting down VM
D/dalvikvm(  772): GC_CONCURRENT freed 91K, 16% free 490K/584K, paused 1ms+1ms, total 7ms
D/dalvikvm(  320): GC_CONCURRENT freed 827K, 16% free 6573K/7792K, pause