D/gralloc_goldfish(  814): Emulator without GPU emulation detected.
I/ActivityManager(  282): Displayed de.freewarepoint.whohasmystuff/.ListLentObjects: +2s214ms
V/RipperService(  782): PING
V/AndroidRipperService(  782): mHandler.handleMessage() RECIVED
V/AndroidRipperService(  782): broadcast()
I/AndroidRipper(  814): Recived message: PING
V/RipperTestCase(  814): Not ready to operate!
V/AndroidRipperService(  782): broadcast() done
V/        (  782): ready
I/AndroidRipper(  814): [RipperTestCase] Ready to operate after restarting...
V/RipperService(  782): PING
V/AndroidRipperService(  782): mHandler.handleMessage() RECIVED
V/AndroidRipperService(  782): broadcast()
I/AndroidRipper(  814): Recived message: PING
V/AndroidRipperService(  782): send()
I/System.out(  782): {"type":"PONG","index":"4"}
V/AndroidRipperService(  782): broadcast() done
V/        (  782): ready
V/RipperService(  782): END
V/AndroidRipperService(  782): mHandler.handleMessage() RECIVED
V/AndroidRipperService(  782): broadcast()
I/AndroidRipper(  814): Recived message: END
V/AndroidRipperService(  782): broadcast() done
V/        (  782): ready
V/SERVER  (  782): ServerSocket on PORT 8888: offline
V/AndroidRipperService(  782): mHandler.handleMessage() DISCONNECTED
V/SERVER  (  782): Ready to accept connections on port: 8888
V/AndroidRipperService(  782): unregister()
W/WindowManager(  282): Failure taking screenshot for (246x410) to layer 21005
V/AndroidRipperService(  782): unregister()
W/ActivityManager(  282): Duplicate finish request for ActivityRecord{4106b1f0 u0 de.freewarepoint.whohasmystuff/.ListLentObjects}
D/dalvikvm(  814): GC_EXPLICIT freed 53K, 6% free 3368K/3576K, paused 9ms+16ms, total 108ms
D/dalvikvm(  814): GC_EXPLICIT freed 5K, 6% free 3363K/3576K, paused 8ms+3ms, total 102ms
D/PolideaInstrumentationTestRunner(  814): Finished test: testApplication(it.unina.android.ripper.RipperTestCase)
I/TestRunner(  814): finished: testApplication(it.unina.android.ripper.RipperTestCase)
I/TestRunner(  814): passed: testApplication(it.unina.android.ripper.RipperTestCase)
I/System.out(  814): EMMA: runtime coverage data written to [/data/data/de.freewarepoint.whohasmystuff/files/coverage.ec] {in 30 ms}
D/PolideaInstrumentationTestRunner(  814): Post processing
D/PolideaInstrumentationTestRunner(  814): Packages: 1
D/PolideaInstrumentationTestRunner(  814): Processing package package it.unina.android.ripper
D/PolideaInstrumentationTestRunner(  814): Writing to file /data/data/de.freewarepoint.whohasmystuff/files/it.unina.android.ripper-TEST.xml
D/PolideaInstrumentationTestRunner(  814): closing file
D/AndroidRuntime(  804): Shutting down VM
D/dalvikvm(  804): GC_CONCURRENT freed 95K, 18% free 462K/560K, paused 1ms+1ms, total 9ms
I/ActivityManager(  282): Force stopping package de.freewarepoint.whohasmystuff appid=10050 user=0
I/ActivityManager(  282): Killing proc 814:de.freewarepoint.whohasmystuff/u0a10050: force stop de.freewarepoint.whohasmystuff
I/WindowState(  282): WIN DEATH: Window{40edb5e0 u0 de.freewarepoint.whohasmystuff/de.freewarepoint.whohasmystuff.ListLentObjects EXITING}
I/Choreographer(  405): Skipped 183 frames!  The application may be doing too much work on its main thread.
E/SurfaceFlinger(   37): ro.sf.lcd_density must be defined as a build property
W/WindowManager(  282): Rebuild removed 2 windows but added 1
W/WindowManager(  282): This window was lost: Window{40edb5e0 u0 de.freewarepoint.whohasmystuff/de.freewarepoint.whohasmystuff.ListLentObjects}
W/WindowManager(  282): mDisplayId=0 mSession=Session{40eff720 814:u0a10050} mClient=android.os.BinderProxy@411b0878
W/WindowManager(  282): mOwnerUid=10050 mShowToOwnerOnly=true
W/WindowManager(  282): mAttrs=WM.LayoutParams{(0,0)(fillxfill) sim=#110 ty=1 fl=#1810100 pfl=0x8 wanim=0x10302e9}
W/WindowManager(  282): Requested w=480 h=800 mLayoutSeq=37
W/WindowManager(  282): mBaseLayer=21000 mSubLayer=0 mAnimLayer=21000+0=21000 mLastLayer=0
W/WindowManager(  282): mToken=AppWindowToken{41040900 token=Token{4106b330 ActivityRecord{4106b1f0 u0 de.freewarepoint.whohasmystuff/.ListLentObjects}}}
W/WindowManager(  282): mRootToken=AppWindowToken{41040900 token=Token{4106b330 ActivityRecord{4106b1f0 u0 de.freewarepoint.whohasmystuff/.ListLentObjects}}}
W/WindowManager(  282): mAppToken=AppWindowToken{41040900 token=Token{4106b330 ActivityRecord{4106b1f0 u0 de.freewarepoint.whohasmystuff/.ListLentObjects}}}
W/WindowManager(  282): mViewVisibility=0x8 mHaveFrame=true mObscured=true
W/WindowManager(  282): mSeq=0 mSystemUiVisibility=0x0
W/WindowManager(  282): mPolicyVisibility=false mPolicyVisibilityAfterAnim=false mAttachedHidden=false
W/WindowManager(  282): mGivenContentInsets=[0,0][0,0] mGivenVisibleInsets=[0,0][0,0]
W/WindowManager(  282): mConfiguration={1.0 310mcc260mnc en_US ldltr sw320dp w320dp h508dp 240dpi nrml long port finger -keyb/v/h tball/v s.6}
W/WindowManager(  282): mHasSurface=true mShownFrame=[0.0,0.0][480.0,800.0] isReadyForDisplay()=false
W/WindowManager(  282): mFrame=[0,0][480,800] last=[0,0][480,800]
W/WindowManager(  282): mSystemDecorRect=[0,38][480,800] last=[0,38][480,800]
W/WindowManager(  282): Frames: containing=[0,0][480,800] parent=[0,0][480,800] display=[0,0][480,800]
W/WindowManager(  282):     content=[0,38][480,800] visible=[0,38][480,800]
W/WindowManager(  282): Cur insets: content=[0,38][0,0] visible=[0,38][0,0]
W/WindowManager(  282): Lst insets: content=[0,38][0,0] visible=[0,38][0,0]
W/WindowManager(  282): WindowStateAnimator{411a8368 de.freewarepoint.whohasmystuff/de.freewarepoint.whohasmystuff.ListLentObjects}:
W/WindowManager(  282):   mSurface=Surface(name=de.freewarepoint.whohasmystuff/de.freewarepoint.whohasmystuff.ListLentObjects, identity=16)
W/WindowManager(  282):   mDrawState=HAS_DRAWN mLastHidden=true
W/WindowManager(  282):   Surface: shown=false layer=21005 alpha=0.0 rect=(0.0,0.0) 480.0 x 800.0
W/WindowManager(  282):   mShownAlpha=1.0 mAlpha=1.0 mLastAlpha=-1.0
W/WindowManager(  282):   mGlobalScale=1.0 mDsDx=1.0 mDtDx=0.0 mDsDy=0.0 mDtDy=1.0
W/WindowManager(  282): mExiting=false mRemoveOnExit=false mDestroying=true mRemoved=false
W/WindowManager(  282): Current app token list:
V/WindowManager(  282):   #0: Token{40f88260 ActivityRecord{40f87e28 u0 com.android.launcher/com.android.launcher2.Launcher}}
W/WindowManager(  282): Final window list:
V/WindowManager(  282):   #0: Window{40ef6788 u0 StatusBar}
V/WindowManager(  282):   #1: Window{40e94898 u0 Keyguard}
V/WindowManager(  282):   #2: Window{40f722f0 u0 com.android.launcher/com.android.launcher2.Launcher}
V/WindowManager(  282):   #3: Window{40ed9fc8 u0 com.android.systemui.ImageWallpaper}
W/Resources(   38): Preloaded drawable resource #0x108027f (android:drawable/fastscroll_track_pressed_holo_dark) that varies with configuration!!
W/Resources(   38): Preloaded drawable resource #0x108027b (android:drawable/fastscroll_track_default_holo_dark) that varies with configuration!!
W/Resources(   38): Preloaded drawable resource #0x1080274 (android:drawable/fastscroll_label_left_holo_dark) that varies with configuration!!
D/dalvikvm(   38): GC_EXPLICIT freed 74K, 26% free 2358K/3156K, paused 2ms+2ms, total 71ms
W/Resources(   38): Preloaded drawable resource #0x1080276 (android:drawable/fastscroll_label_right_holo_dark) that varies with configuration!!
D/dalvikvm(   38): GC_EXPLICIT freed 50K, 26% free 2357K/3156K, paused 2ms+15ms, total 81ms
W/Resources(   38): Preloaded drawable resource #0x1080280 (android:drawable/fastscroll_track_pressed_holo_light) that varies with configuration!!
W/Resources(   38): Preloaded drawable resource #0x108027c (android:drawable/fastscroll_track_default_holo_light) that varies with configuration!!
W/Resources(   38): Preloaded drawable resource #0x108027c (android:drawable/fastscroll_track_default_holo_light) that varies with configuration!!
W/Resources(   38): Preloaded drawable resource #0x1080280 (android:drawable/fastscroll_track_pressed_holo_light) that varies with configuration!!
W/Resources(   38): Preloaded drawable resource #0x108027c (android:drawable/fastscroll_track_default_holo_light) that varies with configuration!!
W/Resources(   38): Preloaded drawable resource #0x1080275 (android:drawable/fastscroll_label_left_holo_light) that varies with configuration!!
D/dalvikvm(   38): GC_EXPLICIT freed 57K, 26% free 2358K/3156K, paused 2ms+2ms, total 78ms
W/Resources(   38): Preloaded drawable resource #0x1080277 (android:drawable/fastscroll_label_right_holo_light) that varies with configuration!!
D/dalvikvm(   38): GC_EXPLICIT freed 50K, 26% free 2358K/3156K, paused 2ms+3ms, total 79ms
W/Resources(   38): Preloaded drawable resource #0x1080259 (android:drawable/editbox_dropdown_background_dark) that varies with configuration!!
W/Resources(   38): Preloaded drawable resource #0x10805f8 (android:drawable/textfield_search_selected_holo_dark) that varies with configuration!!
W/Resources(   38): Preloaded drawable resource #0x10805ec (android:drawable/textfield_search_default_holo_dark) that varies with configuration!!
W/Resources(   38): Preloaded drawable resource #0x10805ec (android:drawable/textfield_search_default_holo_dark) that varies with configuration!!
W/Resources(   38): Preloaded drawable resource #0x10805f5 (android:drawable/textfield_search_right_selected_holo_dark) that varies with configuration!!
W/Resources(   38): Preloaded drawable resource #0x10805f3 (android:drawable/textfield_search_right_default_holo_dark) that varies with configuration!!
W/Resources(   38): Preloaded drawable resource #0x10805f3 (android:drawable/textfield_search_right_default_holo_dark) that varies with configuration!!
W/Resources(   38): Preloaded drawable resource #0x10805f9 (android:drawable/textfield_search_selected_holo_light) that varies with configuration!!
W/Resources(   38): Preloaded drawable resource #0x10805ed (android:drawable/textfield_search_default_holo_light) that varies with configuration!!
W/Resources(   38): Preloaded drawable resource #0x10805ed (android:drawable/textfield_search_default_holo_light) that varies with configuration!!
W/Resources(   38): Preloaded drawable resource #0x10805f6 (android:drawable/textfield_search_right_selected_holo_light) that varies with configuration!!
W/Resources(   38): Preloaded drawable resource #0x10805f4 (android:drawable/textfield_search_right_default_holo_light) that varies with configuration!!
W/Resources(   38): Preloaded drawable resource #0x10805f4 (android:drawable/textfield_search_right_default_holo_light) that varies with configuration!!
W/Resources(   38): Preloaded drawable resource #0x10805f8 (android:drawable/textfield_search_selected_holo_dark) that varies with configuration!!
W/Resources(   38): Preloaded drawable resource #0x10805ec (android:drawable/textfield_search_default_holo_dark) that varies with configuration!!
W/Resources(   38): Preloaded drawable resource #0x10805f5 (android:drawable/textfield_search_right_selected_holo_dark) that varies with configuration!!
W/Resources(   38): Preloaded drawable resource #0x10805f3 (android:drawable/textfield_search_right_default_holo_dark) that varies with configuration!!
W/Resources(   38): Preloaded drawable resource #0x10805f9 (android:drawable/textfield_search_selected_holo_light) that varies with configuration!!
W/Resources(   38): Preloaded drawable resource #0x10805ed (android:drawable/textfield_search_default_holo_light) that varies with configuration!!
W/Resources(   38): Preloaded drawable resource #0x10805f6 (android:drawable/textfield_search_right_selected_holo_light) that varies with configuration!!
W/Resources(   38): Preloaded drawable resource #0x10805f4 (android:drawable/textfield_search_right_default_holo_light) that varies with configuration!!
D/dalvikvm(   38): GC_EXPLICIT freed 47K, 26% free 2364K/3156K, paused 2ms+3ms, total 37ms
W/Resources(   38): Preloaded drawable resource #0x10805c1 (android:drawable/tab_unselected_holo) that varies with configuration!!
W/Resources(   38): Preloaded drawable resource #0x10805bc (android:drawable/tab_selected_holo) that varies with configuration!!
W/Resources(   38): Preloaded drawable resource #0x10805c0 (android:drawable/tab_unselected_focused_holo) that varies with configuration!!
W/Resources(   38): Preloaded drawable resource #0x10805bb (android:drawable/tab_selected_focused_holo) that varies with configuration!!
W/Resources(   38): Preloaded drawable resource #0x10805c2 (android:drawable/tab_unselected_pressed_holo) that varies with configuration!!
W/Resources(   38): Preloaded drawable resource #0x10805bd (android:drawable/tab_selected_pressed_holo) that varies with configuration!!
W/Resources(   38): Preloaded drawable resource #0x10805c2 (android:drawable/tab_unselected_pressed_holo) that varies with configuration!!
W/Resources(   38): Preloaded drawable resource #0x10805bd (android:drawable/tab_selected_pressed_holo) that varies with configuration!!
W/Resources(   38): Preloaded drawable resource #0x10805bd (android:drawable/tab_selected_pressed_holo) that varies with configuration!!
W/Resources(   38): Preloaded drawable resource #0x10805c1 (android:drawable/tab_unselected_holo) that varies with configuration!!
W/Resources(   38): Preloaded drawable resource #0x10805bc (android:drawable/tab_selected_holo) that varies with configuration!!
W/Resources(   38): Preloaded drawable resource #0x10805c0 (android:drawable/tab_unselected_focused_holo) that varies with configuration!!
W/Resources(   38): Preloaded drawable resource #0x10805bb (android:drawable/tab_selected_focused_holo) that varies with configuration!!
W/Resources(   38): Preloaded drawable resource #0x10805c2 (android:drawable/tab_unselected_pressed_holo) that varies with configuration!!
W/Resources(   38): Preloaded drawable resource #0x10805bd (android:drawable/tab_selected_pressed_holo) that varies with configuration!!
W/Resources(   38): Preloaded drawable resource #0x10804a5 (android:drawable/quickcontact_badge_overlay_pressed_dark) that varies with configuration!!
W/Resources(   38): Preloaded drawable resource #0x10804a0 (android:drawable/quickcontact_badge_overlay_focused_dark) that varies with configuration!!
W/Resources(   38): Preloaded drawable resource #0x10804a3 (android:drawable/quickcontact_badge_overlay_normal_dark) that varies with configuration!!
W/Resources(   38): Preloaded drawable resource #0x10804a3 (android:drawable/quickcontact_badge_overlay_normal_dark) that varies with configuration!!
W/Resources(   38): Preloaded drawable resource #0x10804a3 (android:drawable/quickcontact_badge_overlay_normal_dark) that varies with configuration!!
D/dalvikvm(   38): GC_EXPLICIT freed 56K, 26% free 2365K/3156K, paused 2ms+4ms, total 35ms
W/Resources(   38): Preloaded drawable resource #0x10804a5 (android:drawable/quickcontact_badge_overlay_pressed_dark) that varies with configuration!!
W/Resources(   38): Preloaded drawable resource #0x10804a6 (android:drawable/quickcontact_badge_overlay_pressed_light) that varies with configuration!!
W/Resources(   38): Preloaded drawable resource #0x10804a1 (android:drawable/quickcontact_badge_overlay_focused_light) that varies with configuration!!
W/Resources(   38): Preloaded drawable resource #0x10804a4 (android:drawable/quickcontact_badge_overlay_normal_light) that varies with configuration!!
W/Resources(   38): Preloaded drawable resource #0x10804a4 (android:drawable/quickcontact_badge_overlay_normal_light) that varies with configuration!!
W/Resources(   38): Preloaded drawable resource #0x10804a4 (android:drawable/quickcontact_badge_overlay_normal_light) that varies with configuration!!
W/Resources(   38): Preloaded drawable resource #0x10804a6 (android:drawable/quickcontact_badge_overlay_pressed_light) that varies with configuration!!
I/Zygote  (   38): ...preloaded 270 resources in 8123ms.
D/dalvikvm(   38): GC_EXPLICIT freed 48K, 25% free 2368K/3156K, paused 3ms+3ms, total 29ms
I/Zygote  (   38): ...preloaded 31 resources in 81ms.
D/dalvikvm(   38): GC_EXPLICIT freed 9K, 25% free 2376K/3156K, paused 3ms+4ms, total 30ms
D/dalvikvm(   38): GC_EXPLICIT freed 7K, 25% free 2369K/3156K, paused 3ms+3ms, total 32ms
D/dalvikvm(   38): GC_EXPLICIT freed <1K, 25% free 2369K/3156K, paused 11ms+2ms, total 37ms
I/dalvikvm(   38): System server process 310 has been created
I/Zygote  (   38): Accepting command socket connections
E/BatteryService(  310): usbOnlinePath not found
E/BatteryService(  310): wirelessOnlinePath not found
E/BatteryService(  310): batteryVoltagePath not found
E/BatteryService(  310): batteryTemperaturePath not found
I/sysproc (  310): Entered system_init()
I/sysproc (  310): ServiceManager: 0x2a164110
D/SensorService(  310): nuSensorService starting...
I/SensorService(  310): Goldfish 3-axis Accelerometer
I/SensorService(  310): Goldfish 3-axis Magnetic field sensor
I/SensorService(  310): Goldfish Orientation sensor
I/SensorService(  310): Goldfish Temperature sensor
I/SensorService(  310): Goldfish Proximity sensor
D/SensorService(  310): nuSensorService thread starting...
I/sysproc (  310): System server: starting Android runtime.
I/sysproc (  310): System server: starting Android services.
I/SystemServer(  310): Entered the Android system server!
I/sysproc (  310): System server: entering thread pool.
I/SystemServer(  310): Enabled StrictMode logging for UI Looper
I/SystemServer(  310): Waiting for installd to be ready.
I/Installer(  310): connecting...
I/installd(   41): new connection
I/SystemServer(  310): Entropy Mixer
I/SystemServer(  310): Enabled StrictMode logging for WM Looper
I/SystemServer(  310): Power Manager
E/PowerManagerService-JNI(  310): Couldn't load power module (No such file or directory)
I/SystemServer(  310): Activity Manager
I/ActivityManager(  310): Memory class: 48
W/UsageStats(  310): Usage stats version changed; dropping
I/ActivityManager(  310): Enabled StrictMode logging for AThread's Looper
I/SystemServer(  310): Display Manager
I/SystemServer(  310): Telephony Registry
I/SystemServer(  310): Scheduling Policy
E/SurfaceFlinger(   37): ro.sf.lcd_density must be defined as a build property
I/DisplayManagerService(  310): Display device added: DisplayDeviceInfo{"Built-in Screen": 480 x 800, 260.416 fps, density 240, 240.0 x 240.0 dpi, touch INTERNAL, FLAG_DEFAULT_DISPLAY, FLAG_ROTATES_WITH_CONTENT, FLAG_SECURE, FLAG_SUPPORTS_PROTECTED_BUFFERS, rotation 0, type BUILT_IN, address null}
I/SystemServer(  310): Package Manager
D/dalvikvm(  310): GC_CONCURRENT freed 225K, 11% free 2559K/2848K, paused 7ms+4ms, total 92ms
D/dalvikvm(  310): GC_CONCURRENT freed 238K, 10% free 2717K/3012K, paused 5ms+4ms, total 62ms
W/PackageManager(  310): Running ENG build: no pre-dexopt!
D/dalvikvm(  310): GC_CONCURRENT freed 219K, 9% free 2911K/3188K, paused 4ms+6ms, total 170ms
W/PackageParser(  310): No actions in intent filter at /system/app/Contacts.apk Binary XML file line #533
D/dalvikvm(  310): GC_CONCURRENT freed 231K, 9% free 3161K/3448K, paused 54ms+58ms, total 289ms
D/dalvikvm(  310): GC_CONCURRENT freed 229K, 8% free 3343K/3628K, paused 4ms+21ms, total 110ms
W/PackageManager(  310): Package com.android.camera desires unavailable shared library com.google.android.media.effects; ignoring!
D/PackageManager(  310): No files in app dir /vendor/app
D/dalvikvm(  310): GC_CONCURRENT freed 228K, 8% free 3520K/3808K, paused 4ms+5ms, total 101ms
W/PackageParser(  310): No actions in intent filter at /data/app/ApiDemos.apk Binary XML file line #2737
W/PackageParser(  310): No actions in intent filter at /data/app/ApiDemos.apk Binary XML file line #2743
W/PackageManager(  310): Package com.example.android.apis desires unavailable shared library com.example.will.never.exist; ignoring!
I/PackageManager(  310): Time to scan packages: 3.96 seconds
W/PackageManager(  310): Unknown permission com.google.android.googleapps.permission.GOOGLE_AUTH.mail in package com.android.contacts
W/PackageManager(  310): Unknown permission android.permission.ADD_SYSTEM_SERVICE in package com.android.phone
W/PackageManager(  310): Unknown permission com.android.smspush.WAPPUSH_MANAGER_BIND in package com.android.phone
W/PackageManager(  310): Unknown permission com.google.android.googleapps.permission.GOOGLE_AUTH in package com.android.providers.calendar
W/PackageManager(  310): Unknown permission com.google.android.googleapps.permission.GOOGLE_AUTH.cl in package com.android.providers.calendar
W/PackageManager(  310): Unknown permission com.google.android.googleapps.permission.GOOGLE_AUTH.mail in package com.android.calendar
W/PackageManager(  310): Not granting permission android.permission.SEND_DOWNLOAD_COMPLETED_INTENTS to package com.android.browser (protectionLevel=2 flags=0x9be45)
W/PackageManager(  310): Not granting permission android.permission.BIND_APPWIDGET to package com.android.widgetpreview (protectionLevel=18 flags=0x8be44)
W/PackageManager(  310): Unknown permission com.google.android.googleapps.permission.GOOGLE_AUTH in package com.android.settings
W/PackageManager(  310): Unknown permission com.google.android.gallery3d.permission.GALLERY_PROVIDER in package com.android.exchange
W/PackageManager(  310): Unknown permission com.google.android.googleapps.permission.ACCESS_GOOGLE_PASSWORD in package com.android.development
W/PackageManager(  310): Unknown permission com.google.android.googleapps.permission.GOOGLE_AUTH in package com.android.development
W/PackageManager(  310): Unknown permission com.google.android.googleapps.permission.GOOGLE_AUTH.ALL_SERVICES in package com.android.development
W/PackageManager(  310): Unknown permission com.google.android.googleapps.permission.GOOGLE_AUTH.YouTubeUser in package com.android.development
W/PackageManager(  310): Unknown permission com.google.android.gallery3d.permission.GALLERY_PROVIDER in package com.android.email
W/PackageManager(  310): Not granting permission android.permission.DEVICE_POWER to package com.android.deskclock (protectionLevel=2 flags=0x8be45)
D/dalvikvm(  310): GC_CONCURRENT freed 284K, 9% free 3749K/4088K, paused 41ms+4ms, total 188ms
D/dalvikvm(  310): WAIT_FOR_CONCURRENT_GC blocked 16ms
D/dalvikvm(  310): GC_EXPLICIT freed 206K, 12% free 3628K/4108K, paused 3ms+13ms, total 84ms
I/SystemServer(  310): User Service
I/SystemServer(  310): Account Manager
I/SystemServer(  310): Content Manager
I/SystemServer(  310): System Content Providers
I/SystemServer(  310): Lights Service
I/SystemServer(  310): Battery Service
I/SystemServer(  310): Vibrator Service
I/libsuspend(  310): Selected early suspend
I/libsuspend(  310): Starting early suspend unblocker thread
D/PermissionCache(   37): checking android.permission.ACCESS_SURFACE_FLINGER for uid=1000 => granted (2849 us)
D/SurfaceFlinger(   37): Screen acquired, type=0 flinger=0x2a007318
D/SurfaceFlinger(   37):  screen was previously acquired
I/SystemServer(  310): Alarm Manager
D/AlarmManagerService(  310): Kernel timezone updated to 0 minutes west of GMT
I/SystemServer(  310): Init Watchdog
I/SystemServer(  310): Input Manager
I/InputManager(  310): Initializing input manager, mUseDevInputEventForAudioJack=false
I/SystemServer(  310): Window Manager
E/SoundPool(  310): error loading /system/media/audio/ui/Lock.ogg
W/KeyguardViewMediator(  310): failed to load lock sound from /system/media/audio/ui/Lock.ogg
E/SoundPool(  310): error loading /system/media/audio/ui/Unlock.ogg
W/KeyguardViewMediator(  310): failed to load unlock sound from /system/media/audio/ui/Unlock.ogg
D/dalvikvm(  310): GC_CONCURRENT freed 234K, 8% free 3817K/4124K, paused 5ms+5ms, total 104ms
I/InputManager(  310): Starting input manager
I/SystemServer(  310): No Bluetooh Service (emulator)
I/SystemServer(  310): Input Method Service
I/EventHub(  310): New device: id=1, fd=88, path='/dev/input/event0', name='qwerty2', classes=0x2d, configuration='/system/usr/idc/qwerty2.idc', keyLayout='/system/usr/keylayout/qwerty.kl', keyCharacterMap='/system/usr/keychars/qwerty2.kcm', builtinKeyboard=true, usingSuspendBlockIoctl=false, usingClockIoctl=false
E/EventHub(  310): could not get driver version for /dev/input/mouse0, Not a typewriter
E/EventHub(  310): could not get driver version for /dev/input/mice, Not a typewriter
I/InputReader(  310): Device added: id=-1, name='Virtual', sources=0x00000301
I/InputReader(  310):   Touch device 'qwerty2' could not query the properties of its associated display.  The device will be inoperable until the display size becomes available.
I/InputReader(  310): Device added: id=0, name='qwerty2', sources=0x00011307
E/Trace   (  310): error opening trace file: No such file or directory (2)
W/InputMethodManagerService(  310): Couldn't create dir.: /data/system/inputmethod
I/SystemServer(  310): Accessibility Manager
I/ActivityManager(  310): Config changes=15f8 {1.0 ?mcc?mnc en_US ldltr sw320dp w320dp h508dp 240dpi nrml long port ?uimode ?night finger -keyb/v/h tball/v s.2}
I/InputReader(  310): Reconfiguring input devices.  changes=0x00000004
I/InputReader(  310): Device reconfigured: id=0, name='qwerty2', size 480x800, orientation 0, mode 1, display id 0
I/SystemServer(  310): Mount Service
D/MountService(  310): got storage path: /mnt/sdcard description: USB storage primary: true removable: false emulated: false mtpReserve: 0 allowMassStorage: false maxFileSize: 0
D/MountService(  310): addVolumeLocked() StorageVolume [mStorageId=0 mPath=/mnt/sdcard mDescriptionId=17040615 mPrimary=true mRemovable=false mEmulated=false mMtpReserveSpace=0 mAllowMassStorage=false mMaxFileSize=0 mOwner=null]
I/SystemServer(  310): LockSettingsService
I/SystemServer(  310): Device Policy
D/dalvikvm(  310): GREF has increased to 201
D/MountService(  310): volume state changed for /mnt/sdcard (null -> unmounted)
I/PackageManager(  310): Updating external media status from unmounted to unmounted
W/MountService(  310): getSecureContainerList() called when storage not mounted
I/PackageManager(  310): No secure containers on sdcard
W/PackageManager(  310): Unknown permission com.google.android.googleapps.permission.GOOGLE_AUTH.mail in package com.android.contacts
I/SystemServer(  310): Status Bar
W/PackageManager(  310): Unknown permission android.permission.ADD_SYSTEM_SERVICE in package com.android.phone
W/PackageManager(  310): Unknown permission com.android.smspush.WAPPUSH_MANAGER_BIND in package com.android.phone
W/PackageManager(  310): Unknown permission com.google.android.googleapps.permission.GOOGLE_AUTH in package com.android.providers.calendar
W/PackageManager(  310): Unknown permission com.google.android.googleapps.permission.GOOGLE_AUTH.cl in package com.android.providers.calendar
W/PackageManager(  310): Unknown permission com.google.android.googleapps.permission.GOOGLE_AUTH.mail in package com.android.calendar
W/PackageManager(  310): Not granting permission android.permission.SEND_DOWNLOAD_COMPLETED_INTENTS to package com.android.browser (protectionLevel=2 flags=0x89be45)
W/PackageManager(  310): Not granting permission android.permission.BIND_APPWIDGET to package com.android.widgetpreview (protectionLevel=18 flags=0x8be44)
W/PackageManager(  310): Unknown permission com.google.android.googleapps.permission.GOOGLE_AUTH in package com.android.settings
W/PackageManager(  310): Unknown permission com.google.android.gallery3d.permission.GALLERY_PROVIDER in package com.android.exchange
I/SystemServer(  310): Clipboard Service
W/PackageManager(  310): Unknown permission com.google.android.googleapps.permission.ACCESS_GOOGLE_PASSWORD in package com.android.development
W/PackageManager(  310): Unknown permission com.google.android.googleapps.permission.GOOGLE_AUTH in package com.android.development
W/PackageManager(  310): Unknown permission com.google.android.googleapps.permission.GOOGLE_AUTH.ALL_SERVICES in package com.android.development
W/PackageManager(  310): Unknown permission com.google.android.googleapps.permission.GOOGLE_AUTH.YouTubeUser in package com.android.development
W/PackageManager(  310): Unknown permission com.google.android.gallery3d.permission.GALLERY_PROVIDER in package com.android.email
W/PackageManager(  310): Not granting permission android.permission.DEVICE_POWER to package com.android.deskclock (protectionLevel=2 flags=0x88be45)
I/SystemServer(  310): NetworkManagement Service
I/SystemServer(  310): Text Service Manager Service
D/dalvikvm(  310): GC_CONCURRENT freed 321K, 9% free 3977K/4364K, paused 22ms+13ms, total 122ms
I/SystemServer(  310): NetworkStats Service
I/SystemServer(  310): NetworkPolicy Service
I/SystemServer(  310): Wi-Fi P2pService
I/SystemServer(  310): Wi-Fi Service
E/CommandListener(   34): Failed to open /proc/sys/net/ipv6/conf/wlan0/disable_ipv6: No such file or directory
E/WifiStateMachine(  310): Failed to disable IPv6: java.lang.IllegalStateException: command '1 interface ipv6 wlan0 disable' failed with '400 1 Failed to change IPv6 state (No such file or directory)'
I/SystemServer(  310): Connectivity Service
D/ConnectivityService(  310): ConnectivityService starting up
E/MobileDataStateTracker(  310): default: Ignoring feature request because could not acquire PhoneService
E/MobileDataStateTracker(  310): default: Could not enable APN type "default"
I/WifiService(  310): WifiService starting up with Wi-Fi disabled
I/SystemServer(  310): Network Service Discovery Service
D/NsdService(  310): Network service discovery enabled true
I/SystemServer(  310): Throttle Service
I/SystemServer(  310): UpdateLock Service
I/SystemServer(  310): Notification Manager
I/SystemServer(  310): Device Storage Monitor
I/SystemServer(  310): Location Manager
I/SystemServer(  310): Country Detector
I/SystemServer(  310): Search Service
I/SystemServer(  310): DropBox Service
I/SystemServer(  310): Wallpaper Service
D/dalvikvm(  310): GC_CONCURRENT freed 260K, 8% free 4112K/4440K, paused 7ms+4ms, total 122ms
I/SystemServer(  310): Audio Service
I/SystemServer(  310): Dock Observer
W/DockObserver(  310): This kernel does not have dock station support
I/SystemServer(  310): Wired Accessory Manager
W/WiredAccessoryManager(  310): This kernel does not have wired headset support
W/WiredAccessoryManager(  310): This kernel does not have usb audio support
W/WiredAccessoryManager(  310): This kernel does not have HDMI audio support
I/SystemServer(  310): USB Service
I/SystemServer(  310): Serial Service
I/SystemServer(  310): Twilight Service
I/SystemServer(  310): UI Mode Manager Service
I/SystemServer(  310): Backup Service
V/BackupManagerService(  310): No ancestral data
D/dalvikvm(  310): GC_CONCURRENT freed 281K, 8% free 4251K/4596K, paused 5ms+4ms, total 127ms
I/BackupManagerService(  310): Found stale backup journal, scheduling
I/BackupManagerService(  310):   android
I/BackupManagerService(  310):   com.android.browser
I/BackupManagerService(  310):   com.android.calendar
I/BackupManagerService(  310):   com.android.inputmethod.latin
I/BackupManagerService(  310):   com.android.providers.settings
I/BackupManagerService(  310):   com.android.providers.userdictionary
I/BackupManagerService(  310):   com.android.sharedstoragebackup
I/BackupManagerService(  310): Backup enabled => true
I/SystemServer(  310): AppWidget Service
I/SystemServer(  310): Recognition Service
I/SystemServer(  310): DiskStats Service
I/SystemServer(  310): SamplingProfiler Service
I/SystemServer(  310): NetworkTimeUpdateService
I/SystemServer(  310): CommonTimeManagementService
I/SystemServer(  310): CertBlacklister
I/SystemServer(  310): Dreams Service
I/WindowManager(  310): SAFE MODE not enabled
D/dalvikvm(  310): JIT started for system_server
I/ActivityManager(  310): System now ready
I/SystemServer(  310): Making services ready
I/Zygote  (  310): Process: zygote socket opened
I/ActivityManager(  310): Start proc com.android.systemui for service com.android.systemui/.SystemUIService: pid=398 uid=10034 gids={50034, 1028, 1015, 3002, 3001}
I/Vold    (   32): /dev/block/vold/179:0 being considered for volume sdcard
D/Vold    (   32): Volume sdcard state changing 1 (Idle-Unmounted) -> 3 (Checking)
D/MountService(  310): volume state changed for /mnt/sdcard (unmounted -> checking)
D/MountService(  310): sendStorageIntent Intent { act=android.intent.action.MEDIA_CHECKING dat=file:///mnt/sdcard (has extras) } to UserHandle{-1}
D/NetworkManagementService(  310): not enabling bandwidth control
I/keystore(   42): uid: 1000 action: e -> 7 state: 3 -> 3 retry: 4
W/NetworkStats(  310): bandwidth controls disabled, unable to track stats
W/NetworkPolicy(  310): bandwidth controls disabled, unable to enforce policy
I/keystore(   42): uid: 1000 action: e -> 7 state: 3 -> 3 retry: 4
I/ActivityManager(  310): Config changes=200 {1.0 ?mcc?mnc en_US ldltr sw320dp w320dp h508dp 240dpi nrml long port finger -keyb/v/h tball/v s.3}
W/RecognitionManagerService(  310): no available voice recognition services found for user 0
I//system/bin/fsck_msdos(   32): ** /dev/block/vold/179:0
I//system/bin/fsck_msdos(   32): ** Phase 1 - Read and Compare FATs
I//system/bin/fsck_msdos(   32): Attempting to allocate 2044 KB for FAT
E/Trace   (  398): error opening trace file: No such file or directory (2)
D/SystemUIService(  398): loading: class com.android.systemui.statusbar.phone.PhoneStatusBar
D/SystemUIService(  398): running: com.android.systemui.statusbar.phone.PhoneStatusBar@40cd23a0
I/StatusBarManagerService(  310): registerStatusBar bar=com.android.internal.statusbar.IStatusBar$Stub$Proxy@40efbd78
D/dalvikvm(  310): GC_CONCURRENT freed 147K, 5% free 4587K/4800K, paused 5ms+50ms, total 465ms
D/dalvikvm(  310): WAIT_FOR_CONCURRENT_GC blocked 142ms
W/InputMethodManagerService(  310): Ignoring setImeWindowStatus of uid 1000 token: null
W/InputMethodManagerService(  310): Found no subtypes in a system IME: com.android.inputmethod.pinyin
I/ActivityManager(  310): Start proc com.android.inputmethod.latin for service com.android.inputmethod.latin/.LatinIME: pid=437 uid=10010 gids={50010, 1028}
I/CommonTimeManagementService(  310): No common time service detected on this platform.  Common time services will be unavailable.
D/dalvikvm(  310): GC_CONCURRENT freed 307K, 8% free 4833K/5204K, paused 5ms+11ms, total 783ms
D/dalvikvm(  310): WAIT_FOR_CONCURRENT_GC blocked 441ms
D/dalvikvm(  310): WAIT_FOR_CONCURRENT_GC blocked 295ms
D/dalvikvm(  310): WAIT_FOR_CONCURRENT_GC blocked 490ms
D/dalvikvm(  310): WAIT_FOR_CONCURRENT_GC blocked 496ms
D/dalvikvm(  310): WAIT_FOR_CONCURRENT_GC blocked 503ms
I/ActivityManager(  310): Start proc com.android.phone for added application com.android.phone: pid=456 uid=1001 gids={41001, 3002, 3001, 3003, 1015, 1028}
D/dalvikvm(  310): WAIT_FOR_CONCURRENT_GC blocked 600ms
I/InputReader(  310): Reconfiguring input devices.  changes=0x00000020
D/dalvikvm(  310): WAIT_FOR_CONCURRENT_GC blocked 587ms
I/ActivityManager(  310): START u0 {act=android.intent.action.MAIN cat=[android.intent.category.HOME] flg=0x10000000 cmp=com.android.launcher/com.android.launcher2.Launcher} from pid 0
I/InputReader(  310): Reconfiguring input devices.  changes=0x00000010
I/ActivityManager(  310): Start proc com.android.launcher for activity com.android.launcher/com.android.launcher2.Launcher: pid=471 uid=10020 gids={50020, 1028}
I/SystemServer(  310): Enabled StrictMode for system server main thread.
E/Trace   (  437): error opening trace file: No such file or directory (2)
E/Trace   (  456): error opening trace file: No such file or directory (2)
D/dalvikvm(  398): GC_FOR_ALLOC freed 88K, 6% free 2663K/2808K, paused 74ms, total 77ms
I/dalvikvm-heap(  398): Grow heap (frag case) to 3.259MB for 635812-byte allocation
D/dalvikvm(  398): GC_CONCURRENT freed 5K, 5% free 3279K/3432K, paused 5ms+3ms, total 44ms
D/dalvikvm(  398): WAIT_FOR_CONCURRENT_GC blocked 15ms
I//system/bin/fsck_msdos(   32): Attempting to allocate 2044 KB for FAT
D/dalvikvm(  310): GC_FOR_ALLOC freed 94K, 7% free 5160K/5516K, paused 1212ms, total 1213ms
E/ThrottleService(  310): problem during onPollAlarm: java.lang.IllegalStateException: problem parsing stats: java.io.FileNotFoundException: /proc/net/xt_qtaguid/iface_stat_all: open failed: ENOENT (No such file or directory)
D/dalvikvm(  310): WAIT_FOR_CONCURRENT_GC blocked 2683ms
E/Trace   (  471): error opening trace file: No such file or directory (2)
I//system/bin/fsck_msdos(   32): ** Phase 2 - Check Cluster Chains
I//system/bin/fsck_msdos(   32): ** Phase 3 - Checking Directories
I//system/bin/fsck_msdos(   32): ** Phase 4 - Checking for Lost Files
I//system/bin/fsck_msdos(   32): 12 files, 1044448 free (522224 clusters)
I/Vold    (   32): Filesystem check completed OK
D/dalvikvm(  310): JIT unchain all for threadid=54
I/Vold    (   32): Device /dev/block/vold/179:0, target /mnt/sdcard mounted @ /mnt/secure/staging
D/Vold    (   32): Volume sdcard state changing 3 (Checking) -> 4 (Mounted)
I/LatinIME(  437): Hardware accelerated drawing: false
E/VoldConnector(  310): NDC Command {3 volume mount /mnt/sdcard} took too long (6857ms)
E/BluetoothAdapter(  398): Bluetooth binder is null
E/BluetoothAdapter(  398): Bluetooth binder is null
D/MountService(  310): volume state changed for /mnt/sdcard (checking -> mounted)
I/PackageManager(  310): Updating external media status from unmounted to mounted
D/MountService(  310): sendStorageIntent Intent { act=android.intent.action.MEDIA_MOUNTED dat=file:///mnt/sdcard (has extras) } to UserHandle{-1}
E/BluetoothAdapter(  398): Bluetooth binder is null
W/TelephonyProvider(  456): onCreate: confFile=/system/etc/apns-conf.xml oldCheckSum=-1
D/TelephonyManager(  456): getLteOnCdmaMode=0 curVal=-1 product_type='' lteOnCdmaProductType=''
D/dalvikvm(  310): JIT unchain all for threadid=54
D/dalvikvm(  310): GC_CONCURRENT freed 436K, 9% free 5423K/5924K, paused 332ms+481ms, total 1855ms
D/dalvikvm(  310): WAIT_FOR_CONCURRENT_GC blocked 12ms
D/dalvikvm(  310): WAIT_FOR_CONCURRENT_GC blocked 19ms
D/dalvikvm(  310): WAIT_FOR_CONCURRENT_GC blocked 28ms
D/dalvikvm(  310): GREF has increased to 301
D/dalvikvm(  310): WAIT_FOR_CONCURRENT_GC blocked 42ms
D/dalvikvm(  310): WAIT_FOR_CONCURRENT_GC blocked 892ms
D/TelephonyManager(  456): getLteOnCdmaMode=0 curVal=-1 product_type='' lteOnCdmaProductType=''
I/LocationBlacklist(  310): whitelist: []
I/LocationBlacklist(  310): blacklist: []
D/TelephonyManager(  456): getLteOnCdmaMode=0 curVal=-1 product_type='' lteOnCdmaProductType=''
D/dalvikvm(  398): GC_CONCURRENT freed 64K, 4% free 3638K/3752K, paused 4ms+3ms, total 165ms
E/SurfaceFlinger(   37): ro.sf.lcd_density must be defined as a build property
D/gralloc_goldfish(  310): Emulator without GPU emulation detected.
W/InputAttributes(  437): No editor info for this field. Bug?
I/Choreographer(  310): Skipped 34 frames!  The application may be doing too much work on its main thread.
E/ActivityThread(  437): Failed to find provider info for com.android.inputmethod.latin.dictionarypack
E/BinaryDictionaryGetter(  437): Could not find a dictionary pack
I/ActivityManager(  310): Start proc android.process.acore for content provider com.android.providers.userdictionary/.UserDictionaryProvider: pid=516 uid=10001 gids={50001, 3003, 1015, 1028}
E/BluetoothAdapter(  398): Bluetooth binder is null
D/dalvikvm(  437): GC_CONCURRENT freed 270K, 12% free 2497K/2824K, paused 5ms+2ms, total 367ms
E/StrictMode(  437): A resource was acquired at attached stack trace but never released. See java.io.Closeable for information on avoiding resource leaks.
E/StrictMode(  437): java.lang.Throwable: Explicit termination method 'close' not called
E/StrictMode(  437): 	at dalvik.system.CloseGuard.open(CloseGuard.java:184)
E/StrictMode(  437): 	at android.os.ParcelFileDescriptor.<init>(ParcelFileDescriptor.java:412)
E/StrictMode(  437): 	at android.content.res.AssetManager.openNonAssetFdNative(Native Method)
E/StrictMode(  437): 	at android.content.res.AssetManager.openNonAssetFd(AssetManager.java:428)
E/StrictMode(  437): 	at android.content.res.Resources.openRawResourceFd(Resources.java:979)
E/StrictMode(  437): 	at com.android.inputmethod.latin.BinaryDictionaryGetter.loadFallbackResource(BinaryDictionaryGetter.java:183)
E/StrictMode(  437): 	at com.android.inputmethod.latin.BinaryDictionaryGetter.getDictionaryFiles(BinaryDictionaryGetter.java:456)
E/StrictMode(  437): 	at com.android.inputmethod.latin.DictionaryFactory.createMainDictionaryFromManager(DictionaryFactory.java:57)
E/StrictMode(  437): 	at com.android.inputmethod.latin.DictionaryFactory.createMainDictionaryFromManager(DictionaryFactory.java:87)
E/StrictMode(  437): 	at com.android.inputmethod.latin.Suggest$1.run(Suggest.java:108)
I/Choreographer(  310): Skipped 2905 frames!  The application may be doing too much work on its main thread.
W/InputMethodManagerService(  310): Found no subtypes in a system IME: com.android.inputmethod.pinyin
W/Settings(  456): Setting airplane_mode_on has moved from android.provider.Settings.System to android.provider.Settings.Global, returning read-only value.
W/Settings(  456): Setting auto_time has moved from android.provider.Settings.System to android.provider.Settings.Global, returning read-only global URI.
W/Settings(  456): Setting auto_time_zone has moved from android.provider.Settings.System to android.provider.Settings.Global, returning read-only global URI.
W/ActivityManager(  310): Unable to start service Intent { act=com.android.internal.telephony.IWapPushManager } U=0: not found
E/Trace   (  516): error opening trace file: No such file or directory (2)
D/dalvikvm(  310): GC_CONCURRENT freed 741K, 13% free 5446K/6252K, paused 77ms+48ms, total 508ms
D/dalvikvm(  310): WAIT_FOR_CONCURRENT_GC blocked 373ms
D/dalvikvm(  310): WAIT_FOR_CONCURRENT_GC blocked 401ms
D/        (  456): [ApnContext:default] set reason as dataEnabled,current state IDLE
D/        (  456): [ApnContext:default] setRetryCount: 0
V/TAG     (  310): bug 7643792: fitSystemWindows([0,0][0,0])
D/        (  456): [ApnContext:mms] set reason as dataEnabled,current state IDLE
D/        (  456): [ApnContext:mms] setRetryCount: 0
D/        (  456): [ApnContext:supl] set reason as dataEnabled,current state IDLE
D/        (  456): [ApnContext:supl] setRetryCount: 0
D/        (  456): [ApnContext:hipri] set reason as dataEnabled,current state IDLE
D/        (  456): [ApnContext:hipri] setRetryCount: 0
D/        (  456): [ApnContext:fota] set reason as dataEnabled,current state IDLE
D/        (  456): [ApnContext:fota] setRetryCount: 0
D/        (  456): [ApnContext:ims] set reason as dataEnabled,current state IDLE
D/        (  456): [ApnContext:ims] setRetryCount: 0
D/        (  456): [ApnContext:cbs] set reason as dataEnabled,current state IDLE
D/        (  456): [ApnContext:cbs] setRetryCount: 0
D/dalvikvm(  310): GC_CONCURRENT freed 694K, 12% free 5527K/6276K, paused 5ms+133ms, total 551ms
V/TAG     (  310): bug 7643792: fitSystemWindows([0,0][0,0])
I/ActivityManager(  310): Start proc android.process.media for broadcast com.android.providers.downloads/.DownloadReceiver: pid=548 uid=10000 gids={50000, 1015, 1023, 1024, 1028, 1006, 2001, 3003, 3007}
D/TelephonyManager(  456): getLteOnCdmaMode=0 curVal=-1 product_type='' lteOnCdmaProductType=''
D/CallManager(  456): registerPhone(GSM Handler (com.android.internal.telephony.PhoneProxy) {40d01cf8})
E/VoldConnector(  310): NDC Command {4 asec list} took too long (7547ms)
D/PhoneStatusBar(  398): disable: < expand icons alerts ticker system_info back home recent clock search >
I/Choreographer(  310): Skipped 194 frames!  The application may be doing too much work on its main thread.
E/BluetoothAdapter(  456): Bluetooth binder is null
E/SurfaceFlinger(   37): ro.sf.lcd_density must be defined as a build property
E/Trace   (  548): error opening trace file: No such file or directory (2)
W/WindowManager(  310): Window freeze timeout expired.
W/WindowManager(  310): Force clearing orientation change: Window{40ecfd18 u0 Keyguard}
W/dalvikvm(  471): threadid=2: spin on suspend #1 threadid=13 (pcf=0)
D/dalvikvm(  471): Temporarily moving tid 536 to fg (was 0)
D/dalvikvm(  471): Temporarily raised priority on tid 536 (10 -> 0)
W/dalvikvm(  471): threadid=2: spin on suspend resolved in 1149 msec
D/dalvikvm(  471): Restored policy of 536 to 0
D/dalvikvm(  471): Restored priority on 536 to 10
D/dalvikvm(  471): GC_CONCURRENT freed 180K, 9% free 2621K/2860K, paused 1430ms+60ms, total 1692ms
D/dalvikvm(  456): GC_CONCURRENT freed 213K, 10% free 2609K/2872K, paused 5ms+44ms, total 3212ms
D/dalvikvm(  310): GC_FOR_ALLOC freed 199K, 14% free 5434K/6276K, paused 634ms, total 648ms
I/dalvikvm-heap(  310): Grow heap (frag case) to 6.443MB for 1128976-byte allocation
D/dalvikvm(  310): GC_FOR_ALLOC freed 5K, 12% free 6531K/7380K, paused 267ms, total 267ms
I/PackageManager(  310): No secure containers on sdcard
W/PackageManager(  310): Unknown permission com.google.android.googleapps.permission.GOOGLE_AUTH.mail in package com.android.contacts
D/dalvikvm(  310): GC_CONCURRENT freed 10K, 12% free 6537K/7380K, paused 259ms+449ms, total 859ms
W/PackageManager(  310): Unknown permission android.permission.ADD_SYSTEM_SERVICE in package com.android.phone
W/PackageManager(  310): Unknown permission com.android.smspush.WAPPUSH_MANAGER_BIND in package com.android.phone
W/PackageManager(  310): Unknown permission com.google.android.googleapps.permission.GOOGLE_AUTH in package com.android.providers.calendar
W/PackageManager(  310): Unknown permission com.google.android.googleapps.permission.GOOGLE_AUTH.cl in package com.android.providers.calendar
W/PackageManager(  310): Unknown permission com.google.android.googleapps.permission.GOOGLE_AUTH.mail in package com.android.calendar
W/PackageManager(  310): Not granting permission android.permission.SEND_DOWNLOAD_COMPLETED_INTENTS to package com.android.browser (protectionLevel=2 flags=0x89be45)
W/PackageManager(  310): Not granting permission android.permission.BIND_APPWIDGET to package com.android.widgetpreview (protectionLevel=18 flags=0x8be44)
I/Choreographer(  310): Skipped 755 frames!  The application may be doing too much work on its main thread.
I/Choreographer(  310): Skipped 78 frames!  The application may be doing too much work on its main thread.
V/TAG     (  310): bug 7643792: fitSystemWindows([0,38][0,0])
I/Choreographer(  310): Skipped 78 frames!  The application may be doing too much work on its main thread.
W/PackageManager(  310): Unknown permission com.google.android.googleapps.permission.GOOGLE_AUTH in package com.android.settings
W/PackageManager(  310): Unknown permission com.google.android.gallery3d.permission.GALLERY_PROVIDER in package com.android.exchange
W/PackageManager(  310): Unknown permission com.google.android.googleapps.permission.ACCESS_GOOGLE_PASSWORD in package com.android.development
W/PackageManager(  310): Unknown permission com.google.android.googleapps.permission.GOOGLE_AUTH in package com.android.development
W/PackageManager(  310): Unknown permission com.google.android.googleapps.permission.GOOGLE_AUTH.ALL_SERVICES in package com.android.development
W/PackageManager(  310): Unknown permission com.google.android.googleapps.permission.GOOGLE_AUTH.YouTubeUser in package com.android.development
W/PackageManager(  310): Unknown permission com.google.android.gallery3d.permission.GALLERY_PROVIDER in package com.android.email
W/PackageManager(  310): Not granting permission android.permission.DEVICE_POWER to package com.android.deskclock (protectionLevel=2 flags=0x88be45)
E/BluetoothAdapter(  398): Bluetooth binder is null
E/BluetoothAdapter(  456): Bluetooth binder is null
D/SystemUIService(  398): loading: class com.android.systemui.power.PowerUI
D/SystemUIService(  398): running: com.android.systemui.power.PowerUI@40e40cf8
D/SystemUIService(  398): loading: class com.android.systemui.media.RingtonePlayer
D/SystemUIService(  398): running: com.android.systemui.media.RingtonePlayer@40e41ad8
I/Choreographer(  398): Skipped 3756 frames!  The application may be doing too much work on its main thread.
W/GpsLocationProvider(  310): Could not open GPS configuration file /etc/gps.conf
D/dalvikvm(  471): GC_CONCURRENT freed 94K, 5% free 2993K/3144K, paused 4ms+2ms, total 710ms
E/SurfaceFlinger(   37): ro.sf.lcd_density must be defined as a build property
D/PhoneStatusBar(  398): disable: < expand icons alerts ticker system_info BACK* HOME* RECENT* CLOCK* SEARCH* >
I/DownloadManager(  548): in removeSpuriousFiles
D/dalvikvm(  516): GC_CONCURRENT freed 184K, 9% free 2623K/2864K, paused 5ms+2ms, total 1376ms
W/ActivityManager(  310): Timeout executing service: ServiceRecord{40f68a60 u0 com.android.inputmethod.latin/.LatinIME}
W/WindowManager(  310): Window freeze timeout expired.
W/WindowManager(  310): Force clearing orientation change: Window{40cc3290 u0 StatusBar}
I/Choreographer(  398): Skipped 1109 frames!  The application may be doing too much work on its main thread.
D/dalvikvm(  398): GC_CONCURRENT freed 154K, 6% free 3886K/4096K, paused 183ms+159ms, total 477ms
I/Process (  310): Sending signal. PID: 437 SIG: 3
I/dalvikvm(  437): threadid=3: reacting to signal 3
D/gralloc_goldfish(  398): Emulator without GPU emulation detected.
W/ServiceWatcher(  310): com.google.android.location not found
W/ServiceWatcher(  310): com.google.android.location not found
I/Process (  310): Sending signal. PID: 310 SIG: 3
I/dalvikvm(  310): threadid=3: reacting to signal 3
I/dalvikvm(  437): Wrote stack traces to '/data/anr/traces.txt'
D/dalvikvm(  310): GREF has increased to 401
I/Process (  310): Sending signal. PID: 398 SIG: 3
I/dalvikvm(  398): threadid=3: reacting to signal 3
I/dalvikvm(  310): Wrote stack traces to '/data/anr/traces.txt'
I/Process (  310): Sending signal. PID: 456 SIG: 3
I/dalvikvm(  456): threadid=3: reacting to signal 3
D/MediaScannerReceiver(  548): action: android.intent.action.MEDIA_MOUNTED path: /mnt/sdcard
