W/PackageManager(  303): Unknown permission com.google.android.googleapps.permission.GOOGLE_AUTH.cl in package com.android.providers.calendar
W/PackageManager(  303): Unknown permission com.google.android.googleapps.permission.GOOGLE_AUTH.mail in package com.android.calendar
W/PackageManager(  303): Not granting permission android.permission.SEND_DOWNLOAD_COMPLETED_INTENTS to package com.android.browser (protectionLevel=2 flags=0x89be45)
W/PackageManager(  303): Not granting permission android.permission.BIND_APPWIDGET to package com.android.widgetpreview (protectionLevel=18 flags=0x8be44)
W/PackageManager(  303): Unknown permission com.google.android.googleapps.permission.GOOGLE_AUTH in package com.android.settings
W/PackageManager(  303): Unknown permission com.google.android.gallery3d.permission.GALLERY_PROVIDER in package com.android.exchange
W/PackageManager(  303): Unknown permission com.google.android.googleapps.permission.ACCESS_GOOGLE_PASSWORD in package com.android.development
W/PackageManager(  303): Unknown permission com.google.android.googleapps.permission.GOOGLE_AUTH in package com.android.development
W/PackageManager(  303): Unknown permission com.google.android.googleapps.permission.GOOGLE_AUTH.ALL_SERVICES in package com.android.development
W/PackageManager(  303): Unknown permission com.google.android.googleapps.permission.GOOGLE_AUTH.YouTubeUser in package com.android.development
W/PackageManager(  303): Unknown permission com.google.android.gallery3d.permission.GALLERY_PROVIDER in package com.android.email
W/PackageManager(  303): Not granting permission android.permission.DEVICE_POWER to package com.android.deskclock (protectionLevel=2 flags=0x88be45)
E/CommandListener(   34): Failed to open /proc/sys/net/ipv6/conf/wlan0/disable_ipv6: No such file or directory
E/WifiStateMachine(  303): Failed to disable IPv6: java.lang.IllegalStateException: command '1 interface ipv6 wlan0 disable' failed with '400 1 Failed to change IPv6 state (No such file or directory)'
I/SystemServer(  303): Connectivity Service
D/ConnectivityService(  303): ConnectivityService starting up
E/MobileDataStateTracker(  303): default: Ignoring feature request because could not acquire PhoneService
E/MobileDataStateTracker(  303): default: Could not enable APN type "default"
I/WifiService(  303): WifiService starting up with Wi-Fi disabled
D/dalvikvm(  303): GC_CONCURRENT freed 276K, 8% free 4085K/4428K, paused 25ms+51ms, total 614ms
D/dalvikvm(  303): WAIT_FOR_CONCURRENT_GC blocked 80ms
D/dalvikvm(  303): WAIT_FOR_CONCURRENT_GC blocked 89ms
I/SystemServer(  303): Network Service Discovery Service
D/NsdService(  303): Network service discovery enabled true
I/SystemServer(  303): Throttle Service
I/SystemServer(  303): UpdateLock Service
I/SystemServer(  303): Notification Manager
I/SystemServer(  303): Device Storage Monitor
I/SystemServer(  303): Location Manager
I/SystemServer(  303): Country Detector
I/SystemServer(  303): Search Service
I/SystemServer(  303): DropBox Service
I/SystemServer(  303): Wallpaper Service
I/SystemServer(  303): Audio Service
D/dalvikvm(  303): GC_CONCURRENT freed 335K, 9% free 4198K/4604K, paused 5ms+24ms, total 129ms
I/SystemServer(  303): Dock Observer
W/DockObserver(  303): This kernel does not have dock station support
I/SystemServer(  303): Wired Accessory Manager
W/WiredAccessoryManager(  303): This kernel does not have wired headset support
W/WiredAccessoryManager(  303): This kernel does not have usb audio support
W/WiredAccessoryManager(  303): This kernel does not have HDMI audio support
I/SystemServer(  303): USB Service
I/SystemServer(  303): Serial Service
I/SystemServer(  303): Twilight Service
I/SystemServer(  303): UI Mode Manager Service
I/SystemServer(  303): Backup Service
V/BackupManagerService(  303): No ancestral data
I/BackupManagerService(  303): Found stale backup journal, scheduling
I/BackupManagerService(  303):   android
I/BackupManagerService(  303):   com.android.browser
I/BackupManagerService(  303):   com.android.calendar
I/BackupManagerService(  303):   com.android.inputmethod.latin
I/BackupManagerService(  303):   com.android.providers.settings
I/BackupManagerService(  303):   com.android.providers.userdictionary
I/BackupManagerService(  303):   com.android.sharedstoragebackup
I/BackupManagerService(  303): Backup enabled => true
I/SystemServer(  303): AppWidget Service
I/SystemServer(  303): Recognition Service
I/SystemServer(  303): DiskStats Service
I/SystemServer(  303): SamplingProfiler Service
I/SystemServer(  303): NetworkTimeUpdateService
I/SystemServer(  303): CommonTimeManagementService
I/SystemServer(  303): CertBlacklister
I/SystemServer(  303): Dreams Service
I/WindowManager(  303): SAFE MODE not enabled
D/dalvikvm(  303): JIT started for system_server
I/ActivityManager(  303): System now ready
I/SystemServer(  303): Making services ready
I/Zygote  (  303): Process: zygote socket opened
I/ActivityManager(  303): Start proc com.android.systemui for service com.android.systemui/.SystemUIService: pid=398 uid=10034 gids={50034, 1028, 1015, 3002, 3001}
I/Vold    (   32): /dev/block/vold/179:0 being considered for volume sdcard
D/Vold    (   32): Volume sdcard state changing 1 (Idle-Unmounted) -> 3 (Checking)
D/MountService(  303): volume state changed for /mnt/sdcard (unmounted -> checking)
D/MountService(  303): sendStorageIntent Intent { act=android.intent.action.MEDIA_CHECKING dat=file:///mnt/sdcard (has extras) } to UserHandle{-1}
D/NetworkManagementService(  303): not enabling bandwidth control
I/keystore(   42): uid: 1000 action: e -> 7 state: 3 -> 3 retry: 4
W/NetworkStats(  303): bandwidth controls disabled, unable to track stats
W/NetworkPolicy(  303): bandwidth controls disabled, unable to enforce policy
I/keystore(   42): uid: 1000 action: e -> 7 state: 3 -> 3 retry: 4
I/ActivityManager(  303): Config changes=200 {1.0 ?mcc?mnc en_US ldltr sw320dp w320dp h508dp 240dpi nrml long port finger -keyb/v/h tball/v s.3}
W/RecognitionManagerService(  303): no available voice recognition services found for user 0
D/dalvikvm(  303): GC_CONCURRENT freed 323K, 9% free 4389K/4780K, paused 5ms+60ms, total 1250ms
D/dalvikvm(  303): WAIT_FOR_CONCURRENT_GC blocked 10ms
D/dalvikvm(  303): WAIT_FOR_CONCURRENT_GC blocked 138ms
D/dalvikvm(  303): WAIT_FOR_CONCURRENT_GC blocked 158ms
D/dalvikvm(  303): WAIT_FOR_CONCURRENT_GC blocked 93ms
E/Trace   (  398): error opening trace file: No such file or directory (2)
D/dalvikvm(  303): GC_FOR_ALLOC freed 35K, 7% free 4568K/4904K, paused 353ms, total 371ms
W/InputMethodManagerService(  303): Ignoring setImeWindowStatus of uid 1000 token: null
D/SystemUIService(  398): loading: class com.android.systemui.statusbar.phone.PhoneStatusBar
D/SystemUIService(  398): running: com.android.systemui.statusbar.phone.PhoneStatusBar@40cd3b60
W/InputMethodManagerService(  303): Found no subtypes in a system IME: com.android.inputmethod.pinyin
I/ActivityManager(  303): Start proc com.android.inputmethod.latin for service com.android.inputmethod.latin/.LatinIME: pid=435 uid=10010 gids={50010, 1028}
I//system/bin/fsck_msdos(   32): ** /dev/block/vold/179:0
I/StatusBarManagerService(  303): registerStatusBar bar=com.android.internal.statusbar.IStatusBar$Stub$Proxy@40d78418
D/dalvikvm(  303): GC_CONCURRENT freed 294K, 8% free 4819K/5184K, paused 40ms+273ms, total 750ms
D/dalvikvm(  303): WAIT_FOR_CONCURRENT_GC blocked 42ms
I//system/bin/fsck_msdos(   32): ** Phase 1 - Read and Compare FATs
I//system/bin/fsck_msdos(   32): Attempting to allocate 2044 KB for FAT
I/CommonTimeManagementService(  303): No common time service detected on this platform.  Common time services will be unavailable.
I/ActivityManager(  303): Start proc com.android.phone for added application com.android.phone: pid=453 uid=1001 gids={41001, 3002, 3001, 3003, 1015, 1028}
I/ActivityManager(  303): START u0 {act=android.intent.action.MAIN cat=[android.intent.category.HOME] flg=0x10000000 cmp=com.android.launcher/com.android.launcher2.Launcher} from pid 0
I/InputReader(  303): Reconfiguring input devices.  changes=0x00000020
I/InputReader(  303): Reconfiguring input devices.  changes=0x00000010
W/SocketClient(   34): write error (Broken pipe)
E/ThrottleService(  303): problem during onPollAlarm: java.lang.IllegalStateException: problem parsing stats: java.io.FileNotFoundException: /proc/net/xt_qtaguid/iface_stat_all: open failed: ENOENT (No such file or directory)
E/Trace   (  435): error opening trace file: No such file or directory (2)
I/LocationBlacklist(  303): whitelist: []
I/LocationBlacklist(  303): blacklist: []
D/dalvikvm(  303): GC_FOR_ALLOC freed 112K, 7% free 5148K/5496K, paused 147ms, total 149ms
I/ActivityManager(  303): Start proc com.android.launcher for activity com.android.launcher/com.android.launcher2.Launcher: pid=475 uid=10020 gids={50020, 1028}
I/SystemServer(  303): Enabled StrictMode for system server main thread.
E/Trace   (  453): error opening trace file: No such file or directory (2)
E/Trace   (  475): error opening trace file: No such file or directory (2)
W/TelephonyProvider(  453): onCreate: confFile=/system/etc/apns-conf.xml oldCheckSum=-1
D/TelephonyManager(  453): getLteOnCdmaMode=0 curVal=-1 product_type='' lteOnCdmaProductType=''
I/LatinIME(  435): Hardware accelerated drawing: false
D/TelephonyManager(  453): getLteOnCdmaMode=0 curVal=-1 product_type='' lteOnCdmaProductType=''
D/dalvikvm(  398): GC_FOR_ALLOC freed 88K, 6% free 2663K/2812K, paused 242ms, total 252ms
D/TelephonyManager(  453): getLteOnCdmaMode=0 curVal=-1 product_type='' lteOnCdmaProductType=''
I/dalvikvm-heap(  398): Grow heap (frag case) to 3.263MB for 635812-byte allocation
D/dalvikvm(  398): GC_CONCURRENT freed 5K, 5% free 3279K/3436K, paused 13ms+2ms, total 274ms
D/dalvikvm(  398): WAIT_FOR_CONCURRENT_GC blocked 237ms
D/dalvikvm(  303): GC_CONCURRENT freed 414K, 9% free 5430K/5912K, paused 657ms+66ms, total 1595ms
D/dalvikvm(  303): WAIT_FOR_CONCURRENT_GC blocked 13ms
D/dalvikvm(  303): WAIT_FOR_CONCURRENT_GC blocked 181ms
D/dalvikvm(  303): WAIT_FOR_CONCURRENT_GC blocked 175ms
D/dalvikvm(  303): WAIT_FOR_CONCURRENT_GC blocked 122ms
D/dalvikvm(  303): WAIT_FOR_CONCURRENT_GC blocked 780ms
W/Settings(  453): Setting airplane_mode_on has moved from android.provider.Settings.System to android.provider.Settings.Global, returning read-only value.
W/Settings(  453): Setting auto_time has moved from android.provider.Settings.System to android.provider.Settings.Global, returning read-only global URI.
W/Settings(  453): Setting auto_time_zone has moved from android.provider.Settings.System to android.provider.Settings.Global, returning read-only global URI.
D/dalvikvm(  303): GREF has increased to 301
W/ActivityManager(  303): Unable to start service Intent { act=com.android.internal.telephony.IWapPushManager } U=0: not found
W/InputAttributes(  435): No editor info for this field. Bug?
E/BluetoothAdapter(  398): Bluetooth binder is null
E/BluetoothAdapter(  398): Bluetooth binder is null
E/SurfaceFlinger(   37): ro.sf.lcd_density must be defined as a build property
D/gralloc_goldfish(  303): Emulator without GPU emulation detected.
I/Choreographer(  303): Skipped 2586 frames!  The application may be doing too much work on its main thread.
E/BluetoothAdapter(  398): Bluetooth binder is null
W/InputMethodManagerService(  303): Found no subtypes in a system IME: com.android.inputmethod.pinyin
D/        (  453): [ApnContext:default] set reason as dataEnabled,current state IDLE
D/        (  453): [ApnContext:default] setRetryCount: 0
D/        (  453): [ApnContext:mms] set reason as dataEnabled,current state IDLE
D/        (  453): [ApnContext:mms] setRetryCount: 0
D/        (  453): [ApnContext:supl] set reason as dataEnabled,current state IDLE
D/        (  453): [ApnContext:supl] setRetryCount: 0
D/        (  453): [ApnContext:hipri] set reason as dataEnabled,current state IDLE
D/        (  453): [ApnContext:hipri] setRetryCount: 0
D/        (  453): [ApnContext:fota] set reason as dataEnabled,current state IDLE
D/        (  453): [ApnContext:fota] setRetryCount: 0
D/        (  453): [ApnContext:ims] set reason as dataEnabled,current state IDLE
D/        (  453): [ApnContext:ims] setRetryCount: 0
D/        (  453): [ApnContext:cbs] set reason as dataEnabled,current state IDLE
D/        (  453): [ApnContext:cbs] setRetryCount: 0
E/ActivityThread(  435): Failed to find provider info for com.android.inputmethod.latin.dictionarypack
E/BinaryDictionaryGetter(  435): Could not find a dictionary pack
D/dalvikvm(  453): GC_CONCURRENT freed 197K, 10% free 2572K/2832K, paused 5ms+3ms, total 188ms
D/TelephonyManager(  453): getLteOnCdmaMode=0 curVal=-1 product_type='' lteOnCdmaProductType=''
D/CallManager(  453): registerPhone(GSM Handler (com.android.internal.telephony.PhoneProxy) {40d02cf8})
E/BluetoothAdapter(  453): Bluetooth binder is null
I/ActivityManager(  303): Start proc android.process.acore for content provider com.android.providers.contacts/.CallLogProvider: pid=521 uid=10001 gids={50001, 3003, 1015, 1028}
W/GpsLocationProvider(  303): Could not open GPS configuration file /etc/gps.conf
W/ServiceWatcher(  303): com.google.android.location not found
W/ServiceWatcher(  303): com.google.android.location not found
W/LocationManagerService(  303): no network location provider found
V/TAG     (  303): bug 7643792: fitSystemWindows([0,0][0,0])
E/BluetoothAdapter(  453): Bluetooth binder is null
D/dalvikvm(  303): GC_CONCURRENT freed 645K, 12% free 5485K/6200K, paused 6ms+323ms, total 950ms
V/TAG     (  303): bug 7643792: fitSystemWindows([0,0][0,0])
W/ServiceWatcher(  303): com.google.android.location not found
E/Trace   (  521): error opening trace file: No such file or directory (2)
D/dalvikvm(  398): GC_CONCURRENT freed 68K, 4% free 3650K/3780K, paused 267ms+4ms, total 603ms
D/dalvikvm(  475): GC_CONCURRENT freed 179K, 9% free 2621K/2860K, paused 9ms+22ms, total 109ms
W/ProcessStats(  303): Skipping unknown process pid 544
W/ProcessStats(  303): Skipping unknown process pid 546
I/Choreographer(  303): Skipped 283 frames!  The application may be doing too much work on its main thread.
E/BluetoothAdapter(  398): Bluetooth binder is null
E/SurfaceFlinger(   37): ro.sf.lcd_density must be defined as a build property
W/WindowManager(  303): Window freeze timeout expired.
W/WindowManager(  303): Force clearing orientation change: Window{40ee8818 u0 Keyguard}
D/dalvikvm(  303): GC_FOR_ALLOC freed 165K, 12% free 5481K/6200K, paused 470ms, total 472ms
I/dalvikvm-heap(  303): Grow heap (frag case) to 6.493MB for 1128976-byte allocation
D/dalvikvm(  303): GC_FOR_ALLOC freed 1K, 10% free 6582K/7304K, paused 159ms, total 159ms
D/dalvikvm(  303): GC_CONCURRENT freed 6K, 10% free 6597K/7304K, paused 8ms+124ms, total 875ms
I/Choreographer(  303): Skipped 757 frames!  The application may be doing too much work on its main thread.
I/Choreographer(  303): Skipped 81 frames!  The application may be doing too much work on its main thread.
D/dalvikvm(  475): GC_FOR_ALLOC freed 53K, 4% free 2855K/2968K, paused 54ms, total 70ms
I/dalvikvm-heap(  475): Grow heap (frag case) to 4.217MB for 1440016-byte allocation
D/dalvikvm(  475): GC_FOR_ALLOC freed 11K, 3% free 4250K/4376K, paused 54ms, total 54ms
I/ActivityManager(  303): Start proc com.android.location.fused for service com.android.location.fused/.FusedLocationService: pid=560 uid=10022 gids={50022, 1028}
D/PhoneStatusBar(  398): disable: < expand icons alerts ticker system_info back home recent clock search >
E/BluetoothAdapter(  398): Bluetooth binder is null
W/dalvikvm(  475): threadid=2: spin on suspend #1 threadid=13 (pcf=0)
D/dalvikvm(  475): Temporarily moving tid 511 to fg (was 0)
D/dalvikvm(  475): Temporarily raised priority on tid 511 (10 -> 0)
W/dalvikvm(  475): threadid=2: spin on suspend resolved in 1072 msec
D/dalvikvm(  475): Restored policy of 511 to 0
D/dalvikvm(  475): Restored priority on 511 to 10
D/dalvikvm(  475): GC_CONCURRENT freed 9K, 3% free 4276K/4376K, paused 4ms+1090ms, total 1198ms
E/Trace   (  560): error opening trace file: No such file or directory (2)
D/SystemUIService(  398): loading: class com.android.systemui.power.PowerUI
D/SystemUIService(  398): running: com.android.systemui.power.PowerUI@40e5ba10
D/SystemUIService(  398): loading: class com.android.systemui.media.RingtonePlayer
D/SystemUIService(  398): running: com.android.systemui.media.RingtonePlayer@40e5c7f0
I/Choreographer(  398): Skipped 2892 frames!  The application may be doing too much work on its main thread.
D/dalvikvm(  398): GC_CONCURRENT freed 236K, 8% free 3820K/4116K, paused 3ms+4ms, total 400ms
E/SurfaceFlinger(   37): ro.sf.lcd_density must be defined as a build property
W/dalvikvm(  521): threadid=2: spin on suspend #1 threadid=11 (pcf=0)
D/dalvikvm(  521): Temporarily moving tid 556 to fg (was 0)
D/dalvikvm(  521): Temporarily raised priority on tid 556 (10 -> 0)
W/dalvikvm(  521): threadid=2: spin on suspend resolved in 1061 msec
D/dalvikvm(  521): Restored policy of 556 to 0
D/dalvikvm(  521): Restored priority on 556 to 10
D/PhoneStatusBar(  398): disable: < expand icons alerts ticker system_info BACK* HOME* RECENT* CLOCK* SEARCH* >
V/TAG     (  303): bug 7643792: fitSystemWindows([0,38][0,0])
D/dalvikvm(  521): GC_CONCURRENT freed 175K, 9% free 2610K/2848K, paused 1095ms+13ms, total 1453ms
I/Choreographer(  398): Skipped 484 frames!  The application may be doing too much work on its main thread.
I/Choreographer(  303): Skipped 140 frames!  The application may be doing too much work on its main thread.
D/gralloc_goldfish(  398): Emulator without GPU emulation detected.
E/UserHistoryDictionary(  435): when loading: file not foundjava.io.FileNotFoundException: /data/data/com.android.inputmethod.latin/files/UserHistoryDictionary.en_US.dict: open failed: ENOENT (No such file or directory)
W/WindowManager(  303): Window freeze timeout expired.
D/dalvikvm(  435): GC_CONCURRENT freed 243K, 11% free 2535K/2840K, paused 5ms+31ms, total 1119ms
E/StrictMode(  435): A resource was acquired at attached stack trace but never released. See java.io.Closeable for information on avoiding resource leaks.
E/StrictMode(  435): java.lang.Throwable: Explicit termination method 'close' not called
E/StrictMode(  435): 	at dalvik.system.CloseGuard.open(CloseGuard.java:184)
E/StrictMode(  435): 	at android.os.ParcelFileDescriptor.<init>(ParcelFileDescriptor.java:412)
E/StrictMode(  435): 	at android.content.res.AssetManager.openNonAssetFdNative(Native Method)
E/StrictMode(  435): 	at android.content.res.AssetManager.openNonAssetFd(AssetManager.java:428)
E/StrictMode(  435): 	at android.content.res.Resources.openRawResourceFd(Resources.java:979)
E/StrictMode(  435): 	at com.android.inputmethod.latin.BinaryDictionaryGetter.loadFallbackResource(BinaryDictionaryGetter.java:183)
E/StrictMode(  435): 	at com.android.inputmethod.latin.BinaryDictionaryGetter.getDictionaryFiles(BinaryDictionaryGetter.java:456)
E/StrictMode(  435): 	at com.android.inputmethod.latin.DictionaryFactory.createMainDictionaryFromManager(DictionaryFactory.java:57)
E/StrictMode(  435): 	at com.android.inputmethod.latin.DictionaryFactory.createMainDictionaryFromManager(DictionaryFactory.java:87)
E/StrictMode(  435): 	at com.android.inputmethod.latin.Suggest$1.run(Suggest.java:108)
D/DebugService(  453): DebugService DebugService:
D/TelephonyDebugService(  453): TelephonyDebugService()
D/dalvikvm(  453): GC_CONCURRENT freed 322K, 13% free 2659K/3044K, paused 296ms+79ms, total 789ms
W/Settings(  453): Setting auto_time_zone has moved from android.provider.Settings.System to android.provider.Settings.Global, returning read-only value.
E/SurfaceFlinger(   37): ro.sf.lcd_density must be defined as a build property
W/ServiceWatcher(  303): com.google.android.location not found
E/LocationManagerService(  303): no geocoder provider found
D/gralloc_goldfish(  475): Emulator without GPU emulation detected.
D/CAT     (  453): CatService: Running CAT service. STK app installed:false
D/CAT     (  453): CatService: NEW sInstance
D/dalvikvm(  475): GC_CONCURRENT freed 172K, 5% free 4625K/4860K, paused 44ms+2ms, total 242ms
D/dalvikvm(  475): WAIT_FOR_CONCURRENT_GC blocked 199ms
I/dalvikvm-heap(  475): Grow heap (frag case) to 5.967MB for 1463056-byte allocation
D/dalvikvm(  475): GC_FOR_ALLOC freed 5K, 4% free 6048K/6292K, paused 242ms, total 242ms
D/dalvikvm(  303): GC_CONCURRENT freed 1896K, 26% free 5761K/7724K, paused 26ms+8ms, total 618ms
D/dalvikvm(  303): WAIT_FOR_CONCURRENT_GC blocked 495ms
D/dalvikvm(  303): WAIT_FOR_CONCURRENT_GC blocked 493ms
D/dalvikvm(  475): GC_FOR_ALLOC freed 1K, 4% free 6067K/6292K, paused 444ms, total 444ms
I/dalvikvm-heap(  475): Grow heap (frag case) to 7.375MB for 1463056-byte allocation
D/dalvikvm(  475): GC_FOR_ALLOC freed 0K, 3% free 7496K/7724K, paused 85ms, total 85ms
I/ActivityManager(  303): Start proc com.android.music for broadcast com.android.music/.MediaButtonIntentReceiver: pid=624 uid=10025 gids={50025, 3003, 1015, 1028}
D/dalvikvm(  475): GC_CONCURRENT freed 1K, 2% free 7685K/7820K, paused 17ms+330ms, total 1083ms
W/ActivityManager(  303): Activity idle timeout for ActivityRecord{40f63940 u0 com.android.launcher/com.android.launcher2.Launcher}
D/CAT     (  453): CatService: SIM ready. Reporting STK service running now...
I/ActivityManager(  303): Displayed com.android.launcher/com.android.launcher2.Launcher: +26s823ms
I/Choreographer(  475): Skipped 906 frames!  The application may be doing too much work on its main thread.
I/dalvikvm(  624): Turning on JNI app bug workarounds for target SDK version 9...
I/Choreographer(  303): Skipped 143 frames!  The application may be doing too much work on its main thread.
D/MccTable(  453): updateMccMncConfiguration: mcc=310, mnc=260
D/TelephonyManager(  453): getLteOnCdmaMode=0 curVal=-1 product_type='' lteOnCdmaProductType=''
D/MccTable(  453): locale set to en_us
D/MccTable(  453): WIFI_COUNTRY_CODE set to us
D/dalvikvm(  303): GREF has increased to 401
E/Trace   (  624): error opening trace file: No such file or directory (2)
D/dalvikvm(  453): GC_CONCURRENT freed 308K, 12% free 2774K/3144K, paused 46ms+3ms, total 585ms
I/WifiService(  303): WifiService trying to set country code to us with persist set to true
I/ActivityManager(  303): Config changes=1403 {1.0 310mcc260mnc en_US ldltr sw320dp w320dp h508dp 240dpi nrml long port finger -keyb/v/h tball/v s.4}
W/SurfaceFlinger(   37): createScreenshotSurface failed (Function not implemented)
I/Choreographer(  303): Skipped 112 frames!  The application may be doing too much work on its main thread.
W/Settings(  453): Setting auto_time_zone has moved from android.provider.Settings.System to android.provider.Settings.Global, returning read-only value.
I/AudioService(  303):   Remote Control   registerMediaButtonIntent() for PendingIntent{40f00848: PendingIntentRecord{4118d3c0 com.android.music broadcastIntent}}
I/ActivityManager(  303): Start proc android.process.media for content provider com.android.providers.media/.MediaProvider: pid=655 uid=10000 gids={50000, 1015, 1023, 1024, 1028, 1006, 2001, 3003, 3007}
D/MccTable(  453): updateMccMncConfiguration: mcc=310, mnc=260
D/TelephonyManager(  453): getLteOnCdmaMode=0 curVal=-1 product_type='' lteOnCdmaProductType=''
D/MccTable(  453): locale set to en_us
D/MccTable(  453): WIFI_COUNTRY_CODE set to us
I/WifiService(  303): WifiService trying to set country code to us with persist set to true
I/ActivityManager(  303): Config changes=1400 {1.0 310mcc260mnc en_US ldltr sw320dp w320dp h508dp 240dpi nrml long port finger -keyb/v/h tball/v s.5}
W/WindowManager(  303): Window freeze timeout expired.
W/WindowManager(  303): Force clearing orientation change: Window{4100b5a8 u0 com.android.launcher/com.android.launcher2.Launcher}
E/Trace   (  655): error opening trace file: No such file or directory (2)
W/Launcher.Model(  475): LoaderTask running with no launcher (loadAllAppsByBatch)
I/Choreographer(  303): Skipped 44 frames!  The application may be doing too much work on its main thread.
W/WindowManager(  303): App freeze timeout expired.
W/WindowManager(  303): Force clearing freeze: AppWindowToken{40f62c10 token=Token{40f58580 ActivityRecord{40f63940 u0 com.android.launcher/com.android.launcher2.Launcher}}}
D/dalvikvm(  453): GC_CONCURRENT freed 371K, 13% free 2913K/3344K, paused 7ms+28ms, total 518ms
D/dalvikvm(  453): WAIT_FOR_CONCURRENT_GC blocked 337ms
I/DownloadManager(  655): in removeSpuriousFiles
D/dalvikvm(  303): GC_CONCURRENT freed 746K, 26% free 5788K/7724K, paused 3ms+85ms, total 296ms
D/dalvikvm(  453): GC_CONCURRENT freed 474K, 16% free 2886K/3420K, paused 2ms+3ms, total 586ms
D/dalvikvm(  303): GC_EXPLICIT freed 60K, 24% free 5886K/7724K, paused 183ms+115ms, total 1278ms
D/dalvikvm(  475): GC_FOR_ALLOC freed 3191K, 40% free 5007K/8260K, paused 43ms, total 73ms
I/dalvikvm-heap(  475): Grow heap (frag case) to 6.319MB for 1440016-byte allocation
D/dalvikvm(  475): GC_FOR_ALLOC freed 21K, 23% free 6391K/8260K, paused 54ms, total 54ms
D/dalvikvm(  475): GC_CONCURRENT freed 5K, 23% free 6386K/8260K, paused 4ms+4ms, total 65ms
D/dalvikvm(  303): GC_CONCURRENT freed 475K, 20% free 6245K/7724K, paused 6ms+26ms, total 596ms
D/dalvikvm(  303): WAIT_FOR_CONCURRENT_GC blocked 524ms
D/dalvikvm(  303): GC_CONCURRENT freed 578K, 15% free 6637K/7724K, paused 6ms+7ms, total 157ms
D/dalvikvm(  303): WAIT_FOR_CONCURRENT_GC blocked 57ms
D/dalvikvm(  303): WAIT_FOR_CONCURRENT_GC blocked 130ms
D/ConnectivityService(  303): ConnectivityChange for mobile: CONNECTED/CONNECTED
E/BluetoothAdapter(  303): Bluetooth binder is null
E/BluetoothAdapter(  303): Bluetooth binder is null
V/WiredAccessoryManager(  303): init()
E/SoundPool(  303): error loading /system/media/audio/ui/Effect_Tick.ogg
W/AudioService(  303): Soundpool could not load file: /system/media/audio/ui/Effect_Tick.ogg
E/SoundPool(  303): error loading /system/media/audio/ui/Effect_Tick.ogg
W/AudioService(  303): Soundpool could not load file: /system/media/audio/ui/Effect_Tick.ogg
E/SoundPool(  303): error loading /system/media/audio/ui/Effect_Tick.ogg
W/AudioService(  303): Soundpool could not load file: /system/media/audio/ui/Effect_Tick.ogg
E/SoundPool(  303): error loading /system/media/audio/ui/Effect_Tick.ogg
W/AudioService(  303): Soundpool could not load file: /system/media/audio/ui/Effect_Tick.ogg
E/SoundPool(  303): error loading /system/media/audio/ui/Effect_Tick.ogg
W/AudioService(  303): Soundpool could not load file: /system/media/audio/ui/Effect_Tick.ogg
E/SoundPool(  303): error loading /system/media/audio/ui/KeypressStandard.ogg
W/AudioService(  303): Soundpool could not load file: /system/media/audio/ui/KeypressStandard.ogg
E/SoundPool(  303): error loading /system/media/audio/ui/KeypressSpacebar.ogg
W/AudioService(  303): Soundpool could not load file: /system/media/audio/ui/KeypressSpacebar.ogg
E/SoundPool(  303): error loading /system/media/audio/ui/KeypressDelete.ogg
W/AudioService(  303): Soundpool could not load file: /system/media/audio/ui/KeypressDelete.ogg
E/SoundPool(  303): error loading /system/media/audio/ui/KeypressReturn.ogg
W/AudioService(  303): Soundpool could not load file: /system/media/audio/ui/KeypressReturn.ogg
W/AudioService(  303): loadSoundEffects(), Error -1 while loading samples
D/Launcher.Model(  475): Reload apps on config change. curr_mcc:310 prevmcc:0
I/Choreographer(  475): Skipped 2487 frames!  The application may be doing too much work on its main thread.
E/SurfaceFlinger(   37): ro.sf.lcd_density must be defined as a build property
E/SurfaceFlinger(   37): ro.sf.lcd_density must be defined as a build property
I/Choreographer(  475): Skipped 109 frames!  The application may be doing too much work on its main thread.
D/dalvikvm(  398): GC_FOR_ALLOC freed 102K, 6% free 3905K/4116K, paused 875ms, total 960ms
I/Choreographer(  303): Skipped 1555 frames!  The application may be doing too much work on its main thread.
I/dalvikvm-heap(  398): Grow heap (frag case) to 9.983MB for 6410576-byte allocation
D/dalvikvm(  475): GC_FOR_ALLOC freed 1616K, 39% free 5074K/8260K, paused 158ms, total 232ms
D/dalvikvm(  398): GC_CONCURRENT freed 5K, 3% free 10159K/10380K, paused 4ms+16ms, total 113ms
I/dalvikvm-heap(  475): Grow heap (frag case) to 6.407MB for 1463056-byte allocation
D/dalvikvm(  475): GC_CONCURRENT freed 8K, 22% free 6495K/8260K, paused 4ms+74ms, total 154ms
D/dalvikvm(  475): WAIT_FOR_CONCURRENT_GC blocked 140ms
W/WindowManager(  303): Window freeze timeout expired.
W/WindowManager(  303): Force clearing orientation change: Window{40f674e8 u0 com.android.systemui.ImageWallpaper}
D/dalvikvm(  475): GC_FOR_ALLOC freed <1K, 22% free 6495K/8260K, paused 343ms, total 343ms
I/dalvikvm-heap(  475): Grow heap (frag case) to 7.793MB for 1463056-byte allocation
D/dalvikvm(  475): GC_CONCURRENT freed 0K, 19% free 7924K/9692K, paused 77ms+142ms, total 278ms
D/dalvikvm(  475): WAIT_FOR_CONCURRENT_GC blocked 192ms
D/Tethering(  303): MasterInitialState.processMessage what=3
I/Choreographer(  303): Skipped 344 frames!  The application may be doing too much work on its main thread.
D/dalvikvm(  303): GC_FOR_ALLOC freed 1007K, 16% free 6534K/7724K, paused 300ms, total 314ms
I/dalvikvm-heap(  303): Grow heap (frag case) to 7.522MB for 1128976-byte allocation
D/dalvikvm(  303): GC_FOR_ALLOC freed 882K, 24% free 6754K/8828K, paused 118ms, total 118ms
D/dalvikvm(  398): GC_FOR_ALLOC freed <1K, 3% free 10160K/10380K, paused 154ms, total 154ms
I/dalvikvm-heap(  398): Grow heap (frag case) to 12.675MB for 2828816-byte allocation
D/dalvikvm(  398): GC_CONCURRENT freed 0K, 2% free 12922K/13144K, paused 7ms+5ms, total 251ms
D/dalvikvm(  398): WAIT_FOR_CONCURRENT_GC blocked 244ms
I/SurfaceFlinger(   37): Boot is finished (90475 ms)
D/dalvikvm(  303): GC_CONCURRENT freed 31K, 24% free 6742K/8828K, paused 43ms+335ms, total 937ms
I/PowerManagerService(  303): Boot animation finished.
I/ActivityManager(  303): Config changes=1400 {1.0 310mcc260mnc en_US ldltr sw320dp w320dp h508dp 240dpi nrml long port finger -keyb/v/h tball/v s.6}
I/Choreographer(  303): Skipped 112 frames!  The application may be doing too much work on its main thread.
I/Choreographer(  398): Skipped 30 frames!  The application may be doing too much work on its main thread.
I/ActivityManager(  303): Start proc com.android.contacts for broadcast com.android.contacts/.calllog.CallLogReceiver: pid=733 uid=10001 gids={50001, 3003, 1015, 1028}
D/dalvikvm(   38): GC_EXPLICIT freed 34K, 4% free 2381K/2476K, paused 3ms+12ms, total 62ms
D/dalvikvm(   38): GC_EXPLICIT freed <1K, 4% free 2381K/2476K, paused 3ms+13ms, total 69ms
D/dalvikvm(   38): GC_EXPLICIT freed <1K, 4% free 2381K/2476K, paused 2ms+3ms, total 60ms
E/Trace   (  733): error opening trace file: No such file or directory (2)
D/dalvikvm(  303): GC_CONCURRENT freed 1370K, 27% free 6466K/8828K, paused 6ms+8ms, total 218ms
D/dalvikvm(  303): WAIT_FOR_CONCURRENT_GC blocked 23ms
D/dalvikvm(  303): WAIT_FOR_CONCURRENT_GC blocked 53ms
I/RecoverySystem(  303): No recovery log file
D/dalvikvm(  303): WAIT_FOR_CONCURRENT_GC blocked 55ms
D/dalvikvm(  303): WAIT_FOR_CONCURRENT_GC blocked 52ms
D/dalvikvm(  303): WAIT_FOR_CONCURRENT_GC blocked 46ms
D/dalvikvm(  303): WAIT_FOR_CONCURRENT_GC blocked 72ms
I/ActivityManager(  303): Start proc com.android.deskclock for broadcast com.android.deskclock/.AlarmInitReceiver: pid=756 uid=10006 gids={50006, 1028}
I/Choreographer(  303): Skipped 886 frames!  The application may be doing too much work on its main thread.
E/Trace   (  756): error opening trace file: No such file or directory (2)
D/dalvikvm(  303): GC_FOR_ALLOC freed 569K, 27% free 6488K/8828K, paused 64ms, total 73ms
I/dalvikvm-heap(  303): Grow heap (frag case) to 7.477MB for 1128976-byte allocation
D/dalvikvm(  303): GC_FOR_ALLOC freed 821K, 24% free 6769K/8828K, paused 150ms, total 150ms
I/Choreographer(  398): Skipped 106 frames!  The application may be doing too much work on its main thread.
D/AndroidRuntime(  773): 
D/AndroidRuntime(  773): >>>>>> AndroidRuntime START com.android.internal.os.RuntimeInit <<<<<<
D/AndroidRuntime(  773): CheckJNI is ON
D/dalvikvm(  773): Trying to load lib libjavacore.so 0x0
D/dalvikvm(  773): Added shared lib libjavacore.so 0x0
I/Choreographer(  303): Skipped 334 frames!  The application may be doing too much work on its main thread.
D/dalvikvm(  773): Trying to load lib libnativehelper.so 0x0
D/dalvikvm(  773): Added shared lib libnativehelper.so 0x0
D/dalvikvm(  303): GC_CONCURRENT freed 27K, 24% free 6752K/8828K, paused 259ms+95ms, total 1407ms
I/Choreographer(  303): Skipped 86 frames!  The application may be doing too much work on its main thread.
V/AlarmClock(  756): No next alarm
V/AlarmClock(  756): AlarmInitReceiver - Reset timers and clear stopwatch data
V/AlarmClock(  756): No next alarm
V/AlarmClock(  756): AlarmInitReceiver finished
I/FusedLocation(  560): engine started (com.android.location.fused)
D/AndroidRuntime(  773): Calling main entry com.android.commands.am.Am
D/dalvikvm(  773): Note: class Landroid/app/ActivityManagerNative; has 157 unimplemented (abstract) methods
D/dalvikvm(  788): Not late-enabling CheckJNI (already on)
I/ActivityManager(  303): Start proc it.unina.android.ripper_service:android_ripper_service_process for service it.unina.android.ripper_service/.AndroidRipperService: pid=788 uid=10049 gids={50049, 3003, 1028}
D/AndroidRuntime(  773): Shutting down VM
D/dalvikvm(  773): GC_CONCURRENT freed 91K, 16% free 490K/584K, paused 0ms+0ms, total 7ms
E/Trace   (  788): error opening trace file: No such file or directory (2)
V/AndroidRipperService(  788): onCreate()
V/SERVER  (  788): Starting ServerSocket on PORT 8888
V/SERVER  (  788): Started ServerSocket on PORT 8888
V/SERVER  (  788): Ready to accept connections on port: 8888
I//system/bin/fsck_msdos(   32): Attempting to allocate 2044 KB for FAT
I/ActivityManager(  303): Start proc com.android.email for broadcast com.android.email/.service.EmailBroadcastReceiver: pid=805 uid=10019 gids={50019, 3003, 1015, 1028}
E/Trace   (  805): error opening trace file: No such file or directory (2)
I/ActivityManager(  303): Start proc com.android.exchange for service com.android.exchange/.ExchangeService: pid=822 uid=10032 gids={50032, 3003, 1015, 1028}
I/ActivityManager(  303): Start proc com.android.providers.calendar for broadcast com.android.providers.calendar/.CalendarReceiver: pid=828 uid=10023 gids={50023, 3003, 1015, 1028}
E/Trace   (  822): error opening trace file: No such file or directory (2)
E/Trace   (  828): error opening trace file: No such file or directory (2)
I/ActivityManager(  303): Start proc com.android.mms for broadcast com.android.mms/.transaction.MmsSystemEventReceiver: pid=854 uid=10029 gids={50029, 3003, 1015, 1028}
E/Trace   (  854): error opening trace file: No such file or directory (2)
D/Eas Debug(  822): Logging: 
D/CountryDetector(  303): The first listener is added
V/MmsConfig(  854): mnc/mcc: 310260
V/MmsConfig(  854): tag: bool value: enabledMMS - true
V/MmsConfig(  854): tag: int value: maxMessageSize - 307200
V/MmsConfig(  854): tag: int value: maxImageHeight - 480
V/MmsConfig(  854): tag: int value: maxImageWidth - 640
V/MmsConfig(  854): tag: int value: defaultSMSMessagesPerThread - 500
V/MmsConfig(  854): tag: int value: defaultMMSMessagesPerThread - 50
V/MmsConfig(  854): tag: int value: minMessageCountPerThread - 10
V/MmsConfig(  854): tag: int value: maxMessageCountPerThread - 5000
V/MmsConfig(  854): tag: string value: uaProfUrl - http://www.google.com/oha/rdf/ua-profile-kila.xml
V/MmsConfig(  854): tag: int value: recipientLimit - -1
V/MmsConfig(  854): tag: bool value: enableMultipartSMS - true
V/MmsConfig(  854): tag: int value: smsToMmsTextThreshold - -1
V/MmsConfig(  854): tag: bool value: enableSlideDuration - true
V/MmsConfig(  854): tag: int value: maxMessageTextSize - -1
D/dalvikvm(  303): GREF has increased to 501
D/AndroidRuntime(  878): 
D/AndroidRuntime(  878): >>>>>> AndroidRuntime START com.android.internal.os.RuntimeInit <<<<<<
D/AndroidRuntime(  878): CheckJNI is ON
D/dalvikvm(  878): Trying to load lib libjavacore.so 0x0
D/dalvikvm(  878): Added shared lib libjavacore.so 0x0
D/dalvikvm(  878): Trying to load lib libnativehelper.so 0x0
D/dalvikvm(  878): Added shared lib libnativehelper.so 0x0
D/ExchangeService(  822): !!! EAS ExchangeService, onCreate
D/ExchangeService(  822): !!! EAS ExchangeService, onStartCommand, startingUp = false, running = false
I/ActivityManager(  303): Start proc com.android.settings for broadcast com.android.settings/.widget.SettingsAppWidgetProvider: pid=890 uid=1000 gids={41000, 1015, 1028, 3002, 3001, 3003}
D/ExchangeService(  822): !!! EAS ExchangeService, onStartCommand, startingUp = true, running = false
E/Trace   (  890): error opening trace file: No such file or directory (2)
E/BluetoothAdapter(  890): Bluetooth binder is null
D/AndroidRuntime(  878): Calling main entry com.android.commands.am.Am
D/dalvikvm(  878): Note: class Landroid/app/ActivityManagerNative; has 157 unimplemented (abstract) methods
I/ActivityManager(  303): Force stopping package de.freewarepoint.whohasmystuff appid=10050 user=0
D/dalvikvm(  914): Not late-enabling CheckJNI (already on)
I/ActivityManager(  303): Start proc de.freewarepoint.whohasmystuff for added application de.freewarepoint.whohasmystuff: pid=914 uid=10050 gids={50050, 1015, 1028}
E/BluetoothAdapter(  890): Bluetooth binder is null
E/BluetoothAdapter(  890): Bluetooth binder is null
E/Trace   (  914): error opening trace file: No such file or directory (2)
D/PolideaInstrumentationTestRunner(  914): Creating the Test Runner with arguments: [coverage, class]
D/PolideaInstrumentationTestRunner(  914): Test runner is running with the following parameters:
D/PolideaInstrumentationTestRunner(  914): junitOutputDirectory: /data/data/de.freewarepoint.whohasmystuff/files
D/PolideaInstrumentationTestRunner(  914): junitOutputFilePostfix: -TEST.xml
D/PolideaInstrumentationTestRunner(  914): junitNoPackagePrefix: NO_PACKAGE
D/PolideaInstrumentationTestRunner(  914): junitSplitLevel: package
D/PolideaInstrumentationTestRunner(  914): junitSingleFileName: ALL-TEST.xml
D/PolideaInstrumentationTestRunner(  914): Creating output directory if it does not exist
D/PolideaInstrumentationTestRunner(  914): Created directory? false
D/PolideaInstrumentationTestRunner(  914): Deleting old files
D/PolideaInstrumentationTestRunner(  914): Deleting: [/data/data/de.freewarepoint.whohasmystuff/files/it.unina.android.ripper-TEST.xml]
I/System.out(  914): EMMA: collecting runtime coverage data ...
D/dalvikvm(  914): GC_CONCURRENT freed 309K, 13% free 2554K/2928K, paused 16ms+11ms, total 75ms
D/PolideaInstrumentationTestRunner(  914): Getting android test runner
D/PolideaInstrumentationTestRunner(  914): JUnit test output enabled
D/Mms:app (  854): cancelNotification
W/dalvikvm(  914): method Landroid/test/InstrumentationTestRunner$StringResultPrinter;.print incorrectly overrides package-private method with same name in Ljunit/textui/ResultPrinter;
D/PolideaInstrumentationTestRunner(  914): Starting test: testApplication(it.unina.android.ripper.RipperTestCase)
I/TestRunner(  914): started: testApplication(it.unina.android.ripper.RipperTestCase)
V/AndroidRipperService(  788): onBind()
V/AndroidRipperService(  788): register()
V/        (  788): ready
V/AndroidRipperService(  788): onBind()
I/ActivityManager(  303): START u0 {act=android.intent.action.MAIN flg=0x10000000 cmp=de.freewarepoint.whohasmystuff/.ListLentObjects} from pid 914
D/PermissionCache(   37): checking android.permission.READ_FRAME_BUFFER for uid=1000 => granted (8653 us)
W/WindowManager(  303): Failure taking screenshot for (246x410) to layer 21000
V/RipperService(  788): PING
V/AndroidRipperService(  788): mHandler.handleMessage() RECIVED
V/AndroidRipperService(  788): broadcast()
I/AndroidRipper(  914): Recived message: PING
V/RipperTestCase(  914): Not ready to operate!
V/AndroidRipperService(  788): broadcast() done
V/        (  788): ready
E/NativeDaemonConnector.ResponseQueue(  303): Timeout waiting for response
E/VoldConnector(  303): timed-out waiting for response to 3 volume mount /mnt/sdcard
E/MountService(  303): Boot-time mount exception
E/MountService(  303): java.lang.NullPointerException
E/MountService(  303): 	at com.android.server.NativeDaemonConnectorException.getCode(NativeDaemonConnectorException.java:44)
E/MountService(  303): 	at com.android.server.MountService.doMountVolume(MountService.java:937)
E/MountService(  303): 	at com.android.server.MountService.handleSystemReady(MountService.java:527)
E/MountService(  303): 	at com.android.server.MountService.access$500(MountService.java:103)
E/MountService(  303): 	at com.android.server.MountService$MountServiceHandler.handleMessage(MountService.java:478)
E/MountService(  303): 	at android.os.Handler.dispatchMessage(Handler.java:99)
E/MountService(  303): 	at android.os.Looper.loop(Looper.java:137)
E/MountService(  303): 	at android.os.HandlerThread.run(HandlerThread.java:60)
E/SurfaceFlinger(   37): ro.sf.lcd_density must be defined as a build property
I/Choreographer(  303): Skipped 52 frames!  The application may be doing too much work on its main thread.
D/dalvikvm(  914): GC_FOR_ALLOC freed 86K, 11% free 2682K/2984K, paused 113ms, total 120ms
I/dalvikvm-heap(  914): Grow heap (frag case) to 3.285MB for 635812-byte allocation
D/dalvikvm(  914): GC_FOR_ALLOC freed <1K, 9% free 3303K/3608K, paused 117ms, total 117ms
D/dalvikvm(  914): GC_CONCURRENT freed 1K, 9% free 3313K/3608K, paused 8ms+11ms, total 82ms
E/SurfaceFlinger(   37): ro.sf.lcd_density must be defined as a build property
I/Choreographer(  914): Skipped 112 frames!  The application may be doing too much work on its main thread.
V/RipperService(  788): PING
V/AndroidRipperService(  788): mHandler.handleMessage() RECIVED
V/AndroidRipperService(  788): broadcast()
I/AndroidRipper(  914): Recived message: PING
V/RipperTestCase(  914): Not ready to operate!
V/AndroidRipperService(  788): broadcast() done
V/        (  788): ready
D/gralloc_goldfish(  914): Emulator without GPU emulation detected.
I/ActivityManager(  303): Displayed de.freewarepoint.whohasmystuff/.ListLentObjects: +2s475ms
D/MmsSmsDatabaseHelper(  453): [MmsSmsDb] tableName: threads hasAutoIncrement: CREATE TABLE threads (_id INTEGER PRIMARY KEY AUTOINCREMENT,date INTEGER DEFAULT 0,message_count INTEGER DEFAULT 0,recipient_ids TEXT,snippet TEXT,snippet_cs INTEGER DEFAULT 0,read INTEGER DEFAULT 1,type INTEGER DEFAULT 0,error INTEGER DEFAULT 0,has_attachment INTEGER DEFAULT 0) result: true
I//system/bin/fsck_msdos(   32): ** Phase 2 - Check Cluster Chains
I//system/bin/fsck_msdos(   32): ** Phase 3 - Checking Directories
I//system/bin/fsck_msdos(   32): ** Phase 4 - Checking for Lost Files
I//system/bin/fsck_msdos(   32): 13 files, 1044444 free (522222 clusters)
D/MmsSmsDatabaseHelper(  453): [MmsSmsDb] tableName: canonical_addresses hasAutoIncrement: CREATE TABLE canonical_addresses (_id INTEGER PRIMARY KEY AUTOINCREMENT,address TEXT) result: true
I/Vold    (   32): Filesystem check completed OK
I/Vold    (   32): Device /dev/block/vold/179:0, target /mnt/sdcard mounted @ /mnt/secure/staging
D/Vold    (   32): Volume sdcard state changing 3 (Checking) -> 4 (Mounted)
D/MountService(  303): volume state changed for /mnt/sdcard (checking -> mounted)
I/PackageManager(  303): Updating external media status from unmounted to mounted
D/MountService(  303): sendStorageIntent Intent { act=android.intent.action.MEDIA_MOUNTED dat=file:///mnt/sdcard (has extras) } to UserHandle{-1}
D/GpsLocationProvider(  303): NTP server returned: 1483694239174 (Fri Jan 06 09:17:19 GMT 2017) reference: 113277 certainty: 152 system time offset: -7447
D/MediaScannerReceiver(  655): action: android.intent.action.MEDIA_MOUNTED path: /mnt/sdcard
V/RipperService(  788): PING
V/AndroidRipperService(  788): mHandler.handleMessage() RECIVED
V/AndroidRipperService(  788): broadcast()
I/AndroidRipper(  914): Recived message: PING
V/RipperTestCase(  914): Not ready to operate!
V/AndroidRipperService(  788): broadcast() done
V/        (  788): ready
I/PackageManager(  303): No secure containers on sdcard
W/PackageManager(  303): Unknown permission com.google.android.googleapps.permission.GOOGLE_AUTH.mail in package com.android.contacts
D/MmsSmsDatabaseHelper(  453): [MmsSmsDb] tableName: part hasAutoIncrement: CREATE TABLE part (_id INTEGER PRIMARY KEY AUTOINCREMENT,mid INTEGER,seq INTEGER DEFAULT 0,ct TEXT,name TEXT,chset INTEGER,cd TEXT,fn TEXT,cid TEXT,cl TEXT,ctt_s INTEGER,ctt_t TEXT,_data TEXT,text TEXT) result: true
D/MmsSmsDatabaseHelper(  453): [MmsSmsDb] tableName: pdu hasAutoIncrement: CREATE TABLE pdu (_id INTEGER PRIMARY KEY AUTOINCREMENT,thread_id INTEGER,date INTEGER,date_sent INTEGER DEFAULT 0,msg_box INTEGER,read INTEGER DEFAULT 0,m_id TEXT,sub TEXT,sub_cs INTEGER,ct_t TEXT,ct_l TEXT,exp INTEGER,m_cls TEXT,m_type INTEGER,v INTEGER,m_size INTEGER,pri INTEGER,rr INTEGER,rpt_a INTEGER,resp_st INTEGER,st INTEGER,tr_id TEXT,retr_st INTEGER,retr_txt TEXT,retr_txt_cs INTEGER,read_status INTEGER,ct_cls INTEGER,resp_txt TEXT,d_tm INTEGER,d_rpt INTEGER,locked INTEGER DEFAULT 0,seen INTEGER DEFAULT 0,text_only INTEGER DEFAULT 0) result: true
W/PackageManager(  303): Unknown permission android.permission.ADD_SYSTEM_SERVICE in package com.android.phone
W/PackageManager(  303): Unknown permission com.android.smspush.WAPPUSH_MANAGER_BIND in package com.android.phone
D/MmsSmsDatabaseHelper(  453): [getWritableDatabase] hasAutoIncrementThreads: true hasAutoIncrementAddresses: true hasAutoIncrementPart: true hasAutoIncrementPdu: true
W/PackageManager(  303): Unknown permission com.google.android.googleapps.permission.GOOGLE_AUTH in package com.android.providers.calendar
W/PackageManager(  303): Unknown permission com.google.android.googleapps.permission.GOOGLE_AUTH.cl in package com.android.providers.calendar
W/PackageManager(  303): Unknown permission com.google.android.googleapps.permission.GOOGLE_AUTH.mail in package com.android.calendar
W/PackageManager(  303): Not granting permission android.permission.SEND_DOWNLOAD_COMPLETED_INTENTS to package com.android.browser (protectionLevel=2 flags=0x89be45)
W/PackageManager(  303): Not granting permission android.permission.BIND_APPWIDGET to package com.android.widgetpreview (protectionLevel=18 flags=0x8be44)
I/Launcher(  475): setLoadOnResume
I/Launcher(  475): setLoadOnResume
W/PackageManager(  303): Unknown permission com.google.android.googleapps.permission.GOOGLE_AUTH in package com.android.settings
W/PackageManager(  303): Unknown permission com.google.android.gallery3d.permission.GALLERY_PROVIDER in package com.android.exchange
W/PackageManager(  303): Unknown permission com.google.android.googleapps.permission.ACCESS_GOOGLE_PASSWORD in package com.android.development
W/PackageManager(  303): Unknown permission com.google.android.googleapps.permission.GOOGLE_AUTH in package com.android.development
W/PackageManager(  303): Unknown permission com.google.android.googleapps.permission.GOOGLE_AUTH.ALL_SERVICES in package com.android.development
W/PackageManager(  303): Unknown permission com.google.android.googleapps.permission.GOOGLE_AUTH.YouTubeUser in package com.android.development
W/PackageManager(  303): Unknown permission com.google.android.gallery3d.permission.GALLERY_PROVIDER in package com.android.email
W/PackageManager(  303): Not granting permission android.permission.DEVICE_POWER to package com.android.deskclock (protectionLevel=2 flags=0x88be45)
I/AndroidRipper(  914): [RipperTestCase] Ready to operate after restarting...
I/dalvikvm(  303): Jit: resizing JitTable from 4096 to 8192
D/EmailProvider(  805): fromDatabase accounts: 0
D/EmailProvider(  805): ending toDatabase transaction; copyCount = 0
D/EmailProvider(  805): ending fromDatabase transaction; copyCount = 0
W/SystemClock(  303): Unable to set rtc to 1483694240: Invalid argument
D/SystemClock(  303): Setting time of day to sec=1483694240
I/ActivityManager(  303): Start proc com.android.calendar for broadcast com.android.calendar/.widget.CalendarAppWidgetService$CalendarFactory: pid=943 uid=10004 gids={50004, 3003, 1028}
E/Trace   (  943): error opening trace file: No such file or directory (2)
V/RipperService(  788): PING
V/AndroidRipperService(  788): mHandler.handleMessage() RECIVED
V/AndroidRipperService(  788): broadcast()
I/AndroidRipper(  914): Recived message: PING
V/AndroidRipperService(  788): send()
I/System.out(  788): {"type":"PONG","index":"5"}
V/AndroidRipperService(  788): broadcast() done
V/        (  788): ready
V/RipperService(  788): END
V/AlarmClock(  756): No next alarm
V/AlarmClock(  756): AlarmInitReceiver finished
V/AndroidRipperService(  788): mHandler.handleMessage() RECIVED
V/AndroidRipperService(  788): broadcast()
I/AndroidRipper(  914): Recived message: END
V/AndroidRipperService(  788): broadcast() done
V/        (  788): ready
V/SERVER  (  788): ServerSocket on PORT 8888: offline
V/AndroidRipperService(  788): mHandler.handleMessage() DISCONNECTED
V/SERVER  (  788): Ready to accept connections on port: 8888
V/AndroidRipperService(  788): unregister()
W/WindowManager(  303): Failure taking screenshot for (246x410) to layer 21005
W/ActivityManager(  303): Unable to start service Intent { cmp=com.android.email/.service.AttachmentDownloadService } U=0: not found
I/AccountTypeManager(  733): Loaded meta-data for 1 account types, 0 accounts in 348ms(wall) 42ms(cpu)
D/dalvikvm(  475): GC_FOR_ALLOC freed 2170K, 25% free 7335K/9688K, paused 91ms, total 141ms
D/dalvikvm(  475): GREF has increased to 201
I/Choreographer(  475): Skipped 33 frames!  The application may be doing too much work on its main thread.
E/SurfaceFlinger(   37): ro.sf.lcd_density must be defined as a build property
