V/SERVER  (  773): ServerSocket on PORT 8888: offline
V/AndroidRipperService(  773): mHandler.handleMessage() DISCONNECTED
V/SERVER  (  773): Ready to accept connections on port: 8888
V/AndroidRipperService(  773): unregister()
W/WindowManager(  283): Failure taking screenshot for (246x410) to layer 21005
V/AndroidRipperService(  773): unregister()
W/ActivityManager(  283): Duplicate finish request for ActivityRecord{40ee7ec8 u0 net.fercanet.LNM/.MainMenu}
D/dalvikvm(  806): GC_EXPLICIT freed 41K, 8% free 3271K/3552K, paused 4ms+3ms, total 115ms
D/dalvikvm(  806): GC_EXPLICIT freed 4K, 8% free 3268K/3552K, paused 3ms+3ms, total 71ms
D/PolideaInstrumentationTestRunner(  806): Finished test: testApplication(it.unina.android.ripper.RipperTestCase)
I/TestRunner(  806): finished: testApplication(it.unina.android.ripper.RipperTestCase)
I/TestRunner(  806): passed: testApplication(it.unina.android.ripper.RipperTestCase)
I/System.out(  806): EMMA: runtime coverage data written to [/data/data/net.fercanet.LNM/files/coverage.ec] {in 30 ms}
D/PolideaInstrumentationTestRunner(  806): Post processing
D/PolideaInstrumentationTestRunner(  806): Packages: 1
D/PolideaInstrumentationTestRunner(  806): Processing package package it.unina.android.ripper
D/PolideaInstrumentationTestRunner(  806): Writing to file /data/data/net.fercanet.LNM/files/it.unina.android.ripper-TEST.xml
D/PolideaInstrumentationTestRunner(  806): closing file
D/AndroidRuntime(  794): Shutting down VM
D/dalvikvm(  794): GC_CONCURRENT freed 95K, 18% free 462K/560K, paused 0ms+1ms, total 9ms
I/ActivityManager(  283): Force stopping package net.fercanet.LNM appid=10048 user=0
I/ActivityManager(  283): Killing proc 806:net.fercanet.LNM/u0a10048: force stop net.fercanet.LNM
I/WindowState(  283): WIN DEATH: Window{40f3e6e0 u0 net.fercanet.LNM/net.fercanet.LNM.MainMenu}
I/Choreographer(  401): Skipped 169 frames!  The application may be doing too much work on its main thread.
E/SurfaceFlinger(   37): ro.sf.lcd_density must be defined as a build property
W/WindowManager(  283): Rebuild removed 2 windows but added 1
W/WindowManager(  283): This window was lost: Window{40f3e6e0 u0 net.fercanet.LNM/net.fercanet.LNM.MainMenu}
W/WindowManager(  283): mDisplayId=0 mSession=Session{40e7f8f8 806:u0a10048} mClient=android.os.BinderProxy@40f38668
W/WindowManager(  283): mOwnerUid=10048 mShowToOwnerOnly=true
W/WindowManager(  283): mAttrs=WM.LayoutParams{(0,0)(fillxfill) sim=#120 ty=1 fl=#8010100 pfl=0x8 wanim=0x1030001}
W/WindowManager(  283): Requested w=480 h=800 mLayoutSeq=42
W/WindowManager(  283): mBaseLayer=21000 mSubLayer=0 mAnimLayer=21000+0=21000 mLastLayer=0
W/WindowManager(  283): mToken=AppWindowToken{4115fa60 token=Token{40fdc980 ActivityRecord{40ee7ec8 u0 net.fercanet.LNM/.MainMenu}}}
W/WindowManager(  283): mRootToken=AppWindowToken{4115fa60 token=Token{40fdc980 ActivityRecord{40ee7ec8 u0 net.fercanet.LNM/.MainMenu}}}
W/WindowManager(  283): mAppToken=AppWindowToken{4115fa60 token=Token{40fdc980 ActivityRecord{40ee7ec8 u0 net.fercanet.LNM/.MainMenu}}}
W/WindowManager(  283): mViewVisibility=0x0 mHaveFrame=true mObscured=true
W/WindowManager(  283): mSeq=0 mSystemUiVisibility=0x0
W/WindowManager(  283): mPolicyVisibility=false mPolicyVisibilityAfterAnim=false mAttachedHidden=false
W/WindowManager(  283): mGivenContentInsets=[0,0][0,0] mGivenVisibleInsets=[0,0][0,0]
W/WindowManager(  283): mConfiguration={1.0 310mcc260mnc en_US ldltr sw320dp w320dp h508dp 240dpi nrml long port finger -keyb/v/h tball/v s.6}
W/WindowManager(  283): mHasSurface=true mShownFrame=[0.0,0.0][480.0,800.0] isReadyForDisplay()=false
W/WindowManager(  283): mFrame=[0,0][480,800] last=[0,0][480,800]
W/WindowManager(  283): mSystemDecorRect=[0,38][480,800] last=[0,38][480,800]
W/WindowManager(  283): Frames: containing=[0,0][480,800] parent=[0,0][480,800] display=[0,0][480,800]
W/WindowManager(  283):     content=[0,38][480,800] visible=[0,38][480,800]
W/WindowManager(  283): Cur insets: content=[0,38][0,0] visible=[0,38][0,0]
W/WindowManager(  283): Lst insets: content=[0,38][0,0] visible=[0,38][0,0]
W/WindowManager(  283): WindowStateAnimator{4103ba10 net.fercanet.LNM/net.fercanet.LNM.MainMenu}:
W/WindowManager(  283):   mSurface=Surface(name=net.fercanet.LNM/net.fercanet.LNM.MainMenu, identity=15)
W/WindowManager(  283):   mDrawState=HAS_DRAWN mLastHidden=true
W/WindowManager(  283):   Surface: shown=false layer=21005 alpha=0.0 rect=(0.0,0.0) 480.0 x 800.0
W/WindowManager(  283):   mShownAlpha=1.0 mAlpha=1.0 mLastAlpha=-1.0
W/WindowManager(  283):   mGlobalScale=1.0 mDsDx=1.0 mDtDx=0.0 mDsDy=0.0 mDtDy=1.0
W/WindowManager(  283): mExiting=false mRemoveOnExit=false mDestroying=true mRemoved=false
W/WindowManager(  283): Current app token list:
V/WindowManager(  283):   #0: Token{40f6af38 ActivityRecord{40f6aa58 u0 com.android.launcher/com.android.launcher2.Launcher}}
W/WindowManager(  283): Final window list:
V/WindowManager(  283):   #0: Window{40ebdd88 u0 StatusBar}
V/WindowManager(  283):   #1: Window{40ef3248 u0 Keyguard}
V/WindowManager(  283):   #2: Window{40f5ad88 u0 com.android.launcher/com.android.launcher2.Launcher}
V/WindowManager(  283):   #3: Window{40ed28f0 u0 com.android.systemui.ImageWallpaper}
W/Resources(   38): Preloaded drawable resource #0x10805ec (android:drawable/textfield_search_default_holo_dark) that varies with configuration!!
W/Resources(   38): Preloaded drawable resource #0x10805f5 (android:drawable/textfield_search_right_selected_holo_dark) that varies with configuration!!
W/Resources(   38): Preloaded drawable resource #0x10805f3 (android:drawable/textfield_search_right_default_holo_dark) that varies with configuration!!
W/Resources(   38): Preloaded drawable resource #0x10805f9 (android:drawable/textfield_search_selected_holo_light) that varies with configuration!!
W/Resources(   38): Preloaded drawable resource #0x10805ed (android:drawable/textfield_search_default_holo_light) that varies with configuration!!
W/Resources(   38): Preloaded drawable resource #0x10805f6 (android:drawable/textfield_search_right_selected_holo_light) that varies with configuration!!
W/Resources(   38): Preloaded drawable resource #0x10805f4 (android:drawable/textfield_search_right_default_holo_light) that varies with configuration!!
D/dalvikvm(   38): GC_EXPLICIT freed 47K, 26% free 2364K/3156K, paused 3ms+5ms, total 91ms
W/Resources(   38): Preloaded drawable resource #0x10805c1 (android:drawable/tab_unselected_holo) that varies with configuration!!
W/Resources(   38): Preloaded drawable resource #0x10805bc (android:drawable/tab_selected_holo) that varies with configuration!!
W/Resources(   38): Preloaded drawable resource #0x10805c0 (android:drawable/tab_unselected_focused_holo) that varies with configuration!!
W/Resources(   38): Preloaded drawable resource #0x10805bb (android:drawable/tab_selected_focused_holo) that varies with configuration!!
W/Resources(   38): Preloaded drawable resource #0x10805c2 (android:drawable/tab_unselected_pressed_holo) that varies with configuration!!
W/Resources(   38): Preloaded drawable resource #0x10805bd (android:drawable/tab_selected_pressed_holo) that varies with configuration!!
W/Resources(   38): Preloaded drawable resource #0x10805c2 (android:drawable/tab_unselected_pressed_holo) that varies with configuration!!
W/Resources(   38): Preloaded drawable resource #0x10805bd (android:drawable/tab_selected_pressed_holo) that varies with configuration!!
W/Resources(   38): Preloaded drawable resource #0x10805bd (android:drawable/tab_selected_pressed_holo) that varies with configuration!!
W/Resources(   38): Preloaded drawable resource #0x10805c1 (android:drawable/tab_unselected_holo) that varies with configuration!!
W/Resources(   38): Preloaded drawable resource #0x10805bc (android:drawable/tab_selected_holo) that varies with configuration!!
W/Resources(   38): Preloaded drawable resource #0x10805c0 (android:drawable/tab_unselected_focused_holo) that varies with configuration!!
W/Resources(   38): Preloaded drawable resource #0x10805bb (android:drawable/tab_selected_focused_holo) that varies with configuration!!
W/Resources(   38): Preloaded drawable resource #0x10805c2 (android:drawable/tab_unselected_pressed_holo) that varies with configuration!!
W/Resources(   38): Preloaded drawable resource #0x10805bd (android:drawable/tab_selected_pressed_holo) that varies with configuration!!
W/Resources(   38): Preloaded drawable resource #0x10804a5 (android:drawable/quickcontact_badge_overlay_pressed_dark) that varies with configuration!!
W/Resources(   38): Preloaded drawable resource #0x10804a0 (android:drawable/quickcontact_badge_overlay_focused_dark) that varies with configuration!!
W/Resources(   38): Preloaded drawable resource #0x10804a3 (android:drawable/quickcontact_badge_overlay_normal_dark) that varies with configuration!!
W/Resources(   38): Preloaded drawable resource #0x10804a3 (android:drawable/quickcontact_badge_overlay_normal_dark) that varies with configuration!!
W/Resources(   38): Preloaded drawable resource #0x10804a3 (android:drawable/quickcontact_badge_overlay_normal_dark) that varies with configuration!!
D/dalvikvm(   38): GC_EXPLICIT freed 56K, 26% free 2365K/3156K, paused 2ms+3ms, total 164ms
W/Resources(   38): Preloaded drawable resource #0x10804a5 (android:drawable/quickcontact_badge_overlay_pressed_dark) that varies with configuration!!
W/Resources(   38): Preloaded drawable resource #0x10804a6 (android:drawable/quickcontact_badge_overlay_pressed_light) that varies with configuration!!
W/Resources(   38): Preloaded drawable resource #0x10804a1 (android:drawable/quickcontact_badge_overlay_focused_light) that varies with configuration!!
W/Resources(   38): Preloaded drawable resource #0x10804a4 (android:drawable/quickcontact_badge_overlay_normal_light) that varies with configuration!!
W/Resources(   38): Preloaded drawable resource #0x10804a4 (android:drawable/quickcontact_badge_overlay_normal_light) that varies with configuration!!
W/Resources(   38): Preloaded drawable resource #0x10804a4 (android:drawable/quickcontact_badge_overlay_normal_light) that varies with configuration!!
W/Resources(   38): Preloaded drawable resource #0x10804a6 (android:drawable/quickcontact_badge_overlay_pressed_light) that varies with configuration!!
I/Zygote  (   38): ...preloaded 270 resources in 10218ms.
D/dalvikvm(   38): GC_EXPLICIT freed 48K, 25% free 2369K/3156K, paused 5ms+45ms, total 137ms
I/Zygote  (   38): ...preloaded 31 resources in 209ms.
D/dalvikvm(   38): GC_EXPLICIT freed 9K, 25% free 2377K/3156K, paused 2ms+3ms, total 147ms
D/dalvikvm(   38): GC_EXPLICIT freed 7K, 25% free 2369K/3156K, paused 2ms+10ms, total 90ms
D/dalvikvm(   38): GC_EXPLICIT freed <1K, 25% free 2369K/3156K, paused 2ms+3ms, total 89ms
I/dalvikvm(   38): System server process 321 has been created
I/Zygote  (   38): Accepting command socket connections
D/dalvikvm(  321): WAIT_FOR_CONCURRENT_GC blocked 1ms
E/BatteryService(  321): usbOnlinePath not found
E/BatteryService(  321): wirelessOnlinePath not found
E/BatteryService(  321): batteryVoltagePath not found
E/BatteryService(  321): batteryTemperaturePath not found
I/sysproc (  321): Entered system_init()
I/sysproc (  321): ServiceManager: 0x2a164120
D/SensorService(  321): nuSensorService starting...
I/SensorService(  321): Goldfish 3-axis Accelerometer
I/SensorService(  321): Goldfish 3-axis Magnetic field sensor
I/SensorService(  321): Goldfish Orientation sensor
I/SensorService(  321): Goldfish Temperature sensor
I/SensorService(  321): Goldfish Proximity sensor
I/sysproc (  321): System server: starting Android runtime.
I/sysproc (  321): System server: starting Android services.
I/SystemServer(  321): Entered the Android system server!
I/sysproc (  321): System server: entering thread pool.
D/SensorService(  321): nuSensorService thread starting...
I/SystemServer(  321): Enabled StrictMode logging for UI Looper
I/SystemServer(  321): Waiting for installd to be ready.
I/Installer(  321): connecting...
I/installd(   41): new connection
I/SystemServer(  321): Entropy Mixer
I/SystemServer(  321): Enabled StrictMode logging for WM Looper
I/SystemServer(  321): Power Manager
E/PowerManagerService-JNI(  321): Couldn't load power module (No such file or directory)
I/SystemServer(  321): Activity Manager
I/ActivityManager(  321): Memory class: 48
W/UsageStats(  321): Usage stats version changed; dropping
I/ActivityManager(  321): Enabled StrictMode logging for AThread's Looper
I/SystemServer(  321): Display Manager
E/SurfaceFlinger(   37): ro.sf.lcd_density must be defined as a build property
I/DisplayManagerService(  321): Display device added: DisplayDeviceInfo{"Built-in Screen": 480 x 800, 260.416 fps, density 240, 240.0 x 240.0 dpi, touch INTERNAL, FLAG_DEFAULT_DISPLAY, FLAG_ROTATES_WITH_CONTENT, FLAG_SECURE, FLAG_SUPPORTS_PROTECTED_BUFFERS, rotation 0, type BUILT_IN, address null}
I/SystemServer(  321): Telephony Registry
I/SystemServer(  321): Scheduling Policy
I/SystemServer(  321): Package Manager
D/dalvikvm(  321): GC_CONCURRENT freed 306K, 13% free 2553K/2924K, paused 4ms+2ms, total 51ms
D/dalvikvm(  321): WAIT_FOR_CONCURRENT_GC blocked 8ms
W/PackageManager(  321): Running ENG build: no pre-dexopt!
D/dalvikvm(  321): GC_CONCURRENT freed 269K, 11% free 2691K/3016K, paused 4ms+114ms, total 155ms
D/dalvikvm(  321): GC_CONCURRENT freed 135K, 7% free 2969K/3160K, paused 4ms+3ms, total 68ms
W/PackageParser(  321): No actions in intent filter at /system/app/Contacts.apk Binary XML file line #533
D/dalvikvm(  321): GC_CONCURRENT freed 231K, 9% free 3130K/3420K, paused 5ms+3ms, total 120ms
D/dalvikvm(  321): GC_CONCURRENT freed 210K, 8% free 3355K/3624K, paused 4ms+29ms, total 223ms
W/PackageManager(  321): Package com.android.camera desires unavailable shared library com.google.android.media.effects; ignoring!
D/PackageManager(  321): No files in app dir /vendor/app
D/dalvikvm(  321): GC_CONCURRENT freed 231K, 8% free 3624K/3912K, paused 51ms+9ms, total 321ms
W/PackageParser(  321): No actions in intent filter at /data/app/ApiDemos.apk Binary XML file line #2737
W/PackageParser(  321): No actions in intent filter at /data/app/ApiDemos.apk Binary XML file line #2743
W/PackageManager(  321): Package com.example.android.apis desires unavailable shared library com.example.will.never.exist; ignoring!
I/PackageParser(  321): es.senselesssolutions.gpl.weightchart: compat added android.permission.READ_PHONE_STATE
I/PackageManager(  321): Time to scan packages: 5.032 seconds
W/PackageManager(  321): Unknown permission com.google.android.googleapps.permission.GOOGLE_AUTH.mail in package com.android.contacts
W/PackageManager(  321): Unknown permission android.permission.ADD_SYSTEM_SERVICE in package com.android.phone
W/PackageManager(  321): Unknown permission com.android.smspush.WAPPUSH_MANAGER_BIND in package com.android.phone
W/PackageManager(  321): Unknown permission com.google.android.googleapps.permission.GOOGLE_AUTH in package com.android.providers.calendar
W/PackageManager(  321): Unknown permission com.google.android.googleapps.permission.GOOGLE_AUTH.cl in package com.android.providers.calendar
W/PackageManager(  321): Unknown permission com.google.android.googleapps.permission.GOOGLE_AUTH.mail in package com.android.calendar
W/PackageManager(  321): Not granting permission android.permission.SEND_DOWNLOAD_COMPLETED_INTENTS to package com.android.browser (protectionLevel=2 flags=0x9be45)
W/PackageManager(  321): Not granting permission android.permission.BIND_APPWIDGET to package com.android.widgetpreview (protectionLevel=18 flags=0x8be44)
W/PackageManager(  321): Unknown permission com.google.android.googleapps.permission.GOOGLE_AUTH in package com.android.settings
W/PackageManager(  321): Unknown permission com.google.android.gallery3d.permission.GALLERY_PROVIDER in package com.android.exchange
W/PackageManager(  321): Unknown permission com.google.android.googleapps.permission.ACCESS_GOOGLE_PASSWORD in package com.android.development
W/PackageManager(  321): Unknown permission com.google.android.googleapps.permission.GOOGLE_AUTH in package com.android.development
W/PackageManager(  321): Unknown permission com.google.android.googleapps.permission.GOOGLE_AUTH.ALL_SERVICES in package com.android.development
W/PackageManager(  321): Unknown permission com.google.android.googleapps.permission.GOOGLE_AUTH.YouTubeUser in package com.android.development
W/PackageManager(  321): Unknown permission com.google.android.gallery3d.permission.GALLERY_PROVIDER in package com.android.email
W/PackageManager(  321): Not granting permission android.permission.DEVICE_POWER to package com.android.deskclock (protectionLevel=2 flags=0x8be45)
D/dalvikvm(  321): GC_CONCURRENT freed 315K, 9% free 3773K/4144K, paused 4ms+10ms, total 89ms
D/dalvikvm(  321): WAIT_FOR_CONCURRENT_GC blocked 6ms
D/dalvikvm(  321): GC_EXPLICIT freed 147K, 13% free 3625K/4144K, paused 3ms+3ms, total 66ms
I/SystemServer(  321): User Service
I/SystemServer(  321): Account Manager
I/SystemServer(  321): Content Manager
I/SystemServer(  321): System Content Providers
I/SystemServer(  321): Lights Service
I/SystemServer(  321): Battery Service
I/SystemServer(  321): Vibrator Service
I/libsuspend(  321): Selected early suspend
I/libsuspend(  321): Starting early suspend unblocker thread
D/PermissionCache(   37): checking android.permission.ACCESS_SURFACE_FLINGER for uid=1000 => granted (2519 us)
D/SurfaceFlinger(   37): Screen acquired, type=0 flinger=0x2a007318
D/SurfaceFlinger(   37):  screen was previously acquired
I/SystemServer(  321): Alarm Manager
D/AlarmManagerService(  321): Kernel timezone updated to 0 minutes west of GMT
I/SystemServer(  321): Init Watchdog
I/SystemServer(  321): Input Manager
I/InputManager(  321): Initializing input manager, mUseDevInputEventForAudioJack=false
I/SystemServer(  321): Window Manager
E/SoundPool(  321): error loading /system/media/audio/ui/Lock.ogg
W/KeyguardViewMediator(  321): failed to load lock sound from /system/media/audio/ui/Lock.ogg
E/SoundPool(  321): error loading /system/media/audio/ui/Unlock.ogg
W/KeyguardViewMediator(  321): failed to load unlock sound from /system/media/audio/ui/Unlock.ogg
I/InputManager(  321): Starting input manager
I/SystemServer(  321): No Bluetooh Service (emulator)
I/SystemServer(  321): Input Method Service
W/InputMethodManagerService(  321): Couldn't create dir.: /data/system/inputmethod
I/EventHub(  321): New device: id=1, fd=89, path='/dev/input/event0', name='qwerty2', classes=0x2d, configuration='/system/usr/idc/qwerty2.idc', keyLayout='/system/usr/keylayout/qwerty.kl', keyCharacterMap='/system/usr/keychars/qwerty2.kcm', builtinKeyboard=true, usingSuspendBlockIoctl=false, usingClockIoctl=false
E/EventHub(  321): could not get driver version for /dev/input/mouse0, Not a typewriter
E/EventHub(  321): could not get driver version for /dev/input/mice, Not a typewriter
I/InputReader(  321): Device added: id=-1, name='Virtual', sources=0x00000301
I/InputReader(  321):   Touch device 'qwerty2' could not query the properties of its associated display.  The device will be inoperable until the display size becomes available.
I/InputReader(  321): Device added: id=0, name='qwerty2', sources=0x00011307
E/Trace   (  321): error opening trace file: No such file or directory (2)
D/dalvikvm(  321): GC_CONCURRENT freed 298K, 9% free 3833K/4200K, paused 4ms+6ms, total 359ms
D/dalvikvm(  321): WAIT_FOR_CONCURRENT_GC blocked 144ms
I/SystemServer(  321): Accessibility Manager
I/ActivityManager(  321): Config changes=15f8 {1.0 ?mcc?mnc en_US ldltr sw320dp w320dp h508dp 240dpi nrml long port ?uimode ?night finger -keyb/v/h tball/v s.2}
I/InputReader(  321): Reconfiguring input devices.  changes=0x00000004
I/InputReader(  321): Device reconfigured: id=0, name='qwerty2', size 480x800, orientation 0, mode 1, display id 0
I/InputReader(  321): Reconfiguring input devices.  changes=0x00000004
I/InputReader(  321): Device reconfigured: id=0, name='qwerty2', size 480x800, orientation 0, mode 1, display id 0
I/SystemServer(  321): Mount Service
D/MountService(  321): got storage path: /mnt/sdcard description: USB storage primary: true removable: false emulated: false mtpReserve: 0 allowMassStorage: false maxFileSize: 0
D/MountService(  321): addVolumeLocked() StorageVolume [mStorageId=0 mPath=/mnt/sdcard mDescriptionId=17040615 mPrimary=true mRemovable=false mEmulated=false mMtpReserveSpace=0 mAllowMassStorage=false mMaxFileSize=0 mOwner=null]
I/SystemServer(  321): LockSettingsService
I/SystemServer(  321): Device Policy
I/SystemServer(  321): Status Bar
I/SystemServer(  321): Clipboard Service
I/SystemServer(  321): NetworkManagement Service
I/SystemServer(  321): Text Service Manager Service
I/SystemServer(  321): NetworkStats Service
D/dalvikvm(  321): GREF has increased to 201
D/MountService(  321): volume state changed for /mnt/sdcard (null -> unmounted)
I/PackageManager(  321): Updating external media status from unmounted to unmounted
I/SystemServer(  321): NetworkPolicy Service
W/MountService(  321): getSecureContainerList() called when storage not mounted
I/SystemServer(  321): Wi-Fi P2pService
I/PackageManager(  321): No secure containers on sdcard
I/SystemServer(  321): Wi-Fi Service
W/PackageManager(  321): Unknown permission com.google.android.googleapps.permission.GOOGLE_AUTH.mail in package com.android.contacts
W/PackageManager(  321): Unknown permission android.permission.ADD_SYSTEM_SERVICE in package com.android.phone
W/PackageManager(  321): Unknown permission com.android.smspush.WAPPUSH_MANAGER_BIND in package com.android.phone
W/PackageManager(  321): Unknown permission com.google.android.googleapps.permission.GOOGLE_AUTH in package com.android.providers.calendar
W/PackageManager(  321): Unknown permission com.google.android.googleapps.permission.GOOGLE_AUTH.cl in package com.android.providers.calendar
W/PackageManager(  321): Unknown permission com.google.android.googleapps.permission.GOOGLE_AUTH.mail in package com.android.calendar
W/PackageManager(  321): Not granting permission android.permission.SEND_DOWNLOAD_COMPLETED_INTENTS to package com.android.browser (protectionLevel=2 flags=0x89be45)
W/PackageManager(  321): Not granting permission android.permission.BIND_APPWIDGET to package com.android.widgetpreview (protectionLevel=18 flags=0x8be44)
W/PackageManager(  321): Unknown permission com.google.android.googleapps.permission.GOOGLE_AUTH in package com.android.settings
W/PackageManager(  321): Unknown permission com.google.android.gallery3d.permission.GALLERY_PROVIDER in package com.android.exchange
W/PackageManager(  321): Unknown permission com.google.android.googleapps.permission.ACCESS_GOOGLE_PASSWORD in package com.android.development
W/PackageManager(  321): Unknown permission com.google.android.googleapps.permission.GOOGLE_AUTH in package com.android.development
W/PackageManager(  321): Unknown permission com.google.android.googleapps.permission.GOOGLE_AUTH.ALL_SERVICES in package com.android.development
W/PackageManager(  321): Unknown permission com.google.android.googleapps.permission.GOOGLE_AUTH.YouTubeUser in package com.android.development
W/PackageManager(  321): Unknown permission com.google.android.gallery3d.permission.GALLERY_PROVIDER in package com.android.email
W/PackageManager(  321): Not granting permission android.permission.DEVICE_POWER to package com.android.deskclock (protectionLevel=2 flags=0x88be45)
D/dalvikvm(  321): GC_CONCURRENT freed 240K, 8% free 3996K/4300K, paused 4ms+6ms, total 125ms
E/CommandListener(   34): Failed to open /proc/sys/net/ipv6/conf/wlan0/disable_ipv6: No such file or directory
E/WifiStateMachine(  321): Failed to disable IPv6: java.lang.IllegalStateException: command '1 interface ipv6 wlan0 disable' failed with '400 1 Failed to change IPv6 state (No such file or directory)'
I/SystemServer(  321): Connectivity Service
D/ConnectivityService(  321): ConnectivityService starting up
E/MobileDataStateTracker(  321): default: Ignoring feature request because could not acquire PhoneService
E/MobileDataStateTracker(  321): default: Could not enable APN type "default"
I/WifiService(  321): WifiService starting up with Wi-Fi disabled
I/SystemServer(  321): Network Service Discovery Service
D/NsdService(  321): Network service discovery enabled true
I/SystemServer(  321): Throttle Service
I/SystemServer(  321): UpdateLock Service
I/SystemServer(  321): Notification Manager
I/SystemServer(  321): Device Storage Monitor
I/SystemServer(  321): Location Manager
I/SystemServer(  321): Country Detector
I/SystemServer(  321): Search Service
I/SystemServer(  321): DropBox Service
I/SystemServer(  321): Wallpaper Service
I/SystemServer(  321): Audio Service
D/dalvikvm(  321): GC_CONCURRENT freed 287K, 8% free 4166K/4520K, paused 5ms+4ms, total 262ms
I/SystemServer(  321): Dock Observer
W/DockObserver(  321): This kernel does not have dock station support
I/SystemServer(  321): Wired Accessory Manager
W/WiredAccessoryManager(  321): This kernel does not have wired headset support
W/WiredAccessoryManager(  321): This kernel does not have usb audio support
W/WiredAccessoryManager(  321): This kernel does not have HDMI audio support
I/SystemServer(  321): USB Service
I/SystemServer(  321): Serial Service
I/SystemServer(  321): Twilight Service
I/SystemServer(  321): UI Mode Manager Service
I/SystemServer(  321): Backup Service
V/BackupManagerService(  321): No ancestral data
I/BackupManagerService(  321): Found stale backup journal, scheduling
I/BackupManagerService(  321):   android
I/BackupManagerService(  321):   com.android.browser
I/BackupManagerService(  321):   com.android.calendar
I/BackupManagerService(  321):   com.android.inputmethod.latin
I/BackupManagerService(  321):   com.android.providers.settings
I/BackupManagerService(  321):   com.android.providers.userdictionary
I/BackupManagerService(  321):   com.android.sharedstoragebackup
I/BackupManagerService(  321): Backup enabled => true
I/SystemServer(  321): AppWidget Service
I/SystemServer(  321): Recognition Service
I/SystemServer(  321): DiskStats Service
I/SystemServer(  321): SamplingProfiler Service
I/SystemServer(  321): NetworkTimeUpdateService
I/SystemServer(  321): CommonTimeManagementService
I/SystemServer(  321): CertBlacklister
I/SystemServer(  321): Dreams Service
I/WindowManager(  321): SAFE MODE not enabled
D/dalvikvm(  321): JIT started for system_server
D/dalvikvm(  321): GC_CONCURRENT freed 320K, 9% free 4246K/4632K, paused 5ms+81ms, total 156ms
I/ActivityManager(  321): System now ready
I/SystemServer(  321): Making services ready
I/Zygote  (  321): Process: zygote socket opened
I/ActivityManager(  321): Start proc com.android.systemui for service com.android.systemui/.SystemUIService: pid=417 uid=10034 gids={50034, 1028, 1015, 3002, 3001}
I/Vold    (   32): /dev/block/vold/179:0 being considered for volume sdcard
D/Vold    (   32): Volume sdcard state changing 1 (Idle-Unmounted) -> 3 (Checking)
I//system/bin/fsck_msdos(   32): ** /dev/block/vold/179:0
D/MountService(  321): volume state changed for /mnt/sdcard (unmounted -> checking)
D/MountService(  321): sendStorageIntent Intent { act=android.intent.action.MEDIA_CHECKING dat=file:///mnt/sdcard (has extras) } to UserHandle{-1}
D/NetworkManagementService(  321): not enabling bandwidth control
I/keystore(   42): uid: 1000 action: e -> 7 state: 3 -> 3 retry: 4
W/NetworkStats(  321): bandwidth controls disabled, unable to track stats
W/NetworkPolicy(  321): bandwidth controls disabled, unable to enforce policy
I/keystore(   42): uid: 1000 action: e -> 7 state: 3 -> 3 retry: 4
I/ActivityManager(  321): Config changes=200 {1.0 ?mcc?mnc en_US ldltr sw320dp w320dp h508dp 240dpi nrml long port finger -keyb/v/h tball/v s.3}
W/RecognitionManagerService(  321): no available voice recognition services found for user 0
I//system/bin/fsck_msdos(   32): ** Phase 1 - Read and Compare FATs
I//system/bin/fsck_msdos(   32): Attempting to allocate 2044 KB for FAT
E/Trace   (  417): error opening trace file: No such file or directory (2)
D/SystemUIService(  417): loading: class com.android.systemui.statusbar.phone.PhoneStatusBar
D/dalvikvm(  321): GC_CONCURRENT freed 106K, 4% free 4651K/4820K, paused 4ms+35ms, total 517ms
D/dalvikvm(  321): WAIT_FOR_CONCURRENT_GC blocked 487ms
D/dalvikvm(  321): WAIT_FOR_CONCURRENT_GC blocked 91ms
D/SystemUIService(  417): running: com.android.systemui.statusbar.phone.PhoneStatusBar@40cd23a0
W/InputMethodManagerService(  321): Ignoring setImeWindowStatus of uid 1000 token: null
I/StatusBarManagerService(  321): registerStatusBar bar=com.android.internal.statusbar.IStatusBar$Stub$Proxy@40e92648
W/InputMethodManagerService(  321): Found no subtypes in a system IME: com.android.inputmethod.pinyin
I/ActivityManager(  321): Start proc com.android.inputmethod.latin for service com.android.inputmethod.latin/.LatinIME: pid=455 uid=10010 gids={50010, 1028}
I/CommonTimeManagementService(  321): No common time service detected on this platform.  Common time services will be unavailable.
I/ActivityManager(  321): Start proc com.android.phone for added application com.android.phone: pid=470 uid=1001 gids={41001, 3002, 3001, 3003, 1015, 1028}
I/InputReader(  321): Reconfiguring input devices.  changes=0x00000020
I/ActivityManager(  321): START u0 {act=android.intent.action.MAIN cat=[android.intent.category.HOME] flg=0x10000000 cmp=com.android.launcher/com.android.launcher2.Launcher} from pid 0
E/ThrottleService(  321): problem during onPollAlarm: java.lang.IllegalStateException: problem parsing stats: java.io.FileNotFoundException: /proc/net/xt_qtaguid/iface_stat_all: open failed: ENOENT (No such file or directory)
I/InputReader(  321): Reconfiguring input devices.  changes=0x00000010
D/dalvikvm(  321): GC_CONCURRENT freed 373K, 9% free 4849K/5284K, paused 40ms+18ms, total 864ms
D/dalvikvm(  321): WAIT_FOR_CONCURRENT_GC blocked 242ms
D/dalvikvm(  321): WAIT_FOR_CONCURRENT_GC blocked 535ms
D/dalvikvm(  321): WAIT_FOR_CONCURRENT_GC blocked 546ms
D/dalvikvm(  321): WAIT_FOR_CONCURRENT_GC blocked 578ms
D/dalvikvm(  321): WAIT_FOR_CONCURRENT_GC blocked 329ms
I/ActivityManager(  321): Start proc com.android.launcher for activity com.android.launcher/com.android.launcher2.Launcher: pid=490 uid=10020 gids={50020, 1028}
I/SystemServer(  321): Enabled StrictMode for system server main thread.
D/dalvikvm(  321): GC_FOR_ALLOC freed 76K, 9% free 5033K/5492K, paused 515ms, total 522ms
E/Trace   (  455): error opening trace file: No such file or directory (2)
E/Trace   (  470): error opening trace file: No such file or directory (2)
E/Trace   (  490): error opening trace file: No such file or directory (2)
D/AndroidRuntime(  519): 
D/AndroidRuntime(  519): >>>>>> AndroidRuntime START com.android.internal.os.RuntimeInit <<<<<<
D/AndroidRuntime(  519): CheckJNI is ON
D/dalvikvm(  519): Trying to load lib libjavacore.so 0x0
D/dalvikvm(  519): Added shared lib libjavacore.so 0x0
D/dalvikvm(  519): Trying to load lib libnativehelper.so 0x0
D/dalvikvm(  519): Added shared lib libnativehelper.so 0x0
D/AndroidRuntime(  518): 
D/AndroidRuntime(  518): >>>>>> AndroidRuntime START com.android.internal.os.RuntimeInit <<<<<<
D/AndroidRuntime(  518): CheckJNI is ON
D/dalvikvm(  518): Trying to load lib libjavacore.so 0x0
D/dalvikvm(  518): Added shared lib libjavacore.so 0x0
D/dalvikvm(  518): Trying to load lib libnativehelper.so 0x0
D/dalvikvm(  518): Added shared lib libnativehelper.so 0x0
D/dalvikvm(  321): GC_CONCURRENT freed 311K, 7% free 5387K/5764K, paused 5ms+6ms, total 2041ms
D/dalvikvm(  321): WAIT_FOR_CONCURRENT_GC blocked 1363ms
D/AndroidRuntime(  518): Calling main entry com.android.commands.am.Am
D/dalvikvm(  518): Note: class Landroid/app/ActivityManagerNative; has 157 unimplemented (abstract) methods
D/AndroidRuntime(  519): Calling main entry com.android.commands.am.Am
D/dalvikvm(  519): Note: class Landroid/app/ActivityManagerNative; has 157 unimplemented (abstract) methods
I/LatinIME(  455): Hardware accelerated drawing: false
W/TelephonyProvider(  470): onCreate: confFile=/system/etc/apns-conf.xml oldCheckSum=-1
D/TelephonyManager(  470): getLteOnCdmaMode=0 curVal=-1 product_type='' lteOnCdmaProductType=''
E/SurfaceFlinger(   37): ro.sf.lcd_density must be defined as a build property
D/gralloc_goldfish(  321): Emulator without GPU emulation detected.
I/Choreographer(  321): Skipped 2752 frames!  The application may be doing too much work on its main thread.
D/dalvikvm(  417): GC_FOR_ALLOC freed 88K, 6% free 2664K/2808K, paused 866ms, total 880ms
I/dalvikvm-heap(  417): Grow heap (frag case) to 3.259MB for 635812-byte allocation
D/TelephonyManager(  470): getLteOnCdmaMode=0 curVal=-1 product_type='' lteOnCdmaProductType=''
D/TelephonyManager(  470): getLteOnCdmaMode=0 curVal=-1 product_type='' lteOnCdmaProductType=''
D/dalvikvm(  417): GC_CONCURRENT freed 5K, 5% free 3280K/3432K, paused 296ms+40ms, total 427ms
D/dalvikvm(  417): WAIT_FOR_CONCURRENT_GC blocked 131ms
I/LocationBlacklist(  321): whitelist: []
I/LocationBlacklist(  321): blacklist: []
D/dalvikvm(  321): GC_CONCURRENT freed 689K, 13% free 5450K/6204K, paused 328ms+75ms, total 1040ms
D/dalvikvm(  321): WAIT_FOR_CONCURRENT_GC blocked 528ms
W/InputAttributes(  455): No editor info for this field. Bug?
V/TAG     (  321): bug 7643792: fitSystemWindows([0,0][0,0])
W/InputMethodManagerService(  321): Found no subtypes in a system IME: com.android.inputmethod.pinyin
D/dalvikvm(  321): GREF has increased to 301
I/ActivityManager(  321): Start proc android.process.acore for content provider com.android.providers.userdictionary/.UserDictionaryProvider: pid=568 uid=10001 gids={50001, 3003, 1015, 1028}
W/Settings(  470): Setting airplane_mode_on has moved from android.provider.Settings.System to android.provider.Settings.Global, returning read-only value.
D/dalvikvm(  455): GC_CONCURRENT freed 265K, 12% free 2496K/2816K, paused 4ms+3ms, total 340ms
E/ActivityThread(  455): Failed to find provider info for com.android.inputmethod.latin.dictionarypack
E/BinaryDictionaryGetter(  455): Could not find a dictionary pack
W/Settings(  470): Setting auto_time has moved from android.provider.Settings.System to android.provider.Settings.Global, returning read-only global URI.
V/TAG     (  321): bug 7643792: fitSystemWindows([0,0][0,0])
W/Settings(  470): Setting auto_time_zone has moved from android.provider.Settings.System to android.provider.Settings.Global, returning read-only global URI.
I/Choreographer(  321): Skipped 78 frames!  The application may be doing too much work on its main thread.
W/ActivityManager(  321): Unable to start service Intent { act=com.android.internal.telephony.IWapPushManager } U=0: not found
E/BluetoothAdapter(  417): Bluetooth binder is null
E/BluetoothAdapter(  417): Bluetooth binder is null
D/        (  470): [ApnContext:default] set reason as dataEnabled,current state IDLE
D/        (  470): [ApnContext:default] setRetryCount: 0
E/SurfaceFlinger(   37): ro.sf.lcd_density must be defined as a build property
D/dalvikvm(  321): GC_CONCURRENT freed 743K, 13% free 5413K/6220K, paused 11ms+198ms, total 1033ms
D/        (  470): [ApnContext:mms] set reason as dataEnabled,current state IDLE
D/        (  470): [ApnContext:mms] setRetryCount: 0
D/        (  470): [ApnContext:supl] set reason as dataEnabled,current state IDLE
D/        (  470): [ApnContext:supl] setRetryCount: 0
D/        (  470): [ApnContext:hipri] set reason as dataEnabled,current state IDLE
D/        (  470): [ApnContext:hipri] setRetryCount: 0
D/        (  470): [ApnContext:fota] set reason as dataEnabled,current state IDLE
D/        (  470): [ApnContext:fota] setRetryCount: 0
D/        (  470): [ApnContext:ims] set reason as dataEnabled,current state IDLE
D/        (  470): [ApnContext:ims] setRetryCount: 0
D/        (  470): [ApnContext:cbs] set reason as dataEnabled,current state IDLE
D/        (  470): [ApnContext:cbs] setRetryCount: 0
W/WindowManager(  321): Window freeze timeout expired.
W/WindowManager(  321): Force clearing orientation change: Window{40edf010 u0 Keyguard}
E/Trace   (  568): error opening trace file: No such file or directory (2)
D/dalvikvm(  321): GC_FOR_ALLOC freed 204K, 13% free 5417K/6220K, paused 281ms, total 281ms
I/dalvikvm-heap(  321): Grow heap (frag case) to 6.425MB for 1128976-byte allocation
D/dalvikvm(  321): GC_FOR_ALLOC freed <1K, 11% free 6519K/7324K, paused 220ms, total 220ms
E/BluetoothAdapter(  417): Bluetooth binder is null
D/TelephonyManager(  470): getLteOnCdmaMode=0 curVal=-1 product_type='' lteOnCdmaProductType=''
D/CallManager(  470): registerPhone(GSM Handler (com.android.internal.telephony.PhoneProxy) {40d04640})
I/Choreographer(  321): Skipped 773 frames!  The application may be doing too much work on its main thread.
E/BluetoothAdapter(  470): Bluetooth binder is null
D/dalvikvm(  603): Not late-enabling CheckJNI (already on)
I/ActivityManager(  321): Start proc es.senselesssolutions.gpl.weightchart for broadcast es.senselesssolutions.gpl.weightchart/.EmmaInstrument.SMSInstrumentedReceiver: pid=603 uid=10048 gids={50048, 1015, 1028}
E/BluetoothAdapter(  470): Bluetooth binder is null
D/dalvikvm(  470): GC_CONCURRENT freed 218K, 10% free 2616K/2892K, paused 3ms+323ms, total 1678ms
I/Choreographer(  321): Skipped 207 frames!  The application may be doing too much work on its main thread.
W/ActivityManager(  321): Activity idle timeout for ActivityRecord{40f838d8 u0 com.android.launcher/com.android.launcher2.Launcher}
D/dalvikvm(  490): GC_CONCURRENT freed 179K, 9% free 2605K/2840K, paused 4ms+464ms, total 1072ms
D/dalvikvm(  321): GC_CONCURRENT freed 289K, 10% free 6600K/7324K, paused 96ms+214ms, total 2989ms
E/BluetoothAdapter(  321): Bluetooth binder is null
E/BluetoothAdapter(  321): Bluetooth binder is null
V/WiredAccessoryManager(  321): init()
D/dalvikvm(  417): GC_CONCURRENT freed 66K, 4% free 3633K/3756K, paused 4ms+164ms, total 404ms
I/dalvikvm(  603): Turning on JNI app bug workarounds for target SDK version 3...
E/SoundPool(  321): error loading /system/media/audio/ui/Effect_Tick.ogg
W/AudioService(  321): Soundpool could not load file: /system/media/audio/ui/Effect_Tick.ogg
E/SoundPool(  321): error loading /system/media/audio/ui/Effect_Tick.ogg
I/Choreographer(  321): Skipped 90 frames!  The application may be doing too much work on its main thread.
W/AudioService(  321): Soundpool could not load file: /system/media/audio/ui/Effect_Tick.ogg
E/SoundPool(  321): error loading /system/media/audio/ui/Effect_Tick.ogg
W/AudioService(  321): Soundpool could not load file: /system/media/audio/ui/Effect_Tick.ogg
E/SoundPool(  321): error loading /system/media/audio/ui/Effect_Tick.ogg
W/AudioService(  321): Soundpool could not load file: /system/media/audio/ui/Effect_Tick.ogg
E/SoundPool(  321): error loading /system/media/audio/ui/Effect_Tick.ogg
W/AudioService(  321): Soundpool could not load file: /system/media/audio/ui/Effect_Tick.ogg
E/SoundPool(  321): error loading /system/media/audio/ui/KeypressStandard.ogg
W/AudioService(  321): Soundpool could not load file: /system/media/audio/ui/KeypressStandard.ogg
E/SoundPool(  321): error loading /system/media/audio/ui/KeypressSpacebar.ogg
W/AudioService(  321): Soundpool could not load file: /system/media/audio/ui/KeypressSpacebar.ogg
E/SoundPool(  321): error loading /system/media/audio/ui/KeypressDelete.ogg
W/AudioService(  321): Soundpool could not load file: /system/media/audio/ui/KeypressDelete.ogg
E/SoundPool(  321): error loading /system/media/audio/ui/KeypressReturn.ogg
W/AudioService(  321): Soundpool could not load file: /system/media/audio/ui/KeypressReturn.ogg
W/AudioService(  321): loadSoundEffects(), Error -1 while loading samples
I/Choreographer(  321): Skipped 43 frames!  The application may be doing too much work on its main thread.
E/Trace   (  603): error opening trace file: No such file or directory (2)
E/BluetoothAdapter(  417): Bluetooth binder is null
D/DebugService(  470): DebugService DebugService:
D/TelephonyDebugService(  470): TelephonyDebugService()
D/dalvikvm(  603): GC_CONCURRENT freed 247K, 11% free 2522K/2828K, paused 4ms+162ms, total 324ms
I/System.out(  603): EMMA: collecting runtime coverage data ...
D/EmmaInstrumentation:(  603): Intermidate Dump Called with file name :/mnt/sdcard/coverage.ec
D/EmmaInstrumentation:(  603): generateCoverageReport()
W/System.err(  603): java.io.FileNotFoundException: /mnt/sdcard/coverage.ec: open failed: EACCES (Permission denied)
W/System.err(  603): 	at libcore.io.IoBridge.open(IoBridge.java:416)
W/System.err(  603): 	at java.io.RandomAccessFile.<init>(RandomAccessFile.java:118)
W/System.err(  603): 	at com.vladium.emma.data.DataFactory.persist(DataFactory.java:656)
W/System.err(  603): 	at com.vladium.emma.data.DataFactory.persist(DataFactory.java:86)
W/System.err(  603): 	at com.vladium.emma.rt.RTCoverageDataPersister.dumpCoverageData(RTCoverageDataPersister.java:54)
W/System.err(  603): 	at com.vladium.emma.rt.RT.dumpCoverageData(RT.java:156)
W/System.err(  603): 	at java.lang.reflect.Method.invokeNative(Native Method)
W/System.err(  603): 	at java.lang.reflect.Method.invoke(Method.java:511)
W/System.err(  603): 	at es.senselesssolutions.gpl.weightchart.EmmaInstrument.EmmaInstrumentation.generateCoverageReport(EmmaInstrumentation.java:84)
W/System.err(  603): 	at es.senselesssolutions.gpl.weightchart.EmmaInstrument.EmmaInstrumentation.dumpIntermediateCoverage(EmmaInstrumentation.java:149)
W/System.err(  603): 	at es.senselesssolutions.gpl.weightchart.EmmaInstrument.SMSInstrumentedReceiver.onReceive(SMSInstrumentedReceiver.java:20)
W/System.err(  603): 	at android.app.ActivityThread.handleReceiver(ActivityThread.java:2376)
W/System.err(  603): 	at android.app.ActivityThread.access$1500(ActivityThread.java:141)
W/System.err(  603): 	at android.app.ActivityThread$H.handleMessage(ActivityThread.java:1310)
W/System.err(  603): 	at android.os.Handler.dispatchMessage(Handler.java:99)
W/System.err(  603): 	at android.os.Looper.loop(Looper.java:137)
W/System.err(  603): 	at android.app.ActivityThread.main(ActivityThread.java:5041)
W/System.err(  603): 	at java.lang.reflect.Method.invokeNative(Native Method)
W/System.err(  603): 	at java.lang.reflect.Method.invoke(Method.java:511)
W/System.err(  603): 	at com.android.internal.os.ZygoteInit$MethodAndArgsCaller.run(ZygoteInit.java:793)
W/System.err(  603): 	at com.android.internal.os.ZygoteInit.main(ZygoteInit.java:560)
W/System.err(  603): 	at dalvik.system.NativeStart.main(Native Method)
W/System.err(  603): Caused by: libcore.io.ErrnoException: open failed: EACCES (Permission denied)
W/System.err(  603): 	at libcore.io.Posix.open(Native Method)
W/System.err(  603): 	at libcore.io.BlockGuardOs.open(BlockGuardOs.java:110)
W/System.err(  603): 	at libcore.io.IoBridge.open(IoBridge.java:400)
W/System.err(  603): 	... 21 more
E/EmmaInstrumentation:(  603): Failed to generate emma coverage. 
E/EmmaInstrumentation:(  603): java.lang.reflect.InvocationTargetException
E/EmmaInstrumentation:(  603): 	at java.lang.reflect.Method.invokeNative(Native Method)
E/EmmaInstrumentation:(  603): 	at java.lang.reflect.Method.invoke(Method.java:511)
E/EmmaInstrumentation:(  603): 	at es.senselesssolutions.gpl.weightchart.EmmaInstrument.EmmaInstrumentation.generateCoverageReport(EmmaInstrumentation.java:84)
E/EmmaInstrumentation:(  603): 	at es.senselesssolutions.gpl.weightchart.EmmaInstrument.EmmaInstrumentation.dumpIntermediateCoverage(EmmaInstrumentation.java:149)
E/EmmaInstrumentation:(  603): 	at es.senselesssolutions.gpl.weightchart.EmmaInstrument.SMSInstrumentedReceiver.onReceive(SMSInstrumentedReceiver.java:20)
E/EmmaInstrumentation:(  603): 	at android.app.ActivityThread.handleReceiver(ActivityThread.java:2376)
E/EmmaInstrumentation:(  603): 	at android.app.ActivityThread.access$1500(ActivityThread.java:141)
E/EmmaInstrumentation:(  603): 	at android.app.ActivityThread$H.handleMessage(ActivityThread.java:1310)
E/EmmaInstrumentation:(  603): 	at android.os.Handler.dispatchMessage(Handler.java:99)
E/EmmaInstrumentation:(  603): 	at android.os.Looper.loop(Looper.java:137)
E/EmmaInstrumentation:(  603): 	at android.app.ActivityThread.main(ActivityThread.java:5041)
E/EmmaInstrumentation:(  603): 	at java.lang.reflect.Method.invokeNative(Native Method)
E/EmmaInstrumentation:(  603): 	at java.lang.reflect.Method.invoke(Method.java:511)
E/EmmaInstrumentation:(  603): 	at com.android.internal.os.ZygoteInit$MethodAndArgsCaller.run(ZygoteInit.java:793)
E/EmmaInstrumentation:(  603): 	at com.android.internal.os.ZygoteInit.main(ZygoteInit.java:560)
E/EmmaInstrumentation:(  603): 	at dalvik.system.NativeStart.main(Native Method)
E/EmmaInstrumentation:(  603): Caused by: java.lang.RuntimeException: EMMA failed to dump coverage data: java.io.FileNotFoundException: /mnt/sdcard/coverage.ec: open failed: EACCES (Permission denied)
E/EmmaInstrumentation:(  603): 	at com.vladium.emma.rt.RTCoverageDataPersister.dumpCoverageData(RTCoverageDataPersister.java:71)
E/EmmaInstrumentation:(  603): 	at com.vladium.emma.rt.RT.dumpCoverageData(RT.java:156)
E/EmmaInstrumentation:(  603): 	... 16 more
W/ActivityManager(  321): Timeout executing service: ServiceRecord{40edb7e8 u0 com.android.systemui/.ImageWallpaper}
D/dalvikvm(  490): GC_FOR_ALLOC freed 54K, 4% free 2856K/2968K, paused 910ms, total 927ms
I/dalvikvm-heap(  490): Grow heap (frag case) to 4.213MB for 1440016-byte allocation
D/AndroidRuntime(  518): Shutting down VM
D/dalvikvm(  518): GC_CONCURRENT freed 91K, 17% free 492K/588K, paused 1ms+0ms, total 8ms
D/dalvikvm(  490): GC_CONCURRENT freed 12K, 3% free 4250K/4376K, paused 49ms+3ms, total 117ms
D/dalvikvm(  470): GC_CONCURRENT freed 347K, 14% free 2673K/3076K, paused 4ms+42ms, total 567ms
W/Settings(  470): Setting auto_time_zone has moved from android.provider.Settings.System to android.provider.Settings.Global, returning read-only value.
D/dalvikvm(  568): GC_CONCURRENT freed 206K, 10% free 2585K/2852K, paused 69ms+107ms, total 376ms
I//system/bin/fsck_msdos(   32): Attempting to allocate 2044 KB for FAT
D/EmmaInstrumentation:(  603): Intermidate Dump Called with file name :/mnt/sdcard/coverage.ec
D/EmmaInstrumentation:(  603): generateCoverageReport()
W/System.err(  603): java.io.FileNotFoundException: /mnt/sdcard/coverage.ec: open failed: EACCES (Permission denied)
W/System.err(  603): 	at libcore.io.IoBridge.open(IoBridge.java:416)
W/System.err(  603): 	at java.io.RandomAccessFile.<init>(RandomAccessFile.java:118)
W/System.err(  603): 	at com.vladium.emma.data.DataFactory.persist(DataFactory.java:656)
W/System.err(  603): 	at com.vladium.emma.data.DataFactory.persist(DataFactory.java:86)
W/System.err(  603): 	at com.vladium.emma.rt.RTCoverageDataPersister.dumpCoverageData(RTCoverageDataPersister.java:54)
W/System.err(  603): 	at com.vladium.emma.rt.RT.dumpCoverageData(RT.java:156)
W/System.err(  603): 	at java.lang.reflect.Method.invokeNative(Native Method)
W/System.err(  603): 	at java.lang.reflect.Method.invoke(Method.java:511)
W/System.err(  603): 	at es.senselesssolutions.gpl.weightchart.EmmaInstrument.EmmaInstrumentation.generateCoverageReport(EmmaInstrumentation.java:84)
W/System.err(  603): 	at es.senselesssolutions.gpl.weightchart.EmmaInstrument.EmmaInstrumentation.dumpIntermediateCoverage(EmmaInstrumentation.java:149)
W/System.err(  603): 	at es.senselesssolutions.gpl.weightchart.EmmaInstrument.SMSInstrumentedReceiver.onReceive(SMSInstrumentedReceiver.java:20)
I/Process (  321): Sending signal. PID: 417 SIG: 3
I/dalvikvm(  417): threadid=3: reacting to signal 3
W/System.err(  603): 	at android.app.ActivityThread.handleReceiver(ActivityThread.java:2376)
W/System.err(  603): 	at android.app.ActivityThread.access$1500(ActivityThread.java:141)
W/System.err(  603): 	at android.app.ActivityThread$H.handleMessage(ActivityThread.java:1310)
W/System.err(  603): 	at android.os.Handler.dispatchMessage(Handler.java:99)
W/System.err(  603): 	at android.os.Looper.loop(Looper.java:137)
W/System.err(  603): 	at android.app.ActivityThread.main(ActivityThread.java:5041)
W/System.err(  603): 	at java.lang.reflect.Method.invokeNative(Native Method)
W/System.err(  603): 	at java.lang.reflect.Method.invoke(Method.java:511)
W/System.err(  603): 	at com.android.internal.os.ZygoteInit$MethodAndArgsCaller.run(ZygoteInit.java:793)
W/System.err(  603): 	at com.android.internal.os.ZygoteInit.main(ZygoteInit.java:560)
W/System.err(  603): 	at dalvik.system.NativeStart.main(Native Method)
W/System.err(  603): Caused by: libcore.io.ErrnoException: open failed: EACCES (Permission denied)
W/System.err(  603): 	at libcore.io.Posix.open(Native Method)
W/System.err(  603): 	at libcore.io.BlockGuardOs.open(BlockGuardOs.java:110)
W/System.err(  603): 	at libcore.io.IoBridge.open(IoBridge.java:400)
W/System.err(  603): 	... 21 more
E/EmmaInstrumentation:(  603): Failed to generate emma coverage. 
E/EmmaInstrumentation:(  603): java.lang.reflect.InvocationTargetException
E/EmmaInstrumentation:(  603): 	at java.lang.reflect.Method.invokeNative(Native Method)
E/EmmaInstrumentation:(  603): 	at java.lang.reflect.Method.invoke(Method.java:511)
E/EmmaInstrumentation:(  603): 	at es.senselesssolutions.gpl.weightchart.EmmaInstrument.EmmaInstrumentation.generateCoverageReport(EmmaInstrumentation.java:84)
E/EmmaInstrumentation:(  603): 	at es.senselesssolutions.gpl.weightchart.EmmaInstrument.EmmaInstrumentation.dumpIntermediateCoverage(EmmaInstrumentation.java:149)
E/EmmaInstrumentation:(  603): 	at es.senselesssolutions.gpl.weightchart.EmmaInstrument.SMSInstrumentedReceiver.onReceive(SMSInstrumentedReceiver.java:20)
E/EmmaInstrumentation:(  603): 	at android.app.ActivityThread.handleReceiver(ActivityThread.java:2376)
E/EmmaInstrumentation:(  603): 	at android.app.ActivityThread.access$1500(ActivityThread.java:141)
