E/ActivityManager(  295):     4.6% 833/Compiler: 3.1% user + 1.5% kernel
E/ActivityManager(  295):   0.5% 596/android.process.media: 0.5% user + 0% kernel / faults: 10 minor
E/ActivityManager(  295):     0.5% 601/Signal Catcher: 0.5% user + 0% kernel
E/ActivityManager(  295): 100% TOTAL: 75% user + 24% kernel
W/ActivityManager(  295): Killing ProcessRecord{40eef288 596:android.process.media/u0a10000}: background ANR
V/RipperService(  788): PING
V/AndroidRipperService(  788): mHandler.handleMessage() RECIVED
V/AndroidRipperService(  788): broadcast()
I/AndroidRipper(  826): Recived message: PING
V/RipperTestCase(  826): Not ready to operate!
V/AndroidRipperService(  788): broadcast() done
V/        (  788): ready
D/dalvikvm(  295): GC_FOR_ALLOC freed 213K, 29% free 6488K/9064K, paused 194ms, total 199ms
I/ActivityManager(  295): Process android.process.media (pid 596) has died.
W/ActivityManager(  295): Scheduling restart of crashed service com.android.providers.media/.MediaScannerService in 64322ms
D/dalvikvm(  718): GC_CONCURRENT freed 240K, 8% free 3831K/4132K, paused 4ms+4ms, total 70ms
D/dalvikvm(  295): GC_CONCURRENT freed 1382K, 33% free 6137K/9064K, paused 26ms+6ms, total 125ms
D/dalvikvm(  295): WAIT_FOR_CONCURRENT_GC blocked 86ms
E/SurfaceFlinger(   37): ro.sf.lcd_density must be defined as a build property
E/SurfaceFlinger(   37): ro.sf.lcd_density must be defined as a build property
D/dalvikvm(  718): GC_FOR_ALLOC freed 72K, 7% free 3883K/4132K, paused 125ms, total 142ms
I/dalvikvm-heap(  718): Grow heap (frag case) to 9.960MB for 6410576-byte allocation
D/dalvikvm(  718): GC_FOR_ALLOC freed 1K, 3% free 10142K/10396K, paused 55ms, total 56ms
I/AndroidRipper(  826): [RipperTestCase] Ready to operate after restarting...
D/dalvikvm(  718): GC_CONCURRENT freed 3K, 3% free 10143K/10396K, paused 9ms+5ms, total 43ms
D/dalvikvm(  718): WAIT_FOR_CONCURRENT_GC blocked 34ms
I/dalvikvm-heap(  718): Grow heap (frag case) to 12.658MB for 2828816-byte allocation
D/dalvikvm(  718): GC_FOR_ALLOC freed <1K, 2% free 12905K/13160K, paused 37ms, total 37ms
D/gralloc_goldfish(  718): Emulator without GPU emulation detected.
I/Choreographer(  718): Skipped 2143 frames!  The application may be doing too much work on its main thread.
I/Choreographer(  295): Skipped 67 frames!  The application may be doing too much work on its main thread.
V/RipperService(  788): PING
V/AndroidRipperService(  788): mHandler.handleMessage() RECIVED
V/AndroidRipperService(  788): broadcast()
I/AndroidRipper(  826): Recived message: PING
V/AndroidRipperService(  788): send()
I/System.out(  788): {"type":"PONG","index":"6"}
V/AndroidRipperService(  788): broadcast() done
V/        (  788): ready
V/RipperService(  788): DSC
V/AndroidRipperService(  788): mHandler.handleMessage() RECIVED
V/AndroidRipperService(  788): broadcast()
I/AndroidRipper(  826): Recived message: DSC
V/RipperTestCase(  826): DSC : org.jessies.dalvikexplorer
V/AndroidRipperService(  788): broadcast() done
V/        (  788): ready
I/Choreographer(  295): Skipped 103 frames!  The application may be doing too much work on its main thread.
V/AndroidRipperService(  788): send()
I/System.out(  788): {"type":"DSC","xml":"<activity title=\"Dalvik Explorer\" name=\"DalvikExplorerActivity\" class=\"org.jessies.dalvikexplorer.DalvikExplorerActivity\" menu=\"TRUE\" keypress=\"FALSE\" longkeypress=\"FALSE\" tab_activity=\"FALSE\" tab_count=\"0\" id=\"\" uid=\"\" root_activity=\"TRUE\"\/>\n","index":"8"}
V/RipperService(  788): EVT
V/AndroidRipperService(  788): mHandler.handleMessage() RECIVED
V/AndroidRipperService(  788): broadcast()
I/AndroidRipper(  826): Recived message: EVT
V/RipperTestCase(  826): DSC : org.jessies.dalvikexplorer
V/AndroidRipperService(  788): broadcast() done
V/        (  788): ready
V/AndroidRipperService(  788): send()
I/System.out(  788): {"type":"ACK","index":"10"}
V/RipperService(  788): DSC
V/AndroidRipperService(  788): mHandler.handleMessage() RECIVED
V/AndroidRipperService(  788): broadcast()
I/AndroidRipper(  826): Recived message: DSC
V/RipperTestCase(  826): DSC : org.jessies.dalvikexplorer
V/AndroidRipperService(  788): broadcast() done
V/        (  788): ready
V/AndroidRipperService(  788): send()
I/System.out(  788): {"type":"DSC","xml":"<activity title=\"Dalvik Explorer\" name=\"DalvikExplorerActivity\" class=\"org.jessies.dalvikexplorer.DalvikExplorerActivity\" menu=\"TRUE\" keypress=\"FALSE\" longkeypress=\"FALSE\" tab_activity=\"FALSE\" tab_count=\"0\" id=\"\" uid=\"\" root_activity=\"TRUE\"\/>\n","index":"12"}
V/RipperService(  788): EVT
V/AndroidRipperService(  788): mHandler.handleMessage() RECIVED
V/AndroidRipperService(  788): broadcast()
I/AndroidRipper(  826): Recived message: EVT
V/AndroidRipperService(  788): broadcast() done
V/        (  788): ready
V/RipperTestCase(  826): DSC : org.jessies.dalvikexplorer
W/InputDispatcher(  295): Permission denied: injecting event from pid 826 uid 10052 to window Window{40ef1bf8 u0 Keyguard} owned by uid 1000
W/InputManager(  295): Input event injection from pid 826 permission denied.
W/System.err(  826): java.lang.SecurityException: Injecting to another application requires INJECT_EVENTS permission
W/System.err(  826): 	at android.os.Parcel.readException(Parcel.java:1425)
W/System.err(  826): 	at android.os.Parcel.readException(Parcel.java:1379)
W/System.err(  826): 	at android.hardware.input.IInputManager$Stub$Proxy.injectInputEvent(IInputManager.java:356)
W/System.err(  826): 	at android.hardware.input.InputManager.injectInputEvent(InputManager.java:619)
W/System.err(  826): 	at android.app.Instrumentation.sendKeySync(Instrumentation.java:887)
W/System.err(  826): 	at android.app.Instrumentation.sendCharacterSync(Instrumentation.java:910)
W/System.err(  826): 	at it.unina.android.ripper.automation.RipperAutomation.injectInteraction(RipperAutomation.java:152)
W/System.err(  826): 	at it.unina.android.ripper.automation.RipperAutomation.fireEventOnView(RipperAutomation.java:317)
W/System.err(  826): 	at it.unina.android.ripper.automation.RipperAutomation.fireEvent(RipperAutomation.java:77)
W/System.err(  826): 	at it.unina.android.ripper.RipperTestCase$3.receive(RipperTestCase.java:372)
W/System.err(  826): 	at it.unina.android.ripper_service.IAnrdoidRipperServiceCallback$Stub.onTransact(IAnrdoidRipperServiceCallback.java:51)
W/System.err(  826): 	at android.os.Binder.execTransact(Binder.java:351)
W/System.err(  826): 	at dalvik.system.NativeStart.run(Native Method)
V/RipperTestCase(  826): Dumping coverage data!
D/Launcher.Model(  465): Reload apps on config change. curr_mcc:310 prevmcc:0
I/Choreographer(  465): Skipped 384 frames!  The application may be doing too much work on its main thread.
I/System.out(  826): EMMA: runtime coverage data written to [/data/data/org.jessies.dalvikexplorer/coverage-dump.ec] {in 48 ms}
V/AndroidRipperService(  788): send()
I/System.out(  788): {"type":"EVT","index":"14","eventType":"openMenu"}
V/RipperService(  788): COVER
V/AndroidRipperService(  788): mHandler.handleMessage() RECIVED
V/AndroidRipperService(  788): broadcast()
I/AndroidRipper(  826): Recived message: COVER
V/RipperTestCase(  826): Dumping coverage data!
V/RipperTestCase(  826): Dumping coverage data!
I/System.out(  826): EMMA: runtime coverage data written to [/data/data/org.jessies.dalvikexplorer/coverage1483295553783.ec] {in 23 ms}
V/AndroidRipperService(  788): send()
I/System.out(  788): {"type":"ACK","index":"16"}
V/AndroidRipperService(  788): broadcast() done
V/        (  788): ready
V/RipperService(  788): END
V/AndroidRipperService(  788): mHandler.handleMessage() RECIVED
V/AndroidRipperService(  788): broadcast()
I/AndroidRipper(  826): Recived message: END
V/AndroidRipperService(  788): broadcast() done
V/        (  788): ready
V/SERVER  (  788): ServerSocket on PORT 8888: offline
V/AndroidRipperService(  788): mHandler.handleMessage() DISCONNECTED
V/SERVER  (  788): Ready to accept connections on port: 8888
D/dalvikvm(  826): GC_CONCURRENT freed 275K, 9% free 3496K/3832K, paused 7ms+17ms, total 339ms
V/AndroidRipperService(  788): unregister()
W/WindowManager(  295): Failure taking screenshot for (246x410) to layer 21005
V/AndroidRipperService(  788): unregister()
W/ActivityManager(  295): Duplicate finish request for ActivityRecord{40ec7060 u0 org.jessies.dalvikexplorer/.DalvikExplorerActivity}
I/Choreographer(  465): Skipped 33 frames!  The application may be doing too much work on its main thread.
D/dalvikvm(  826): GC_EXPLICIT freed 50K, 10% free 3450K/3832K, paused 3ms+20ms, total 108ms
D/dalvikvm(  826): GC_EXPLICIT freed 3K, 11% free 3448K/3832K, paused 5ms+3ms, total 84ms
D/PolideaInstrumentationTestRunner(  826): Finished test: testApplication(it.unina.android.ripper.RipperTestCase)
I/TestRunner(  826): finished: testApplication(it.unina.android.ripper.RipperTestCase)
I/TestRunner(  826): passed: testApplication(it.unina.android.ripper.RipperTestCase)
I/System.out(  826): EMMA: runtime coverage data written to [/data/data/org.jessies.dalvikexplorer/files/coverage.ec] {in 15 ms}
D/PolideaInstrumentationTestRunner(  826): Post processing
D/PolideaInstrumentationTestRunner(  826): Packages: 1
D/PolideaInstrumentationTestRunner(  826): Processing package package it.unina.android.ripper
D/PolideaInstrumentationTestRunner(  826): Writing to file /data/data/org.jessies.dalvikexplorer/files/it.unina.android.ripper-TEST.xml
D/dalvikvm(  465): GC_CONCURRENT freed 311K, 7% free 5331K/5700K, paused 80ms+154ms, total 1505ms
E/SurfaceFlinger(   37): ro.sf.lcd_density must be defined as a build property
D/PolideaInstrumentationTestRunner(  826): closing file
D/AndroidRuntime(  811): Shutting down VM
D/dalvikvm(  811): GC_CONCURRENT freed 95K, 18% free 462K/560K, paused 1ms+2ms, total 10ms
I/Choreographer(  465): Skipped 37 frames!  The application may be doing too much work on its main thread.
I/ActivityManager(  295): Force stopping package org.jessies.dalvikexplorer appid=10052 user=0
I/ActivityManager(  295): Killing proc 826:org.jessies.dalvikexplorer/u0a10052: force stop org.jessies.dalvikexplorer
I/WindowState(  295): WIN DEATH: Window{40f870f0 u0 org.jessies.dalvikexplorer/org.jessies.dalvikexplorer.DalvikExplorerActivity}
W/WindowManager(  295): Rebuild removed 2 windows but added 1
W/WindowManager(  295): This window was lost: Window{40f870f0 u0 org.jessies.dalvikexplorer/org.jessies.dalvikexplorer.DalvikExplorerActivity}
W/WindowManager(  295): mDisplayId=0 mSession=Session{410deaf8 826:u0a10052} mClient=android.os.BinderProxy@40f06140
W/WindowManager(  295): mOwnerUid=10052 mShowToOwnerOnly=true
W/WindowManager(  295): mAttrs=WM.LayoutParams{(0,0)(fillxfill) sim=#110 ty=1 fl=#1810100 pfl=0x8 wanim=0x10302e9}
W/WindowManager(  295): Requested w=480 h=800 mLayoutSeq=45
W/WindowManager(  295): mBaseLayer=21000 mSubLayer=0 mAnimLayer=21000+0=21000 mLastLayer=0
W/WindowManager(  295): mToken=AppWindowToken{41012120 token=Token{40f88c70 ActivityRecord{40ec7060 u0 org.jessies.dalvikexplorer/.DalvikExplorerActivity}}}
W/WindowManager(  295): mRootToken=AppWindowToken{41012120 token=Token{40f88c70 ActivityRecord{40ec7060 u0 org.jessies.dalvikexplorer/.DalvikExplorerActivity}}}
W/WindowManager(  295): mAppToken=AppWindowToken{41012120 token=Token{40f88c70 ActivityRecord{40ec7060 u0 org.jessies.dalvikexplorer/.DalvikExplorerActivity}}}
W/WindowManager(  295): mViewVisibility=0x0 mHaveFrame=true mObscured=true
W/WindowManager(  295): mSeq=0 mSystemUiVisibility=0x0
W/WindowManager(  295): mPolicyVisibility=false mPolicyVisibilityAfterAnim=false mAttachedHidden=false
W/WindowManager(  295): mGivenContentInsets=[0,0][0,0] mGivenVisibleInsets=[0,0][0,0]
W/WindowManager(  295): mConfiguration={1.0 310mcc260mnc en_US ldltr sw320dp w320dp h508dp 240dpi nrml long port finger -keyb/v/h tball/v s.6}
W/WindowManager(  295): mHasSurface=true mShownFrame=[0.0,0.0][480.0,800.0] isReadyForDisplay()=false
W/WindowManager(  295): mFrame=[0,0][480,800] last=[0,0][480,800]
W/WindowManager(  295): mSystemDecorRect=[0,38][480,800] last=[0,38][480,800]
W/WindowManager(  295): Frames: containing=[0,0][480,800] parent=[0,0][480,800] display=[0,0][480,800]
W/WindowManager(  295):     content=[0,38][480,800] visible=[0,38][480,800]
W/WindowManager(  295): Cur insets: content=[0,38][0,0] visible=[0,38][0,0]
W/WindowManager(  295): Lst insets: content=[0,38][0,0] visible=[0,38][0,0]
W/WindowManager(  295): WindowStateAnimator{410c8268 org.jessies.dalvikexplorer/org.jessies.dalvikexplorer.DalvikExplorerActivity}:
W/WindowManager(  295):   mSurface=Surface(name=org.jessies.dalvikexplorer/org.jessies.dalvikexplorer.DalvikExplorerActivity, identity=15)
W/WindowManager(  295):   mDrawState=HAS_DRAWN mLastHidden=true
W/WindowManager(  295):   Surface: shown=false layer=21005 alpha=0.0 rect=(0.0,0.0) 480.0 x 800.0
W/WindowManager(  295):   mShownAlpha=1.0 mAlpha=1.0 mLastAlpha=-1.0
W/WindowManager(  295):   mGlobalScale=1.0 mDsDx=1.0 mDtDx=0.0 mDsDy=0.0 mDtDy=1.0
W/WindowManager(  295): mExiting=false mRemoveOnExit=false mDestroying=true mRemoved=false
W/WindowManager(  295): Current app token list:
V/WindowManager(  295):   #0: Token{40f87878 ActivityRecord{40f87440 u0 com.android.launcher/com.android.launcher2.Launcher}}
W/WindowManager(  295): Final window list:
V/WindowManager(  295):   #0: Window{41029820 u0 StatusBar}
V/WindowManager(  295):   #1: Window{40ef1bf8 u0 Keyguard}
V/WindowManager(  295):   #2: Window{40e9f170 u0 com.android.launcher/com.android.launcher2.Launcher}
V/WindowManager(  295):   #3: Window{40ec3730 u0 com.android.systemui.ImageWallpaper}
D/dalvikvm(  465): GC_FOR_ALLOC freed 2019K, 35% free 4163K/6372K, paused 25ms, total 37ms
W/Resources(   38): Preloaded drawable resource #0x10800da (android:drawable/btn_cab_done_pressed_holo_light) that varies with configuration!!
W/Resources(   38): Preloaded drawable resource #0x10800d6 (android:drawable/btn_cab_done_focused_holo_light) that varies with configuration!!
W/Resources(   38): Preloaded drawable resource #0x10800d4 (android:drawable/btn_cab_done_default_holo_light) that varies with configuration!!
W/Resources(   38): Preloaded drawable resource #0x10800d4 (android:drawable/btn_cab_done_default_holo_light) that varies with configuration!!
W/Resources(   38): Preloaded drawable resource #0x10800d9 (android:drawable/btn_cab_done_pressed_holo_dark) that varies with configuration!!
W/Resources(   38): Preloaded drawable resource #0x10800d5 (android:drawable/btn_cab_done_focused_holo_dark) that varies with configuration!!
W/Resources(   38): Preloaded drawable resource #0x10800d3 (android:drawable/btn_cab_done_default_holo_dark) that varies with configuration!!
W/Resources(   38): Preloaded drawable resource #0x10800d3 (android:drawable/btn_cab_done_default_holo_dark) that varies with configuration!!
W/Resources(   38): Preloaded drawable resource #0x1080038 (android:drawable/ic_menu_close_clear_cancel) that varies with configuration!!
W/Resources(   38): Preloaded drawable resource #0x108032a (android:drawable/ic_menu_copy_holo_dark) that varies with configuration!!
W/Resources(   38): Preloaded drawable resource #0x108032b (android:drawable/ic_menu_copy_holo_light) that varies with configuration!!
D/dalvikvm(   38): GC_EXPLICIT freed 57K, 27% free 2317K/3156K, paused 48ms+18ms, total 257ms
W/Resources(   38): Preloaded drawable resource #0x108032d (android:drawable/ic_menu_cut_holo_dark) that varies with configuration!!
W/Resources(   38): Preloaded drawable resource #0x108032e (android:drawable/ic_menu_cut_holo_light) that varies with configuration!!
W/Resources(   38): Preloaded drawable resource #0x1080045 (android:drawable/ic_menu_more) that varies with configuration!!
W/Resources(   38): Preloaded drawable resource #0x1080341 (android:drawable/ic_menu_moreoverflow_normal_holo_dark) that varies with configuration!!
W/Resources(   38): Preloaded drawable resource #0x1080341 (android:drawable/ic_menu_moreoverflow_normal_holo_dark) that varies with configuration!!
W/Resources(   38): Preloaded drawable resource #0x1080342 (android:drawable/ic_menu_moreoverflow_normal_holo_light) that varies with configuration!!
W/Resources(   38): Preloaded drawable resource #0x1080342 (android:drawable/ic_menu_moreoverflow_normal_holo_light) that varies with configuration!!
D/dalvikvm(   38): GC_EXPLICIT freed 58K, 27% free 2317K/3156K, paused 6ms+61ms, total 253ms
W/Resources(   38): Preloaded drawable resource #0x1080345 (android:drawable/ic_menu_paste_holo_dark) that varies with configuration!!
W/Resources(   38): Preloaded drawable resource #0x1080346 (android:drawable/ic_menu_paste_holo_light) that varies with configuration!!
W/Resources(   38): Preloaded drawable resource #0x108034c (android:drawable/ic_menu_selectall_holo_light) that varies with configuration!!
W/Resources(   38): Preloaded drawable resource #0x108034b (android:drawable/ic_menu_selectall_holo_dark) that varies with configuration!!
W/Resources(   38): Preloaded drawable resource #0x10802b5 (android:drawable/ic_clear_disabled) that varies with configuration!!
W/Resources(   38): Preloaded drawable resource #0x10802b7 (android:drawable/ic_clear_normal) that varies with configuration!!
W/Resources(   38): Preloaded drawable resource #0x10802b7 (android:drawable/ic_clear_normal) that varies with configuration!!
D/dalvikvm(   38): GC_EXPLICIT freed 66K, 27% free 2318K/3156K, paused 6ms+7ms, total 239ms
W/Resources(   38): Preloaded drawable resource #0x10802b5 (android:drawable/ic_clear_disabled) that varies with configuration!!
W/Resources(   38): Preloaded drawable resource #0x10802b7 (android:drawable/ic_clear_normal) that varies with configuration!!
W/Resources(   38): Preloaded drawable resource #0x108035b (android:drawable/ic_search) that varies with configuration!!
W/Resources(   38): Preloaded drawable resource #0x10802cf (android:drawable/ic_go) that varies with configuration!!
W/Resources(   38): Preloaded drawable resource #0x1080362 (android:drawable/ic_voice_search) that varies with configuration!!
D/dalvikvm(   38): GC_EXPLICIT freed 53K, 27% free 2317K/3156K, paused 34ms+21ms, total 198ms
W/Resources(   38): Preloaded drawable resource #0x108021f (android:drawable/dialog_bottom_holo_dark) that varies with configuration!!
W/Resources(   38): Preloaded drawable resource #0x1080220 (android:drawable/dialog_bottom_holo_light) that varies with configuration!!
W/Resources(   38): Preloaded drawable resource #0x1080224 (android:drawable/dialog_full_holo_dark) that varies with configuration!!
D/dalvikvm(   38): GC_EXPLICIT freed 77K, 27% free 2317K/3156K, paused 7ms+7ms, total 100ms
W/Resources(   38): Preloaded drawable resource #0x1080225 (android:drawable/dialog_full_holo_light) that varies with configuration!!
W/Resources(   38): Preloaded drawable resource #0x108022d (android:drawable/dialog_middle_holo_dark) that varies with configuration!!
D/dalvikvm(   38): GC_EXPLICIT freed 50K, 27% free 2317K/3156K, paused 7ms+10ms, total 116ms
W/Resources(   38): Preloaded drawable resource #0x108022e (android:drawable/dialog_middle_holo_light) that varies with configuration!!
W/Resources(   38): Preloaded drawable resource #0x108022f (android:drawable/dialog_top_holo_dark) that varies with configuration!!
W/Resources(   38): Preloaded drawable resource #0x1080230 (android:drawable/dialog_top_holo_light) that varies with configuration!!
D/dalvikvm(   38): GC_EXPLICIT freed 55K, 27% free 2317K/3156K, paused 7ms+12ms, total 156ms
W/Resources(   38): Preloaded drawable resource #0x10802c2 (android:drawable/ic_dialog_alert_holo_dark) that varies with configuration!!
W/Resources(   38): Preloaded drawable resource #0x10802c3 (android:drawable/ic_dialog_alert_holo_light) that varies with configuration!!
W/Resources(   38): Preloaded drawable resource #0x10803c9 (android:drawable/list_divider_holo_dark) that varies with configuration!!
W/Resources(   38): Preloaded drawable resource #0x10803ca (android:drawable/list_divider_holo_light) that varies with configuration!!
W/Resources(   38): Preloaded drawable resource #0x10803ca (android:drawable/list_divider_holo_light) that varies with configuration!!
W/Resources(   38): Preloaded drawable resource #0x10800bd (android:drawable/ab_transparent_dark_holo) that varies with configuration!!
W/Resources(   38): Preloaded drawable resource #0x10800bb (android:drawable/ab_stacked_transparent_dark_holo) that varies with configuration!!
W/Resources(   38): Preloaded drawable resource #0x10800a1 (android:drawable/ab_bottom_transparent_dark_holo) that varies with configuration!!
D/dalvikvm(   38): GC_EXPLICIT freed 47K, 27% free 2321K/3156K, paused 19ms+7ms, total 250ms
W/Resources(   38): Preloaded drawable resource #0x10800b5 (android:drawable/ab_solid_dark_holo) that varies with configuration!!
W/Resources(   38): Preloaded drawable resource #0x10800b8 (android:drawable/ab_stacked_solid_dark_holo) that varies with configuration!!
W/Resources(   38): Preloaded drawable resource #0x108009e (android:drawable/ab_bottom_solid_dark_holo) that varies with configuration!!
W/Resources(   38): Preloaded drawable resource #0x10800be (android:drawable/ab_transparent_light_holo) that varies with configuration!!
W/Resources(   38): Preloaded drawable resource #0x10800bc (android:drawable/ab_stacked_transparent_light_holo) that varies with configuration!!
W/Resources(   38): Preloaded drawable resource #0x10800a2 (android:drawable/ab_bottom_transparent_light_holo) that varies with configuration!!
W/Resources(   38): Preloaded drawable resource #0x10800b6 (android:drawable/ab_solid_light_holo) that varies with configuration!!
W/Resources(   38): Preloaded drawable resource #0x10800ba (android:drawable/ab_stacked_solid_light_holo) that varies with configuration!!
D/dalvikvm(   38): GC_EXPLICIT freed 54K, 27% free 2322K/3156K, paused 7ms+6ms, total 287ms
W/Resources(   38): Preloaded drawable resource #0x10800a0 (android:drawable/ab_bottom_solid_light_holo) that varies with configuration!!
W/Resources(   38): Preloaded drawable resource #0x10800b7 (android:drawable/ab_solid_shadow_holo) that varies with configuration!!
W/Resources(   38): Preloaded drawable resource #0x10803f0 (android:drawable/list_selector_disabled_holo_dark) that varies with configuration!!
W/Resources(   38): Preloaded drawable resource #0x10803f0 (android:drawable/list_selector_disabled_holo_dark) that varies with configuration!!
W/Resources(   38): Preloaded drawable resource #0x10803d1 (android:drawable/list_pressed_holo_dark) that varies with configuration!!
W/Resources(   38): Preloaded drawable resource #0x10803d0 (android:drawable/list_longpressed_holo) that varies with configuration!!
W/Resources(   38): Preloaded drawable resource #0x10803d0 (android:drawable/list_longpressed_holo) that varies with configuration!!
W/Resources(   38): Preloaded drawable resource #0x10803d1 (android:drawable/list_pressed_holo_dark) that varies with configuration!!
W/Resources(   38): Preloaded drawable resource #0x10803d0 (android:drawable/list_longpressed_holo) that varies with configuration!!
W/Resources(   38): Preloaded drawable resource #0x10803d0 (android:drawable/list_longpressed_holo) that varies with configuration!!
W/Resources(   38): Preloaded drawable resource #0x10803cc (android:drawable/list_focused_holo) that varies with configuration!!
W/Resources(   38): Preloaded drawable resource #0x10803f1 (android:drawable/list_selector_disabled_holo_light) that varies with configuration!!
W/Resources(   38): Preloaded drawable resource #0x10803f1 (android:drawable/list_selector_disabled_holo_light) that varies with configuration!!
W/Resources(   38): Preloaded drawable resource #0x10803d2 (android:drawable/list_pressed_holo_light) that varies with configuration!!
W/Resources(   38): Preloaded drawable resource #0x10803d0 (android:drawable/list_longpressed_holo) that varies with configuration!!
W/Resources(   38): Preloaded drawable resource #0x10803d0 (android:drawable/list_longpressed_holo) that varies with configuration!!
W/Resources(   38): Preloaded drawable resource #0x10803d2 (android:drawable/list_pressed_holo_light) that varies with configuration!!
W/Resources(   38): Preloaded drawable resource #0x10803d0 (android:drawable/list_longpressed_holo) that varies with configuration!!
W/Resources(   38): Preloaded drawable resource #0x10803d0 (android:drawable/list_longpressed_holo) that varies with configuration!!
W/Resources(   38): Preloaded drawable resource #0x10803cc (android:drawable/list_focused_holo) that varies with configuration!!
D/dalvikvm(   38): GC_EXPLICIT freed 31K, 26% free 2359K/3156K, paused 16ms+7ms, total 244ms
W/Resources(   38): Preloaded drawable resource #0x108027a (android:drawable/fastscroll_thumb_pressed_holo) that varies with configuration!!
W/Resources(   38): Preloaded drawable resource #0x1080278 (android:drawable/fastscroll_thumb_default_holo) that varies with configuration!!
W/Resources(   38): Preloaded drawable resource #0x1080278 (android:drawable/fastscroll_thumb_default_holo) that varies with configuration!!
W/Resources(   38): Preloaded drawable resource #0x108027a (android:drawable/fastscroll_thumb_pressed_holo) that varies with configuration!!
D/dalvikvm(   38): GC_EXPLICIT freed 51K, 26% free 2358K/3156K, paused 6ms+10ms, total 248ms
W/Resources(   38): Preloaded drawable resource #0x1080278 (android:drawable/fastscroll_thumb_default_holo) that varies with configuration!!
W/Resources(   38): Preloaded drawable resource #0x108027f (android:drawable/fastscroll_track_pressed_holo_dark) that varies with configuration!!
W/Resources(   38): Preloaded drawable resource #0x108027b (android:drawable/fastscroll_track_default_holo_dark) that varies with configuration!!
W/Resources(   38): Preloaded drawable resource #0x108027b (android:drawable/fastscroll_track_default_holo_dark) that varies with configuration!!
W/Resources(   38): Preloaded drawable resource #0x108027f (android:drawable/fastscroll_track_pressed_holo_dark) that varies with configuration!!
W/Resources(   38): Preloaded drawable resource #0x108027b (android:drawable/fastscroll_track_default_holo_dark) that varies with configuration!!
W/Resources(   38): Preloaded drawable resource #0x1080274 (android:drawable/fastscroll_label_left_holo_dark) that varies with configuration!!
D/dalvikvm(   38): GC_EXPLICIT freed 74K, 26% free 2359K/3156K, paused 10ms+7ms, total 210ms
W/Resources(   38): Preloaded drawable resource #0x1080276 (android:drawable/fastscroll_label_right_holo_dark) that varies with configuration!!
D/dalvikvm(   38): WAIT_FOR_CONCURRENT_GC blocked 1ms
D/dalvikvm(   38): GC_EXPLICIT freed 50K, 26% free 2357K/3156K, paused 6ms+7ms, total 137ms
W/Resources(   38): Preloaded drawable resource #0x1080280 (android:drawable/fastscroll_track_pressed_holo_light) that varies with configuration!!
W/Resources(   38): Preloaded drawable resource #0x108027c (android:drawable/fastscroll_track_default_holo_light) that varies with configuration!!
W/Resources(   38): Preloaded drawable resource #0x108027c (android:drawable/fastscroll_track_default_holo_light) that varies with configuration!!
W/Resources(   38): Preloaded drawable resource #0x1080280 (android:drawable/fastscroll_track_pressed_holo_light) that varies with configuration!!
W/Resources(   38): Preloaded drawable resource #0x108027c (android:drawable/fastscroll_track_default_holo_light) that varies with configuration!!
W/Resources(   38): Preloaded drawable resource #0x1080275 (android:drawable/fastscroll_label_left_holo_light) that varies with configuration!!
D/dalvikvm(   38): GC_EXPLICIT freed 57K, 26% free 2359K/3156K, paused 7ms+8ms, total 101ms
W/Resources(   38): Preloaded drawable resource #0x1080277 (android:drawable/fastscroll_label_right_holo_light) that varies with configuration!!
D/dalvikvm(   38): GC_EXPLICIT freed 50K, 26% free 2358K/3156K, paused 6ms+7ms, total 104ms
W/Resources(   38): Preloaded drawable resource #0x1080259 (android:drawable/editbox_dropdown_background_dark) that varies with configuration!!
W/Resources(   38): Preloaded drawable resource #0x10805f8 (android:drawable/textfield_search_selected_holo_dark) that varies with configuration!!
W/Resources(   38): Preloaded drawable resource #0x10805ec (android:drawable/textfield_search_default_holo_dark) that varies with configuration!!
W/Resources(   38): Preloaded drawable resource #0x10805ec (android:drawable/textfield_search_default_holo_dark) that varies with configuration!!
W/Resources(   38): Preloaded drawable resource #0x10805f5 (android:drawable/textfield_search_right_selected_holo_dark) that varies with configuration!!
W/Resources(   38): Preloaded drawable resource #0x10805f3 (android:drawable/textfield_search_right_default_holo_dark) that varies with configuration!!
W/Resources(   38): Preloaded drawable resource #0x10805f3 (android:drawable/textfield_search_right_default_holo_dark) that varies with configuration!!
W/Resources(   38): Preloaded drawable resource #0x10805f9 (android:drawable/textfield_search_selected_holo_light) that varies with configuration!!
W/Resources(   38): Preloaded drawable resource #0x10805ed (android:drawable/textfield_search_default_holo_light) that varies with configuration!!
W/Resources(   38): Preloaded drawable resource #0x10805ed (android:drawable/textfield_search_default_holo_light) that varies with configuration!!
W/Resources(   38): Preloaded drawable resource #0x10805f6 (android:drawable/textfield_search_right_selected_holo_light) that varies with configuration!!
W/Resources(   38): Preloaded drawable resource #0x10805f4 (android:drawable/textfield_search_right_default_holo_light) that varies with configuration!!
W/Resources(   38): Preloaded drawable resource #0x10805f4 (android:drawable/textfield_search_right_default_holo_light) that varies with configuration!!
W/Resources(   38): Preloaded drawable resource #0x10805f8 (android:drawable/textfield_search_selected_holo_dark) that varies with configuration!!
W/Resources(   38): Preloaded drawable resource #0x10805ec (android:drawable/textfield_search_default_holo_dark) that varies with configuration!!
W/Resources(   38): Preloaded drawable resource #0x10805f5 (android:drawable/textfield_search_right_selected_holo_dark) that varies with configuration!!
W/Resources(   38): Preloaded drawable resource #0x10805f3 (android:drawable/textfield_search_right_default_holo_dark) that varies with configuration!!
W/Resources(   38): Preloaded drawable resource #0x10805f9 (android:drawable/textfield_search_selected_holo_light) that varies with configuration!!
W/Resources(   38): Preloaded drawable resource #0x10805ed (android:drawable/textfield_search_default_holo_light) that varies with configuration!!
W/Resources(   38): Preloaded drawable resource #0x10805f6 (android:drawable/textfield_search_right_selected_holo_light) that varies with configuration!!
W/Resources(   38): Preloaded drawable resource #0x10805f4 (android:drawable/textfield_search_right_default_holo_light) that varies with configuration!!
D/dalvikvm(   38): WAIT_FOR_CONCURRENT_GC blocked 1ms
D/dalvikvm(   38): GC_EXPLICIT freed 47K, 26% free 2364K/3156K, paused 6ms+10ms, total 211ms
W/Resources(   38): Preloaded drawable resource #0x10805c1 (android:drawable/tab_unselected_holo) that varies with configuration!!
W/Resources(   38): Preloaded drawable resource #0x10805bc (android:drawable/tab_selected_holo) that varies with configuration!!
W/Resources(   38): Preloaded drawable resource #0x10805c0 (android:drawable/tab_unselected_focused_holo) that varies with configuration!!
W/Resources(   38): Preloaded drawable resource #0x10805bb (android:drawable/tab_selected_focused_holo) that varies with configuration!!
W/Resources(   38): Preloaded drawable resource #0x10805c2 (android:drawable/tab_unselected_pressed_holo) that varies with configuration!!
W/Resources(   38): Preloaded drawable resource #0x10805bd (android:drawable/tab_selected_pressed_holo) that varies with configuration!!
W/Resources(   38): Preloaded drawable resource #0x10805c2 (android:drawable/tab_unselected_pressed_holo) that varies with configuration!!
W/Resources(   38): Preloaded drawable resource #0x10805bd (android:drawable/tab_selected_pressed_holo) that varies with configuration!!
W/Resources(   38): Preloaded drawable resource #0x10805bd (android:drawable/tab_selected_pressed_holo) that varies with configuration!!
W/Resources(   38): Preloaded drawable resource #0x10805c1 (android:drawable/tab_unselected_holo) that varies with configuration!!
W/Resources(   38): Preloaded drawable resource #0x10805bc (android:drawable/tab_selected_holo) that varies with configuration!!
W/Resources(   38): Preloaded drawable resource #0x10805c0 (android:drawable/tab_unselected_focused_holo) that varies with configuration!!
W/Resources(   38): Preloaded drawable resource #0x10805bb (android:drawable/tab_selected_focused_holo) that varies with configuration!!
W/Resources(   38): Preloaded drawable resource #0x10805c2 (android:drawable/tab_unselected_pressed_holo) that varies with configuration!!
W/Resources(   38): Preloaded drawable resource #0x10805bd (android:drawable/tab_selected_pressed_holo) that varies with configuration!!
W/Resources(   38): Preloaded drawable resource #0x10804a5 (android:drawable/quickcontact_badge_overlay_pressed_dark) that varies with configuration!!
W/Resources(   38): Preloaded drawable resource #0x10804a0 (android:drawable/quickcontact_badge_overlay_focused_dark) that varies with configuration!!
W/Resources(   38): Preloaded drawable resource #0x10804a3 (android:drawable/quickcontact_badge_overlay_normal_dark) that varies with configuration!!
W/Resources(   38): Preloaded drawable resource #0x10804a3 (android:drawable/quickcontact_badge_overlay_normal_dark) that varies with configuration!!
W/Resources(   38): Preloaded drawable resource #0x10804a3 (android:drawable/quickcontact_badge_overlay_normal_dark) that varies with configuration!!
D/dalvikvm(   38): GC_EXPLICIT freed 56K, 26% free 2365K/3156K, paused 7ms+86ms, total 339ms
W/Resources(   38): Preloaded drawable resource #0x10804a5 (android:drawable/quickcontact_badge_overlay_pressed_dark) that varies with configuration!!
W/Resources(   38): Preloaded drawable resource #0x10804a6 (android:drawable/quickcontact_badge_overlay_pressed_light) that varies with configuration!!
W/Resources(   38): Preloaded drawable resource #0x10804a1 (android:drawable/quickcontact_badge_overlay_focused_light) that varies with configuration!!
W/Resources(   38): Preloaded drawable resource #0x10804a4 (android:drawable/quickcontact_badge_overlay_normal_light) that varies with configuration!!
W/Resources(   38): Preloaded drawable resource #0x10804a4 (android:drawable/quickcontact_badge_overlay_normal_light) that varies with configuration!!
W/Resources(   38): Preloaded drawable resource #0x10804a4 (android:drawable/quickcontact_badge_overlay_normal_light) that varies with configuration!!
W/Resources(   38): Preloaded drawable resource #0x10804a6 (android:drawable/quickcontact_badge_overlay_pressed_light) that varies with configuration!!
I/Zygote  (   38): ...preloaded 270 resources in 18071ms.
D/dalvikvm(   38): GC_EXPLICIT freed 48K, 25% free 2369K/3156K, paused 17ms+7ms, total 252ms
I/Zygote  (   38): ...preloaded 31 resources in 350ms.
D/dalvikvm(   38): GC_EXPLICIT freed 9K, 25% free 2377K/3156K, paused 7ms+49ms, total 253ms
D/dalvikvm(   38): GC_EXPLICIT freed 7K, 25% free 2369K/3156K, paused 11ms+7ms, total 209ms
D/dalvikvm(   38): GC_EXPLICIT freed <1K, 25% free 2369K/3156K, paused 6ms+7ms, total 135ms
I/dalvikvm(   38): System server process 333 has been created
I/Zygote  (   38): Accepting command socket connections
E/BatteryService(  333): usbOnlinePath not found
E/BatteryService(  333): wirelessOnlinePath not found
E/BatteryService(  333): batteryVoltagePath not found
E/BatteryService(  333): batteryTemperaturePath not found
I/sysproc (  333): Entered system_init()
I/sysproc (  333): ServiceManager: 0x2a174120
D/SensorService(  333): nuSensorService starting...
I/SensorService(  333): Goldfish 3-axis Accelerometer
I/SensorService(  333): Goldfish 3-axis Magnetic field sensor
I/SensorService(  333): Goldfish Orientation sensor
I/SensorService(  333): Goldfish Temperature sensor
I/SensorService(  333): Goldfish Proximity sensor
I/sysproc (  333): System server: starting Android runtime.
I/sysproc (  333): System server: starting Android services.
I/SystemServer(  333): Entered the Android system server!
I/sysproc (  333): System server: entering thread pool.
D/SensorService(  333): nuSensorService thread starting...
I/SystemServer(  333): Enabled StrictMode logging for UI Looper
I/SystemServer(  333): Waiting for installd to be ready.
I/Installer(  333): connecting...
I/installd(   41): new connection
I/SystemServer(  333): Entropy Mixer
I/SystemServer(  333): Enabled StrictMode logging for WM Looper
I/SystemServer(  333): Power Manager
E/PowerManagerService-JNI(  333): Couldn't load power module (No such file or directory)
I/SystemServer(  333): Activity Manager
I/ActivityManager(  333): Memory class: 48
W/UsageStats(  333): Usage stats version changed; dropping
I/ActivityManager(  333): Enabled StrictMode logging for AThread's Looper
I/SystemServer(  333): Display Manager
E/SurfaceFlinger(   37): ro.sf.lcd_density must be defined as a build property
I/DisplayManagerService(  333): Display device added: DisplayDeviceInfo{"Built-in Screen": 480 x 800, 260.416 fps, density 240, 240.0 x 240.0 dpi, touch INTERNAL, FLAG_DEFAULT_DISPLAY, FLAG_ROTATES_WITH_CONTENT, FLAG_SECURE, FLAG_SUPPORTS_PROTECTED_BUFFERS, rotation 0, type BUILT_IN, address null}
I/SystemServer(  333): Telephony Registry
I/SystemServer(  333): Scheduling Policy
I/SystemServer(  333): Package Manager
D/dalvikvm(  333): GC_CONCURRENT freed 155K, 8% free 2615K/2832K, paused 5ms+4ms, total 144ms
D/dalvikvm(  333): GC_CONCURRENT freed 298K, 12% free 2743K/3100K, paused 4ms+4ms, total 216ms
W/PackageManager(  333): Running ENG build: no pre-dexopt!
D/dalvikvm(  333): GC_CONCURRENT freed 235K, 10% free 2931K/3228K, paused 4ms+5ms, total 186ms
W/PackageParser(  333): No actions in intent filter at /system/app/Contacts.apk Binary XML file line #533
D/dalvikvm(  333): GC_CONCURRENT freed 207K, 8% free 3159K/3428K, paused 4ms+25ms, total 211ms
D/dalvikvm(  333): GC_CONCURRENT freed 227K, 8% free 3352K/3640K, paused 52ms+48ms, total 238ms
W/PackageManager(  333): Package com.android.camera desires unavailable shared library com.google.android.media.effects; ignoring!
D/PackageManager(  333): No files in app dir /vendor/app
D/dalvikvm(  333): GC_CONCURRENT freed 218K, 8% free 3550K/3828K, paused 58ms+63ms, total 210ms
W/PackageParser(  333): No actions in intent filter at /data/app/ApiDemos.apk Binary XML file line #2737
W/PackageParser(  333): No actions in intent filter at /data/app/ApiDemos.apk Binary XML file line #2743
W/PackageManager(  333): Package com.example.android.apis desires unavailable shared library com.example.will.never.exist; ignoring!
D/dalvikvm(  333): GC_CONCURRENT freed 208K, 7% free 3752K/4024K, paused 6ms+4ms, total 283ms
I/PackageParser(  333): net.fercanet.LNM: compat added android.permission.READ_PHONE_STATE
I/PackageParser(  333): es.senselesssolutions.gpl.weightchart: compat added android.permission.READ_PHONE_STATE
I/PackageManager(  333): Time to scan packages: 6.034 seconds
W/PackageManager(  333): Unknown permission com.google.android.googleapps.permission.GOOGLE_AUTH.mail in package com.android.contacts
W/PackageManager(  333): Unknown permission android.permission.ADD_SYSTEM_SERVICE in package com.android.phone
W/PackageManager(  333): Unknown permission com.android.smspush.WAPPUSH_MANAGER_BIND in package com.android.phone
W/PackageManager(  333): Unknown permission com.google.android.googleapps.permission.GOOGLE_AUTH in package com.android.providers.calendar
W/PackageManager(  333): Unknown permission com.google.android.googleapps.permission.GOOGLE_AUTH.cl in package com.android.providers.calendar
W/PackageManager(  333): Unknown permission com.google.android.googleapps.permission.GOOGLE_AUTH.mail in package com.android.calendar
W/PackageManager(  333): Not granting permission android.permission.SEND_DOWNLOAD_COMPLETED_INTENTS to package com.android.browser (protectionLevel=2 flags=0x9be45)
W/PackageManager(  333): Not granting permission android.permission.BIND_APPWIDGET to package com.android.widgetpreview (protectionLevel=18 flags=0x8be44)
W/PackageManager(  333): Unknown permission com.google.android.googleapps.permission.GOOGLE_AUTH in package com.android.settings
W/PackageManager(  333): Unknown permission com.google.android.gallery3d.permission.GALLERY_PROVIDER in package com.android.exchange
W/PackageManager(  333): Unknown permission com.google.android.googleapps.permission.ACCESS_GOOGLE_PASSWORD in package com.android.development
W/PackageManager(  333): Unknown permission com.google.android.googleapps.permission.GOOGLE_AUTH in package com.android.development
W/PackageManager(  333): Unknown permission com.google.android.googleapps.permission.GOOGLE_AUTH.ALL_SERVICES in package com.android.development
W/PackageManager(  333): Unknown permission com.google.android.googleapps.permission.GOOGLE_AUTH.YouTubeUser in package com.android.development
W/PackageManager(  333): Unknown permission com.google.android.gallery3d.permission.GALLERY_PROVIDER in package com.android.email
W/PackageManager(  333): Not granting permission android.permission.DEVICE_POWER to package com.android.deskclock (protectionLevel=2 flags=0x8be45)
D/dalvikvm(  333): WAIT_FOR_CONCURRENT_GC blocked 1ms
D/dalvikvm(  333): GC_EXPLICIT freed 359K, 11% free 3735K/4156K, paused 7ms+17ms, total 115ms
I/SystemServer(  333): User Service
I/SystemServer(  333): Account Manager
I/SystemServer(  333): Content Manager
I/SystemServer(  333): System Content Providers
I/SystemServer(  333): Lights Service
I/SystemServer(  333): Battery Service
I/SystemServer(  333): Vibrator Service
I/libsuspend(  333): Selected early suspend
I/libsuspend(  333): Starting early suspend unblocker thread
D/PermissionCache(   37): checking android.permission.ACCESS_SURFACE_FLINGER for uid=1000 => granted (2548 us)
D/SurfaceFlinger(   37): Screen acquired, type=0 flinger=0x2a007318
D/SurfaceFlinger(   37):  screen was previously acquired
I/SystemServer(  333): Alarm Manager
D/AlarmManagerService(  333): Kernel timezone updated to 0 minutes west of GMT
I/SystemServer(  333): Init Watchdog
I/SystemServer(  333): Input Manager
I/InputManager(  333): Initializing input manager, mUseDevInputEventForAudioJack=false
I/SystemServer(  333): Window Manager
E/SoundPool(  333): error loading /system/media/audio/ui/Lock.ogg
W/KeyguardViewMediator(  333): failed to load lock sound from /system/media/audio/ui/Lock.ogg
E/SoundPool(  333): error loading /system/media/audio/ui/Unlock.ogg
W/KeyguardViewMediator(  333): failed to load unlock sound from /system/media/audio/ui/Unlock.ogg
I/InputManager(  333): Starting input manager
I/SystemServer(  333): No Bluetooh Service (emulator)
I/SystemServer(  333): Input Method Service
W/InputMethodManagerService(  333): Couldn't create dir.: /data/system/inputmethod
I/EventHub(  333): New device: id=1, fd=88, path='/dev/input/event0', name='qwerty2', classes=0x2d, configuration='/system/usr/idc/qwerty2.idc', keyLayout='/system/usr/keylayout/qwerty.kl', keyCharacterMap='/system/usr/keychars/qwerty2.kcm', builtinKeyboard=true, usingSuspendBlockIoctl=false, usingClockIoctl=false
E/EventHub(  333): could not get driver version for /dev/input/mouse0, Not a typewriter
E/EventHub(  333): could not get driver version for /dev/input/mice, Not a typewriter
I/InputReader(  333): Device added: id=-1, name='Virtual', sources=0x00000301
I/InputReader(  333):   Touch device 'qwerty2' could not query the properties of its associated display.  The device will be inoperable until the display size becomes available.
I/InputReader(  333): Device added: id=0, name='qwerty2', sources=0x00011307
D/dalvikvm(  333): GC_CONCURRENT freed 316K, 9% free 3927K/4316K, paused 5ms+4ms, total 524ms
D/dalvikvm(  333): WAIT_FOR_CONCURRENT_GC blocked 173ms
E/Trace   (  333): error opening trace file: No such file or directory (2)
I/SystemServer(  333): Accessibility Manager
I/ActivityManager(  333): Config changes=15f8 {1.0 ?mcc?mnc en_US ldltr sw320dp w320dp h508dp 240dpi nrml long port ?uimode ?night finger -keyb/v/h tball/v s.2}
I/InputReader(  333): Reconfiguring input devices.  changes=0x00000004
I/InputReader(  333): Device reconfigured: id=0, name='qwerty2', size 480x800, orientation 0, mode 1, display id 0
I/InputReader(  333): Reconfiguring input devices.  changes=0x00000004
I/InputReader(  333): Device reconfigured: id=0, name='qwerty2', size 480x800, orientation 0, mode 1, display id 0
I/SystemServer(  333): Mount Service
D/MountService(  333): got storage path: /mnt/sdcard description: USB storage primary: true removable: false emulated: false mtpReserve: 0 allowMassStorage: false maxFileSize: 0
D/MountService(  333): addVolumeLocked() StorageVolume [mStorageId=0 mPath=/mnt/sdcard mDescriptionId=17040615 mPrimary=true mRemovable=false mEmulated=false mMtpReserveSpace=0 mAllowMassStorage=false mMaxFileSize=0 mOwner=null]
I/SystemServer(  333): LockSettingsService
I/SystemServer(  333): Device Policy
I/SystemServer(  333): Status Bar
I/SystemServer(  333): Clipboard Service
I/SystemServer(  333): NetworkManagement Service
D/dalvikvm(  333): GREF has increased to 201
D/MountService(  333): volume state changed for /mnt/sdcard (null -> unmounted)
I/PackageManager(  333): Updating external media status from unmounted to unmounted
I/SystemServer(  333): Text Service Manager Service
I/SystemServer(  333): NetworkStats Service
W/MountService(  333): getSecureContainerList() called when storage not mounted
I/PackageManager(  333): No secure containers on sdcard
W/PackageManager(  333): Unknown permission com.google.android.googleapps.permission.GOOGLE_AUTH.mail in package com.android.contacts
W/PackageManager(  333): Unknown permission android.permission.ADD_SYSTEM_SERVICE in package com.android.phone
I/SystemServer(  333): NetworkPolicy Service
W/PackageManager(  333): Unknown permission com.android.smspush.WAPPUSH_MANAGER_BIND in package com.android.phone
W/PackageManager(  333): Unknown permission com.google.android.googleapps.permission.GOOGLE_AUTH in package com.android.providers.calendar
W/PackageManager(  333): Unknown permission com.google.android.googleapps.permission.GOOGLE_AUTH.cl in package com.android.providers.calendar
W/PackageManager(  333): Unknown permission com.google.android.googleapps.permission.GOOGLE_AUTH.mail in package com.android.calendar
W/PackageManager(  333): Not granting permission android.permission.SEND_DOWNLOAD_COMPLETED_INTENTS to package com.android.browser (protectionLevel=2 flags=0x89be45)
W/PackageManager(  333): Not granting permission android.permission.BIND_APPWIDGET to package com.android.widgetpreview (protectionLevel=18 flags=0x8be44)
W/PackageManager(  333): Unknown permission com.google.android.googleapps.permission.GOOGLE_AUTH in package com.android.settings
W/PackageManager(  333): Unknown permission com.google.android.gallery3d.permission.GALLERY_PROVIDER in package com.android.exchange
W/PackageManager(  333): Unknown permission com.google.android.googleapps.permission.ACCESS_GOOGLE_PASSWORD in package com.android.development
W/PackageManager(  333): Unknown permission com.google.android.googleapps.permission.GOOGLE_AUTH in package com.android.development
W/PackageManager(  333): Unknown permission com.google.android.googleapps.permission.GOOGLE_AUTH.ALL_SERVICES in package com.android.development
W/PackageManager(  333): Unknown permission com.google.android.googleapps.permission.GOOGLE_AUTH.YouTubeUser in package com.android.development
W/PackageManager(  333): Unknown permission com.google.android.gallery3d.permission.GALLERY_PROVIDER in package com.android.email
W/PackageManager(  333): Not granting permission android.permission.DEVICE_POWER to package com.android.deskclock (protectionLevel=2 flags=0x88be45)
I/SystemServer(  333): Wi-Fi P2pService
D/dalvikvm(  333): GC_CONCURRENT freed 320K, 9% free 4041K/4428K, paused 5ms+3ms, total 76ms
I/SystemServer(  333): Wi-Fi Service
E/CommandListener(   34): Failed to open /proc/sys/net/ipv6/conf/wlan0/disable_ipv6: No such file or directory
E/WifiStateMachine(  333): Failed to disable IPv6: java.lang.IllegalStateException: command '1 interface ipv6 wlan0 disable' failed with '400 1 Failed to change IPv6 state (No such file or directory)'
I/SystemServer(  333): Connectivity Service
D/ConnectivityService(  333): ConnectivityService starting up
E/MobileDataStateTracker(  333): default: Ignoring feature request because could not acquire PhoneService
E/MobileDataStateTracker(  333): default: Could not enable APN type "default"
I/WifiService(  333): WifiService starting up with Wi-Fi disabled
I/SystemServer(  333): Network Service Discovery Service
D/NsdService(  333): Network service discovery enabled true
I/SystemServer(  333): Throttle Service
I/SystemServer(  333): UpdateLock Service
I/SystemServer(  333): Notification Manager
I/SystemServer(  333): Device Storage Monitor
I/SystemServer(  333): Location Manager
I/SystemServer(  333): Country Detector
I/SystemServer(  333): Search Service
I/SystemServer(  333): DropBox Service
I/SystemServer(  333): Wallpaper Service
I/SystemServer(  333): Audio Service
D/dalvikvm(  333): GC_CONCURRENT freed 236K, 7% free 4251K/4556K, paused 5ms+6ms, total 278ms
I/SystemServer(  333): Dock Observer
W/DockObserver(  333): This kernel does not have dock station support
I/SystemServer(  333): Wired Accessory Manager
W/WiredAccessoryManager(  333): This kernel does not have wired headset support
