I/ActivityManager(  310): Start proc com.android.music for broadcast com.android.music/.MediaButtonIntentReceiver: pid=629 uid=10025 gids={50025, 3003, 1015, 1028}
W/LocationManagerService(  310): no network location provider found
I/dalvikvm(  629): Turning on JNI app bug workarounds for target SDK version 9...
I/dalvikvm(  398): Wrote stack traces to '/data/anr/traces.txt'
I/Choreographer(  398): Skipped 257 frames!  The application may be doing too much work on its main thread.
D/dalvikvm(  398): GC_CONCURRENT freed 12K, 6% free 3874K/4096K, paused 17ms+77ms, total 283ms
W/ServiceWatcher(  310): com.google.android.location not found
I/Choreographer(  471): Skipped 70 frames!  The application may be doing too much work on its main thread.
D/dalvikvm(  471): GC_CONCURRENT freed 189K, 8% free 3226K/3472K, paused 7ms+3ms, total 635ms
I/ActivityManager(  310): Start proc com.android.location.fused for service com.android.location.fused/.FusedLocationService: pid=646 uid=10022 gids={50022, 1028}
I/dalvikvm(  456): Wrote stack traces to '/data/anr/traces.txt'
D/dalvikvm(  310): GC_CONCURRENT freed 1793K, 25% free 5748K/7608K, paused 8ms+93ms, total 749ms
E/Trace   (  629): error opening trace file: No such file or directory (2)
E/SurfaceFlinger(   37): ro.sf.lcd_density must be defined as a build property
E/Trace   (  646): error opening trace file: No such file or directory (2)
I/Choreographer(  471): Skipped 50 frames!  The application may be doing too much work on its main thread.
D/gralloc_goldfish(  471): Emulator without GPU emulation detected.
D/DebugService(  456): DebugService DebugService:
D/TelephonyDebugService(  456): TelephonyDebugService()
W/ServiceWatcher(  310): com.google.android.location not found
D/dalvikvm(  310): GC_EXPLICIT freed 161K, 25% free 5752K/7608K, paused 122ms+160ms, total 840ms
E/LocationManagerService(  310): no geocoder provider found
I/AudioService(  310):   Remote Control   registerMediaButtonIntent() for PendingIntent{410423a8: PendingIntentRecord{40f3a078 com.android.music broadcastIntent}}
I/ActivityManager(  310): Displayed com.android.launcher/com.android.launcher2.Launcher: +27s129ms
I/Choreographer(  310): Skipped 80 frames!  The application may be doing too much work on its main thread.
W/ActivityManager(  310): Activity idle timeout for ActivityRecord{40e7ebb8 u0 com.android.launcher/com.android.launcher2.Launcher}
I/Choreographer(  471): Skipped 248 frames!  The application may be doing too much work on its main thread.
W/ProcessStats(  310): Skipping unknown process pid 669
D/dalvikvm(  456): GC_CONCURRENT freed 340K, 14% free 2658K/3056K, paused 4ms+2ms, total 70ms
E/SurfaceFlinger(   37): ro.sf.lcd_density must be defined as a build property
D/dalvikvm(  471): GC_FOR_ALLOC freed 62K, 7% free 3313K/3536K, paused 137ms, total 267ms
I/dalvikvm-heap(  471): Grow heap (frag case) to 3.782MB for 518416-byte allocation
W/Settings(  456): Setting auto_time_zone has moved from android.provider.Settings.System to android.provider.Settings.Global, returning read-only value.
D/dalvikvm(  471): GC_CONCURRENT freed 7K, 6% free 3812K/4044K, paused 4ms+3ms, total 134ms
I/Process (  310): Sending signal. PID: 471 SIG: 3
I/dalvikvm(  471): threadid=3: reacting to signal 3
I/Process (  310): Sending signal. PID: 516 SIG: 3
I/dalvikvm(  516): threadid=3: reacting to signal 3
I/dalvikvm(  471): Wrote stack traces to '/data/anr/traces.txt'
I/Process (  310): Sending signal. PID: 548 SIG: 3
I/dalvikvm(  548): threadid=3: reacting to signal 3
D/dalvikvm(  398): GC_FOR_ALLOC freed 2K, 6% free 3883K/4096K, paused 822ms, total 823ms
D/dalvikvm(  471): GC_CONCURRENT freed <1K, 6% free 3813K/4044K, paused 44ms+3ms, total 141ms
D/dalvikvm(  471): WAIT_FOR_CONCURRENT_GC blocked 97ms
I/dalvikvm-heap(  471): Grow heap (frag case) to 4.269MB for 518416-byte allocation
D/dalvikvm(  471): GC_FOR_ALLOC freed <1K, 6% free 4319K/4552K, paused 387ms, total 387ms
I/dalvikvm-heap(  398): Grow heap (frag case) to 9.958MB for 6410576-byte allocation
W/WindowManager(  310): Window freeze timeout expired.
W/WindowManager(  310): Force clearing orientation change: Window{40f58e28 u0 com.android.systemui.ImageWallpaper}
D/dalvikvm(  471): GC_FOR_ALLOC freed <1K, 6% free 4319K/4552K, paused 402ms, total 418ms
I/dalvikvm-heap(  471): Grow heap (frag case) to 4.764MB for 518416-byte allocation
D/dalvikvm(  398): GC_FOR_ALLOC freed <1K, 3% free 10143K/10356K, paused 504ms, total 504ms
I/dalvikvm(  516): Wrote stack traces to '/data/anr/traces.txt'
W/dalvikvm(  548): threadid=3: spin on suspend #1 threadid=14 (pcf=0)
D/dalvikvm(  548): Temporarily moving tid 627 to fg (was 0)
E/ActivityManager(  310): ANR in com.android.inputmethod.latin
E/ActivityManager(  310): Reason: Executing service com.android.inputmethod.latin/.LatinIME
E/ActivityManager(  310): Load: 5.15 / 1.37 / 0.46
E/ActivityManager(  310): CPU usage from 2625ms to -9467ms ago:
E/ActivityManager(  310):   20% 310/system_server: 13% user + 6.4% kernel / faults: 3155 minor 6 major
E/ActivityManager(  310):   14% 37/surfaceflinger: 10% user + 3.5% kernel / faults: 8 minor
E/ActivityManager(  310):   9.5% 471/com.android.launcher: 5.5% user + 4% kernel / faults: 5895 minor 8 major
E/ActivityManager(  310):   5.3% 456/com.android.phone: 3.8% user + 1.4% kernel / faults: 640 minor 4 major
E/ActivityManager(  310):   5.1% 516/android.process.acore: 3.1% user + 1.9% kernel / faults: 1659 minor
E/ActivityManager(  310):   5% 398/com.android.systemui: 3.3% user + 1.7% kernel / faults: 1990 minor 3 major
E/ActivityManager(  310):   3.9% 548/android.process.media: 1.8% user + 2.1% kernel / faults: 591 minor 11 major
E/ActivityManager(  310):   2.2% 85/bootanimation: 1.5% user + 0.6% kernel
E/ActivityManager(  310):   0.8% 437/com.android.inputmethod.latin: 0.5% user + 0.2% kernel / faults: 169 minor 1 major
E/ActivityManager(  310):   0.4% 47/adbd: 0% user + 0.3% kernel / faults: 133 minor
E/ActivityManager(  310):   0.1% 31/servicemanager: 0% user + 0% kernel
E/ActivityManager(  310):   0.1% 38/zygote: 0% user + 0% kernel / faults: 136 minor
E/ActivityManager(  310):   0% 40/mediaserver: 0% user + 0% kernel
E/ActivityManager(  310):  +0% 629/com.android.music: 0% user + 0% kernel
E/ActivityManager(  310):  +0% 646/com.android.location.fused: 0% user + 0% kernel
E/ActivityManager(  310): 100% TOTAL: 63% user + 35% kernel + 0.1% irq + 0.3% softirq
E/ActivityManager(  310): CPU usage from 6735ms to 8104ms later:
E/ActivityManager(  310):   22% 310/system_server: 16% user + 6.1% kernel / faults: 84 minor
E/ActivityManager(  310):     11% 325/UI: 11% user + 0% kernel
E/ActivityManager(  310):     8.7% 327/ActivityManager: 1.7% user + 7% kernel
E/ActivityManager(  310):     5.2% 324/er.ServerThread: 3.5% user + 1.7% kernel
E/ActivityManager(  310):     1.7% 316/Compiler: 1.7% user + 0% kernel
E/ActivityManager(  310):     0.8% 310/system_server: 0.8% user + 0% kernel
E/ActivityManager(  310):     0.8% 321/Binder_1: 0.8% user + 0% kernel
E/ActivityManager(  310):     0.8% 326/WindowManager: 0.8% user + 0% kernel
E/ActivityManager(  310):     0.8% 496/Binder_5: 0.8% user + 0% kernel
E/ActivityManager(  310):     0.8% 579/Binder_8: 0.8% user + 0% kernel
E/ActivityManager(  310):     0.8% 580/Binder_9: 0.8% user + 0% kernel
E/ActivityManager(  310):   15% 471/com.android.launcher: 9.4% user + 6% kernel / faults: 345 minor 2 major
E/ActivityManager(  310):     14% 471/ndroid.launcher: 10% user + 4.3% kernel
E/ActivityManager(  310):     4.3% 481/Compiler: 0% user + 4.3% kernel
E/ActivityManager(  310):     2.5% 474/GC: 2.5% user + 0% kernel
E/ActivityManager(  310):   16% 37/surfaceflinger: 8.8% user + 7.7% kernel / faults: 4 minor
E/ActivityManager(  310):     14% 67/SurfaceFlinger: 11% user + 3.3% kernel
E/ActivityManager(  310):     5.5% 83/Binder_1: 1.1% user + 4.4% kernel
E/ActivityManager(  310):     1.1% 77/VSyncThread: 0% user + 1.1% kernel
E/ActivityManager(  310):     1.1% 80/EventThread: 0% user + 1.1% kernel
E/ActivityManager(  310):     1.1% 502/Binder_2: 0% user + 1.1% kernel
E/ActivityManager(  310):    +0% 670/Binder_3: 0% user + 0% kernel
E/ActivityManager(  310):    +0% 671/Binder_4: 0% user + 0% kernel
E/ActivityManager(  310):   8.6% 456/com.android.phone: 7.7% user + 0.8% kernel / faults: 121 minor
E/ActivityManager(  310):     5.1% 464/Compiler: 3.4% user + 1.7% kernel
E/ActivityManager(  310):     3.4% 456/m.android.phone: 3.4% user + 0% kernel
E/ActivityManager(  310):     3.4% 459/GC: 3.4% user + 0% kernel
E/ActivityManager(  310):     0.8% 469/Binder_1: 0% user + 0.8% kernel
E/ActivityManager(  310):     0.8% 470/Binder_2: 0.8% user + 0% kernel
E/ActivityManager(  310):   4.8% 398/com.android.systemui: 0.8% user + 4% kernel / faults: 49 minor 2 major
E/ActivityManager(  310):     7.3% 398/ndroid.systemui: 1.6% user + 5.6% kernel
E/ActivityManager(  310):   1.7% 85/bootanimation: 1.7% user + 0% kernel
E/ActivityManager(  310):     2.6% 102/BootAnimation: 2.6% user + 0% kernel
E/ActivityManager(  310):   1.6% 629/com.android.music: 0.8% user + 0.8% kernel / faults: 246 minor
E/ActivityManager(  310):     4.8% 629/m.android.music: 2.4% user + 2.4% kernel
E/ActivityManager(  310):   1.6% 646/com.android.location.fused: 0.8% user + 0.8% kernel / faults: 57 minor
E/ActivityManager(  310):     0.8% 646/.location.fused: 0% user + 0.8% kernel
E/ActivityManager(  310):   0.8% 516/android.process.acore: 0.8% user + 0% kernel / faults: 6 minor
E/ActivityManager(  310):   0.3% 548/android.process.media: 0.3% user + 0% kernel / faults: 15 minor
E/ActivityManager(  310):     0.3% 560/Compiler: 0.3% user + 0% kernel
E/ActivityManager(  310):    +0% 675/Binder_3: 0% user + 0% kernel
E/ActivityManager(  310): 100% TOTAL: 65% user + 33% kernel + 0.9% softirq
W/ActivityManager(  310): Killing ProcessRecord{40f69300 437:com.android.inputmethod.latin/u0a10010}: background ANR
I/ActivityManager(  310): Process com.android.inputmethod.latin (pid 437) has died.
W/ActivityManager(  310): Scheduling restart of crashed service com.android.inputmethod.latin/.LatinIME in 5000ms
D/dalvikvm(   38): GC_EXPLICIT freed 34K, 4% free 2381K/2472K, paused 3ms+2ms, total 33ms
D/dalvikvm(   38): GC_EXPLICIT freed <1K, 4% free 2381K/2472K, paused 3ms+2ms, total 96ms
D/dalvikvm(   38): GC_EXPLICIT freed <1K, 4% free 2381K/2472K, paused 2ms+3ms, total 53ms
D/dalvikvm(  471): GC_FOR_ALLOC freed <1K, 5% free 4826K/5060K, paused 182ms, total 182ms
D/dalvikvm(  548): Temporarily raised priority on tid 627 (10 -> 0)
W/dalvikvm(  548): threadid=3: spin on suspend #2 threadid=14 (pcf=3)
I/dalvikvm(  548): "Signal Catcher" daemon prio=5 tid=3 RUNNABLE
I/dalvikvm(  548):   | group="system" sCount=0 dsCount=0 obj=0x40cc9d28 self=0x2a18df70
I/dalvikvm(  548):   | sysTid=555 nice=0 sched=0/0 cgrp=apps/bg_non_interactive handle=704807240
I/dalvikvm(  548):   | state=R schedstat=( 3424000 1788487128 22 ) utm=0 stm=0 core=0
I/dalvikvm(  548):   at dalvik.system.NativeStart.run(Native Method)
I/dalvikvm(  548): 
I/dalvikvm(  548): "Download Service" prio=5 tid=14 SUSPENDED
I/dalvikvm(  548):   | group="main" sCount=1 dsCount=0 obj=0x40d0c5b0 self=0x2a194060
I/dalvikvm(  548):   | sysTid=627 nice=0 sched=0/0 cgrp=apps handle=706487080
I/dalvikvm(  548):   | state=S schedstat=( 8292001 7871351583 10 ) utm=0 stm=0 core=0
I/dalvikvm(  548):   at android.os.Binder.init(Native Method)
I/dalvikvm(  548):   at android.os.Binder.<init>(Binder.java:160)
I/dalvikvm(  548):   at android.database.IContentObserver$Stub.<init>(IContentObserver.java:17)
I/dalvikvm(  548):   at android.database.ContentObserver$Transport.<init>(ContentObserver.java:187)
I/dalvikvm(  548):   at android.database.ContentObserver.getContentObserver(ContentObserver.java:49)
I/dalvikvm(  548):   at android.content.ContentResolver.registerContentObserver(ContentResolver.java:1230)
I/dalvikvm(  548):   at android.database.AbstractCursor.setNotificationUri(AbstractCursor.java:366)
I/dalvikvm(  548):   at android.database.AbstractCursor.setNotificationUri(AbstractCursor.java:354)
I/dalvikvm(  548):   at com.android.providers.downloads.DownloadProvider.query(DownloadProvider.java:878)
I/dalvikvm(  548):   at android.content.ContentProvider.query(ContentProvider.java:652)
I/dalvikvm(  548):   at android.content.ContentProvider$Transport.query(ContentProvider.java:189)
I/dalvikvm(  548):   at android.content.ContentResolver.query(ContentResolver.java:372)
I/dalvikvm(  548):   at android.content.ContentResolver.query(ContentResolver.java:315)
I/dalvikvm(  548):   at com.android.providers.downloads.DownloadService$UpdateThread.run(DownloadService.java:305)
I/dalvikvm(  548): 
W/dalvikvm(  548): threadid=3: spin on suspend resolved in 2582 msec
D/dalvikvm(  548): Restored policy of 627 to 0
D/dalvikvm(  548): Restored priority on 627 to 10
I/dalvikvm(  548): Wrote stack traces to '/data/anr/traces.txt'
E/SoundPool(  310): error loading /system/media/audio/ui/Effect_Tick.ogg
W/AudioService(  310): Soundpool could not load file: /system/media/audio/ui/Effect_Tick.ogg
E/SoundPool(  310): error loading /system/media/audio/ui/Effect_Tick.ogg
W/AudioService(  310): Soundpool could not load file: /system/media/audio/ui/Effect_Tick.ogg
E/SoundPool(  310): error loading /system/media/audio/ui/Effect_Tick.ogg
W/AudioService(  310): Soundpool could not load file: /system/media/audio/ui/Effect_Tick.ogg
E/SoundPool(  310): error loading /system/media/audio/ui/Effect_Tick.ogg
W/AudioService(  310): Soundpool could not load file: /system/media/audio/ui/Effect_Tick.ogg
E/SoundPool(  310): error loading /system/media/audio/ui/Effect_Tick.ogg
W/AudioService(  310): Soundpool could not load file: /system/media/audio/ui/Effect_Tick.ogg
E/SoundPool(  310): error loading /system/media/audio/ui/KeypressStandard.ogg
W/AudioService(  310): Soundpool could not load file: /system/media/audio/ui/KeypressStandard.ogg
E/SoundPool(  310): error loading /system/media/audio/ui/KeypressSpacebar.ogg
W/AudioService(  310): Soundpool could not load file: /system/media/audio/ui/KeypressSpacebar.ogg
E/SoundPool(  310): error loading /system/media/audio/ui/KeypressDelete.ogg
W/AudioService(  310): Soundpool could not load file: /system/media/audio/ui/KeypressDelete.ogg
E/SoundPool(  310): error loading /system/media/audio/ui/KeypressReturn.ogg
W/AudioService(  310): Soundpool could not load file: /system/media/audio/ui/KeypressReturn.ogg
D/CAT     (  456): CatService: Running CAT service. STK app installed:false
D/CAT     (  456): CatService: NEW sInstance
I/ActivityManager(  310): Start proc com.android.contacts for broadcast com.android.contacts/.calllog.CallLogReceiver: pid=690 uid=10001 gids={50001, 3003, 1015, 1028}
I/Choreographer(  310): Skipped 297 frames!  The application may be doing too much work on its main thread.
E/BluetoothAdapter(  310): Bluetooth binder is null
W/AudioService(  310): loadSoundEffects(), Error -1 while loading samples
E/BluetoothAdapter(  310): Bluetooth binder is null
V/WiredAccessoryManager(  310): init()
I/Choreographer(  310): Skipped 39 frames!  The application may be doing too much work on its main thread.
E/Trace   (  690): error opening trace file: No such file or directory (2)
D/dalvikvm(  471): GREF has increased to 201
D/dalvikvm(  398): GC_FOR_ALLOC freed <1K, 3% free 10144K/10356K, paused 444ms, total 444ms
I/dalvikvm-heap(  398): Grow heap (frag case) to 12.656MB for 2828816-byte allocation
I/Choreographer(  471): Skipped 1255 frames!  The application may be doing too much work on its main thread.
D/dalvikvm(  398): GC_CONCURRENT freed 0K, 2% free 12907K/13120K, paused 4ms+5ms, total 368ms
D/dalvikvm(  398): WAIT_FOR_CONCURRENT_GC blocked 359ms
D/dalvikvm(  310): GC_CONCURRENT freed 533K, 21% free 6015K/7608K, paused 1026ms+240ms, total 2282ms
D/dalvikvm(  310): WAIT_FOR_CONCURRENT_GC blocked 1268ms
I/SurfaceFlinger(   37): Boot is finished (71819 ms)
I/ActivityManager(  310): Config changes=1400 {1.0 ?mcc?mnc en_US ldltr sw320dp w320dp h508dp 240dpi nrml long port finger -keyb/v/h tball/v s.4}
D/dalvikvm(  310): GC_FOR_ALLOC freed 295K, 17% free 6368K/7608K, paused 249ms, total 262ms
I/dalvikvm-heap(  310): Grow heap (frag case) to 6.530MB for 262190-byte allocation
D/dalvikvm(  310): GC_FOR_ALLOC freed 3K, 16% free 6621K/7868K, paused 107ms, total 107ms
I/PowerManagerService(  310): Boot animation finished.
D/dalvikvm(  310): GC_FOR_ALLOC freed 790K, 26% free 5845K/7868K, paused 116ms, total 117ms
I/Choreographer(  310): Skipped 204 frames!  The application may be doing too much work on its main thread.
I/Choreographer(  398): Skipped 52 frames!  The application may be doing too much work on its main thread.
I/Choreographer(  398): Skipped 52 frames!  The application may be doing too much work on its main thread.
D/CAT     (  456): CatService: SIM ready. Reporting STK service running now...
D/MccTable(  456): updateMccMncConfiguration: mcc=310, mnc=260
D/TelephonyManager(  456): getLteOnCdmaMode=0 curVal=-1 product_type='' lteOnCdmaProductType=''
D/MccTable(  456): locale set to en_us
D/MccTable(  456): WIFI_COUNTRY_CODE set to us
I/WifiService(  310): WifiService trying to set country code to us with persist set to true
I/ActivityManager(  310): Config changes=1403 {1.0 310mcc260mnc en_US ldltr sw320dp w320dp h508dp 240dpi nrml long port finger -keyb/v/h tball/v s.5}
W/SurfaceFlinger(   37): createScreenshotSurface failed (Function not implemented)
I/ActivityManager(  310): Start proc com.android.inputmethod.latin for service com.android.inputmethod.latin/.LatinIME: pid=729 uid=10010 gids={50010, 1028}
D/AndroidRuntime(  728): 
D/AndroidRuntime(  728): >>>>>> AndroidRuntime START com.android.internal.os.RuntimeInit <<<<<<
D/AndroidRuntime(  728): CheckJNI is ON
D/dalvikvm(  728): Trying to load lib libjavacore.so 0x0
D/dalvikvm(  728): Added shared lib libjavacore.so 0x0
D/dalvikvm(  728): Trying to load lib libnativehelper.so 0x0
D/dalvikvm(  728): Added shared lib libnativehelper.so 0x0
I/Choreographer(  398): Skipped 32 frames!  The application may be doing too much work on its main thread.
D/dalvikvm(  456): GC_CONCURRENT freed 279K, 11% free 2776K/3112K, paused 5ms+2ms, total 2054ms
D/AndroidRuntime(  728): Calling main entry com.android.commands.am.Am
D/dalvikvm(  728): Note: class Landroid/app/ActivityManagerNative; has 157 unimplemented (abstract) methods
W/WindowManager(  310): Window freeze timeout expired.
W/WindowManager(  310): Force clearing orientation change: Window{411ae550 u0 com.android.launcher/com.android.launcher2.Launcher}
D/dalvikvm(  753): Not late-enabling CheckJNI (already on)
I/ActivityManager(  310): Start proc it.unina.android.ripper_service:android_ripper_service_process for service it.unina.android.ripper_service/.AndroidRipperService: pid=753 uid=10049 gids={50049, 3003, 1028}
D/AndroidRuntime(  728): Shutting down VM
D/dalvikvm(  728): GC_CONCURRENT freed 90K, 16% free 490K/584K, paused 1ms+1ms, total 9ms
I/AndroidRuntime(  728): NOTE: attach of thread 'Binder_2' failed
E/Trace   (  729): error opening trace file: No such file or directory (2)
I/RecoverySystem(  310): No recovery log file
W/Settings(  456): Setting auto_time_zone has moved from android.provider.Settings.System to android.provider.Settings.Global, returning read-only value.
I/ActivityManager(  310): Start proc com.android.deskclock for broadcast com.android.deskclock/.AlarmInitReceiver: pid=767 uid=10006 gids={50006, 1028}
D/MccTable(  456): updateMccMncConfiguration: mcc=310, mnc=260
D/TelephonyManager(  456): getLteOnCdmaMode=0 curVal=-1 product_type='' lteOnCdmaProductType=''
D/MccTable(  456): locale set to en_us
D/MccTable(  456): WIFI_COUNTRY_CODE set to us
I/WifiService(  310): WifiService trying to set country code to us with persist set to true
D/dalvikvm(  310): GC_CONCURRENT freed 937K, 27% free 5781K/7868K, paused 5ms+7ms, total 602ms
D/dalvikvm(  310): WAIT_FOR_CONCURRENT_GC blocked 351ms
I/ActivityManager(  310): Config changes=1400 {1.0 310mcc260mnc en_US ldltr sw320dp w320dp h508dp 240dpi nrml long port finger -keyb/v/h tball/v s.6}
E/Trace   (  753): error opening trace file: No such file or directory (2)
I/LatinIME(  729): Hardware accelerated drawing: false
V/AndroidRipperService(  753): onCreate()
E/Trace   (  767): error opening trace file: No such file or directory (2)
V/SERVER  (  753): Starting ServerSocket on PORT 8888
V/SERVER  (  753): Started ServerSocket on PORT 8888
V/SERVER  (  753): Ready to accept connections on port: 8888
W/InputAttributes(  729): No editor info for this field. Bug?
D/AndroidRuntime(  791): 
D/AndroidRuntime(  791): >>>>>> AndroidRuntime START com.android.internal.os.RuntimeInit <<<<<<
D/dalvikvm(  456): GC_CONCURRENT freed 303K, 11% free 2924K/3284K, paused 4ms+125ms, total 311ms
D/AndroidRuntime(  791): CheckJNI is ON
D/dalvikvm(  791): Trying to load lib libjavacore.so 0x0
D/dalvikvm(  791): Added shared lib libjavacore.so 0x0
D/dalvikvm(  791): Trying to load lib libnativehelper.so 0x0
D/dalvikvm(  791): Added shared lib libnativehelper.so 0x0
D/dalvikvm(  310): GC_CONCURRENT freed 301K, 20% free 6331K/7868K, paused 7ms+139ms, total 892ms
D/dalvikvm(  310): WAIT_FOR_CONCURRENT_GC blocked 809ms
W/WindowManager(  310): App freeze timeout expired.
W/WindowManager(  310): Force clearing freeze: AppWindowToken{40f74278 token=Token{40db56f0 ActivityRecord{40e7ebb8 u0 com.android.launcher/com.android.launcher2.Launcher}}}
E/ActivityThread(  729): Failed to find provider info for com.android.inputmethod.latin.dictionarypack
E/BinaryDictionaryGetter(  729): Could not find a dictionary pack
D/AndroidRuntime(  791): Calling main entry com.android.commands.am.Am
D/dalvikvm(  791): Note: class Landroid/app/ActivityManagerNative; has 157 unimplemented (abstract) methods
I/ActivityManager(  310): Force stopping package org.jessies.dalvikexplorer appid=10048 user=0
W/InputMethodManagerService(  310): Found no subtypes in a system IME: com.android.inputmethod.pinyin
D/dalvikvm(  807): Not late-enabling CheckJNI (already on)
D/dalvikvm(  729): GC_CONCURRENT freed 268K, 12% free 2511K/2840K, paused 22ms+202ms, total 375ms
E/StrictMode(  729): A resource was acquired at attached stack trace but never released. See java.io.Closeable for information on avoiding resource leaks.
E/StrictMode(  729): java.lang.Throwable: Explicit termination method 'close' not called
E/StrictMode(  729): 	at dalvik.system.CloseGuard.open(CloseGuard.java:184)
E/StrictMode(  729): 	at android.os.ParcelFileDescriptor.<init>(ParcelFileDescriptor.java:412)
E/StrictMode(  729): 	at android.content.res.AssetManager.openNonAssetFdNative(Native Method)
E/StrictMode(  729): 	at android.content.res.AssetManager.openNonAssetFd(AssetManager.java:428)
E/StrictMode(  729): 	at android.content.res.Resources.openRawResourceFd(Resources.java:979)
E/StrictMode(  729): 	at com.android.inputmethod.latin.BinaryDictionaryGetter.loadFallbackResource(BinaryDictionaryGetter.java:183)
E/StrictMode(  729): 	at com.android.inputmethod.latin.BinaryDictionaryGetter.getDictionaryFiles(BinaryDictionaryGetter.java:456)
E/StrictMode(  729): 	at com.android.inputmethod.latin.DictionaryFactory.createMainDictionaryFromManager(DictionaryFactory.java:57)
E/StrictMode(  729): 	at com.android.inputmethod.latin.DictionaryFactory.createMainDictionaryFromManager(DictionaryFactory.java:87)
E/StrictMode(  729): 	at com.android.inputmethod.latin.Suggest$1.run(Suggest.java:108)
I/ActivityManager(  310): Start proc org.jessies.dalvikexplorer for added application org.jessies.dalvikexplorer: pid=807 uid=10048 gids={50048, 1015, 1028}
D/dalvikvm(  310): GC_CONCURRENT freed 641K, 16% free 6682K/7868K, paused 57ms+28ms, total 242ms
D/dalvikvm(  310): WAIT_FOR_CONCURRENT_GC blocked 16ms
D/dalvikvm(  310): WAIT_FOR_CONCURRENT_GC blocked 66ms
D/dalvikvm(  310): WAIT_FOR_CONCURRENT_GC blocked 27ms
D/dalvikvm(  310): WAIT_FOR_CONCURRENT_GC blocked 98ms
I/Choreographer(  471): Skipped 2489 frames!  The application may be doing too much work on its main thread.
I/Choreographer(  310): Skipped 1391 frames!  The application may be doing too much work on its main thread.
D/dalvikvm(  456): GC_CONCURRENT freed 458K, 16% free 2869K/3384K, paused 4ms+115ms, total 171ms
D/Launcher.Model(  471): Reload apps on config change. curr_mcc:310 prevmcc:0
D/dalvikvm(  310): GC_EXPLICIT freed 393K, 16% free 6621K/7868K, paused 68ms+18ms, total 214ms
V/AlarmClock(  767): No next alarm
E/Trace   (  807): error opening trace file: No such file or directory (2)
V/AlarmClock(  767): AlarmInitReceiver - Reset timers and clear stopwatch data
D/dalvikvm(  471): GC_CONCURRENT freed 97K, 4% free 5433K/5608K, paused 25ms+3ms, total 387ms
D/dalvikvm(  471): WAIT_FOR_CONCURRENT_GC blocked 256ms
V/AlarmClock(  767): No next alarm
V/AlarmClock(  767): AlarmInitReceiver finished
D/dalvikvm(  471): GC_FOR_ALLOC freed 8K, 4% free 5931K/6116K, paused 439ms, total 449ms
D/PolideaInstrumentationTestRunner(  807): Creating the Test Runner with arguments: [coverage, class]
D/PolideaInstrumentationTestRunner(  807): Test runner is running with the following parameters:
D/PolideaInstrumentationTestRunner(  807): junitOutputDirectory: /data/data/org.jessies.dalvikexplorer/files
D/PolideaInstrumentationTestRunner(  807): junitOutputFilePostfix: -TEST.xml
D/PolideaInstrumentationTestRunner(  807): junitNoPackagePrefix: NO_PACKAGE
D/PolideaInstrumentationTestRunner(  807): junitSplitLevel: package
D/PolideaInstrumentationTestRunner(  807): junitSingleFileName: ALL-TEST.xml
D/PolideaInstrumentationTestRunner(  807): Creating output directory if it does not exist
D/PolideaInstrumentationTestRunner(  807): Created directory? false
D/PolideaInstrumentationTestRunner(  807): Deleting old files
D/PolideaInstrumentationTestRunner(  807): Deleting: [/data/data/org.jessies.dalvikexplorer/files/it.unina.android.ripper-TEST.xml]
I/Choreographer(  310): Skipped 417 frames!  The application may be doing too much work on its main thread.
D/ConnectivityService(  310): ConnectivityChange for mobile: CONNECTED/CONNECTED
D/dalvikvm(  310): GC_FOR_ALLOC freed 752K, 16% free 6622K/7868K, paused 172ms, total 221ms
I/dalvikvm-heap(  310): Grow heap (frag case) to 7.604MB for 1128976-byte allocation
D/dalvikvm(  310): GC_FOR_ALLOC freed 8K, 14% free 7716K/8972K, paused 162ms, total 162ms
D/dalvikvm(  807): GC_CONCURRENT freed 288K, 13% free 2544K/2892K, paused 5ms+61ms, total 176ms
I/System.out(  807): EMMA: collecting runtime coverage data ...
D/PolideaInstrumentationTestRunner(  807): Getting android test runner
D/PolideaInstrumentationTestRunner(  807): JUnit test output enabled
D/dalvikvm(  310): GC_CONCURRENT freed 905K, 24% free 6846K/8972K, paused 18ms+21ms, total 345ms
W/dalvikvm(  807): method Landroid/test/InstrumentationTestRunner$StringResultPrinter;.print incorrectly overrides package-private method with same name in Ljunit/textui/ResultPrinter;
D/PolideaInstrumentationTestRunner(  807): Starting test: testApplication(it.unina.android.ripper.RipperTestCase)
I/TestRunner(  807): started: testApplication(it.unina.android.ripper.RipperTestCase)
V/AndroidRipperService(  753): onBind()
V/AndroidRipperService(  753): register()
V/        (  753): ready
V/AndroidRipperService(  753): onBind()
I/dalvikvm(  310): Jit: resizing JitTable from 4096 to 8192
I/ActivityManager(  310): START u0 {act=android.intent.action.MAIN flg=0x10000000 cmp=org.jessies.dalvikexplorer/.DalvikExplorerActivity} from pid 807
D/PermissionCache(   37): checking android.permission.READ_FRAME_BUFFER for uid=1000 => granted (15611 us)
W/WindowManager(  310): Failure taking screenshot for (246x410) to layer 21000
V/RipperService(  753): PING
V/AndroidRipperService(  753): mHandler.handleMessage() RECIVED
V/AndroidRipperService(  753): broadcast()
I/AndroidRipper(  807): Recived message: PING
V/RipperTestCase(  807): Not ready to operate!
V/AndroidRipperService(  753): broadcast() done
V/        (  753): ready
V/RipperService(  753): PING
V/AndroidRipperService(  753): mHandler.handleMessage() RECIVED
V/AndroidRipperService(  753): broadcast()
I/AndroidRipper(  807): Recived message: PING
V/RipperTestCase(  807): Not ready to operate!
V/AndroidRipperService(  753): broadcast() done
V/        (  753): ready
E/SurfaceFlinger(   37): ro.sf.lcd_density must be defined as a build property
W/ActivityManager(  310): Activity pause timeout for ActivityRecord{40e7ebb8 u0 com.android.launcher/com.android.launcher2.Launcher}
V/RipperService(  753): PING
V/AndroidRipperService(  753): mHandler.handleMessage() RECIVED
V/AndroidRipperService(  753): broadcast()
V/AndroidRipperService(  753): broadcast() done
V/        (  753): ready
D/dalvikvm(  807): GC_FOR_ALLOC freed 99K, 10% free 2682K/2948K, paused 67ms, total 68ms
I/dalvikvm-heap(  807): Grow heap (frag case) to 3.280MB for 635812-byte allocation
D/dalvikvm(  310): GC_CONCURRENT freed 1620K, 30% free 6347K/8972K, paused 6ms+22ms, total 264ms
D/dalvikvm(  310): WAIT_FOR_CONCURRENT_GC blocked 141ms
D/dalvikvm(  310): WAIT_FOR_CONCURRENT_GC blocked 142ms
D/dalvikvm(  807): GC_FOR_ALLOC freed <1K, 8% free 3302K/3572K, paused 143ms, total 143ms
I/AndroidRipper(  807): Recived message: PING
V/RipperTestCase(  807): Not ready to operate!
D/dalvikvm(  807): GC_CONCURRENT freed 1K, 8% free 3313K/3572K, paused 8ms+63ms, total 117ms
I/Choreographer(  310): Skipped 753 frames!  The application may be doing too much work on its main thread.
E/SurfaceFlinger(   37): ro.sf.lcd_density must be defined as a build property
I/Choreographer(  807): Skipped 103 frames!  The application may be doing too much work on its main thread.
D/gralloc_goldfish(  807): Emulator without GPU emulation detected.
D/dalvikvm(  310): GC_FOR_ALLOC freed 490K, 32% free 6179K/8972K, paused 105ms, total 114ms
I/dalvikvm-heap(  310): Grow heap (frag case) to 7.171MB for 1128976-byte allocation
D/dalvikvm(  310): GC_FOR_ALLOC freed 401K, 24% free 6880K/8972K, paused 93ms, total 93ms
D/Tethering(  310): MasterInitialState.processMessage what=3
I/ActivityManager(  310): Displayed org.jessies.dalvikexplorer/.DalvikExplorerActivity: +2s409ms
I/Choreographer(  310): Skipped 133 frames!  The application may be doing too much work on its main thread.
I/FusedLocation(  646): engine started (com.android.location.fused)
D/dalvikvm(  310): GC_CONCURRENT freed 27K, 24% free 6870K/8972K, paused 30ms+95ms, total 411ms
I/Choreographer(  310): Skipped 82 frames!  The application may be doing too much work on its main thread.
V/RipperService(  753): PING
V/AndroidRipperService(  753): mHandler.handleMessage() RECIVED
V/AndroidRipperService(  753): broadcast()
I/AndroidRipper(  807): Recived message: PING
V/RipperTestCase(  807): Not ready to operate!
V/AndroidRipperService(  753): broadcast() done
V/        (  753): ready
I/Choreographer(  310): Skipped 54 frames!  The application may be doing too much work on its main thread.
I/Choreographer(  310): Skipped 87 frames!  The application may be doing too much work on its main thread.
I/FusedLocation(  646): engine started (com.android.location.fused)
I/ActivityManager(  310): Start proc com.android.email for broadcast com.android.email/.service.EmailBroadcastReceiver: pid=839 uid=10019 gids={50019, 3003, 1015, 1028}
E/Trace   (  839): error opening trace file: No such file or directory (2)
I/ActivityManager(  310): Start proc com.android.exchange for service com.android.exchange/.ExchangeService: pid=856 uid=10032 gids={50032, 3003, 1015, 1028}
E/Trace   (  856): error opening trace file: No such file or directory (2)
I/AndroidRipper(  807): [RipperTestCase] Ready to operate after restarting...
D/ExchangeService(  856): !!! EAS ExchangeService, onCreate
D/ExchangeService(  856): !!! EAS ExchangeService, onStartCommand, startingUp = false, running = false
I/ActivityManager(  310): Start proc com.android.providers.calendar for broadcast com.android.providers.calendar/.CalendarReceiver: pid=875 uid=10023 gids={50023, 3003, 1015, 1028}
D/Eas Debug(  856): Logging: 
E/Trace   (  875): error opening trace file: No such file or directory (2)
I/ActivityManager(  310): Start proc com.android.mms for broadcast com.android.mms/.transaction.MmsSystemEventReceiver: pid=893 uid=10029 gids={50029, 3003, 1015, 1028}
V/RipperService(  753): PING
V/AndroidRipperService(  753): mHandler.handleMessage() RECIVED
V/AndroidRipperService(  753): broadcast()
I/AndroidRipper(  807): Recived message: PING
V/AndroidRipperService(  753): send()
I/System.out(  753): {"type":"PONG","index":"6"}
V/AndroidRipperService(  753): broadcast() done
V/        (  753): ready
V/RipperService(  753): END
V/AndroidRipperService(  753): mHandler.handleMessage() RECIVED
V/AndroidRipperService(  753): broadcast()
I/AndroidRipper(  807): Recived message: END
V/AndroidRipperService(  753): broadcast() done
V/        (  753): ready
V/SERVER  (  753): ServerSocket on PORT 8888: offline
V/AndroidRipperService(  753): mHandler.handleMessage() DISCONNECTED
V/SERVER  (  753): Ready to accept connections on port: 8888
D/dalvikvm(  310): GREF has increased to 501
E/Trace   (  893): error opening trace file: No such file or directory (2)
V/AndroidRipperService(  753): unregister()
W/WindowManager(  310): Failure taking screenshot for (246x410) to layer 21005
D/CountryDetector(  310): The first listener is added
V/MmsConfig(  893): mnc/mcc: 310260
V/MmsConfig(  893): tag: bool value: enabledMMS - true
V/MmsConfig(  893): tag: int value: maxMessageSize - 307200
V/MmsConfig(  893): tag: int value: maxImageHeight - 480
V/MmsConfig(  893): tag: int value: maxImageWidth - 640
V/MmsConfig(  893): tag: int value: defaultSMSMessagesPerThread - 500
V/MmsConfig(  893): tag: int value: defaultMMSMessagesPerThread - 50
V/MmsConfig(  893): tag: int value: minMessageCountPerThread - 10
V/MmsConfig(  893): tag: int value: maxMessageCountPerThread - 5000
V/MmsConfig(  893): tag: string value: uaProfUrl - http://www.google.com/oha/rdf/ua-profile-kila.xml
V/MmsConfig(  893): tag: int value: recipientLimit - -1
V/MmsConfig(  893): tag: bool value: enableMultipartSMS - true
V/MmsConfig(  893): tag: int value: smsToMmsTextThreshold - -1
V/MmsConfig(  893): tag: bool value: enableSlideDuration - true
V/MmsConfig(  893): tag: int value: maxMessageTextSize - -1
V/AndroidRipperService(  753): unregister()
W/ActivityManager(  310): Duplicate finish request for ActivityRecord{40f11f88 u0 org.jessies.dalvikexplorer/.DalvikExplorerActivity}
D/dalvikvm(  807): GC_EXPLICIT freed 42K, 7% free 3345K/3568K, paused 6ms+4ms, total 84ms
D/dalvikvm(  807): GC_EXPLICIT freed 6K, 7% free 3340K/3568K, paused 3ms+4ms, total 103ms
D/PolideaInstrumentationTestRunner(  807): Finished test: testApplication(it.unina.android.ripper.RipperTestCase)
I/TestRunner(  807): finished: testApplication(it.unina.android.ripper.RipperTestCase)
I/TestRunner(  807): passed: testApplication(it.unina.android.ripper.RipperTestCase)
I/System.out(  807): EMMA: runtime coverage data written to [/data/data/org.jessies.dalvikexplorer/files/coverage.ec] {in 56 ms}
D/PolideaInstrumentationTestRunner(  807): Post processing
D/PolideaInstrumentationTestRunner(  807): Packages: 1
D/PolideaInstrumentationTestRunner(  807): Processing package package it.unina.android.ripper
D/PolideaInstrumentationTestRunner(  807): Writing to file /data/data/org.jessies.dalvikexplorer/files/it.unina.android.ripper-TEST.xml
D/PolideaInstrumentationTestRunner(  807): closing file
D/AndroidRuntime(  791): Shutting down VM
D/dalvikvm(  791): GC_CONCURRENT freed 95K, 18% free 462K/560K, paused 1ms+1ms, total 8ms
I/ActivityManager(  310): Force stopping package org.jessies.dalvikexplorer appid=10048 user=0
I/ActivityManager(  310): Killing proc 807:org.jessies.dalvikexplorer/u0a10048: force stop org.jessies.dalvikexplorer
W/InputDispatcher(  310): channel '410db610 org.jessies.dalvikexplorer/org.jessies.dalvikexplorer.DalvikExplorerActivity (server)' ~ Consumer closed input channel or an error occurred.  events=0x9
E/InputDispatcher(  310): channel '410db610 org.jessies.dalvikexplorer/org.jessies.dalvikexplorer.DalvikExplorerActivity (server)' ~ Channel is unrecoverably broken and will be disposed!
I/WindowState(  310): WIN DEATH: Window{410db610 u0 org.jessies.dalvikexplorer/org.jessies.dalvikexplorer.DalvikExplorerActivity EXITING}
W/InputDispatcher(  310): Attempted to unregister already unregistered input channel '410db610 org.jessies.dalvikexplorer/org.jessies.dalvikexplorer.DalvikExplorerActivity (server)'
W/Resources(   38): Preloaded drawable resource #0x10803f1 (android:drawable/list_selector_disabled_holo_light) that varies with configuration!!
W/Resources(   38): Preloaded drawable resource #0x10803d2 (android:drawable/list_pressed_holo_light) that varies with configuration!!
W/Resources(   38): Preloaded drawable resource #0x10803d0 (android:drawable/list_longpressed_holo) that varies with configuration!!
W/Resources(   38): Preloaded drawable resource #0x10803d0 (android:drawable/list_longpressed_holo) that varies with configuration!!
W/Resources(   38): Preloaded drawable resource #0x10803d2 (android:drawable/list_pressed_holo_light) that varies with configuration!!
W/Resources(   38): Preloaded drawable resource #0x10803d0 (android:drawable/list_longpressed_holo) that varies with configuration!!
W/Resources(   38): Preloaded drawable resource #0x10803d0 (android:drawable/list_longpressed_holo) that varies with configuration!!
W/Resources(   38): Preloaded drawable resource #0x10803cc (android:drawable/list_focused_holo) that varies with configuration!!
D/dalvikvm(   38): GC_EXPLICIT freed 31K, 26% free 2359K/3156K, paused 5ms+16ms, total 127ms
W/Resources(   38): Preloaded drawable resource #0x108027a (android:drawable/fastscroll_thumb_pressed_holo) that varies with configuration!!
W/Resources(   38): Preloaded drawable resource #0x1080278 (android:drawable/fastscroll_thumb_default_holo) that varies with configuration!!
W/Resources(   38): Preloaded drawable resource #0x1080278 (android:drawable/fastscroll_thumb_default_holo) that varies with configuration!!
W/Resources(   38): Preloaded drawable resource #0x108027a (android:drawable/fastscroll_thumb_pressed_holo) that varies with configuration!!
D/dalvikvm(   38): GC_EXPLICIT freed 51K, 26% free 2358K/3156K, paused 2ms+3ms, total 113ms
W/Resources(   38): Preloaded drawable resource #0x1080278 (android:drawable/fastscroll_thumb_default_holo) that varies with configuration!!
W/Resources(   38): Preloaded drawable resource #0x108027f (android:drawable/fastscroll_track_pressed_holo_dark) that varies with configuration!!
W/Resources(   38): Preloaded drawable resource #0x108027b (android:drawable/fastscroll_track_default_holo_dark) that varies with configuration!!
W/Resources(   38): Preloaded drawable resource #0x108027b (android:drawable/fastscroll_track_default_holo_dark) that varies with configuration!!
W/Resources(   38): Preloaded drawable resource #0x108027f (android:drawable/fastscroll_track_pressed_holo_dark) that varies with configuration!!
W/Resources(   38): Preloaded drawable resource #0x108027b (android:drawable/fastscroll_track_default_holo_dark) that varies with configuration!!
W/Resources(   38): Preloaded drawable resource #0x1080274 (android:drawable/fastscroll_label_left_holo_dark) that varies with configuration!!
D/dalvikvm(   38): GC_EXPLICIT freed 74K, 26% free 2358K/3156K, paused 6ms+2ms, total 47ms
W/Resources(   38): Preloaded drawable resource #0x1080276 (android:drawable/fastscroll_label_right_holo_dark) that varies with configuration!!
D/dalvikvm(   38): GC_EXPLICIT freed 50K, 26% free 2357K/3156K, paused 3ms+2ms, total 28ms
W/Resources(   38): Preloaded drawable resource #0x1080280 (android:drawable/fastscroll_track_pressed_holo_light) that varies with configuration!!
W/Resources(   38): Preloaded drawable resource #0x108027c (android:drawable/fastscroll_track_default_holo_light) that varies with configuration!!
W/Resources(   38): Preloaded drawable resource #0x108027c (android:drawable/fastscroll_track_default_holo_light) that varies with configuration!!
W/Resources(   38): Preloaded drawable resource #0x1080280 (android:drawable/fastscroll_track_pressed_holo_light) that varies with configuration!!
W/Resources(   38): Preloaded drawable resource #0x108027c (android:drawable/fastscroll_track_default_holo_light) that varies with configuration!!
W/Resources(   38): Preloaded drawable resource #0x1080275 (android:drawable/fastscroll_label_left_holo_light) that varies with configuration!!
D/dalvikvm(   38): WAIT_FOR_CONCURRENT_GC blocked 1ms
D/dalvikvm(   38): GC_EXPLICIT freed 57K, 26% free 2359K/3156K, paused 2ms+3ms, total 29ms
W/Resources(   38): Preloaded drawable resource #0x1080277 (android:drawable/fastscroll_label_right_holo_light) that varies with configuration!!
D/dalvikvm(   38): GC_EXPLICIT freed 50K, 26% free 2358K/3156K, paused 2ms+12ms, total 41ms
W/Resources(   38): Preloaded drawable resource #0x1080259 (android:drawable/editbox_dropdown_background_dark) that varies with configuration!!
W/Resources(   38): Preloaded drawable resource #0x10805f8 (android:drawable/textfield_search_selected_holo_dark) that varies with configuration!!
W/Resources(   38): Preloaded drawable resource #0x10805ec (android:drawable/textfield_search_default_holo_dark) that varies with configuration!!
W/Resources(   38): Preloaded drawable resource #0x10805ec (android:drawable/textfield_search_default_holo_dark) that varies with configuration!!
W/Resources(   38): Preloaded drawable resource #0x10805f5 (android:drawable/textfield_search_right_selected_holo_dark) that varies with configuration!!
W/Resources(   38): Preloaded drawable resource #0x10805f3 (android:drawable/textfield_search_right_default_holo_dark) that varies with configuration!!
W/Resources(   38): Preloaded drawable resource #0x10805f3 (android:drawable/textfield_search_right_default_holo_dark) that varies with configuration!!
W/Resources(   38): Preloaded drawable resource #0x10805f9 (android:drawable/textfield_search_selected_holo_light) that varies with configuration!!
W/Resources(   38): Preloaded drawable resource #0x10805ed (android:drawable/textfield_search_default_holo_light) that varies with configuration!!
W/Resources(   38): Preloaded drawable resource #0x10805ed (android:drawable/textfield_search_default_holo_light) that varies with configuration!!
W/Resources(   38): Preloaded drawable resource #0x10805f6 (android:drawable/textfield_search_right_selected_holo_light) that varies with configuration!!
W/Resources(   38): Preloaded drawable resource #0x10805f4 (android:drawable/textfield_search_right_default_holo_light) that varies with configuration!!
W/Resources(   38): Preloaded drawable resource #0x10805f4 (android:drawable/textfield_search_right_default_holo_light) that varies with configuration!!
W/Resources(   38): Preloaded drawable resource #0x10805f8 (android:drawable/textfield_search_selected_holo_dark) that varies with configuration!!
W/Resources(   38): Preloaded drawable resource #0x10805ec (android:drawable/textfield_search_default_holo_dark) that varies with configuration!!
W/Resources(   38): Preloaded drawable resource #0x10805f5 (android:drawable/textfield_search_right_selected_holo_dark) that varies with configuration!!
W/Resources(   38): Preloaded drawable resource #0x10805f3 (android:drawable/textfield_search_right_default_holo_dark) that varies with configuration!!
W/Resources(   38): Preloaded drawable resource #0x10805f9 (android:drawable/textfield_search_selected_holo_light) that varies with configuration!!
W/Resources(   38): Preloaded drawable resource #0x10805ed (android:drawable/textfield_search_default_holo_light) that varies with configuration!!
W/Resources(   38): Preloaded drawable resource #0x10805f6 (android:drawable/textfield_search_right_selected_holo_light) that varies with configuration!!
W/Resources(   38): Preloaded drawable resource #0x10805f4 (android:drawable/textfield_search_right_default_holo_light) that varies with configuration!!
D/dalvikvm(   38): GC_EXPLICIT freed 47K, 26% free 2364K/3156K, paused 3ms+12ms, total 42ms
W/Resources(   38): Preloaded drawable resource #0x10805c1 (android:drawable/tab_unselected_holo) that varies with configuration!!
W/Resources(   38): Preloaded drawable resource #0x10805bc (android:drawable/tab_selected_holo) that varies with configuration!!
W/Resources(   38): Preloaded drawable resource #0x10805c0 (android:drawable/tab_unselected_focused_holo) that varies with configuration!!
W/Resources(   38): Preloaded drawable resource #0x10805bb (android:drawable/tab_selected_focused_holo) that varies with configuration!!
W/Resources(   38): Preloaded drawable resource #0x10805c2 (android:drawable/tab_unselected_pressed_holo) that varies with configuration!!
W/Resources(   38): Preloaded drawable resource #0x10805bd (android:drawable/tab_selected_pressed_holo) that varies with configuration!!
W/Resources(   38): Preloaded drawable resource #0x10805c2 (android:drawable/tab_unselected_pressed_holo) that varies with configuration!!
W/Resources(   38): Preloaded drawable resource #0x10805bd (android:drawable/tab_selected_pressed_holo) that varies with configuration!!
W/Resources(   38): Preloaded drawable resource #0x10805bd (android:drawable/tab_selected_pressed_holo) that varies with configuration!!
W/Resources(   38): Preloaded drawable resource #0x10805c1 (android:drawable/tab_unselected_holo) that varies with configuration!!
W/Resources(   38): Preloaded drawable resource #0x10805bc (android:drawable/tab_selected_holo) that varies with configuration!!
W/Resources(   38): Preloaded drawable resource #0x10805c0 (android:drawable/tab_unselected_focused_holo) that varies with configuration!!
W/Resources(   38): Preloaded drawable resource #0x10805bb (android:drawable/tab_selected_focused_holo) that varies with configuration!!
W/Resources(   38): Preloaded drawable resource #0x10805c2 (android:drawable/tab_unselected_pressed_holo) that varies with configuration!!
W/Resources(   38): Preloaded drawable resource #0x10805bd (android:drawable/tab_selected_pressed_holo) that varies with configuration!!
W/Resources(   38): Preloaded drawable resource #0x10804a5 (android:drawable/quickcontact_badge_overlay_pressed_dark) that varies with configuration!!
W/Resources(   38): Preloaded drawable resource #0x10804a0 (android:drawable/quickcontact_badge_overlay_focused_dark) that varies with configuration!!
W/Resources(   38): Preloaded drawable resource #0x10804a3 (android:drawable/quickcontact_badge_overlay_normal_dark) that varies with configuration!!
W/Resources(   38): Preloaded drawable resource #0x10804a3 (android:drawable/quickcontact_badge_overlay_normal_dark) that varies with configuration!!
W/Resources(   38): Preloaded drawable resource #0x10804a3 (android:drawable/quickcontact_badge_overlay_normal_dark) that varies with configuration!!
D/dalvikvm(   38): GC_EXPLICIT freed 56K, 26% free 2365K/3156K, paused 2ms+3ms, total 81ms
W/Resources(   38): Preloaded drawable resource #0x10804a5 (android:drawable/quickcontact_badge_overlay_pressed_dark) that varies with configuration!!
W/Resources(   38): Preloaded drawable resource #0x10804a6 (android:drawable/quickcontact_badge_overlay_pressed_light) that varies with configuration!!
W/Resources(   38): Preloaded drawable resource #0x10804a1 (android:drawable/quickcontact_badge_overlay_focused_light) that varies with configuration!!
W/Resources(   38): Preloaded drawable resource #0x10804a4 (android:drawable/quickcontact_badge_overlay_normal_light) that varies with configuration!!
W/Resources(   38): Preloaded drawable resource #0x10804a4 (android:drawable/quickcontact_badge_overlay_normal_light) that varies with configuration!!
W/Resources(   38): Preloaded drawable resource #0x10804a4 (android:drawable/quickcontact_badge_overlay_normal_light) that varies with configuration!!
W/Resources(   38): Preloaded drawable resource #0x10804a6 (android:drawable/quickcontact_badge_overlay_pressed_light) that varies with configuration!!
I/Zygote  (   38): ...preloaded 270 resources in 10987ms.
D/dalvikvm(   38): GC_EXPLICIT freed 48K, 25% free 2369K/3156K, paused 2ms+3ms, total 141ms
I/Zygote  (   38): ...preloaded 31 resources in 287ms.
D/dalvikvm(   38): GC_EXPLICIT freed 9K, 25% free 2377K/3156K, paused 2ms+6ms, total 168ms
D/dalvikvm(   38): GC_EXPLICIT freed 7K, 25% free 2369K/3156K, paused 4ms+3ms, total 194ms
D/dalvikvm(   38): GC_EXPLICIT freed <1K, 25% free 2369K/3156K, paused 2ms+2ms, total 207ms
I/dalvikvm(   38): System server process 324 has been created
I/Zygote  (   38): Accepting command socket connections
E/BatteryService(  324): usbOnlinePath not found
E/BatteryService(  324): wirelessOnlinePath not found
E/BatteryService(  324): batteryVoltagePath not found
E/BatteryService(  324): batteryTemperaturePath not found
I/sysproc (  324): Entered system_init()
I/sysproc (  324): ServiceManager: 0x2a162070
D/SensorService(  324): nuSensorService starting...
I/SensorService(  324): Goldfish 3-axis Accelerometer
I/SensorService(  324): Goldfish 3-axis Magnetic field sensor
I/SensorService(  324): Goldfish Orientation sensor
I/SensorService(  324): Goldfish Temperature sensor
I/SensorService(  324): Goldfish Proximity sensor
I/sysproc (  324): System server: starting Android runtime.
I/sysproc (  324): System server: starting Android services.
I/SystemServer(  324): Entered the Android system server!
D/SensorService(  324): nuSensorService thread starting...
I/sysproc (  324): System server: entering thread pool.
I/SystemServer(  324): Enabled StrictMode logging for UI Looper
I/SystemServer(  324): Waiting for installd to be ready.
I/Installer(  324): connecting...
I/installd(   41): new connection
I/SystemServer(  324): Entropy Mixer
I/SystemServer(  324): Enabled StrictMode logging for WM Looper
I/SystemServer(  324): Power Manager
