W/Resources(   38): Preloaded drawable resource #0x10804a5 (android:drawable/quickcontact_badge_overlay_pressed_dark) that varies with configuration!!
W/Resources(   38): Preloaded drawable resource #0x10804a0 (android:drawable/quickcontact_badge_overlay_focused_dark) that varies with configuration!!
W/Resources(   38): Preloaded drawable resource #0x10804a3 (android:drawable/quickcontact_badge_overlay_normal_dark) that varies with configuration!!
W/Resources(   38): Preloaded drawable resource #0x10804a3 (android:drawable/quickcontact_badge_overlay_normal_dark) that varies with configuration!!
W/Resources(   38): Preloaded drawable resource #0x10804a3 (android:drawable/quickcontact_badge_overlay_normal_dark) that varies with configuration!!
D/dalvikvm(   38): GC_EXPLICIT freed 56K, 26% free 2365K/3156K, paused 3ms+6ms, total 119ms
W/Resources(   38): Preloaded drawable resource #0x10804a5 (android:drawable/quickcontact_badge_overlay_pressed_dark) that varies with configuration!!
W/Resources(   38): Preloaded drawable resource #0x10804a6 (android:drawable/quickcontact_badge_overlay_pressed_light) that varies with configuration!!
W/Resources(   38): Preloaded drawable resource #0x10804a1 (android:drawable/quickcontact_badge_overlay_focused_light) that varies with configuration!!
W/Resources(   38): Preloaded drawable resource #0x10804a4 (android:drawable/quickcontact_badge_overlay_normal_light) that varies with configuration!!
W/Resources(   38): Preloaded drawable resource #0x10804a4 (android:drawable/quickcontact_badge_overlay_normal_light) that varies with configuration!!
W/Resources(   38): Preloaded drawable resource #0x10804a4 (android:drawable/quickcontact_badge_overlay_normal_light) that varies with configuration!!
W/Resources(   38): Preloaded drawable resource #0x10804a6 (android:drawable/quickcontact_badge_overlay_pressed_light) that varies with configuration!!
I/Zygote  (   38): ...preloaded 270 resources in 10548ms.
D/dalvikvm(   38): GC_EXPLICIT freed 48K, 25% free 2369K/3156K, paused 2ms+3ms, total 68ms
I/Zygote  (   38): ...preloaded 31 resources in 134ms.
D/dalvikvm(   38): GC_EXPLICIT freed 9K, 25% free 2377K/3156K, paused 6ms+3ms, total 45ms
D/dalvikvm(   38): GC_EXPLICIT freed 7K, 25% free 2369K/3156K, paused 5ms+3ms, total 84ms
D/dalvikvm(   38): GC_EXPLICIT freed <1K, 25% free 2369K/3156K, paused 5ms+5ms, total 115ms
I/dalvikvm(   38): System server process 307 has been created
I/Zygote  (   38): Accepting command socket connections
E/BatteryService(  307): usbOnlinePath not found
E/BatteryService(  307): wirelessOnlinePath not found
E/BatteryService(  307): batteryVoltagePath not found
E/BatteryService(  307): batteryTemperaturePath not found
I/sysproc (  307): Entered system_init()
I/sysproc (  307): ServiceManager: 0x2a18f1f8
D/SensorService(  307): nuSensorService starting...
I/SensorService(  307): Goldfish 3-axis Accelerometer
I/SensorService(  307): Goldfish 3-axis Magnetic field sensor
I/SensorService(  307): Goldfish Orientation sensor
I/SensorService(  307): Goldfish Temperature sensor
I/SensorService(  307): Goldfish Proximity sensor
D/SensorService(  307): nuSensorService thread starting...
I/sysproc (  307): System server: starting Android runtime.
I/sysproc (  307): System server: starting Android services.
I/SystemServer(  307): Entered the Android system server!
I/sysproc (  307): System server: entering thread pool.
I/SystemServer(  307): Enabled StrictMode logging for UI Looper
I/SystemServer(  307): Waiting for installd to be ready.
I/Installer(  307): connecting...
I/installd(   41): new connection
I/SystemServer(  307): Entropy Mixer
I/SystemServer(  307): Enabled StrictMode logging for WM Looper
I/SystemServer(  307): Power Manager
E/PowerManagerService-JNI(  307): Couldn't load power module (No such file or directory)
I/SystemServer(  307): Activity Manager
I/ActivityManager(  307): Memory class: 48
W/UsageStats(  307): Usage stats version changed; dropping
I/ActivityManager(  307): Enabled StrictMode logging for AThread's Looper
I/SystemServer(  307): Display Manager
E/SurfaceFlinger(   37): ro.sf.lcd_density must be defined as a build property
I/DisplayManagerService(  307): Display device added: DisplayDeviceInfo{"Built-in Screen": 480 x 800, 260.416 fps, density 240, 240.0 x 240.0 dpi, touch INTERNAL, FLAG_DEFAULT_DISPLAY, FLAG_ROTATES_WITH_CONTENT, FLAG_SECURE, FLAG_SUPPORTS_PROTECTED_BUFFERS, rotation 0, type BUILT_IN, address null}
I/SystemServer(  307): Telephony Registry
I/SystemServer(  307): Scheduling Policy
I/SystemServer(  307): Package Manager
D/dalvikvm(  307): GC_CONCURRENT freed 305K, 13% free 2553K/2924K, paused 5ms+9ms, total 88ms
D/dalvikvm(  307): WAIT_FOR_CONCURRENT_GC blocked 12ms
W/PackageManager(  307): Running ENG build: no pre-dexopt!
D/dalvikvm(  307): GC_CONCURRENT freed 268K, 11% free 2674K/3000K, paused 4ms+5ms, total 125ms
D/dalvikvm(  307): GC_CONCURRENT freed 126K, 6% free 2966K/3144K, paused 5ms+11ms, total 65ms
W/PackageParser(  307): No actions in intent filter at /system/app/Contacts.apk Binary XML file line #533
D/dalvikvm(  307): GC_CONCURRENT freed 249K, 9% free 3164K/3468K, paused 5ms+198ms, total 528ms
D/dalvikvm(  307): GC_CONCURRENT freed 229K, 8% free 3349K/3636K, paused 4ms+16ms, total 98ms
W/PackageManager(  307): Package com.android.camera desires unavailable shared library com.google.android.media.effects; ignoring!
D/PackageManager(  307): No files in app dir /vendor/app
D/dalvikvm(  307): GC_CONCURRENT freed 206K, 7% free 3553K/3816K, paused 6ms+176ms, total 359ms
W/PackageParser(  307): No actions in intent filter at /data/app/ApiDemos.apk Binary XML file line #2737
W/PackageParser(  307): No actions in intent filter at /data/app/ApiDemos.apk Binary XML file line #2743
W/PackageManager(  307): Package com.example.android.apis desires unavailable shared library com.example.will.never.exist; ignoring!
I/PackageManager(  307): Time to scan packages: 6.905 seconds
W/PackageManager(  307): Unknown permission com.google.android.googleapps.permission.GOOGLE_AUTH.mail in package com.android.contacts
W/PackageManager(  307): Unknown permission android.permission.ADD_SYSTEM_SERVICE in package com.android.phone
W/PackageManager(  307): Unknown permission com.android.smspush.WAPPUSH_MANAGER_BIND in package com.android.phone
W/PackageManager(  307): Unknown permission com.google.android.googleapps.permission.GOOGLE_AUTH in package com.android.providers.calendar
W/PackageManager(  307): Unknown permission com.google.android.googleapps.permission.GOOGLE_AUTH.cl in package com.android.providers.calendar
W/PackageManager(  307): Unknown permission com.google.android.googleapps.permission.GOOGLE_AUTH.mail in package com.android.calendar
W/PackageManager(  307): Not granting permission android.permission.SEND_DOWNLOAD_COMPLETED_INTENTS to package com.android.browser (protectionLevel=2 flags=0x9be45)
W/PackageManager(  307): Not granting permission android.permission.BIND_APPWIDGET to package com.android.widgetpreview (protectionLevel=18 flags=0x8be44)
W/PackageManager(  307): Unknown permission com.google.android.googleapps.permission.GOOGLE_AUTH in package com.android.settings
W/PackageManager(  307): Unknown permission com.google.android.gallery3d.permission.GALLERY_PROVIDER in package com.android.exchange
W/PackageManager(  307): Unknown permission com.google.android.googleapps.permission.ACCESS_GOOGLE_PASSWORD in package com.android.development
W/PackageManager(  307): Unknown permission com.google.android.googleapps.permission.GOOGLE_AUTH in package com.android.development
W/PackageManager(  307): Unknown permission com.google.android.googleapps.permission.GOOGLE_AUTH.ALL_SERVICES in package com.android.development
W/PackageManager(  307): Unknown permission com.google.android.googleapps.permission.GOOGLE_AUTH.YouTubeUser in package com.android.development
W/PackageManager(  307): Unknown permission com.google.android.gallery3d.permission.GALLERY_PROVIDER in package com.android.email
W/PackageManager(  307): Not granting permission android.permission.DEVICE_POWER to package com.android.deskclock (protectionLevel=2 flags=0x8be45)
D/dalvikvm(  307): GC_CONCURRENT freed 280K, 9% free 3762K/4100K, paused 6ms+20ms, total 324ms
D/dalvikvm(  307): GC_EXPLICIT freed 197K, 13% free 3630K/4132K, paused 2ms+4ms, total 65ms
I/SystemServer(  307): User Service
I/SystemServer(  307): Account Manager
I/SystemServer(  307): Content Manager
I/SystemServer(  307): System Content Providers
I/SystemServer(  307): Lights Service
I/SystemServer(  307): Battery Service
I/SystemServer(  307): Vibrator Service
I/libsuspend(  307): Selected early suspend
I/libsuspend(  307): Starting early suspend unblocker thread
D/PermissionCache(   37): checking android.permission.ACCESS_SURFACE_FLINGER for uid=1000 => granted (2391 us)
D/SurfaceFlinger(   37): Screen acquired, type=0 flinger=0x2a007318
D/SurfaceFlinger(   37):  screen was previously acquired
I/SystemServer(  307): Alarm Manager
D/AlarmManagerService(  307): Kernel timezone updated to 0 minutes west of GMT
I/SystemServer(  307): Init Watchdog
I/SystemServer(  307): Input Manager
I/InputManager(  307): Initializing input manager, mUseDevInputEventForAudioJack=false
I/SystemServer(  307): Window Manager
E/SoundPool(  307): error loading /system/media/audio/ui/Lock.ogg
W/KeyguardViewMediator(  307): failed to load lock sound from /system/media/audio/ui/Lock.ogg
E/SoundPool(  307): error loading /system/media/audio/ui/Unlock.ogg
W/KeyguardViewMediator(  307): failed to load unlock sound from /system/media/audio/ui/Unlock.ogg
I/InputManager(  307): Starting input manager
I/SystemServer(  307): No Bluetooh Service (emulator)
I/SystemServer(  307): Input Method Service
W/InputMethodManagerService(  307): Couldn't create dir.: /data/system/inputmethod
I/EventHub(  307): New device: id=1, fd=88, path='/dev/input/event0', name='qwerty2', classes=0x2d, configuration='/system/usr/idc/qwerty2.idc', keyLayout='/system/usr/keylayout/qwerty.kl', keyCharacterMap='/system/usr/keychars/qwerty2.kcm', builtinKeyboard=true, usingSuspendBlockIoctl=false, usingClockIoctl=false
E/EventHub(  307): could not get driver version for /dev/input/mouse0, Not a typewriter
E/EventHub(  307): could not get driver version for /dev/input/mice, Not a typewriter
D/dalvikvm(  307): GC_CONCURRENT freed 292K, 9% free 3837K/4200K, paused 5ms+4ms, total 466ms
I/InputReader(  307): Device added: id=-1, name='Virtual', sources=0x00000301
I/InputReader(  307):   Touch device 'qwerty2' could not query the properties of its associated display.  The device will be inoperable until the display size becomes available.
I/InputReader(  307): Device added: id=0, name='qwerty2', sources=0x00011307
E/Trace   (  307): error opening trace file: No such file or directory (2)
I/SystemServer(  307): Accessibility Manager
I/ActivityManager(  307): Config changes=15f8 {1.0 ?mcc?mnc en_US ldltr sw320dp w320dp h508dp 240dpi nrml long port ?uimode ?night finger -keyb/v/h tball/v s.2}
I/InputReader(  307): Reconfiguring input devices.  changes=0x00000004
I/InputReader(  307): Device reconfigured: id=0, name='qwerty2', size 480x800, orientation 0, mode 1, display id 0
I/SystemServer(  307): Mount Service
I/InputReader(  307): Reconfiguring input devices.  changes=0x00000004
I/InputReader(  307): Device reconfigured: id=0, name='qwerty2', size 480x800, orientation 0, mode 1, display id 0
D/MountService(  307): got storage path: /mnt/sdcard description: USB storage primary: true removable: false emulated: false mtpReserve: 0 allowMassStorage: false maxFileSize: 0
D/MountService(  307): addVolumeLocked() StorageVolume [mStorageId=0 mPath=/mnt/sdcard mDescriptionId=17040615 mPrimary=true mRemovable=false mEmulated=false mMtpReserveSpace=0 mAllowMassStorage=false mMaxFileSize=0 mOwner=null]
I/SystemServer(  307): LockSettingsService
D/dalvikvm(  307): GREF has increased to 201
I/SystemServer(  307): Device Policy
D/MountService(  307): volume state changed for /mnt/sdcard (null -> unmounted)
I/PackageManager(  307): Updating external media status from unmounted to unmounted
W/MountService(  307): getSecureContainerList() called when storage not mounted
I/SystemServer(  307): Status Bar
I/PackageManager(  307): No secure containers on sdcard
I/SystemServer(  307): Clipboard Service
W/PackageManager(  307): Unknown permission com.google.android.googleapps.permission.GOOGLE_AUTH.mail in package com.android.contacts
W/PackageManager(  307): Unknown permission android.permission.ADD_SYSTEM_SERVICE in package com.android.phone
W/PackageManager(  307): Unknown permission com.android.smspush.WAPPUSH_MANAGER_BIND in package com.android.phone
W/PackageManager(  307): Unknown permission com.google.android.googleapps.permission.GOOGLE_AUTH in package com.android.providers.calendar
W/PackageManager(  307): Unknown permission com.google.android.googleapps.permission.GOOGLE_AUTH.cl in package com.android.providers.calendar
W/PackageManager(  307): Unknown permission com.google.android.googleapps.permission.GOOGLE_AUTH.mail in package com.android.calendar
W/PackageManager(  307): Not granting permission android.permission.SEND_DOWNLOAD_COMPLETED_INTENTS to package com.android.browser (protectionLevel=2 flags=0x89be45)
W/PackageManager(  307): Not granting permission android.permission.BIND_APPWIDGET to package com.android.widgetpreview (protectionLevel=18 flags=0x8be44)
W/PackageManager(  307): Unknown permission com.google.android.googleapps.permission.GOOGLE_AUTH in package com.android.settings
W/PackageManager(  307): Unknown permission com.google.android.gallery3d.permission.GALLERY_PROVIDER in package com.android.exchange
I/SystemServer(  307): NetworkManagement Service
I/SystemServer(  307): Text Service Manager Service
W/PackageManager(  307): Unknown permission com.google.android.googleapps.permission.ACCESS_GOOGLE_PASSWORD in package com.android.development
W/PackageManager(  307): Unknown permission com.google.android.googleapps.permission.GOOGLE_AUTH in package com.android.development
W/PackageManager(  307): Unknown permission com.google.android.googleapps.permission.GOOGLE_AUTH.ALL_SERVICES in package com.android.development
W/PackageManager(  307): Unknown permission com.google.android.googleapps.permission.GOOGLE_AUTH.YouTubeUser in package com.android.development
W/PackageManager(  307): Unknown permission com.google.android.gallery3d.permission.GALLERY_PROVIDER in package com.android.email
W/PackageManager(  307): Not granting permission android.permission.DEVICE_POWER to package com.android.deskclock (protectionLevel=2 flags=0x88be45)
D/dalvikvm(  307): GC_CONCURRENT freed 294K, 9% free 3950K/4308K, paused 4ms+7ms, total 51ms
I/SystemServer(  307): NetworkStats Service
I/SystemServer(  307): NetworkPolicy Service
I/SystemServer(  307): Wi-Fi P2pService
I/SystemServer(  307): Wi-Fi Service
E/CommandListener(   34): Failed to open /proc/sys/net/ipv6/conf/wlan0/disable_ipv6: No such file or directory
E/WifiStateMachine(  307): Failed to disable IPv6: java.lang.IllegalStateException: command '1 interface ipv6 wlan0 disable' failed with '400 1 Failed to change IPv6 state (No such file or directory)'
I/SystemServer(  307): Connectivity Service
D/ConnectivityService(  307): ConnectivityService starting up
E/MobileDataStateTracker(  307): default: Ignoring feature request because could not acquire PhoneService
E/MobileDataStateTracker(  307): default: Could not enable APN type "default"
I/WifiService(  307): WifiService starting up with Wi-Fi disabled
I/SystemServer(  307): Network Service Discovery Service
D/NsdService(  307): Network service discovery enabled true
I/SystemServer(  307): Throttle Service
I/SystemServer(  307): UpdateLock Service
I/SystemServer(  307): Notification Manager
I/SystemServer(  307): Device Storage Monitor
I/SystemServer(  307): Location Manager
I/SystemServer(  307): Country Detector
I/SystemServer(  307): Search Service
I/SystemServer(  307): DropBox Service
I/SystemServer(  307): Wallpaper Service
I/SystemServer(  307): Audio Service
D/dalvikvm(  307): GC_CONCURRENT freed 233K, 7% free 4133K/4432K, paused 63ms+4ms, total 226ms
I/SystemServer(  307): Dock Observer
W/DockObserver(  307): This kernel does not have dock station support
I/SystemServer(  307): Wired Accessory Manager
W/WiredAccessoryManager(  307): This kernel does not have wired headset support
W/WiredAccessoryManager(  307): This kernel does not have usb audio support
W/WiredAccessoryManager(  307): This kernel does not have HDMI audio support
I/SystemServer(  307): USB Service
I/SystemServer(  307): Serial Service
I/SystemServer(  307): Twilight Service
I/SystemServer(  307): UI Mode Manager Service
I/SystemServer(  307): Backup Service
V/BackupManagerService(  307): No ancestral data
I/BackupManagerService(  307): Found stale backup journal, scheduling
I/BackupManagerService(  307):   android
I/BackupManagerService(  307):   com.android.browser
I/BackupManagerService(  307):   com.android.calendar
I/BackupManagerService(  307):   com.android.inputmethod.latin
I/BackupManagerService(  307):   com.android.providers.settings
I/BackupManagerService(  307):   com.android.providers.userdictionary
I/BackupManagerService(  307):   com.android.sharedstoragebackup
I/BackupManagerService(  307): Backup enabled => true
I/SystemServer(  307): AppWidget Service
I/SystemServer(  307): Recognition Service
I/SystemServer(  307): DiskStats Service
I/SystemServer(  307): SamplingProfiler Service
I/SystemServer(  307): NetworkTimeUpdateService
I/SystemServer(  307): CommonTimeManagementService
I/SystemServer(  307): CertBlacklister
I/SystemServer(  307): Dreams Service
I/WindowManager(  307): SAFE MODE not enabled
D/dalvikvm(  307): JIT started for system_server
D/dalvikvm(  307): GC_CONCURRENT freed 299K, 8% free 4272K/4636K, paused 55ms+41ms, total 213ms
I/ActivityManager(  307): System now ready
I/SystemServer(  307): Making services ready
I/Zygote  (  307): Process: zygote socket opened
I/ActivityManager(  307): Start proc com.android.systemui for service com.android.systemui/.SystemUIService: pid=409 uid=10034 gids={50034, 1028, 1015, 3002, 3001}
I/Vold    (   32): /dev/block/vold/179:0 being considered for volume sdcard
D/Vold    (   32): Volume sdcard state changing 1 (Idle-Unmounted) -> 3 (Checking)
D/MountService(  307): volume state changed for /mnt/sdcard (unmounted -> checking)
I//system/bin/fsck_msdos(   32): ** /dev/block/vold/179:0
I//system/bin/fsck_msdos(   32): ** Phase 1 - Read and Compare FATs
I//system/bin/fsck_msdos(   32): Attempting to allocate 2044 KB for FAT
D/MountService(  307): sendStorageIntent Intent { act=android.intent.action.MEDIA_CHECKING dat=file:///mnt/sdcard (has extras) } to UserHandle{-1}
D/NetworkManagementService(  307): not enabling bandwidth control
I/keystore(   42): uid: 1000 action: e -> 7 state: 3 -> 3 retry: 4
W/NetworkStats(  307): bandwidth controls disabled, unable to track stats
W/NetworkPolicy(  307): bandwidth controls disabled, unable to enforce policy
I/keystore(   42): uid: 1000 action: e -> 7 state: 3 -> 3 retry: 4
I/Choreographer(  307): Skipped 50 frames!  The application may be doing too much work on its main thread.
I/ActivityManager(  307): Config changes=200 {1.0 ?mcc?mnc en_US ldltr sw320dp w320dp h508dp 240dpi nrml long port finger -keyb/v/h tball/v s.3}
W/RecognitionManagerService(  307): no available voice recognition services found for user 0
E/Trace   (  409): error opening trace file: No such file or directory (2)
D/SystemUIService(  409): loading: class com.android.systemui.statusbar.phone.PhoneStatusBar
D/SystemUIService(  409): running: com.android.systemui.statusbar.phone.PhoneStatusBar@40cd2360
D/dalvikvm(  307): GC_CONCURRENT freed 123K, 4% free 4654K/4844K, paused 6ms+7ms, total 277ms
D/dalvikvm(  307): WAIT_FOR_CONCURRENT_GC blocked 252ms
I/StatusBarManagerService(  307): registerStatusBar bar=com.android.internal.statusbar.IStatusBar$Stub$Proxy@40e4a310
W/InputMethodManagerService(  307): Ignoring setImeWindowStatus of uid 1000 token: null
W/InputMethodManagerService(  307): Found no subtypes in a system IME: com.android.inputmethod.pinyin
I/ActivityManager(  307): Start proc com.android.inputmethod.latin for service com.android.inputmethod.latin/.LatinIME: pid=447 uid=10010 gids={50010, 1028}
I/CommonTimeManagementService(  307): No common time service detected on this platform.  Common time services will be unavailable.
I/InputReader(  307): Reconfiguring input devices.  changes=0x00000020
I/ActivityManager(  307): Start proc com.android.phone for added application com.android.phone: pid=462 uid=1001 gids={41001, 3002, 3001, 3003, 1015, 1028}
I/InputReader(  307): Reconfiguring input devices.  changes=0x00000010
I/ActivityManager(  307): START u0 {act=android.intent.action.MAIN cat=[android.intent.category.HOME] flg=0x10000000 cmp=com.android.launcher/com.android.launcher2.Launcher} from pid 0
D/dalvikvm(  307): GC_CONCURRENT freed 363K, 9% free 4841K/5268K, paused 9ms+97ms, total 943ms
I/ActivityManager(  307): Start proc com.android.launcher for activity com.android.launcher/com.android.launcher2.Launcher: pid=482 uid=10020 gids={50020, 1028}
I/SystemServer(  307): Enabled StrictMode for system server main thread.
E/Trace   (  447): error opening trace file: No such file or directory (2)
E/ThrottleService(  307): problem during onPollAlarm: java.lang.IllegalStateException: problem parsing stats: java.io.FileNotFoundException: /proc/net/xt_qtaguid/iface_stat_all: open failed: ENOENT (No such file or directory)
D/dalvikvm(  307): GC_FOR_ALLOC freed 82K, 8% free 5040K/5476K, paused 158ms, total 161ms
E/Trace   (  462): error opening trace file: No such file or directory (2)
E/Trace   (  482): error opening trace file: No such file or directory (2)
I/LatinIME(  447): Hardware accelerated drawing: false
W/TelephonyProvider(  462): onCreate: confFile=/system/etc/apns-conf.xml oldCheckSum=-1
D/TelephonyManager(  462): getLteOnCdmaMode=0 curVal=-1 product_type='' lteOnCdmaProductType=''
D/dalvikvm(  409): GC_FOR_ALLOC freed 88K, 6% free 2664K/2808K, paused 306ms, total 321ms
I/dalvikvm-heap(  409): Grow heap (frag case) to 3.259MB for 635812-byte allocation
D/dalvikvm(  307): GC_CONCURRENT freed 314K, 7% free 5393K/5772K, paused 6ms+6ms, total 379ms
D/dalvikvm(  307): WAIT_FOR_CONCURRENT_GC blocked 80ms
D/dalvikvm(  307): WAIT_FOR_CONCURRENT_GC blocked 255ms
D/dalvikvm(  409): GC_CONCURRENT freed 5K, 5% free 3280K/3432K, paused 4ms+266ms, total 284ms
E/SurfaceFlinger(   37): ro.sf.lcd_density must be defined as a build property
D/gralloc_goldfish(  307): Emulator without GPU emulation detected.
I/Choreographer(  307): Skipped 2534 frames!  The application may be doing too much work on its main thread.
W/InputAttributes(  447): No editor info for this field. Bug?
V/TAG     (  307): bug 7643792: fitSystemWindows([0,0][0,0])
D/TelephonyManager(  462): getLteOnCdmaMode=0 curVal=-1 product_type='' lteOnCdmaProductType=''
D/TelephonyManager(  462): getLteOnCdmaMode=0 curVal=-1 product_type='' lteOnCdmaProductType=''
V/TAG     (  307): bug 7643792: fitSystemWindows([0,0][0,0])
E/ActivityThread(  447): Failed to find provider info for com.android.inputmethod.latin.dictionarypack
E/BinaryDictionaryGetter(  447): Could not find a dictionary pack
D/dalvikvm(  307): GC_CONCURRENT freed 674K, 12% free 5476K/6212K, paused 6ms+81ms, total 1755ms
D/dalvikvm(  307): WAIT_FOR_CONCURRENT_GC blocked 114ms
I/Choreographer(  307): Skipped 184 frames!  The application may be doing too much work on its main thread.
W/InputMethodManagerService(  307): Found no subtypes in a system IME: com.android.inputmethod.pinyin
D/dalvikvm(  307): GREF has increased to 301
E/SurfaceFlinger(   37): ro.sf.lcd_density must be defined as a build property
D/dalvikvm(  447): GC_CONCURRENT freed 270K, 12% free 2504K/2832K, paused 24ms+2ms, total 506ms
E/StrictMode(  447): A resource was acquired at attached stack trace but never released. See java.io.Closeable for information on avoiding resource leaks.
E/StrictMode(  447): java.lang.Throwable: Explicit termination method 'close' not called
E/StrictMode(  447): 	at dalvik.system.CloseGuard.open(CloseGuard.java:184)
E/StrictMode(  447): 	at android.os.ParcelFileDescriptor.<init>(ParcelFileDescriptor.java:412)
E/StrictMode(  447): 	at android.content.res.AssetManager.openNonAssetFdNative(Native Method)
E/StrictMode(  447): 	at android.content.res.AssetManager.openNonAssetFd(AssetManager.java:428)
E/StrictMode(  447): 	at android.content.res.Resources.openRawResourceFd(Resources.java:979)
E/StrictMode(  447): 	at com.android.inputmethod.latin.BinaryDictionaryGetter.loadFallbackResource(BinaryDictionaryGetter.java:183)
E/StrictMode(  447): 	at com.android.inputmethod.latin.BinaryDictionaryGetter.getDictionaryFiles(BinaryDictionaryGetter.java:456)
E/StrictMode(  447): 	at com.android.inputmethod.latin.DictionaryFactory.createMainDictionaryFromManager(DictionaryFactory.java:57)
E/StrictMode(  447): 	at com.android.inputmethod.latin.DictionaryFactory.createMainDictionaryFromManager(DictionaryFactory.java:87)
E/StrictMode(  447): 	at com.android.inputmethod.latin.Suggest$1.run(Suggest.java:108)
E/BluetoothAdapter(  409): Bluetooth binder is null
E/BluetoothAdapter(  409): Bluetooth binder is null
W/Settings(  462): Setting airplane_mode_on has moved from android.provider.Settings.System to android.provider.Settings.Global, returning read-only value.
W/Settings(  462): Setting auto_time has moved from android.provider.Settings.System to android.provider.Settings.Global, returning read-only global URI.
W/Settings(  462): Setting auto_time_zone has moved from android.provider.Settings.System to android.provider.Settings.Global, returning read-only global URI.
I/ActivityManager(  307): Start proc android.process.acore for content provider com.android.providers.userdictionary/.UserDictionaryProvider: pid=535 uid=10001 gids={50001, 3003, 1015, 1028}
W/ActivityManager(  307): Unable to start service Intent { act=com.android.internal.telephony.IWapPushManager } U=0: not found
D/dalvikvm(  307): GC_FOR_ALLOC freed 128K, 14% free 5401K/6212K, paused 689ms, total 690ms
I/dalvikvm-heap(  307): Grow heap (frag case) to 6.410MB for 1128976-byte allocation
D/dalvikvm(  307): GC_FOR_ALLOC freed 3K, 12% free 6500K/7316K, paused 235ms, total 235ms
W/WindowManager(  307): Window freeze timeout expired.
W/WindowManager(  307): Force clearing orientation change: Window{40e8f7e8 u0 Keyguard}
W/ProcessStats(  307): Skipping unknown process pid 553
W/ProcessStats(  307): Skipping unknown process pid 555
E/BluetoothAdapter(  409): Bluetooth binder is null
D/        (  462): [ApnContext:default] set reason as dataEnabled,current state IDLE
D/        (  462): [ApnContext:default] setRetryCount: 0
E/Trace   (  535): error opening trace file: No such file or directory (2)
D/        (  462): [ApnContext:mms] set reason as dataEnabled,current state IDLE
D/        (  462): [ApnContext:mms] setRetryCount: 0
D/        (  462): [ApnContext:supl] set reason as dataEnabled,current state IDLE
D/        (  462): [ApnContext:supl] setRetryCount: 0
D/        (  462): [ApnContext:hipri] set reason as dataEnabled,current state IDLE
I/Choreographer(  307): Skipped 634 frames!  The application may be doing too much work on its main thread.
D/        (  462): [ApnContext:hipri] setRetryCount: 0
D/        (  462): [ApnContext:fota] set reason as dataEnabled,current state IDLE
D/        (  462): [ApnContext:fota] setRetryCount: 0
D/        (  462): [ApnContext:ims] set reason as dataEnabled,current state IDLE
D/        (  462): [ApnContext:ims] setRetryCount: 0
D/        (  462): [ApnContext:cbs] set reason as dataEnabled,current state IDLE
D/        (  462): [ApnContext:cbs] setRetryCount: 0
D/dalvikvm(  482): GC_CONCURRENT freed 176K, 9% free 2605K/2836K, paused 6ms+14ms, total 240ms
D/dalvikvm(  462): GC_CONCURRENT freed 197K, 9% free 2572K/2824K, paused 4ms+3ms, total 699ms
D/TelephonyManager(  462): getLteOnCdmaMode=0 curVal=-1 product_type='' lteOnCdmaProductType=''
D/CallManager(  462): registerPhone(GSM Handler (com.android.internal.telephony.PhoneProxy) {40d01cf8})
D/dalvikvm(  307): GC_CONCURRENT freed 255K, 11% free 6525K/7316K, paused 24ms+1093ms, total 2445ms
E/BluetoothAdapter(  462): Bluetooth binder is null
I/Choreographer(  307): Skipped 457 frames!  The application may be doing too much work on its main thread.
D/dalvikvm(  409): GC_CONCURRENT freed 68K, 4% free 3651K/3776K, paused 476ms+173ms, total 943ms
E/BluetoothAdapter(  462): Bluetooth binder is null
I/Choreographer(  307): Skipped 119 frames!  The application may be doing too much work on its main thread.
E/BluetoothAdapter(  409): Bluetooth binder is null
I/ActivityManager(  307): Start proc com.android.music for broadcast com.android.music/.MediaButtonIntentReceiver: pid=574 uid=10025 gids={50025, 3003, 1015, 1028}
W/ActivityManager(  307): Activity idle timeout for ActivityRecord{40f85f88 u0 com.android.launcher/com.android.launcher2.Launcher}
I/dalvikvm(  574): Turning on JNI app bug workarounds for target SDK version 9...
I/Choreographer(  307): Skipped 47 frames!  The application may be doing too much work on its main thread.
E/Trace   (  574): error opening trace file: No such file or directory (2)
D/DebugService(  462): DebugService DebugService:
D/TelephonyDebugService(  462): TelephonyDebugService()
D/dalvikvm(  462): GC_CONCURRENT freed 324K, 13% free 2647K/3028K, paused 4ms+9ms, total 103ms
I/ActivityManager(  307): Start proc com.android.contacts for broadcast com.android.contacts/.calllog.CallLogReceiver: pid=599 uid=10001 gids={50001, 3003, 1015, 1028}
I/AudioService(  307):   Remote Control   registerMediaButtonIntent() for PendingIntent{411a7548: PendingIntentRecord{411a73a8 com.android.music broadcastIntent}}
W/ActivityManager(  307): Timeout executing service: ServiceRecord{40eda030 u0 com.android.systemui/.SystemUIService}
I/ActivityManager(  307): Start proc android.process.media for content provider com.android.providers.media/.MediaProvider: pid=617 uid=10000 gids={50000, 1015, 1023, 1024, 1028, 1006, 2001, 3003, 3007}
E/Trace   (  599): error opening trace file: No such file or directory (2)
I/Process (  307): Sending signal. PID: 409 SIG: 3
I/dalvikvm(  409): threadid=3: reacting to signal 3
I/Process (  307): Sending signal. PID: 307 SIG: 3
I/dalvikvm(  307): threadid=3: reacting to signal 3
I/dalvikvm(  409): Wrote stack traces to '/data/anr/traces.txt'
I/Process (  307): Sending signal. PID: 462 SIG: 3
I/dalvikvm(  462): threadid=3: reacting to signal 3
I/dalvikvm(  307): Wrote stack traces to '/data/anr/traces.txt'
E/SoundPool(  307): error loading /system/media/audio/ui/Effect_Tick.ogg
W/AudioService(  307): Soundpool could not load file: /system/media/audio/ui/Effect_Tick.ogg
E/SoundPool(  307): error loading /system/media/audio/ui/Effect_Tick.ogg
W/AudioService(  307): Soundpool could not load file: /system/media/audio/ui/Effect_Tick.ogg
E/SoundPool(  307): error loading /system/media/audio/ui/Effect_Tick.ogg
W/AudioService(  307): Soundpool could not load file: /system/media/audio/ui/Effect_Tick.ogg
E/SoundPool(  307): error loading /system/media/audio/ui/Effect_Tick.ogg
W/AudioService(  307): Soundpool could not load file: /system/media/audio/ui/Effect_Tick.ogg
E/SoundPool(  307): error loading /system/media/audio/ui/Effect_Tick.ogg
W/AudioService(  307): Soundpool could not load file: /system/media/audio/ui/Effect_Tick.ogg
E/SoundPool(  307): error loading /system/media/audio/ui/KeypressStandard.ogg
W/AudioService(  307): Soundpool could not load file: /system/media/audio/ui/KeypressStandard.ogg
E/SoundPool(  307): error loading /system/media/audio/ui/KeypressSpacebar.ogg
W/AudioService(  307): Soundpool could not load file: /system/media/audio/ui/KeypressSpacebar.ogg
E/SoundPool(  307): error loading /system/media/audio/ui/KeypressDelete.ogg
W/AudioService(  307): Soundpool could not load file: /system/media/audio/ui/KeypressDelete.ogg
E/SoundPool(  307): error loading /system/media/audio/ui/KeypressReturn.ogg
W/AudioService(  307): Soundpool could not load file: /system/media/audio/ui/KeypressReturn.ogg
E/BluetoothAdapter(  307): Bluetooth binder is null
E/BluetoothAdapter(  307): Bluetooth binder is null
W/AudioService(  307): loadSoundEffects(), Error -1 while loading samples
V/WiredAccessoryManager(  307): init()
E/Trace   (  617): error opening trace file: No such file or directory (2)
D/dalvikvm(  307): GC_CONCURRENT freed 1934K, 27% free 5627K/7624K, paused 33ms+124ms, total 1702ms
I/dalvikvm(  462): Wrote stack traces to '/data/anr/traces.txt'
W/Settings(  462): Setting auto_time_zone has moved from android.provider.Settings.System to android.provider.Settings.Global, returning read-only value.
I/LocationBlacklist(  307): whitelist: []
I/LocationBlacklist(  307): blacklist: []
D/PhoneStatusBar(  409): disable: < expand icons alerts ticker system_info back home recent clock search >
E/BluetoothAdapter(  409): Bluetooth binder is null
D/SystemUIService(  409): loading: class com.android.systemui.power.PowerUI
D/SystemUIService(  409): running: com.android.systemui.power.PowerUI@40e3f640
D/SystemUIService(  409): loading: class com.android.systemui.media.RingtonePlayer
D/SystemUIService(  409): running: com.android.systemui.media.RingtonePlayer@40e402c0
W/dalvikvm(  535): threadid=2: spin on suspend #1 threadid=1 (pcf=0)
D/dalvikvm(  482): GC_CONCURRENT freed 96K, 5% free 2989K/3140K, paused 5ms+106ms, total 380ms
I/Choreographer(  409): Skipped 5483 frames!  The application may be doing too much work on its main thread.
I/DownloadManager(  617): in removeSpuriousFiles
W/dalvikvm(  535): threadid=2: spin on suspend #2 threadid=1 (pcf=0)
I/dalvikvm(  535): "GC" daemon prio=5 tid=2 RUNNABLE
I/dalvikvm(  535):   | group="system" sCount=0 dsCount=0 obj=0x40cc8db0 self=0x2a026c98
I/dalvikvm(  535):   | sysTid=537 nice=0 sched=0/0 cgrp=apps handle=704808696
I/dalvikvm(  535):   | state=R schedstat=( 190095009 2796012181 41 ) utm=2 stm=17 core=0
I/dalvikvm(  535):   at dalvik.system.NativeStart.run(Native Method)
I/dalvikvm(  535): 
I/dalvikvm(  535): "main" prio=5 tid=1 RUNNABLE
I/dalvikvm(  535):   | group="main" sCount=1 dsCount=0 obj=0x40a729a0 self=0x2a00bba8
I/dalvikvm(  535):   | sysTid=535 nice=0 sched=0/0 cgrp=apps handle=1073849308
I/dalvikvm(  535):   | state=S schedstat=( 765471053 8534428583 236 ) utm=33 stm=43 core=0
D/dalvikvm(  307): GC_EXPLICIT freed 363K, 25% free 5721K/7624K, paused 377ms+329ms, total 2220ms
D/CAT     (  462): CatService: Running CAT service. STK app installed:false
D/CAT     (  462): CatService: NEW sInstance
I/RecoverySystem(  307): No recovery log file
D/dalvikvm(  307): GREF has increased to 401
D/dalvikvm(   38): GC_EXPLICIT freed 34K, 4% free 2381K/2472K, paused 3ms+13ms, total 93ms
I/ActivityManager(  307): Start proc com.android.deskclock for broadcast com.android.deskclock/.AlarmInitReceiver: pid=691 uid=10006 gids={50006, 1028}
D/dalvikvm(   38): GC_EXPLICIT freed <1K, 4% free 2382K/2472K, paused 3ms+3ms, total 158ms
D/dalvikvm(   38): GC_EXPLICIT freed <1K, 4% free 2382K/2472K, paused 3ms+3ms, total 61ms
E/SurfaceFlinger(   37): ro.sf.lcd_density must be defined as a build property
I/Choreographer(  307): Skipped 110 frames!  The application may be doing too much work on its main thread.
V/TAG     (  307): bug 7643792: fitSystemWindows([0,38][0,0])
E/Trace   (  691): error opening trace file: No such file or directory (2)
E/SurfaceFlinger(   37): ro.sf.lcd_density must be defined as a build property
I/Process (  307): Sending signal. PID: 482 SIG: 3
I/dalvikvm(  482): threadid=3: reacting to signal 3
I/Choreographer(  307): Skipped 194 frames!  The application may be doing too much work on its main thread.
D/PhoneStatusBar(  409): disable: < expand icons alerts ticker system_info BACK* HOME* RECENT* CLOCK* SEARCH* >
I/dalvikvm(  482): Wrote stack traces to '/data/anr/traces.txt'
W/WindowManager(  307): Window freeze timeout expired.
W/WindowManager(  307): Force clearing orientation change: Window{41044588 u0 StatusBar}
I/Choreographer(  482): Skipped 66 frames!  The application may be doing too much work on its main thread.
E/ActivityManager(  307): ANR in com.android.systemui
E/ActivityManager(  307): Reason: Executing service com.android.systemui/.SystemUIService
E/ActivityManager(  307): Load: 8.4 / 2.19 / 0.74
E/ActivityManager(  307): CPU usage from 1666ms to -14801ms ago:
E/ActivityManager(  307):   19% 307/system_server: 12% user + 7.9% kernel / faults: 3159 minor 7 major
E/ActivityManager(  307):   15% 37/surfaceflinger: 11% user + 3.4% kernel / faults: 4 minor
E/ActivityManager(  307):   5.8% 482/com.android.launcher: 3.3% user + 2.5% kernel / faults: 4172 minor 1 major
E/ActivityManager(  307):   4.9% 462/com.android.phone: 3.3% user + 1.6% kernel / faults: 730 minor 6 major
E/ActivityManager(  307):   4.6% 409/com.android.systemui: 3.1% user + 1.5% kernel / faults: 1276 minor 4 major
E/ActivityManager(  307):   3% 82/bootanimation: 2.1% user + 0.9% kernel
E/ActivityManager(  307):   2.4% 535/android.process.acore: 1.3% user + 1% kernel / faults: 1117 minor
E/ActivityManager(  307):   1.7% 574/com.android.music: 0.8% user + 0.9% kernel / faults: 642 minor 2 major
E/ActivityManager(  307):   0.7% 38/zygote: 0.6% user + 0% kernel / faults: 386 minor
E/ActivityManager(  307):   0.8% 48/adbd: 0.1% user + 0.6% kernel / faults: 181 minor
E/ActivityManager(  307):   0.1% 40/mediaserver: 0.1% user + 0% kernel
E/ActivityManager(  307):   0.1% 1//init: 0% user + 0.1% kernel / faults: 12 minor
E/ActivityManager(  307):   0.1% 414/fsck_msdos: 0% user + 0.1% kernel / faults: 285 minor
E/ActivityManager(  307):   0% 31/servicemanager: 0% user + 0% kernel
E/ActivityManager(  307):   0% 36/rild: 0% user + 0% kernel / faults: 3 minor
E/ActivityManager(  307):  +0% 599/com.android.contacts: 0% user + 0% kernel
E/ActivityManager(  307):  +0% 617/android.process.media: 0% user + 0% kernel
E/ActivityManager(  307):  +0% 691/com.android.deskclock: 0% user + 0% kernel
E/ActivityManager(  307): 100% TOTAL: 61% user + 37% kernel + 0.1% softirq
E/ActivityManager(  307): CPU usage from 9982ms to 12811ms later:
E/ActivityManager(  307):   24% 307/system_server: 15% user + 8.9% kernel / faults: 323 minor
E/ActivityManager(  307):     10% 327/ActivityManager: 7% user + 3.8% kernel
E/ActivityManager(  307):     3.1% 314/Compiler: 1.1% user + 1.9% kernel
E/ActivityManager(  307):     3.1% 324/er.ServerThread: 2.3% user + 0.7% kernel
E/ActivityManager(  307):     3.1% 640/Binder_9: 1.5% user + 1.5% kernel
E/ActivityManager(  307):     2.3% 552/Binder_6: 1.9% user + 0.3% kernel
E/ActivityManager(  307):     1.5% 636/Binder_8: 1.5% user + 0% kernel
E/ActivityManager(  307):     1.1% 307/system_server: 1.1% user + 0% kernel
E/ActivityManager(  307):     0.7% 362/PowerManagerSer: 0.7% user + 0% kernel
E/ActivityManager(  307):     0.7% 515/Binder_4: 0.7% user + 0% kernel
E/ActivityManager(  307):     0.7% 532/Binder_5: 0.7% user + 0% kernel
E/ActivityManager(  307):     0.3% 322/Binder_2: 0.3% user + 0% kernel
E/ActivityManager(  307):     0.3% 634/Binder_7: 0.3% user + 0% kernel
E/ActivityManager(  307):   14% 37/surfaceflinger: 11% user + 3.2% kernel
E/ActivityManager(  307):     11% 66/SurfaceFlinger: 10% user + 1% kernel
E/ActivityManager(  307):     0.7% 76/VSyncThread: 0% user + 0.7% kernel
E/ActivityManager(  307):     0.7% 81/Binder_1: 0.3% user + 0.3% kernel
E/ActivityManager(  307):     0.3% 37/surfaceflinger: 0.3% user + 0% kernel
E/ActivityManager(  307):     0.3% 80/EventThread: 0% user + 0.3% kernel
E/ActivityManager(  307):     0.3% 514/Binder_2: 0% user + 0.3% kernel
E/ActivityManager(  307):   6.8% 482/com.android.launcher: 4% user + 2.8% kernel / faults: 384 minor
E/ActivityManager(  307):     7.6% 482/ndroid.launcher: 4.8% user + 2.8% kernel
E/ActivityManager(  307):     4.8% 490/Compiler: 2% user + 2.8% kernel
E/ActivityManager(  307):     0.4% 484/GC: 0.4% user + 0% kernel
E/ActivityManager(  307):   6.7% 617/android.process.media: 2.6% user + 4% kernel / faults: 13 minor
E/ActivityManager(  307):     0.4% 625/Compiler: 0.4% user + 0% kernel
E/ActivityManager(  307):     0.4% 681/Binder_3: 0.4% user + 0% kernel
E/ActivityManager(  307):   1.5% 38/zygote: 1.5% user + 0% kernel / faults: 188 minor
E/ActivityManager(  307):     1.6% 38/zygote: 1.6% user + 0% kernel
E/ActivityManager(  307):    +0% 692/ReferenceQueueD: 0% user + 0% kernel
E/ActivityManager(  307):    +0% 694/FinalizerDaemon: 0% user + 0% kernel
E/ActivityManager(  307):    +0% 697/FinalizerWatchd: 0% user + 0% kernel
E/ActivityManager(  307):   4.6% 409/com.android.systemui: 4.2% user + 0.3% kernel / faults: 275 minor
E/ActivityManager(  307):     8.8% 409/ndroid.systemui: 7.4% user + 1.4% kernel
E/ActivityManager(  307):     0.7% 433/Compiler: 0.7% user + 0% kernel
E/ActivityManager(  307):   2.4% 462/com.android.phone: 1.1% user + 1.3% kernel / faults: 49 minor
E/ActivityManager(  307):     1.3% 495/Binder_2: 0.2% user + 1.1% kernel
E/ActivityManager(  307):     0.8% 462/m.android.phone: 0.2% user + 0.5% kernel
E/ActivityManager(  307):     0.5% 494/Binder_1: 0.2% user + 0.2% kernel
E/ActivityManager(  307):     0.2% 473/Compiler: 0% user + 0.2% kernel
E/ActivityManager(  307):     0.2% 524/RILSender: 0.2% user + 0% kernel
E/ActivityManager(  307):     0.2% 590/Binder_3: 0% user + 0.2% kernel
E/ActivityManager(  307):   2.3% 82/bootanimation: 1.5% user + 0.7% kernel
E/ActivityManager(  307):     3% 101/BootAnimation: 1.9% user + 1.1% kernel
E/ActivityManager(  307):   1.5% 48/adbd: 0% user + 1.5% kernel / faults: 24 minor
E/ActivityManager(  307):     0.7% 48/adbd: 0% user + 0.7% kernel
E/ActivityManager(  307):     0.3% 282/adbd: 0% user + 0.3% kernel
E/ActivityManager(  307):     0.3% 283/adbd: 0% user + 0.3% kernel
E/ActivityManager(  307):   0.3% 40/mediaserver: 0.2% user + 0.1% kernel
E/ActivityManager(  307):     0.3% 133/AudioOut_2: 0.1% user + 0.2% kernel
E/ActivityManager(  307):  +0% 691/com.android.deskclock: 0% user + 0% kernel
E/ActivityManager(  307): 100% TOTAL: 66% user + 33% kernel + 0.4% softirq
W/ActivityManager(  307): Killing ProcessRecord{40eda890 409:com.android.systemui/u0a10034}: background ANR
W/ActivityManager(  307): Timeout executing service: ServiceRecord{40f67a20 u0 com.android.inputmethod.latin/.LatinIME}
I/Process (  307): Sending signal. PID: 447 SIG: 3
I/dalvikvm(  447): threadid=3: reacting to signal 3
I/Process (  307): Sending signal. PID: 307 SIG: 3
I/dalvikvm(  307): threadid=3: reacting to signal 3
D/gralloc_goldfish(  482): Emulator without GPU emulation detected.
I/dalvikvm(  447): Wrote stack traces to '/data/anr/traces.txt'
I/dalvikvm(  535):   at java.lang.String.substring(String.java:~1432)
I/dalvikvm(  535):   at java.util.regex.Splitter.finishSplit(Splitter.java:105)
I/dalvikvm(  535):   at java.util.regex.Splitter.fastSplit(Splitter.java:75)
I/dalvikvm(  535):   at java.util.regex.Splitter.split(Splitter.java:79)
I/dalvikvm(  535):   at java.util.regex.Pattern.split(Pattern.java:329)
I/dalvikvm(  535):   at java.util.regex.Pattern.split(Pattern.java:336)
I/dalvikvm(  535):   at android.app.ActivityThread.installProviderAuthoritiesLocked(ActivityThread.java:4741)
I/dalvikvm(  535):   at android.app.ActivityThread.installProvider(ActivityThread.java:4853)
I/dalvikvm(  535):   at android.app.ActivityThread.installContentProviders(ActivityThread.java:4432)
I/dalvikvm(  535):   at android.app.ActivityThread.handleBindApplication(ActivityThread.java:4372)
I/dalvikvm(  535):   at android.app.ActivityThread.access$1300(ActivityThread.java:141)
I/dalvikvm(  535):   at android.app.ActivityThread$H.handleMessage(ActivityThread.java:1294)
I/dalvikvm(  535):   at android.os.Handler.dispatchMessage(Handler.java:99)
I/dalvikvm(  535):   at android.os.Looper.loop(Looper.java:137)
I/dalvikvm(  535):   at android.app.ActivityThread.main(ActivityThread.java:5041)
I/dalvikvm(  535):   at java.lang.reflect.Method.invokeNative(Native Method)
I/dalvikvm(  535):   at java.lang.reflect.Method.invoke(Method.java:511)
I/dalvikvm(  535):   at com.android.internal.os.ZygoteInit$MethodAndArgsCaller.run(ZygoteInit.java:793)
I/dalvikvm(  535):   at com.android.internal.os.ZygoteInit.main(ZygoteInit.java:560)
I/dalvikvm(  535):   at dalvik.system.NativeStart.main(Native Method)
I/dalvikvm(  535): 
W/dalvikvm(  535): threadid=2: spin on suspend resolved in 9329 msec
D/dalvikvm(  535): GC_CONCURRENT freed 174K, 9% free 2611K/2840K, paused 551ms+9340ms, total 12189ms
I/dalvikvm(  307): Wrote stack traces to '/data/anr/traces.txt'
I/Process (  307): Sending signal. PID: 409 SIG: 3
V/AlarmClock(  691): No next alarm
I/Process (  307): Sending signal. PID: 462 SIG: 3
I/dalvikvm(  462): threadid=3: reacting to signal 3
D/dalvikvm(  307): GC_CONCURRENT freed 602K, 22% free 5961K/7624K, paused 6ms+1080ms, total 1765ms
D/dalvikvm(  307): WAIT_FOR_CONCURRENT_GC blocked 441ms
I/ActivityManager(  307): Displayed com.android.launcher/com.android.launcher2.Launcher: +36s170ms
V/AlarmClock(  691): AlarmInitReceiver - Reset timers and clear stopwatch data
V/AlarmClock(  691): No next alarm
V/AlarmClock(  691): AlarmInitReceiver finished
I/dalvikvm(  462): Wrote stack traces to '/data/anr/traces.txt'
D/CAT     (  462): CatService: SIM ready. Reporting STK service running now...
W/ProcessStats(  307): Skipping unknown process pid 720
D/dalvikvm(  482): GC_CONCURRENT freed 174K, 7% free 3205K/3436K, paused 4ms+3ms, total 219ms
W/InputDispatcher(  307): channel '41044588 StatusBar (server)' ~ Consumer closed input channel or an error occurred.  events=0x9
E/InputDispatcher(  307): channel '41044588 StatusBar (server)' ~ Channel is unrecoverably broken and will be disposed!
I/WindowState(  307): WIN DEATH: Window{41044588 u0 StatusBar}
W/InputDispatcher(  307): Attempted to unregister already unregistered input channel '41044588 StatusBar (server)'
W/WallpaperService(  307): Wallpaper service gone: ComponentInfo{com.android.systemui/com.android.systemui.ImageWallpaper}
I/Choreographer(  307): Skipped 35 frames!  The application may be doing too much work on its main thread.
I/ActivityManager(  307): Process com.android.systemui (pid 409) has died.
W/ActivityManager(  307): Scheduling restart of crashed service com.android.systemui/.ImageWallpaper in 0ms
W/ActivityManager(  307): Scheduling restart of crashed service com.android.systemui/.SystemUIService in 0ms
I/ActivityManager(  307): Start proc com.android.systemui for restart com.android.systemui: pid=742 uid=10034 gids={50034, 1028, 1015, 3002, 3001}
W/WindowManager(  307): Window freeze timeout expired.
W/WindowManager(  307): Force clearing orientation change: Window{40e8f7e8 u0 Keyguard}
I/Choreographer(  307): Skipped 76 frames!  The application may be doing too much work on its main thread.
W/BroadcastQueue(  307): Failure sending broadcast Intent { act=android.intent.action.SIM_STATE_CHANGED flg=0x20000010 (has extras) }
W/BroadcastQueue(  307): android.os.DeadObjectException
W/BroadcastQueue(  307): 	at android.os.BinderProxy.transact(Native Method)
W/BroadcastQueue(  307): 	at android.content.IIntentReceiver$Stub$Proxy.performReceive(IIntentReceiver.java:124)
W/BroadcastQueue(  307): 	at com.android.server.am.BroadcastQueue.performReceiveLocked(BroadcastQueue.java:376)
W/BroadcastQueue(  307): 	at com.android.server.am.BroadcastQueue.deliverToRegisteredReceiverLocked(BroadcastQueue.java:439)
W/BroadcastQueue(  307): 	at com.android.server.am.BroadcastQueue.processNextBroadcast(BroadcastQueue.java:487)
W/BroadcastQueue(  307): 	at com.android.server.am.ActivityManagerService.finishReceiver(ActivityManagerService.java:12082)
W/BroadcastQueue(  307): 	at android.app.ActivityManagerNative.onTransact(ActivityManagerNative.java:375)
W/BroadcastQueue(  307): 	at com.android.server.am.ActivityManagerService.onTransact(ActivityManagerService.java:1674)
W/BroadcastQueue(  307): 	at android.os.Binder.execTransact(Binder.java:351)
W/BroadcastQueue(  307): 	at dalvik.system.NativeStart.run(Native Method)
W/BroadcastQueue(  307): Failure sending broadcast Intent { act=android.intent.action.SIM_STATE_CHANGED flg=0x20000010 (has extras) }
W/BroadcastQueue(  307): android.os.DeadObjectException
W/BroadcastQueue(  307): 	at android.os.BinderProxy.transact(Native Method)
W/BroadcastQueue(  307): 	at android.content.IIntentReceiver$Stub$Proxy.performReceive(IIntentReceiver.java:124)
W/BroadcastQueue(  307): 	at com.android.server.am.BroadcastQueue.performReceiveLocked(BroadcastQueue.java:376)
W/BroadcastQueue(  307): 	at com.android.server.am.BroadcastQueue.deliverToRegisteredReceiverLocked(BroadcastQueue.java:439)
W/BroadcastQueue(  307): 	at com.android.server.am.BroadcastQueue.processNextBroadcast(BroadcastQueue.java:487)
W/BroadcastQueue(  307): 	at com.android.server.am.ActivityManagerService.finishReceiver(ActivityManagerService.java:12082)
W/BroadcastQueue(  307): 	at android.app.ActivityManagerNative.onTransact(ActivityManagerNative.java:375)
W/BroadcastQueue(  307): 	at com.android.server.am.ActivityManagerService.onTransact(ActivityManagerService.java:1674)
W/BroadcastQueue(  307): 	at android.os.Binder.execTransact(Binder.java:351)
W/BroadcastQueue(  307): 	at dalvik.system.NativeStart.run(Native Method)
V/TAG     (  307): bug 7643792: fitSystemWindows([0,0][0,0])
D/dalvikvm(  307): GC_CONCURRENT freed 1143K, 25% free 5735K/7624K, paused 542ms+72ms, total 3577ms
D/dalvikvm(  307): WAIT_FOR_CONCURRENT_GC blocked 2929ms
E/Trace   (  742): error opening trace file: No such file or directory (2)
I/Choreographer(  307): Skipped 259 frames!  The application may be doing too much work on its main thread.
D/dalvikvm(  307): GC_EXPLICIT freed 294K, 26% free 5696K/7624K, paused 16ms+35ms, total 446ms
