W/PackageManager(  297): Unknown permission com.google.android.googleapps.permission.GOOGLE_AUTH.YouTubeUser in package com.android.development
W/PackageManager(  297): Unknown permission com.google.android.gallery3d.permission.GALLERY_PROVIDER in package com.android.email
W/PackageManager(  297): Not granting permission android.permission.DEVICE_POWER to package com.android.deskclock (protectionLevel=2 flags=0x8be45)
D/dalvikvm(  297): GC_CONCURRENT freed 252K, 8% free 3770K/4080K, paused 5ms+17ms, total 133ms
D/dalvikvm(  297): GC_EXPLICIT freed 225K, 12% free 3639K/4112K, paused 3ms+5ms, total 69ms
I/SystemServer(  297): User Service
I/SystemServer(  297): Account Manager
I/SystemServer(  297): Content Manager
I/SystemServer(  297): System Content Providers
I/SystemServer(  297): Lights Service
I/SystemServer(  297): Battery Service
I/SystemServer(  297): Vibrator Service
I/libsuspend(  297): Selected early suspend
I/libsuspend(  297): Starting early suspend unblocker thread
D/PermissionCache(   37): checking android.permission.ACCESS_SURFACE_FLINGER for uid=1000 => granted (2178 us)
D/SurfaceFlinger(   37): Screen acquired, type=0 flinger=0x2a007318
D/SurfaceFlinger(   37):  screen was previously acquired
I/SystemServer(  297): Alarm Manager
D/AlarmManagerService(  297): Kernel timezone updated to 0 minutes west of GMT
I/SystemServer(  297): Init Watchdog
I/SystemServer(  297): Input Manager
I/InputManager(  297): Initializing input manager, mUseDevInputEventForAudioJack=false
I/SystemServer(  297): Window Manager
E/SoundPool(  297): error loading /system/media/audio/ui/Lock.ogg
W/KeyguardViewMediator(  297): failed to load lock sound from /system/media/audio/ui/Lock.ogg
E/SoundPool(  297): error loading /system/media/audio/ui/Unlock.ogg
W/KeyguardViewMediator(  297): failed to load unlock sound from /system/media/audio/ui/Unlock.ogg
D/dalvikvm(  297): GC_CONCURRENT freed 225K, 8% free 3817K/4112K, paused 8ms+3ms, total 116ms
I/InputManager(  297): Starting input manager
I/SystemServer(  297): No Bluetooh Service (emulator)
I/SystemServer(  297): Input Method Service
W/InputMethodManagerService(  297): Couldn't create dir.: /data/system/inputmethod
I/EventHub(  297): New device: id=1, fd=90, path='/dev/input/event0', name='qwerty2', classes=0x2d, configuration='/system/usr/idc/qwerty2.idc', keyLayout='/system/usr/keylayout/qwerty.kl', keyCharacterMap='/system/usr/keychars/qwerty2.kcm', builtinKeyboard=true, usingSuspendBlockIoctl=false, usingClockIoctl=false
E/EventHub(  297): could not get driver version for /dev/input/mouse0, Not a typewriter
E/EventHub(  297): could not get driver version for /dev/input/mice, Not a typewriter
I/InputReader(  297): Device added: id=-1, name='Virtual', sources=0x00000301
I/InputReader(  297):   Touch device 'qwerty2' could not query the properties of its associated display.  The device will be inoperable until the display size becomes available.
I/InputReader(  297): Device added: id=0, name='qwerty2', sources=0x00011307
E/Trace   (  297): error opening trace file: No such file or directory (2)
I/SystemServer(  297): Accessibility Manager
I/ActivityManager(  297): Config changes=15f8 {1.0 ?mcc?mnc en_US ldltr sw320dp w320dp h508dp 240dpi nrml long port ?uimode ?night finger -keyb/v/h tball/v s.2}
I/InputReader(  297): Reconfiguring input devices.  changes=0x00000004
I/InputReader(  297): Device reconfigured: id=0, name='qwerty2', size 480x800, orientation 0, mode 1, display id 0
I/InputReader(  297): Reconfiguring input devices.  changes=0x00000004
I/InputReader(  297): Device reconfigured: id=0, name='qwerty2', size 480x800, orientation 0, mode 1, display id 0
I/SystemServer(  297): Mount Service
D/MountService(  297): got storage path: /mnt/sdcard description: USB storage primary: true removable: false emulated: false mtpReserve: 0 allowMassStorage: false maxFileSize: 0
D/MountService(  297): addVolumeLocked() StorageVolume [mStorageId=0 mPath=/mnt/sdcard mDescriptionId=17040615 mPrimary=true mRemovable=false mEmulated=false mMtpReserveSpace=0 mAllowMassStorage=false mMaxFileSize=0 mOwner=null]
I/SystemServer(  297): LockSettingsService
I/SystemServer(  297): Device Policy
I/SystemServer(  297): Status Bar
I/SystemServer(  297): Clipboard Service
I/SystemServer(  297): NetworkManagement Service
D/dalvikvm(  297): GREF has increased to 201
I/SystemServer(  297): Text Service Manager Service
D/MountService(  297): volume state changed for /mnt/sdcard (null -> unmounted)
I/PackageManager(  297): Updating external media status from unmounted to unmounted
I/SystemServer(  297): NetworkStats Service
W/MountService(  297): getSecureContainerList() called when storage not mounted
I/PackageManager(  297): No secure containers on sdcard
W/PackageManager(  297): Unknown permission com.google.android.googleapps.permission.GOOGLE_AUTH.mail in package com.android.contacts
W/PackageManager(  297): Unknown permission android.permission.ADD_SYSTEM_SERVICE in package com.android.phone
W/PackageManager(  297): Unknown permission com.android.smspush.WAPPUSH_MANAGER_BIND in package com.android.phone
W/PackageManager(  297): Unknown permission com.google.android.googleapps.permission.GOOGLE_AUTH in package com.android.providers.calendar
W/PackageManager(  297): Unknown permission com.google.android.googleapps.permission.GOOGLE_AUTH.cl in package com.android.providers.calendar
W/PackageManager(  297): Unknown permission com.google.android.googleapps.permission.GOOGLE_AUTH.mail in package com.android.calendar
W/PackageManager(  297): Not granting permission android.permission.SEND_DOWNLOAD_COMPLETED_INTENTS to package com.android.browser (protectionLevel=2 flags=0x89be45)
W/PackageManager(  297): Not granting permission android.permission.BIND_APPWIDGET to package com.android.widgetpreview (protectionLevel=18 flags=0x8be44)
W/PackageManager(  297): Unknown permission com.google.android.googleapps.permission.GOOGLE_AUTH in package com.android.settings
W/PackageManager(  297): Unknown permission com.google.android.gallery3d.permission.GALLERY_PROVIDER in package com.android.exchange
W/PackageManager(  297): Unknown permission com.google.android.googleapps.permission.ACCESS_GOOGLE_PASSWORD in package com.android.development
W/PackageManager(  297): Unknown permission com.google.android.googleapps.permission.GOOGLE_AUTH in package com.android.development
W/PackageManager(  297): Unknown permission com.google.android.googleapps.permission.GOOGLE_AUTH.ALL_SERVICES in package com.android.development
W/PackageManager(  297): Unknown permission com.google.android.googleapps.permission.GOOGLE_AUTH.YouTubeUser in package com.android.development
W/PackageManager(  297): Unknown permission com.google.android.gallery3d.permission.GALLERY_PROVIDER in package com.android.email
W/PackageManager(  297): Not granting permission android.permission.DEVICE_POWER to package com.android.deskclock (protectionLevel=2 flags=0x88be45)
I/SystemServer(  297): NetworkPolicy Service
I/SystemServer(  297): Wi-Fi P2pService
D/dalvikvm(  297): GC_CONCURRENT freed 317K, 9% free 3970K/4352K, paused 8ms+4ms, total 286ms
I/SystemServer(  297): Wi-Fi Service
E/CommandListener(   34): Failed to open /proc/sys/net/ipv6/conf/wlan0/disable_ipv6: No such file or directory
E/WifiStateMachine(  297): Failed to disable IPv6: java.lang.IllegalStateException: command '1 interface ipv6 wlan0 disable' failed with '400 1 Failed to change IPv6 state (No such file or directory)'
I/SystemServer(  297): Connectivity Service
D/ConnectivityService(  297): ConnectivityService starting up
E/MobileDataStateTracker(  297): default: Ignoring feature request because could not acquire PhoneService
E/MobileDataStateTracker(  297): default: Could not enable APN type "default"
I/WifiService(  297): WifiService starting up with Wi-Fi disabled
I/SystemServer(  297): Network Service Discovery Service
D/NsdService(  297): Network service discovery enabled true
I/SystemServer(  297): Throttle Service
I/SystemServer(  297): UpdateLock Service
I/SystemServer(  297): Notification Manager
I/SystemServer(  297): Device Storage Monitor
I/SystemServer(  297): Location Manager
I/SystemServer(  297): Country Detector
I/SystemServer(  297): Search Service
I/SystemServer(  297): DropBox Service
I/SystemServer(  297): Wallpaper Service
I/SystemServer(  297): Audio Service
D/dalvikvm(  297): GC_CONCURRENT freed 308K, 9% free 4173K/4544K, paused 5ms+7ms, total 418ms
D/dalvikvm(  297): WAIT_FOR_CONCURRENT_GC blocked 32ms
I/SystemServer(  297): Dock Observer
W/DockObserver(  297): This kernel does not have dock station support
I/SystemServer(  297): Wired Accessory Manager
W/WiredAccessoryManager(  297): This kernel does not have wired headset support
W/WiredAccessoryManager(  297): This kernel does not have usb audio support
W/WiredAccessoryManager(  297): This kernel does not have HDMI audio support
I/SystemServer(  297): USB Service
I/SystemServer(  297): Serial Service
I/SystemServer(  297): Twilight Service
I/SystemServer(  297): UI Mode Manager Service
I/SystemServer(  297): Backup Service
V/BackupManagerService(  297): No ancestral data
I/BackupManagerService(  297): Found stale backup journal, scheduling
I/BackupManagerService(  297):   android
I/BackupManagerService(  297):   com.android.browser
I/BackupManagerService(  297):   com.android.calendar
I/BackupManagerService(  297):   com.android.inputmethod.latin
I/BackupManagerService(  297):   com.android.providers.settings
I/BackupManagerService(  297):   com.android.providers.userdictionary
I/BackupManagerService(  297):   com.android.sharedstoragebackup
I/BackupManagerService(  297): Backup enabled => true
I/SystemServer(  297): AppWidget Service
I/SystemServer(  297): Recognition Service
I/SystemServer(  297): DiskStats Service
I/SystemServer(  297): SamplingProfiler Service
I/SystemServer(  297): NetworkTimeUpdateService
I/SystemServer(  297): CommonTimeManagementService
I/SystemServer(  297): CertBlacklister
I/SystemServer(  297): Dreams Service
I/WindowManager(  297): SAFE MODE not enabled
D/dalvikvm(  297): JIT started for system_server
I/ActivityManager(  297): System now ready
I/SystemServer(  297): Making services ready
I/Zygote  (  297): Process: zygote socket opened
I/ActivityManager(  297): Start proc com.android.systemui for service com.android.systemui/.SystemUIService: pid=396 uid=10034 gids={50034, 1028, 1015, 3002, 3001}
I/Vold    (   32): /dev/block/vold/179:0 being considered for volume sdcard
D/Vold    (   32): Volume sdcard state changing 1 (Idle-Unmounted) -> 3 (Checking)
D/MountService(  297): volume state changed for /mnt/sdcard (unmounted -> checking)
D/MountService(  297): sendStorageIntent Intent { act=android.intent.action.MEDIA_CHECKING dat=file:///mnt/sdcard (has extras) } to UserHandle{-1}
D/NetworkManagementService(  297): not enabling bandwidth control
I/keystore(   42): uid: 1000 action: e -> 7 state: 3 -> 3 retry: 4
W/NetworkStats(  297): bandwidth controls disabled, unable to track stats
W/NetworkPolicy(  297): bandwidth controls disabled, unable to enforce policy
I/keystore(   42): uid: 1000 action: e -> 7 state: 3 -> 3 retry: 4
I/ActivityManager(  297): Config changes=200 {1.0 ?mcc?mnc en_US ldltr sw320dp w320dp h508dp 240dpi nrml long port finger -keyb/v/h tball/v s.3}
D/dalvikvm(  297): GC_CONCURRENT freed 358K, 9% free 4336K/4748K, paused 7ms+6ms, total 1162ms
D/dalvikvm(  297): WAIT_FOR_CONCURRENT_GC blocked 324ms
D/dalvikvm(  297): WAIT_FOR_CONCURRENT_GC blocked 329ms
D/dalvikvm(  297): WAIT_FOR_CONCURRENT_GC blocked 345ms
W/RecognitionManagerService(  297): no available voice recognition services found for user 0
I/Choreographer(  297): Skipped 93 frames!  The application may be doing too much work on its main thread.
E/Trace   (  396): error opening trace file: No such file or directory (2)
D/SystemUIService(  396): loading: class com.android.systemui.statusbar.phone.PhoneStatusBar
D/SystemUIService(  396): running: com.android.systemui.statusbar.phone.PhoneStatusBar@40cd2490
I//system/bin/fsck_msdos(   32): ** /dev/block/vold/179:0
I//system/bin/fsck_msdos(   32): ** Phase 1 - Read and Compare FATs
I//system/bin/fsck_msdos(   32): Attempting to allocate 2044 KB for FAT
I/StatusBarManagerService(  297): registerStatusBar bar=com.android.internal.statusbar.IStatusBar$Stub$Proxy@40d424a0
W/InputMethodManagerService(  297): Ignoring setImeWindowStatus of uid 1000 token: null
D/dalvikvm(  297): GC_CONCURRENT freed 80K, 5% free 4689K/4892K, paused 90ms+27ms, total 634ms
D/dalvikvm(  297): WAIT_FOR_CONCURRENT_GC blocked 507ms
W/InputMethodManagerService(  297): Found no subtypes in a system IME: com.android.inputmethod.pinyin
I/ActivityManager(  297): Start proc com.android.inputmethod.latin for service com.android.inputmethod.latin/.LatinIME: pid=435 uid=10010 gids={50010, 1028}
I/CommonTimeManagementService(  297): No common time service detected on this platform.  Common time services will be unavailable.
I/InputReader(  297): Reconfiguring input devices.  changes=0x00000020
I/InputReader(  297): Reconfiguring input devices.  changes=0x00000010
I/ActivityManager(  297): Start proc com.android.phone for added application com.android.phone: pid=447 uid=1001 gids={41001, 3002, 3001, 3003, 1015, 1028}
I/ActivityManager(  297): START u0 {act=android.intent.action.MAIN cat=[android.intent.category.HOME] flg=0x10000000 cmp=com.android.launcher/com.android.launcher2.Launcher} from pid 0
E/ThrottleService(  297): problem during onPollAlarm: java.lang.IllegalStateException: problem parsing stats: java.io.FileNotFoundException: /proc/net/xt_qtaguid/iface_stat_all: open failed: ENOENT (No such file or directory)
I/ActivityManager(  297): Start proc com.android.launcher for activity com.android.launcher/com.android.launcher2.Launcher: pid=468 uid=10020 gids={50020, 1028}
I/SystemServer(  297): Enabled StrictMode for system server main thread.
D/dalvikvm(  396): GC_FOR_ALLOC freed 88K, 6% free 2664K/2808K, paused 42ms, total 46ms
I/dalvikvm-heap(  396): Grow heap (frag case) to 3.259MB for 635812-byte allocation
D/dalvikvm(  396): GC_CONCURRENT freed 5K, 5% free 3280K/3432K, paused 12ms+2ms, total 40ms
D/dalvikvm(  396): WAIT_FOR_CONCURRENT_GC blocked 15ms
D/dalvikvm(  297): GC_CONCURRENT freed 399K, 9% free 4870K/5332K, paused 25ms+69ms, total 870ms
D/dalvikvm(  297): WAIT_FOR_CONCURRENT_GC blocked 168ms
D/dalvikvm(  297): WAIT_FOR_CONCURRENT_GC blocked 649ms
D/dalvikvm(  297): WAIT_FOR_CONCURRENT_GC blocked 650ms
D/dalvikvm(  297): WAIT_FOR_CONCURRENT_GC blocked 704ms
D/dalvikvm(  297): WAIT_FOR_CONCURRENT_GC blocked 676ms
E/SurfaceFlinger(   37): ro.sf.lcd_density must be defined as a build property
D/gralloc_goldfish(  297): Emulator without GPU emulation detected.
E/Trace   (  468): error opening trace file: No such file or directory (2)
E/Trace   (  435): error opening trace file: No such file or directory (2)
E/BluetoothAdapter(  396): Bluetooth binder is null
E/BluetoothAdapter(  396): Bluetooth binder is null
D/dalvikvm(  297): GC_FOR_ALLOC freed 242K, 9% free 5067K/5540K, paused 99ms, total 103ms
I/LatinIME(  435): Hardware accelerated drawing: false
D/dalvikvm(  297): GC_CONCURRENT freed 346K, 8% free 5395K/5804K, paused 15ms+9ms, total 336ms
D/dalvikvm(  297): WAIT_FOR_CONCURRENT_GC blocked 6ms
D/dalvikvm(  297): WAIT_FOR_CONCURRENT_GC blocked 18ms
D/dalvikvm(  297): WAIT_FOR_CONCURRENT_GC blocked 35ms
D/dalvikvm(  297): WAIT_FOR_CONCURRENT_GC blocked 116ms
I/ActivityManager(  297): Start proc com.android.music for broadcast com.android.music/.MediaButtonIntentReceiver: pid=509 uid=10025 gids={50025, 3003, 1015, 1028}
I/dalvikvm(  509): Turning on JNI app bug workarounds for target SDK version 9...
D/dalvikvm(  297): GC_CONCURRENT freed 643K, 12% free 5447K/6156K, paused 101ms+56ms, total 1434ms
I/Choreographer(  297): Skipped 3064 frames!  The application may be doing too much work on its main thread.
E/Trace   (  509): error opening trace file: No such file or directory (2)
W/InputAttributes(  435): No editor info for this field. Bug?
E/ActivityThread(  435): Failed to find provider info for com.android.inputmethod.latin.dictionarypack
E/BinaryDictionaryGetter(  435): Could not find a dictionary pack
W/InputMethodManagerService(  297): Found no subtypes in a system IME: com.android.inputmethod.pinyin
I/AudioService(  297):   Remote Control   registerMediaButtonIntent() for PendingIntent{40f5e780: PendingIntentRecord{40f5f140 com.android.music broadcastIntent}}
I/ActivityManager(  297): Start proc android.process.media for content provider com.android.providers.media/.MediaProvider: pid=528 uid=10000 gids={50000, 1015, 1023, 1024, 1028, 1006, 2001, 3003, 3007}
D/dalvikvm(  297): GREF has increased to 301
E/Trace   (  528): error opening trace file: No such file or directory (2)
I/DownloadManager(  528): in removeSpuriousFiles
E/Trace   (  447): error opening trace file: No such file or directory (2)
D/dalvikvm(  297): WAIT_FOR_CONCURRENT_GC blocked 8093ms
I/LocationBlacklist(  297): whitelist: []
I/LocationBlacklist(  297): blacklist: []
E/BluetoothAdapter(  396): Bluetooth binder is null
I/ActivityManager(  297): Start proc android.process.acore for content provider com.android.providers.userdictionary/.UserDictionaryProvider: pid=552 uid=10001 gids={50001, 3003, 1015, 1028}
V/TAG     (  297): bug 7643792: fitSystemWindows([0,0][0,0])
D/dalvikvm(  396): GC_CONCURRENT freed 66K, 4% free 3636K/3760K, paused 14ms+41ms, total 161ms
V/TAG     (  297): bug 7643792: fitSystemWindows([0,0][0,0])
W/ActivityManager(  297): Activity idle timeout for ActivityRecord{40f43b38 u0 com.android.launcher/com.android.launcher2.Launcher}
I/ActivityManager(  297): Start proc com.android.contacts for broadcast com.android.contacts/.calllog.CallLogReceiver: pid=574 uid=10001 gids={50001, 3003, 1015, 1028}
I/Choreographer(  297): Skipped 306 frames!  The application may be doing too much work on its main thread.
E/BluetoothAdapter(  396): Bluetooth binder is null
E/BluetoothAdapter(  297): Bluetooth binder is null
E/BluetoothAdapter(  297): Bluetooth binder is null
V/WiredAccessoryManager(  297): init()
D/dalvikvm(  297): GC_CONCURRENT freed 679K, 12% free 5459K/6204K, paused 5ms+208ms, total 1294ms
E/Trace   (  552): error opening trace file: No such file or directory (2)
W/TelephonyProvider(  447): onCreate: confFile=/system/etc/apns-conf.xml oldCheckSum=-1
D/TelephonyManager(  447): getLteOnCdmaMode=0 curVal=-1 product_type='' lteOnCdmaProductType=''
W/WindowManager(  297): Window freeze timeout expired.
W/WindowManager(  297): Force clearing orientation change: Window{40e36038 u0 Keyguard}
E/SurfaceFlinger(   37): ro.sf.lcd_density must be defined as a build property
D/dalvikvm(  297): GC_FOR_ALLOC freed 41K, 13% free 5425K/6204K, paused 710ms, total 712ms
I/dalvikvm-heap(  297): Grow heap (frag case) to 6.433MB for 1128976-byte allocation
D/dalvikvm(  297): GC_FOR_ALLOC freed <1K, 11% free 6527K/7308K, paused 460ms, total 460ms
E/Trace   (  574): error opening trace file: No such file or directory (2)
E/SoundPool(  297): error loading /system/media/audio/ui/Effect_Tick.ogg
W/AudioService(  297): Soundpool could not load file: /system/media/audio/ui/Effect_Tick.ogg
E/SoundPool(  297): error loading /system/media/audio/ui/Effect_Tick.ogg
W/AudioService(  297): Soundpool could not load file: /system/media/audio/ui/Effect_Tick.ogg
E/SoundPool(  297): error loading /system/media/audio/ui/Effect_Tick.ogg
W/AudioService(  297): Soundpool could not load file: /system/media/audio/ui/Effect_Tick.ogg
E/SoundPool(  297): error loading /system/media/audio/ui/Effect_Tick.ogg
W/AudioService(  297): Soundpool could not load file: /system/media/audio/ui/Effect_Tick.ogg
E/SoundPool(  297): error loading /system/media/audio/ui/Effect_Tick.ogg
W/AudioService(  297): Soundpool could not load file: /system/media/audio/ui/Effect_Tick.ogg
E/SoundPool(  297): error loading /system/media/audio/ui/KeypressStandard.ogg
W/AudioService(  297): Soundpool could not load file: /system/media/audio/ui/KeypressStandard.ogg
E/SoundPool(  297): error loading /system/media/audio/ui/KeypressSpacebar.ogg
W/AudioService(  297): Soundpool could not load file: /system/media/audio/ui/KeypressSpacebar.ogg
E/SoundPool(  297): error loading /system/media/audio/ui/KeypressDelete.ogg
W/AudioService(  297): Soundpool could not load file: /system/media/audio/ui/KeypressDelete.ogg
E/SoundPool(  297): error loading /system/media/audio/ui/KeypressReturn.ogg
W/AudioService(  297): Soundpool could not load file: /system/media/audio/ui/KeypressReturn.ogg
W/AudioService(  297): loadSoundEffects(), Error -1 while loading samples
D/TelephonyManager(  447): getLteOnCdmaMode=0 curVal=-1 product_type='' lteOnCdmaProductType=''
D/TelephonyManager(  447): getLteOnCdmaMode=0 curVal=-1 product_type='' lteOnCdmaProductType=''
I/Choreographer(  297): Skipped 794 frames!  The application may be doing too much work on its main thread.
W/ActivityManager(  297): Timeout executing service: ServiceRecord{40efd618 u0 com.android.systemui/.SystemUIService}
I/Process (  297): Sending signal. PID: 396 SIG: 3
I/dalvikvm(  396): threadid=3: reacting to signal 3
I/Process (  297): Sending signal. PID: 297 SIG: 3
I/dalvikvm(  297): threadid=3: reacting to signal 3
D/dalvikvm(  468): GC_CONCURRENT freed 180K, 9% free 2604K/2840K, paused 4ms+135ms, total 488ms
I/dalvikvm(  396): Wrote stack traces to '/data/anr/traces.txt'
I//system/bin/fsck_msdos(   32): Attempting to allocate 2044 KB for FAT
I//system/bin/fsck_msdos(   32): ** Phase 2 - Check Cluster Chains
I/Process (  297): Sending signal. PID: 447 SIG: 3
I/dalvikvm(  447): threadid=3: reacting to signal 3
D/dalvikvm(  297): GC_CONCURRENT freed 39K, 11% free 6569K/7308K, paused 67ms+2975ms, total 5225ms
I/dalvikvm(  297): Wrote stack traces to '/data/anr/traces.txt'
D/PhoneStatusBar(  396): disable: < expand icons alerts ticker system_info back home recent clock search >
I/Choreographer(  297): Skipped 1221 frames!  The application may be doing too much work on its main thread.
D/dalvikvm(  468): GC_FOR_ALLOC freed 53K, 4% free 2856K/2964K, paused 595ms, total 618ms
I/dalvikvm-heap(  468): Grow heap (frag case) to 4.213MB for 1440016-byte allocation
D/dalvikvm(  468): GC_CONCURRENT freed 11K, 3% free 4250K/4372K, paused 21ms+50ms, total 277ms
D/dalvikvm(  468): WAIT_FOR_CONCURRENT_GC blocked 177ms
I/dalvikvm(  447): Wrote stack traces to '/data/anr/traces.txt'
E/BluetoothAdapter(  396): Bluetooth binder is null
W/Settings(  447): Setting airplane_mode_on has moved from android.provider.Settings.System to android.provider.Settings.Global, returning read-only value.
W/Settings(  447): Setting auto_time has moved from android.provider.Settings.System to android.provider.Settings.Global, returning read-only global URI.
W/Settings(  447): Setting auto_time_zone has moved from android.provider.Settings.System to android.provider.Settings.Global, returning read-only global URI.
W/ActivityManager(  297): Unable to start service Intent { act=com.android.internal.telephony.IWapPushManager } U=0: not found
D/        (  447): [ApnContext:default] set reason as dataEnabled,current state IDLE
D/        (  447): [ApnContext:default] setRetryCount: 0
D/        (  447): [ApnContext:mms] set reason as dataEnabled,current state IDLE
D/        (  447): [ApnContext:mms] setRetryCount: 0
D/        (  447): [ApnContext:supl] set reason as dataEnabled,current state IDLE
D/        (  447): [ApnContext:supl] setRetryCount: 0
D/        (  447): [ApnContext:hipri] set reason as dataEnabled,current state IDLE
D/        (  447): [ApnContext:hipri] setRetryCount: 0
D/        (  447): [ApnContext:fota] set reason as dataEnabled,current state IDLE
D/        (  447): [ApnContext:fota] setRetryCount: 0
D/        (  447): [ApnContext:ims] set reason as dataEnabled,current state IDLE
D/        (  447): [ApnContext:ims] setRetryCount: 0
D/        (  447): [ApnContext:cbs] set reason as dataEnabled,current state IDLE
D/        (  447): [ApnContext:cbs] setRetryCount: 0
D/dalvikvm(  447): GC_CONCURRENT freed 197K, 9% free 2575K/2828K, paused 5ms+17ms, total 137ms
D/TelephonyManager(  447): getLteOnCdmaMode=0 curVal=-1 product_type='' lteOnCdmaProductType=''
D/CallManager(  447): registerPhone(GSM Handler (com.android.internal.telephony.PhoneProxy) {40d031a8})
D/dalvikvm(  552): GC_CONCURRENT freed 169K, 8% free 2636K/2860K, paused 5ms+1054ms, total 1917ms
D/dalvikvm(  297): GC_EXPLICIT freed 1424K, 24% free 5587K/7308K, paused 42ms+137ms, total 504ms
D/SystemUIService(  396): loading: class com.android.systemui.power.PowerUI
D/SystemUIService(  396): running: com.android.systemui.power.PowerUI@40e5adb0
E/BluetoothAdapter(  447): Bluetooth binder is null
D/SystemUIService(  396): loading: class com.android.systemui.media.RingtonePlayer
D/SystemUIService(  396): running: com.android.systemui.media.RingtonePlayer@40e5ba70
W/GpsLocationProvider(  297): Could not open GPS configuration file /etc/gps.conf
E/UserHistoryDictionary(  435): when loading: file not foundjava.io.FileNotFoundException: /data/data/com.android.inputmethod.latin/files/UserHistoryDictionary.en_US.dict: open failed: ENOENT (No such file or directory)
I/Choreographer(  396): Skipped 6346 frames!  The application may be doing too much work on its main thread.
D/dalvikvm(  297): GREF has increased to 401
D/dalvikvm(  435): GC_CONCURRENT freed 242K, 11% free 2535K/2836K, paused 10ms+272ms, total 990ms
E/StrictMode(  435): A resource was acquired at attached stack trace but never released. See java.io.Closeable for information on avoiding resource leaks.
E/StrictMode(  435): java.lang.Throwable: Explicit termination method 'close' not called
E/StrictMode(  435): 	at dalvik.system.CloseGuard.open(CloseGuard.java:184)
E/StrictMode(  435): 	at android.os.ParcelFileDescriptor.<init>(ParcelFileDescriptor.java:412)
E/StrictMode(  435): 	at android.content.res.AssetManager.openNonAssetFdNative(Native Method)
E/StrictMode(  435): 	at android.content.res.AssetManager.openNonAssetFd(AssetManager.java:428)
E/StrictMode(  435): 	at android.content.res.Resources.openRawResourceFd(Resources.java:979)
E/StrictMode(  435): 	at com.android.inputmethod.latin.BinaryDictionaryGetter.loadFallbackResource(BinaryDictionaryGetter.java:183)
E/StrictMode(  435): 	at com.android.inputmethod.latin.BinaryDictionaryGetter.getDictionaryFiles(BinaryDictionaryGetter.java:456)
E/StrictMode(  435): 	at com.android.inputmethod.latin.DictionaryFactory.createMainDictionaryFromManager(DictionaryFactory.java:57)
E/StrictMode(  435): 	at com.android.inputmethod.latin.DictionaryFactory.createMainDictionaryFromManager(DictionaryFactory.java:87)
E/StrictMode(  435): 	at com.android.inputmethod.latin.Suggest$1.run(Suggest.java:108)
E/BluetoothAdapter(  447): Bluetooth binder is null
I/Process (  297): Sending signal. PID: 435 SIG: 3
I/dalvikvm(  435): threadid=3: reacting to signal 3
I/Process (  297): Sending signal. PID: 552 SIG: 3
I/dalvikvm(  552): threadid=3: reacting to signal 3
I/Process (  297): Sending signal. PID: 468 SIG: 3
I/dalvikvm(  468): threadid=3: reacting to signal 3
D/dalvikvm(  396): GC_CONCURRENT freed 236K, 8% free 3821K/4112K, paused 397ms+965ms, total 2635ms
I/dalvikvm(  468): Wrote stack traces to '/data/anr/traces.txt'
I/Process (  297): Sending signal. PID: 528 SIG: 3
E/SurfaceFlinger(   37): ro.sf.lcd_density must be defined as a build property
I/dalvikvm(  435): Wrote stack traces to '/data/anr/traces.txt'
D/PhoneStatusBar(  396): disable: < expand icons alerts ticker system_info BACK* HOME* RECENT* CLOCK* SEARCH* >
D/dalvikvm(  435): GC_CONCURRENT freed 40K, 11% free 2534K/2836K, paused 3ms+2ms, total 485ms
E/ActivityManager(  297): ANR in com.android.systemui
E/ActivityManager(  297): Reason: Executing service com.android.systemui/.SystemUIService
E/ActivityManager(  297): Load: 7.63 / 1.94 / 0.65
E/ActivityManager(  297): CPU usage from 4685ms to -12288ms ago:
E/ActivityManager(  297):   16% 297/system_server: 11% user + 5.1% kernel / faults: 3620 minor 5 major
E/ActivityManager(  297):   15% 37/surfaceflinger: 12% user + 3.1% kernel / faults: 3 minor
E/ActivityManager(  297):   8.5% 468/com.android.launcher: 6% user + 2.4% kernel / faults: 5047 minor 4 major
E/ActivityManager(  297):   6.6% 552/android.process.acore: 3.9% user + 2.6% kernel / faults: 2550 minor 21 major
E/ActivityManager(  297):   5% 396/com.android.systemui: 3.5% user + 1.4% kernel / faults: 1366 minor 4 major
E/ActivityManager(  297):   4.8% 447/com.android.phone: 3.4% user + 1.4% kernel / faults: 2171 minor 19 major
E/ActivityManager(  297):   3.4% 84/bootanimation: 2.8% user + 0.6% kernel
E/ActivityManager(  297):   2.3% 407/fsck_msdos: 1% user + 1.2% kernel / faults: 4388 minor
E/ActivityManager(  297):   1.2% 435/com.android.inputmethod.latin: 0.8% user + 0.4% kernel / faults: 642 minor 1 major
E/ActivityManager(  297):   0.7% 48/adbd: 0.1% user + 0.5% kernel / faults: 179 minor
E/ActivityManager(  297):   0.2% 40/mediaserver: 0.1% user + 0.1% kernel / faults: 6 minor
E/ActivityManager(  297):   0% 36/rild: 0% user + 0% kernel / faults: 6 minor
E/ActivityManager(  297):   0.1% 29/mmcqd: 0% user + 0.1% kernel
E/ActivityManager(  297):   0.1% 38/zygote: 0.1% user + 0% kernel / faults: 71 minor
E/ActivityManager(  297):   0.1% 528/android.process.media: 0.1% user + 0% kernel / faults: 38 minor
E/ActivityManager(  297):   0% 31/servicemanager: 0% user + 0% kernel
E/ActivityManager(  297):   0% 509/com.android.music: 0% user + 0% kernel / faults: 18 minor
E/ActivityManager(  297):  +0% 574/com.android.contacts: 0% user + 0% kernel
E/ActivityManager(  297): 100% TOTAL: 66% user + 32% kernel + 0.1% softirq
E/ActivityManager(  297): CPU usage from 8380ms to 10544ms later:
E/ActivityManager(  297):   15% 37/surfaceflinger: 11% user + 3.7% kernel
E/ActivityManager(  297):     13% 65/SurfaceFlinger: 11% user + 1.8% kernel
E/ActivityManager(  297):     0.9% 37/surfaceflinger: 0% user + 0.9% kernel
E/ActivityManager(  297):     0.9% 75/VSyncThread: 0.4% user + 0.4% kernel
E/ActivityManager(  297):     0.9% 81/EventThread: 0.4% user + 0.4% kernel
E/ActivityManager(  297):     0.9% 82/Binder_1: 0% user + 0.9% kernel
E/ActivityManager(  297):     0.9% 358/Binder_2: 0% user + 0.9% kernel
E/ActivityManager(  297):   14% 297/system_server: 8.5% user + 6% kernel / faults: 127 minor
E/ActivityManager(  297):     9.5% 317/ActivityManager: 3.5% user + 6% kernel
E/ActivityManager(  297):     2% 297/system_server: 2% user + 0% kernel
E/ActivityManager(  297):     1% 301/Compiler: 1% user + 0% kernel
E/ActivityManager(  297):     1% 308/Binder_1: 1% user + 0% kernel
E/ActivityManager(  297):     0.5% 298/GC: 0.5% user + 0% kernel
E/ActivityManager(  297):     0.5% 314/er.ServerThread: 0.5% user + 0% kernel
E/ActivityManager(  297):     0.5% 353/PowerManagerSer: 0.5% user + 0% kernel
E/ActivityManager(  297):     0.5% 359/er$SensorThread: 0% user + 0.5% kernel
E/ActivityManager(  297):     0.5% 489/Binder_4: 0% user + 0.5% kernel
E/ActivityManager(  297):     0.5% 544/Binder_6: 0.5% user + 0% kernel
E/ActivityManager(  297):     0.5% 619/Binder_7: 0% user + 0.5% kernel
E/ActivityManager(  297):    +0% 646/Error dump: sys: 0% user + 0% kernel
E/ActivityManager(  297):   13% 396/com.android.systemui: 10% user + 2.7% kernel / faults: 259 minor
E/ActivityManager(  297):     8.1% 396/ndroid.systemui: 6.7% user + 1.3% kernel
E/ActivityManager(  297):     6.7% 398/GC: 6% user + 0.6% kernel
E/ActivityManager(  297):     6% 401/Compiler: 4% user + 2% kernel
E/ActivityManager(  297):   8.9% 435/com.android.inputmethod.latin: 6.8% user + 2% kernel / faults: 545 minor 1 major
E/ActivityManager(  297):     5.5% 436/GC: 4.1% user + 1.3% kernel
E/ActivityManager(  297):     3.4% 446/Compiler: 1.3% user + 2% kernel
E/ActivityManager(  297):     1.3% 435/putmethod.latin: 1.3% user + 0% kernel
E/ActivityManager(  297):     0.6% 455/FinalizerDaemon: 0% user + 0.6% kernel
E/ActivityManager(  297):    +0% 653/callActivityMan: 0% user + 0% kernel
E/ActivityManager(  297):   6.3% 552/android.process.acore: 6.3% user + 0% kernel / faults: 10 minor
E/ActivityManager(  297):     11% 568/Binder_1: 9.5% user + 1.5% kernel
E/ActivityManager(  297):   3.4% 84/bootanimation: 2.4% user + 0.9% kernel
E/ActivityManager(  297):     4.4% 102/BootAnimation: 3.4% user + 0.9% kernel
E/ActivityManager(  297):   4.3% 468/com.android.launcher: 0.6% user + 3.7% kernel / faults: 1581 minor
E/ActivityManager(  297):     9.3% 468/ndroid.launcher: 2.4% user + 6.8% kernel
E/ActivityManager(  297):   2.9% 447/com.android.phone: 1.7% user + 1.1% kernel / faults: 103 minor 1 major
E/ActivityManager(  297):     7.1% 447/m.android.phone: 5.3% user + 1.7% kernel
E/ActivityManager(  297):    +0% 652/AsyncTask #1: 0% user + 0% kernel
E/ActivityManager(  297):    +0% 654/AudioTrack: 0% user + 0% kernel
E/ActivityManager(  297):   0.1% 40/mediaserver: 0% user + 0.1% kernel
E/ActivityManager(  297):     0.1% 134/AudioOut_2: 0% user + 0.1% kernel
E/ActivityManager(  297):   0.4% 48/adbd: 0% user + 0.4% kernel / faults: 24 minor
E/ActivityManager(  297):     0.4% 48/adbd: 0% user + 0.4% kernel
E/ActivityManager(  297):     0.4% 277/adbd: 0.4% user + 0% kernel
E/ActivityManager(  297):   0.5% 528/android.process.media: 0.5% user + 0% kernel / faults: 32 minor
E/ActivityManager(  297):     0.5% 570/Download Servic: 0.5% user + 0% kernel
E/ActivityManager(  297): 100% TOTAL: 65% user + 34% kernel
W/WindowManager(  297): Window freeze timeout expired.
W/WindowManager(  297): Force clearing orientation change: Window{40f46428 u0 StatusBar}
W/WindowManager(  297): Force clearing orientation change: Window{40e36038 u0 Keyguard}
V/TAG     (  297): bug 7643792: fitSystemWindows([0,38][0,0])
W/ActivityManager(  297): Killing ProcessRecord{40efde78 396:com.android.systemui/u0a10034}: background ANR
I/dalvikvm(  528): threadid=3: reacting to signal 3
I/dalvikvm(  552): Wrote stack traces to '/data/anr/traces.txt'
I//system/bin/fsck_msdos(   32): ** Phase 3 - Checking Directories
I//system/bin/fsck_msdos(   32): ** Phase 4 - Checking for Lost Files
D/dalvikvm(  297): GC_FOR_ALLOC freed 416K, 12% free 5771K/6548K, paused 818ms, total 820ms
I/dalvikvm-heap(  297): Grow heap (frag case) to 5.919MB for 234352-byte allocation
I//system/bin/fsck_msdos(   32): 13 files, 1044444 free (522222 clusters)
D/dalvikvm(  297): GC_FOR_ALLOC freed 4K, 12% free 5996K/6780K, paused 550ms, total 550ms
I/Choreographer(  297): Skipped 493 frames!  The application may be doing too much work on its main thread.
D/dalvikvm(  468): GC_CONCURRENT freed 178K, 5% free 4604K/4840K, paused 5ms+223ms, total 596ms
D/DebugService(  447): DebugService DebugService:
D/TelephonyDebugService(  447): TelephonyDebugService()
D/dalvikvm(  447): GC_CONCURRENT freed 347K, 14% free 2670K/3076K, paused 3ms+5ms, total 557ms
W/Settings(  447): Setting auto_time_zone has moved from android.provider.Settings.System to android.provider.Settings.Global, returning read-only value.
W/ServiceWatcher(  297): com.google.android.location not found
D/CAT     (  447): CatService: Running CAT service. STK app installed:false
D/CAT     (  447): CatService: NEW sInstance
D/CAT     (  447): CatService: SIM ready. Reporting STK service running now...
D/MccTable(  447): updateMccMncConfiguration: mcc=310, mnc=260
D/TelephonyManager(  447): getLteOnCdmaMode=0 curVal=-1 product_type='' lteOnCdmaProductType=''
D/MccTable(  447): locale set to en_us
D/MccTable(  447): WIFI_COUNTRY_CODE set to us
W/ServiceWatcher(  297): com.google.android.location not found
I/WifiService(  297): WifiService trying to set country code to us with persist set to true
W/LocationManagerService(  297): no network location provider found
W/ServiceWatcher(  297): com.google.android.location not found
D/dalvikvm(  447): GC_CONCURRENT freed 285K, 11% free 2769K/3112K, paused 50ms+3ms, total 339ms
I/Vold    (   32): Filesystem check completed OK
I/Vold    (   32): Device /dev/block/vold/179:0, target /mnt/sdcard mounted @ /mnt/secure/staging
D/Vold    (   32): Volume sdcard state changing 3 (Checking) -> 4 (Mounted)
D/MountService(  297): volume state changed for /mnt/sdcard (checking -> mounted)
I/PackageManager(  297): Updating external media status from unmounted to mounted
E/VoldConnector(  297): NDC Command {3 volume mount /mnt/sdcard} took too long (43444ms)
D/dalvikvm(   38): GC_EXPLICIT freed 34K, 4% free 2381K/2472K, paused 2ms+103ms, total 152ms
D/dalvikvm(   38): GC_EXPLICIT freed <1K, 4% free 2381K/2472K, paused 2ms+7ms, total 162ms
D/dalvikvm(   38): WAIT_FOR_CONCURRENT_GC blocked 1ms
D/dalvikvm(   38): GC_EXPLICIT freed <1K, 4% free 2382K/2472K, paused 2ms+3ms, total 92ms
I/ActivityManager(  297): Start proc com.android.location.fused for service com.android.location.fused/.FusedLocationService: pid=694 uid=10022 gids={50022, 1028}
I/ActivityManager(  297): Config changes=1403 {1.0 310mcc260mnc en_US ldltr sw320dp w320dp h508dp 240dpi nrml long port finger -keyb/v/h tball/v s.4}
W/SurfaceFlinger(   37): createScreenshotSurface failed (Function not implemented)
E/VoldConnector(  297): NDC Command {4 asec list} took too long (614ms)
I/PackageManager(  297): No secure containers on sdcard
I/dalvikvm(  528): Wrote stack traces to '/data/anr/traces.txt'
E/MountService(  297): Listener dead
D/MountService(  297): sendStorageIntent Intent { act=android.intent.action.MEDIA_MOUNTED dat=file:///mnt/sdcard (has extras) } to UserHandle{-1}
I/WindowState(  297): WIN DEATH: Window{40f46428 u0 StatusBar}
W/PackageManager(  297): Unknown permission com.google.android.googleapps.permission.GOOGLE_AUTH.mail in package com.android.contacts
W/PackageManager(  297): Unknown permission android.permission.ADD_SYSTEM_SERVICE in package com.android.phone
W/PackageManager(  297): Unknown permission com.android.smspush.WAPPUSH_MANAGER_BIND in package com.android.phone
W/PackageManager(  297): Unknown permission com.google.android.googleapps.permission.GOOGLE_AUTH in package com.android.providers.calendar
W/PackageManager(  297): Unknown permission com.google.android.googleapps.permission.GOOGLE_AUTH.cl in package com.android.providers.calendar
W/PackageManager(  297): Unknown permission com.google.android.googleapps.permission.GOOGLE_AUTH.mail in package com.android.calendar
W/PackageManager(  297): Not granting permission android.permission.SEND_DOWNLOAD_COMPLETED_INTENTS to package com.android.browser (protectionLevel=2 flags=0x89be45)
W/PackageManager(  297): Not granting permission android.permission.BIND_APPWIDGET to package com.android.widgetpreview (protectionLevel=18 flags=0x8be44)
W/PackageManager(  297): Unknown permission com.google.android.googleapps.permission.GOOGLE_AUTH in package com.android.settings
W/PackageManager(  297): Unknown permission com.google.android.gallery3d.permission.GALLERY_PROVIDER in package com.android.exchange
W/PackageManager(  297): Unknown permission com.google.android.googleapps.permission.ACCESS_GOOGLE_PASSWORD in package com.android.development
W/PackageManager(  297): Unknown permission com.google.android.googleapps.permission.GOOGLE_AUTH in package com.android.development
W/PackageManager(  297): Unknown permission com.google.android.googleapps.permission.GOOGLE_AUTH.ALL_SERVICES in package com.android.development
W/PackageManager(  297): Unknown permission com.google.android.googleapps.permission.GOOGLE_AUTH.YouTubeUser in package com.android.development
W/PackageManager(  297): Unknown permission com.google.android.gallery3d.permission.GALLERY_PROVIDER in package com.android.email
W/PackageManager(  297): Not granting permission android.permission.DEVICE_POWER to package com.android.deskclock (protectionLevel=2 flags=0x88be45)
D/dalvikvm(  297): GC_CONCURRENT freed 1001K, 16% free 5794K/6896K, paused 7ms+9ms, total 89ms
W/WindowManager(  297): Window freeze timeout expired.
W/WindowManager(  297): Force clearing orientation change: Window{40e36038 u0 Keyguard}
W/WindowManager(  297): ***** BOOT TIMEOUT: forcing display enabled
I/SurfaceFlinger(   37): Boot is finished (92920 ms)
I/PowerManagerService(  297): Boot animation finished.
W/BroadcastQueue(  297): Failure sending broadcast Intent { act=android.intent.action.CONFIGURATION_CHANGED flg=0x70000010 }
W/BroadcastQueue(  297): android.os.DeadObjectException
W/BroadcastQueue(  297): 	at android.os.BinderProxy.transact(Native Method)
W/BroadcastQueue(  297): 	at android.app.ApplicationThreadProxy.scheduleRegisteredReceiver(ApplicationThreadNative.java:1009)
W/BroadcastQueue(  297): 	at com.android.server.am.BroadcastQueue.performReceiveLocked(BroadcastQueue.java:373)
W/BroadcastQueue(  297): 	at com.android.server.am.BroadcastQueue.deliverToRegisteredReceiverLocked(BroadcastQueue.java:439)
W/BroadcastQueue(  297): 	at com.android.server.am.BroadcastQueue.processNextBroadcast(BroadcastQueue.java:487)
W/BroadcastQueue(  297): 	at com.android.server.am.BroadcastQueue$1.handleMessage(BroadcastQueue.java:140)
W/BroadcastQueue(  297): 	at android.os.Handler.dispatchMessage(Handler.java:99)
W/BroadcastQueue(  297): 	at android.os.Looper.loop(Looper.java:137)
W/BroadcastQueue(  297): 	at com.android.server.am.ActivityManagerService$AThread.run(ActivityManagerService.java:1480)
W/BroadcastQueue(  297): Failure sending broadcast Intent { act=android.intent.action.CONFIGURATION_CHANGED flg=0x70000010 }
W/BroadcastQueue(  297): android.os.DeadObjectException
W/BroadcastQueue(  297): 	at android.os.BinderProxy.transact(Native Method)
W/BroadcastQueue(  297): 	at android.app.ApplicationThreadProxy.scheduleRegisteredReceiver(ApplicationThreadNative.java:1009)
W/BroadcastQueue(  297): 	at com.android.server.am.BroadcastQueue.performReceiveLocked(BroadcastQueue.java:373)
W/BroadcastQueue(  297): 	at com.android.server.am.BroadcastQueue.deliverToRegisteredReceiverLocked(BroadcastQueue.java:439)
W/BroadcastQueue(  297): 	at com.android.server.am.BroadcastQueue.processNextBroadcast(BroadcastQueue.java:487)
W/BroadcastQueue(  297): 	at com.android.server.am.BroadcastQueue$1.handleMessage(BroadcastQueue.java:140)
W/BroadcastQueue(  297): 	at android.os.Handler.dispatchMessage(Handler.java:99)
W/BroadcastQueue(  297): 	at android.os.Looper.loop(Looper.java:137)
W/BroadcastQueue(  297): 	at com.android.server.am.ActivityManagerService$AThread.run(ActivityManagerService.java:1480)
W/BroadcastQueue(  297): Failure sending broadcast Intent { act=android.intent.action.CONFIGURATION_CHANGED flg=0x70000010 }
W/BroadcastQueue(  297): android.os.DeadObjectException
W/BroadcastQueue(  297): 	at android.os.BinderProxy.transact(Native Method)
W/BroadcastQueue(  297): 	at android.app.ApplicationThreadProxy.scheduleRegisteredReceiver(ApplicationThreadNative.java:1009)
W/BroadcastQueue(  297): 	at com.android.server.am.BroadcastQueue.performReceiveLocked(BroadcastQueue.java:373)
W/BroadcastQueue(  297): 	at com.android.server.am.BroadcastQueue.deliverToRegisteredReceiverLocked(BroadcastQueue.java:439)
W/BroadcastQueue(  297): 	at com.android.server.am.BroadcastQueue.processNextBroadcast(BroadcastQueue.java:487)
W/BroadcastQueue(  297): 	at com.android.server.am.BroadcastQueue$1.handleMessage(BroadcastQueue.java:140)
W/BroadcastQueue(  297): 	at android.os.Handler.dispatchMessage(Handler.java:99)
W/BroadcastQueue(  297): 	at android.os.Looper.loop(Looper.java:137)
W/BroadcastQueue(  297): 	at com.android.server.am.ActivityManagerService$AThread.run(ActivityManagerService.java:1480)
E/Trace   (  694): error opening trace file: No such file or directory (2)
W/BroadcastQueue(  297): Failure sending broadcast Intent { act=android.intent.action.CONFIGURATION_CHANGED flg=0x70000010 }
W/BroadcastQueue(  297): android.os.DeadObjectException
W/BroadcastQueue(  297): 	at android.os.BinderProxy.transact(Native Method)
W/BroadcastQueue(  297): 	at android.app.ApplicationThreadProxy.scheduleRegisteredReceiver(ApplicationThreadNative.java:1009)
W/BroadcastQueue(  297): 	at com.android.server.am.BroadcastQueue.performReceiveLocked(BroadcastQueue.java:373)
W/BroadcastQueue(  297): 	at com.android.server.am.BroadcastQueue.deliverToRegisteredReceiverLocked(BroadcastQueue.java:439)
W/BroadcastQueue(  297): 	at com.android.server.am.BroadcastQueue.processNextBroadcast(BroadcastQueue.java:487)
W/BroadcastQueue(  297): 	at com.android.server.am.BroadcastQueue$1.handleMessage(BroadcastQueue.java:140)
W/BroadcastQueue(  297): 	at android.os.Handler.dispatchMessage(Handler.java:99)
W/BroadcastQueue(  297): 	at android.os.Looper.loop(Looper.java:137)
W/BroadcastQueue(  297): 	at com.android.server.am.ActivityManagerService$AThread.run(ActivityManagerService.java:1480)
I/ActivityManager(  297): Process com.android.systemui (pid 396) has died.
W/ActivityManager(  297): Scheduling restart of crashed service com.android.systemui/.SystemUIService in 0ms
W/ActivityManager(  297): Scheduling restart of crashed service com.android.systemui/.ImageWallpaper in 0ms
I/ActivityManager(  297): Start proc com.android.systemui for restart com.android.systemui: pid=724 uid=10034 gids={50034, 1028, 1015, 3002, 3001}
I/ActivityManager(  297): Config changes=1400 {1.0 310mcc260mnc en_US ldltr sw320dp w320dp h508dp 240dpi nrml long port finger -keyb/v/h tball/v s.5}
I/Choreographer(  297): Skipped 157 frames!  The application may be doing too much work on its main thread.
W/Settings(  447): Setting auto_time_zone has moved from android.provider.Settings.System to android.provider.Settings.Global, returning read-only value.
D/MccTable(  447): updateMccMncConfiguration: mcc=310, mnc=260
D/TelephonyManager(  447): getLteOnCdmaMode=0 curVal=-1 product_type='' lteOnCdmaProductType=''
D/MccTable(  447): locale set to en_us
D/MccTable(  447): WIFI_COUNTRY_CODE set to us
I/WifiService(  297): WifiService trying to set country code to us with persist set to true
W/ServiceWatcher(  297): com.google.android.location not found
I/ActivityManager(  297): Config changes=1400 {1.0 310mcc260mnc en_US ldltr sw320dp w320dp h508dp 240dpi nrml long port finger -keyb/v/h tball/v s.6}
W/WindowManager(  297): App freeze timeout expired.
W/WindowManager(  297): Force clearing freeze: AppWindowToken{40f4cf00 token=Token{40f43f70 ActivityRecord{40f43b38 u0 com.android.launcher/com.android.launcher2.Launcher}}}
E/Trace   (  724): error opening trace file: No such file or directory (2)
D/AndroidRuntime(  741): 
D/AndroidRuntime(  741): >>>>>> AndroidRuntime START com.android.internal.os.RuntimeInit <<<<<<
D/AndroidRuntime(  741): CheckJNI is ON
D/dalvikvm(  297): GC_CONCURRENT freed 495K, 11% free 6156K/6896K, paused 79ms+25ms, total 1068ms
D/dalvikvm(  297): WAIT_FOR_CONCURRENT_GC blocked 193ms
D/dalvikvm(  297): WAIT_FOR_CONCURRENT_GC blocked 119ms
D/dalvikvm(  741): Trying to load lib libjavacore.so 0x0
D/dalvikvm(  741): Added shared lib libjavacore.so 0x0
D/dalvikvm(  297): WAIT_FOR_CONCURRENT_GC blocked 206ms
D/dalvikvm(  741): Trying to load lib libnativehelper.so 0x0
D/dalvikvm(  741): Added shared lib libnativehelper.so 0x0
D/dalvikvm(  297): WAIT_FOR_CONCURRENT_GC blocked 302ms
E/LocationManagerService(  297): no geocoder provider found
D/dalvikvm(  297): GC_FOR_ALLOC freed 37K, 10% free 6451K/7104K, paused 231ms, total 233ms
D/SystemUIService(  724): loading: class com.android.systemui.statusbar.phone.PhoneStatusBar
D/SystemUIService(  724): running: com.android.systemui.statusbar.phone.PhoneStatusBar@40cd3370
D/AndroidRuntime(  741): Calling main entry com.android.commands.am.Am
D/dalvikvm(  741): Note: class Landroid/app/ActivityManagerNative; has 157 unimplemented (abstract) methods
D/dalvikvm(  447): GC_CONCURRENT freed 317K, 12% free 2962K/3336K, paused 6ms+23ms, total 95ms
D/dalvikvm(  447): WAIT_FOR_CONCURRENT_GC blocked 13ms
W/WallpaperService(  297): Failed attaching wallpaper; clearing
W/WallpaperService(  297): android.os.DeadObjectException
W/WallpaperService(  297): 	at android.os.BinderProxy.transact(Native Method)
W/WallpaperService(  297): 	at android.service.wallpaper.IWallpaperService$Stub$Proxy.attach(IWallpaperService.java:95)
W/WallpaperService(  297): 	at com.android.server.WallpaperManagerService.attachServiceLocked(WallpaperManagerService.java:960)
W/WallpaperService(  297): 	at com.android.server.WallpaperManagerService$WallpaperConnection.onServiceConnected(WallpaperManagerService.java:233)
W/WallpaperService(  297): 	at android.app.LoadedApk$ServiceDispatcher.doConnected(LoadedApk.java:1101)
W/WallpaperService(  297): 	at android.app.LoadedApk$ServiceDispatcher$RunConnection.run(LoadedApk.java:1118)
W/WallpaperService(  297): 	at android.os.Handler.handleCallback(Handler.java:725)
W/WallpaperService(  297): 	at android.os.Handler.dispatchMessage(Handler.java:92)
W/WallpaperService(  297): 	at android.os.Looper.loop(Looper.java:137)
W/WallpaperService(  297): 	at com.android.server.ServerThread.run(SystemServer.java:1000)
D/dalvikvm(  751): Not late-enabling CheckJNI (already on)
I/ActivityManager(  297): Start proc it.unina.android.ripper_service:android_ripper_service_process for service it.unina.android.ripper_service/.AndroidRipperService: pid=751 uid=10049 gids={50049, 3003, 1028}
D/AndroidRuntime(  741): Shutting down VM
D/dalvikvm(  741): GC_CONCURRENT freed 91K, 16% free 490K/584K, paused 1ms+3ms, total 10ms
I/StatusBarManagerService(  297): registerStatusBar bar=com.android.internal.statusbar.IStatusBar$Stub$Proxy@41000298
I/AccountTypeManager(  574): Loaded meta-data for 1 account types, 0 accounts in 741ms(wall) 35ms(cpu)
I/RecoverySystem(  297): No recovery log file
D/dalvikvm(  724): GC_FOR_ALLOC freed 91K, 6% free 2663K/2812K, paused 27ms, total 32ms
I/dalvikvm-heap(  724): Grow heap (frag case) to 3.261MB for 635812-byte allocation
D/dalvikvm(  724): GC_FOR_ALLOC freed 5K, 5% free 3278K/3436K, paused 33ms, total 33ms
D/dalvikvm(  724): GC_CONCURRENT freed 6K, 4% free 3302K/3436K, paused 3ms+17ms, total 57ms
