I/BackupManagerService(  282): Found stale backup journal, scheduling
I/BackupManagerService(  282):   android
I/BackupManagerService(  282):   com.android.browser
I/BackupManagerService(  282):   com.android.calendar
I/BackupManagerService(  282):   com.android.inputmethod.latin
I/BackupManagerService(  282):   com.android.providers.settings
I/BackupManagerService(  282):   com.android.providers.userdictionary
I/BackupManagerService(  282):   com.android.sharedstoragebackup
I/BackupManagerService(  282): Backup enabled => true
I/SystemServer(  282): AppWidget Service
I/SystemServer(  282): Recognition Service
I/SystemServer(  282): DiskStats Service
I/SystemServer(  282): SamplingProfiler Service
I/SystemServer(  282): NetworkTimeUpdateService
I/SystemServer(  282): CommonTimeManagementService
I/SystemServer(  282): CertBlacklister
I/SystemServer(  282): Dreams Service
I/WindowManager(  282): SAFE MODE not enabled
D/dalvikvm(  282): JIT started for system_server
D/dalvikvm(  282): GC_CONCURRENT freed 315K, 9% free 4309K/4688K, paused 8ms+75ms, total 327ms
I/ActivityManager(  282): System now ready
I/SystemServer(  282): Making services ready
I/Zygote  (  282): Process: zygote socket opened
I/ActivityManager(  282): Start proc com.android.systemui for service com.android.systemui/.SystemUIService: pid=344 uid=10034 gids={50034, 1028, 1015, 3002, 3001}
I/Vold    (   32): /dev/block/vold/179:0 being considered for volume sdcard
D/Vold    (   32): Volume sdcard state changing 1 (Idle-Unmounted) -> 3 (Checking)
D/MountService(  282): volume state changed for /mnt/sdcard (unmounted -> checking)
D/MountService(  282): sendStorageIntent Intent { act=android.intent.action.MEDIA_CHECKING dat=file:///mnt/sdcard (has extras) } to UserHandle{-1}
D/NetworkManagementService(  282): not enabling bandwidth control
I/keystore(   42): uid: 1000 action: e -> 7 state: 3 -> 3 retry: 4
W/NetworkStats(  282): bandwidth controls disabled, unable to track stats
W/NetworkPolicy(  282): bandwidth controls disabled, unable to enforce policy
I/keystore(   42): uid: 1000 action: e -> 7 state: 3 -> 3 retry: 4
I/ActivityManager(  282): Config changes=200 {1.0 ?mcc?mnc en_US ldltr sw320dp w320dp h508dp 240dpi nrml long port finger -keyb/v/h tball/v s.3}
I//system/bin/fsck_msdos(   32): ** /dev/block/vold/179:0
W/RecognitionManagerService(  282): no available voice recognition services found for user 0
I//system/bin/fsck_msdos(   32): ** Phase 1 - Read and Compare FATs
I//system/bin/fsck_msdos(   32): Attempting to allocate 2044 KB for FAT
E/Trace   (  344): error opening trace file: No such file or directory (2)
D/dalvikvm(  282): GC_CONCURRENT freed 84K, 4% free 4674K/4832K, paused 6ms+42ms, total 235ms
D/dalvikvm(  282): WAIT_FOR_CONCURRENT_GC blocked 200ms
W/InputMethodManagerService(  282): Ignoring setImeWindowStatus of uid 1000 token: null
D/SystemUIService(  344): loading: class com.android.systemui.statusbar.phone.PhoneStatusBar
D/SystemUIService(  344): running: com.android.systemui.statusbar.phone.PhoneStatusBar@40cd3b60
I/StatusBarManagerService(  282): registerStatusBar bar=com.android.internal.statusbar.IStatusBar$Stub$Proxy@40e5b040
W/InputMethodManagerService(  282): Found no subtypes in a system IME: com.android.inputmethod.pinyin
I/ActivityManager(  282): Start proc com.android.inputmethod.latin for service com.android.inputmethod.latin/.LatinIME: pid=374 uid=10010 gids={50010, 1028}
I/CommonTimeManagementService(  282): No common time service detected on this platform.  Common time services will be unavailable.
D/dalvikvm(  282): GC_CONCURRENT freed 332K, 8% free 4922K/5320K, paused 5ms+6ms, total 565ms
D/dalvikvm(  282): WAIT_FOR_CONCURRENT_GC blocked 86ms
D/dalvikvm(  282): WAIT_FOR_CONCURRENT_GC blocked 304ms
D/dalvikvm(  282): WAIT_FOR_CONCURRENT_GC blocked 117ms
D/dalvikvm(  282): WAIT_FOR_CONCURRENT_GC blocked 440ms
D/dalvikvm(  282): WAIT_FOR_CONCURRENT_GC blocked 326ms
I/ActivityManager(  282): Start proc com.android.phone for added application com.android.phone: pid=386 uid=1001 gids={41001, 3002, 3001, 3003, 1015, 1028}
D/dalvikvm(  282): WAIT_FOR_CONCURRENT_GC blocked 343ms
I/ActivityManager(  282): START u0 {act=android.intent.action.MAIN cat=[android.intent.category.HOME] flg=0x10000000 cmp=com.android.launcher/com.android.launcher2.Launcher} from pid 0
D/dalvikvm(  282): WAIT_FOR_CONCURRENT_GC blocked 315ms
I/InputReader(  282): Reconfiguring input devices.  changes=0x00000020
I/InputReader(  282): Reconfiguring input devices.  changes=0x00000010
D/dalvikvm(  282): GC_FOR_ALLOC freed 53K, 8% free 5131K/5528K, paused 301ms, total 302ms
E/ThrottleService(  282): problem during onPollAlarm: java.lang.IllegalStateException: problem parsing stats: java.io.FileNotFoundException: /proc/net/xt_qtaguid/iface_stat_all: open failed: ENOENT (No such file or directory)
I/ActivityManager(  282): Start proc com.android.launcher for activity com.android.launcher/com.android.launcher2.Launcher: pid=406 uid=10020 gids={50020, 1028}
I/SystemServer(  282): Enabled StrictMode for system server main thread.
E/Trace   (  386): error opening trace file: No such file or directory (2)
W/TelephonyProvider(  386): onCreate: confFile=/system/etc/apns-conf.xml oldCheckSum=-1
D/TelephonyManager(  386): getLteOnCdmaMode=0 curVal=-1 product_type='' lteOnCdmaProductType=''
D/dalvikvm(  282): GC_CONCURRENT freed 410K, 9% free 5409K/5888K, paused 6ms+42ms, total 257ms
D/dalvikvm(  282): WAIT_FOR_CONCURRENT_GC blocked 109ms
D/dalvikvm(  344): GC_FOR_ALLOC freed 88K, 6% free 2664K/2812K, paused 87ms, total 130ms
I/dalvikvm-heap(  344): Grow heap (frag case) to 3.263MB for 635812-byte allocation
D/dalvikvm(  344): GC_CONCURRENT freed 5K, 5% free 3280K/3436K, paused 22ms+8ms, total 132ms
D/dalvikvm(  344): WAIT_FOR_CONCURRENT_GC blocked 112ms
E/Trace   (  406): error opening trace file: No such file or directory (2)
E/Trace   (  374): error opening trace file: No such file or directory (2)
E/SurfaceFlinger(   37): ro.sf.lcd_density must be defined as a build property
D/gralloc_goldfish(  282): Emulator without GPU emulation detected.
D/TelephonyManager(  386): getLteOnCdmaMode=0 curVal=-1 product_type='' lteOnCdmaProductType=''
D/TelephonyManager(  386): getLteOnCdmaMode=0 curVal=-1 product_type='' lteOnCdmaProductType=''
I/Choreographer(  282): Skipped 2284 frames!  The application may be doing too much work on its main thread.
E/BluetoothAdapter(  344): Bluetooth binder is null
E/BluetoothAdapter(  344): Bluetooth binder is null
D/dalvikvm(  282): GC_CONCURRENT freed 710K, 13% free 5460K/6236K, paused 87ms+15ms, total 665ms
D/dalvikvm(  282): WAIT_FOR_CONCURRENT_GC blocked 36ms
D/dalvikvm(  282): WAIT_FOR_CONCURRENT_GC blocked 474ms
D/dalvikvm(  282): WAIT_FOR_CONCURRENT_GC blocked 426ms
D/dalvikvm(  282): WAIT_FOR_CONCURRENT_GC blocked 172ms
D/dalvikvm(  282): WAIT_FOR_CONCURRENT_GC blocked 602ms
D/dalvikvm(  282): WAIT_FOR_CONCURRENT_GC blocked 604ms
V/TAG     (  282): bug 7643792: fitSystemWindows([0,0][0,0])
V/TAG     (  282): bug 7643792: fitSystemWindows([0,0][0,0])
I/LatinIME(  374): Hardware accelerated drawing: false
I/Choreographer(  282): Skipped 145 frames!  The application may be doing too much work on its main thread.
E/SurfaceFlinger(   37): ro.sf.lcd_density must be defined as a build property
I/ActivityManager(  282): Start proc com.android.music for broadcast com.android.music/.MediaButtonIntentReceiver: pid=434 uid=10025 gids={50025, 3003, 1015, 1028}
D/dalvikvm(  282): GREF has increased to 301
W/InputAttributes(  374): No editor info for this field. Bug?
E/ActivityThread(  374): Failed to find provider info for com.android.inputmethod.latin.dictionarypack
E/BinaryDictionaryGetter(  374): Could not find a dictionary pack
W/WindowManager(  282): Window freeze timeout expired.
W/WindowManager(  282): Force clearing orientation change: Window{40ea0a18 u0 Keyguard}
D/dalvikvm(  282): GC_CONCURRENT freed 765K, 14% free 5410K/6244K, paused 7ms+130ms, total 1159ms
D/dalvikvm(  282): WAIT_FOR_CONCURRENT_GC blocked 942ms
I/dalvikvm-heap(  282): Grow heap (frag case) to 6.423MB for 1128976-byte allocation
I/dalvikvm(  434): Turning on JNI app bug workarounds for target SDK version 9...
D/dalvikvm(  282): GC_FOR_ALLOC freed 13K, 12% free 6500K/7348K, paused 327ms, total 327ms
I/Choreographer(  282): Skipped 50 frames!  The application may be doing too much work on its main thread.
I/Choreographer(  282): Skipped 555 frames!  The application may be doing too much work on its main thread.
E/Trace   (  434): error opening trace file: No such file or directory (2)
W/InputMethodManagerService(  282): Found no subtypes in a system IME: com.android.inputmethod.pinyin
I/Choreographer(  282): Skipped 35 frames!  The application may be doing too much work on its main thread.
I/AudioService(  282):   Remote Control   registerMediaButtonIntent() for PendingIntent{40e94a98: PendingIntentRecord{40f6d7b8 com.android.music broadcastIntent}}
I/ActivityManager(  282): Start proc android.process.media for content provider com.android.providers.media/.MediaProvider: pid=452 uid=10000 gids={50000, 1015, 1023, 1024, 1028, 1006, 2001, 3003, 3007}
D/dalvikvm(  282): WAIT_FOR_CONCURRENT_GC blocked 4898ms
I/LocationBlacklist(  282): whitelist: []
W/Settings(  386): Setting airplane_mode_on has moved from android.provider.Settings.System to android.provider.Settings.Global, returning read-only value.
W/Settings(  386): Setting auto_time has moved from android.provider.Settings.System to android.provider.Settings.Global, returning read-only global URI.
W/Settings(  386): Setting auto_time_zone has moved from android.provider.Settings.System to android.provider.Settings.Global, returning read-only global URI.
I/LocationBlacklist(  282): blacklist: []
E/BluetoothAdapter(  344): Bluetooth binder is null
I/ActivityManager(  282): Start proc android.process.acore for content provider com.android.providers.userdictionary/.UserDictionaryProvider: pid=467 uid=10001 gids={50001, 3003, 1015, 1028}
W/ActivityManager(  282): Unable to start service Intent { act=com.android.internal.telephony.IWapPushManager } U=0: not found
E/Trace   (  452): error opening trace file: No such file or directory (2)
D/        (  386): [ApnContext:default] set reason as dataEnabled,current state IDLE
D/        (  386): [ApnContext:default] setRetryCount: 0
D/        (  386): [ApnContext:mms] set reason as dataEnabled,current state IDLE
D/        (  386): [ApnContext:mms] setRetryCount: 0
D/        (  386): [ApnContext:supl] set reason as dataEnabled,current state IDLE
D/        (  386): [ApnContext:supl] setRetryCount: 0
D/        (  386): [ApnContext:hipri] set reason as dataEnabled,current state IDLE
D/        (  386): [ApnContext:hipri] setRetryCount: 0
D/        (  386): [ApnContext:fota] set reason as dataEnabled,current state IDLE
D/        (  386): [ApnContext:fota] setRetryCount: 0
D/        (  386): [ApnContext:ims] set reason as dataEnabled,current state IDLE
D/        (  386): [ApnContext:ims] setRetryCount: 0
D/        (  386): [ApnContext:cbs] set reason as dataEnabled,current state IDLE
D/        (  386): [ApnContext:cbs] setRetryCount: 0
D/TelephonyManager(  386): getLteOnCdmaMode=0 curVal=-1 product_type='' lteOnCdmaProductType=''
E/Trace   (  467): error opening trace file: No such file or directory (2)
D/CallManager(  386): registerPhone(GSM Handler (com.android.internal.telephony.PhoneProxy) {40d041b8})
D/dalvikvm(  386): GC_CONCURRENT freed 197K, 9% free 2595K/2828K, paused 4ms+2ms, total 320ms
E/BluetoothAdapter(  386): Bluetooth binder is null
E/BluetoothAdapter(  386): Bluetooth binder is null
D/dalvikvm(  344): GC_CONCURRENT freed 72K, 4% free 3675K/3808K, paused 5ms+474ms, total 1287ms
E/BluetoothAdapter(  344): Bluetooth binder is null
I/DownloadManager(  452): in removeSpuriousFiles
D/dalvikvm(  406): GC_CONCURRENT freed 180K, 9% free 2602K/2844K, paused 5ms+253ms, total 518ms
D/DebugService(  386): DebugService DebugService:
D/TelephonyDebugService(  386): TelephonyDebugService()
D/dalvikvm(  386): GC_CONCURRENT freed 354K, 14% free 2647K/3060K, paused 7ms+358ms, total 772ms
D/PhoneStatusBar(  344): disable: < expand icons alerts ticker system_info back home recent clock search >
W/ActivityManager(  282): Activity idle timeout for ActivityRecord{40f3c440 u0 com.android.launcher/com.android.launcher2.Launcher}
W/Settings(  386): Setting auto_time_zone has moved from android.provider.Settings.System to android.provider.Settings.Global, returning read-only value.
W/ActivityManager(  282): Timeout executing service: ServiceRecord{40ef68b8 u0 com.android.systemui/.ImageWallpaper}
E/BluetoothAdapter(  344): Bluetooth binder is null
D/SystemUIService(  344): loading: class com.android.systemui.power.PowerUI
D/SystemUIService(  344): running: com.android.systemui.power.PowerUI@40e3e9c0
I/Process (  282): Sending signal. PID: 344 SIG: 3
I/dalvikvm(  344): threadid=3: reacting to signal 3
I/Process (  282): Sending signal. PID: 282 SIG: 3
I/dalvikvm(  282): threadid=3: reacting to signal 3
D/dalvikvm(  467): GC_CONCURRENT freed 213K, 10% free 2583K/2856K, paused 5ms+12ms, total 131ms
I/dalvikvm(  344): Wrote stack traces to '/data/anr/traces.txt'
W/dalvikvm(  282): threadid=3: spin on suspend #1 threadid=54 (pcf=0)
D/dalvikvm(  282): Temporarily moving tid 379 to fg (was 0)
D/dalvikvm(  282): Temporarily raised priority on tid 379 (10 -> 0)
W/dalvikvm(  282): threadid=3: spin on suspend resolved in 1016 msec
D/dalvikvm(  282): Restored policy of 379 to 0
D/dalvikvm(  282): Restored priority on 379 to 10
I//system/bin/fsck_msdos(   32): Attempting to allocate 2044 KB for FAT
I/Process (  282): Sending signal. PID: 386 SIG: 3
I/dalvikvm(  386): threadid=3: reacting to signal 3
D/SystemUIService(  344): loading: class com.android.systemui.media.RingtonePlayer
D/SystemUIService(  344): running: com.android.systemui.media.RingtonePlayer@40e40e40
I/Choreographer(  282): Skipped 33 frames!  The application may be doing too much work on its main thread.
I/dalvikvm(  282): Wrote stack traces to '/data/anr/traces.txt'
E/BluetoothAdapter(  282): Bluetooth binder is null
E/BluetoothAdapter(  282): Bluetooth binder is null
V/WiredAccessoryManager(  282): init()
E/SoundPool(  282): error loading /system/media/audio/ui/Effect_Tick.ogg
W/AudioService(  282): Soundpool could not load file: /system/media/audio/ui/Effect_Tick.ogg
E/SoundPool(  282): error loading /system/media/audio/ui/Effect_Tick.ogg
W/AudioService(  282): Soundpool could not load file: /system/media/audio/ui/Effect_Tick.ogg
E/SoundPool(  282): error loading /system/media/audio/ui/Effect_Tick.ogg
W/AudioService(  282): Soundpool could not load file: /system/media/audio/ui/Effect_Tick.ogg
E/SoundPool(  282): error loading /system/media/audio/ui/Effect_Tick.ogg
W/AudioService(  282): Soundpool could not load file: /system/media/audio/ui/Effect_Tick.ogg
E/SoundPool(  282): error loading /system/media/audio/ui/Effect_Tick.ogg
W/AudioService(  282): Soundpool could not load file: /system/media/audio/ui/Effect_Tick.ogg
E/SoundPool(  282): error loading /system/media/audio/ui/KeypressStandard.ogg
W/AudioService(  282): Soundpool could not load file: /system/media/audio/ui/KeypressStandard.ogg
E/SoundPool(  282): error loading /system/media/audio/ui/KeypressSpacebar.ogg
W/AudioService(  282): Soundpool could not load file: /system/media/audio/ui/KeypressSpacebar.ogg
E/SoundPool(  282): error loading /system/media/audio/ui/KeypressDelete.ogg
W/AudioService(  282): Soundpool could not load file: /system/media/audio/ui/KeypressDelete.ogg
E/SoundPool(  282): error loading /system/media/audio/ui/KeypressReturn.ogg
W/AudioService(  282): Soundpool could not load file: /system/media/audio/ui/KeypressReturn.ogg
W/AudioService(  282): loadSoundEffects(), Error -1 while loading samples
I/Choreographer(  344): Skipped 4451 frames!  The application may be doing too much work on its main thread.
I/Choreographer(  282): Skipped 124 frames!  The application may be doing too much work on its main thread.
D/dalvikvm(  282): GREF has increased to 401
E/UserHistoryDictionary(  374): when loading: file not foundjava.io.FileNotFoundException: /data/data/com.android.inputmethod.latin/files/UserHistoryDictionary.en_US.dict: open failed: ENOENT (No such file or directory)
D/dalvikvm(  406): GC_FOR_ALLOC freed 53K, 4% free 2856K/2968K, paused 648ms, total 664ms
I/ActivityManager(  282): Start proc com.android.contacts for broadcast com.android.contacts/.calllog.CallLogReceiver: pid=512 uid=10001 gids={50001, 3003, 1015, 1028}
D/dalvikvm(  374): GC_CONCURRENT freed 240K, 11% free 2538K/2836K, paused 3ms+2ms, total 478ms
I/dalvikvm(  386): Wrote stack traces to '/data/anr/traces.txt'
I/dalvikvm-heap(  406): Grow heap (frag case) to 4.217MB for 1440016-byte allocation
I/Choreographer(  282): Skipped 45 frames!  The application may be doing too much work on its main thread.
D/dalvikvm(  406): GC_FOR_ALLOC freed 12K, 3% free 4250K/4376K, paused 595ms, total 595ms
D/CAT     (  386): CatService: Running CAT service. STK app installed:false
D/CAT     (  386): CatService: NEW sInstance
E/StrictMode(  374): A resource was acquired at attached stack trace but never released. See java.io.Closeable for information on avoiding resource leaks.
E/StrictMode(  374): java.lang.Throwable: Explicit termination method 'close' not called
E/StrictMode(  374): 	at dalvik.system.CloseGuard.open(CloseGuard.java:184)
E/StrictMode(  374): 	at android.os.ParcelFileDescriptor.<init>(ParcelFileDescriptor.java:412)
E/StrictMode(  374): 	at android.content.res.AssetManager.openNonAssetFdNative(Native Method)
E/StrictMode(  374): 	at android.content.res.AssetManager.openNonAssetFd(AssetManager.java:428)
E/StrictMode(  374): 	at android.content.res.Resources.openRawResourceFd(Resources.java:979)
E/StrictMode(  374): 	at com.android.inputmethod.latin.BinaryDictionaryGetter.loadFallbackResource(BinaryDictionaryGetter.java:183)
E/StrictMode(  374): 	at com.android.inputmethod.latin.BinaryDictionaryGetter.getDictionaryFiles(BinaryDictionaryGetter.java:456)
E/StrictMode(  374): 	at com.android.inputmethod.latin.DictionaryFactory.createMainDictionaryFromManager(DictionaryFactory.java:57)
E/StrictMode(  374): 	at com.android.inputmethod.latin.DictionaryFactory.createMainDictionaryFromManager(DictionaryFactory.java:87)
E/StrictMode(  374): 	at com.android.inputmethod.latin.Suggest$1.run(Suggest.java:108)
D/dalvikvm(  406): GC_CONCURRENT freed <1K, 3% free 4250K/4376K, paused 3ms+120ms, total 654ms
E/Trace   (  512): error opening trace file: No such file or directory (2)
D/dalvikvm(  282): GC_CONCURRENT freed 1838K, 25% free 5667K/7556K, paused 35ms+151ms, total 1419ms
D/CAT     (  386): CatService: SIM ready. Reporting STK service running now...
D/MccTable(  386): updateMccMncConfiguration: mcc=310, mnc=260
D/TelephonyManager(  386): getLteOnCdmaMode=0 curVal=-1 product_type='' lteOnCdmaProductType=''
D/MccTable(  386): locale set to en_us
D/MccTable(  386): WIFI_COUNTRY_CODE set to us
I/WifiService(  282): WifiService trying to set country code to us with persist set to true
I/ActivityManager(  282): Config changes=1403 {1.0 310mcc260mnc en_US ldltr sw320dp w320dp h508dp 240dpi nrml long port finger -keyb/v/h tball/v s.4}
D/dalvikvm(  386): GC_CONCURRENT freed 263K, 11% free 2773K/3096K, paused 4ms+48ms, total 521ms
W/SurfaceFlinger(   37): createScreenshotSurface failed (Function not implemented)
D/dalvikvm(  282): GC_EXPLICIT freed 188K, 25% free 5680K/7556K, paused 253ms+32ms, total 4108ms
W/Settings(  386): Setting auto_time_zone has moved from android.provider.Settings.System to android.provider.Settings.Global, returning read-only value.
W/WindowManager(  282): Window freeze timeout expired.
W/WindowManager(  282): Force clearing orientation change: Window{40ea0a18 u0 Keyguard}
W/WindowManager(  282): App freeze timeout expired.
W/WindowManager(  282): Force clearing freeze: AppWindowToken{40ebfb08 token=Token{40d80bc0 ActivityRecord{40f3c440 u0 com.android.launcher/com.android.launcher2.Launcher}}}
D/MccTable(  386): updateMccMncConfiguration: mcc=310, mnc=260
D/TelephonyManager(  386): getLteOnCdmaMode=0 curVal=-1 product_type='' lteOnCdmaProductType=''
D/MccTable(  386): locale set to en_us
D/MccTable(  386): WIFI_COUNTRY_CODE set to us
I/WifiService(  282): WifiService trying to set country code to us with persist set to true
I/ActivityManager(  282): Config changes=1400 {1.0 310mcc260mnc en_US ldltr sw320dp w320dp h508dp 240dpi nrml long port finger -keyb/v/h tball/v s.5}
I/Process (  282): Sending signal. PID: 406 SIG: 3
I/dalvikvm(  406): threadid=3: reacting to signal 3
I/Process (  282): Sending signal. PID: 374 SIG: 3
I/dalvikvm(  374): threadid=3: reacting to signal 3
I/dalvikvm(  406): Wrote stack traces to '/data/anr/traces.txt'
D/dalvikvm(  282): GC_CONCURRENT freed 333K, 18% free 6200K/7556K, paused 9ms+56ms, total 1812ms
D/dalvikvm(  282): WAIT_FOR_CONCURRENT_GC blocked 464ms
D/dalvikvm(  282): WAIT_FOR_CONCURRENT_GC blocked 364ms
D/dalvikvm(  282): WAIT_FOR_CONCURRENT_GC blocked 495ms
D/dalvikvm(  282): WAIT_FOR_CONCURRENT_GC blocked 465ms
D/dalvikvm(  282): WAIT_FOR_CONCURRENT_GC blocked 324ms
E/ActivityManager(  282): ANR in com.android.systemui
E/ActivityManager(  282): Reason: Executing service com.android.systemui/.ImageWallpaper
E/ActivityManager(  282): Load: 8.66 / 2.24 / 0.75
E/ActivityManager(  282): CPU usage from 3635ms to -18777ms ago:
E/ActivityManager(  282):   22% 282/system_server: 15% user + 6.4% kernel / faults: 2035 minor 7 major
E/ActivityManager(  282):   16% 37/surfaceflinger: 13% user + 3.3% kernel / faults: 1 minor
E/ActivityManager(  282):   7.3% 386/com.android.phone: 4.7% user + 2.5% kernel / faults: 1408 minor 7 major
E/ActivityManager(  282):   6% 406/com.android.launcher: 4.3% user + 1.7% kernel / faults: 4370 minor 1 major
E/ActivityManager(  282):   3.2% 78/bootanimation: 2.3% user + 0.9% kernel
E/ActivityManager(  282):   3% 467/android.process.acore: 1.8% user + 1.2% kernel / faults: 1862 minor 1 major
E/ActivityManager(  282):   1.7% 344/com.android.systemui: 0.9% user + 0.7% kernel / faults: 757 minor 2 major
E/ActivityManager(  282):   0.8% 374/com.android.inputmethod.latin: 0.4% user + 0.3% kernel / faults: 690 minor 2 major
E/ActivityManager(  282):   0.7% 452/zygote: 0.3% user + 0.4% kernel / faults: 186 minor 4 major
E/ActivityManager(  282):   0.4% 352/fsck_msdos: 0.2% user + 0.2% kernel / faults: 1950 minor
E/ActivityManager(  282):   0.4% 36/rild: 0% user + 0.3% kernel
E/ActivityManager(  282):   0.1% 1//init: 0% user + 0.1% kernel / faults: 33 minor
E/ActivityManager(  282):   0.1% 38/zygote: 0% user + 0.1% kernel / faults: 63 minor
E/ActivityManager(  282):   0.1% 31/servicemanager: 0% user + 0.1% kernel
E/ActivityManager(  282):   0% 29/mmcqd: 0% user + 0% kernel
E/ActivityManager(  282):   0% 434/com.android.music: 0% user + 0% kernel / faults: 86 minor
E/ActivityManager(  282):   0% 32/vold: 0% user + 0% kernel / faults: 14 minor
E/ActivityManager(  282):  +0% 512/com.android.contacts: 0% user + 0% kernel
E/ActivityManager(  282): 100% TOTAL: 68% user + 31% kernel + 0% irq + 0% softirq
E/ActivityManager(  282): CPU usage from 11750ms to 14374ms later:
E/ActivityManager(  282):   21% 282/system_server: 15% user + 6.1% kernel / faults: 204 minor 1 major
E/ActivityManager(  282):     10% 299/ActivityManager: 4% user + 6.6% kernel
E/ActivityManager(  282):     9.7% 297/UI: 9.5% user + 0.2% kernel
E/ActivityManager(  282):     9% 505/Error dump: sys: 7.8% user + 1.1% kernel
E/ActivityManager(  282):     6.9% 289/Compiler: 4.2% user + 2.6% kernel
E/ActivityManager(  282):     6.1% 416/Binder_3: 4% user + 2.1% kernel
E/ActivityManager(  282):     2.1% 298/WindowManager: 1.4% user + 0.7% kernel
E/ActivityManager(  282):     0.7% 429/Binder_6: 0.2% user + 0.4% kernel
E/ActivityManager(  282):     0.4% 285/GC: 0% user + 0.4% kernel
E/ActivityManager(  282):     0.4% 309/PowerManagerSer: 0.2% user + 0.2% kernel
E/ActivityManager(  282):     0.2% 295/SensorService: 0.2% user + 0% kernel
E/ActivityManager(  282):     0.2% 314/er$SensorThread: 0.2% user + 0% kernel
E/ActivityManager(  282):     0.2% 315/InputDispatcher: 0% user + 0.2% kernel
E/ActivityManager(  282):     0.2% 501/Binder_9: 0.2% user + 0% kernel
E/ActivityManager(  282):    +0% 537/KeyguardWidgetP: 0% user + 0% kernel
E/ActivityManager(  282):   18% 37/surfaceflinger: 15% user + 3.2% kernel
E/ActivityManager(  282):     25% 63/SurfaceFlinger: 22% user + 3.2% kernel
E/ActivityManager(  282):     1.7% 74/EventThread: 0% user + 1.7% kernel
E/ActivityManager(  282):     1.4% 71/VSyncThread: 0% user + 1.4% kernel
E/ActivityManager(  282):     1.1% 77/Binder_1: 0.2% user + 0.8% kernel
E/ActivityManager(  282):     1.1% 317/Binder_2: 0.2% user + 0.8% kernel
E/ActivityManager(  282):     0.8% 37/surfaceflinger: 0% user + 0.8% kernel
E/ActivityManager(  282):     0.8% 431/Binder_3: 0.2% user + 0.5% kernel
E/ActivityManager(  282):   4.4% 386/com.android.phone: 3% user + 1.4% kernel / faults: 81 minor
E/ActivityManager(  282):     4.8% 386/m.android.phone: 3.4% user + 1.4% kernel
E/ActivityManager(  282):     2% 396/Compiler: 1.4% user + 0.6% kernel
E/ActivityManager(  282):     0.4% 388/GC: 0.4% user + 0% kernel
E/ActivityManager(  282):     0.2% 400/Binder_1: 0% user + 0.2% kernel
E/ActivityManager(  282):     0.2% 401/Binder_2: 0.2% user + 0% kernel
E/ActivityManager(  282):   4.5% 78/bootanimation: 3.1% user + 1.3% kernel
E/ActivityManager(  282):     4.1% 99/BootAnimation: 2.7% user + 1.3% kernel
E/ActivityManager(  282):   3.5% 406/com.android.launcher: 0.9% user + 2.5% kernel / faults: 1680 minor
E/ActivityManager(  282):     6.8% 406/ndroid.launcher: 2.1% user + 4.7% kernel
E/ActivityManager(  282):   2% 512/com.android.contacts: 1.3% user + 0.6% kernel / faults: 223 minor 1 major
E/ActivityManager(  282):     0.6% 512/ndroid.contacts: 0.6% user + 0% kernel
E/ActivityManager(  282):     0.2% 522/Compiler: 0% user + 0.2% kernel
E/ActivityManager(  282):     0.2% 530/Binder_1: 0.2% user + 0% kernel
E/ActivityManager(  282):    +0% 536/IntentService[C: 0% user + 0% kernel
E/ActivityManager(  282):    +0% 538/AsyncQueryWorke: 0% user + 0% kernel
E/ActivityManager(  282):    +0% 539/AsyncTask #1: 0% user + 0% kernel
E/ActivityManager(  282):   0.3% 1//init: 0% user + 0.3% kernel / faults: 3 minor
E/ActivityManager(  282):   0.2% 374/com.android.inputmethod.latin: 0% user + 0.2% kernel
E/ActivityManager(  282):     1.4% 402/Binder_1: 0% user + 1.4% kernel
E/ActivityManager(  282): 100% TOTAL: 72% user + 28% kernel
W/ActivityManager(  282): Killing ProcessRecord{40edd208 344:com.android.systemui/u0a10034}: background ANR
I/dalvikvm(  374): Wrote stack traces to '/data/anr/traces.txt'
D/dalvikvm(  282): GC_EXPLICIT freed 450K, 12% free 6699K/7556K, paused 54ms+161ms, total 1144ms
D/dalvikvm(  282): WAIT_FOR_CONCURRENT_GC blocked 45ms
D/dalvikvm(  282): WAIT_FOR_CONCURRENT_GC blocked 163ms
D/dalvikvm(  282): WAIT_FOR_CONCURRENT_GC blocked 1703ms
D/dalvikvm(  386): GC_CONCURRENT freed 276K, 11% free 2948K/3288K, paused 4ms+43ms, total 134ms
I/Choreographer(  282): Skipped 2852 frames!  The application may be doing too much work on its main thread.
V/TAG     (  282): bug 7643792: fitSystemWindows([0,38][0,0])
D/dalvikvm(  282): GC_CONCURRENT freed 1116K, 15% free 6666K/7840K, paused 5ms+117ms, total 752ms
I/Choreographer(  282): Skipped 140 frames!  The application may be doing too much work on its main thread.
D/dalvikvm(  406): GC_CONCURRENT freed 168K, 5% free 4613K/4848K, paused 5ms+48ms, total 133ms
D/dalvikvm(  282): GC_FOR_ALLOC freed 118K, 17% free 6561K/7840K, paused 318ms, total 342ms
I/dalvikvm-heap(  282): Grow heap (frag case) to 7.547MB for 1128976-byte allocation
D/dalvikvm(  282): GC_FOR_ALLOC freed 876K, 25% free 6786K/8944K, paused 135ms, total 135ms
D/dalvikvm(  386): GC_CONCURRENT freed 475K, 16% free 2893K/3428K, paused 5ms+98ms, total 181ms
I/Choreographer(  282): Skipped 454 frames!  The application may be doing too much work on its main thread.
D/dalvikvm(  282): GC_CONCURRENT freed 14K, 24% free 6814K/8944K, paused 30ms+302ms, total 1461ms
I/Choreographer(  282): Skipped 78 frames!  The application may be doing too much work on its main thread.
D/dalvikvm(  406): GC_FOR_ALLOC freed 26K, 4% free 4685K/4856K, paused 343ms, total 355ms
I/dalvikvm-heap(  406): Grow heap (frag case) to 6.004MB for 1440016-byte allocation
D/dalvikvm(  406): GC_FOR_ALLOC freed 10K, 3% free 6081K/6264K, paused 439ms, total 439ms
D/dalvikvm(  406): GC_CONCURRENT freed 5K, 3% free 6087K/6264K, paused 13ms+4ms, total 571ms
W/WindowManager(  282): ***** BOOT TIMEOUT: forcing display enabled
I/SurfaceFlinger(   37): Boot is finished (89463 ms)
I/ActivityManager(  282): Config changes=1400 {1.0 310mcc260mnc en_US ldltr sw320dp w320dp h508dp 240dpi nrml long port finger -keyb/v/h tball/v s.6}
I/Choreographer(  282): Skipped 35 frames!  The application may be doing too much work on its main thread.
I/PowerManagerService(  282): Boot animation finished.
D/Launcher.Model(  406): Reload apps on config change. curr_mcc:310 prevmcc:0
I/Choreographer(  406): Skipped 1990 frames!  The application may be doing too much work on its main thread.
E/SurfaceFlinger(   37): ro.sf.lcd_density must be defined as a build property
I/Choreographer(  406): Skipped 34 frames!  The application may be doing too much work on its main thread.
D/gralloc_goldfish(  406): Emulator without GPU emulation detected.
D/dalvikvm(  406): GC_FOR_ALLOC freed 2202K, 33% free 4706K/6968K, paused 25ms, total 49ms
I/dalvikvm-heap(  406): Grow heap (frag case) to 6.116MB for 1536016-byte allocation
D/dalvikvm(  406): GC_CONCURRENT freed 26K, 28% free 6180K/8472K, paused 8ms+3ms, total 36ms
D/dalvikvm(  406): WAIT_FOR_CONCURRENT_GC blocked 29ms
D/dalvikvm(  406): GC_FOR_ALLOC freed 2K, 28% free 6177K/8472K, paused 22ms, total 22ms
I/dalvikvm-heap(  406): Grow heap (frag case) to 7.552MB for 1536016-byte allocation
D/dalvikvm(  406): GC_CONCURRENT freed 0K, 24% free 7677K/9976K, paused 6ms+4ms, total 48ms
D/dalvikvm(  406): WAIT_FOR_CONCURRENT_GC blocked 42ms
D/dalvikvm(  406): WAIT_FOR_CONCURRENT_GC blocked 119ms
I/ActivityManager(  282): Displayed com.android.launcher/com.android.launcher2.Launcher: +48s828ms
I/Choreographer(  406): Skipped 133 frames!  The application may be doing too much work on its main thread.
D/dalvikvm(  406): GC_FOR_ALLOC freed 1560K, 27% free 7344K/9976K, paused 35ms, total 38ms
D/dalvikvm(  406): GREF has increased to 201
I/Choreographer(  406): Skipped 30 frames!  The application may be doing too much work on its main thread.
I/Choreographer(  406): Skipped 48 frames!  The application may be doing too much work on its main thread.
I//system/bin/fsck_msdos(   32): ** Phase 2 - Check Cluster Chains
I//system/bin/fsck_msdos(   32): ** Phase 3 - Checking Directories
I//system/bin/fsck_msdos(   32): ** Phase 4 - Checking for Lost Files
I//system/bin/fsck_msdos(   32): 13 files, 1044442 free (522221 clusters)
I/Vold    (   32): Filesystem check completed OK
I/Vold    (   32): Device /dev/block/vold/179:0, target /mnt/sdcard mounted @ /mnt/secure/staging
D/Vold    (   32): Volume sdcard state changing 3 (Checking) -> 4 (Mounted)
D/MountService(  282): volume state changed for /mnt/sdcard (checking -> mounted)
I/PackageManager(  282): Updating external media status from unmounted to mounted
E/VoldConnector(  282): NDC Command {3 volume mount /mnt/sdcard} took too long (55039ms)
I/PackageManager(  282): No secure containers on sdcard
W/PackageManager(  282): Unknown permission com.google.android.googleapps.permission.GOOGLE_AUTH.mail in package com.android.contacts
E/MountService(  282): Listener dead
D/MountService(  282): sendStorageIntent Intent { act=android.intent.action.MEDIA_MOUNTED dat=file:///mnt/sdcard (has extras) } to UserHandle{-1}
I/WindowState(  282): WIN DEATH: Window{40f5afb8 u0 StatusBar}
V/TAG     (  282): bug 7643792: fitSystemWindows([0,0][0,0])
W/PackageManager(  282): Unknown permission android.permission.ADD_SYSTEM_SERVICE in package com.android.phone
W/PackageManager(  282): Unknown permission com.android.smspush.WAPPUSH_MANAGER_BIND in package com.android.phone
W/PackageManager(  282): Unknown permission com.google.android.googleapps.permission.GOOGLE_AUTH in package com.android.providers.calendar
W/PackageManager(  282): Unknown permission com.google.android.googleapps.permission.GOOGLE_AUTH.cl in package com.android.providers.calendar
W/PackageManager(  282): Unknown permission com.google.android.googleapps.permission.GOOGLE_AUTH.mail in package com.android.calendar
W/PackageManager(  282): Not granting permission android.permission.SEND_DOWNLOAD_COMPLETED_INTENTS to package com.android.browser (protectionLevel=2 flags=0x89be45)
W/PackageManager(  282): Not granting permission android.permission.BIND_APPWIDGET to package com.android.widgetpreview (protectionLevel=18 flags=0x8be44)
W/PackageManager(  282): Unknown permission com.google.android.googleapps.permission.GOOGLE_AUTH in package com.android.settings
W/PackageManager(  282): Unknown permission com.google.android.gallery3d.permission.GALLERY_PROVIDER in package com.android.exchange
W/PackageManager(  282): Unknown permission com.google.android.googleapps.permission.ACCESS_GOOGLE_PASSWORD in package com.android.development
W/PackageManager(  282): Unknown permission com.google.android.googleapps.permission.GOOGLE_AUTH in package com.android.development
W/PackageManager(  282): Unknown permission com.google.android.googleapps.permission.GOOGLE_AUTH.ALL_SERVICES in package com.android.development
W/PackageManager(  282): Unknown permission com.google.android.googleapps.permission.GOOGLE_AUTH.YouTubeUser in package com.android.development
W/PackageManager(  282): Unknown permission com.google.android.gallery3d.permission.GALLERY_PROVIDER in package com.android.email
W/PackageManager(  282): Not granting permission android.permission.DEVICE_POWER to package com.android.deskclock (protectionLevel=2 flags=0x88be45)
I/ActivityManager(  282): Process com.android.systemui (pid 344) has died.
W/ActivityManager(  282): Scheduling restart of crashed service com.android.systemui/.ImageWallpaper in 0ms
W/ActivityManager(  282): Scheduling restart of crashed service com.android.systemui/.SystemUIService in 0ms
I/ActivityManager(  282): Start proc com.android.systemui for restart com.android.systemui: pid=555 uid=10034 gids={50034, 1028, 1015, 3002, 3001}
D/dalvikvm(   38): GC_EXPLICIT freed 34K, 4% free 2381K/2476K, paused 2ms+18ms, total 64ms
D/dalvikvm(   38): GC_EXPLICIT freed <1K, 4% free 2382K/2476K, paused 2ms+3ms, total 60ms
D/dalvikvm(   38): GC_EXPLICIT freed <1K, 4% free 2382K/2476K, paused 2ms+3ms, total 59ms
E/Trace   (  555): error opening trace file: No such file or directory (2)
W/GpsLocationProvider(  282): Could not open GPS configuration file /etc/gps.conf
D/SystemUIService(  555): loading: class com.android.systemui.statusbar.phone.PhoneStatusBar
D/SystemUIService(  555): running: com.android.systemui.statusbar.phone.PhoneStatusBar@40cdcf88
I/StatusBarManagerService(  282): registerStatusBar bar=com.android.internal.statusbar.IStatusBar$Stub$Proxy@411affd0
W/ServiceWatcher(  282): com.google.android.location not found
W/ServiceWatcher(  282): com.google.android.location not found
W/LocationManagerService(  282): no network location provider found
W/ServiceWatcher(  282): com.google.android.location not found
D/dalvikvm(  555): GC_CONCURRENT freed 121K, 7% free 2670K/2852K, paused 8ms+3ms, total 39ms
D/dalvikvm(  555): WAIT_FOR_CONCURRENT_GC blocked 32ms
I/dalvikvm-heap(  555): Grow heap (frag case) to 3.269MB for 635812-byte allocation
D/dalvikvm(  555): GC_FOR_ALLOC freed 5K, 6% free 3286K/3476K, paused 20ms, total 25ms
I/AccountTypeManager(  512): Loaded meta-data for 1 account types, 0 accounts in 224ms(wall) 32ms(cpu)
I/ActivityManager(  282): Start proc com.android.location.fused for service com.android.location.fused/.FusedLocationService: pid=569 uid=10022 gids={50022, 1028}
E/Trace   (  569): error opening trace file: No such file or directory (2)
E/BluetoothAdapter(  555): Bluetooth binder is null
E/BluetoothAdapter(  555): Bluetooth binder is null
E/BluetoothAdapter(  555): Bluetooth binder is null
D/dalvikvm(  555): GC_CONCURRENT freed 66K, 4% free 3653K/3784K, paused 9ms+14ms, total 60ms
E/BluetoothAdapter(  555): Bluetooth binder is null
D/PhoneStatusBar(  555): disable: < expand icons alerts ticker system_info BACK* HOME* RECENT* CLOCK* SEARCH* >
E/BluetoothAdapter(  555): Bluetooth binder is null
D/SystemUIService(  555): loading: class com.android.systemui.power.PowerUI
D/SystemUIService(  555): running: com.android.systemui.power.PowerUI@40e4cb00
D/SystemUIService(  555): loading: class com.android.systemui.media.RingtonePlayer
D/SystemUIService(  555): running: com.android.systemui.media.RingtonePlayer@40e4d8e0
I/Choreographer(  555): Skipped 231 frames!  The application may be doing too much work on its main thread.
E/SurfaceFlinger(   37): ro.sf.lcd_density must be defined as a build property
V/TAG     (  282): bug 7643792: fitSystemWindows([0,38][0,0])
D/dalvikvm(  555): GC_CONCURRENT freed 257K, 8% free 3805K/4124K, paused 3ms+3ms, total 86ms
I/Choreographer(  282): Skipped 134 frames!  The application may be doing too much work on its main thread.
I/Choreographer(  555): Skipped 258 frames!  The application may be doing too much work on its main thread.
D/gralloc_goldfish(  555): Emulator without GPU emulation detected.
W/ServiceWatcher(  282): com.google.android.location not found
E/LocationManagerService(  282): no geocoder provider found
D/dalvikvm(  406): GC_FOR_ALLOC freed 1620K, 28% free 6491K/8976K, paused 477ms, total 558ms
I/dalvikvm-heap(  406): Grow heap (frag case) to 7.790MB for 1463056-byte allocation
I/RecoverySystem(  282): No recovery log file
I/ActivityManager(  282): Start proc com.android.deskclock for broadcast com.android.deskclock/.AlarmInitReceiver: pid=590 uid=10006 gids={50006, 1028}
D/dalvikvm(  406): GC_FOR_ALLOC freed 3K, 12% free 7917K/8976K, paused 682ms, total 682ms
D/dalvikvm(  406): GC_CONCURRENT freed 6K, 12% free 7912K/8976K, paused 78ms+4ms, total 248ms
D/dalvikvm(  406): WAIT_FOR_CONCURRENT_GC blocked 57ms
I/dalvikvm-heap(  406): Grow heap (frag case) to 9.177MB for 1463056-byte allocation
E/Trace   (  590): error opening trace file: No such file or directory (2)
D/dalvikvm(  406): GC_FOR_ALLOC freed <1K, 11% free 9341K/10408K, paused 91ms, total 92ms
D/dalvikvm(  282): GC_CONCURRENT freed 2130K, 36% free 5796K/8944K, paused 246ms+18ms, total 454ms
D/dalvikvm(  282): WAIT_FOR_CONCURRENT_GC blocked 54ms
D/dalvikvm(  282): WAIT_FOR_CONCURRENT_GC blocked 92ms
D/dalvikvm(  282): WAIT_FOR_CONCURRENT_GC blocked 123ms
D/dalvikvm(  282): WAIT_FOR_CONCURRENT_GC blocked 110ms
D/ConnectivityService(  282): ConnectivityChange for mobile: CONNECTED/CONNECTED
W/WallpaperService(  282): Wallpaper service gone: ComponentInfo{com.android.systemui/com.android.systemui.ImageWallpaper}
V/AlarmClock(  590): No next alarm
I/Choreographer(  406): Skipped 111 frames!  The application may be doing too much work on its main thread.
V/AlarmClock(  590): AlarmInitReceiver - Reset timers and clear stopwatch data
V/AlarmClock(  590): No next alarm
V/AlarmClock(  590): AlarmInitReceiver finished
D/dalvikvm(  282): GC_CONCURRENT freed 549K, 32% free 6105K/8944K, paused 39ms+7ms, total 228ms
D/dalvikvm(  282): WAIT_FOR_CONCURRENT_GC blocked 48ms
D/dalvikvm(  282): WAIT_FOR_CONCURRENT_GC blocked 128ms
D/dalvikvm(  282): WAIT_FOR_CONCURRENT_GC blocked 58ms
D/dalvikvm(  282): WAIT_FOR_CONCURRENT_GC blocked 132ms
E/SurfaceFlinger(   37): ro.sf.lcd_density must be defined as a build property
D/dalvikvm(  555): GC_FOR_ALLOC freed 38K, 6% free 3900K/4124K, paused 51ms, total 68ms
I/dalvikvm-heap(  555): Grow heap (frag case) to 9.977MB for 6410576-byte allocation
D/dalvikvm(  555): GC_CONCURRENT freed <1K, 3% free 10159K/10388K, paused 20ms+25ms, total 143ms
D/dalvikvm(  282): GC_CONCURRENT freed 367K, 26% free 6671K/8944K, paused 49ms+8ms, total 232ms
D/dalvikvm(  282): WAIT_FOR_CONCURRENT_GC blocked 100ms
I/Choreographer(  282): Skipped 788 frames!  The application may be doing too much work on its main thread.
D/dalvikvm(  282): WAIT_FOR_CONCURRENT_GC blocked 890ms
D/dalvikvm(  282): GC_FOR_ALLOC freed 300K, 27% free 6588K/8944K, paused 90ms, total 115ms
I/dalvikvm-heap(  282): Grow heap (frag case) to 7.574MB for 1128976-byte allocation
D/dalvikvm(  555): GC_FOR_ALLOC freed <1K, 3% free 10159K/10388K, paused 30ms, total 30ms
I/dalvikvm-heap(  555): Grow heap (frag case) to 12.674MB for 2828816-byte allocation
D/dalvikvm(  282): GC_CONCURRENT freed 890K, 24% free 6800K/8944K, paused 15ms+9ms, total 141ms
D/dalvikvm(  282): WAIT_FOR_CONCURRENT_GC blocked 44ms
D/dalvikvm(  282): WAIT_FOR_CONCURRENT_GC blocked 127ms
D/dalvikvm(  282): WAIT_FOR_CONCURRENT_GC blocked 128ms
D/dalvikvm(  555): GC_CONCURRENT freed 0K, 2% free 12922K/13152K, paused 4ms+24ms, total 84ms
D/dalvikvm(  555): WAIT_FOR_CONCURRENT_GC blocked 66ms
I/Choreographer(  282): Skipped 115 frames!  The application may be doing too much work on its main thread.
I/FusedLocation(  569): engine started (com.android.location.fused)
I/Choreographer(  282): Skipped 47 frames!  The application may be doing too much work on its main thread.
I/Choreographer(  282): Skipped 100 frames!  The application may be doing too much work on its main thread.
I/Choreographer(  282): Skipped 152 frames!  The application may be doing too much work on its main thread.
D/Tethering(  282): MasterInitialState.processMessage what=3
I/ActivityManager(  282): Start proc com.android.email for broadcast com.android.email/.service.EmailBroadcastReceiver: pid=613 uid=10019 gids={50019, 3003, 1015, 1028}
E/Trace   (  613): error opening trace file: No such file or directory (2)
I/ActivityManager(  282): Start proc com.android.exchange for service com.android.exchange/.ExchangeService: pid=630 uid=10032 gids={50032, 3003, 1015, 1028}
I/ActivityManager(  282): Start proc com.android.providers.calendar for broadcast com.android.providers.calendar/.CalendarReceiver: pid=637 uid=10023 gids={50023, 3003, 1015, 1028}
E/Trace   (  630): error opening trace file: No such file or directory (2)
E/Trace   (  637): error opening trace file: No such file or directory (2)
I/ActivityManager(  282): Start proc com.android.mms for broadcast com.android.mms/.transaction.MmsSystemEventReceiver: pid=661 uid=10029 gids={50029, 3003, 1015, 1028}
E/Trace   (  661): error opening trace file: No such file or directory (2)
D/ExchangeService(  630): !!! EAS ExchangeService, onCreate
D/CountryDetector(  282): The first listener is added
V/MmsConfig(  661): mnc/mcc: 310260
V/MmsConfig(  661): tag: bool value: enabledMMS - true
V/MmsConfig(  661): tag: int value: maxMessageSize - 307200
V/MmsConfig(  661): tag: int value: maxImageHeight - 480
V/MmsConfig(  661): tag: int value: maxImageWidth - 640
V/MmsConfig(  661): tag: int value: defaultSMSMessagesPerThread - 500
V/MmsConfig(  661): tag: int value: defaultMMSMessagesPerThread - 50
V/MmsConfig(  661): tag: int value: minMessageCountPerThread - 10
V/MmsConfig(  661): tag: int value: maxMessageCountPerThread - 5000
V/MmsConfig(  661): tag: string value: uaProfUrl - http://www.google.com/oha/rdf/ua-profile-kila.xml
V/MmsConfig(  661): tag: int value: recipientLimit - -1
V/MmsConfig(  661): tag: bool value: enableMultipartSMS - true
V/MmsConfig(  661): tag: int value: smsToMmsTextThreshold - -1
V/MmsConfig(  661): tag: bool value: enableSlideDuration - true
V/MmsConfig(  661): tag: int value: maxMessageTextSize - -1
D/dalvikvm(  282): GREF has increased to 501
W/dalvikvm(  613): threadid=5: spin on suspend #1 threadid=13 (pcf=0)
D/dalvikvm(  613): Temporarily moving tid 629 to fg (was 0)
D/dalvikvm(  613): Temporarily raised priority on tid 629 (10 -> 0)
W/dalvikvm(  613): threadid=5: spin on suspend resolved in 1069 msec
D/dalvikvm(  613): Restored policy of 629 to 0
D/dalvikvm(  613): Restored priority on 629 to 10
D/ExchangeService(  630): !!! EAS ExchangeService, onStartCommand, startingUp = false, running = false
I/ActivityManager(  282): Start proc com.android.settings for broadcast com.android.settings/.widget.SettingsAppWidgetProvider: pid=690 uid=1000 gids={41000, 1015, 1028, 3002, 3001, 3003}
E/Trace   (  690): error opening trace file: No such file or directory (2)
D/Eas Debug(  630): Logging: 
E/BluetoothAdapter(  690): Bluetooth binder is null
D/ExchangeService(  630): !!! EAS ExchangeService, onStartCommand, startingUp = true, running = false
D/MediaScannerReceiver(  452): action: android.intent.action.MEDIA_MOUNTED path: /mnt/sdcard
E/BluetoothAdapter(  690): Bluetooth binder is null
E/BluetoothAdapter(  690): Bluetooth binder is null
D/GpsLocationProvider(  282): NTP server returned: 1483695040895 (Fri Jan 06 09:30:40 GMT 2017) reference: 114737 certainty: 19 system time offset: -2
W/SystemClock(  282): Unable to set rtc to 1483695040: Invalid argument
I/ActivityManager(  282): Start proc com.android.calendar for broadcast com.android.calendar/.widget.CalendarAppWidgetService$CalendarFactory: pid=708 uid=10004 gids={50004, 3003, 1028}
D/Mms:app (  661): cancelNotification
E/Trace   (  708): error opening trace file: No such file or directory (2)
V/AlarmClock(  590): No next alarm
V/AlarmClock(  590): AlarmInitReceiver finished
D/MmsSmsDatabaseHelper(  386): [MmsSmsDb] tableName: threads hasAutoIncrement: CREATE TABLE threads (_id INTEGER PRIMARY KEY AUTOINCREMENT,date INTEGER DEFAULT 0,message_count INTEGER DEFAULT 0,recipient_ids TEXT,snippet TEXT,snippet_cs INTEGER DEFAULT 0,read INTEGER DEFAULT 1,type INTEGER DEFAULT 0,error INTEGER DEFAULT 0,has_attachment INTEGER DEFAULT 0) result: true
D/MmsSmsDatabaseHelper(  386): [MmsSmsDb] tableName: canonical_addresses hasAutoIncrement: CREATE TABLE canonical_addresses (_id INTEGER PRIMARY KEY AUTOINCREMENT,address TEXT) result: true
D/ExchangeService(  630): Received deviceId from Email app: androidc259148960
D/ExchangeService(  630): Reconciling accounts...
D/ExchangeService(  630): !!! EAS ExchangeService, onStartCommand, startingUp = true, running = false
D/Eas Debug(  630): Logging: 
D/MmsSmsDatabaseHelper(  386): [MmsSmsDb] tableName: part hasAutoIncrement: CREATE TABLE part (_id INTEGER PRIMARY KEY AUTOINCREMENT,mid INTEGER,seq INTEGER DEFAULT 0,ct TEXT,name TEXT,chset INTEGER,cd TEXT,fn TEXT,cid TEXT,cl TEXT,ctt_s INTEGER,ctt_t TEXT,_data TEXT,text TEXT) result: true
D/MmsSmsDatabaseHelper(  386): [MmsSmsDb] tableName: pdu hasAutoIncrement: CREATE TABLE pdu (_id INTEGER PRIMARY KEY AUTOINCREMENT,thread_id INTEGER,date INTEGER,date_sent INTEGER DEFAULT 0,msg_box INTEGER,read INTEGER DEFAULT 0,m_id TEXT,sub TEXT,sub_cs INTEGER,ct_t TEXT,ct_l TEXT,exp INTEGER,m_cls TEXT,m_type INTEGER,v INTEGER,m_size INTEGER,pri INTEGER,rr INTEGER,rpt_a INTEGER,resp_st INTEGER,st INTEGER,tr_id TEXT,retr_st INTEGER,retr_txt TEXT,retr_txt_cs INTEGER,read_status INTEGER,ct_cls INTEGER,resp_txt TEXT,d_tm INTEGER,d_rpt INTEGER,locked INTEGER DEFAULT 0,seen INTEGER DEFAULT 0,text_only INTEGER DEFAULT 0) result: true
D/MmsSmsDatabaseHelper(  386): [getWritableDatabase] hasAutoIncrementThreads: true hasAutoIncrementAddresses: true hasAutoIncrementPart: true hasAutoIncrementPdu: true
D/dalvikvm(  386): GREF has increased to 201
D/Mms:app (  661): cancelNotification
I/CalendarProvider2(  637): Sending notification intent: Intent { act=android.intent.action.PROVIDER_CHANGED dat=content://com.android.calendar }
W/ContentResolver(  637): Failed to get type for: content://com.android.calendar (Unknown URL content://com.android.calendar)
D/AlertReceiver(  708): onReceive: a=android.intent.action.PROVIDER_CHANGED Intent { act=android.intent.action.PROVIDER_CHANGED dat=content://com.android.calendar flg=0x10 cmp=com.android.calendar/.alerts.AlertReceiver }
D/AlertService(  708): 0 Action = android.intent.action.PROVIDER_CHANGED
D/AlertService(  708): Beginning updateAlertNotification
D/EmailProvider(  613): fromDatabase accounts: 0
D/EmailProvider(  613): ending toDatabase transaction; copyCount = 0
D/AlertService(  708): No fired or scheduled alerts
D/EmailProvider(  613): ending fromDatabase transaction; copyCount = 0
W/ActivityManager(  282): Unable to start service Intent { cmp=com.android.email/.service.AttachmentDownloadService } U=0: not found
D/dalvikvm(  452): GREF has increased to 201
D/dalvikvm(  452): GC_CONCURRENT freed 195K, 9% free 2567K/2820K, paused 5ms+44ms, total 95ms
W/ActivityManager(  282): Unable to start service Intent { cmp=com.android.email/.service.AttachmentDownloadService } U=0: not found
W/ActivityManager(  282): Unable to start service Intent { cmp=com.android.email/.service.AttachmentDownloadService } U=0: not found
D/ExchangeService(  630): !!! EAS ExchangeService, onStartCommand, startingUp = true, running = false
D/dalvikvm(  613): GC_CONCURRENT freed 196K, 10% free 2584K/2844K, paused 20ms+3ms, total 84ms
W/MediaProvider(  452): no database for scanned volume external
W/MediaScanner(  452): Error opening directory '/mnt/sdcard/.android_secure/', skipping: Permission denied.
I/dalvikvm(  282): Jit: resizing JitTable from 4096 to 8192
D/dalvikvm(  282): GC_EXPLICIT freed 1435K, 36% free 5778K/8944K, paused 4ms+6ms, total 79ms
V/MediaScanner(  452): pruneDeadThumbnailFiles... android.database.sqlite.SQLiteCursor@40d116f8
V/MediaScanner(  452): /pruneDeadThumbnailFiles... android.database.sqlite.SQLiteCursor@40d116f8
W/MediaScanner(  452): Error opening directory '/mnt/sdcard/.android_secure/', skipping: Permission denied.
V/MediaScanner(  452): pruneDeadThumbnailFiles... android.database.sqlite.SQLiteCursor@40d28e38
V/MediaScanner(  452): /pruneDeadThumbnailFiles... android.database.sqlite.SQLiteCursor@40d28e38
