D/dalvikvm(  299): WAIT_FOR_CONCURRENT_GC blocked 928ms
D/dalvikvm(  398): GC_FOR_ALLOC freed 88K, 6% free 2664K/2808K, paused 84ms, total 105ms
I/dalvikvm-heap(  398): Grow heap (frag case) to 3.259MB for 635812-byte allocation
D/dalvikvm(  398): GC_CONCURRENT freed 5K, 5% free 3284K/3432K, paused 4ms+33ms, total 86ms
D/dalvikvm(  398): WAIT_FOR_CONCURRENT_GC blocked 19ms
D/dalvikvm(  299): GC_CONCURRENT freed 218K, 6% free 5001K/5284K, paused 6ms+10ms, total 176ms
D/dalvikvm(  299): WAIT_FOR_CONCURRENT_GC blocked 62ms
E/BluetoothAdapter(  398): Bluetooth binder is null
E/BluetoothAdapter(  398): Bluetooth binder is null
D/dalvikvm(  299): GC_CONCURRENT freed 300K, 7% free 5361K/5724K, paused 6ms+56ms, total 587ms
D/dalvikvm(  299): WAIT_FOR_CONCURRENT_GC blocked 5ms
D/dalvikvm(  299): WAIT_FOR_CONCURRENT_GC blocked 168ms
D/dalvikvm(  299): WAIT_FOR_CONCURRENT_GC blocked 284ms
D/dalvikvm(  299): WAIT_FOR_CONCURRENT_GC blocked 216ms
E/BluetoothAdapter(  398): Bluetooth binder is null
W/InputMethodManagerService(  299): Found no subtypes in a system IME: com.android.inputmethod.pinyin
I/Choreographer(  299): Skipped 1698 frames!  The application may be doing too much work on its main thread.
E/SurfaceFlinger(   37): ro.sf.lcd_density must be defined as a build property
D/gralloc_goldfish(  299): Emulator without GPU emulation detected.
I/ActivityManager(  299): Start proc com.android.inputmethod.latin for service com.android.inputmethod.latin/.LatinIME: pid=447 uid=10010 gids={50010, 1028}
I/CommonTimeManagementService(  299): No common time service detected on this platform.  Common time services will be unavailable.
I/ActivityManager(  299): Start proc com.android.phone for added application com.android.phone: pid=468 uid=1001 gids={41001, 3002, 3001, 3003, 1015, 1028}
I/InputReader(  299): Reconfiguring input devices.  changes=0x00000020
E/ThrottleService(  299): problem during onPollAlarm: java.lang.IllegalStateException: problem parsing stats: java.io.FileNotFoundException: /proc/net/xt_qtaguid/iface_stat_all: open failed: ENOENT (No such file or directory)
I/InputReader(  299): Reconfiguring input devices.  changes=0x00000010
I/ActivityManager(  299): START u0 {act=android.intent.action.MAIN cat=[android.intent.category.HOME] flg=0x10000000 cmp=com.android.launcher/com.android.launcher2.Launcher} from pid 0
I/LocationBlacklist(  299): whitelist: []
D/dalvikvm(  299): GC_CONCURRENT freed 677K, 12% free 5432K/6172K, paused 140ms+25ms, total 852ms
D/dalvikvm(  299): WAIT_FOR_CONCURRENT_GC blocked 76ms
D/dalvikvm(  299): WAIT_FOR_CONCURRENT_GC blocked 78ms
D/dalvikvm(  299): WAIT_FOR_CONCURRENT_GC blocked 566ms
D/dalvikvm(  299): WAIT_FOR_CONCURRENT_GC blocked 409ms
D/dalvikvm(  299): WAIT_FOR_CONCURRENT_GC blocked 311ms
I/ActivityManager(  299): Start proc com.android.launcher for activity com.android.launcher/com.android.launcher2.Launcher: pid=489 uid=10020 gids={50020, 1028}
I/SystemServer(  299): Enabled StrictMode for system server main thread.
V/TAG     (  299): bug 7643792: fitSystemWindows([0,0][0,0])
I/LocationBlacklist(  299): blacklist: []
E/Trace   (  447): error opening trace file: No such file or directory (2)
D/dalvikvm(  398): GC_CONCURRENT freed 64K, 4% free 3635K/3756K, paused 3ms+30ms, total 133ms
E/BluetoothAdapter(  398): Bluetooth binder is null
V/TAG     (  299): bug 7643792: fitSystemWindows([0,0][0,0])
I/Choreographer(  299): Skipped 211 frames!  The application may be doing too much work on its main thread.
E/SurfaceFlinger(   37): ro.sf.lcd_density must be defined as a build property
E/Trace   (  468): error opening trace file: No such file or directory (2)
E/Trace   (  489): error opening trace file: No such file or directory (2)
D/dalvikvm(  299): GC_FOR_ALLOC freed 410K, 13% free 5371K/6172K, paused 480ms, total 500ms
I/dalvikvm-heap(  299): Grow heap (frag case) to 6.381MB for 1128976-byte allocation
D/dalvikvm(  299): GC_FOR_ALLOC freed 3K, 12% free 6470K/7276K, paused 303ms, total 303ms
D/dalvikvm(  299): GREF has increased to 301
W/WindowManager(  299): Window freeze timeout expired.
W/WindowManager(  299): Force clearing orientation change: Window{40e97808 u0 Keyguard}
D/PhoneStatusBar(  398): disable: < expand icons alerts ticker system_info back home recent clock search >
I/Choreographer(  299): Skipped 566 frames!  The application may be doing too much work on its main thread.
I/LatinIME(  447): Hardware accelerated drawing: false
D/dalvikvm(  299): GC_CONCURRENT freed 41K, 11% free 6480K/7276K, paused 33ms+55ms, total 923ms
I/Choreographer(  299): Skipped 309 frames!  The application may be doing too much work on its main thread.
V/TAG     (  299): bug 7643792: fitSystemWindows([0,38][0,0])
W/TelephonyProvider(  468): onCreate: confFile=/system/etc/apns-conf.xml oldCheckSum=-1
D/TelephonyManager(  468): getLteOnCdmaMode=0 curVal=-1 product_type='' lteOnCdmaProductType=''
W/WindowManager(  299): Window freeze timeout expired.
W/WindowManager(  299): Force clearing orientation change: Window{40e97808 u0 Keyguard}
I/Choreographer(  299): Skipped 130 frames!  The application may be doing too much work on its main thread.
I/ActivityManager(  299): Start proc com.android.music for broadcast com.android.music/.MediaButtonIntentReceiver: pid=526 uid=10025 gids={50025, 3003, 1015, 1028}
I/Choreographer(  299): Skipped 80 frames!  The application may be doing too much work on its main thread.
I/dalvikvm(  526): Turning on JNI app bug workarounds for target SDK version 9...
D/TelephonyManager(  468): getLteOnCdmaMode=0 curVal=-1 product_type='' lteOnCdmaProductType=''
W/InputAttributes(  447): No editor info for this field. Bug?
D/TelephonyManager(  468): getLteOnCdmaMode=0 curVal=-1 product_type='' lteOnCdmaProductType=''
E/Trace   (  526): error opening trace file: No such file or directory (2)
E/ActivityThread(  447): Failed to find provider info for com.android.inputmethod.latin.dictionarypack
E/BinaryDictionaryGetter(  447): Could not find a dictionary pack
I/ActivityManager(  299): Start proc android.process.acore for content provider com.android.providers.userdictionary/.UserDictionaryProvider: pid=551 uid=10001 gids={50001, 3003, 1015, 1028}
D/dalvikvm(  447): GC_CONCURRENT freed 269K, 11% free 2514K/2824K, paused 6ms+2ms, total 234ms
W/InputMethodManagerService(  299): Found no subtypes in a system IME: com.android.inputmethod.pinyin
E/StrictMode(  447): A resource was acquired at attached stack trace but never released. See java.io.Closeable for information on avoiding resource leaks.
E/StrictMode(  447): java.lang.Throwable: Explicit termination method 'close' not called
E/StrictMode(  447): 	at dalvik.system.CloseGuard.open(CloseGuard.java:184)
E/StrictMode(  447): 	at android.os.ParcelFileDescriptor.<init>(ParcelFileDescriptor.java:412)
E/StrictMode(  447): 	at android.content.res.AssetManager.openNonAssetFdNative(Native Method)
E/StrictMode(  447): 	at android.content.res.AssetManager.openNonAssetFd(AssetManager.java:428)
E/StrictMode(  447): 	at android.content.res.Resources.openRawResourceFd(Resources.java:979)
E/StrictMode(  447): 	at com.android.inputmethod.latin.BinaryDictionaryGetter.loadFallbackResource(BinaryDictionaryGetter.java:183)
E/StrictMode(  447): 	at com.android.inputmethod.latin.BinaryDictionaryGetter.getDictionaryFiles(BinaryDictionaryGetter.java:456)
E/StrictMode(  447): 	at com.android.inputmethod.latin.DictionaryFactory.createMainDictionaryFromManager(DictionaryFactory.java:57)
E/StrictMode(  447): 	at com.android.inputmethod.latin.DictionaryFactory.createMainDictionaryFromManager(DictionaryFactory.java:87)
E/StrictMode(  447): 	at com.android.inputmethod.latin.Suggest$1.run(Suggest.java:108)
W/Settings(  468): Setting airplane_mode_on has moved from android.provider.Settings.System to android.provider.Settings.Global, returning read-only value.
W/Settings(  468): Setting auto_time has moved from android.provider.Settings.System to android.provider.Settings.Global, returning read-only global URI.
W/Settings(  468): Setting auto_time_zone has moved from android.provider.Settings.System to android.provider.Settings.Global, returning read-only global URI.
W/ActivityManager(  299): Unable to start service Intent { act=com.android.internal.telephony.IWapPushManager } U=0: not found
D/        (  468): [ApnContext:default] set reason as dataEnabled,current state IDLE
D/        (  468): [ApnContext:default] setRetryCount: 0
D/        (  468): [ApnContext:mms] set reason as dataEnabled,current state IDLE
D/        (  468): [ApnContext:mms] setRetryCount: 0
D/        (  468): [ApnContext:supl] set reason as dataEnabled,current state IDLE
D/        (  468): [ApnContext:supl] setRetryCount: 0
D/        (  468): [ApnContext:hipri] set reason as dataEnabled,current state IDLE
D/        (  468): [ApnContext:hipri] setRetryCount: 0
D/        (  468): [ApnContext:fota] set reason as dataEnabled,current state IDLE
D/        (  468): [ApnContext:fota] setRetryCount: 0
D/        (  468): [ApnContext:ims] set reason as dataEnabled,current state IDLE
D/        (  468): [ApnContext:ims] setRetryCount: 0
D/        (  468): [ApnContext:cbs] set reason as dataEnabled,current state IDLE
D/        (  468): [ApnContext:cbs] setRetryCount: 0
E/Trace   (  551): error opening trace file: No such file or directory (2)
D/TelephonyManager(  468): getLteOnCdmaMode=0 curVal=-1 product_type='' lteOnCdmaProductType=''
D/dalvikvm(  468): GC_CONCURRENT freed 195K, 9% free 2580K/2832K, paused 4ms+58ms, total 132ms
D/CallManager(  468): registerPhone(GSM Handler (com.android.internal.telephony.PhoneProxy) {40d02558})
E/BluetoothAdapter(  468): Bluetooth binder is null
I/ActivityManager(  299): Start proc android.process.media for content provider com.android.providers.media/.MediaProvider: pid=580 uid=10000 gids={50000, 1015, 1023, 1024, 1028, 1006, 2001, 3003, 3007}
I/AudioService(  299):   Remote Control   registerMediaButtonIntent() for PendingIntent{4117e020: PendingIntentRecord{4117df80 com.android.music broadcastIntent}}
E/BluetoothAdapter(  398): Bluetooth binder is null
W/ActivityManager(  299): Activity idle timeout for ActivityRecord{4104f6a0 u0 com.android.launcher/com.android.launcher2.Launcher}
I/ActivityManager(  299): Start proc com.android.contacts for broadcast com.android.contacts/.calllog.CallLogReceiver: pid=595 uid=10001 gids={50001, 3003, 1015, 1028}
E/BluetoothAdapter(  299): Bluetooth binder is null
E/BluetoothAdapter(  299): Bluetooth binder is null
V/WiredAccessoryManager(  299): init()
I/Choreographer(  299): Skipped 50 frames!  The application may be doing too much work on its main thread.
E/SoundPool(  299): error loading /system/media/audio/ui/Effect_Tick.ogg
W/AudioService(  299): Soundpool could not load file: /system/media/audio/ui/Effect_Tick.ogg
E/SoundPool(  299): error loading /system/media/audio/ui/Effect_Tick.ogg
W/AudioService(  299): Soundpool could not load file: /system/media/audio/ui/Effect_Tick.ogg
E/SoundPool(  299): error loading /system/media/audio/ui/Effect_Tick.ogg
W/AudioService(  299): Soundpool could not load file: /system/media/audio/ui/Effect_Tick.ogg
E/SoundPool(  299): error loading /system/media/audio/ui/Effect_Tick.ogg
W/AudioService(  299): Soundpool could not load file: /system/media/audio/ui/Effect_Tick.ogg
E/SoundPool(  299): error loading /system/media/audio/ui/Effect_Tick.ogg
W/AudioService(  299): Soundpool could not load file: /system/media/audio/ui/Effect_Tick.ogg
E/SoundPool(  299): error loading /system/media/audio/ui/KeypressStandard.ogg
W/AudioService(  299): Soundpool could not load file: /system/media/audio/ui/KeypressStandard.ogg
E/SoundPool(  299): error loading /system/media/audio/ui/KeypressSpacebar.ogg
W/AudioService(  299): Soundpool could not load file: /system/media/audio/ui/KeypressSpacebar.ogg
E/SoundPool(  299): error loading /system/media/audio/ui/KeypressDelete.ogg
W/AudioService(  299): Soundpool could not load file: /system/media/audio/ui/KeypressDelete.ogg
E/SoundPool(  299): error loading /system/media/audio/ui/KeypressReturn.ogg
W/AudioService(  299): Soundpool could not load file: /system/media/audio/ui/KeypressReturn.ogg
W/AudioService(  299): loadSoundEffects(), Error -1 while loading samples
E/Trace   (  580): error opening trace file: No such file or directory (2)
E/Trace   (  595): error opening trace file: No such file or directory (2)
W/ActivityManager(  299): Timeout executing service: ServiceRecord{40f1ef60 u0 com.android.systemui/.ImageWallpaper}
I/DownloadManager(  580): in removeSpuriousFiles
I/Process (  299): Sending signal. PID: 398 SIG: 3
I/dalvikvm(  398): threadid=3: reacting to signal 3
I/Process (  299): Sending signal. PID: 299 SIG: 3
I/dalvikvm(  299): threadid=3: reacting to signal 3
D/dalvikvm(  551): GC_CONCURRENT freed 182K, 9% free 2611K/2848K, paused 27ms+66ms, total 320ms
W/dalvikvm(  299): threadid=3: spin on suspend #1 threadid=47 (pcf=0)
D/dalvikvm(  299): Temporarily moving tid 389 to fg (was 0)
D/dalvikvm(  299): Temporarily raised priority on tid 389 (10 -> 0)
I/dalvikvm(  398): Wrote stack traces to '/data/anr/traces.txt'
W/dalvikvm(  299): threadid=3: spin on suspend resolved in 1045 msec
D/dalvikvm(  299): Restored policy of 389 to 0
D/dalvikvm(  299): Restored priority on 389 to 10
D/dalvikvm(  489): GC_CONCURRENT freed 184K, 9% free 2617K/2860K, paused 265ms+151ms, total 898ms
I/Process (  299): Sending signal. PID: 468 SIG: 3
I/dalvikvm(  468): threadid=3: reacting to signal 3
I/dalvikvm(  299): Wrote stack traces to '/data/anr/traces.txt'
I/dalvikvm(  468): Wrote stack traces to '/data/anr/traces.txt'
D/SystemUIService(  398): loading: class com.android.systemui.power.PowerUI
D/SystemUIService(  398): running: com.android.systemui.power.PowerUI@40e411c0
D/SystemUIService(  398): loading: class com.android.systemui.media.RingtonePlayer
D/dalvikvm(  489): GC_FOR_ALLOC freed 48K, 4% free 2856K/2960K, paused 551ms, total 576ms
D/SystemUIService(  398): running: com.android.systemui.media.RingtonePlayer@40e41e40
D/dalvikvm(  299): GREF has increased to 401
I/dalvikvm-heap(  489): Grow heap (frag case) to 4.213MB for 1440016-byte allocation
D/dalvikvm(  489): GC_FOR_ALLOC freed 11K, 3% free 4251K/4368K, paused 45ms, total 45ms
D/dalvikvm(  489): GC_CONCURRENT freed <1K, 3% free 4251K/4368K, paused 4ms+35ms, total 70ms
D/dalvikvm(  299): GC_CONCURRENT freed 1965K, 27% free 5545K/7572K, paused 376ms+7ms, total 1320ms
D/dalvikvm(  299): WAIT_FOR_CONCURRENT_GC blocked 198ms
D/dalvikvm(  299): WAIT_FOR_CONCURRENT_GC blocked 259ms
D/dalvikvm(  299): WAIT_FOR_CONCURRENT_GC blocked 255ms
I/Choreographer(  398): Skipped 6038 frames!  The application may be doing too much work on its main thread.
D/dalvikvm(  299): GC_EXPLICIT freed 392K, 26% free 5619K/7572K, paused 91ms+136ms, total 875ms
I/Process (  299): Sending signal. PID: 489 SIG: 3
I/dalvikvm(  489): threadid=3: reacting to signal 3
E/SurfaceFlinger(   37): ro.sf.lcd_density must be defined as a build property
W/WindowManager(  299): Window freeze timeout expired.
W/WindowManager(  299): Force clearing orientation change: Window{40ed8770 u0 StatusBar}
E/BluetoothAdapter(  468): Bluetooth binder is null
W/GpsLocationProvider(  299): Could not open GPS configuration file /etc/gps.conf
I/Choreographer(  299): Skipped 90 frames!  The application may be doing too much work on its main thread.
D/PhoneStatusBar(  398): disable: < expand icons alerts ticker system_info BACK* HOME* RECENT* CLOCK* SEARCH* >
I/Choreographer(  299): Skipped 270 frames!  The application may be doing too much work on its main thread.
E/ActivityManager(  299): ANR in com.android.systemui
E/ActivityManager(  299): Reason: Executing service com.android.systemui/.ImageWallpaper
E/ActivityManager(  299): Load: 5.9 / 1.48 / 0.5
E/ActivityManager(  299): CPU usage from 995ms to -10046ms ago:
E/ActivityManager(  299):   20% 299/system_server: 14% user + 6.7% kernel / faults: 2498 minor 4 major
E/ActivityManager(  299):   14% 37/surfaceflinger: 11% user + 3.7% kernel / faults: 2 minor
E/ActivityManager(  299):   12% 489/com.android.launcher: 8.5% user + 3.7% kernel / faults: 5061 minor 3 major
E/ActivityManager(  299):   6.5% 551/android.process.acore: 4.5% user + 1.9% kernel / faults: 1704 minor
E/ActivityManager(  299):   3.8% 85/bootanimation: 2.8% user + 1% kernel
E/ActivityManager(  299):   3.7% 398/com.android.systemui: 1.9% user + 1.8% kernel / faults: 675 minor 2 major
E/ActivityManager(  299):   2.5% 580/android.process.media: 0.9% user + 1.5% kernel / faults: 879 minor 13 major
E/ActivityManager(  299):   1.1% 468/com.android.phone: 0.7% user + 0.3% kernel / faults: 300 minor 2 major
E/ActivityManager(  299):   0.5% 595/com.android.contacts: 0.4% user + 0% kernel / faults: 380 minor 4 major
E/ActivityManager(  299):   0.4% 47/adbd: 0% user + 0.3% kernel / faults: 106 minor
E/ActivityManager(  299):   0.2% 407/fsck_msdos: 0.1% user + 0% kernel / faults: 382 minor
E/ActivityManager(  299):   0.4% 526/com.android.music: 0.3% user + 0% kernel / faults: 177 minor
E/ActivityManager(  299):   0.3% 447/com.android.inputmethod.latin: 0.3% user + 0% kernel / faults: 147 minor 1 major
E/ActivityManager(  299):   0% 1//init: 0% user + 0% kernel / faults: 22 minor
E/ActivityManager(  299):   0% 4/events/0: 0% user + 0% kernel
E/ActivityManager(  299): 100% TOTAL: 65% user + 33% kernel + 0.1% irq + 0.2% softirq
E/ActivityManager(  299): CPU usage from 8955ms to 9533ms later:
E/ActivityManager(  299):   47% 299/system_server: 31% user + 15% kernel / faults: 1599 minor
E/ActivityManager(  299):     15% 578/Binder_8: 10% user + 5.2% kernel
E/ActivityManager(  299):     7% 317/ActivityManager: 0% user + 7% kernel
E/ActivityManager(  299):     3.5% 305/Compiler: 1.7% user + 1.7% kernel
E/ActivityManager(  299):     1.7% 311/Binder_2: 0% user + 1.7% kernel
E/ActivityManager(  299):     1.7% 487/Binder_3: 0% user + 1.7% kernel
E/ActivityManager(  299):     1.7% 488/Binder_4: 1.7% user + 0% kernel
E/ActivityManager(  299):     1.7% 634/Binder_9: 0% user + 1.7% kernel
E/ActivityManager(  299):   21% 489/com.android.launcher: 14% user + 7% kernel / faults: 411 minor 2 major
E/ActivityManager(  299):     23% 537/launcher-loader: 9.8% user + 14% kernel
E/ActivityManager(  299):     18% 489/ndroid.launcher: 15% user + 2.8% kernel
E/ActivityManager(  299):     2.8% 496/Compiler: 2.8% user + 0% kernel
E/ActivityManager(  299):   10% 37/surfaceflinger: 6.8% user + 3.4% kernel
E/ActivityManager(  299):     10% 66/SurfaceFlinger: 6.8% user + 3.4% kernel
E/ActivityManager(  299):     1.7% 79/VSyncThread: 0% user + 1.7% kernel
E/ActivityManager(  299):   3.5% 85/bootanimation: 3.5% user + 0% kernel
E/ActivityManager(  299):     3.5% 108/BootAnimation: 3.5% user + 0% kernel
E/ActivityManager(  299): 100% TOTAL: 67% user + 32% kernel
W/ActivityManager(  299): Killing ProcessRecord{40ec81d8 398:com.android.systemui/u0a10034}: background ANR
W/ServiceWatcher(  299): com.google.android.location not found
I/dalvikvm(  489): Wrote stack traces to '/data/anr/traces.txt'
D/dalvikvm(  299): GC_CONCURRENT freed 361K, 20% free 6064K/7572K, paused 48ms+106ms, total 347ms
W/ServiceWatcher(  299): com.google.android.location not found
W/LocationManagerService(  299): no network location provider found
W/ServiceWatcher(  299): com.google.android.location not found
D/dalvikvm(  489): GC_CONCURRENT freed 175K, 5% free 4602K/4832K, paused 11ms+47ms, total 191ms
I//system/bin/fsck_msdos(   32): Attempting to allocate 2044 KB for FAT
D/dalvikvm(   38): GC_EXPLICIT freed 34K, 4% free 2381K/2472K, paused 116ms+3ms, total 157ms
I/ActivityManager(  299): Start proc com.android.location.fused for service com.android.location.fused/.FusedLocationService: pid=677 uid=10022 gids={50022, 1028}
D/dalvikvm(   38): GC_EXPLICIT freed <1K, 4% free 2382K/2472K, paused 3ms+2ms, total 97ms
D/dalvikvm(   38): GC_EXPLICIT freed <1K, 4% free 2382K/2472K, paused 4ms+3ms, total 43ms
E/Trace   (  677): error opening trace file: No such file or directory (2)
W/ServiceWatcher(  299): com.google.android.location not found
E/LocationManagerService(  299): no geocoder provider found
I//system/bin/fsck_msdos(   32): ** Phase 2 - Check Cluster Chains
I/ActivityManager(  299): Process com.android.systemui (pid 398) has died.
W/ActivityManager(  299): Scheduling restart of crashed service com.android.systemui/.ImageWallpaper in 0ms
I/WindowState(  299): WIN DEATH: Window{40ed8770 u0 StatusBar}
W/WallpaperService(  299): Wallpaper service gone: ComponentInfo{com.android.systemui/com.android.systemui.ImageWallpaper}
W/WallpaperService(  299): Reverting to built-in wallpaper!
W/ActivityManager(  299): Scheduling restart of crashed service com.android.systemui/.SystemUIService in 0ms
I//system/bin/fsck_msdos(   32): ** Phase 3 - Checking Directories
I//system/bin/fsck_msdos(   32): ** Phase 4 - Checking for Lost Files
I//system/bin/fsck_msdos(   32): 13 files, 1044446 free (522223 clusters)
I/ActivityManager(  299): Start proc com.android.systemui for restart com.android.systemui: pid=696 uid=10034 gids={50034, 1028, 1015, 3002, 3001}
V/TAG     (  299): bug 7643792: fitSystemWindows([0,0][0,0])
I/Choreographer(  489): Skipped 82 frames!  The application may be doing too much work on its main thread.
I/Choreographer(  299): Skipped 143 frames!  The application may be doing too much work on its main thread.
I/Choreographer(  299): Skipped 42 frames!  The application may be doing too much work on its main thread.
E/Trace   (  696): error opening trace file: No such file or directory (2)
E/SurfaceFlinger(   37): ro.sf.lcd_density must be defined as a build property
I/Choreographer(  489): Skipped 65 frames!  The application may be doing too much work on its main thread.
I/FusedLocation(  677): engine started (com.android.location.fused)
W/ActivityManager(  299): Timeout executing service: ServiceRecord{41031948 u0 com.android.phone/.TelephonyDebugService}
I/Process (  299): Sending signal. PID: 468 SIG: 3
I/dalvikvm(  468): threadid=3: reacting to signal 3
I/Vold    (   32): Filesystem check completed OK
I/Vold    (   32): Device /dev/block/vold/179:0, target /mnt/sdcard mounted @ /mnt/secure/staging
D/Vold    (   32): Volume sdcard state changing 3 (Checking) -> 4 (Mounted)
D/MountService(  299): volume state changed for /mnt/sdcard (checking -> mounted)
E/VoldConnector(  299): NDC Command {3 volume mount /mnt/sdcard} took too long (40280ms)
I/PackageManager(  299): Updating external media status from unmounted to mounted
D/MountService(  299): sendStorageIntent Intent { act=android.intent.action.MEDIA_MOUNTED dat=file:///mnt/sdcard (has extras) } to UserHandle{-1}
D/SystemUIService(  696): loading: class com.android.systemui.statusbar.phone.PhoneStatusBar
D/SystemUIService(  696): running: com.android.systemui.statusbar.phone.PhoneStatusBar@40cd59b0
I/Process (  299): Sending signal. PID: 299 SIG: 3
I/dalvikvm(  299): threadid=3: reacting to signal 3
I/Choreographer(  489): Skipped 295 frames!  The application may be doing too much work on its main thread.
I/dalvikvm(  468): Wrote stack traces to '/data/anr/traces.txt'
I/Process (  299): Sending signal. PID: 696 SIG: 3
I/dalvikvm(  696): threadid=3: reacting to signal 3
I/dalvikvm(  299): Wrote stack traces to '/data/anr/traces.txt'
I/dalvikvm(  696): Wrote stack traces to '/data/anr/traces.txt'
I/StatusBarManagerService(  299): registerStatusBar bar=com.android.internal.statusbar.IStatusBar$Stub$Proxy@411a3c08
D/dalvikvm(  468): GC_CONCURRENT freed 319K, 13% free 2653K/3028K, paused 4ms+74ms, total 425ms
D/dalvikvm(  489): GC_CONCURRENT freed 90K, 4% free 5174K/5340K, paused 4ms+3ms, total 128ms
D/DebugService(  468): DebugService DebugService:
D/TelephonyDebugService(  468): TelephonyDebugService()
D/dalvikvm(  489): GC_FOR_ALLOC freed 6K, 3% free 5675K/5848K, paused 149ms, total 177ms
E/VoldConnector(  299): NDC Command {4 asec list} took too long (1043ms)
D/dalvikvm(  489): GREF has increased to 201
I/Choreographer(  489): Skipped 1116 frames!  The application may be doing too much work on its main thread.
D/dalvikvm(  696): GC_FOR_ALLOC freed 94K, 6% free 2669K/2824K, paused 796ms, total 860ms
I/dalvikvm-heap(  696): Grow heap (frag case) to 3.267MB for 635812-byte allocation
D/dalvikvm(  299): GC_EXPLICIT freed 1158K, 25% free 5725K/7572K, paused 35ms+57ms, total 994ms
I/Choreographer(  489): Skipped 81 frames!  The application may be doing too much work on its main thread.
I/RecoverySystem(  299): No recovery log file
D/dalvikvm(  696): GC_FOR_ALLOC freed 5K, 5% free 3285K/3448K, paused 848ms, total 848ms
I/PackageManager(  299): No secure containers on sdcard
W/Settings(  468): Setting auto_time_zone has moved from android.provider.Settings.System to android.provider.Settings.Global, returning read-only value.
W/ProcessStats(  299): Skipping unknown process pid 737
W/ProcessStats(  299): Skipping unknown process pid 741
D/dalvikvm(  696): GC_CONCURRENT freed 6K, 4% free 3310K/3448K, paused 651ms+32ms, total 739ms
W/PackageManager(  299): Unknown permission com.google.android.googleapps.permission.GOOGLE_AUTH.mail in package com.android.contacts
W/PackageManager(  299): Unknown permission android.permission.ADD_SYSTEM_SERVICE in package com.android.phone
W/PackageManager(  299): Unknown permission com.android.smspush.WAPPUSH_MANAGER_BIND in package com.android.phone
W/PackageManager(  299): Unknown permission com.google.android.googleapps.permission.GOOGLE_AUTH in package com.android.providers.calendar
W/PackageManager(  299): Unknown permission com.google.android.googleapps.permission.GOOGLE_AUTH.cl in package com.android.providers.calendar
W/PackageManager(  299): Unknown permission com.google.android.googleapps.permission.GOOGLE_AUTH.mail in package com.android.calendar
W/PackageManager(  299): Not granting permission android.permission.SEND_DOWNLOAD_COMPLETED_INTENTS to package com.android.browser (protectionLevel=2 flags=0x89be45)
W/PackageManager(  299): Not granting permission android.permission.BIND_APPWIDGET to package com.android.widgetpreview (protectionLevel=18 flags=0x8be44)
W/PackageManager(  299): Unknown permission com.google.android.googleapps.permission.GOOGLE_AUTH in package com.android.settings
I/Process (  299): Sending signal. PID: 551 SIG: 3
I/dalvikvm(  551): threadid=3: reacting to signal 3
W/PackageManager(  299): Unknown permission com.google.android.gallery3d.permission.GALLERY_PROVIDER in package com.android.exchange
I/Process (  299): Sending signal. PID: 595 SIG: 3
I/dalvikvm(  595): threadid=3: reacting to signal 3
I/dalvikvm(  551): Wrote stack traces to '/data/anr/traces.txt'
E/ActivityManager(  299): ANR in com.android.phone
E/ActivityManager(  299): Reason: Executing service com.android.phone/.TelephonyDebugService
E/ActivityManager(  299): Load: 8.02 / 2.18 / 0.74
E/ActivityManager(  299): CPU usage from 0ms to 8090ms later:
E/ActivityManager(  299):   22% 299/system_server: 16% user + 6% kernel / faults: 876 minor
E/ActivityManager(  299):   16% 37/surfaceflinger: 12% user + 3.7% kernel
E/ActivityManager(  299):   8.3% 696/com.android.systemui: 6.7% user + 1.6% kernel / faults: 2255 minor
E/ActivityManager(  299):   7.9% 468/com.android.phone: 5% user + 2.8% kernel / faults: 490 minor 4 major
E/ActivityManager(  299):   4.6% 489/com.android.launcher: 3.3% user + 1.2% kernel / faults: 744 minor 1 major
E/ActivityManager(  299):   3.3% 85/bootanimation: 2.6% user + 0.7% kernel
E/ActivityManager(  299):   3.3% 551/android.process.acore: 2.1% user + 1.2% kernel / faults: 679 minor 1 major
E/ActivityManager(  299):   1.8% 32/vold: 0% user + 1.8% kernel / faults: 4 minor
E/ActivityManager(  299):   0.6% 595/com.android.contacts: 0.1% user + 0.4% kernel / faults: 131 minor 2 major
E/ActivityManager(  299):   0.3% 29/mmcqd: 0% user + 0.3% kernel
E/ActivityManager(  299):   0.3% 47/adbd: 0% user + 0.3% kernel / faults: 84 minor
E/ActivityManager(  299):   0.3% 580/android.process.media: 0.3% user + 0% kernel / faults: 13 minor
E/ActivityManager(  299):   0.2% 31/servicemanager: 0% user + 0.2% kernel
E/ActivityManager(  299):   0.1% 526/com.android.music: 0.1% user + 0% kernel / faults: 2 minor
E/ActivityManager(  299): 100% TOTAL: 68% user + 31% kernel + 0.1% irq
E/ActivityManager(  299): CPU usage from 5651ms to 7289ms later:
E/ActivityManager(  299):   24% 299/system_server: 20% user + 3.4% kernel / faults: 121 minor
E/ActivityManager(  299):     9% 317/ActivityManager: 6.2% user + 2.7% kernel
E/ActivityManager(  299):     7.6% 305/Compiler: 6.9% user + 0.6% kernel
E/ActivityManager(  299):     2% 323/PackageManager: 2% user + 0% kernel
E/ActivityManager(  299):     1.3% 307/FinalizerDaemon: 1.3% user + 0% kernel
E/ActivityManager(  299):     0.6% 354/PowerManagerSer: 0% user + 0.6% kernel
E/ActivityManager(  299):     0.6% 634/Binder_9: 0% user + 0.6% kernel
E/ActivityManager(  299):   16% 37/surfaceflinger: 10% user + 5.6% kernel
E/ActivityManager(  299):     12% 66/SurfaceFlinger: 9.2% user + 2.8% kernel
E/ActivityManager(  299):     1.4% 79/VSyncThread: 0% user + 1.4% kernel
E/ActivityManager(  299):     0.7% 37/surfaceflinger: 0.7% user + 0% kernel
E/ActivityManager(  299):     0.7% 81/EventThread: 0% user + 0.7% kernel
E/ActivityManager(  299):     0.7% 84/Binder_1: 0.7% user + 0% kernel
E/ActivityManager(  299):     0.7% 368/Binder_2: 0% user + 0.7% kernel
E/ActivityManager(  299):   3% 551/android.process.acore: 2.5% user + 0.5% kernel / faults: 384 minor
E/ActivityManager(  299):     1.9% 630/ContactsProvide: 1.6% user + 0.2% kernel
E/ActivityManager(  299):     1.1% 623/ApplicationsPro: 0.8% user + 0.2% kernel
E/ActivityManager(  299):     0.5% 559/Compiler: 0.5% user + 0% kernel
E/ActivityManager(  299):   12% 468/com.android.phone: 6.6% user + 5.3% kernel / faults: 137 minor 4 major
E/ActivityManager(  299):     9.3% 468/m.android.phone: 5.3% user + 4% kernel
E/ActivityManager(  299):     4% 475/Compiler: 1.3% user + 2.6% kernel
E/ActivityManager(  299):   9.8% 696/com.android.systemui: 8.4% user + 1.4% kernel / faults: 108 minor
E/ActivityManager(  299):     7% 696/ndroid.systemui: 7% user + 0% kernel
E/ActivityManager(  299):     2.8% 703/Compiler: 2.8% user + 0% kernel
E/ActivityManager(  299):     1.4% 698/GC: 0% user + 1.4% kernel
E/ActivityManager(  299):   4.1% 85/bootanimation: 3.4% user + 0.6% kernel
E/ActivityManager(  299):     4.8% 108/BootAnimation: 4.1% user + 0.6% kernel
E/ActivityManager(  299):   0.3% 595/com.android.contacts: 0% user + 0.3% kernel / faults: 5 minor 1 major
E/ActivityManager(  299):     1.3% 620/AsyncTask #1: 0% user + 1.3% kernel
E/ActivityManager(  299): 100% TOTAL: 72% user + 27% kernel
W/PackageManager(  299): Unknown permission com.google.android.googleapps.permission.ACCESS_GOOGLE_PASSWORD in package com.android.development
W/PackageManager(  299): Unknown permission com.google.android.googleapps.permission.GOOGLE_AUTH in package com.android.development
W/PackageManager(  299): Unknown permission com.google.android.googleapps.permission.GOOGLE_AUTH.ALL_SERVICES in package com.android.development
W/PackageManager(  299): Unknown permission com.google.android.googleapps.permission.GOOGLE_AUTH.YouTubeUser in package com.android.development
W/PackageManager(  299): Unknown permission com.google.android.gallery3d.permission.GALLERY_PROVIDER in package com.android.email
W/PackageManager(  299): Not granting permission android.permission.DEVICE_POWER to package com.android.deskclock (protectionLevel=2 flags=0x88be45)
I/dalvikvm(  595): Wrote stack traces to '/data/anr/traces.txt'
W/WindowManager(  299): ***** BOOT TIMEOUT: forcing display enabled
I/SurfaceFlinger(   37): Boot is finished (95099 ms)
I/PowerManagerService(  299): Boot animation finished.
I/ActivityManager(  299): Config changes=1400 {1.0 ?mcc?mnc en_US ldltr sw320dp w320dp h508dp 240dpi nrml long port finger -keyb/v/h tball/v s.4}
I/Choreographer(  299): Skipped 82 frames!  The application may be doing too much work on its main thread.
W/ActivityManager(  299): Killing ProcessRecord{4100d278 468:com.android.phone/1001}: background ANR
I/ServiceManager(   31): service 'simphonebook' died
I/ServiceManager(   31): service 'phone' died
I/ServiceManager(   31): service 'iphonesubinfo' died
I/ServiceManager(   31): service 'isms' died
I/ActivityManager(  299): Process com.android.phone (pid 468) has died.
W/ActivityManager(  299): Scheduling restart of crashed service com.android.phone/.TelephonyDebugService in 0ms
I/ActivityManager(  299): Start proc com.android.phone for restart com.android.phone: pid=763 uid=1001 gids={41001, 3002, 3001, 3003, 1015, 1028}
E/BluetoothAdapter(  696): Bluetooth binder is null
E/BluetoothAdapter(  696): Bluetooth binder is null
E/BluetoothAdapter(  696): Bluetooth binder is null
D/dalvikvm(  299): GC_CONCURRENT freed 561K, 21% free 5995K/7572K, paused 216ms+87ms, total 700ms
D/dalvikvm(  299): WAIT_FOR_CONCURRENT_GC blocked 529ms
D/dalvikvm(  299): GC_FOR_ALLOC freed 13K, 18% free 6237K/7572K, paused 104ms, total 104ms
I/dalvikvm-heap(  299): Grow heap (frag case) to 6.526MB for 393236-byte allocation
D/dalvikvm(  299): GC_FOR_ALLOC freed 258K, 21% free 6363K/7960K, paused 51ms, total 51ms
D/dalvikvm(  299): GC_FOR_ALLOC freed 1036K, 27% free 5844K/7960K, paused 59ms, total 59ms
E/Trace   (  763): error opening trace file: No such file or directory (2)
D/dalvikvm(  696): GC_CONCURRENT freed 61K, 4% free 3642K/3764K, paused 3ms+3ms, total 113ms
I/AccountTypeManager(  595): Loaded meta-data for 1 account types, 0 accounts in 425ms(wall) 30ms(cpu)
W/TelephonyProvider(  763): onCreate: confFile=/system/etc/apns-conf.xml oldCheckSum=-1
D/TelephonyManager(  763): getLteOnCdmaMode=0 curVal=-1 product_type='' lteOnCdmaProductType=''
E/BluetoothAdapter(  696): Bluetooth binder is null
I/Choreographer(  489): Skipped 1609 frames!  The application may be doing too much work on its main thread.
D/TelephonyManager(  763): getLteOnCdmaMode=0 curVal=-1 product_type='' lteOnCdmaProductType=''
D/TelephonyManager(  763): getLteOnCdmaMode=0 curVal=-1 product_type='' lteOnCdmaProductType=''
D/AndroidRuntime(  784): 
D/AndroidRuntime(  784): >>>>>> AndroidRuntime START com.android.internal.os.RuntimeInit <<<<<<
D/AndroidRuntime(  784): CheckJNI is ON
D/gralloc_goldfish(  489): Emulator without GPU emulation detected.
I/ActivityManager(  299): Start proc com.android.deskclock for broadcast com.android.deskclock/.AlarmInitReceiver: pid=787 uid=10006 gids={50006, 1028}
D/dalvikvm(  784): Trying to load lib libjavacore.so 0x0
D/dalvikvm(  784): Added shared lib libjavacore.so 0x0
D/dalvikvm(  784): Trying to load lib libnativehelper.so 0x0
D/dalvikvm(  784): Added shared lib libnativehelper.so 0x0
W/Settings(  763): Setting airplane_mode_on has moved from android.provider.Settings.System to android.provider.Settings.Global, returning read-only value.
E/Trace   (  787): error opening trace file: No such file or directory (2)
W/Settings(  763): Setting auto_time has moved from android.provider.Settings.System to android.provider.Settings.Global, returning read-only global URI.
D/PhoneStatusBar(  696): disable: < expand icons alerts ticker system_info BACK* HOME* RECENT* CLOCK* SEARCH* >
W/Settings(  763): Setting auto_time_zone has moved from android.provider.Settings.System to android.provider.Settings.Global, returning read-only global URI.
W/ActivityManager(  299): Unable to start service Intent { act=com.android.internal.telephony.IWapPushManager } U=0: not found
D/AndroidRuntime(  784): Calling main entry com.android.commands.am.Am
D/dalvikvm(  784): Note: class Landroid/app/ActivityManagerNative; has 157 unimplemented (abstract) methods
D/dalvikvm(  815): Not late-enabling CheckJNI (already on)
I/ActivityManager(  299): Start proc it.unina.android.ripper_service:android_ripper_service_process for service it.unina.android.ripper_service/.AndroidRipperService: pid=815 uid=10049 gids={50049, 3003, 1028}
D/AndroidRuntime(  784): Shutting down VM
D/dalvikvm(  784): GC_CONCURRENT freed 91K, 16% free 490K/584K, paused 1ms+2ms, total 11ms
D/        (  763): [ApnContext:default] set reason as dataEnabled,current state IDLE
D/        (  763): [ApnContext:default] setRetryCount: 0
D/        (  763): [ApnContext:mms] set reason as dataEnabled,current state IDLE
D/        (  763): [ApnContext:mms] setRetryCount: 0
D/        (  763): [ApnContext:supl] set reason as dataEnabled,current state IDLE
D/        (  763): [ApnContext:supl] setRetryCount: 0
D/        (  763): [ApnContext:hipri] set reason as dataEnabled,current state IDLE
D/        (  763): [ApnContext:hipri] setRetryCount: 0
D/        (  763): [ApnContext:fota] set reason as dataEnabled,current state IDLE
D/        (  763): [ApnContext:fota] setRetryCount: 0
D/        (  763): [ApnContext:ims] set reason as dataEnabled,current state IDLE
D/        (  763): [ApnContext:ims] setRetryCount: 0
D/        (  763): [ApnContext:cbs] set reason as dataEnabled,current state IDLE
D/        (  763): [ApnContext:cbs] setRetryCount: 0
D/dalvikvm(  489): GC_FOR_ALLOC freed 21K, 2% free 6319K/6440K, paused 129ms, total 170ms
I/dalvikvm-heap(  489): Grow heap (frag case) to 7.687MB for 1536016-byte allocation
E/BluetoothAdapter(  696): Bluetooth binder is null
D/TelephonyManager(  763): getLteOnCdmaMode=0 curVal=-1 product_type='' lteOnCdmaProductType=''
D/dalvikvm(  489): GC_CONCURRENT freed 1K, 2% free 7817K/7944K, paused 4ms+68ms, total 189ms
D/dalvikvm(  489): WAIT_FOR_CONCURRENT_GC blocked 170ms
D/SystemUIService(  696): loading: class com.android.systemui.power.PowerUI
D/SystemUIService(  696): running: com.android.systemui.power.PowerUI@40e4c630
D/SystemUIService(  696): loading: class com.android.systemui.media.RingtonePlayer
D/SystemUIService(  696): running: com.android.systemui.media.RingtonePlayer@40e4d410
D/dalvikvm(  763): GC_CONCURRENT freed 197K, 10% free 2575K/2832K, paused 4ms+3ms, total 233ms
D/CallManager(  763): registerPhone(GSM Handler (com.android.internal.telephony.PhoneProxy) {40d02388})
E/Trace   (  815): error opening trace file: No such file or directory (2)
E/BluetoothAdapter(  763): Bluetooth binder is null
E/SurfaceFlinger(   37): ro.sf.lcd_density must be defined as a build property
V/TAG     (  299): bug 7643792: fitSystemWindows([0,38][0,0])
E/BluetoothAdapter(  763): Bluetooth binder is null
V/AndroidRipperService(  815): onCreate()
V/SERVER  (  815): Starting ServerSocket on PORT 8888
V/SERVER  (  815): Started ServerSocket on PORT 8888
D/DebugService(  763): DebugService DebugService:
D/TelephonyDebugService(  763): TelephonyDebugService()
V/AlarmClock(  787): No next alarm
D/dalvikvm(  696): GC_FOR_ALLOC freed 234K, 8% free 3730K/4024K, paused 247ms, total 314ms
I/ActivityManager(  299): Displayed com.android.launcher/com.android.launcher2.Launcher: +47s783ms
I/Choreographer(  299): Skipped 158 frames!  The application may be doing too much work on its main thread.
V/AlarmClock(  787): AlarmInitReceiver - Reset timers and clear stopwatch data
I/dalvikvm-heap(  696): Grow heap (frag case) to 9.811MB for 6410576-byte allocation
V/AlarmClock(  787): No next alarm
V/AlarmClock(  787): AlarmInitReceiver finished
D/AndroidRuntime(  848): 
D/AndroidRuntime(  848): >>>>>> AndroidRuntime START com.android.internal.os.RuntimeInit <<<<<<
D/AndroidRuntime(  848): CheckJNI is ON
D/dalvikvm(  848): Trying to load lib libjavacore.so 0x0
D/dalvikvm(  848): Added shared lib libjavacore.so 0x0
D/dalvikvm(  696): GC_FOR_ALLOC freed <1K, 3% free 9990K/10288K, paused 340ms, total 340ms
D/dalvikvm(  848): Trying to load lib libnativehelper.so 0x0
D/dalvikvm(  848): Added shared lib libnativehelper.so 0x0
D/dalvikvm(  696): GC_CONCURRENT freed 8K, 3% free 9984K/10288K, paused 4ms+4ms, total 341ms
D/dalvikvm(  489): GC_FOR_ALLOC freed 1558K, 18% free 7917K/9568K, paused 440ms, total 530ms
D/AndroidRuntime(  848): Calling main entry com.android.commands.am.Am
D/dalvikvm(  848): Note: class Landroid/app/ActivityManagerNative; has 157 unimplemented (abstract) methods
I/ActivityManager(  299): Force stopping package net.fercanet.LNM appid=10048 user=0
I/ActivityManager(  299): Start proc net.fercanet.LNM for added application net.fercanet.LNM: pid=857 uid=10048 gids={50048, 1015, 1028}
D/dalvikvm(  489): GC_FOR_ALLOC freed 6K, 7% free 8924K/9568K, paused 247ms, total 257ms
D/dalvikvm(  763): GC_CONCURRENT freed 318K, 13% free 2651K/3028K, paused 4ms+2ms, total 116ms
I/dalvikvm(  857): Turning on JNI app bug workarounds for target SDK version 3...
E/Trace   (  857): error opening trace file: No such file or directory (2)
I/Choreographer(  489): Skipped 1264 frames!  The application may be doing too much work on its main thread.
D/CAT     (  763): CatService: Running CAT service. STK app installed:false
D/CAT     (  763): CatService: NEW sInstance
D/PolideaInstrumentationTestRunner(  857): Creating the Test Runner with arguments: [coverage, class]
D/dalvikvm(  696): GC_FOR_ALLOC freed <1K, 3% free 9985K/10288K, paused 203ms, total 203ms
W/Settings(  763): Setting auto_time_zone has moved from android.provider.Settings.System to android.provider.Settings.Global, returning read-only value.
D/PolideaInstrumentationTestRunner(  857): Test runner is running with the following parameters:
D/PolideaInstrumentationTestRunner(  857): junitOutputDirectory: /data/data/net.fercanet.LNM/files
D/PolideaInstrumentationTestRunner(  857): junitOutputFilePostfix: -TEST.xml
D/PolideaInstrumentationTestRunner(  857): junitNoPackagePrefix: NO_PACKAGE
D/PolideaInstrumentationTestRunner(  857): junitSplitLevel: package
D/PolideaInstrumentationTestRunner(  857): junitSingleFileName: ALL-TEST.xml
D/PolideaInstrumentationTestRunner(  857): Creating output directory if it does not exist
D/PolideaInstrumentationTestRunner(  857): Created directory? false
D/PolideaInstrumentationTestRunner(  857): Deleting old files
D/PolideaInstrumentationTestRunner(  857): Deleting: [/data/data/net.fercanet.LNM/files/it.unina.android.ripper-TEST.xml]
I/dalvikvm-heap(  696): Grow heap (frag case) to 12.503MB for 2828816-byte allocation
D/dalvikvm(  696): GC_FOR_ALLOC freed 0K, 3% free 12747K/13052K, paused 124ms, total 124ms
D/gralloc_goldfish(  696): Emulator without GPU emulation detected.
D/dalvikvm(  696): GC_CONCURRENT freed 6260K, 51% free 6488K/13052K, paused 14ms+33ms, total 158ms
W/Settings(  763): Setting auto_time_zone has moved from android.provider.Settings.System to android.provider.Settings.Global, returning read-only value.
D/AlarmManagerService(  299): Kernel timezone updated to 0 minutes west of GMT
D/CAT     (  763): CatService: Return current sInstance
I/Choreographer(  696): Skipped 3436 frames!  The application may be doing too much work on its main thread.
D/dalvikvm(  857): GC_CONCURRENT freed 201K, 10% free 2573K/2836K, paused 4ms+2ms, total 447ms
D/CAT     (  763): CatService: SIM ready. Reporting STK service running now...
I/System.out(  857): EMMA: collecting runtime coverage data ...
D/dalvikvm(  299): GC_CONCURRENT freed 985K, 25% free 5729K/7572K, paused 4ms+66ms, total 520ms
D/dalvikvm(  299): WAIT_FOR_CONCURRENT_GC blocked 38ms
D/dalvikvm(  299): WAIT_FOR_CONCURRENT_GC blocked 149ms
D/dalvikvm(  299): WAIT_FOR_CONCURRENT_GC blocked 85ms
E/SurfaceFlinger(   37): ro.sf.lcd_density must be defined as a build property
D/MccTable(  763): updateMccMncConfiguration: mcc=310, mnc=260
D/TelephonyManager(  763): getLteOnCdmaMode=0 curVal=-1 product_type='' lteOnCdmaProductType=''
D/MccTable(  763): locale set to en_us
D/MccTable(  763): WIFI_COUNTRY_CODE set to us
D/PolideaInstrumentationTestRunner(  857): Getting android test runner
D/PolideaInstrumentationTestRunner(  857): JUnit test output enabled
I/WifiService(  299): WifiService trying to set country code to us with persist set to true
I/ActivityManager(  299): Config changes=1403 {1.0 310mcc260mnc en_US ldltr sw320dp w320dp h508dp 240dpi nrml long port finger -keyb/v/h tball/v s.5}
W/dalvikvm(  857): method Landroid/test/InstrumentationTestRunner$StringResultPrinter;.print incorrectly overrides package-private method with same name in Ljunit/textui/ResultPrinter;
D/PolideaInstrumentationTestRunner(  857): Starting test: testApplication(it.unina.android.ripper.RipperTestCase)
I/TestRunner(  857): started: testApplication(it.unina.android.ripper.RipperTestCase)
D/dalvikvm(  763): GC_CONCURRENT freed 346K, 13% free 2763K/3172K, paused 3ms+119ms, total 1117ms
W/SurfaceFlinger(   37): createScreenshotSurface failed (Function not implemented)
V/AndroidRipperService(  815): onBind()
V/SERVER  (  815): Ready to accept connections on port: 8888
I/ActivityManager(  299): START u0 {act=android.intent.action.MAIN flg=0x10000000 cmp=net.fercanet.LNM/.MainMenu} from pid 857
D/PermissionCache(   37): checking android.permission.READ_FRAME_BUFFER for uid=1000 => granted (962 us)
W/WindowManager(  299): Failure taking screenshot for (246x410) to layer 21000
V/AndroidRipperService(  815): register()
V/        (  815): ready
V/AndroidRipperService(  815): onBind()
V/RipperService(  815): PING
V/AndroidRipperService(  815): mHandler.handleMessage() RECIVED
V/AndroidRipperService(  815): broadcast()
I/AndroidRipper(  857): Recived message: PING
V/RipperTestCase(  857): Not ready to operate!
V/AndroidRipperService(  815): broadcast() done
V/        (  815): ready
V/RipperService(  815): PING
V/AndroidRipperService(  815): mHandler.handleMessage() RECIVED
V/AndroidRipperService(  815): broadcast()
I/AndroidRipper(  857): Recived message: PING
V/RipperTestCase(  857): Not ready to operate!
V/AndroidRipperService(  815): broadcast() done
V/        (  815): ready
V/RipperService(  815): PING
V/AndroidRipperService(  815): mHandler.handleMessage() RECIVED
V/AndroidRipperService(  815): broadcast()
I/AndroidRipper(  857): Recived message: PING
V/RipperTestCase(  857): Not ready to operate!
V/AndroidRipperService(  815): broadcast() done
V/        (  815): ready
D/MccTable(  763): updateMccMncConfiguration: mcc=310, mnc=260
D/TelephonyManager(  763): getLteOnCdmaMode=0 curVal=-1 product_type='' lteOnCdmaProductType=''
D/MccTable(  763): locale set to en_us
D/MccTable(  763): WIFI_COUNTRY_CODE set to us
I/WifiService(  299): WifiService trying to set country code to us with persist set to true
I/ActivityManager(  299): Config changes=1400 {1.0 310mcc260mnc en_US ldltr sw320dp w320dp h508dp 240dpi nrml long port finger -keyb/v/h tball/v s.6}
W/ActivityManager(  299): Activity pause timeout for ActivityRecord{4104f6a0 u0 com.android.launcher/com.android.launcher2.Launcher}
D/dalvikvm(  299): GC_CONCURRENT freed 487K, 20% free 6083K/7572K, paused 5ms+6ms, total 305ms
D/dalvikvm(  299): WAIT_FOR_CONCURRENT_GC blocked 113ms
D/dalvikvm(  299): WAIT_FOR_CONCURRENT_GC blocked 262ms
D/dalvikvm(  857): GC_FOR_ALLOC freed 251K, 11% free 2637K/2948K, paused 178ms, total 199ms
I/dalvikvm-heap(  857): Grow heap (frag case) to 3.215MB for 614416-byte allocation
D/dalvikvm(  857): GC_FOR_ALLOC freed <1K, 9% free 3236K/3552K, paused 71ms, total 71ms
I/Choreographer(  696): Skipped 1193 frames!  The application may be doing too much work on its main thread.
D/dalvikvm(  857): GC_CONCURRENT freed <1K, 9% free 3236K/3552K, paused 4ms+3ms, total 87ms
D/dalvikvm(  763): GC_CONCURRENT freed 291K, 11% free 2906K/3260K, paused 4ms+100ms, total 211ms
W/WindowManager(  299): Window freeze timeout expired.
W/WindowManager(  299): Force clearing orientation change: Window{40e97808 u0 Keyguard}
V/RipperService(  815): PING
V/AndroidRipperService(  815): mHandler.handleMessage() RECIVED
V/AndroidRipperService(  815): broadcast()
I/AndroidRipper(  857): Recived message: PING
V/RipperTestCase(  857): Not ready to operate!
V/AndroidRipperService(  815): broadcast() done
V/        (  815): ready
I/Choreographer(  696): Skipped 131 frames!  The application may be doing too much work on its main thread.
D/dalvikvm(  299): GC_CONCURRENT freed 392K, 13% free 6621K/7572K, paused 7ms+97ms, total 569ms
D/dalvikvm(  299): WAIT_FOR_CONCURRENT_GC blocked 9ms
D/dalvikvm(  299): WAIT_FOR_CONCURRENT_GC blocked 263ms
D/dalvikvm(  299): WAIT_FOR_CONCURRENT_GC blocked 129ms
D/dalvikvm(  299): WAIT_FOR_CONCURRENT_GC blocked 403ms
D/dalvikvm(  299): WAIT_FOR_CONCURRENT_GC blocked 371ms
D/dalvikvm(  299): WAIT_FOR_CONCURRENT_GC blocked 359ms
I/Choreographer(  299): Skipped 1023 frames!  The application may be doing too much work on its main thread.
E/SurfaceFlinger(   37): ro.sf.lcd_density must be defined as a build property
D/gralloc_goldfish(  857): Emulator without GPU emulation detected.
I/Choreographer(  299): Skipped 37 frames!  The application may be doing too much work on its main thread.
D/dalvikvm(  763): GC_CONCURRENT freed 445K, 16% free 2856K/3364K, paused 4ms+3ms, total 83ms
D/dalvikvm(  299): GC_FOR_ALLOC freed 456K, 13% free 6627K/7572K, paused 156ms, total 172ms
I/dalvikvm-heap(  299): Grow heap (frag case) to 7.608MB for 1128976-byte allocation
D/dalvikvm(  299): GC_FOR_ALLOC freed 889K, 22% free 6840K/8676K, paused 60ms, total 60ms
I/ActivityManager(  299): Displayed net.fercanet.LNM/.MainMenu: +3s155ms
V/RipperService(  815): PING
V/AndroidRipperService(  815): mHandler.handleMessage() RECIVED
V/AndroidRipperService(  815): broadcast()
I/AndroidRipper(  857): Recived message: PING
V/RipperTestCase(  857): Not ready to operate!
V/AndroidRipperService(  815): broadcast() done
V/        (  815): ready
D/ConnectivityService(  299): ConnectivityChange for mobile: CONNECTED/CONNECTED
D/dalvikvm(  299): GC_CONCURRENT freed 132K, 20% free 6971K/8676K, paused 67ms+77ms, total 683ms
D/dalvikvm(  299): WAIT_FOR_CONCURRENT_GC blocked 392ms
I/Choreographer(  696): Skipped 33 frames!  The application may be doing too much work on its main thread.
D/dalvikvm(  299): GC_EXPLICIT freed 1194K, 33% free 5881K/8676K, paused 6ms+42ms, total 200ms
D/dalvikvm(  299): GC_CONCURRENT freed 515K, 29% free 6244K/8676K, paused 6ms+6ms, total 88ms
