D/dalvikvm(  299): WAIT_FOR_CONCURRENT_GC blocked 42ms
I/dalvikvm(  299): Jit: resizing JitTable from 4096 to 8192
I/Choreographer(  299): Skipped 488 frames!  The application may be doing too much work on its main thread.
I/AndroidRipper(  857): [RipperTestCase] Ready to operate after restarting...
D/dalvikvm(  299): GC_FOR_ALLOC freed 217K, 29% free 6187K/8676K, paused 59ms, total 70ms
I/dalvikvm-heap(  299): Grow heap (frag case) to 7.178MB for 1128976-byte allocation
D/dalvikvm(  299): GC_FOR_ALLOC freed 405K, 21% free 6884K/8676K, paused 56ms, total 56ms
I/Choreographer(  299): Skipped 74 frames!  The application may be doing too much work on its main thread.
D/dalvikvm(  299): GC_CONCURRENT freed 10K, 21% free 6876K/8676K, paused 8ms+27ms, total 199ms
I/Choreographer(  299): Skipped 44 frames!  The application may be doing too much work on its main thread.
V/RipperService(  815): PING
V/AndroidRipperService(  815): mHandler.handleMessage() RECIVED
V/AndroidRipperService(  815): broadcast()
I/AndroidRipper(  857): Recived message: PING
V/AndroidRipperService(  815): send()
I/System.out(  815): {"type":"PONG","index":"7"}
V/AndroidRipperService(  815): broadcast() done
V/        (  815): ready
V/RipperService(  815): END
V/AndroidRipperService(  815): mHandler.handleMessage() RECIVED
V/AndroidRipperService(  815): broadcast()
I/AndroidRipper(  857): Recived message: END
V/AndroidRipperService(  815): broadcast() done
V/        (  815): ready
V/SERVER  (  815): ServerSocket on PORT 8888: offline
V/AndroidRipperService(  815): mHandler.handleMessage() DISCONNECTED
V/SERVER  (  815): Ready to accept connections on port: 8888
I/Choreographer(  299): Skipped 94 frames!  The application may be doing too much work on its main thread.
I/Choreographer(  299): Skipped 32 frames!  The application may be doing too much work on its main thread.
V/AndroidRipperService(  815): unregister()
W/WindowManager(  299): Failure taking screenshot for (246x410) to layer 21005
V/AndroidRipperService(  815): unregister()
W/ActivityManager(  299): Duplicate finish request for ActivityRecord{40ee5f30 u0 net.fercanet.LNM/.MainMenu}
I/Choreographer(  299): Skipped 72 frames!  The application may be doing too much work on its main thread.
D/dalvikvm(  857): GC_EXPLICIT freed 43K, 8% free 3271K/3548K, paused 7ms+3ms, total 106ms
I/Choreographer(  299): Skipped 34 frames!  The application may be doing too much work on its main thread.
D/dalvikvm(  857): GC_EXPLICIT freed 4K, 8% free 3268K/3548K, paused 2ms+3ms, total 91ms
D/PolideaInstrumentationTestRunner(  857): Finished test: testApplication(it.unina.android.ripper.RipperTestCase)
I/TestRunner(  857): finished: testApplication(it.unina.android.ripper.RipperTestCase)
I/TestRunner(  857): passed: testApplication(it.unina.android.ripper.RipperTestCase)
I/System.out(  857): EMMA: runtime coverage data written to [/data/data/net.fercanet.LNM/files/coverage.ec] {in 56 ms}
D/PolideaInstrumentationTestRunner(  857): Post processing
D/PolideaInstrumentationTestRunner(  857): Packages: 1
D/PolideaInstrumentationTestRunner(  857): Processing package package it.unina.android.ripper
D/PolideaInstrumentationTestRunner(  857): Writing to file /data/data/net.fercanet.LNM/files/it.unina.android.ripper-TEST.xml
D/PolideaInstrumentationTestRunner(  857): closing file
D/AndroidRuntime(  848): Shutting down VM
D/dalvikvm(  848): GC_CONCURRENT freed 95K, 18% free 462K/560K, paused 0ms+2ms, total 9ms
I/ActivityManager(  299): Force stopping package net.fercanet.LNM appid=10048 user=0
I/ActivityManager(  299): Killing proc 857:net.fercanet.LNM/u0a10048: force stop net.fercanet.LNM
I/WindowState(  299): WIN DEATH: Window{40f4b968 u0 net.fercanet.LNM/net.fercanet.LNM.MainMenu EXITING}
D/Tethering(  299): MasterInitialState.processMessage what=3
D/dalvikvm(  489): GC_FOR_ALLOC freed 3065K, 36% free 6442K/10056K, paused 609ms, total 630ms
I/dalvikvm-heap(  489): Grow heap (frag case) to 7.738MB for 1463056-byte allocation
D/dalvikvm(  489): GC_CONCURRENT freed 1K, 22% free 7869K/10056K, paused 13ms+30ms, total 73ms
D/dalvikvm(  489): WAIT_FOR_CONCURRENT_GC blocked 52ms
D/dalvikvm(  489): WAIT_FOR_CONCURRENT_GC blocked 118ms
W/WindowManager(  299): Rebuild removed 2 windows but added 1
W/WindowManager(  299): This window was lost: Window{40f4b968 u0 net.fercanet.LNM/net.fercanet.LNM.MainMenu}
W/WindowManager(  299): mDisplayId=0 mSession=Session{411c57e0 857:u0a10048} mClient=android.os.BinderProxy@41187720
W/WindowManager(  299): mOwnerUid=10048 mShowToOwnerOnly=true
W/WindowManager(  299): mAttrs=WM.LayoutParams{(0,0)(fillxfill) sim=#20 ty=1 fl=#8010100 pfl=0x8 wanim=0x1030001}
W/WindowManager(  299): Requested w=480 h=800 mLayoutSeq=38
W/WindowManager(  299): mBaseLayer=21000 mSubLayer=0 mAnimLayer=21000+0=21000 mLastLayer=0
W/WindowManager(  299): mToken=AppWindowToken{40f47a18 token=Token{40ee6258 ActivityRecord{40ee5f30 u0 net.fercanet.LNM/.MainMenu}}}
W/WindowManager(  299): mRootToken=AppWindowToken{40f47a18 token=Token{40ee6258 ActivityRecord{40ee5f30 u0 net.fercanet.LNM/.MainMenu}}}
W/WindowManager(  299): mAppToken=AppWindowToken{40f47a18 token=Token{40ee6258 ActivityRecord{40ee5f30 u0 net.fercanet.LNM/.MainMenu}}}
W/WindowManager(  299): mViewVisibility=0x8 mHaveFrame=true mObscured=true
W/WindowManager(  299): mSeq=0 mSystemUiVisibility=0x0
W/WindowManager(  299): mPolicyVisibility=false mPolicyVisibilityAfterAnim=false mAttachedHidden=false
W/WindowManager(  299): mGivenContentInsets=[0,0][0,0] mGivenVisibleInsets=[0,0][0,0]
W/WindowManager(  299): mConfiguration={1.0 310mcc260mnc en_US ldltr sw320dp w320dp h508dp 240dpi nrml long port finger -keyb/v/h tball/v s.6}
W/WindowManager(  299): mHasSurface=true mShownFrame=[0.0,0.0][480.0,800.0] isReadyForDisplay()=false
W/WindowManager(  299): mFrame=[0,0][480,800] last=[0,0][480,800]
W/WindowManager(  299): mSystemDecorRect=[0,38][480,800] last=[0,38][480,800]
W/WindowManager(  299): Frames: containing=[0,0][480,800] parent=[0,0][480,800] display=[0,0][480,800]
W/WindowManager(  299):     content=[0,38][480,800] visible=[0,38][480,800]
W/WindowManager(  299): Cur insets: content=[0,38][0,0] visible=[0,38][0,0]
W/WindowManager(  299): Lst insets: content=[0,38][0,0] visible=[0,38][0,0]
W/WindowManager(  299): WindowStateAnimator{411a9678 net.fercanet.LNM/net.fercanet.LNM.MainMenu}:
W/WindowManager(  299):   mSurface=Surface(name=net.fercanet.LNM/net.fercanet.LNM.MainMenu, identity=15)
W/WindowManager(  299):   mDrawState=HAS_DRAWN mLastHidden=true
W/WindowManager(  299):   Surface: shown=false layer=21005 alpha=0.0 rect=(0.0,0.0) 480.0 x 800.0
W/WindowManager(  299):   mShownAlpha=1.0 mAlpha=1.0 mLastAlpha=-1.0
W/WindowManager(  299):   mGlobalScale=1.0 mDsDx=1.0 mDtDx=0.0 mDsDy=0.0 mDtDy=1.0
W/WindowManager(  299): mExiting=false mRemoveOnExit=false mDestroying=true mRemoved=false
W/WindowManager(  299): Current app token list:
V/WindowManager(  299):   #0: Token{4104fad8 ActivityRecord{4104f6a0 u0 com.android.launcher/com.android.launcher2.Launcher}}
W/WindowManager(  299): Final window list:
V/WindowManager(  299):   #0: Window{40eb2f08 u0 StatusBar}
V/WindowManager(  299):   #1: Window{40e97808 u0 Keyguard}
V/WindowManager(  299):   #2: Window{41196b08 u0 com.android.launcher/com.android.launcher2.Launcher}
V/WindowManager(  299):   #3: Window{40ed8770 u0 com.android.systemui.ImageWallpaper}
W/PackageManager(  287): Unknown permission com.google.android.googleapps.permission.GOOGLE_AUTH.mail in package com.android.contacts
W/PackageManager(  287): Unknown permission android.permission.ADD_SYSTEM_SERVICE in package com.android.phone
W/PackageManager(  287): Unknown permission com.android.smspush.WAPPUSH_MANAGER_BIND in package com.android.phone
W/PackageManager(  287): Unknown permission com.google.android.googleapps.permission.GOOGLE_AUTH in package com.android.providers.calendar
W/PackageManager(  287): Unknown permission com.google.android.googleapps.permission.GOOGLE_AUTH.cl in package com.android.providers.calendar
W/PackageManager(  287): Unknown permission com.google.android.googleapps.permission.GOOGLE_AUTH.mail in package com.android.calendar
W/PackageManager(  287): Not granting permission android.permission.SEND_DOWNLOAD_COMPLETED_INTENTS to package com.android.browser (protectionLevel=2 flags=0x9be45)
W/PackageManager(  287): Not granting permission android.permission.BIND_APPWIDGET to package com.android.widgetpreview (protectionLevel=18 flags=0x8be44)
W/PackageManager(  287): Unknown permission com.google.android.googleapps.permission.GOOGLE_AUTH in package com.android.settings
W/PackageManager(  287): Unknown permission com.google.android.gallery3d.permission.GALLERY_PROVIDER in package com.android.exchange
W/PackageManager(  287): Unknown permission com.google.android.googleapps.permission.ACCESS_GOOGLE_PASSWORD in package com.android.development
W/PackageManager(  287): Unknown permission com.google.android.googleapps.permission.GOOGLE_AUTH in package com.android.development
W/PackageManager(  287): Unknown permission com.google.android.googleapps.permission.GOOGLE_AUTH.ALL_SERVICES in package com.android.development
W/PackageManager(  287): Unknown permission com.google.android.googleapps.permission.GOOGLE_AUTH.YouTubeUser in package com.android.development
W/PackageManager(  287): Unknown permission com.google.android.gallery3d.permission.GALLERY_PROVIDER in package com.android.email
W/PackageManager(  287): Not granting permission android.permission.DEVICE_POWER to package com.android.deskclock (protectionLevel=2 flags=0x8be45)
D/dalvikvm(  287): GC_CONCURRENT freed 284K, 9% free 3744K/4084K, paused 4ms+5ms, total 261ms
D/dalvikvm(  287): GC_EXPLICIT freed 187K, 12% free 3626K/4104K, paused 3ms+3ms, total 168ms
I/SystemServer(  287): User Service
I/SystemServer(  287): Account Manager
I/SystemServer(  287): Content Manager
I/SystemServer(  287): System Content Providers
I/SystemServer(  287): Lights Service
I/SystemServer(  287): Battery Service
I/SystemServer(  287): Vibrator Service
I/libsuspend(  287): Selected early suspend
I/libsuspend(  287): Starting early suspend unblocker thread
D/PermissionCache(   37): checking android.permission.ACCESS_SURFACE_FLINGER for uid=1000 => granted (2349 us)
D/SurfaceFlinger(   37): Screen acquired, type=0 flinger=0x2a007318
D/SurfaceFlinger(   37):  screen was previously acquired
I/SystemServer(  287): Alarm Manager
D/AlarmManagerService(  287): Kernel timezone updated to 0 minutes west of GMT
I/SystemServer(  287): Init Watchdog
I/SystemServer(  287): Input Manager
I/InputManager(  287): Initializing input manager, mUseDevInputEventForAudioJack=false
I/SystemServer(  287): Window Manager
E/SoundPool(  287): error loading /system/media/audio/ui/Lock.ogg
W/KeyguardViewMediator(  287): failed to load lock sound from /system/media/audio/ui/Lock.ogg
E/SoundPool(  287): error loading /system/media/audio/ui/Unlock.ogg
W/KeyguardViewMediator(  287): failed to load unlock sound from /system/media/audio/ui/Unlock.ogg
I/InputManager(  287): Starting input manager
I/SystemServer(  287): No Bluetooh Service (emulator)
I/SystemServer(  287): Input Method Service
W/InputMethodManagerService(  287): Couldn't create dir.: /data/system/inputmethod
I/EventHub(  287): New device: id=1, fd=89, path='/dev/input/event0', name='qwerty2', classes=0x2d, configuration='/system/usr/idc/qwerty2.idc', keyLayout='/system/usr/keylayout/qwerty.kl', keyCharacterMap='/system/usr/keychars/qwerty2.kcm', builtinKeyboard=true, usingSuspendBlockIoctl=false, usingClockIoctl=false
E/EventHub(  287): could not get driver version for /dev/input/mouse0, Not a typewriter
E/EventHub(  287): could not get driver version for /dev/input/mice, Not a typewriter
I/InputReader(  287): Device added: id=-1, name='Virtual', sources=0x00000301
D/dalvikvm(  287): GC_CONCURRENT freed 291K, 9% free 3834K/4192K, paused 5ms+4ms, total 188ms
D/dalvikvm(  287): WAIT_FOR_CONCURRENT_GC blocked 73ms
I/InputReader(  287):   Touch device 'qwerty2' could not query the properties of its associated display.  The device will be inoperable until the display size becomes available.
I/InputReader(  287): Device added: id=0, name='qwerty2', sources=0x00011307
E/Trace   (  287): error opening trace file: No such file or directory (2)
I/SystemServer(  287): Accessibility Manager
I/ActivityManager(  287): Config changes=15f8 {1.0 ?mcc?mnc en_US ldltr sw320dp w320dp h508dp 240dpi nrml long port ?uimode ?night finger -keyb/v/h tball/v s.2}
I/InputReader(  287): Reconfiguring input devices.  changes=0x00000004
I/InputReader(  287): Device reconfigured: id=0, name='qwerty2', size 480x800, orientation 0, mode 1, display id 0
I/SystemServer(  287): Mount Service
D/MountService(  287): got storage path: /mnt/sdcard description: USB storage primary: true removable: false emulated: false mtpReserve: 0 allowMassStorage: false maxFileSize: 0
D/MountService(  287): addVolumeLocked() StorageVolume [mStorageId=0 mPath=/mnt/sdcard mDescriptionId=17040615 mPrimary=true mRemovable=false mEmulated=false mMtpReserveSpace=0 mAllowMassStorage=false mMaxFileSize=0 mOwner=null]
I/InputReader(  287): Reconfiguring input devices.  changes=0x00000004
I/InputReader(  287): Device reconfigured: id=0, name='qwerty2', size 480x800, orientation 0, mode 1, display id 0
I/SystemServer(  287): LockSettingsService
I/SystemServer(  287): Device Policy
I/SystemServer(  287): Status Bar
I/SystemServer(  287): Clipboard Service
I/SystemServer(  287): NetworkManagement Service
I/SystemServer(  287): Text Service Manager Service
I/SystemServer(  287): NetworkStats Service
D/dalvikvm(  287): GREF has increased to 201
I/SystemServer(  287): NetworkPolicy Service
I/SystemServer(  287): Wi-Fi P2pService
I/SystemServer(  287): Wi-Fi Service
D/MountService(  287): volume state changed for /mnt/sdcard (null -> unmounted)
I/PackageManager(  287): Updating external media status from unmounted to unmounted
W/MountService(  287): getSecureContainerList() called when storage not mounted
I/PackageManager(  287): No secure containers on sdcard
W/PackageManager(  287): Unknown permission com.google.android.googleapps.permission.GOOGLE_AUTH.mail in package com.android.contacts
W/PackageManager(  287): Unknown permission android.permission.ADD_SYSTEM_SERVICE in package com.android.phone
W/PackageManager(  287): Unknown permission com.android.smspush.WAPPUSH_MANAGER_BIND in package com.android.phone
W/PackageManager(  287): Unknown permission com.google.android.googleapps.permission.GOOGLE_AUTH in package com.android.providers.calendar
W/PackageManager(  287): Unknown permission com.google.android.googleapps.permission.GOOGLE_AUTH.cl in package com.android.providers.calendar
W/PackageManager(  287): Unknown permission com.google.android.googleapps.permission.GOOGLE_AUTH.mail in package com.android.calendar
W/PackageManager(  287): Not granting permission android.permission.SEND_DOWNLOAD_COMPLETED_INTENTS to package com.android.browser (protectionLevel=2 flags=0x89be45)
W/PackageManager(  287): Not granting permission android.permission.BIND_APPWIDGET to package com.android.widgetpreview (protectionLevel=18 flags=0x8be44)
W/PackageManager(  287): Unknown permission com.google.android.googleapps.permission.GOOGLE_AUTH in package com.android.settings
E/CommandListener(   34): Failed to open /proc/sys/net/ipv6/conf/wlan0/disable_ipv6: No such file or directory
E/WifiStateMachine(  287): Failed to disable IPv6: java.lang.IllegalStateException: command '1 interface ipv6 wlan0 disable' failed with '400 1 Failed to change IPv6 state (No such file or directory)'
I/SystemServer(  287): Connectivity Service
D/ConnectivityService(  287): ConnectivityService starting up
W/PackageManager(  287): Unknown permission com.google.android.gallery3d.permission.GALLERY_PROVIDER in package com.android.exchange
W/PackageManager(  287): Unknown permission com.google.android.googleapps.permission.ACCESS_GOOGLE_PASSWORD in package com.android.development
W/PackageManager(  287): Unknown permission com.google.android.googleapps.permission.GOOGLE_AUTH in package com.android.development
W/PackageManager(  287): Unknown permission com.google.android.googleapps.permission.GOOGLE_AUTH.ALL_SERVICES in package com.android.development
W/PackageManager(  287): Unknown permission com.google.android.googleapps.permission.GOOGLE_AUTH.YouTubeUser in package com.android.development
W/PackageManager(  287): Unknown permission com.google.android.gallery3d.permission.GALLERY_PROVIDER in package com.android.email
W/PackageManager(  287): Not granting permission android.permission.DEVICE_POWER to package com.android.deskclock (protectionLevel=2 flags=0x88be45)
E/MobileDataStateTracker(  287): default: Ignoring feature request because could not acquire PhoneService
E/MobileDataStateTracker(  287): default: Could not enable APN type "default"
I/WifiService(  287): WifiService starting up with Wi-Fi disabled
I/SystemServer(  287): Network Service Discovery Service
D/NsdService(  287): Network service discovery enabled true
I/SystemServer(  287): Throttle Service
I/SystemServer(  287): UpdateLock Service
D/dalvikvm(  287): GC_CONCURRENT freed 256K, 8% free 4087K/4408K, paused 5ms+56ms, total 487ms
D/dalvikvm(  287): WAIT_FOR_CONCURRENT_GC blocked 144ms
I/SystemServer(  287): Notification Manager
I/SystemServer(  287): Device Storage Monitor
I/SystemServer(  287): Location Manager
I/SystemServer(  287): Country Detector
I/SystemServer(  287): Search Service
I/SystemServer(  287): DropBox Service
I/SystemServer(  287): Wallpaper Service
I/SystemServer(  287): Audio Service
D/dalvikvm(  287): GC_CONCURRENT freed 361K, 10% free 4184K/4608K, paused 8ms+5ms, total 155ms
I/SystemServer(  287): Dock Observer
W/DockObserver(  287): This kernel does not have dock station support
I/SystemServer(  287): Wired Accessory Manager
W/WiredAccessoryManager(  287): This kernel does not have wired headset support
W/WiredAccessoryManager(  287): This kernel does not have usb audio support
W/WiredAccessoryManager(  287): This kernel does not have HDMI audio support
I/SystemServer(  287): USB Service
I/SystemServer(  287): Serial Service
I/SystemServer(  287): Twilight Service
I/SystemServer(  287): UI Mode Manager Service
I/SystemServer(  287): Backup Service
V/BackupManagerService(  287): No ancestral data
I/BackupManagerService(  287): Found stale backup journal, scheduling
I/BackupManagerService(  287):   android
I/BackupManagerService(  287):   com.android.browser
I/BackupManagerService(  287):   com.android.calendar
I/BackupManagerService(  287):   com.android.inputmethod.latin
I/BackupManagerService(  287):   com.android.providers.settings
I/BackupManagerService(  287):   com.android.providers.userdictionary
I/BackupManagerService(  287):   com.android.sharedstoragebackup
I/BackupManagerService(  287): Backup enabled => true
I/SystemServer(  287): AppWidget Service
I/SystemServer(  287): Recognition Service
I/SystemServer(  287): DiskStats Service
I/SystemServer(  287): SamplingProfiler Service
I/SystemServer(  287): NetworkTimeUpdateService
I/SystemServer(  287): CommonTimeManagementService
I/SystemServer(  287): CertBlacklister
I/SystemServer(  287): Dreams Service
I/WindowManager(  287): SAFE MODE not enabled
D/dalvikvm(  287): JIT started for system_server
I/ActivityManager(  287): System now ready
I/SystemServer(  287): Making services ready
I/Zygote  (  287): Process: zygote socket opened
I/ActivityManager(  287): Start proc com.android.systemui for service com.android.systemui/.SystemUIService: pid=379 uid=10034 gids={50034, 1028, 1015, 3002, 3001}
I/Vold    (   32): /dev/block/vold/179:0 being considered for volume sdcard
D/Vold    (   32): Volume sdcard state changing 1 (Idle-Unmounted) -> 3 (Checking)
D/MountService(  287): volume state changed for /mnt/sdcard (unmounted -> checking)
D/MountService(  287): sendStorageIntent Intent { act=android.intent.action.MEDIA_CHECKING dat=file:///mnt/sdcard (has extras) } to UserHandle{-1}
D/NetworkManagementService(  287): not enabling bandwidth control
I/keystore(   42): uid: 1000 action: e -> 7 state: 3 -> 3 retry: 4
D/dalvikvm(  287): GC_CONCURRENT freed 287K, 8% free 4371K/4724K, paused 47ms+88ms, total 752ms
W/NetworkStats(  287): bandwidth controls disabled, unable to track stats
W/NetworkPolicy(  287): bandwidth controls disabled, unable to enforce policy
I/keystore(   42): uid: 1000 action: e -> 7 state: 3 -> 3 retry: 4
I/ActivityManager(  287): Config changes=200 {1.0 ?mcc?mnc en_US ldltr sw320dp w320dp h508dp 240dpi nrml long port finger -keyb/v/h tball/v s.3}
W/RecognitionManagerService(  287): no available voice recognition services found for user 0
I//system/bin/fsck_msdos(   32): ** /dev/block/vold/179:0
D/dalvikvm(  287): GC_FOR_ALLOC freed 56K, 6% free 4625K/4912K, paused 131ms, total 184ms
E/Trace   (  379): error opening trace file: No such file or directory (2)
I//system/bin/fsck_msdos(   32): ** Phase 1 - Read and Compare FATs
I//system/bin/fsck_msdos(   32): Attempting to allocate 2044 KB for FAT
D/SystemUIService(  379): loading: class com.android.systemui.statusbar.phone.PhoneStatusBar
D/SystemUIService(  379): running: com.android.systemui.statusbar.phone.PhoneStatusBar@40cd23a0
I/StatusBarManagerService(  287): registerStatusBar bar=com.android.internal.statusbar.IStatusBar$Stub$Proxy@40dc8420
W/InputMethodManagerService(  287): Ignoring setImeWindowStatus of uid 1000 token: null
D/dalvikvm(  287): GC_CONCURRENT freed 267K, 7% free 4894K/5228K, paused 7ms+41ms, total 256ms
D/dalvikvm(  287): WAIT_FOR_CONCURRENT_GC blocked 165ms
W/InputMethodManagerService(  287): Found no subtypes in a system IME: com.android.inputmethod.pinyin
I/ActivityManager(  287): Start proc com.android.inputmethod.latin for service com.android.inputmethod.latin/.LatinIME: pid=419 uid=10010 gids={50010, 1028}
I/CommonTimeManagementService(  287): No common time service detected on this platform.  Common time services will be unavailable.
I/InputReader(  287): Reconfiguring input devices.  changes=0x00000020
I/ActivityManager(  287): Start proc com.android.phone for added application com.android.phone: pid=431 uid=1001 gids={41001, 3002, 3001, 3003, 1015, 1028}
I/InputReader(  287): Reconfiguring input devices.  changes=0x00000010
D/dalvikvm(  287): GC_CONCURRENT freed 174K, 5% free 5351K/5588K, paused 283ms+6ms, total 1000ms
D/dalvikvm(  287): WAIT_FOR_CONCURRENT_GC blocked 543ms
D/dalvikvm(  287): WAIT_FOR_CONCURRENT_GC blocked 544ms
E/ThrottleService(  287): problem during onPollAlarm: java.lang.IllegalStateException: problem parsing stats: java.io.FileNotFoundException: /proc/net/xt_qtaguid/iface_stat_all: open failed: ENOENT (No such file or directory)
D/dalvikvm(  287): WAIT_FOR_CONCURRENT_GC blocked 270ms
D/dalvikvm(  287): WAIT_FOR_CONCURRENT_GC blocked 592ms
D/dalvikvm(  287): WAIT_FOR_CONCURRENT_GC blocked 298ms
D/dalvikvm(  287): WAIT_FOR_CONCURRENT_GC blocked 237ms
I/ActivityManager(  287): START u0 {act=android.intent.action.MAIN cat=[android.intent.category.HOME] flg=0x10000000 cmp=com.android.launcher/com.android.launcher2.Launcher} from pid 0
I/ActivityManager(  287): Start proc com.android.launcher for activity com.android.launcher/com.android.launcher2.Launcher: pid=456 uid=10020 gids={50020, 1028}
I/SystemServer(  287): Enabled StrictMode for system server main thread.
D/dalvikvm(  287): WAIT_FOR_CONCURRENT_GC blocked 651ms
E/Trace   (  431): error opening trace file: No such file or directory (2)
E/Trace   (  419): error opening trace file: No such file or directory (2)
D/dalvikvm(  287): WAIT_FOR_CONCURRENT_GC blocked 1139ms
E/SurfaceFlinger(   37): ro.sf.lcd_density must be defined as a build property
D/gralloc_goldfish(  287): Emulator without GPU emulation detected.
E/Trace   (  456): error opening trace file: No such file or directory (2)
I/LatinIME(  419): Hardware accelerated drawing: false
W/TelephonyProvider(  431): onCreate: confFile=/system/etc/apns-conf.xml oldCheckSum=-1
D/TelephonyManager(  431): getLteOnCdmaMode=0 curVal=-1 product_type='' lteOnCdmaProductType=''
D/dalvikvm(  379): GC_FOR_ALLOC freed 88K, 6% free 2664K/2808K, paused 39ms, total 43ms
I/dalvikvm-heap(  379): Grow heap (frag case) to 3.259MB for 635812-byte allocation
D/TelephonyManager(  431): getLteOnCdmaMode=0 curVal=-1 product_type='' lteOnCdmaProductType=''
D/TelephonyManager(  431): getLteOnCdmaMode=0 curVal=-1 product_type='' lteOnCdmaProductType=''
D/dalvikvm(  379): GC_CONCURRENT freed 5K, 5% free 3280K/3432K, paused 9ms+3ms, total 651ms
D/dalvikvm(  379): WAIT_FOR_CONCURRENT_GC blocked 558ms
D/dalvikvm(  287): GC_CONCURRENT freed 659K, 12% free 5438K/6160K, paused 302ms+66ms, total 1464ms
D/dalvikvm(  287): WAIT_FOR_CONCURRENT_GC blocked 145ms
D/dalvikvm(  287): WAIT_FOR_CONCURRENT_GC blocked 739ms
D/dalvikvm(  287): WAIT_FOR_CONCURRENT_GC blocked 589ms
D/dalvikvm(  287): WAIT_FOR_CONCURRENT_GC blocked 796ms
D/dalvikvm(  287): WAIT_FOR_CONCURRENT_GC blocked 670ms
D/dalvikvm(  287): WAIT_FOR_CONCURRENT_GC blocked 780ms
I/LocationBlacklist(  287): whitelist: []
I/LocationBlacklist(  287): blacklist: []
I/Choreographer(  287): Skipped 2539 frames!  The application may be doing too much work on its main thread.
W/Settings(  431): Setting airplane_mode_on has moved from android.provider.Settings.System to android.provider.Settings.Global, returning read-only value.
W/Settings(  431): Setting auto_time has moved from android.provider.Settings.System to android.provider.Settings.Global, returning read-only global URI.
W/Settings(  431): Setting auto_time_zone has moved from android.provider.Settings.System to android.provider.Settings.Global, returning read-only global URI.
W/ActivityManager(  287): Unable to start service Intent { act=com.android.internal.telephony.IWapPushManager } U=0: not found
D/dalvikvm(  287): GREF has increased to 301
I//system/bin/fsck_msdos(   32): Attempting to allocate 2044 KB for FAT
D/dalvikvm(  287): GC_CONCURRENT freed 732K, 13% free 5477K/6272K, paused 307ms+119ms, total 765ms
D/dalvikvm(  287): WAIT_FOR_CONCURRENT_GC blocked 48ms
D/dalvikvm(  287): WAIT_FOR_CONCURRENT_GC blocked 167ms
D/dalvikvm(  287): WAIT_FOR_CONCURRENT_GC blocked 57ms
D/dalvikvm(  287): WAIT_FOR_CONCURRENT_GC blocked 58ms
D/dalvikvm(  287): WAIT_FOR_CONCURRENT_GC blocked 184ms
D/dalvikvm(  287): WAIT_FOR_CONCURRENT_GC blocked 184ms
D/        (  431): [ApnContext:default] set reason as dataEnabled,current state IDLE
D/        (  431): [ApnContext:default] setRetryCount: 0
D/        (  431): [ApnContext:mms] set reason as dataEnabled,current state IDLE
D/        (  431): [ApnContext:mms] setRetryCount: 0
D/        (  431): [ApnContext:supl] set reason as dataEnabled,current state IDLE
D/        (  431): [ApnContext:supl] setRetryCount: 0
V/TAG     (  287): bug 7643792: fitSystemWindows([0,0][0,0])
D/        (  431): [ApnContext:hipri] set reason as dataEnabled,current state IDLE
D/        (  431): [ApnContext:hipri] setRetryCount: 0
E/BluetoothAdapter(  379): Bluetooth binder is null
E/BluetoothAdapter(  379): Bluetooth binder is null
I/ActivityManager(  287): Start proc com.android.music for broadcast com.android.music/.MediaButtonIntentReceiver: pid=496 uid=10025 gids={50025, 3003, 1015, 1028}
D/        (  431): [ApnContext:fota] set reason as dataEnabled,current state IDLE
D/        (  431): [ApnContext:fota] setRetryCount: 0
D/        (  431): [ApnContext:ims] set reason as dataEnabled,current state IDLE
D/        (  431): [ApnContext:ims] setRetryCount: 0
D/        (  431): [ApnContext:cbs] set reason as dataEnabled,current state IDLE
D/        (  431): [ApnContext:cbs] setRetryCount: 0
D/TelephonyManager(  431): getLteOnCdmaMode=0 curVal=-1 product_type='' lteOnCdmaProductType=''
D/dalvikvm(  431): GC_CONCURRENT freed 198K, 9% free 2582K/2828K, paused 4ms+2ms, total 235ms
D/CallManager(  431): registerPhone(GSM Handler (com.android.internal.telephony.PhoneProxy) {40d01d90})
V/TAG     (  287): bug 7643792: fitSystemWindows([0,0][0,0])
I/dalvikvm(  496): Turning on JNI app bug workarounds for target SDK version 9...
I/ActivityManager(  287): Start proc android.process.acore for content provider com.android.providers.contacts/.CallLogProvider: pid=514 uid=10001 gids={50001, 3003, 1015, 1028}
W/InputAttributes(  419): No editor info for this field. Bug?
E/BluetoothAdapter(  431): Bluetooth binder is null
I/Choreographer(  287): Skipped 144 frames!  The application may be doing too much work on its main thread.
E/BluetoothAdapter(  379): Bluetooth binder is null
E/ActivityThread(  419): Failed to find provider info for com.android.inputmethod.latin.dictionarypack
E/BinaryDictionaryGetter(  419): Could not find a dictionary pack
E/Trace   (  496): error opening trace file: No such file or directory (2)
E/SurfaceFlinger(   37): ro.sf.lcd_density must be defined as a build property
D/dalvikvm(  287): GC_FOR_ALLOC freed 456K, 14% free 5403K/6272K, paused 351ms, total 354ms
D/dalvikvm(  419): GC_CONCURRENT freed 270K, 12% free 2504K/2832K, paused 160ms+2ms, total 284ms
E/StrictMode(  419): A resource was acquired at attached stack trace but never released. See java.io.Closeable for information on avoiding resource leaks.
E/StrictMode(  419): java.lang.Throwable: Explicit termination method 'close' not called
E/StrictMode(  419): 	at dalvik.system.CloseGuard.open(CloseGuard.java:184)
E/StrictMode(  419): 	at android.os.ParcelFileDescriptor.<init>(ParcelFileDescriptor.java:412)
E/StrictMode(  419): 	at android.content.res.AssetManager.openNonAssetFdNative(Native Method)
E/StrictMode(  419): 	at android.content.res.AssetManager.openNonAssetFd(AssetManager.java:428)
E/StrictMode(  419): 	at android.content.res.Resources.openRawResourceFd(Resources.java:979)
E/StrictMode(  419): 	at com.android.inputmethod.latin.BinaryDictionaryGetter.loadFallbackResource(BinaryDictionaryGetter.java:183)
E/StrictMode(  419): 	at com.android.inputmethod.latin.BinaryDictionaryGetter.getDictionaryFiles(BinaryDictionaryGetter.java:456)
E/StrictMode(  419): 	at com.android.inputmethod.latin.DictionaryFactory.createMainDictionaryFromManager(DictionaryFactory.java:57)
E/StrictMode(  419): 	at com.android.inputmethod.latin.DictionaryFactory.createMainDictionaryFromManager(DictionaryFactory.java:87)
E/StrictMode(  419): 	at com.android.inputmethod.latin.Suggest$1.run(Suggest.java:108)
I/dalvikvm-heap(  287): Grow heap (frag case) to 6.412MB for 1128976-byte allocation
D/dalvikvm(  287): GC_FOR_ALLOC freed 2K, 12% free 6503K/7376K, paused 117ms, total 117ms
W/WindowManager(  287): Window freeze timeout expired.
W/WindowManager(  287): Force clearing orientation change: Window{40ee4398 u0 Keyguard}
D/dalvikvm(  379): GC_CONCURRENT freed 66K, 4% free 3645K/3772K, paused 6ms+73ms, total 348ms
W/InputMethodManagerService(  287): Found no subtypes in a system IME: com.android.inputmethod.pinyin
I/Choreographer(  287): Skipped 485 frames!  The application may be doing too much work on its main thread.
I/Choreographer(  287): Skipped 87 frames!  The application may be doing too much work on its main thread.
D/dalvikvm(  287): GC_CONCURRENT freed 51K, 12% free 6527K/7376K, paused 57ms+26ms, total 1486ms
E/BluetoothAdapter(  431): Bluetooth binder is null
E/Trace   (  514): error opening trace file: No such file or directory (2)
I/AudioService(  287):   Remote Control   registerMediaButtonIntent() for PendingIntent{40e5f968: PendingIntentRecord{40e65a48 com.android.music broadcastIntent}}
I/ActivityManager(  287): Start proc android.process.media for content provider com.android.providers.media/.MediaProvider: pid=548 uid=10000 gids={50000, 1015, 1023, 1024, 1028, 1006, 2001, 3003, 3007}
I/Choreographer(  287): Skipped 185 frames!  The application may be doing too much work on its main thread.
E/BluetoothAdapter(  379): Bluetooth binder is null
E/Trace   (  548): error opening trace file: No such file or directory (2)
W/dalvikvm(  456): threadid=2: spin on suspend #1 threadid=13 (pcf=0)
D/dalvikvm(  456): Temporarily moving tid 500 to fg (was 0)
D/dalvikvm(  456): Temporarily raised priority on tid 500 (10 -> 0)
I/DownloadManager(  548): in removeSpuriousFiles
W/dalvikvm(  456): threadid=2: spin on suspend resolved in 1033 msec
D/dalvikvm(  456): Restored policy of 500 to 0
D/dalvikvm(  456): Restored priority on 500 to 10
D/dalvikvm(  456): GC_CONCURRENT freed 184K, 9% free 2619K/2860K, paused 1054ms+50ms, total 1451ms
D/DebugService(  431): DebugService DebugService:
D/TelephonyDebugService(  431): TelephonyDebugService()
D/PhoneStatusBar(  379): disable: < expand icons alerts ticker system_info back home recent clock search >
W/ProcessStats(  287): Skipping unknown process pid 577
W/ProcessStats(  287): Skipping unknown process pid 579
D/dalvikvm(  431): GC_CONCURRENT freed 372K, 14% free 2654K/3084K, paused 734ms+54ms, total 1446ms
W/Settings(  431): Setting auto_time_zone has moved from android.provider.Settings.System to android.provider.Settings.Global, returning read-only value.
E/BluetoothAdapter(  379): Bluetooth binder is null
D/SystemUIService(  379): loading: class com.android.systemui.power.PowerUI
D/SystemUIService(  379): running: com.android.systemui.power.PowerUI@40e3fed0
D/SystemUIService(  379): loading: class com.android.systemui.media.RingtonePlayer
D/SystemUIService(  379): running: com.android.systemui.media.RingtonePlayer@40e40cb0
W/ActivityManager(  287): Timeout executing service: ServiceRecord{40f7a7f8 u0 com.android.systemui/.ImageWallpaper}
I/Choreographer(  379): Skipped 3557 frames!  The application may be doing too much work on its main thread.
I/Process (  287): Sending signal. PID: 379 SIG: 3
I/dalvikvm(  379): threadid=3: reacting to signal 3
I/Process (  287): Sending signal. PID: 287 SIG: 3
I/dalvikvm(  287): threadid=3: reacting to signal 3
D/dalvikvm(  514): GC_CONCURRENT freed 174K, 9% free 2603K/2832K, paused 166ms+3ms, total 459ms
I/dalvikvm(  379): Wrote stack traces to '/data/anr/traces.txt'
I//system/bin/fsck_msdos(   32): ** Phase 2 - Check Cluster Chains
I//system/bin/fsck_msdos(   32): ** Phase 3 - Checking Directories
I//system/bin/fsck_msdos(   32): ** Phase 4 - Checking for Lost Files
I//system/bin/fsck_msdos(   32): 13 files, 1044446 free (522223 clusters)
I/Process (  287): Sending signal. PID: 431 SIG: 3
I/dalvikvm(  431): threadid=3: reacting to signal 3
I/dalvikvm(  287): Wrote stack traces to '/data/anr/traces.txt'
D/dalvikvm(  287): GREF has increased to 401
D/dalvikvm(  456): GC_FOR_ALLOC freed 49K, 4% free 2856K/2960K, paused 523ms, total 540ms
I/dalvikvm-heap(  456): Grow heap (frag case) to 4.213MB for 1440016-byte allocation
D/dalvikvm(  456): GC_FOR_ALLOC freed 11K, 3% free 4250K/4368K, paused 91ms, total 91ms
D/dalvikvm(  456): GC_CONCURRENT freed <1K, 3% free 4250K/4368K, paused 5ms+101ms, total 172ms
I/dalvikvm(  431): Wrote stack traces to '/data/anr/traces.txt'
E/SurfaceFlinger(   37): ro.sf.lcd_density must be defined as a build property
D/dalvikvm(  431): GC_CONCURRENT freed 84K, 11% free 2758K/3084K, paused 554ms+284ms, total 1095ms
V/TAG     (  287): bug 7643792: fitSystemWindows([0,38][0,0])
W/ProcessStats(  287): Skipping unknown process pid 591
D/PhoneStatusBar(  379): disable: < expand icons alerts ticker system_info BACK* HOME* RECENT* CLOCK* SEARCH* >
D/CAT     (  431): CatService: Running CAT service. STK app installed:false
D/CAT     (  431): CatService: NEW sInstance
I/Choreographer(  287): Skipped 170 frames!  The application may be doing too much work on its main thread.
I/Choreographer(  379): Skipped 1449 frames!  The application may be doing too much work on its main thread.
W/WindowManager(  287): Window freeze timeout expired.
W/WindowManager(  287): Force clearing orientation change: Window{41022018 u0 StatusBar}
D/dalvikvm(  379): GC_CONCURRENT freed 259K, 8% free 3780K/4096K, paused 5ms+111ms, total 399ms
D/gralloc_goldfish(  379): Emulator without GPU emulation detected.
I/Choreographer(  287): Skipped 71 frames!  The application may be doing too much work on its main thread.
W/GpsLocationProvider(  287): Could not open GPS configuration file /etc/gps.conf
I/Choreographer(  379): Skipped 41 frames!  The application may be doing too much work on its main thread.
D/dalvikvm(  287): GC_CONCURRENT freed 1715K, 24% free 5767K/7548K, paused 11ms+131ms, total 1454ms
D/dalvikvm(  287): WAIT_FOR_CONCURRENT_GC blocked 1421ms
W/ServiceWatcher(  287): com.google.android.location not found
W/ServiceWatcher(  287): com.google.android.location not found
W/LocationManagerService(  287): no network location provider found
W/ServiceWatcher(  287): com.google.android.location not found
I/Vold    (   32): Filesystem check completed OK
I/Vold    (   32): Device /dev/block/vold/179:0, target /mnt/sdcard mounted @ /mnt/secure/staging
D/Vold    (   32): Volume sdcard state changing 3 (Checking) -> 4 (Mounted)
D/MountService(  287): volume state changed for /mnt/sdcard (checking -> mounted)
I/PackageManager(  287): Updating external media status from unmounted to mounted
E/VoldConnector(  287): NDC Command {3 volume mount /mnt/sdcard} took too long (31361ms)
D/MountService(  287): sendStorageIntent Intent { act=android.intent.action.MEDIA_MOUNTED dat=file:///mnt/sdcard (has extras) } to UserHandle{-1}
D/dalvikvm(  287): GC_EXPLICIT freed 38K, 24% free 5771K/7548K, paused 30ms+474ms, total 955ms
D/dalvikvm(  456): GC_CONCURRENT freed 176K, 5% free 4599K/4832K, paused 60ms+3ms, total 115ms
D/CAT     (  431): CatService: SIM ready. Reporting STK service running now...
E/VoldConnector(  287): NDC Command {4 asec list} took too long (646ms)
I/ActivityManager(  287): Start proc com.android.location.fused for service com.android.location.fused/.FusedLocationService: pid=629 uid=10022 gids={50022, 1028}
I/PackageManager(  287): No secure containers on sdcard
W/ProcessStats(  287): Skipping unknown process pid 640
I/Process (  287): Sending signal. PID: 456 SIG: 3
I/dalvikvm(  456): threadid=3: reacting to signal 3
D/MccTable(  431): updateMccMncConfiguration: mcc=310, mnc=260
D/TelephonyManager(  431): getLteOnCdmaMode=0 curVal=-1 product_type='' lteOnCdmaProductType=''
D/MccTable(  431): locale set to en_us
D/MccTable(  431): WIFI_COUNTRY_CODE set to us
E/Trace   (  629): error opening trace file: No such file or directory (2)
E/ActivityManager(  287): ANR in com.android.systemui
E/ActivityManager(  287): Reason: Executing service com.android.systemui/.ImageWallpaper
E/ActivityManager(  287): Load: 6.52 / 1.71 / 0.57
E/ActivityManager(  287): CPU usage from 2739ms to -10638ms ago with 99% awake:
E/ActivityManager(  287):   19% 287/system_server: 12% user + 6.2% kernel / faults: 1428 minor 4 major
E/ActivityManager(  287):   13% 37/surfaceflinger: 10% user + 2.7% kernel / faults: 2 minor
E/ActivityManager(  287):   11% 456/com.android.launcher: 7.8% user + 3.1% kernel / faults: 4914 minor 4 major
E/ActivityManager(  287):   6.2% 431/com.android.phone: 3.5% user + 2.6% kernel / faults: 761 minor 7 major
E/ActivityManager(  287):   5.3% 379/com.android.systemui: 3.6% user + 1.7% kernel / faults: 1394 minor 3 major
E/ActivityManager(  287):   3.8% 514/android.process.acore: 2.4% user + 1.4% kernel / faults: 1606 minor 2 major
E/ActivityManager(  287):   1.8% 85/bootanimation: 1.3% user + 0.5% kernel
E/ActivityManager(  287):   0.9% 48/adbd: 0.1% user + 0.8% kernel / faults: 132 minor
E/ActivityManager(  287):   0.8% 548/android.process.media: 0.5% user + 0.2% kernel / faults: 144 minor 4 major
E/ActivityManager(  287):   0.3% 32/vold: 0% user + 0.3% kernel / faults: 5 minor
E/ActivityManager(  287):   0.5% 29/mmcqd: 0% user + 0.5% kernel
E/ActivityManager(  287):   0.4% 419/com.android.inputmethod.latin: 0.4% user + 0% kernel / faults: 69 minor 1 major
E/ActivityManager(  287):   0.2% 36/rild: 0.1% user + 0% kernel
E/ActivityManager(  287):   0.1% 496/com.android.music: 0% user + 0% kernel / faults: 89 minor
E/ActivityManager(  287):   0% 38/zygote: 0% user + 0% kernel / faults: 135 minor
E/ActivityManager(  287):  +0% 629/<pre-initialized>: 0% user + 0% kernel
E/ActivityManager(  287): 100% TOTAL: 65% user + 34% kernel + 0.1% irq + 0.2% softirq
E/ActivityManager(  287): CPU usage from 8502ms to 9766ms later:
E/ActivityManager(  287):   21% 287/system_server: 11% user + 9.7% kernel / faults: 162 minor
E/ActivityManager(  287):     17% 305/ActivityManager: 8.2% user + 9% kernel
E/ActivityManager(  287):     4.5% 292/Compiler: 4.5% user + 0% kernel
E/ActivityManager(  287):     3% 472/Binder_3: 2.2% user + 0.7% kernel
E/ActivityManager(  287):     1.5% 486/Binder_5: 1.5% user + 0% kernel
E/ActivityManager(  287):     0.7% 309/PackageManager: 0.7% user + 0% kernel
E/ActivityManager(  287):     0.7% 336/PowerManagerSer: 0% user + 0.7% kernel
E/ActivityManager(  287):     0.7% 533/Binder_7: 0.7% user + 0% kernel
E/ActivityManager(  287):     0.7% 539/Binder_8: 0.7% user + 0% kernel
E/ActivityManager(  287):     0.7% 543/Binder_9: 0% user + 0.7% kernel
E/ActivityManager(  287):     0.7% 597/Binder_A: 0.7% user + 0% kernel
E/ActivityManager(  287):   18% 456/com.android.launcher: 12% user + 6.3% kernel / faults: 505 minor 3 major
E/ActivityManager(  287):     18% 490/launcher-loader: 10% user + 8.1% kernel
E/ActivityManager(  287):     1.8% 458/GC: 0.9% user + 0.9% kernel
E/ActivityManager(  287):     1.8% 463/Compiler: 0.9% user + 0.9% kernel
E/ActivityManager(  287):     0.9% 465/FinalizerDaemon: 0.9% user + 0% kernel
E/ActivityManager(  287):   9.7% 37/surfaceflinger: 8.2% user + 1.5% kernel
E/ActivityManager(  287):     9% 67/SurfaceFlinger: 8.2% user + 0.7% kernel
E/ActivityManager(  287):     1.5% 77/VSyncThread: 1.5% user + 0% kernel
E/ActivityManager(  287):     0.7% 37/surfaceflinger: 0.7% user + 0% kernel
E/ActivityManager(  287):   5.3% 32/vold: 0% user + 5.3% kernel / faults: 2 minor
E/ActivityManager(  287):     9.2% 61/vold: 1.5% user + 7.6% kernel
E/ActivityManager(  287):   0.6% 29/mmcqd: 0% user + 0.6% kernel
E/ActivityManager(  287):   3.5% 431/com.android.phone: 2.6% user + 0.8% kernel / faults: 17 minor
E/ActivityManager(  287):     1.7% 431/m.android.phone: 1.7% user + 0% kernel
E/ActivityManager(  287):     1.7% 483/RILReceiver: 0.8% user + 0.8% kernel
E/ActivityManager(  287):     0.8% 436/GC: 0% user + 0.8% kernel
E/ActivityManager(  287):     0.8% 439/Compiler: 0.8% user + 0% kernel
E/ActivityManager(  287):     0.8% 479/RILSender: 0.8% user + 0% kernel
E/ActivityManager(  287):   1.4% 85/bootanimation: 1.4% user + 0% kernel
E/ActivityManager(  287):     2.9% 107/BootAnimation: 2.2% user + 0.7% kernel
E/ActivityManager(  287):   0.1% 36/rild: 0.1% user + 0% kernel
E/ActivityManager(  287):     0.3% 88/rild: 0.3% user + 0% kernel
E/ActivityManager(  287):     0.1% 91/rild: 0% user + 0.1% kernel
E/ActivityManager(  287):   0.1% 38/zygote: 0% user + 0.1% kernel / faults: 67 minor
E/ActivityManager(  287):    +0% 630/ReferenceQueueD: 0% user + 0% kernel
E/ActivityManager(  287):    +0% 632/FinalizerDaemon: 0% user + 0% kernel
E/ActivityManager(  287):    +0% 633/FinalizerWatchd: 0% user + 0% kernel
E/ActivityManager(  287):   0.8% 48/adbd: 0.8% user + 0% kernel / faults: 13 minor
E/ActivityManager(  287):  +0% 629/<pre-initialized>: 0% user + 0% kernel
E/ActivityManager(  287): 100% TOTAL: 62% user + 36% kernel + 1.2% irq
W/ActivityManager(  287): Killing ProcessRecord{40ef3ce0 379:com.android.systemui/u0a10034}: background ANR
I/WifiService(  287): WifiService trying to set country code to us with persist set to true
I/dalvikvm(  456): Wrote stack traces to '/data/anr/traces.txt'
D/dalvikvm(  456): GC_CONCURRENT freed 34K, 6% free 4571K/4832K, paused 13ms+5ms, total 102ms
W/InputDispatcher(  287): channel '41022018 StatusBar (server)' ~ Consumer closed input channel or an error occurred.  events=0x9
E/InputDispatcher(  287): channel '41022018 StatusBar (server)' ~ Channel is unrecoverably broken and will be disposed!
I/WindowState(  287): WIN DEATH: Window{41022018 u0 StatusBar}
W/InputDispatcher(  287): Attempted to unregister already unregistered input channel '41022018 StatusBar (server)'
D/dalvikvm(  287): GC_CONCURRENT freed 414K, 18% free 6208K/7548K, paused 312ms+6ms, total 403ms
D/dalvikvm(  287): WAIT_FOR_CONCURRENT_GC blocked 59ms
D/dalvikvm(  287): WAIT_FOR_CONCURRENT_GC blocked 125ms
D/dalvikvm(  287): WAIT_FOR_CONCURRENT_GC blocked 98ms
D/dalvikvm(  287): WAIT_FOR_CONCURRENT_GC blocked 87ms
D/dalvikvm(  287): WAIT_FOR_CONCURRENT_GC blocked 94ms
D/dalvikvm(  287): WAIT_FOR_CONCURRENT_GC blocked 116ms
V/TAG     (  287): bug 7643792: fitSystemWindows([0,0][0,0])
W/BroadcastQueue(  287): Failure sending broadcast Intent { act=android.intent.action.SIM_STATE_CHANGED flg=0x20000010 (has extras) }
W/BroadcastQueue(  287): android.os.DeadObjectException
W/BroadcastQueue(  287): 	at android.os.BinderProxy.transact(Native Method)
W/BroadcastQueue(  287): 	at android.app.ApplicationThreadProxy.scheduleRegisteredReceiver(ApplicationThreadNative.java:1009)
W/BroadcastQueue(  287): 	at com.android.server.am.BroadcastQueue.performReceiveLocked(BroadcastQueue.java:373)
W/BroadcastQueue(  287): 	at com.android.server.am.BroadcastQueue.deliverToRegisteredReceiverLocked(BroadcastQueue.java:439)
W/BroadcastQueue(  287): 	at com.android.server.am.BroadcastQueue.processNextBroadcast(BroadcastQueue.java:487)
W/BroadcastQueue(  287): 	at com.android.server.am.BroadcastQueue$1.handleMessage(BroadcastQueue.java:140)
W/BroadcastQueue(  287): 	at android.os.Handler.dispatchMessage(Handler.java:99)
W/BroadcastQueue(  287): 	at android.os.Looper.loop(Looper.java:137)
W/BroadcastQueue(  287): 	at com.android.server.am.ActivityManagerService$AThread.run(ActivityManagerService.java:1480)
W/BroadcastQueue(  287): Failure sending broadcast Intent { act=android.intent.action.SIM_STATE_CHANGED flg=0x20000010 (has extras) }
W/BroadcastQueue(  287): android.os.DeadObjectException
W/BroadcastQueue(  287): 	at android.os.BinderProxy.transact(Native Method)
W/BroadcastQueue(  287): 	at android.app.ApplicationThreadProxy.scheduleRegisteredReceiver(ApplicationThreadNative.java:1009)
W/BroadcastQueue(  287): 	at com.android.server.am.BroadcastQueue.performReceiveLocked(BroadcastQueue.java:373)
W/BroadcastQueue(  287): 	at com.android.server.am.BroadcastQueue.deliverToRegisteredReceiverLocked(BroadcastQueue.java:439)
W/BroadcastQueue(  287): 	at com.android.server.am.BroadcastQueue.processNextBroadcast(BroadcastQueue.java:487)
W/BroadcastQueue(  287): 	at com.android.server.am.BroadcastQueue$1.handleMessage(BroadcastQueue.java:140)
W/BroadcastQueue(  287): 	at android.os.Handler.dispatchMessage(Handler.java:99)
W/BroadcastQueue(  287): 	at android.os.Looper.loop(Looper.java:137)
W/BroadcastQueue(  287): 	at com.android.server.am.ActivityManagerService$AThread.run(ActivityManagerService.java:1480)
I/Choreographer(  287): Skipped 70 frames!  The application may be doing too much work on its main thread.
D/dalvikvm(  287): WAIT_FOR_CONCURRENT_GC blocked 626ms
D/dalvikvm(  287): WAIT_FOR_CONCURRENT_GC blocked 705ms
W/PackageManager(  287): Unknown permission com.google.android.googleapps.permission.GOOGLE_AUTH.mail in package com.android.contacts
W/PackageManager(  287): Unknown permission android.permission.ADD_SYSTEM_SERVICE in package com.android.phone
W/PackageManager(  287): Unknown permission com.android.smspush.WAPPUSH_MANAGER_BIND in package com.android.phone
W/PackageManager(  287): Unknown permission com.google.android.googleapps.permission.GOOGLE_AUTH in package com.android.providers.calendar
W/PackageManager(  287): Unknown permission com.google.android.googleapps.permission.GOOGLE_AUTH.cl in package com.android.providers.calendar
W/PackageManager(  287): Unknown permission com.google.android.googleapps.permission.GOOGLE_AUTH.mail in package com.android.calendar
W/PackageManager(  287): Not granting permission android.permission.SEND_DOWNLOAD_COMPLETED_INTENTS to package com.android.browser (protectionLevel=2 flags=0x89be45)
W/PackageManager(  287): Not granting permission android.permission.BIND_APPWIDGET to package com.android.widgetpreview (protectionLevel=18 flags=0x8be44)
W/PackageManager(  287): Unknown permission com.google.android.googleapps.permission.GOOGLE_AUTH in package com.android.settings
W/PackageManager(  287): Unknown permission com.google.android.gallery3d.permission.GALLERY_PROVIDER in package com.android.exchange
W/PackageManager(  287): Unknown permission com.google.android.googleapps.permission.ACCESS_GOOGLE_PASSWORD in package com.android.development
W/PackageManager(  287): Unknown permission com.google.android.googleapps.permission.GOOGLE_AUTH in package com.android.development
W/PackageManager(  287): Unknown permission com.google.android.googleapps.permission.GOOGLE_AUTH.ALL_SERVICES in package com.android.development
W/PackageManager(  287): Unknown permission com.google.android.googleapps.permission.GOOGLE_AUTH.YouTubeUser in package com.android.development
W/PackageManager(  287): Unknown permission com.google.android.gallery3d.permission.GALLERY_PROVIDER in package com.android.email
W/PackageManager(  287): Not granting permission android.permission.DEVICE_POWER to package com.android.deskclock (protectionLevel=2 flags=0x88be45)
I/ActivityManager(  287): Config changes=1403 {1.0 310mcc260mnc en_US ldltr sw320dp w320dp h508dp 240dpi nrml long port finger -keyb/v/h tball/v s.4}
W/SurfaceFlinger(   37): createScreenshotSurface failed (Function not implemented)
I/ActivityManager(  287): Process com.android.systemui (pid 379) has died.
W/ActivityManager(  287): Scheduling restart of crashed service com.android.systemui/.ImageWallpaper in 0ms
W/ActivityManager(  287): Scheduling restart of crashed service com.android.systemui/.SystemUIService in 0ms
I/ActivityManager(  287): Start proc com.android.systemui for restart com.android.systemui: pid=664 uid=10034 gids={50034, 1028, 1015, 3002, 3001}
