D/dalvikvm(  288): WAIT_FOR_CONCURRENT_GC blocked 354ms
W/Settings(  438): Setting auto_time has moved from android.provider.Settings.System to android.provider.Settings.Global, returning read-only global URI.
D/dalvikvm(  288): GREF has increased to 301
D/dalvikvm(  288): WAIT_FOR_CONCURRENT_GC blocked 326ms
D/dalvikvm(  288): WAIT_FOR_CONCURRENT_GC blocked 716ms
D/dalvikvm(  288): WAIT_FOR_CONCURRENT_GC blocked 370ms
W/Settings(  438): Setting auto_time_zone has moved from android.provider.Settings.System to android.provider.Settings.Global, returning read-only global URI.
W/ActivityManager(  288): Unable to start service Intent { act=com.android.internal.telephony.IWapPushManager } U=0: not found
E/ActivityThread(  425): Failed to find provider info for com.android.inputmethod.latin.dictionarypack
E/BinaryDictionaryGetter(  425): Could not find a dictionary pack
E/BluetoothAdapter(  388): Bluetooth binder is null
D/dalvikvm(  425): GC_CONCURRENT freed 267K, 12% free 2500K/2824K, paused 5ms+128ms, total 221ms
I/ActivityManager(  288): Start proc android.process.acore for content provider com.android.providers.userdictionary/.UserDictionaryProvider: pid=507 uid=10001 gids={50001, 3003, 1015, 1028}
W/InputMethodManagerService(  288): Found no subtypes in a system IME: com.android.inputmethod.pinyin
D/        (  438): [ApnContext:default] set reason as dataEnabled,current state IDLE
D/        (  438): [ApnContext:default] setRetryCount: 0
I/ActivityManager(  288): Start proc com.android.music for broadcast com.android.music/.MediaButtonIntentReceiver: pid=524 uid=10025 gids={50025, 3003, 1015, 1028}
D/        (  438): [ApnContext:mms] set reason as dataEnabled,current state IDLE
D/        (  438): [ApnContext:mms] setRetryCount: 0
D/        (  438): [ApnContext:supl] set reason as dataEnabled,current state IDLE
D/        (  438): [ApnContext:supl] setRetryCount: 0
D/        (  438): [ApnContext:hipri] set reason as dataEnabled,current state IDLE
D/        (  438): [ApnContext:hipri] setRetryCount: 0
D/        (  438): [ApnContext:fota] set reason as dataEnabled,current state IDLE
D/        (  438): [ApnContext:fota] setRetryCount: 0
D/        (  438): [ApnContext:ims] set reason as dataEnabled,current state IDLE
D/        (  438): [ApnContext:ims] setRetryCount: 0
D/        (  438): [ApnContext:cbs] set reason as dataEnabled,current state IDLE
D/        (  438): [ApnContext:cbs] setRetryCount: 0
I/dalvikvm(  524): Turning on JNI app bug workarounds for target SDK version 9...
D/dalvikvm(  288): GC_CONCURRENT freed 717K, 13% free 5455K/6236K, paused 81ms+15ms, total 734ms
D/dalvikvm(  288): WAIT_FOR_CONCURRENT_GC blocked 144ms
D/dalvikvm(  288): WAIT_FOR_CONCURRENT_GC blocked 411ms
D/dalvikvm(  288): WAIT_FOR_CONCURRENT_GC blocked 369ms
D/dalvikvm(  288): WAIT_FOR_CONCURRENT_GC blocked 209ms
D/dalvikvm(  288): WAIT_FOR_CONCURRENT_GC blocked 179ms
D/dalvikvm(  288): WAIT_FOR_CONCURRENT_GC blocked 464ms
D/dalvikvm(  288): WAIT_FOR_CONCURRENT_GC blocked 438ms
V/TAG     (  288): bug 7643792: fitSystemWindows([0,0][0,0])
E/Trace   (  507): error opening trace file: No such file or directory (2)
E/Trace   (  524): error opening trace file: No such file or directory (2)
D/TelephonyManager(  438): getLteOnCdmaMode=0 curVal=-1 product_type='' lteOnCdmaProductType=''
V/TAG     (  288): bug 7643792: fitSystemWindows([0,0][0,0])
D/CallManager(  438): registerPhone(GSM Handler (com.android.internal.telephony.PhoneProxy) {40d02688})
D/dalvikvm(  438): GC_CONCURRENT freed 200K, 9% free 2587K/2832K, paused 4ms+3ms, total 1510ms
D/dalvikvm(  388): GC_CONCURRENT freed 64K, 4% free 3638K/3760K, paused 10ms+22ms, total 144ms
E/BluetoothAdapter(  438): Bluetooth binder is null
I/Choreographer(  288): Skipped 189 frames!  The application may be doing too much work on its main thread.
E/SurfaceFlinger(   37): ro.sf.lcd_density must be defined as a build property
W/WindowManager(  288): Window freeze timeout expired.
W/WindowManager(  288): Force clearing orientation change: Window{40eeeed0 u0 Keyguard}
I/AudioService(  288):   Remote Control   registerMediaButtonIntent() for PendingIntent{40d41890: PendingIntentRecord{40e81ff8 com.android.music broadcastIntent}}
I/ActivityManager(  288): Start proc android.process.media for content provider com.android.providers.media/.MediaProvider: pid=554 uid=10000 gids={50000, 1015, 1023, 1024, 1028, 1006, 2001, 3003, 3007}
E/BluetoothAdapter(  438): Bluetooth binder is null
W/ActivityManager(  288): Activity idle timeout for ActivityRecord{40f83818 u0 com.android.launcher/com.android.launcher2.Launcher}
I/ActivityManager(  288): Start proc com.android.contacts for broadcast com.android.contacts/.calllog.CallLogReceiver: pid=569 uid=10001 gids={50001, 3003, 1015, 1028}
E/BluetoothAdapter(  288): Bluetooth binder is null
E/SoundPool(  288): error loading /system/media/audio/ui/Effect_Tick.ogg
W/AudioService(  288): Soundpool could not load file: /system/media/audio/ui/Effect_Tick.ogg
E/SoundPool(  288): error loading /system/media/audio/ui/Effect_Tick.ogg
W/AudioService(  288): Soundpool could not load file: /system/media/audio/ui/Effect_Tick.ogg
E/SoundPool(  288): error loading /system/media/audio/ui/Effect_Tick.ogg
W/AudioService(  288): Soundpool could not load file: /system/media/audio/ui/Effect_Tick.ogg
E/SoundPool(  288): error loading /system/media/audio/ui/Effect_Tick.ogg
W/AudioService(  288): Soundpool could not load file: /system/media/audio/ui/Effect_Tick.ogg
E/SoundPool(  288): error loading /system/media/audio/ui/Effect_Tick.ogg
W/AudioService(  288): Soundpool could not load file: /system/media/audio/ui/Effect_Tick.ogg
E/SoundPool(  288): error loading /system/media/audio/ui/KeypressStandard.ogg
W/AudioService(  288): Soundpool could not load file: /system/media/audio/ui/KeypressStandard.ogg
E/SoundPool(  288): error loading /system/media/audio/ui/KeypressSpacebar.ogg
W/AudioService(  288): Soundpool could not load file: /system/media/audio/ui/KeypressSpacebar.ogg
E/SoundPool(  288): error loading /system/media/audio/ui/KeypressDelete.ogg
W/AudioService(  288): Soundpool could not load file: /system/media/audio/ui/KeypressDelete.ogg
E/SoundPool(  288): error loading /system/media/audio/ui/KeypressReturn.ogg
W/AudioService(  288): Soundpool could not load file: /system/media/audio/ui/KeypressReturn.ogg
E/BluetoothAdapter(  388): Bluetooth binder is null
D/dalvikvm(  288): GC_FOR_ALLOC freed 216K, 13% free 5433K/6236K, paused 145ms, total 148ms
I/dalvikvm-heap(  288): Grow heap (frag case) to 6.442MB for 1128976-byte allocation
D/dalvikvm(  288): GC_FOR_ALLOC freed 3K, 11% free 6532K/7340K, paused 154ms, total 154ms
W/AudioService(  288): loadSoundEffects(), Error -1 while loading samples
E/BluetoothAdapter(  288): Bluetooth binder is null
V/WiredAccessoryManager(  288): init()
E/Trace   (  554): error opening trace file: No such file or directory (2)
I/Choreographer(  288): Skipped 822 frames!  The application may be doing too much work on its main thread.
E/Trace   (  569): error opening trace file: No such file or directory (2)
I/Choreographer(  288): Skipped 99 frames!  The application may be doing too much work on its main thread.
W/ActivityManager(  288): Timeout executing service: ServiceRecord{40ef3de0 u0 com.android.systemui/.SystemUIService}
D/dalvikvm(  288): GC_CONCURRENT freed 99K, 11% free 6564K/7340K, paused 113ms+367ms, total 3212ms
I/Choreographer(  288): Skipped 83 frames!  The application may be doing too much work on its main thread.
W/dalvikvm(  569): threadid=5: spin on suspend #1 threadid=1 (pcf=0)
I/Process (  288): Sending signal. PID: 388 SIG: 3
I/dalvikvm(  388): threadid=3: reacting to signal 3
W/dalvikvm(  569): threadid=5: spin on suspend resolved in 1268 msec
I/Process (  288): Sending signal. PID: 288 SIG: 3
I/dalvikvm(  288): threadid=3: reacting to signal 3
D/dalvikvm(  457): GC_CONCURRENT freed 176K, 9% free 2609K/2840K, paused 4ms+35ms, total 205ms
I/dalvikvm(  388): Wrote stack traces to '/data/anr/traces.txt'
D/dalvikvm(  507): GC_CONCURRENT freed 179K, 9% free 2610K/2848K, paused 3ms+8ms, total 428ms
I/Process (  288): Sending signal. PID: 438 SIG: 3
I/dalvikvm(  438): threadid=3: reacting to signal 3
I/dalvikvm(  288): Wrote stack traces to '/data/anr/traces.txt'
D/PhoneStatusBar(  388): disable: < expand icons alerts ticker system_info back home recent clock search >
D/dalvikvm(  288): GC_CONCURRENT freed 1211K, 25% free 5562K/7340K, paused 47ms+73ms, total 1502ms
E/BluetoothAdapter(  388): Bluetooth binder is null
I/DownloadManager(  554): in removeSpuriousFiles
D/SystemUIService(  388): loading: class com.android.systemui.power.PowerUI
D/SystemUIService(  388): running: com.android.systemui.power.PowerUI@40e407c0
D/SystemUIService(  388): loading: class com.android.systemui.media.RingtonePlayer
D/SystemUIService(  388): running: com.android.systemui.media.RingtonePlayer@40e41440
I/dalvikvm(  438): Wrote stack traces to '/data/anr/traces.txt'
I/Choreographer(  388): Skipped 4752 frames!  The application may be doing too much work on its main thread.
D/dalvikvm(  288): GREF has increased to 401
D/DebugService(  438): DebugService DebugService:
D/TelephonyDebugService(  438): TelephonyDebugService()
D/dalvikvm(  438): GC_CONCURRENT freed 325K, 13% free 2663K/3044K, paused 294ms+272ms, total 698ms
D/dalvikvm(  288): GC_EXPLICIT freed 307K, 23% free 5651K/7340K, paused 5ms+17ms, total 115ms
D/dalvikvm(  457): GC_CONCURRENT freed 96K, 5% free 2989K/3140K, paused 3ms+45ms, total 82ms
E/SurfaceFlinger(   37): ro.sf.lcd_density must be defined as a build property
V/TAG     (  288): bug 7643792: fitSystemWindows([0,38][0,0])
W/WindowManager(  288): Window freeze timeout expired.
W/WindowManager(  288): Force clearing orientation change: Window{41020248 u0 StatusBar}
W/WindowManager(  288): Force clearing orientation change: Window{40eeeed0 u0 Keyguard}
W/Settings(  438): Setting auto_time_zone has moved from android.provider.Settings.System to android.provider.Settings.Global, returning read-only value.
I/Choreographer(  288): Skipped 373 frames!  The application may be doing too much work on its main thread.
D/PhoneStatusBar(  388): disable: < expand icons alerts ticker system_info BACK* HOME* RECENT* CLOCK* SEARCH* >
I/Process (  288): Sending signal. PID: 457 SIG: 3
I/dalvikvm(  457): threadid=3: reacting to signal 3
W/ProcessStats(  288): Skipping unknown process pid 653
W/ProcessStats(  288): Skipping unknown process pid 655
E/ActivityManager(  288): ANR in com.android.systemui
E/ActivityManager(  288): Reason: Executing service com.android.systemui/.SystemUIService
E/ActivityManager(  288): Load: 7.79 / 1.91 / 0.64
E/ActivityManager(  288): CPU usage from 0ms to 11964ms later:
E/ActivityManager(  288):   21% 288/system_server: 14% user + 7.1% kernel / faults: 2822 minor 5 major
E/ActivityManager(  288):   16% 37/surfaceflinger: 13% user + 2.7% kernel / faults: 2 minor
E/ActivityManager(  288):   8% 457/com.android.launcher: 4.9% user + 3.1% kernel / faults: 4543 minor 1 major
E/ActivityManager(  288):   5.5% 438/com.android.phone: 3.3% user + 2.1% kernel / faults: 554 minor 6 major
E/ActivityManager(  288):   4.5% 388/com.android.systemui: 2.8% user + 1.6% kernel / faults: 1208 minor 3 major
E/ActivityManager(  288):   4.2% 507/android.process.acore: 2.1% user + 2% kernel / faults: 1263 minor
E/ActivityManager(  288):   3.8% 85/bootanimation: 2.9% user + 0.9% kernel
E/ActivityManager(  288):   3.2% 554/android.process.media: 1.4% user + 1.8% kernel / faults: 950 minor 13 major
E/ActivityManager(  288):   0.8% 48/adbd: 0.1% user + 0.6% kernel / faults: 132 minor
E/ActivityManager(  288):   0.6% 425/com.android.inputmethod.latin: 0.4% user + 0.2% kernel / faults: 76 minor 1 major
E/ActivityManager(  288):   0.5% 569/com.android.contacts: 0.1% user + 0.4% kernel / faults: 427 minor 6 major
E/ActivityManager(  288):   0.4% 524/com.android.music: 0.4% user + 0% kernel / faults: 172 minor
E/ActivityManager(  288):   0.2% 31/servicemanager: 0% user + 0.1% kernel
E/ActivityManager(  288):   0.1% 36/rild: 0% user + 0.1% kernel / faults: 3 minor
E/ActivityManager(  288):   0.2% 40/mediaserver: 0% user + 0.2% kernel
E/ActivityManager(  288):   0% 393/fsck_msdos: 0% user + 0% kernel / faults: 114 minor
E/ActivityManager(  288): 100% TOTAL: 65% user + 33% kernel + 0.3% softirq
E/ActivityManager(  288): CPU usage from 9403ms to 10034ms later:
E/ActivityManager(  288):   28% 288/system_server: 12% user + 16% kernel / faults: 394 minor
E/ActivityManager(  288):     20% 306/UI: 20% user + 0% kernel
E/ActivityManager(  288):     17% 308/ActivityManager: 4.1% user + 13% kernel
E/ActivityManager(  288):     16% 305/er.ServerThread: 13% user + 2.7% kernel
E/ActivityManager(  288):     9.5% 294/Compiler: 4.1% user + 5.4% kernel
E/ActivityManager(  288):     8.2% 288/system_server: 2.7% user + 5.4% kernel
E/ActivityManager(  288):     8.2% 307/WindowManager: 6.8% user + 1.3% kernel
E/ActivityManager(  288):     8.2% 634/Error dump: sys: 4.1% user + 4.1% kernel
E/ActivityManager(  288):     1.3% 291/GC: 1.3% user + 0% kernel
E/ActivityManager(  288):     1.3% 302/Binder_1: 1.3% user + 0% kernel
E/ActivityManager(  288):     1.3% 341/PowerManagerSer: 1.3% user + 0% kernel
E/ActivityManager(  288):     1.3% 538/Binder_6: 1.3% user + 0% kernel
E/ActivityManager(  288):     1.3% 580/Binder_7: 1.3% user + 0% kernel
E/ActivityManager(  288):   7.2% 438/com.android.phone: 4.8% user + 2.4% kernel / faults: 228 minor
E/ActivityManager(  288):     4.8% 438/m.android.phone: 3% user + 1.7% kernel
E/ActivityManager(  288):     2.7% 447/Compiler: 2.7% user + 0% kernel
E/ActivityManager(  288):     0.3% 471/Binder_2: 0% user + 0.3% kernel
E/ActivityManager(  288):     0.3% 492/RILSender: 0.3% user + 0% kernel
E/ActivityManager(  288):     0.3% 493/RILReceiver: 0.3% user + 0% kernel
E/ActivityManager(  288):   17% 37/surfaceflinger: 12% user + 5.4% kernel
E/ActivityManager(  288):     12% 68/SurfaceFlinger: 10% user + 1.3% kernel
E/ActivityManager(  288):     1.3% 76/VSyncThread: 0% user + 1.3% kernel
E/ActivityManager(  288):     1.3% 83/Binder_1: 0% user + 1.3% kernel
E/ActivityManager(  288):     1.3% 346/Binder_2: 1.3% user + 0% kernel
E/ActivityManager(  288):     1.3% 593/Binder_3: 1.3% user + 0% kernel
E/ActivityManager(  288):     1.3% 594/Binder_4: 1.3% user + 0% kernel
E/ActivityManager(  288):   5.2% 457/com.android.launcher: 1.9% user + 3.3% kernel / faults: 187 minor
E/ActivityManager(  288):     6.1% 517/launcher-loader: 1.9% user + 4.2% kernel
E/ActivityManager(  288):     0.4% 457/ndroid.launcher: 0% user + 0.4% kernel
E/ActivityManager(  288):     0.4% 464/Compiler: 0.4% user + 0% kernel
E/ActivityManager(  288):     0.4% 466/FinalizerDaemon: 0% user + 0.4% kernel
E/ActivityManager(  288):   4.7% 388/com.android.systemui: 3.3% user + 1.4% kernel / faults: 73 minor 1 major
E/ActivityManager(  288):     6.6% 388/ndroid.systemui: 4.2% user + 2.3% kernel
E/ActivityManager(  288):     0.9% 402/Compiler: 0.9% user + 0% kernel
E/ActivityManager(  288):   1.5% 36/rild: 0% user + 1.5% kernel
E/ActivityManager(  288):   1.3% 40/mediaserver: 0% user + 1.3% kernel
E/ActivityManager(  288):     5.4% 135/AudioOut_2: 2.7% user + 2.7% kernel
E/ActivityManager(  288):   1.3% 85/bootanimation: 1.3% user + 0% kernel
E/ActivityManager(  288):     4% 105/BootAnimation: 4% user + 0% kernel
E/ActivityManager(  288): 100% TOTAL: 49% user + 50% kernel
I/dalvikvm(  457): Wrote stack traces to '/data/anr/traces.txt'
I/Choreographer(  388): Skipped 1842 frames!  The application may be doing too much work on its main thread.
D/gralloc_goldfish(  388): Emulator without GPU emulation detected.
D/dalvikvm(  457): GC_CONCURRENT freed 53K, 5% free 3029K/3176K, paused 23ms+2ms, total 123ms
W/ActivityManager(  288): Killing ProcessRecord{40ef4640 388:com.android.systemui/u0a10034}: background ANR
I/Choreographer(  288): Skipped 141 frames!  The application may be doing too much work on its main thread.
I/RecoverySystem(  288): No recovery log file
D/CAT     (  438): CatService: Running CAT service. STK app installed:false
D/CAT     (  438): CatService: NEW sInstance
W/InputDispatcher(  288): channel '41020248 StatusBar (server)' ~ Consumer closed input channel or an error occurred.  events=0x9
E/InputDispatcher(  288): channel '41020248 StatusBar (server)' ~ Channel is unrecoverably broken and will be disposed!
D/dalvikvm(  288): GC_CONCURRENT freed 538K, 10% free 5935K/6576K, paused 557ms+8ms, total 1892ms
D/dalvikvm(  288): WAIT_FOR_CONCURRENT_GC blocked 61ms
D/dalvikvm(  288): WAIT_FOR_CONCURRENT_GC blocked 1282ms
D/dalvikvm(  288): GC_FOR_ALLOC freed 345K, 15% free 5814K/6804K, paused 58ms, total 58ms
D/dalvikvm(  288): WAIT_FOR_CONCURRENT_GC blocked 300ms
D/dalvikvm(  288): WAIT_FOR_CONCURRENT_GC blocked 273ms
D/dalvikvm(  288): WAIT_FOR_CONCURRENT_GC blocked 225ms
I/ActivityManager(  288): Process com.android.systemui (pid 388) has died.
W/ActivityManager(  288): Scheduling restart of crashed service com.android.systemui/.ImageWallpaper in 0ms
W/ActivityManager(  288): Scheduling restart of crashed service com.android.systemui/.SystemUIService in 0ms
I/WindowState(  288): WIN DEATH: Window{41020248 u0 StatusBar}
W/InputDispatcher(  288): Attempted to unregister already unregistered input channel '41020248 StatusBar (server)'
D/dalvikvm(  288): WAIT_FOR_CONCURRENT_GC blocked 452ms
W/WallpaperService(  288): Wallpaper service gone: ComponentInfo{com.android.systemui/com.android.systemui.ImageWallpaper}
W/WallpaperService(  288): Reverting to built-in wallpaper!
I/ActivityManager(  288): Start proc com.android.systemui for restart com.android.systemui: pid=675 uid=10034 gids={50034, 1028, 1015, 3002, 3001}
D/dalvikvm(   38): GC_EXPLICIT freed 35K, 4% free 2381K/2472K, paused 3ms+3ms, total 59ms
D/dalvikvm(   38): GC_EXPLICIT freed <1K, 4% free 2381K/2472K, paused 3ms+3ms, total 60ms
D/dalvikvm(   38): GC_EXPLICIT freed <1K, 4% free 2381K/2472K, paused 3ms+2ms, total 58ms
I/ActivityManager(  288): Start proc com.android.deskclock for broadcast com.android.deskclock/.AlarmInitReceiver: pid=684 uid=10006 gids={50006, 1028}
V/TAG     (  288): bug 7643792: fitSystemWindows([0,0][0,0])
W/WindowManager(  288): Window freeze timeout expired.
W/WindowManager(  288): Force clearing orientation change: Window{40eeeed0 u0 Keyguard}
E/Trace   (  675): error opening trace file: No such file or directory (2)
E/SurfaceFlinger(   37): ro.sf.lcd_density must be defined as a build property
I/Choreographer(  288): Skipped 386 frames!  The application may be doing too much work on its main thread.
W/ProcessStats(  288): Skipping unknown process pid 711
E/Trace   (  684): error opening trace file: No such file or directory (2)
I/Choreographer(  457): Skipped 107 frames!  The application may be doing too much work on its main thread.
D/SystemUIService(  675): loading: class com.android.systemui.statusbar.phone.PhoneStatusBar
I/Choreographer(  288): Skipped 138 frames!  The application may be doing too much work on its main thread.
D/CAT     (  438): CatService: SIM ready. Reporting STK service running now...
D/dalvikvm(  438): GC_CONCURRENT freed 289K, 12% free 2775K/3120K, paused 44ms+137ms, total 588ms
D/gralloc_goldfish(  457): Emulator without GPU emulation detected.
D/SystemUIService(  675): running: com.android.systemui.statusbar.phone.PhoneStatusBar@40cdca28
D/MccTable(  438): updateMccMncConfiguration: mcc=310, mnc=260
D/TelephonyManager(  438): getLteOnCdmaMode=0 curVal=-1 product_type='' lteOnCdmaProductType=''
D/MccTable(  438): locale set to en_us
D/MccTable(  438): WIFI_COUNTRY_CODE set to us
D/dalvikvm(  457): GC_CONCURRENT freed 170K, 7% free 3269K/3496K, paused 7ms+13ms, total 167ms
I/StatusBarManagerService(  288): registerStatusBar bar=com.android.internal.statusbar.IStatusBar$Stub$Proxy@40f48620
I/WifiService(  288): WifiService trying to set country code to us with persist set to true
I/ActivityManager(  288): Config changes=1403 {1.0 310mcc260mnc en_US ldltr sw320dp w320dp h508dp 240dpi nrml long port finger -keyb/v/h tball/v s.4}
W/SurfaceFlinger(   37): createScreenshotSurface failed (Function not implemented)
I/Choreographer(  457): Skipped 146 frames!  The application may be doing too much work on its main thread.
D/dalvikvm(  288): GC_CONCURRENT freed 992K, 17% free 5685K/6796K, paused 8ms+415ms, total 1038ms
D/dalvikvm(  288): WAIT_FOR_CONCURRENT_GC blocked 63ms
D/dalvikvm(  288): WAIT_FOR_CONCURRENT_GC blocked 139ms
D/dalvikvm(  288): WAIT_FOR_CONCURRENT_GC blocked 124ms
W/WindowManager(  288): Window freeze timeout expired.
W/WindowManager(  288): Force clearing orientation change: Window{40eeeed0 u0 Keyguard}
V/AlarmClock(  684): No next alarm
D/MccTable(  438): updateMccMncConfiguration: mcc=310, mnc=260
D/TelephonyManager(  438): getLteOnCdmaMode=0 curVal=-1 product_type='' lteOnCdmaProductType=''
D/MccTable(  438): locale set to en_us
D/MccTable(  438): WIFI_COUNTRY_CODE set to us
I/WifiService(  288): WifiService trying to set country code to us with persist set to true
I/ActivityManager(  288): Config changes=1400 {1.0 310mcc260mnc en_US ldltr sw320dp w320dp h508dp 240dpi nrml long port finger -keyb/v/h tball/v s.5}
W/Launcher.Model(  457): LoaderTask running with no launcher (loadAllAppsByBatch)
D/dalvikvm(  675): GC_CONCURRENT freed 122K, 7% free 2673K/2852K, paused 4ms+3ms, total 326ms
D/dalvikvm(  675): WAIT_FOR_CONCURRENT_GC blocked 296ms
I/dalvikvm-heap(  675): Grow heap (frag case) to 3.268MB for 635812-byte allocation
D/dalvikvm(  288): GC_FOR_ALLOC freed 298K, 11% free 6065K/6796K, paused 162ms, total 170ms
I/Choreographer(  288): Skipped 137 frames!  The application may be doing too much work on its main thread.
W/WindowManager(  288): ***** BOOT TIMEOUT: forcing display enabled
I/SurfaceFlinger(   37): Boot is finished (89552 ms)
I/ActivityManager(  288): Config changes=1400 {1.0 310mcc260mnc en_US ldltr sw320dp w320dp h508dp 240dpi nrml long port finger -keyb/v/h tball/v s.6}
D/dalvikvm(  675): GC_FOR_ALLOC freed 5K, 6% free 3288K/3476K, paused 97ms, total 307ms
V/AlarmClock(  684): AlarmInitReceiver - Reset timers and clear stopwatch data
I/Choreographer(  288): Skipped 36 frames!  The application may be doing too much work on its main thread.
D/dalvikvm(  288): GC_FOR_ALLOC freed 41K, 11% free 6253K/7004K, paused 187ms, total 187ms
I/PowerManagerService(  288): Boot animation finished.
W/WindowManager(  288): App freeze timeout expired.
W/WindowManager(  288): Force clearing freeze: AppWindowToken{40f86a48 token=Token{40f83c50 ActivityRecord{40f83818 u0 com.android.launcher/com.android.launcher2.Launcher}}}
V/AlarmClock(  684): No next alarm
V/AlarmClock(  684): AlarmInitReceiver finished
E/BluetoothAdapter(  675): Bluetooth binder is null
E/BluetoothAdapter(  675): Bluetooth binder is null
E/BluetoothAdapter(  675): Bluetooth binder is null
I/Choreographer(  288): Skipped 1764 frames!  The application may be doing too much work on its main thread.
D/dalvikvm(  675): GC_CONCURRENT freed 65K, 4% free 3659K/3784K, paused 4ms+35ms, total 79ms
D/dalvikvm(  457): GC_CONCURRENT freed 280K, 10% free 3390K/3736K, paused 31ms+4ms, total 554ms
D/dalvikvm(  438): GC_CONCURRENT freed 328K, 11% free 2926K/3288K, paused 4ms+3ms, total 891ms
D/AndroidRuntime(  748): 
D/AndroidRuntime(  748): >>>>>> AndroidRuntime START com.android.internal.os.RuntimeInit <<<<<<
D/AndroidRuntime(  748): CheckJNI is ON
D/dalvikvm(  748): Trying to load lib libjavacore.so 0x0
D/dalvikvm(  748): Added shared lib libjavacore.so 0x0
D/dalvikvm(  748): Trying to load lib libnativehelper.so 0x0
D/dalvikvm(  748): Added shared lib libnativehelper.so 0x0
E/BluetoothAdapter(  675): Bluetooth binder is null
I/Choreographer(  288): Skipped 367 frames!  The application may be doing too much work on its main thread.
D/dalvikvm(  288): GC_EXPLICIT freed 667K, 11% free 6471K/7204K, paused 18ms+53ms, total 691ms
D/dalvikvm(  288): GC_FOR_ALLOC freed 911K, 23% free 5560K/7204K, paused 288ms, total 288ms
I/dalvikvm-heap(  288): Grow heap (frag case) to 6.567MB for 1128976-byte allocation
D/dalvikvm(  288): GC_FOR_ALLOC freed <1K, 20% free 6662K/8308K, paused 235ms, total 235ms
D/AndroidRuntime(  748): Calling main entry com.android.commands.am.Am
D/dalvikvm(  748): Note: class Landroid/app/ActivityManagerNative; has 157 unimplemented (abstract) methods
D/dalvikvm(  759): Not late-enabling CheckJNI (already on)
I/ActivityManager(  288): Start proc it.unina.android.ripper_service:android_ripper_service_process for service it.unina.android.ripper_service/.AndroidRipperService: pid=759 uid=10049 gids={50049, 3003, 1028}
D/AndroidRuntime(  748): Shutting down VM
D/dalvikvm(  748): GC_CONCURRENT freed 91K, 16% free 490K/584K, paused 0ms+1ms, total 6ms
D/PhoneStatusBar(  675): disable: < expand icons alerts ticker system_info BACK* HOME* RECENT* CLOCK* SEARCH* >
E/Trace   (  759): error opening trace file: No such file or directory (2)
D/dalvikvm(  438): GC_CONCURRENT freed 448K, 15% free 2882K/3388K, paused 4ms+55ms, total 164ms
D/dalvikvm(  288): GC_CONCURRENT freed 198K, 18% free 6879K/8308K, paused 47ms+171ms, total 1262ms
D/ConnectivityService(  288): ConnectivityChange for mobile: CONNECTED/CONNECTED
E/BluetoothAdapter(  675): Bluetooth binder is null
D/SystemUIService(  675): loading: class com.android.systemui.power.PowerUI
D/SystemUIService(  675): running: com.android.systemui.power.PowerUI@40e4d2b8
D/SystemUIService(  675): loading: class com.android.systemui.media.RingtonePlayer
D/SystemUIService(  675): running: com.android.systemui.media.RingtonePlayer@40e4e098
V/AndroidRipperService(  759): onCreate()
V/SERVER  (  759): Starting ServerSocket on PORT 8888
V/SERVER  (  759): Started ServerSocket on PORT 8888
D/dalvikvm(  288): GC_CONCURRENT freed 1633K, 24% free 6375K/8308K, paused 5ms+20ms, total 260ms
D/dalvikvm(  288): WAIT_FOR_CONCURRENT_GC blocked 70ms
D/dalvikvm(  288): WAIT_FOR_CONCURRENT_GC blocked 137ms
D/AndroidRuntime(  786): 
D/AndroidRuntime(  786): >>>>>> AndroidRuntime START com.android.internal.os.RuntimeInit <<<<<<
D/AndroidRuntime(  786): CheckJNI is ON
D/dalvikvm(  288): WAIT_FOR_CONCURRENT_GC blocked 248ms
D/dalvikvm(  786): Trying to load lib libjavacore.so 0x0
D/dalvikvm(  786): Added shared lib libjavacore.so 0x0
D/dalvikvm(  786): Trying to load lib libnativehelper.so 0x0
D/dalvikvm(  786): Added shared lib libnativehelper.so 0x0
E/SurfaceFlinger(   37): ro.sf.lcd_density must be defined as a build property
V/SERVER  (  759): Ready to accept connections on port: 8888
D/Launcher.Model(  457): Reload apps on config change. curr_mcc:310 prevmcc:0
I/Choreographer(  457): Skipped 2864 frames!  The application may be doing too much work on its main thread.
I/Choreographer(  288): Skipped 1060 frames!  The application may be doing too much work on its main thread.
D/dalvikvm(  675): GC_FOR_ALLOC freed 236K, 8% free 3734K/4028K, paused 174ms, total 257ms
V/TAG     (  288): bug 7643792: fitSystemWindows([0,38][0,0])
D/AndroidRuntime(  786): Calling main entry com.android.commands.am.Am
D/dalvikvm(  786): Note: class Landroid/app/ActivityManagerNative; has 157 unimplemented (abstract) methods
I/ActivityManager(  288): Force stopping package org.jessies.dalvikexplorer appid=10048 user=0
D/dalvikvm(  798): Not late-enabling CheckJNI (already on)
I/ActivityManager(  288): Start proc org.jessies.dalvikexplorer for added application org.jessies.dalvikexplorer: pid=798 uid=10048 gids={50048, 1015, 1028}
E/SurfaceFlinger(   37): ro.sf.lcd_density must be defined as a build property
I/Choreographer(  288): Skipped 93 frames!  The application may be doing too much work on its main thread.
I/dalvikvm-heap(  675): Grow heap (frag case) to 9.811MB for 6410576-byte allocation
D/dalvikvm(  288): GC_FOR_ALLOC freed 455K, 24% free 6324K/8308K, paused 168ms, total 210ms
I/dalvikvm-heap(  288): Grow heap (frag case) to 7.313MB for 1128976-byte allocation
D/dalvikvm(  457): GC_CONCURRENT freed 131K, 7% free 3675K/3924K, paused 12ms+3ms, total 142ms
D/dalvikvm(  288): GC_FOR_ALLOC freed 617K, 19% free 6810K/8308K, paused 134ms, total 134ms
I/ActivityManager(  288): Displayed com.android.launcher/com.android.launcher2.Launcher: +53s91ms
E/Trace   (  798): error opening trace file: No such file or directory (2)
I/Choreographer(  288): Skipped 237 frames!  The application may be doing too much work on its main thread.
D/dalvikvm(  288): GC_CONCURRENT freed 26K, 19% free 6802K/8308K, paused 22ms+37ms, total 618ms
D/Tethering(  288): MasterInitialState.processMessage what=3
I/Choreographer(  288): Skipped 78 frames!  The application may be doing too much work on its main thread.
I/Choreographer(  288): Skipped 32 frames!  The application may be doing too much work on its main thread.
D/PolideaInstrumentationTestRunner(  798): Creating the Test Runner with arguments: [coverage, class]
D/PolideaInstrumentationTestRunner(  798): Test runner is running with the following parameters:
D/PolideaInstrumentationTestRunner(  798): junitOutputDirectory: /data/data/org.jessies.dalvikexplorer/files
D/PolideaInstrumentationTestRunner(  798): junitOutputFilePostfix: -TEST.xml
D/PolideaInstrumentationTestRunner(  798): junitNoPackagePrefix: NO_PACKAGE
D/PolideaInstrumentationTestRunner(  798): junitSplitLevel: package
D/PolideaInstrumentationTestRunner(  798): junitSingleFileName: ALL-TEST.xml
D/PolideaInstrumentationTestRunner(  798): Creating output directory if it does not exist
D/PolideaInstrumentationTestRunner(  798): Created directory? false
D/PolideaInstrumentationTestRunner(  798): Deleting old files
D/PolideaInstrumentationTestRunner(  798): Deleting: [/data/data/org.jessies.dalvikexplorer/files/it.unina.android.ripper-TEST.xml]
V/        (  759): ready
V/RipperService(  759): PING
I/System.out(  798): EMMA: collecting runtime coverage data ...
D/dalvikvm(  798): GC_CONCURRENT freed 322K, 14% free 2528K/2908K, paused 44ms+12ms, total 93ms
D/PolideaInstrumentationTestRunner(  798): Getting android test runner
D/PolideaInstrumentationTestRunner(  798): JUnit test output enabled
W/dalvikvm(  798): method Landroid/test/InstrumentationTestRunner$StringResultPrinter;.print incorrectly overrides package-private method with same name in Ljunit/textui/ResultPrinter;
D/PolideaInstrumentationTestRunner(  798): Starting test: testApplication(it.unina.android.ripper.RipperTestCase)
I/TestRunner(  798): started: testApplication(it.unina.android.ripper.RipperTestCase)
V/AndroidRipperService(  759): onBind()
V/AndroidRipperService(  759): mHandler.handleMessage() RECIVED
V/AndroidRipperService(  759): broadcast()
V/AndroidRipperService(  759): broadcast() done
V/        (  759): ready
V/AndroidRipperService(  759): register()
V/AndroidRipperService(  759): onBind()
I/ActivityManager(  288): START u0 {act=android.intent.action.MAIN flg=0x10000000 cmp=org.jessies.dalvikexplorer/.DalvikExplorerActivity} from pid 798
D/PermissionCache(   37): checking android.permission.READ_FRAME_BUFFER for uid=1000 => granted (11657 us)
W/WindowManager(  288): Failure taking screenshot for (246x410) to layer 21000
D/dalvikvm(  675): GC_FOR_ALLOC freed 8K, 3% free 9986K/10292K, paused 865ms, total 1565ms
E/SurfaceFlinger(   37): ro.sf.lcd_density must be defined as a build property
I/Choreographer(  288): Skipped 50 frames!  The application may be doing too much work on its main thread.
D/dalvikvm(  675): GC_CONCURRENT freed <1K, 3% free 9986K/10292K, paused 9ms+64ms, total 184ms
D/dalvikvm(  675): WAIT_FOR_CONCURRENT_GC blocked 176ms
I/dalvikvm-heap(  675): Grow heap (frag case) to 12.501MB for 2828816-byte allocation
D/dalvikvm(  798): GC_FOR_ALLOC freed 61K, 10% free 2681K/2964K, paused 121ms, total 122ms
I/dalvikvm-heap(  798): Grow heap (frag case) to 3.280MB for 635812-byte allocation
D/dalvikvm(  798): GC_FOR_ALLOC freed <1K, 8% free 3302K/3588K, paused 67ms, total 67ms
D/dalvikvm(  675): GC_CONCURRENT freed 0K, 3% free 12749K/13056K, paused 7ms+4ms, total 185ms
D/dalvikvm(  675): WAIT_FOR_CONCURRENT_GC blocked 198ms
D/gralloc_goldfish(  675): Emulator without GPU emulation detected.
D/dalvikvm(  798): GC_CONCURRENT freed <1K, 8% free 3312K/3588K, paused 4ms+3ms, total 131ms
V/RipperService(  759): PING
V/AndroidRipperService(  759): mHandler.handleMessage() RECIVED
V/AndroidRipperService(  759): broadcast()
I/AndroidRipper(  798): Recived message: PING
V/RipperTestCase(  798): Not ready to operate!
V/AndroidRipperService(  759): broadcast() done
V/        (  759): ready
I/Choreographer(  675): Skipped 2843 frames!  The application may be doing too much work on its main thread.
E/NativeDaemonConnector.ResponseQueue(  288): Timeout waiting for response
E/VoldConnector(  288): timed-out waiting for response to 3 volume mount /mnt/sdcard
E/MountService(  288): Boot-time mount exception
E/MountService(  288): java.lang.NullPointerException
E/MountService(  288): 	at com.android.server.NativeDaemonConnectorException.getCode(NativeDaemonConnectorException.java:44)
E/MountService(  288): 	at com.android.server.MountService.doMountVolume(MountService.java:937)
E/MountService(  288): 	at com.android.server.MountService.handleSystemReady(MountService.java:527)
E/MountService(  288): 	at com.android.server.MountService.access$500(MountService.java:103)
E/MountService(  288): 	at com.android.server.MountService$MountServiceHandler.handleMessage(MountService.java:478)
E/MountService(  288): 	at android.os.Handler.dispatchMessage(Handler.java:99)
E/MountService(  288): 	at android.os.Looper.loop(Looper.java:137)
E/MountService(  288): 	at android.os.HandlerThread.run(HandlerThread.java:60)
E/SurfaceFlinger(   37): ro.sf.lcd_density must be defined as a build property
I/Choreographer(  798): Skipped 286 frames!  The application may be doing too much work on its main thread.
D/gralloc_goldfish(  798): Emulator without GPU emulation detected.
I/ActivityManager(  288): Displayed org.jessies.dalvikexplorer/.DalvikExplorerActivity: +2s872ms
V/RipperService(  759): PING
V/AndroidRipperService(  759): mHandler.handleMessage() RECIVED
V/AndroidRipperService(  759): broadcast()
I/AndroidRipper(  798): Recived message: PING
V/RipperTestCase(  798): Not ready to operate!
V/AndroidRipperService(  759): broadcast() done
V/        (  759): ready
E/SurfaceFlinger(   37): ro.sf.lcd_density must be defined as a build property
I/Choreographer(  457): Skipped 40 frames!  The application may be doing too much work on its main thread.
I/Choreographer(  675): Skipped 660 frames!  The application may be doing too much work on its main thread.
I/Choreographer(  457): Skipped 60 frames!  The application may be doing too much work on its main thread.
I/ActivityManager(  288): Start proc com.android.email for broadcast com.android.email/.service.EmailBroadcastReceiver: pid=817 uid=10019 gids={50019, 3003, 1015, 1028}
V/RipperService(  759): PING
V/AndroidRipperService(  759): mHandler.handleMessage() RECIVED
V/AndroidRipperService(  759): broadcast()
I/AndroidRipper(  798): Recived message: PING
V/RipperTestCase(  798): Not ready to operate!
V/AndroidRipperService(  759): broadcast() done
V/        (  759): ready
E/Trace   (  817): error opening trace file: No such file or directory (2)
I/AndroidRipper(  798): [RipperTestCase] Ready to operate after restarting...
I/ActivityManager(  288): Start proc com.android.exchange for service com.android.exchange/.ExchangeService: pid=834 uid=10032 gids={50032, 3003, 1015, 1028}
I/ActivityManager(  288): Start proc com.android.providers.calendar for broadcast com.android.providers.calendar/.CalendarReceiver: pid=845 uid=10023 gids={50023, 3003, 1015, 1028}
E/Trace   (  834): error opening trace file: No such file or directory (2)
E/Trace   (  845): error opening trace file: No such file or directory (2)
I/ActivityManager(  288): Start proc com.android.mms for broadcast com.android.mms/.transaction.MmsSystemEventReceiver: pid=866 uid=10029 gids={50029, 3003, 1015, 1028}
E/Trace   (  866): error opening trace file: No such file or directory (2)
D/dalvikvm(  288): GREF has increased to 501
D/ExchangeService(  834): !!! EAS ExchangeService, onCreate
D/CountryDetector(  288): The first listener is added
V/MmsConfig(  866): mnc/mcc: 310260
V/MmsConfig(  866): tag: bool value: enabledMMS - true
V/MmsConfig(  866): tag: int value: maxMessageSize - 307200
V/MmsConfig(  866): tag: int value: maxImageHeight - 480
V/MmsConfig(  866): tag: int value: maxImageWidth - 640
V/MmsConfig(  866): tag: int value: defaultSMSMessagesPerThread - 500
V/MmsConfig(  866): tag: int value: defaultMMSMessagesPerThread - 50
V/MmsConfig(  866): tag: int value: minMessageCountPerThread - 10
V/MmsConfig(  866): tag: int value: maxMessageCountPerThread - 5000
V/MmsConfig(  866): tag: string value: uaProfUrl - http://www.google.com/oha/rdf/ua-profile-kila.xml
V/MmsConfig(  866): tag: int value: recipientLimit - -1
V/MmsConfig(  866): tag: bool value: enableMultipartSMS - true
V/MmsConfig(  866): tag: int value: smsToMmsTextThreshold - -1
V/MmsConfig(  866): tag: bool value: enableSlideDuration - true
V/MmsConfig(  866): tag: int value: maxMessageTextSize - -1
D/Eas Debug(  834): Logging: 
D/Mms:app (  866): cancelNotification
D/ExchangeService(  834): !!! EAS ExchangeService, onStartCommand, startingUp = false, running = false
I/ActivityManager(  288): Start proc com.android.settings for broadcast com.android.settings/.widget.SettingsAppWidgetProvider: pid=893 uid=1000 gids={41000, 1015, 1028, 3002, 3001, 3003}
V/RipperService(  759): PING
V/AndroidRipperService(  759): mHandler.handleMessage() RECIVED
V/AndroidRipperService(  759): broadcast()
I/AndroidRipper(  798): Recived message: PING
V/AndroidRipperService(  759): send()
I/System.out(  759): {"type":"PONG","index":"6"}
V/AndroidRipperService(  759): broadcast() done
V/        (  759): ready
V/RipperService(  759): END
V/AndroidRipperService(  759): mHandler.handleMessage() RECIVED
V/AndroidRipperService(  759): broadcast()
I/AndroidRipper(  798): Recived message: END
V/AndroidRipperService(  759): broadcast() done
V/        (  759): ready
V/SERVER  (  759): ServerSocket on PORT 8888: offline
V/AndroidRipperService(  759): mHandler.handleMessage() DISCONNECTED
V/SERVER  (  759): Ready to accept connections on port: 8888
E/Trace   (  893): error opening trace file: No such file or directory (2)
V/AndroidRipperService(  759): unregister()
W/WindowManager(  288): Failure taking screenshot for (246x410) to layer 21005
I/Choreographer(  457): Skipped 85 frames!  The application may be doing too much work on its main thread.
I/Choreographer(  288): Skipped 90 frames!  The application may be doing too much work on its main thread.
E/SurfaceFlinger(   37): ro.sf.lcd_density must be defined as a build property
V/AndroidRipperService(  759): unregister()
W/ActivityManager(  288): Duplicate finish request for ActivityRecord{41025168 u0 org.jessies.dalvikexplorer/.DalvikExplorerActivity}
E/BluetoothAdapter(  893): Bluetooth binder is null
I/dalvikvm(  288): Jit: resizing JitTable from 4096 to 8192
D/dalvikvm(  798): JIT unchain all for threadid=13
E/BluetoothAdapter(  893): Bluetooth binder is null
D/dalvikvm(  798): JIT unchain all for threadid=13
D/dalvikvm(  798): GC_EXPLICIT freed 44K, 7% free 3346K/3584K, paused 396ms+296ms, total 788ms
D/dalvikvm(  798): JIT unchain all for threadid=13
D/ExchangeService(  834): !!! EAS ExchangeService, onStartCommand, startingUp = true, running = false
I/Choreographer(  457): Skipped 36 frames!  The application may be doing too much work on its main thread.
D/dalvikvm(  457): GC_FOR_ALLOC freed 206K, 7% free 3760K/4024K, paused 53ms, total 66ms
I/dalvikvm-heap(  457): Grow heap (frag case) to 4.218MB for 518416-byte allocation
D/dalvikvm(  798): JIT unchain all for threadid=13
D/dalvikvm(  798): GC_EXPLICIT freed 5K, 7% free 3341K/3584K, paused 266ms+278ms, total 588ms
D/PolideaInstrumentationTestRunner(  798): Finished test: testApplication(it.unina.android.ripper.RipperTestCase)
I/TestRunner(  798): finished: testApplication(it.unina.android.ripper.RipperTestCase)
I/TestRunner(  798): passed: testApplication(it.unina.android.ripper.RipperTestCase)
I/System.out(  798): EMMA: runtime coverage data written to [/data/data/org.jessies.dalvikexplorer/files/coverage.ec] {in 22 ms}
D/PolideaInstrumentationTestRunner(  798): Post processing
D/PolideaInstrumentationTestRunner(  798): Packages: 1
D/PolideaInstrumentationTestRunner(  798): Processing package package it.unina.android.ripper
D/PolideaInstrumentationTestRunner(  798): Writing to file /data/data/org.jessies.dalvikexplorer/files/it.unina.android.ripper-TEST.xml
D/PolideaInstrumentationTestRunner(  798): closing file
D/AndroidRuntime(  786): Shutting down VM
D/dalvikvm(  786): GC_CONCURRENT freed 95K, 18% free 462K/560K, paused 1ms+0ms, total 9ms
D/dalvikvm(  457): GC_CONCURRENT freed 11K, 7% free 4255K/4532K, paused 8ms+3ms, total 220ms
D/dalvikvm(  457): WAIT_FOR_CONCURRENT_GC blocked 55ms
D/dalvikvm(  457): GC_FOR_ALLOC freed <1K, 7% free 4255K/4532K, paused 57ms, total 58ms
I/dalvikvm-heap(  457): Grow heap (frag case) to 4.702MB for 518416-byte allocation
D/dalvikvm(  457): GC_CONCURRENT freed <1K, 6% free 4762K/5040K, paused 4ms+3ms, total 50ms
D/dalvikvm(  457): WAIT_FOR_CONCURRENT_GC blocked 25ms
I/ActivityManager(  288): Force stopping package org.jessies.dalvikexplorer appid=10048 user=0
I/ActivityManager(  288): Killing proc 798:org.jessies.dalvikexplorer/u0a10048: force stop org.jessies.dalvikexplorer
D/dalvikvm(  457): GREF has increased to 201
I/WindowState(  288): WIN DEATH: Window{40f42f28 u0 org.jessies.dalvikexplorer/org.jessies.dalvikexplorer.DalvikExplorerActivity}
I/Choreographer(  457): Skipped 173 frames!  The application may be doing too much work on its main thread.
I/Choreographer(  457): Skipped 78 frames!  The application may be doing too much work on its main thread.
D/dalvikvm(  457): GC_FOR_ALLOC freed 23K, 3% free 5400K/5548K, paused 23ms, total 25ms
I//system/bin/fsck_msdos(   32): Attempting to allocate 2044 KB for FAT
I/Zygote  (   38): ...preloaded 270 resources in 10163ms.
D/dalvikvm(   38): GC_EXPLICIT freed 48K, 25% free 2369K/3156K, paused 14ms+8ms, total 254ms
I/Zygote  (   38): ...preloaded 31 resources in 419ms.
D/dalvikvm(   38): GC_EXPLICIT freed 9K, 25% free 2377K/3156K, paused 3ms+3ms, total 102ms
D/dalvikvm(   38): GC_EXPLICIT freed 7K, 25% free 2369K/3156K, paused 44ms+42ms, total 130ms
D/dalvikvm(   38): GC_EXPLICIT freed <1K, 25% free 2369K/3156K, paused 2ms+16ms, total 107ms
I/dalvikvm(   38): System server process 302 has been created
I/Zygote  (   38): Accepting command socket connections
E/BatteryService(  302): usbOnlinePath not found
E/BatteryService(  302): wirelessOnlinePath not found
E/BatteryService(  302): batteryVoltagePath not found
E/BatteryService(  302): batteryTemperaturePath not found
I/sysproc (  302): Entered system_init()
I/sysproc (  302): ServiceManager: 0x2a164130
D/SensorService(  302): nuSensorService starting...
I/SensorService(  302): Goldfish 3-axis Accelerometer
I/SensorService(  302): Goldfish 3-axis Magnetic field sensor
I/SensorService(  302): Goldfish Orientation sensor
I/SensorService(  302): Goldfish Temperature sensor
I/SensorService(  302): Goldfish Proximity sensor
D/SensorService(  302): nuSensorService thread starting...
I/sysproc (  302): System server: starting Android runtime.
I/sysproc (  302): System server: starting Android services.
I/SystemServer(  302): Entered the Android system server!
I/sysproc (  302): System server: entering thread pool.
I/SystemServer(  302): Enabled StrictMode logging for UI Looper
I/SystemServer(  302): Waiting for installd to be ready.
I/Installer(  302): connecting...
I/installd(   41): new connection
I/SystemServer(  302): Entropy Mixer
I/SystemServer(  302): Enabled StrictMode logging for WM Looper
I/SystemServer(  302): Power Manager
E/PowerManagerService-JNI(  302): Couldn't load power module (No such file or directory)
I/SystemServer(  302): Activity Manager
I/ActivityManager(  302): Memory class: 48
W/UsageStats(  302): Usage stats version changed; dropping
I/ActivityManager(  302): Enabled StrictMode logging for AThread's Looper
I/SystemServer(  302): Display Manager
E/SurfaceFlinger(   37): ro.sf.lcd_density must be defined as a build property
I/DisplayManagerService(  302): Display device added: DisplayDeviceInfo{"Built-in Screen": 480 x 800, 260.416 fps, density 240, 240.0 x 240.0 dpi, touch INTERNAL, FLAG_DEFAULT_DISPLAY, FLAG_ROTATES_WITH_CONTENT, FLAG_SECURE, FLAG_SUPPORTS_PROTECTED_BUFFERS, rotation 0, type BUILT_IN, address null}
I/SystemServer(  302): Telephony Registry
I/SystemServer(  302): Scheduling Policy
I/SystemServer(  302): Package Manager
D/dalvikvm(  302): GC_CONCURRENT freed 226K, 11% free 2562K/2848K, paused 4ms+4ms, total 113ms
D/dalvikvm(  302): GC_CONCURRENT freed 237K, 10% free 2721K/3016K, paused 44ms+64ms, total 171ms
W/PackageManager(  302): Running ENG build: no pre-dexopt!
D/dalvikvm(  302): GC_CONCURRENT freed 219K, 9% free 2903K/3180K, paused 5ms+4ms, total 60ms
W/PackageParser(  302): No actions in intent filter at /system/app/Contacts.apk Binary XML file line #533
D/dalvikvm(  302): GC_CONCURRENT freed 202K, 6% free 3165K/3360K, paused 34ms+16ms, total 256ms
D/dalvikvm(  302): GC_CONCURRENT freed 232K, 8% free 3323K/3612K, paused 4ms+7ms, total 198ms
W/PackageManager(  302): Package com.android.camera desires unavailable shared library com.google.android.media.effects; ignoring!
D/PackageManager(  302): No files in app dir /vendor/app
D/dalvikvm(  302): GC_CONCURRENT freed 219K, 8% free 3577K/3852K, paused 4ms+19ms, total 104ms
W/PackageParser(  302): No actions in intent filter at /data/app/ApiDemos.apk Binary XML file line #2737
W/PackageParser(  302): No actions in intent filter at /data/app/ApiDemos.apk Binary XML file line #2743
W/PackageManager(  302): Package com.example.android.apis desires unavailable shared library com.example.will.never.exist; ignoring!
I/PackageParser(  302): net.fercanet.LNM: compat added android.permission.READ_PHONE_STATE
I/PackageManager(  302): Time to scan packages: 4.627 seconds
W/PackageManager(  302): Unknown permission com.google.android.googleapps.permission.GOOGLE_AUTH.mail in package com.android.contacts
W/PackageManager(  302): Unknown permission android.permission.ADD_SYSTEM_SERVICE in package com.android.phone
W/PackageManager(  302): Unknown permission com.android.smspush.WAPPUSH_MANAGER_BIND in package com.android.phone
W/PackageManager(  302): Unknown permission com.google.android.googleapps.permission.GOOGLE_AUTH in package com.android.providers.calendar
W/PackageManager(  302): Unknown permission com.google.android.googleapps.permission.GOOGLE_AUTH.cl in package com.android.providers.calendar
W/PackageManager(  302): Unknown permission com.google.android.googleapps.permission.GOOGLE_AUTH.mail in package com.android.calendar
W/PackageManager(  302): Not granting permission android.permission.SEND_DOWNLOAD_COMPLETED_INTENTS to package com.android.browser (protectionLevel=2 flags=0x9be45)
W/PackageManager(  302): Not granting permission android.permission.BIND_APPWIDGET to package com.android.widgetpreview (protectionLevel=18 flags=0x8be44)
W/PackageManager(  302): Unknown permission com.google.android.googleapps.permission.GOOGLE_AUTH in package com.android.settings
W/PackageManager(  302): Unknown permission com.google.android.gallery3d.permission.GALLERY_PROVIDER in package com.android.exchange
W/PackageManager(  302): Unknown permission com.google.android.googleapps.permission.ACCESS_GOOGLE_PASSWORD in package com.android.development
W/PackageManager(  302): Unknown permission com.google.android.googleapps.permission.GOOGLE_AUTH in package com.android.development
W/PackageManager(  302): Unknown permission com.google.android.googleapps.permission.GOOGLE_AUTH.ALL_SERVICES in package com.android.development
W/PackageManager(  302): Unknown permission com.google.android.googleapps.permission.GOOGLE_AUTH.YouTubeUser in package com.android.development
W/PackageManager(  302): Unknown permission com.google.android.gallery3d.permission.GALLERY_PROVIDER in package com.android.email
W/PackageManager(  302): Not granting permission android.permission.DEVICE_POWER to package com.android.deskclock (protectionLevel=2 flags=0x8be45)
D/dalvikvm(  302): GC_CONCURRENT freed 281K, 9% free 3754K/4092K, paused 4ms+16ms, total 264ms
D/dalvikvm(  302): GC_EXPLICIT freed 235K, 12% free 3630K/4124K, paused 3ms+3ms, total 177ms
I/SystemServer(  302): User Service
I/SystemServer(  302): Account Manager
I/SystemServer(  302): Content Manager
I/SystemServer(  302): System Content Providers
I/SystemServer(  302): Lights Service
I/SystemServer(  302): Battery Service
I/SystemServer(  302): Vibrator Service
I/libsuspend(  302): Selected early suspend
I/libsuspend(  302): Starting early suspend unblocker thread
D/PermissionCache(   37): checking android.permission.ACCESS_SURFACE_FLINGER for uid=1000 => granted (2105 us)
D/SurfaceFlinger(   37): Screen acquired, type=0 flinger=0x2a007318
D/SurfaceFlinger(   37):  screen was previously acquired
I/SystemServer(  302): Alarm Manager
D/AlarmManagerService(  302): Kernel timezone updated to 0 minutes west of GMT
I/SystemServer(  302): Init Watchdog
I/SystemServer(  302): Input Manager
I/InputManager(  302): Initializing input manager, mUseDevInputEventForAudioJack=false
I/SystemServer(  302): Window Manager
E/SoundPool(  302): error loading /system/media/audio/ui/Lock.ogg
W/KeyguardViewMediator(  302): failed to load lock sound from /system/media/audio/ui/Lock.ogg
E/SoundPool(  302): error loading /system/media/audio/ui/Unlock.ogg
W/KeyguardViewMediator(  302): failed to load unlock sound from /system/media/audio/ui/Unlock.ogg
I/InputManager(  302): Starting input manager
I/SystemServer(  302): No Bluetooh Service (emulator)
