I/ActivityManager(  282): Displayed net.fercanet.LNM/.MainMenu: +1s787ms
V/RipperService(  799): PING
V/AndroidRipperService(  799): mHandler.handleMessage() RECIVED
V/AndroidRipperService(  799): broadcast()
I/AndroidRipper(  831): Recived message: PING
V/RipperTestCase(  831): Not ready to operate!
V/AndroidRipperService(  799): broadcast() done
V/        (  799): ready
I/AndroidRipper(  831): [RipperTestCase] Ready to operate after restarting...
V/RipperService(  799): PING
V/AndroidRipperService(  799): mHandler.handleMessage() RECIVED
V/AndroidRipperService(  799): broadcast()
I/AndroidRipper(  831): Recived message: PING
V/AndroidRipperService(  799): send()
I/System.out(  799): {"type":"PONG","index":"4"}
V/AndroidRipperService(  799): broadcast() done
V/        (  799): ready
V/RipperService(  799): END
V/AndroidRipperService(  799): mHandler.handleMessage() RECIVED
V/AndroidRipperService(  799): broadcast()
I/AndroidRipper(  831): Recived message: END
V/AndroidRipperService(  799): broadcast() done
V/        (  799): ready
V/SERVER  (  799): ServerSocket on PORT 8888: offline
V/AndroidRipperService(  799): mHandler.handleMessage() DISCONNECTED
V/SERVER  (  799): Ready to accept connections on port: 8888
V/AndroidRipperService(  799): unregister()
W/WindowManager(  282): Failure taking screenshot for (246x410) to layer 21005
V/AndroidRipperService(  799): unregister()
W/ActivityManager(  282): Duplicate finish request for ActivityRecord{40f64390 u0 net.fercanet.LNM/.MainMenu}
D/dalvikvm(  831): GC_EXPLICIT freed 42K, 8% free 3271K/3544K, paused 6ms+4ms, total 73ms
D/dalvikvm(  831): GC_EXPLICIT freed 4K, 8% free 3268K/3544K, paused 8ms+13ms, total 113ms
D/PolideaInstrumentationTestRunner(  831): Finished test: testApplication(it.unina.android.ripper.RipperTestCase)
I/TestRunner(  831): finished: testApplication(it.unina.android.ripper.RipperTestCase)
I/TestRunner(  831): passed: testApplication(it.unina.android.ripper.RipperTestCase)
I/System.out(  831): EMMA: runtime coverage data written to [/data/data/net.fercanet.LNM/files/coverage.ec] {in 48 ms}
D/PolideaInstrumentationTestRunner(  831): Post processing
D/PolideaInstrumentationTestRunner(  831): Packages: 1
D/PolideaInstrumentationTestRunner(  831): Processing package package it.unina.android.ripper
D/PolideaInstrumentationTestRunner(  831): Writing to file /data/data/net.fercanet.LNM/files/it.unina.android.ripper-TEST.xml
D/PolideaInstrumentationTestRunner(  831): closing file
D/AndroidRuntime(  820): Shutting down VM
D/dalvikvm(  820): GC_CONCURRENT freed 95K, 18% free 462K/560K, paused 1ms+1ms, total 8ms
I/ActivityManager(  282): Force stopping package net.fercanet.LNM appid=10048 user=0
I/ActivityManager(  282): Killing proc 831:net.fercanet.LNM/u0a10048: force stop net.fercanet.LNM
I/WindowState(  282): WIN DEATH: Window{40ed8170 u0 net.fercanet.LNM/net.fercanet.LNM.MainMenu EXITING}
I/Choreographer(  397): Skipped 179 frames!  The application may be doing too much work on its main thread.
E/SurfaceFlinger(   37): ro.sf.lcd_density must be defined as a build property
W/WindowManager(  282): Rebuild removed 2 windows but added 1
W/WindowManager(  282): This window was lost: Window{40ed8170 u0 net.fercanet.LNM/net.fercanet.LNM.MainMenu}
W/WindowManager(  282): mDisplayId=0 mSession=Session{40e53ab0 831:u0a10048} mClient=android.os.BinderProxy@40e6d390
W/WindowManager(  282): mOwnerUid=10048 mShowToOwnerOnly=true
W/WindowManager(  282): mAttrs=WM.LayoutParams{(0,0)(fillxfill) sim=#120 ty=1 fl=#8010100 pfl=0x8 wanim=0x1030001}
W/WindowManager(  282): Requested w=480 h=800 mLayoutSeq=50
W/WindowManager(  282): mBaseLayer=21000 mSubLayer=0 mAnimLayer=21000+0=21000 mLastLayer=0
W/WindowManager(  282): mToken=AppWindowToken{41109948 token=Token{40f5a0d0 ActivityRecord{40f64390 u0 net.fercanet.LNM/.MainMenu}}}
W/WindowManager(  282): mRootToken=AppWindowToken{41109948 token=Token{40f5a0d0 ActivityRecord{40f64390 u0 net.fercanet.LNM/.MainMenu}}}
W/WindowManager(  282): mAppToken=AppWindowToken{41109948 token=Token{40f5a0d0 ActivityRecord{40f64390 u0 net.fercanet.LNM/.MainMenu}}}
W/WindowManager(  282): mViewVisibility=0x8 mHaveFrame=true mObscured=true
W/WindowManager(  282): mSeq=0 mSystemUiVisibility=0x0
W/WindowManager(  282): mPolicyVisibility=false mPolicyVisibilityAfterAnim=false mAttachedHidden=false
W/WindowManager(  282): mGivenContentInsets=[0,0][0,0] mGivenVisibleInsets=[0,0][0,0]
W/WindowManager(  282): mConfiguration={1.0 310mcc260mnc en_US ldltr sw320dp w320dp h508dp 240dpi nrml long port finger -keyb/v/h tball/v s.6}
W/WindowManager(  282): mHasSurface=true mShownFrame=[0.0,0.0][480.0,800.0] isReadyForDisplay()=false
W/WindowManager(  282): mFrame=[0,0][480,800] last=[0,0][480,800]
W/WindowManager(  282): mSystemDecorRect=[0,38][480,800] last=[0,38][480,800]
W/WindowManager(  282): Frames: containing=[0,0][480,800] parent=[0,0][480,800] display=[0,0][480,800]
W/WindowManager(  282):     content=[0,38][480,800] visible=[0,38][480,800]
W/WindowManager(  282): Cur insets: content=[0,38][0,0] visible=[0,38][0,0]
W/WindowManager(  282): Lst insets: content=[0,38][0,0] visible=[0,38][0,0]
W/WindowManager(  282): WindowStateAnimator{4118b360 net.fercanet.LNM/net.fercanet.LNM.MainMenu}:
W/WindowManager(  282):   mSurface=Surface(name=net.fercanet.LNM/net.fercanet.LNM.MainMenu, identity=18)
W/WindowManager(  282):   mDrawState=HAS_DRAWN mLastHidden=true
W/WindowManager(  282):   Surface: shown=false layer=21005 alpha=0.0 rect=(0.0,0.0) 480.0 x 800.0
W/WindowManager(  282):   mShownAlpha=1.0 mAlpha=1.0 mLastAlpha=-1.0
W/WindowManager(  282):   mGlobalScale=1.0 mDsDx=1.0 mDtDx=0.0 mDsDy=0.0 mDtDy=1.0
W/WindowManager(  282): mExiting=false mRemoveOnExit=false mDestroying=true mRemoved=false
W/WindowManager(  282): Current app token list:
V/WindowManager(  282):   #0: Token{40f61740 ActivityRecord{40f611b8 u0 com.android.launcher/com.android.launcher2.Launcher}}
W/WindowManager(  282): Final window list:
V/WindowManager(  282):   #0: Window{40ea4928 u0 StatusBar}
V/WindowManager(  282):   #1: Window{40eefb30 u0 Keyguard}
V/WindowManager(  282):   #2: Window{40fdc3e0 u0 com.android.launcher/com.android.launcher2.Launcher}
V/WindowManager(  282):   #3: Window{40fdcac8 u0 com.android.systemui.ImageWallpaper}
W/Resources(   38): Preloaded drawable resource #0x1080276 (android:drawable/fastscroll_label_right_holo_dark) that varies with configuration!!
D/dalvikvm(   38): GC_EXPLICIT freed 50K, 26% free 2357K/3156K, paused 2ms+10ms, total 111ms
W/Resources(   38): Preloaded drawable resource #0x1080280 (android:drawable/fastscroll_track_pressed_holo_light) that varies with configuration!!
W/Resources(   38): Preloaded drawable resource #0x108027c (android:drawable/fastscroll_track_default_holo_light) that varies with configuration!!
W/Resources(   38): Preloaded drawable resource #0x108027c (android:drawable/fastscroll_track_default_holo_light) that varies with configuration!!
W/Resources(   38): Preloaded drawable resource #0x1080280 (android:drawable/fastscroll_track_pressed_holo_light) that varies with configuration!!
W/Resources(   38): Preloaded drawable resource #0x108027c (android:drawable/fastscroll_track_default_holo_light) that varies with configuration!!
W/Resources(   38): Preloaded drawable resource #0x1080275 (android:drawable/fastscroll_label_left_holo_light) that varies with configuration!!
D/dalvikvm(   38): GC_EXPLICIT freed 57K, 26% free 2359K/3156K, paused 2ms+2ms, total 197ms
W/Resources(   38): Preloaded drawable resource #0x1080277 (android:drawable/fastscroll_label_right_holo_light) that varies with configuration!!
D/dalvikvm(   38): WAIT_FOR_CONCURRENT_GC blocked 1ms
D/dalvikvm(   38): GC_EXPLICIT freed 50K, 26% free 2358K/3156K, paused 2ms+3ms, total 119ms
W/Resources(   38): Preloaded drawable resource #0x1080259 (android:drawable/editbox_dropdown_background_dark) that varies with configuration!!
W/Resources(   38): Preloaded drawable resource #0x10805f8 (android:drawable/textfield_search_selected_holo_dark) that varies with configuration!!
W/Resources(   38): Preloaded drawable resource #0x10805ec (android:drawable/textfield_search_default_holo_dark) that varies with configuration!!
W/Resources(   38): Preloaded drawable resource #0x10805ec (android:drawable/textfield_search_default_holo_dark) that varies with configuration!!
W/Resources(   38): Preloaded drawable resource #0x10805f5 (android:drawable/textfield_search_right_selected_holo_dark) that varies with configuration!!
W/Resources(   38): Preloaded drawable resource #0x10805f3 (android:drawable/textfield_search_right_default_holo_dark) that varies with configuration!!
W/Resources(   38): Preloaded drawable resource #0x10805f3 (android:drawable/textfield_search_right_default_holo_dark) that varies with configuration!!
W/Resources(   38): Preloaded drawable resource #0x10805f9 (android:drawable/textfield_search_selected_holo_light) that varies with configuration!!
W/Resources(   38): Preloaded drawable resource #0x10805ed (android:drawable/textfield_search_default_holo_light) that varies with configuration!!
W/Resources(   38): Preloaded drawable resource #0x10805ed (android:drawable/textfield_search_default_holo_light) that varies with configuration!!
W/Resources(   38): Preloaded drawable resource #0x10805f6 (android:drawable/textfield_search_right_selected_holo_light) that varies with configuration!!
W/Resources(   38): Preloaded drawable resource #0x10805f4 (android:drawable/textfield_search_right_default_holo_light) that varies with configuration!!
W/Resources(   38): Preloaded drawable resource #0x10805f4 (android:drawable/textfield_search_right_default_holo_light) that varies with configuration!!
W/Resources(   38): Preloaded drawable resource #0x10805f8 (android:drawable/textfield_search_selected_holo_dark) that varies with configuration!!
W/Resources(   38): Preloaded drawable resource #0x10805ec (android:drawable/textfield_search_default_holo_dark) that varies with configuration!!
W/Resources(   38): Preloaded drawable resource #0x10805f5 (android:drawable/textfield_search_right_selected_holo_dark) that varies with configuration!!
W/Resources(   38): Preloaded drawable resource #0x10805f3 (android:drawable/textfield_search_right_default_holo_dark) that varies with configuration!!
W/Resources(   38): Preloaded drawable resource #0x10805f9 (android:drawable/textfield_search_selected_holo_light) that varies with configuration!!
W/Resources(   38): Preloaded drawable resource #0x10805ed (android:drawable/textfield_search_default_holo_light) that varies with configuration!!
W/Resources(   38): Preloaded drawable resource #0x10805f6 (android:drawable/textfield_search_right_selected_holo_light) that varies with configuration!!
W/Resources(   38): Preloaded drawable resource #0x10805f4 (android:drawable/textfield_search_right_default_holo_light) that varies with configuration!!
D/dalvikvm(   38): GC_EXPLICIT freed 47K, 26% free 2364K/3156K, paused 6ms+3ms, total 169ms
W/Resources(   38): Preloaded drawable resource #0x10805c1 (android:drawable/tab_unselected_holo) that varies with configuration!!
W/Resources(   38): Preloaded drawable resource #0x10805bc (android:drawable/tab_selected_holo) that varies with configuration!!
W/Resources(   38): Preloaded drawable resource #0x10805c0 (android:drawable/tab_unselected_focused_holo) that varies with configuration!!
W/Resources(   38): Preloaded drawable resource #0x10805bb (android:drawable/tab_selected_focused_holo) that varies with configuration!!
W/Resources(   38): Preloaded drawable resource #0x10805c2 (android:drawable/tab_unselected_pressed_holo) that varies with configuration!!
W/Resources(   38): Preloaded drawable resource #0x10805bd (android:drawable/tab_selected_pressed_holo) that varies with configuration!!
W/Resources(   38): Preloaded drawable resource #0x10805c2 (android:drawable/tab_unselected_pressed_holo) that varies with configuration!!
W/Resources(   38): Preloaded drawable resource #0x10805bd (android:drawable/tab_selected_pressed_holo) that varies with configuration!!
W/Resources(   38): Preloaded drawable resource #0x10805bd (android:drawable/tab_selected_pressed_holo) that varies with configuration!!
W/Resources(   38): Preloaded drawable resource #0x10805c1 (android:drawable/tab_unselected_holo) that varies with configuration!!
W/Resources(   38): Preloaded drawable resource #0x10805bc (android:drawable/tab_selected_holo) that varies with configuration!!
W/Resources(   38): Preloaded drawable resource #0x10805c0 (android:drawable/tab_unselected_focused_holo) that varies with configuration!!
W/Resources(   38): Preloaded drawable resource #0x10805bb (android:drawable/tab_selected_focused_holo) that varies with configuration!!
W/Resources(   38): Preloaded drawable resource #0x10805c2 (android:drawable/tab_unselected_pressed_holo) that varies with configuration!!
W/Resources(   38): Preloaded drawable resource #0x10805bd (android:drawable/tab_selected_pressed_holo) that varies with configuration!!
W/Resources(   38): Preloaded drawable resource #0x10804a5 (android:drawable/quickcontact_badge_overlay_pressed_dark) that varies with configuration!!
W/Resources(   38): Preloaded drawable resource #0x10804a0 (android:drawable/quickcontact_badge_overlay_focused_dark) that varies with configuration!!
W/Resources(   38): Preloaded drawable resource #0x10804a3 (android:drawable/quickcontact_badge_overlay_normal_dark) that varies with configuration!!
W/Resources(   38): Preloaded drawable resource #0x10804a3 (android:drawable/quickcontact_badge_overlay_normal_dark) that varies with configuration!!
W/Resources(   38): Preloaded drawable resource #0x10804a3 (android:drawable/quickcontact_badge_overlay_normal_dark) that varies with configuration!!
D/dalvikvm(   38): GC_EXPLICIT freed 56K, 26% free 2365K/3156K, paused 3ms+4ms, total 60ms
W/Resources(   38): Preloaded drawable resource #0x10804a5 (android:drawable/quickcontact_badge_overlay_pressed_dark) that varies with configuration!!
W/Resources(   38): Preloaded drawable resource #0x10804a6 (android:drawable/quickcontact_badge_overlay_pressed_light) that varies with configuration!!
W/Resources(   38): Preloaded drawable resource #0x10804a1 (android:drawable/quickcontact_badge_overlay_focused_light) that varies with configuration!!
W/Resources(   38): Preloaded drawable resource #0x10804a4 (android:drawable/quickcontact_badge_overlay_normal_light) that varies with configuration!!
W/Resources(   38): Preloaded drawable resource #0x10804a4 (android:drawable/quickcontact_badge_overlay_normal_light) that varies with configuration!!
W/Resources(   38): Preloaded drawable resource #0x10804a4 (android:drawable/quickcontact_badge_overlay_normal_light) that varies with configuration!!
W/Resources(   38): Preloaded drawable resource #0x10804a6 (android:drawable/quickcontact_badge_overlay_pressed_light) that varies with configuration!!
I/Zygote  (   38): ...preloaded 270 resources in 11181ms.
D/dalvikvm(   38): GC_EXPLICIT freed 48K, 25% free 2369K/3156K, paused 3ms+3ms, total 40ms
I/Zygote  (   38): ...preloaded 31 resources in 95ms.
D/dalvikvm(   38): GC_EXPLICIT freed 9K, 25% free 2377K/3156K, paused 3ms+3ms, total 52ms
D/dalvikvm(   38): GC_EXPLICIT freed 7K, 25% free 2369K/3156K, paused 3ms+12ms, total 51ms
D/dalvikvm(   38): GC_EXPLICIT freed <1K, 25% free 2369K/3156K, paused 2ms+3ms, total 39ms
I/dalvikvm(   38): System server process 327 has been created
I/Zygote  (   38): Accepting command socket connections
E/BatteryService(  327): usbOnlinePath not found
E/BatteryService(  327): wirelessOnlinePath not found
E/BatteryService(  327): batteryVoltagePath not found
E/BatteryService(  327): batteryTemperaturePath not found
I/sysproc (  327): Entered system_init()
I/sysproc (  327): ServiceManager: 0x2a1a0948
D/SensorService(  327): nuSensorService starting...
I/SensorService(  327): Goldfish 3-axis Accelerometer
I/SensorService(  327): Goldfish 3-axis Magnetic field sensor
I/SensorService(  327): Goldfish Orientation sensor
I/SensorService(  327): Goldfish Temperature sensor
I/SensorService(  327): Goldfish Proximity sensor
I/sysproc (  327): System server: starting Android runtime.
I/sysproc (  327): System server: starting Android services.
I/SystemServer(  327): Entered the Android system server!
I/sysproc (  327): System server: entering thread pool.
D/SensorService(  327): nuSensorService thread starting...
I/SystemServer(  327): Enabled StrictMode logging for UI Looper
I/SystemServer(  327): Waiting for installd to be ready.
I/Installer(  327): connecting...
I/installd(   41): new connection
I/SystemServer(  327): Entropy Mixer
I/SystemServer(  327): Enabled StrictMode logging for WM Looper
I/SystemServer(  327): Power Manager
E/PowerManagerService-JNI(  327): Couldn't load power module (No such file or directory)
I/SystemServer(  327): Activity Manager
I/ActivityManager(  327): Memory class: 48
W/UsageStats(  327): Usage stats version changed; dropping
I/ActivityManager(  327): Enabled StrictMode logging for AThread's Looper
I/SystemServer(  327): Display Manager
E/SurfaceFlinger(   37): ro.sf.lcd_density must be defined as a build property
I/DisplayManagerService(  327): Display device added: DisplayDeviceInfo{"Built-in Screen": 480 x 800, 260.416 fps, density 240, 240.0 x 240.0 dpi, touch INTERNAL, FLAG_DEFAULT_DISPLAY, FLAG_ROTATES_WITH_CONTENT, FLAG_SECURE, FLAG_SUPPORTS_PROTECTED_BUFFERS, rotation 0, type BUILT_IN, address null}
I/SystemServer(  327): Telephony Registry
I/SystemServer(  327): Scheduling Policy
I/SystemServer(  327): Package Manager
D/dalvikvm(  327): GC_CONCURRENT freed 306K, 13% free 2552K/2924K, paused 4ms+45ms, total 167ms
W/PackageManager(  327): Running ENG build: no pre-dexopt!
D/dalvikvm(  327): GC_CONCURRENT freed 273K, 11% free 2703K/3032K, paused 5ms+2ms, total 180ms
D/dalvikvm(  327): GC_CONCURRENT freed 134K, 7% free 2984K/3176K, paused 4ms+5ms, total 228ms
W/PackageParser(  327): No actions in intent filter at /system/app/Contacts.apk Binary XML file line #533
D/dalvikvm(  327): GC_CONCURRENT freed 243K, 9% free 3158K/3460K, paused 5ms+29ms, total 81ms
D/dalvikvm(  327): GC_CONCURRENT freed 206K, 8% free 3347K/3608K, paused 5ms+5ms, total 107ms
W/PackageManager(  327): Package com.android.camera desires unavailable shared library com.google.android.media.effects; ignoring!
D/PackageManager(  327): No files in app dir /vendor/app
D/dalvikvm(  327): GC_CONCURRENT freed 214K, 8% free 3549K/3820K, paused 6ms+7ms, total 130ms
W/PackageParser(  327): No actions in intent filter at /data/app/ApiDemos.apk Binary XML file line #2737
W/PackageParser(  327): No actions in intent filter at /data/app/ApiDemos.apk Binary XML file line #2743
W/PackageManager(  327): Package com.example.android.apis desires unavailable shared library com.example.will.never.exist; ignoring!
I/PackageParser(  327): es.senselesssolutions.gpl.weightchart: compat added android.permission.READ_PHONE_STATE
I/PackageManager(  327): Time to scan packages: 5.104 seconds
W/PackageManager(  327): Unknown permission com.google.android.googleapps.permission.GOOGLE_AUTH.mail in package com.android.contacts
W/PackageManager(  327): Unknown permission android.permission.ADD_SYSTEM_SERVICE in package com.android.phone
W/PackageManager(  327): Unknown permission com.android.smspush.WAPPUSH_MANAGER_BIND in package com.android.phone
W/PackageManager(  327): Unknown permission com.google.android.googleapps.permission.GOOGLE_AUTH in package com.android.providers.calendar
W/PackageManager(  327): Unknown permission com.google.android.googleapps.permission.GOOGLE_AUTH.cl in package com.android.providers.calendar
W/PackageManager(  327): Unknown permission com.google.android.googleapps.permission.GOOGLE_AUTH.mail in package com.android.calendar
W/PackageManager(  327): Not granting permission android.permission.SEND_DOWNLOAD_COMPLETED_INTENTS to package com.android.browser (protectionLevel=2 flags=0x9be45)
W/PackageManager(  327): Not granting permission android.permission.BIND_APPWIDGET to package com.android.widgetpreview (protectionLevel=18 flags=0x8be44)
W/PackageManager(  327): Unknown permission com.google.android.googleapps.permission.GOOGLE_AUTH in package com.android.settings
W/PackageManager(  327): Unknown permission com.google.android.gallery3d.permission.GALLERY_PROVIDER in package com.android.exchange
W/PackageManager(  327): Unknown permission com.google.android.googleapps.permission.ACCESS_GOOGLE_PASSWORD in package com.android.development
W/PackageManager(  327): Unknown permission com.google.android.googleapps.permission.GOOGLE_AUTH in package com.android.development
W/PackageManager(  327): Unknown permission com.google.android.googleapps.permission.GOOGLE_AUTH.ALL_SERVICES in package com.android.development
W/PackageManager(  327): Unknown permission com.google.android.googleapps.permission.GOOGLE_AUTH.YouTubeUser in package com.android.development
W/PackageManager(  327): Unknown permission com.google.android.gallery3d.permission.GALLERY_PROVIDER in package com.android.email
W/PackageManager(  327): Not granting permission android.permission.DEVICE_POWER to package com.android.deskclock (protectionLevel=2 flags=0x8be45)
D/dalvikvm(  327): GC_CONCURRENT freed 274K, 9% free 3756K/4088K, paused 5ms+56ms, total 360ms
D/dalvikvm(  327): GC_EXPLICIT freed 196K, 13% free 3625K/4120K, paused 3ms+5ms, total 171ms
I/SystemServer(  327): User Service
I/SystemServer(  327): Account Manager
I/SystemServer(  327): Content Manager
I/SystemServer(  327): System Content Providers
I/SystemServer(  327): Lights Service
I/SystemServer(  327): Battery Service
I/SystemServer(  327): Vibrator Service
I/libsuspend(  327): Selected early suspend
I/libsuspend(  327): Starting early suspend unblocker thread
D/PermissionCache(   37): checking android.permission.ACCESS_SURFACE_FLINGER for uid=1000 => granted (2944 us)
D/SurfaceFlinger(   37): Screen acquired, type=0 flinger=0x2a007318
D/SurfaceFlinger(   37):  screen was previously acquired
I/SystemServer(  327): Alarm Manager
D/AlarmManagerService(  327): Kernel timezone updated to 0 minutes west of GMT
I/SystemServer(  327): Init Watchdog
I/SystemServer(  327): Input Manager
I/InputManager(  327): Initializing input manager, mUseDevInputEventForAudioJack=false
I/SystemServer(  327): Window Manager
E/SoundPool(  327): error loading /system/media/audio/ui/Lock.ogg
W/KeyguardViewMediator(  327): failed to load lock sound from /system/media/audio/ui/Lock.ogg
E/SoundPool(  327): error loading /system/media/audio/ui/Unlock.ogg
W/KeyguardViewMediator(  327): failed to load unlock sound from /system/media/audio/ui/Unlock.ogg
I/InputManager(  327): Starting input manager
I/SystemServer(  327): No Bluetooh Service (emulator)
I/SystemServer(  327): Input Method Service
W/InputMethodManagerService(  327): Couldn't create dir.: /data/system/inputmethod
I/EventHub(  327): New device: id=1, fd=89, path='/dev/input/event0', name='qwerty2', classes=0x2d, configuration='/system/usr/idc/qwerty2.idc', keyLayout='/system/usr/keylayout/qwerty.kl', keyCharacterMap='/system/usr/keychars/qwerty2.kcm', builtinKeyboard=true, usingSuspendBlockIoctl=false, usingClockIoctl=false
E/EventHub(  327): could not get driver version for /dev/input/mouse0, Not a typewriter
E/EventHub(  327): could not get driver version for /dev/input/mice, Not a typewriter
I/InputReader(  327): Device added: id=-1, name='Virtual', sources=0x00000301
I/InputReader(  327):   Touch device 'qwerty2' could not query the properties of its associated display.  The device will be inoperable until the display size becomes available.
I/InputReader(  327): Device added: id=0, name='qwerty2', sources=0x00011307
E/Trace   (  327): error opening trace file: No such file or directory (2)
D/dalvikvm(  327): GC_CONCURRENT freed 291K, 9% free 3840K/4200K, paused 5ms+4ms, total 443ms
D/dalvikvm(  327): WAIT_FOR_CONCURRENT_GC blocked 315ms
I/SystemServer(  327): Accessibility Manager
I/ActivityManager(  327): Config changes=15f8 {1.0 ?mcc?mnc en_US ldltr sw320dp w320dp h508dp 240dpi nrml long port ?uimode ?night finger -keyb/v/h tball/v s.2}
I/InputReader(  327): Reconfiguring input devices.  changes=0x00000004
I/InputReader(  327): Device reconfigured: id=0, name='qwerty2', size 480x800, orientation 0, mode 1, display id 0
I/InputReader(  327): Reconfiguring input devices.  changes=0x00000004
I/InputReader(  327): Device reconfigured: id=0, name='qwerty2', size 480x800, orientation 0, mode 1, display id 0
I/SystemServer(  327): Mount Service
D/MountService(  327): got storage path: /mnt/sdcard description: USB storage primary: true removable: false emulated: false mtpReserve: 0 allowMassStorage: false maxFileSize: 0
D/MountService(  327): addVolumeLocked() StorageVolume [mStorageId=0 mPath=/mnt/sdcard mDescriptionId=17040615 mPrimary=true mRemovable=false mEmulated=false mMtpReserveSpace=0 mAllowMassStorage=false mMaxFileSize=0 mOwner=null]
I/SystemServer(  327): LockSettingsService
I/SystemServer(  327): Device Policy
D/dalvikvm(  327): GREF has increased to 201
D/MountService(  327): volume state changed for /mnt/sdcard (null -> unmounted)
I/PackageManager(  327): Updating external media status from unmounted to unmounted
I/SystemServer(  327): Status Bar
I/SystemServer(  327): Clipboard Service
I/SystemServer(  327): NetworkManagement Service
W/MountService(  327): getSecureContainerList() called when storage not mounted
I/PackageManager(  327): No secure containers on sdcard
W/PackageManager(  327): Unknown permission com.google.android.googleapps.permission.GOOGLE_AUTH.mail in package com.android.contacts
W/PackageManager(  327): Unknown permission android.permission.ADD_SYSTEM_SERVICE in package com.android.phone
W/PackageManager(  327): Unknown permission com.android.smspush.WAPPUSH_MANAGER_BIND in package com.android.phone
W/PackageManager(  327): Unknown permission com.google.android.googleapps.permission.GOOGLE_AUTH in package com.android.providers.calendar
W/PackageManager(  327): Unknown permission com.google.android.googleapps.permission.GOOGLE_AUTH.cl in package com.android.providers.calendar
W/PackageManager(  327): Unknown permission com.google.android.googleapps.permission.GOOGLE_AUTH.mail in package com.android.calendar
W/PackageManager(  327): Not granting permission android.permission.SEND_DOWNLOAD_COMPLETED_INTENTS to package com.android.browser (protectionLevel=2 flags=0x89be45)
W/PackageManager(  327): Not granting permission android.permission.BIND_APPWIDGET to package com.android.widgetpreview (protectionLevel=18 flags=0x8be44)
I/SystemServer(  327): Text Service Manager Service
W/PackageManager(  327): Unknown permission com.google.android.googleapps.permission.GOOGLE_AUTH in package com.android.settings
W/PackageManager(  327): Unknown permission com.google.android.gallery3d.permission.GALLERY_PROVIDER in package com.android.exchange
W/PackageManager(  327): Unknown permission com.google.android.googleapps.permission.ACCESS_GOOGLE_PASSWORD in package com.android.development
W/PackageManager(  327): Unknown permission com.google.android.googleapps.permission.GOOGLE_AUTH in package com.android.development
W/PackageManager(  327): Unknown permission com.google.android.googleapps.permission.GOOGLE_AUTH.ALL_SERVICES in package com.android.development
W/PackageManager(  327): Unknown permission com.google.android.googleapps.permission.GOOGLE_AUTH.YouTubeUser in package com.android.development
W/PackageManager(  327): Unknown permission com.google.android.gallery3d.permission.GALLERY_PROVIDER in package com.android.email
W/PackageManager(  327): Not granting permission android.permission.DEVICE_POWER to package com.android.deskclock (protectionLevel=2 flags=0x88be45)
D/dalvikvm(  327): GC_CONCURRENT freed 294K, 9% free 3947K/4304K, paused 4ms+3ms, total 163ms
I/SystemServer(  327): NetworkStats Service
I/SystemServer(  327): NetworkPolicy Service
I/SystemServer(  327): Wi-Fi P2pService
I/SystemServer(  327): Wi-Fi Service
E/CommandListener(   34): Failed to open /proc/sys/net/ipv6/conf/wlan0/disable_ipv6: No such file or directory
E/WifiStateMachine(  327): Failed to disable IPv6: java.lang.IllegalStateException: command '1 interface ipv6 wlan0 disable' failed with '400 1 Failed to change IPv6 state (No such file or directory)'
I/SystemServer(  327): Connectivity Service
D/ConnectivityService(  327): ConnectivityService starting up
E/MobileDataStateTracker(  327): default: Ignoring feature request because could not acquire PhoneService
E/MobileDataStateTracker(  327): default: Could not enable APN type "default"
I/WifiService(  327): WifiService starting up with Wi-Fi disabled
I/SystemServer(  327): Network Service Discovery Service
D/NsdService(  327): Network service discovery enabled true
I/SystemServer(  327): Throttle Service
I/SystemServer(  327): UpdateLock Service
I/SystemServer(  327): Notification Manager
I/SystemServer(  327): Device Storage Monitor
I/SystemServer(  327): Location Manager
I/SystemServer(  327): Country Detector
I/SystemServer(  327): Search Service
I/SystemServer(  327): DropBox Service
I/SystemServer(  327): Wallpaper Service
I/SystemServer(  327): Audio Service
D/dalvikvm(  327): GC_CONCURRENT freed 235K, 7% free 4166K/4468K, paused 5ms+4ms, total 104ms
I/SystemServer(  327): Dock Observer
W/DockObserver(  327): This kernel does not have dock station support
I/SystemServer(  327): Wired Accessory Manager
W/WiredAccessoryManager(  327): This kernel does not have wired headset support
W/WiredAccessoryManager(  327): This kernel does not have usb audio support
W/WiredAccessoryManager(  327): This kernel does not have HDMI audio support
I/SystemServer(  327): USB Service
I/SystemServer(  327): Serial Service
I/SystemServer(  327): Twilight Service
I/SystemServer(  327): UI Mode Manager Service
I/SystemServer(  327): Backup Service
V/BackupManagerService(  327): No ancestral data
I/BackupManagerService(  327): Found stale backup journal, scheduling
I/BackupManagerService(  327):   android
I/BackupManagerService(  327):   com.android.browser
I/BackupManagerService(  327):   com.android.calendar
I/BackupManagerService(  327):   com.android.inputmethod.latin
I/BackupManagerService(  327):   com.android.providers.settings
I/BackupManagerService(  327):   com.android.providers.userdictionary
I/BackupManagerService(  327):   com.android.sharedstoragebackup
I/BackupManagerService(  327): Backup enabled => true
I/SystemServer(  327): AppWidget Service
I/SystemServer(  327): Recognition Service
I/SystemServer(  327): DiskStats Service
I/SystemServer(  327): SamplingProfiler Service
I/SystemServer(  327): NetworkTimeUpdateService
I/SystemServer(  327): CommonTimeManagementService
I/SystemServer(  327): CertBlacklister
I/SystemServer(  327): Dreams Service
I/WindowManager(  327): SAFE MODE not enabled
D/dalvikvm(  327): JIT started for system_server
D/dalvikvm(  327): GC_CONCURRENT freed 317K, 9% free 4249K/4632K, paused 5ms+104ms, total 272ms
I/ActivityManager(  327): System now ready
I/SystemServer(  327): Making services ready
I/Zygote  (  327): Process: zygote socket opened
I/ActivityManager(  327): Start proc com.android.systemui for service com.android.systemui/.SystemUIService: pid=422 uid=10034 gids={50034, 1028, 1015, 3002, 3001}
I/Vold    (   32): /dev/block/vold/179:0 being considered for volume sdcard
D/Vold    (   32): Volume sdcard state changing 1 (Idle-Unmounted) -> 3 (Checking)
D/MountService(  327): volume state changed for /mnt/sdcard (unmounted -> checking)
D/MountService(  327): sendStorageIntent Intent { act=android.intent.action.MEDIA_CHECKING dat=file:///mnt/sdcard (has extras) } to UserHandle{-1}
D/NetworkManagementService(  327): not enabling bandwidth control
I/keystore(   42): uid: 1000 action: e -> 7 state: 3 -> 3 retry: 4
W/NetworkStats(  327): bandwidth controls disabled, unable to track stats
W/NetworkPolicy(  327): bandwidth controls disabled, unable to enforce policy
I/keystore(   42): uid: 1000 action: e -> 7 state: 3 -> 3 retry: 4
I/ActivityManager(  327): Config changes=200 {1.0 ?mcc?mnc en_US ldltr sw320dp w320dp h508dp 240dpi nrml long port finger -keyb/v/h tball/v s.3}
W/RecognitionManagerService(  327): no available voice recognition services found for user 0
I//system/bin/fsck_msdos(   32): ** /dev/block/vold/179:0
E/Trace   (  422): error opening trace file: No such file or directory (2)
I//system/bin/fsck_msdos(   32): ** Phase 1 - Read and Compare FATs
I//system/bin/fsck_msdos(   32): Attempting to allocate 2044 KB for FAT
D/SystemUIService(  422): loading: class com.android.systemui.statusbar.phone.PhoneStatusBar
D/SystemUIService(  422): running: com.android.systemui.statusbar.phone.PhoneStatusBar@40cd23a0
D/dalvikvm(  327): GC_CONCURRENT freed 107K, 4% free 4647K/4820K, paused 6ms+5ms, total 220ms
D/dalvikvm(  327): WAIT_FOR_CONCURRENT_GC blocked 200ms
I/StatusBarManagerService(  327): registerStatusBar bar=com.android.internal.statusbar.IStatusBar$Stub$Proxy@40e779a8
W/InputMethodManagerService(  327): Ignoring setImeWindowStatus of uid 1000 token: null
W/InputMethodManagerService(  327): Found no subtypes in a system IME: com.android.inputmethod.pinyin
I/ActivityManager(  327): Start proc com.android.inputmethod.latin for service com.android.inputmethod.latin/.LatinIME: pid=460 uid=10010 gids={50010, 1028}
I/CommonTimeManagementService(  327): No common time service detected on this platform.  Common time services will be unavailable.
I/ActivityManager(  327): Start proc com.android.phone for added application com.android.phone: pid=469 uid=1001 gids={41001, 3002, 3001, 3003, 1015, 1028}
I/ActivityManager(  327): START u0 {act=android.intent.action.MAIN cat=[android.intent.category.HOME] flg=0x10000000 cmp=com.android.launcher/com.android.launcher2.Launcher} from pid 0
D/dalvikvm(  327): GC_CONCURRENT freed 356K, 8% free 4844K/5264K, paused 99ms+61ms, total 969ms
D/dalvikvm(  327): WAIT_FOR_CONCURRENT_GC blocked 55ms
D/dalvikvm(  327): GC_FOR_ALLOC freed 17K, 8% free 5039K/5472K, paused 232ms, total 233ms
I/ActivityManager(  327): Start proc com.android.launcher for activity com.android.launcher/com.android.launcher2.Launcher: pid=494 uid=10020 gids={50020, 1028}
I/SystemServer(  327): Enabled StrictMode for system server main thread.
E/ThrottleService(  327): problem during onPollAlarm: java.lang.IllegalStateException: problem parsing stats: java.io.FileNotFoundException: /proc/net/xt_qtaguid/iface_stat_all: open failed: ENOENT (No such file or directory)
I/InputReader(  327): Reconfiguring input devices.  changes=0x00000020
I/InputReader(  327): Reconfiguring input devices.  changes=0x00000010
E/Trace   (  460): error opening trace file: No such file or directory (2)
E/Trace   (  469): error opening trace file: No such file or directory (2)
E/Trace   (  494): error opening trace file: No such file or directory (2)
D/dalvikvm(  422): GC_FOR_ALLOC freed 88K, 6% free 2664K/2808K, paused 62ms, total 65ms
I/dalvikvm-heap(  422): Grow heap (frag case) to 3.259MB for 635812-byte allocation
D/dalvikvm(  422): GC_CONCURRENT freed 5K, 5% free 3279K/3432K, paused 44ms+2ms, total 248ms
D/dalvikvm(  422): WAIT_FOR_CONCURRENT_GC blocked 140ms
W/TelephonyProvider(  469): onCreate: confFile=/system/etc/apns-conf.xml oldCheckSum=-1
D/TelephonyManager(  469): getLteOnCdmaMode=0 curVal=-1 product_type='' lteOnCdmaProductType=''
D/dalvikvm(  327): GC_CONCURRENT freed 329K, 7% free 5380K/5772K, paused 118ms+94ms, total 582ms
D/dalvikvm(  327): WAIT_FOR_CONCURRENT_GC blocked 279ms
D/dalvikvm(  327): WAIT_FOR_CONCURRENT_GC blocked 433ms
D/dalvikvm(  327): WAIT_FOR_CONCURRENT_GC blocked 424ms
E/SurfaceFlinger(   37): ro.sf.lcd_density must be defined as a build property
D/gralloc_goldfish(  327): Emulator without GPU emulation detected.
D/TelephonyManager(  469): getLteOnCdmaMode=0 curVal=-1 product_type='' lteOnCdmaProductType=''
D/TelephonyManager(  469): getLteOnCdmaMode=0 curVal=-1 product_type='' lteOnCdmaProductType=''
I/LatinIME(  460): Hardware accelerated drawing: false
D/dalvikvm(  327): GC_CONCURRENT freed 750K, 14% free 5383K/6196K, paused 6ms+71ms, total 799ms
D/dalvikvm(  327): WAIT_FOR_CONCURRENT_GC blocked 211ms
E/BluetoothAdapter(  422): Bluetooth binder is null
E/BluetoothAdapter(  422): Bluetooth binder is null
D/dalvikvm(  327): GREF has increased to 301
I/ActivityManager(  327): Start proc com.android.music for broadcast com.android.music/.MediaButtonIntentReceiver: pid=537 uid=10025 gids={50025, 3003, 1015, 1028}
W/InputAttributes(  460): No editor info for this field. Bug?
D/dalvikvm(  327): WAIT_FOR_CONCURRENT_GC blocked 4094ms
I/dalvikvm(  537): Turning on JNI app bug workarounds for target SDK version 9...
W/InputMethodManagerService(  327): Found no subtypes in a system IME: com.android.inputmethod.pinyin
D/dalvikvm(  327): GC_CONCURRENT freed 597K, 12% free 5474K/6196K, paused 6ms+120ms, total 564ms
D/dalvikvm(  327): WAIT_FOR_CONCURRENT_GC blocked 4871ms
I/LocationBlacklist(  327): whitelist: []
I/LocationBlacklist(  327): blacklist: []
W/Settings(  469): Setting airplane_mode_on has moved from android.provider.Settings.System to android.provider.Settings.Global, returning read-only value.
W/Settings(  469): Setting auto_time has moved from android.provider.Settings.System to android.provider.Settings.Global, returning read-only global URI.
W/Settings(  469): Setting auto_time_zone has moved from android.provider.Settings.System to android.provider.Settings.Global, returning read-only global URI.
E/ActivityThread(  460): Failed to find provider info for com.android.inputmethod.latin.dictionarypack
E/BinaryDictionaryGetter(  460): Could not find a dictionary pack
I/ActivityManager(  327): Start proc android.process.acore for content provider com.android.providers.userdictionary/.UserDictionaryProvider: pid=562 uid=10001 gids={50001, 3003, 1015, 1028}
E/BluetoothAdapter(  422): Bluetooth binder is null
I/Choreographer(  327): Skipped 3247 frames!  The application may be doing too much work on its main thread.
W/ActivityManager(  327): Unable to start service Intent { act=com.android.internal.telephony.IWapPushManager } U=0: not found
D/dalvikvm(  460): GC_CONCURRENT freed 271K, 12% free 2512K/2840K, paused 10ms+2ms, total 892ms
E/Trace   (  537): error opening trace file: No such file or directory (2)
D/        (  469): [ApnContext:default] set reason as dataEnabled,current state IDLE
D/        (  469): [ApnContext:default] setRetryCount: 0
D/        (  469): [ApnContext:mms] set reason as dataEnabled,current state IDLE
D/        (  469): [ApnContext:mms] setRetryCount: 0
D/        (  469): [ApnContext:supl] set reason as dataEnabled,current state IDLE
D/        (  469): [ApnContext:supl] setRetryCount: 0
D/        (  469): [ApnContext:hipri] set reason as dataEnabled,current state IDLE
D/        (  469): [ApnContext:hipri] setRetryCount: 0
D/        (  469): [ApnContext:fota] set reason as dataEnabled,current state IDLE
D/        (  469): [ApnContext:fota] setRetryCount: 0
D/        (  469): [ApnContext:ims] set reason as dataEnabled,current state IDLE
D/        (  469): [ApnContext:ims] setRetryCount: 0
D/        (  469): [ApnContext:cbs] set reason as dataEnabled,current state IDLE
D/        (  469): [ApnContext:cbs] setRetryCount: 0
E/StrictMode(  460): A resource was acquired at attached stack trace but never released. See java.io.Closeable for information on avoiding resource leaks.
E/StrictMode(  460): java.lang.Throwable: Explicit termination method 'close' not called
E/StrictMode(  460): 	at dalvik.system.CloseGuard.open(CloseGuard.java:184)
E/StrictMode(  460): 	at android.os.ParcelFileDescriptor.<init>(ParcelFileDescriptor.java:412)
E/StrictMode(  460): 	at android.content.res.AssetManager.openNonAssetFdNative(Native Method)
E/StrictMode(  460): 	at android.content.res.AssetManager.openNonAssetFd(AssetManager.java:428)
E/StrictMode(  460): 	at android.content.res.Resources.openRawResourceFd(Resources.java:979)
E/StrictMode(  460): 	at com.android.inputmethod.latin.BinaryDictionaryGetter.loadFallbackResource(BinaryDictionaryGetter.java:183)
E/StrictMode(  460): 	at com.android.inputmethod.latin.BinaryDictionaryGetter.getDictionaryFiles(BinaryDictionaryGetter.java:456)
E/StrictMode(  460): 	at com.android.inputmethod.latin.DictionaryFactory.createMainDictionaryFromManager(DictionaryFactory.java:57)
E/StrictMode(  460): 	at com.android.inputmethod.latin.DictionaryFactory.createMainDictionaryFromManager(DictionaryFactory.java:87)
E/StrictMode(  460): 	at com.android.inputmethod.latin.Suggest$1.run(Suggest.java:108)
V/TAG     (  327): bug 7643792: fitSystemWindows([0,0][0,0])
D/dalvikvm(  469): GC_CONCURRENT freed 195K, 9% free 2568K/2820K, paused 4ms+151ms, total 520ms
V/TAG     (  327): bug 7643792: fitSystemWindows([0,0][0,0])
D/TelephonyManager(  469): getLteOnCdmaMode=0 curVal=-1 product_type='' lteOnCdmaProductType=''
D/CallManager(  469): registerPhone(GSM Handler (com.android.internal.telephony.PhoneProxy) {40d032d0})
E/Trace   (  562): error opening trace file: No such file or directory (2)
I/Choreographer(  327): Skipped 75 frames!  The application may be doing too much work on its main thread.
E/BluetoothAdapter(  469): Bluetooth binder is null
D/dalvikvm(  422): GC_CONCURRENT freed 66K, 4% free 3636K/3760K, paused 4ms+3ms, total 163ms
E/SurfaceFlinger(   37): ro.sf.lcd_density must be defined as a build property
E/BluetoothAdapter(  422): Bluetooth binder is null
D/dalvikvm(  327): GC_FOR_ALLOC freed 664K, 13% free 5435K/6196K, paused 543ms, total 554ms
I/dalvikvm-heap(  327): Grow heap (frag case) to 6.444MB for 1128976-byte allocation
D/dalvikvm(  327): GC_FOR_ALLOC freed 7K, 11% free 6530K/7300K, paused 259ms, total 259ms
W/ActivityManager(  327): Activity idle timeout for ActivityRecord{40f86178 u0 com.android.launcher/com.android.launcher2.Launcher}
W/WindowManager(  327): Window freeze timeout expired.
W/WindowManager(  327): Force clearing orientation change: Window{40e8b118 u0 Keyguard}
I/ActivityManager(  327): Start proc com.android.contacts for broadcast com.android.contacts/.calllog.CallLogReceiver: pid=592 uid=10001 gids={50001, 3003, 1015, 1028}
I/ActivityManager(  327): Start proc android.process.media for content provider com.android.providers.media/.MediaProvider: pid=600 uid=10000 gids={50000, 1015, 1023, 1024, 1028, 1006, 2001, 3003, 3007}
I/AudioService(  327):   Remote Control   registerMediaButtonIntent() for PendingIntent{40e91320: PendingIntentRecord{40e2e720 com.android.music broadcastIntent}}
E/BluetoothAdapter(  469): Bluetooth binder is null
E/BluetoothAdapter(  327): Bluetooth binder is null
E/BluetoothAdapter(  327): Bluetooth binder is null
V/WiredAccessoryManager(  327): init()
E/SoundPool(  327): error loading /system/media/audio/ui/Effect_Tick.ogg
W/AudioService(  327): Soundpool could not load file: /system/media/audio/ui/Effect_Tick.ogg
E/SoundPool(  327): error loading /system/media/audio/ui/Effect_Tick.ogg
W/AudioService(  327): Soundpool could not load file: /system/media/audio/ui/Effect_Tick.ogg
E/SoundPool(  327): error loading /system/media/audio/ui/Effect_Tick.ogg
W/AudioService(  327): Soundpool could not load file: /system/media/audio/ui/Effect_Tick.ogg
E/SoundPool(  327): error loading /system/media/audio/ui/Effect_Tick.ogg
W/AudioService(  327): Soundpool could not load file: /system/media/audio/ui/Effect_Tick.ogg
E/SoundPool(  327): error loading /system/media/audio/ui/Effect_Tick.ogg
W/AudioService(  327): Soundpool could not load file: /system/media/audio/ui/Effect_Tick.ogg
E/SoundPool(  327): error loading /system/media/audio/ui/KeypressStandard.ogg
W/AudioService(  327): Soundpool could not load file: /system/media/audio/ui/KeypressStandard.ogg
E/SoundPool(  327): error loading /system/media/audio/ui/KeypressSpacebar.ogg
W/AudioService(  327): Soundpool could not load file: /system/media/audio/ui/KeypressSpacebar.ogg
E/SoundPool(  327): error loading /system/media/audio/ui/KeypressDelete.ogg
W/AudioService(  327): Soundpool could not load file: /system/media/audio/ui/KeypressDelete.ogg
E/SoundPool(  327): error loading /system/media/audio/ui/KeypressReturn.ogg
W/AudioService(  327): Soundpool could not load file: /system/media/audio/ui/KeypressReturn.ogg
W/AudioService(  327): loadSoundEffects(), Error -1 while loading samples
D/dalvikvm(  327): GC_CONCURRENT freed 38K, 11% free 6567K/7300K, paused 166ms+184ms, total 1180ms
I/Choreographer(  327): Skipped 666 frames!  The application may be doing too much work on its main thread.
E/Trace   (  600): error opening trace file: No such file or directory (2)
W/dalvikvm(  494): threadid=2: spin on suspend #1 threadid=13 (pcf=0)
D/dalvikvm(  494): Temporarily moving tid 569 to fg (was 0)
D/dalvikvm(  494): Temporarily raised priority on tid 569 (10 -> 0)
W/dalvikvm(  494): threadid=2: spin on suspend resolved in 1014 msec
D/dalvikvm(  494): Restored policy of 569 to 0
D/dalvikvm(  494): Restored priority on 569 to 10
D/PhoneStatusBar(  422): disable: < expand icons alerts ticker system_info back home recent clock search >
I/Choreographer(  327): Skipped 399 frames!  The application may be doing too much work on its main thread.
E/Trace   (  592): error opening trace file: No such file or directory (2)
W/dalvikvm(  494): threadid=2: spin on suspend #1 threadid=13 (pcf=0)
D/dalvikvm(  494): Temporarily moving tid 569 to fg (was 0)
D/dalvikvm(  494): Temporarily raised priority on tid 569 (10 -> 0)
W/dalvikvm(  494): threadid=2: spin on suspend resolved in 1039 msec
D/dalvikvm(  494): Restored policy of 569 to 0
D/dalvikvm(  494): Restored priority on 569 to 10
D/dalvikvm(  494): GC_CONCURRENT freed 179K, 9% free 2618K/2852K, paused 1032ms+1060ms, total 2341ms
I/Choreographer(  327): Skipped 43 frames!  The application may be doing too much work on its main thread.
E/BluetoothAdapter(  422): Bluetooth binder is null
W/ActivityManager(  327): Timeout executing service: ServiceRecord{40e73f38 u0 com.android.systemui/.SystemUIService}
I/DownloadManager(  600): in removeSpuriousFiles
I/Process (  327): Sending signal. PID: 422 SIG: 3
I/dalvikvm(  422): threadid=3: reacting to signal 3
I/Process (  327): Sending signal. PID: 327 SIG: 3
I/dalvikvm(  327): threadid=3: reacting to signal 3
D/SystemUIService(  422): loading: class com.android.systemui.power.PowerUI
D/SystemUIService(  422): running: com.android.systemui.power.PowerUI@40e37058
I/dalvikvm(  422): Wrote stack traces to '/data/anr/traces.txt'
D/dalvikvm(  562): GC_CONCURRENT freed 182K, 9% free 2612K/2852K, paused 180ms+10ms, total 378ms
I/Process (  327): Sending signal. PID: 469 SIG: 3
I/dalvikvm(  469): threadid=3: reacting to signal 3
D/SystemUIService(  422): loading: class com.android.systemui.media.RingtonePlayer
D/SystemUIService(  422): running: com.android.systemui.media.RingtonePlayer@40e38268
D/dalvikvm(  327): GREF has increased to 401
I/dalvikvm(  327): Wrote stack traces to '/data/anr/traces.txt'
D/dalvikvm(  494): GC_FOR_ALLOC freed 54K, 4% free 2856K/2964K, paused 343ms, total 367ms
I/dalvikvm-heap(  494): Grow heap (frag case) to 4.213MB for 1440016-byte allocation
I/Choreographer(  422): Skipped 4323 frames!  The application may be doing too much work on its main thread.
D/dalvikvm(  494): GC_FOR_ALLOC freed 12K, 3% free 4250K/4372K, paused 406ms, total 406ms
E/SurfaceFlinger(   37): ro.sf.lcd_density must be defined as a build property
I/dalvikvm(  469): Wrote stack traces to '/data/anr/traces.txt'
D/dalvikvm(  469): GC_CONCURRENT freed 311K, 13% free 2653K/3016K, paused 10ms+2ms, total 285ms
D/DebugService(  469): DebugService DebugService:
D/TelephonyDebugService(  469): TelephonyDebugService()
V/TAG     (  327): bug 7643792: fitSystemWindows([0,38][0,0])
D/PhoneStatusBar(  422): disable: < expand icons alerts ticker system_info BACK* HOME* RECENT* CLOCK* SEARCH* >
I/Choreographer(  327): Skipped 189 frames!  The application may be doing too much work on its main thread.
W/WindowManager(  327): Window freeze timeout expired.
W/WindowManager(  327): Force clearing orientation change: Window{40f67ff0 u0 StatusBar}
D/dalvikvm(  327): GC_EXPLICIT freed 1646K, 24% free 5727K/7440K, paused 85ms+77ms, total 1532ms
W/Settings(  469): Setting auto_time_zone has moved from android.provider.Settings.System to android.provider.Settings.Global, returning read-only value.
I/Choreographer(  422): Skipped 1245 frames!  The application may be doing too much work on its main thread.
D/gralloc_goldfish(  422): Emulator without GPU emulation detected.
I/Choreographer(  422): Skipped 78 frames!  The application may be doing too much work on its main thread.
D/CAT     (  469): CatService: Running CAT service. STK app installed:false
D/CAT     (  469): CatService: NEW sInstance
I/Process (  327): Sending signal. PID: 494 SIG: 3
I/dalvikvm(  494): threadid=3: reacting to signal 3
I/dalvikvm(  494): Wrote stack traces to '/data/anr/traces.txt'
I/Process (  327): Sending signal. PID: 562 SIG: 3
I/dalvikvm(  562): threadid=3: reacting to signal 3
E/ActivityManager(  327): ANR in com.android.systemui
E/ActivityManager(  327): Reason: Executing service com.android.systemui/.SystemUIService
E/ActivityManager(  327): Load: 7.28 / 1.87 / 0.63
E/ActivityManager(  327): CPU usage from 183ms to -11039ms ago:
E/ActivityManager(  327):   18% 327/system_server: 12% user + 6.3% kernel / faults: 2645 minor 2 major
E/ActivityManager(  327):   14% 37/surfaceflinger: 12% user + 2.5% kernel / faults: 2 minor
E/ActivityManager(  327):   9.7% 494/com.android.launcher: 7.2% user + 2.5% kernel / faults: 4318 minor
E/ActivityManager(  327):   6.5% 469/com.android.phone: 4.1% user + 2.4% kernel / faults: 676 minor 8 major
E/ActivityManager(  327):   6% 422/com.android.systemui: 4.5% user + 1.5% kernel / faults: 1046 minor 5 major
