D/MountService(  358): addVolumeLocked() StorageVolume [mStorageId=0 mPath=/mnt/sdcard mDescriptionId=17040615 mPrimary=true mRemovable=false mEmulated=false mMtpReserveSpace=0 mAllowMassStorage=false mMaxFileSize=0 mOwner=null]
I/SystemServer(  358): LockSettingsService
I/SystemServer(  358): Device Policy
I/SystemServer(  358): Status Bar
I/SystemServer(  358): Clipboard Service
I/SystemServer(  358): NetworkManagement Service
I/SystemServer(  358): Text Service Manager Service
I/SystemServer(  358): NetworkStats Service
D/dalvikvm(  358): GREF has increased to 201
I/SystemServer(  358): NetworkPolicy Service
D/MountService(  358): volume state changed for /mnt/sdcard (null -> unmounted)
I/PackageManager(  358): Updating external media status from unmounted to unmounted
I/SystemServer(  358): Wi-Fi P2pService
I/SystemServer(  358): Wi-Fi Service
W/MountService(  358): getSecureContainerList() called when storage not mounted
I/PackageManager(  358): No secure containers on sdcard
W/PackageManager(  358): Unknown permission com.google.android.googleapps.permission.GOOGLE_AUTH.mail in package com.android.contacts
W/PackageManager(  358): Unknown permission android.permission.ADD_SYSTEM_SERVICE in package com.android.phone
W/PackageManager(  358): Unknown permission com.android.smspush.WAPPUSH_MANAGER_BIND in package com.android.phone
W/PackageManager(  358): Unknown permission com.google.android.googleapps.permission.GOOGLE_AUTH in package com.android.providers.calendar
W/PackageManager(  358): Unknown permission com.google.android.googleapps.permission.GOOGLE_AUTH.cl in package com.android.providers.calendar
W/PackageManager(  358): Unknown permission com.google.android.googleapps.permission.GOOGLE_AUTH.mail in package com.android.calendar
E/CommandListener(   34): Failed to open /proc/sys/net/ipv6/conf/wlan0/disable_ipv6: No such file or directory
E/WifiStateMachine(  358): Failed to disable IPv6: java.lang.IllegalStateException: command '1 interface ipv6 wlan0 disable' failed with '400 1 Failed to change IPv6 state (No such file or directory)'
W/PackageManager(  358): Not granting permission android.permission.SEND_DOWNLOAD_COMPLETED_INTENTS to package com.android.browser (protectionLevel=2 flags=0x89be45)
W/PackageManager(  358): Not granting permission android.permission.BIND_APPWIDGET to package com.android.widgetpreview (protectionLevel=18 flags=0x8be44)
W/PackageManager(  358): Unknown permission com.google.android.googleapps.permission.GOOGLE_AUTH in package com.android.settings
I/SystemServer(  358): Connectivity Service
D/ConnectivityService(  358): ConnectivityService starting up
W/PackageManager(  358): Unknown permission com.google.android.gallery3d.permission.GALLERY_PROVIDER in package com.android.exchange
W/PackageManager(  358): Unknown permission com.google.android.googleapps.permission.ACCESS_GOOGLE_PASSWORD in package com.android.development
W/PackageManager(  358): Unknown permission com.google.android.googleapps.permission.GOOGLE_AUTH in package com.android.development
W/PackageManager(  358): Unknown permission com.google.android.googleapps.permission.GOOGLE_AUTH.ALL_SERVICES in package com.android.development
W/PackageManager(  358): Unknown permission com.google.android.googleapps.permission.GOOGLE_AUTH.YouTubeUser in package com.android.development
W/PackageManager(  358): Unknown permission com.google.android.gallery3d.permission.GALLERY_PROVIDER in package com.android.email
W/PackageManager(  358): Not granting permission android.permission.DEVICE_POWER to package com.android.deskclock (protectionLevel=2 flags=0x88be45)
E/MobileDataStateTracker(  358): default: Ignoring feature request because could not acquire PhoneService
E/MobileDataStateTracker(  358): default: Could not enable APN type "default"
D/dalvikvm(  358): GC_CONCURRENT freed 256K, 8% free 4053K/4376K, paused 5ms+17ms, total 275ms
I/WifiService(  358): WifiService starting up with Wi-Fi disabled
I/SystemServer(  358): Network Service Discovery Service
D/NsdService(  358): Network service discovery enabled true
I/SystemServer(  358): Throttle Service
I/SystemServer(  358): UpdateLock Service
I/SystemServer(  358): Notification Manager
I/SystemServer(  358): Device Storage Monitor
I/SystemServer(  358): Location Manager
I/SystemServer(  358): Country Detector
I/SystemServer(  358): Search Service
I/SystemServer(  358): DropBox Service
I/SystemServer(  358): Wallpaper Service
I/SystemServer(  358): Audio Service
D/dalvikvm(  358): GC_CONCURRENT freed 328K, 9% free 4155K/4556K, paused 5ms+62ms, total 208ms
I/SystemServer(  358): Dock Observer
W/DockObserver(  358): This kernel does not have dock station support
I/SystemServer(  358): Wired Accessory Manager
W/WiredAccessoryManager(  358): This kernel does not have wired headset support
W/WiredAccessoryManager(  358): This kernel does not have usb audio support
W/WiredAccessoryManager(  358): This kernel does not have HDMI audio support
I/SystemServer(  358): USB Service
I/SystemServer(  358): Serial Service
I/SystemServer(  358): Twilight Service
I/SystemServer(  358): UI Mode Manager Service
I/SystemServer(  358): Backup Service
V/BackupManagerService(  358): No ancestral data
I/BackupManagerService(  358): Found stale backup journal, scheduling
I/BackupManagerService(  358):   android
I/BackupManagerService(  358):   com.android.browser
I/BackupManagerService(  358):   com.android.calendar
I/BackupManagerService(  358):   com.android.inputmethod.latin
I/BackupManagerService(  358):   com.android.providers.settings
I/BackupManagerService(  358):   com.android.providers.userdictionary
I/BackupManagerService(  358):   com.android.sharedstoragebackup
I/BackupManagerService(  358): Backup enabled => true
I/SystemServer(  358): AppWidget Service
I/SystemServer(  358): Recognition Service
I/SystemServer(  358): DiskStats Service
I/SystemServer(  358): SamplingProfiler Service
I/SystemServer(  358): NetworkTimeUpdateService
I/SystemServer(  358): CommonTimeManagementService
I/SystemServer(  358): CertBlacklister
I/SystemServer(  358): Dreams Service
I/WindowManager(  358): SAFE MODE not enabled
D/dalvikvm(  358): JIT started for system_server
D/dalvikvm(  358): GC_CONCURRENT freed 312K, 9% free 4271K/4648K, paused 6ms+19ms, total 146ms
I/ActivityManager(  358): System now ready
I/SystemServer(  358): Making services ready
I/Zygote  (  358): Process: zygote socket opened
I/ActivityManager(  358): Start proc com.android.systemui for service com.android.systemui/.SystemUIService: pid=451 uid=10034 gids={50034, 1028, 1015, 3002, 3001}
I/Vold    (   32): /dev/block/vold/179:0 being considered for volume sdcard
D/Vold    (   32): Volume sdcard state changing 1 (Idle-Unmounted) -> 3 (Checking)
D/MountService(  358): volume state changed for /mnt/sdcard (unmounted -> checking)
D/MountService(  358): sendStorageIntent Intent { act=android.intent.action.MEDIA_CHECKING dat=file:///mnt/sdcard (has extras) } to UserHandle{-1}
D/NetworkManagementService(  358): not enabling bandwidth control
I/keystore(   42): uid: 1000 action: e -> 7 state: 3 -> 3 retry: 4
I//system/bin/fsck_msdos(   32): ** /dev/block/vold/179:0
E/NetdConnector(  358): NDC Command {2 firewall disable} took too long (578ms)
W/NetworkStats(  358): bandwidth controls disabled, unable to track stats
W/NetworkPolicy(  358): bandwidth controls disabled, unable to enforce policy
I/keystore(   42): uid: 1000 action: e -> 7 state: 3 -> 3 retry: 4
I/ActivityManager(  358): Config changes=200 {1.0 ?mcc?mnc en_US ldltr sw320dp w320dp h508dp 240dpi nrml long port finger -keyb/v/h tball/v s.3}
W/RecognitionManagerService(  358): no available voice recognition services found for user 0
I//system/bin/fsck_msdos(   32): ** Phase 1 - Read and Compare FATs
I//system/bin/fsck_msdos(   32): Attempting to allocate 2044 KB for FAT
E/Trace   (  451): error opening trace file: No such file or directory (2)
D/SystemUIService(  451): loading: class com.android.systemui.statusbar.phone.PhoneStatusBar
D/dalvikvm(  358): GC_CONCURRENT freed 89K, 4% free 4639K/4792K, paused 48ms+5ms, total 237ms
D/dalvikvm(  358): WAIT_FOR_CONCURRENT_GC blocked 201ms
D/SystemUIService(  451): running: com.android.systemui.statusbar.phone.PhoneStatusBar@40cd23a0
I/StatusBarManagerService(  358): registerStatusBar bar=com.android.internal.statusbar.IStatusBar$Stub$Proxy@40e54598
W/InputMethodManagerService(  358): Ignoring setImeWindowStatus of uid 1000 token: null
W/InputMethodManagerService(  358): Found no subtypes in a system IME: com.android.inputmethod.pinyin
I/ActivityManager(  358): Start proc com.android.inputmethod.latin for service com.android.inputmethod.latin/.LatinIME: pid=492 uid=10010 gids={50010, 1028}
I/CommonTimeManagementService(  358): No common time service detected on this platform.  Common time services will be unavailable.
I/ActivityManager(  358): Start proc com.android.phone for added application com.android.phone: pid=506 uid=1001 gids={41001, 3002, 3001, 3003, 1015, 1028}
D/dalvikvm(  358): GC_CONCURRENT freed 337K, 8% free 4846K/5244K, paused 6ms+60ms, total 677ms
D/dalvikvm(  358): WAIT_FOR_CONCURRENT_GC blocked 505ms
I/ActivityManager(  358): START u0 {act=android.intent.action.MAIN cat=[android.intent.category.HOME] flg=0x10000000 cmp=com.android.launcher/com.android.launcher2.Launcher} from pid 0
D/dalvikvm(  451): GC_FOR_ALLOC freed 88K, 6% free 2664K/2808K, paused 1012ms, total 1015ms
I/dalvikvm-heap(  451): Grow heap (frag case) to 3.259MB for 635812-byte allocation
D/dalvikvm(  451): GC_CONCURRENT freed 5K, 5% free 3280K/3432K, paused 46ms+147ms, total 237ms
D/dalvikvm(  451): WAIT_FOR_CONCURRENT_GC blocked 152ms
D/dalvikvm(  358): GC_FOR_ALLOC freed 44K, 8% free 5028K/5452K, paused 378ms, total 428ms
I/ActivityManager(  358): Start proc com.android.launcher for activity com.android.launcher/com.android.launcher2.Launcher: pid=529 uid=10020 gids={50020, 1028}
E/ThrottleService(  358): problem during onPollAlarm: java.lang.IllegalStateException: problem parsing stats: java.io.FileNotFoundException: /proc/net/xt_qtaguid/iface_stat_all: open failed: ENOENT (No such file or directory)
I/SystemServer(  358): Enabled StrictMode for system server main thread.
I/InputReader(  358): Reconfiguring input devices.  changes=0x00000020
I/InputReader(  358): Reconfiguring input devices.  changes=0x00000010
E/Trace   (  492): error opening trace file: No such file or directory (2)
E/Trace   (  506): error opening trace file: No such file or directory (2)
I/LocationBlacklist(  358): whitelist: []
I/LocationBlacklist(  358): blacklist: []
E/BluetoothAdapter(  451): Bluetooth binder is null
E/BluetoothAdapter(  451): Bluetooth binder is null
W/TelephonyProvider(  506): onCreate: confFile=/system/etc/apns-conf.xml oldCheckSum=-1
D/TelephonyManager(  506): getLteOnCdmaMode=0 curVal=-1 product_type='' lteOnCdmaProductType=''
D/dalvikvm(  358): GC_CONCURRENT freed 307K, 7% free 5385K/5756K, paused 6ms+367ms, total 1578ms
D/dalvikvm(  358): WAIT_FOR_CONCURRENT_GC blocked 8ms
D/dalvikvm(  358): WAIT_FOR_CONCURRENT_GC blocked 825ms
D/dalvikvm(  358): WAIT_FOR_CONCURRENT_GC blocked 682ms
D/dalvikvm(  358): WAIT_FOR_CONCURRENT_GC blocked 40ms
I/LatinIME(  492): Hardware accelerated drawing: false
D/dalvikvm(  358): WAIT_FOR_CONCURRENT_GC blocked 965ms
D/TelephonyManager(  506): getLteOnCdmaMode=0 curVal=-1 product_type='' lteOnCdmaProductType=''
D/dalvikvm(  358): WAIT_FOR_CONCURRENT_GC blocked 840ms
E/BluetoothAdapter(  451): Bluetooth binder is null
D/TelephonyManager(  506): getLteOnCdmaMode=0 curVal=-1 product_type='' lteOnCdmaProductType=''
E/Trace   (  529): error opening trace file: No such file or directory (2)
D/dalvikvm(  358): GREF has increased to 301
E/SurfaceFlinger(   37): ro.sf.lcd_density must be defined as a build property
D/gralloc_goldfish(  358): Emulator without GPU emulation detected.
W/Settings(  506): Setting airplane_mode_on has moved from android.provider.Settings.System to android.provider.Settings.Global, returning read-only value.
W/Settings(  506): Setting auto_time has moved from android.provider.Settings.System to android.provider.Settings.Global, returning read-only global URI.
W/Settings(  506): Setting auto_time_zone has moved from android.provider.Settings.System to android.provider.Settings.Global, returning read-only global URI.
W/ActivityManager(  358): Unable to start service Intent { act=com.android.internal.telephony.IWapPushManager } U=0: not found
D/        (  506): [ApnContext:default] set reason as dataEnabled,current state IDLE
D/        (  506): [ApnContext:default] setRetryCount: 0
D/        (  506): [ApnContext:mms] set reason as dataEnabled,current state IDLE
D/        (  506): [ApnContext:mms] setRetryCount: 0
D/        (  506): [ApnContext:supl] set reason as dataEnabled,current state IDLE
D/        (  506): [ApnContext:supl] setRetryCount: 0
D/        (  506): [ApnContext:hipri] set reason as dataEnabled,current state IDLE
D/        (  506): [ApnContext:hipri] setRetryCount: 0
D/        (  506): [ApnContext:fota] set reason as dataEnabled,current state IDLE
D/        (  506): [ApnContext:fota] setRetryCount: 0
D/        (  506): [ApnContext:ims] set reason as dataEnabled,current state IDLE
D/        (  506): [ApnContext:ims] setRetryCount: 0
D/        (  506): [ApnContext:cbs] set reason as dataEnabled,current state IDLE
D/        (  506): [ApnContext:cbs] setRetryCount: 0
W/InputAttributes(  492): No editor info for this field. Bug?
D/dalvikvm(  506): GC_CONCURRENT freed 198K, 9% free 2575K/2828K, paused 6ms+15ms, total 432ms
D/dalvikvm(  451): GC_CONCURRENT freed 64K, 4% free 3629K/3752K, paused 48ms+13ms, total 139ms
D/TelephonyManager(  506): getLteOnCdmaMode=0 curVal=-1 product_type='' lteOnCdmaProductType=''
D/CallManager(  506): registerPhone(GSM Handler (com.android.internal.telephony.PhoneProxy) {40d022b8})
I/Choreographer(  358): Skipped 3048 frames!  The application may be doing too much work on its main thread.
E/BluetoothAdapter(  506): Bluetooth binder is null
E/BluetoothAdapter(  451): Bluetooth binder is null
D/dalvikvm(  358): GC_CONCURRENT freed 718K, 13% free 5423K/6204K, paused 558ms+23ms, total 1650ms
D/dalvikvm(  358): WAIT_FOR_CONCURRENT_GC blocked 52ms
D/dalvikvm(  358): WAIT_FOR_CONCURRENT_GC blocked 215ms
D/dalvikvm(  358): WAIT_FOR_CONCURRENT_GC blocked 175ms
D/dalvikvm(  358): WAIT_FOR_CONCURRENT_GC blocked 154ms
D/dalvikvm(  358): WAIT_FOR_CONCURRENT_GC blocked 124ms
D/dalvikvm(  358): WAIT_FOR_CONCURRENT_GC blocked 233ms
I/ActivityManager(  358): Start proc android.process.acore for content provider com.android.providers.contacts/.CallLogProvider: pid=575 uid=10001 gids={50001, 3003, 1015, 1028}
E/ActivityThread(  492): Failed to find provider info for com.android.inputmethod.latin.dictionarypack
E/BinaryDictionaryGetter(  492): Could not find a dictionary pack
D/dalvikvm(  358): WAIT_FOR_CONCURRENT_GC blocked 283ms
D/dalvikvm(  492): GC_CONCURRENT freed 268K, 12% free 2506K/2832K, paused 4ms+65ms, total 310ms
E/BluetoothAdapter(  506): Bluetooth binder is null
E/StrictMode(  492): A resource was acquired at attached stack trace but never released. See java.io.Closeable for information on avoiding resource leaks.
E/StrictMode(  492): java.lang.Throwable: Explicit termination method 'close' not called
E/StrictMode(  492): 	at dalvik.system.CloseGuard.open(CloseGuard.java:184)
E/StrictMode(  492): 	at android.os.ParcelFileDescriptor.<init>(ParcelFileDescriptor.java:412)
E/StrictMode(  492): 	at android.content.res.AssetManager.openNonAssetFdNative(Native Method)
E/StrictMode(  492): 	at android.content.res.AssetManager.openNonAssetFd(AssetManager.java:428)
E/StrictMode(  492): 	at android.content.res.Resources.openRawResourceFd(Resources.java:979)
E/StrictMode(  492): 	at com.android.inputmethod.latin.BinaryDictionaryGetter.loadFallbackResource(BinaryDictionaryGetter.java:183)
E/StrictMode(  492): 	at com.android.inputmethod.latin.BinaryDictionaryGetter.getDictionaryFiles(BinaryDictionaryGetter.java:456)
E/StrictMode(  492): 	at com.android.inputmethod.latin.DictionaryFactory.createMainDictionaryFromManager(DictionaryFactory.java:57)
E/StrictMode(  492): 	at com.android.inputmethod.latin.DictionaryFactory.createMainDictionaryFromManager(DictionaryFactory.java:87)
E/StrictMode(  492): 	at com.android.inputmethod.latin.Suggest$1.run(Suggest.java:108)
D/dalvikvm(  358): GC_CONCURRENT freed 693K, 13% free 5494K/6252K, paused 30ms+14ms, total 706ms
D/dalvikvm(  358): WAIT_FOR_CONCURRENT_GC blocked 284ms
D/dalvikvm(  358): WAIT_FOR_CONCURRENT_GC blocked 333ms
D/dalvikvm(  358): WAIT_FOR_CONCURRENT_GC blocked 341ms
D/dalvikvm(  358): WAIT_FOR_CONCURRENT_GC blocked 351ms
D/dalvikvm(  358): WAIT_FOR_CONCURRENT_GC blocked 284ms
D/dalvikvm(  358): WAIT_FOR_CONCURRENT_GC blocked 285ms
D/dalvikvm(  358): WAIT_FOR_CONCURRENT_GC blocked 379ms
D/dalvikvm(  358): WAIT_FOR_CONCURRENT_GC blocked 367ms
W/InputMethodManagerService(  358): Found no subtypes in a system IME: com.android.inputmethod.pinyin
V/TAG     (  358): bug 7643792: fitSystemWindows([0,0][0,0])
D/dalvikvm(  358): WAIT_FOR_CONCURRENT_GC blocked 2147ms
E/Trace   (  575): error opening trace file: No such file or directory (2)
I/ActivityManager(  358): Start proc com.android.music for broadcast com.android.music/.MediaButtonIntentReceiver: pid=605 uid=10025 gids={50025, 3003, 1015, 1028}
D/PhoneStatusBar(  451): disable: < expand icons alerts ticker system_info back home recent clock search >
V/TAG     (  358): bug 7643792: fitSystemWindows([0,0][0,0])
I/Choreographer(  358): Skipped 366 frames!  The application may be doing too much work on its main thread.
W/WindowManager(  358): Window freeze timeout expired.
W/WindowManager(  358): Force clearing orientation change: Window{40d95d50 u0 Keyguard}
I/dalvikvm(  605): Turning on JNI app bug workarounds for target SDK version 9...
E/SurfaceFlinger(   37): ro.sf.lcd_density must be defined as a build property
E/BluetoothAdapter(  451): Bluetooth binder is null
D/dalvikvm(  358): GC_FOR_ALLOC freed 392K, 12% free 5528K/6252K, paused 572ms, total 577ms
I/dalvikvm-heap(  358): Grow heap (frag case) to 6.535MB for 1128976-byte allocation
I//system/bin/fsck_msdos(   32): Attempting to allocate 2044 KB for FAT
D/dalvikvm(  358): GC_FOR_ALLOC freed <1K, 10% free 6630K/7356K, paused 461ms, total 461ms
D/SystemUIService(  451): loading: class com.android.systemui.power.PowerUI
D/SystemUIService(  451): running: com.android.systemui.power.PowerUI@40e40f28
W/GpsLocationProvider(  358): Could not open GPS configuration file /etc/gps.conf
D/dalvikvm(  358): GC_CONCURRENT freed 15K, 10% free 6625K/7356K, paused 63ms+58ms, total 437ms
D/SystemUIService(  451): loading: class com.android.systemui.media.RingtonePlayer
D/SystemUIService(  451): running: com.android.systemui.media.RingtonePlayer@40e41be8
E/Trace   (  605): error opening trace file: No such file or directory (2)
I/Choreographer(  358): Skipped 682 frames!  The application may be doing too much work on its main thread.
I/Choreographer(  451): Skipped 3413 frames!  The application may be doing too much work on its main thread.
D/DebugService(  506): DebugService DebugService:
D/TelephonyDebugService(  506): TelephonyDebugService()
D/dalvikvm(  506): GC_CONCURRENT freed 319K, 13% free 2653K/3028K, paused 4ms+638ms, total 778ms
I/Choreographer(  358): Skipped 299 frames!  The application may be doing too much work on its main thread.
W/WindowManager(  358): Window freeze timeout expired.
W/WindowManager(  358): Force clearing orientation change: Window{40d95d50 u0 Keyguard}
V/TAG     (  358): bug 7643792: fitSystemWindows([0,38][0,0])
W/dalvikvm(  529): threadid=2: spin on suspend #1 threadid=13 (pcf=0)
D/dalvikvm(  529): Temporarily moving tid 621 to fg (was 0)
D/dalvikvm(  529): Temporarily raised priority on tid 621 (10 -> 0)
W/dalvikvm(  529): threadid=2: spin on suspend resolved in 1077 msec
D/dalvikvm(  529): Restored policy of 621 to 0
D/dalvikvm(  529): Restored priority on 621 to 10
D/dalvikvm(  529): GC_CONCURRENT freed 187K, 9% free 2665K/2916K, paused 446ms+1088ms, total 2426ms
I/AudioService(  358):   Remote Control   registerMediaButtonIntent() for PendingIntent{40f3d118: PendingIntentRecord{40f6a7a0 com.android.music broadcastIntent}}
W/Settings(  506): Setting auto_time_zone has moved from android.provider.Settings.System to android.provider.Settings.Global, returning read-only value.
I/ActivityManager(  358): Start proc android.process.media for content provider com.android.providers.media/.MediaProvider: pid=649 uid=10000 gids={50000, 1015, 1023, 1024, 1028, 1006, 2001, 3003, 3007}
I/Choreographer(  358): Skipped 189 frames!  The application may be doing too much work on its main thread.
W/dalvikvm(  575): threadid=2: spin on suspend #1 threadid=11 (pcf=0)
D/dalvikvm(  575): Temporarily moving tid 631 to fg (was 0)
D/dalvikvm(  575): Temporarily raised priority on tid 631 (10 -> 0)
W/dalvikvm(  575): threadid=2: spin on suspend resolved in 1490 msec
D/dalvikvm(  575): Restored policy of 631 to 0
D/dalvikvm(  575): Restored priority on 631 to 10
E/SurfaceFlinger(   37): ro.sf.lcd_density must be defined as a build property
I/Choreographer(  358): Skipped 36 frames!  The application may be doing too much work on its main thread.
E/Trace   (  649): error opening trace file: No such file or directory (2)
D/dalvikvm(  575): GC_CONCURRENT freed 171K, 9% free 2619K/2848K, paused 1585ms+181ms, total 1922ms
I/Choreographer(  358): Skipped 95 frames!  The application may be doing too much work on its main thread.
W/WindowManager(  358): Window freeze timeout expired.
W/WindowManager(  358): Force clearing orientation change: Window{410042a0 u0 StatusBar}
D/CAT     (  506): CatService: Running CAT service. STK app installed:false
D/CAT     (  506): CatService: NEW sInstance
D/PhoneStatusBar(  451): disable: < expand icons alerts ticker system_info BACK* HOME* RECENT* CLOCK* SEARCH* >
I/Choreographer(  451): Skipped 1690 frames!  The application may be doing too much work on its main thread.
D/dalvikvm(  451): GC_CONCURRENT freed 155K, 6% free 3883K/4096K, paused 4ms+75ms, total 639ms
D/gralloc_goldfish(  451): Emulator without GPU emulation detected.
I/DownloadManager(  649): in removeSpuriousFiles
D/CAT     (  506): CatService: SIM ready. Reporting STK service running now...
D/dalvikvm(  358): GREF has increased to 401
D/dalvikvm(  529): GC_FOR_ALLOC freed 46K, 4% free 2855K/2956K, paused 396ms, total 446ms
I/dalvikvm-heap(  529): Grow heap (frag case) to 4.212MB for 1440016-byte allocation
D/dalvikvm(  506): GC_CONCURRENT freed 277K, 11% free 2766K/3100K, paused 4ms+127ms, total 224ms
D/MccTable(  506): updateMccMncConfiguration: mcc=310, mnc=260
D/TelephonyManager(  506): getLteOnCdmaMode=0 curVal=-1 product_type='' lteOnCdmaProductType=''
D/MccTable(  506): locale set to en_us
D/MccTable(  506): WIFI_COUNTRY_CODE set to us
D/dalvikvm(  529): GC_CONCURRENT freed 11K, 3% free 4250K/4364K, paused 10ms+3ms, total 228ms
I/WifiService(  358): WifiService trying to set country code to us with persist set to true
I/ActivityManager(  358): Config changes=1403 {1.0 310mcc260mnc en_US ldltr sw320dp w320dp h508dp 240dpi nrml long port finger -keyb/v/h tball/v s.4}
W/SurfaceFlinger(   37): createScreenshotSurface failed (Function not implemented)
I/Choreographer(  451): Skipped 156 frames!  The application may be doing too much work on its main thread.
D/MccTable(  506): updateMccMncConfiguration: mcc=310, mnc=260
D/TelephonyManager(  506): getLteOnCdmaMode=0 curVal=-1 product_type='' lteOnCdmaProductType=''
D/MccTable(  506): locale set to en_us
D/MccTable(  506): WIFI_COUNTRY_CODE set to us
I/WifiService(  358): WifiService trying to set country code to us with persist set to true
I/ActivityManager(  358): Config changes=1400 {1.0 310mcc260mnc en_US ldltr sw320dp w320dp h508dp 240dpi nrml long port finger -keyb/v/h tball/v s.5}
I/Choreographer(  451): Skipped 81 frames!  The application may be doing too much work on its main thread.
W/WindowManager(  358): Window freeze timeout expired.
W/WindowManager(  358): Force clearing orientation change: Window{40d95d50 u0 Keyguard}
D/dalvikvm(  358): GC_CONCURRENT freed 1603K, 22% free 6086K/7752K, paused 7ms+24ms, total 645ms
D/dalvikvm(  358): WAIT_FOR_CONCURRENT_GC blocked 151ms
D/dalvikvm(  506): GC_CONCURRENT freed 307K, 10% free 3008K/3328K, paused 59ms+116ms, total 582ms
D/dalvikvm(  358): GC_CONCURRENT freed 371K, 15% free 6646K/7752K, paused 7ms+52ms, total 230ms
D/dalvikvm(  358): WAIT_FOR_CONCURRENT_GC blocked 108ms
D/dalvikvm(  358): WAIT_FOR_CONCURRENT_GC blocked 198ms
D/dalvikvm(  358): WAIT_FOR_CONCURRENT_GC blocked 201ms
D/dalvikvm(  358): WAIT_FOR_CONCURRENT_GC blocked 251ms
W/WindowManager(  358): App freeze timeout expired.
W/WindowManager(  358): Force clearing freeze: AppWindowToken{40f48998 token=Token{40dfac70 ActivityRecord{40e49d00 u0 com.android.launcher/com.android.launcher2.Launcher}}}
I/Choreographer(  358): Skipped 1383 frames!  The application may be doing too much work on its main thread.
D/dalvikvm(  358): GC_FOR_ALLOC freed 414K, 15% free 6649K/7752K, paused 114ms, total 128ms
I/dalvikvm-heap(  358): Grow heap (frag case) to 7.629MB for 1128976-byte allocation
D/dalvikvm(  358): GC_FOR_ALLOC freed 883K, 23% free 6868K/8856K, paused 54ms, total 54ms
I/Choreographer(  358): Skipped 145 frames!  The application may be doing too much work on its main thread.
D/dalvikvm(  358): GC_CONCURRENT freed 49K, 23% free 6883K/8856K, paused 116ms+152ms, total 1378ms
D/dalvikvm(  358): WAIT_FOR_CONCURRENT_GC blocked 643ms
D/dalvikvm(  506): GC_CONCURRENT freed 522K, 17% free 2883K/3460K, paused 353ms+5ms, total 725ms
D/dalvikvm(  529): GC_CONCURRENT freed 200K, 6% free 4624K/4880K, paused 14ms+3ms, total 390ms
W/ServiceWatcher(  358): com.google.android.location not found
I/Choreographer(  358): Skipped 456 frames!  The application may be doing too much work on its main thread.
D/dalvikvm(  358): GC_EXPLICIT freed 28K, 23% free 6893K/8856K, paused 5ms+54ms, total 567ms
I//system/bin/fsck_msdos(   32): ** Phase 2 - Check Cluster Chains
I//system/bin/fsck_msdos(   32): ** Phase 3 - Checking Directories
I//system/bin/fsck_msdos(   32): ** Phase 4 - Checking for Lost Files
I//system/bin/fsck_msdos(   32): 13 files, 1044446 free (522223 clusters)
I/Vold    (   32): Filesystem check completed OK
I/Vold    (   32): Device /dev/block/vold/179:0, target /mnt/sdcard mounted @ /mnt/secure/staging
D/Vold    (   32): Volume sdcard state changing 3 (Checking) -> 4 (Mounted)
D/MountService(  358): volume state changed for /mnt/sdcard (checking -> mounted)
E/VoldConnector(  358): NDC Command {3 volume mount /mnt/sdcard} took too long (39952ms)
I/PackageManager(  358): Updating external media status from unmounted to mounted
D/MountService(  358): sendStorageIntent Intent { act=android.intent.action.MEDIA_MOUNTED dat=file:///mnt/sdcard (has extras) } to UserHandle{-1}
D/dalvikvm(  529): GC_FOR_ALLOC freed 314K, 8% free 4840K/5212K, paused 86ms, total 101ms
I/dalvikvm-heap(  529): Grow heap (frag case) to 6.152MB for 1440016-byte allocation
E/VoldConnector(  358): NDC Command {4 asec list} took too long (1349ms)
D/dalvikvm(  529): GC_FOR_ALLOC freed 28K, 7% free 6218K/6620K, paused 118ms, total 118ms
D/dalvikvm(  529): GC_CONCURRENT freed <1K, 7% free 6218K/6620K, paused 4ms+3ms, total 116ms
I/PackageManager(  358): No secure containers on sdcard
W/PackageManager(  358): Unknown permission com.google.android.googleapps.permission.GOOGLE_AUTH.mail in package com.android.contacts
W/PackageManager(  358): Unknown permission android.permission.ADD_SYSTEM_SERVICE in package com.android.phone
W/PackageManager(  358): Unknown permission com.android.smspush.WAPPUSH_MANAGER_BIND in package com.android.phone
W/PackageManager(  358): Unknown permission com.google.android.googleapps.permission.GOOGLE_AUTH in package com.android.providers.calendar
W/PackageManager(  358): Unknown permission com.google.android.googleapps.permission.GOOGLE_AUTH.cl in package com.android.providers.calendar
W/PackageManager(  358): Unknown permission com.google.android.googleapps.permission.GOOGLE_AUTH.mail in package com.android.calendar
W/PackageManager(  358): Not granting permission android.permission.SEND_DOWNLOAD_COMPLETED_INTENTS to package com.android.browser (protectionLevel=2 flags=0x89be45)
W/PackageManager(  358): Not granting permission android.permission.BIND_APPWIDGET to package com.android.widgetpreview (protectionLevel=18 flags=0x8be44)
W/PackageManager(  358): Unknown permission com.google.android.googleapps.permission.GOOGLE_AUTH in package com.android.settings
W/PackageManager(  358): Unknown permission com.google.android.gallery3d.permission.GALLERY_PROVIDER in package com.android.exchange
W/PackageManager(  358): Unknown permission com.google.android.googleapps.permission.ACCESS_GOOGLE_PASSWORD in package com.android.development
W/PackageManager(  358): Unknown permission com.google.android.googleapps.permission.GOOGLE_AUTH in package com.android.development
W/PackageManager(  358): Unknown permission com.google.android.googleapps.permission.GOOGLE_AUTH.ALL_SERVICES in package com.android.development
W/PackageManager(  358): Unknown permission com.google.android.googleapps.permission.GOOGLE_AUTH.YouTubeUser in package com.android.development
W/PackageManager(  358): Unknown permission com.google.android.gallery3d.permission.GALLERY_PROVIDER in package com.android.email
W/PackageManager(  358): Not granting permission android.permission.DEVICE_POWER to package com.android.deskclock (protectionLevel=2 flags=0x88be45)
W/ServiceWatcher(  358): com.google.android.location not found
W/LocationManagerService(  358): no network location provider found
W/ServiceWatcher(  358): com.google.android.location not found
I/ActivityManager(  358): Start proc com.android.location.fused for service com.android.location.fused/.FusedLocationService: pid=751 uid=10022 gids={50022, 1028}
E/Trace   (  751): error opening trace file: No such file or directory (2)
D/Launcher.Model(  529): Reload apps on config change. curr_mcc:310 prevmcc:0
I/Choreographer(  529): Skipped 1531 frames!  The application may be doing too much work on its main thread.
E/SurfaceFlinger(   37): ro.sf.lcd_density must be defined as a build property
I/Choreographer(  529): Skipped 52 frames!  The application may be doing too much work on its main thread.
D/gralloc_goldfish(  529): Emulator without GPU emulation detected.
D/MediaScannerReceiver(  649): action: android.intent.action.MEDIA_MOUNTED path: /mnt/sdcard
D/dalvikvm(  529): GC_FOR_ALLOC freed 1488K, 27% free 5042K/6820K, paused 120ms, total 178ms
I/dalvikvm-heap(  529): Grow heap (frag case) to 6.371MB for 1463056-byte allocation
W/ServiceWatcher(  358): com.google.android.location not found
E/LocationManagerService(  358): no geocoder provider found
D/dalvikvm(  529): GC_CONCURRENT freed 6K, 22% free 6464K/8252K, paused 5ms+3ms, total 262ms
D/dalvikvm(  529): WAIT_FOR_CONCURRENT_GC blocked 258ms
D/dalvikvm(  529): GC_FOR_ALLOC freed <1K, 22% free 6464K/8252K, paused 26ms, total 26ms
I/dalvikvm-heap(  529): Grow heap (frag case) to 7.759MB for 1463056-byte allocation
D/dalvikvm(  529): GC_FOR_ALLOC freed 0K, 19% free 7893K/9684K, paused 50ms, total 50ms
D/dalvikvm(  529): GC_CONCURRENT freed <1K, 18% free 7987K/9684K, paused 22ms+4ms, total 185ms
D/dalvikvm(  529): WAIT_FOR_CONCURRENT_GC blocked 382ms
W/ActivityManager(  358): Activity idle timeout for ActivityRecord{40e49d00 u0 com.android.launcher/com.android.launcher2.Launcher}
I/ActivityManager(  358): Start proc com.android.contacts for broadcast com.android.contacts/.calllog.CallLogReceiver: pid=773 uid=10001 gids={50001, 3003, 1015, 1028}
D/dalvikvm(   38): GC_EXPLICIT freed 34K, 4% free 2381K/2472K, paused 3ms+3ms, total 163ms
D/dalvikvm(   38): GC_EXPLICIT freed <1K, 4% free 2381K/2472K, paused 6ms+18ms, total 81ms
I/ActivityManager(  358): Displayed com.android.launcher/com.android.launcher2.Launcher: +41s566ms
I/Choreographer(  358): Skipped 112 frames!  The application may be doing too much work on its main thread.
D/dalvikvm(   38): GC_EXPLICIT freed <1K, 4% free 2382K/2472K, paused 3ms+89ms, total 188ms
I/Choreographer(  529): Skipped 467 frames!  The application may be doing too much work on its main thread.
E/SurfaceFlinger(   37): ro.sf.lcd_density must be defined as a build property
E/Trace   (  773): error opening trace file: No such file or directory (2)
D/dalvikvm(  451): GC_FOR_ALLOC freed 83K, 5% free 3904K/4108K, paused 225ms, total 247ms
I/dalvikvm-heap(  451): Grow heap (frag case) to 9.978MB for 6410576-byte allocation
D/dalvikvm(  451): GC_CONCURRENT freed 3K, 3% free 10161K/10372K, paused 6ms+90ms, total 216ms
W/dalvikvm(  358): threadid=2: spin on suspend #1 threadid=54 (pcf=0)
D/dalvikvm(  358): Temporarily moving tid 497 to fg (was 0)
D/dalvikvm(  358): Temporarily raised priority on tid 497 (10 -> 0)
W/dalvikvm(  358): threadid=2: spin on suspend resolved in 1045 msec
D/dalvikvm(  358): Restored policy of 497 to 0
D/dalvikvm(  358): Restored priority on 497 to 10
W/WindowManager(  358): Window freeze timeout expired.
W/WindowManager(  358): Force clearing orientation change: Window{40f2b578 u0 com.android.systemui.ImageWallpaper}
I/Choreographer(  358): Skipped 58 frames!  The application may be doing too much work on its main thread.
D/dalvikvm(  451): GC_FOR_ALLOC freed <1K, 3% free 10161K/10372K, paused 177ms, total 178ms
D/dalvikvm(  358): GC_CONCURRENT freed 2275K, 36% free 5682K/8852K, paused 1104ms+48ms, total 1995ms
D/ConnectivityService(  358): ConnectivityChange for mobile: CONNECTED/CONNECTED
I/dalvikvm-heap(  451): Grow heap (frag case) to 12.672MB for 2828816-byte allocation
D/dalvikvm(  451): GC_CONCURRENT freed 0K, 2% free 12924K/13136K, paused 4ms+5ms, total 106ms
D/dalvikvm(  451): WAIT_FOR_CONCURRENT_GC blocked 84ms
E/BluetoothAdapter(  358): Bluetooth binder is null
E/BluetoothAdapter(  358): Bluetooth binder is null
V/WiredAccessoryManager(  358): init()
I/RecoverySystem(  358): No recovery log file
E/SoundPool(  358): error loading /system/media/audio/ui/Effect_Tick.ogg
W/AudioService(  358): Soundpool could not load file: /system/media/audio/ui/Effect_Tick.ogg
E/SoundPool(  358): error loading /system/media/audio/ui/Effect_Tick.ogg
W/AudioService(  358): Soundpool could not load file: /system/media/audio/ui/Effect_Tick.ogg
E/SoundPool(  358): error loading /system/media/audio/ui/Effect_Tick.ogg
W/AudioService(  358): Soundpool could not load file: /system/media/audio/ui/Effect_Tick.ogg
E/SoundPool(  358): error loading /system/media/audio/ui/Effect_Tick.ogg
W/AudioService(  358): Soundpool could not load file: /system/media/audio/ui/Effect_Tick.ogg
E/SoundPool(  358): error loading /system/media/audio/ui/Effect_Tick.ogg
W/AudioService(  358): Soundpool could not load file: /system/media/audio/ui/Effect_Tick.ogg
E/SoundPool(  358): error loading /system/media/audio/ui/KeypressStandard.ogg
W/AudioService(  358): Soundpool could not load file: /system/media/audio/ui/KeypressStandard.ogg
E/SoundPool(  358): error loading /system/media/audio/ui/KeypressSpacebar.ogg
W/AudioService(  358): Soundpool could not load file: /system/media/audio/ui/KeypressSpacebar.ogg
E/SoundPool(  358): error loading /system/media/audio/ui/KeypressDelete.ogg
W/AudioService(  358): Soundpool could not load file: /system/media/audio/ui/KeypressDelete.ogg
E/SoundPool(  358): error loading /system/media/audio/ui/KeypressReturn.ogg
W/AudioService(  358): Soundpool could not load file: /system/media/audio/ui/KeypressReturn.ogg
W/AudioService(  358): loadSoundEffects(), Error -1 while loading samples
I/ActivityManager(  358): Start proc com.android.deskclock for broadcast com.android.deskclock/.AlarmInitReceiver: pid=812 uid=10006 gids={50006, 1028}
I/SurfaceFlinger(   37): Boot is finished (97922 ms)
I/ActivityManager(  358): Config changes=1400 {1.0 310mcc260mnc en_US ldltr sw320dp w320dp h508dp 240dpi nrml long port finger -keyb/v/h tball/v s.6}
E/Trace   (  812): error opening trace file: No such file or directory (2)
I/Choreographer(  451): Skipped 86 frames!  The application may be doing too much work on its main thread.
I/PowerManagerService(  358): Boot animation finished.
I/Choreographer(  358): Skipped 150 frames!  The application may be doing too much work on its main thread.
D/dalvikvm(  358): GC_CONCURRENT freed 495K, 33% free 5985K/8852K, paused 5ms+20ms, total 132ms
D/dalvikvm(  358): WAIT_FOR_CONCURRENT_GC blocked 82ms
D/dalvikvm(  358): GC_CONCURRENT freed 447K, 29% free 6322K/8852K, paused 45ms+7ms, total 116ms
V/AlarmClock(  812): No next alarm
V/AlarmClock(  812): AlarmInitReceiver - Reset timers and clear stopwatch data
I/Choreographer(  358): Skipped 1393 frames!  The application may be doing too much work on its main thread.
V/AlarmClock(  812): No next alarm
V/AlarmClock(  812): AlarmInitReceiver finished
D/dalvikvm(  358): GC_FOR_ALLOC freed 146K, 30% free 6260K/8852K, paused 66ms, total 78ms
I/dalvikvm-heap(  358): Grow heap (frag case) to 7.250MB for 1128976-byte allocation
D/dalvikvm(  358): GC_FOR_ALLOC freed 637K, 25% free 6725K/8852K, paused 66ms, total 66ms
I/Choreographer(  358): Skipped 65 frames!  The application may be doing too much work on its main thread.
W/MediaProvider(  649): no database for scanned volume external
D/dalvikvm(  358): GC_CONCURRENT freed 8K, 25% free 6725K/8852K, paused 20ms+77ms, total 278ms
I/Choreographer(  358): Skipped 90 frames!  The application may be doing too much work on its main thread.
D/Tethering(  358): MasterInitialState.processMessage what=3
D/AndroidRuntime(  843): 
D/AndroidRuntime(  843): >>>>>> AndroidRuntime START com.android.internal.os.RuntimeInit <<<<<<
D/AndroidRuntime(  843): CheckJNI is ON
I/Choreographer(  358): Skipped 239 frames!  The application may be doing too much work on its main thread.
D/dalvikvm(  843): Trying to load lib libjavacore.so 0x0
D/dalvikvm(  843): Added shared lib libjavacore.so 0x0
D/dalvikvm(  843): Trying to load lib libnativehelper.so 0x0
D/dalvikvm(  843): Added shared lib libnativehelper.so 0x0
I/FusedLocation(  751): engine started (com.android.location.fused)
I/ActivityManager(  358): Start proc com.android.email for broadcast com.android.email/.service.EmailBroadcastReceiver: pid=844 uid=10019 gids={50019, 3003, 1015, 1028}
E/Trace   (  844): error opening trace file: No such file or directory (2)
I/ActivityManager(  358): Start proc com.android.exchange for service com.android.exchange/.ExchangeService: pid=868 uid=10032 gids={50032, 3003, 1015, 1028}
I/ActivityManager(  358): Start proc com.android.providers.calendar for broadcast com.android.providers.calendar/.CalendarReceiver: pid=879 uid=10023 gids={50023, 3003, 1015, 1028}
D/AndroidRuntime(  843): Calling main entry com.android.commands.am.Am
D/dalvikvm(  843): Note: class Landroid/app/ActivityManagerNative; has 157 unimplemented (abstract) methods
D/dalvikvm(  888): Not late-enabling CheckJNI (already on)
I/ActivityManager(  358): Start proc it.unina.android.ripper_service:android_ripper_service_process for service it.unina.android.ripper_service/.AndroidRipperService: pid=888 uid=10049 gids={50049, 3003, 1028}
D/AndroidRuntime(  843): Shutting down VM
D/dalvikvm(  843): GC_CONCURRENT freed 91K, 16% free 490K/584K, paused 1ms+0ms, total 10ms
E/Trace   (  888): error opening trace file: No such file or directory (2)
E/Trace   (  879): error opening trace file: No such file or directory (2)
E/Trace   (  868): error opening trace file: No such file or directory (2)
V/AndroidRipperService(  888): onCreate()
V/SERVER  (  888): Starting ServerSocket on PORT 8888
V/SERVER  (  888): Started ServerSocket on PORT 8888
V/SERVER  (  888): Ready to accept connections on port: 8888
I/ActivityManager(  358): Start proc com.android.mms for broadcast com.android.mms/.transaction.MmsSystemEventReceiver: pid=915 uid=10029 gids={50029, 3003, 1015, 1028}
D/ExchangeService(  868): !!! EAS ExchangeService, onCreate
E/Trace   (  915): error opening trace file: No such file or directory (2)
I/FusedLocation(  751): engine started (com.android.location.fused)
D/CountryDetector(  358): The first listener is added
V/MmsConfig(  915): mnc/mcc: 310260
V/MmsConfig(  915): tag: bool value: enabledMMS - true
V/MmsConfig(  915): tag: int value: maxMessageSize - 307200
V/MmsConfig(  915): tag: int value: maxImageHeight - 480
V/MmsConfig(  915): tag: int value: maxImageWidth - 640
V/MmsConfig(  915): tag: int value: defaultSMSMessagesPerThread - 500
V/MmsConfig(  915): tag: int value: defaultMMSMessagesPerThread - 50
V/MmsConfig(  915): tag: int value: minMessageCountPerThread - 10
V/MmsConfig(  915): tag: int value: maxMessageCountPerThread - 5000
V/MmsConfig(  915): tag: string value: uaProfUrl - http://www.google.com/oha/rdf/ua-profile-kila.xml
V/MmsConfig(  915): tag: int value: recipientLimit - -1
V/MmsConfig(  915): tag: bool value: enableMultipartSMS - true
V/MmsConfig(  915): tag: int value: smsToMmsTextThreshold - -1
V/MmsConfig(  915): tag: bool value: enableSlideDuration - true
V/MmsConfig(  915): tag: int value: maxMessageTextSize - -1
D/dalvikvm(  358): GREF has increased to 501
W/dalvikvm(  844): threadid=5: spin on suspend #1 threadid=11 (pcf=0)
D/dalvikvm(  844): Temporarily moving tid 864 to fg (was 0)
D/dalvikvm(  844): Temporarily raised priority on tid 864 (10 -> 0)
W/dalvikvm(  844): threadid=5: spin on suspend resolved in 1073 msec
D/dalvikvm(  844): Restored policy of 864 to 0
D/dalvikvm(  844): Restored priority on 864 to 10
I/ActivityManager(  358): Start proc com.android.settings for broadcast com.android.settings/.widget.SettingsAppWidgetProvider: pid=941 uid=1000 gids={41000, 1015, 1028, 3002, 3001, 3003}
D/ExchangeService(  868): !!! EAS ExchangeService, onStartCommand, startingUp = false, running = false
E/Trace   (  941): error opening trace file: No such file or directory (2)
D/Eas Debug(  868): Logging: 
D/ExchangeService(  868): !!! EAS ExchangeService, onStartCommand, startingUp = true, running = false
E/BluetoothAdapter(  941): Bluetooth binder is null
D/AndroidRuntime(  963): 
D/AndroidRuntime(  963): >>>>>> AndroidRuntime START com.android.internal.os.RuntimeInit <<<<<<
D/AndroidRuntime(  963): CheckJNI is ON
D/dalvikvm(  963): Trying to load lib libjavacore.so 0x0
D/dalvikvm(  963): Added shared lib libjavacore.so 0x0
D/dalvikvm(  963): Trying to load lib libnativehelper.so 0x0
D/dalvikvm(  963): Added shared lib libnativehelper.so 0x0
E/BluetoothAdapter(  941): Bluetooth binder is null
I/Choreographer(  451): Skipped 30 frames!  The application may be doing too much work on its main thread.
E/BluetoothAdapter(  941): Bluetooth binder is null
D/MmsSmsDatabaseHelper(  506): [MmsSmsDb] tableName: threads hasAutoIncrement: CREATE TABLE threads (_id INTEGER PRIMARY KEY AUTOINCREMENT,date INTEGER DEFAULT 0,message_count INTEGER DEFAULT 0,recipient_ids TEXT,snippet TEXT,snippet_cs INTEGER DEFAULT 0,read INTEGER DEFAULT 1,type INTEGER DEFAULT 0,error INTEGER DEFAULT 0,has_attachment INTEGER DEFAULT 0) result: true
D/AndroidRuntime(  963): Calling main entry com.android.commands.am.Am
D/dalvikvm(  963): Note: class Landroid/app/ActivityManagerNative; has 157 unimplemented (abstract) methods
I/ActivityManager(  358): Force stopping package es.senselesssolutions.gpl.weightchart appid=10048 user=0
D/dalvikvm(  980): Not late-enabling CheckJNI (already on)
I/ActivityManager(  358): Start proc es.senselesssolutions.gpl.weightchart for added application es.senselesssolutions.gpl.weightchart: pid=980 uid=10048 gids={50048, 1015, 1028}
I/dalvikvm(  980): Turning on JNI app bug workarounds for target SDK version 3...
E/Trace   (  980): error opening trace file: No such file or directory (2)
D/PolideaInstrumentationTestRunner(  980): Creating the Test Runner with arguments: [coverage, class]
D/PolideaInstrumentationTestRunner(  980): Test runner is running with the following parameters:
D/PolideaInstrumentationTestRunner(  980): junitOutputDirectory: /data/data/es.senselesssolutions.gpl.weightchart/files
D/PolideaInstrumentationTestRunner(  980): junitOutputFilePostfix: -TEST.xml
D/PolideaInstrumentationTestRunner(  980): junitNoPackagePrefix: NO_PACKAGE
D/PolideaInstrumentationTestRunner(  980): junitSplitLevel: package
D/PolideaInstrumentationTestRunner(  980): junitSingleFileName: ALL-TEST.xml
D/PolideaInstrumentationTestRunner(  980): Creating output directory if it does not exist
D/PolideaInstrumentationTestRunner(  980): Created directory? false
D/PolideaInstrumentationTestRunner(  980): Deleting old files
D/PolideaInstrumentationTestRunner(  980): Deleting: [/data/data/es.senselesssolutions.gpl.weightchart/files/it.unina.android.ripper-TEST.xml]
D/dalvikvm(  980): GC_CONCURRENT freed 310K, 13% free 2573K/2944K, paused 10ms+15ms, total 72ms
I/System.out(  980): EMMA: collecting runtime coverage data ...
D/PolideaInstrumentationTestRunner(  980): Getting android test runner
D/PolideaInstrumentationTestRunner(  980): JUnit test output enabled
W/dalvikvm(  980): method Landroid/test/InstrumentationTestRunner$StringResultPrinter;.print incorrectly overrides package-private method with same name in Ljunit/textui/ResultPrinter;
D/PolideaInstrumentationTestRunner(  980): Starting test: testApplication(it.unina.android.ripper.RipperTestCase)
I/TestRunner(  980): started: testApplication(it.unina.android.ripper.RipperTestCase)
V/AndroidRipperService(  888): onBind()
V/AndroidRipperService(  888): register()
V/AndroidRipperService(  888): onBind()
I/Choreographer(  358): Skipped 31 frames!  The application may be doing too much work on its main thread.
I/ActivityManager(  358): START u0 {act=android.intent.action.MAIN flg=0x10000000 cmp=es.senselesssolutions.gpl.weightchart/.ChartActivity} from pid 980
D/PermissionCache(   37): checking android.permission.READ_FRAME_BUFFER for uid=1000 => granted (10637 us)
W/WindowManager(  358): Failure taking screenshot for (246x410) to layer 21000
E/SurfaceFlinger(   37): ro.sf.lcd_density must be defined as a build property
I/Choreographer(  358): Skipped 32 frames!  The application may be doing too much work on its main thread.
V/        (  888): ready
V/RipperService(  888): PING
V/AndroidRipperService(  888): mHandler.handleMessage() RECIVED
V/AndroidRipperService(  888): broadcast()
I/AndroidRipper(  980): Recived message: PING
V/RipperTestCase(  980): Not ready to operate!
V/AndroidRipperService(  888): broadcast() done
V/        (  888): ready
D/dalvikvm(  980): GC_FOR_ALLOC freed 115K, 13% free 2609K/2972K, paused 52ms, total 63ms
I/dalvikvm-heap(  980): Grow heap (frag case) to 2.872MB for 281896-byte allocation
D/dalvikvm(  980): GC_FOR_ALLOC freed <1K, 12% free 2884K/3248K, paused 95ms, total 95ms
I/Choreographer(  980): Skipped 58 frames!  The application may be doing too much work on its main thread.
E/SurfaceFlinger(   37): ro.sf.lcd_density must be defined as a build property
E/SurfaceFlinger(   37): ro.sf.lcd_density must be defined as a build property
I/Choreographer(  980): Skipped 125 frames!  The application may be doing too much work on its main thread.
V/RipperService(  888): PING
V/AndroidRipperService(  888): mHandler.handleMessage() RECIVED
V/AndroidRipperService(  888): broadcast()
I/AndroidRipper(  980): Recived message: PING
V/RipperTestCase(  980): Not ready to operate!
V/AndroidRipperService(  888): broadcast() done
V/        (  888): ready
D/gralloc_goldfish(  980): Emulator without GPU emulation detected.
I/dalvikvm(  358): Jit: resizing JitTable from 4096 to 8192
I/Choreographer(  358): Skipped 30 frames!  The application may be doing too much work on its main thread.
I/ActivityManager(  358): Displayed es.senselesssolutions.gpl.weightchart/.ChartActivity: +3s294ms
D/MmsSmsDatabaseHelper(  506): [MmsSmsDb] tableName: canonical_addresses hasAutoIncrement: CREATE TABLE canonical_addresses (_id INTEGER PRIMARY KEY AUTOINCREMENT,address TEXT) result: true
D/MmsSmsDatabaseHelper(  506): [MmsSmsDb] tableName: part hasAutoIncrement: CREATE TABLE part (_id INTEGER PRIMARY KEY AUTOINCREMENT,mid INTEGER,seq INTEGER DEFAULT 0,ct TEXT,name TEXT,chset INTEGER,cd TEXT,fn TEXT,cid TEXT,cl TEXT,ctt_s INTEGER,ctt_t TEXT,_data TEXT,text TEXT) result: true
D/ExchangeService(  868): Received deviceId from Email app: androidc259148960
D/ExchangeService(  868): Reconciling accounts...
D/ExchangeService(  868): !!! EAS ExchangeService, onStartCommand, startingUp = true, running = false
D/Eas Debug(  868): Logging: 
D/MmsSmsDatabaseHelper(  506): [MmsSmsDb] tableName: pdu hasAutoIncrement: CREATE TABLE pdu (_id INTEGER PRIMARY KEY AUTOINCREMENT,thread_id INTEGER,date INTEGER,date_sent INTEGER DEFAULT 0,msg_box INTEGER,read INTEGER DEFAULT 0,m_id TEXT,sub TEXT,sub_cs INTEGER,ct_t TEXT,ct_l TEXT,exp INTEGER,m_cls TEXT,m_type INTEGER,v INTEGER,m_size INTEGER,pri INTEGER,rr INTEGER,rpt_a INTEGER,resp_st INTEGER,st INTEGER,tr_id TEXT,retr_st INTEGER,retr_txt TEXT,retr_txt_cs INTEGER,read_status INTEGER,ct_cls INTEGER,resp_txt TEXT,d_tm INTEGER,d_rpt INTEGER,locked INTEGER DEFAULT 0,seen INTEGER DEFAULT 0,text_only INTEGER DEFAULT 0) result: true
D/MmsSmsDatabaseHelper(  506): [getWritableDatabase] hasAutoIncrementThreads: true hasAutoIncrementAddresses: true hasAutoIncrementPart: true hasAutoIncrementPdu: true
D/Mms:app (  915): cancelNotification
I/Launcher(  529): setLoadOnResume
V/RipperService(  888): PING
V/AndroidRipperService(  888): mHandler.handleMessage() RECIVED
V/AndroidRipperService(  888): broadcast()
I/AndroidRipper(  980): Recived message: PING
V/RipperTestCase(  980): Not ready to operate!
V/AndroidRipperService(  888): broadcast() done
V/        (  888): ready
I/Launcher(  529): setLoadOnResume
D/dalvikvm(  529): GC_FOR_ALLOC freed 1753K, 21% free 7719K/9672K, paused 38ms, total 83ms
D/dalvikvm(  529): GREF has increased to 201
