I/dalvikvm-heap(  485): Grow heap (frag case) to 4.764MB for 518416-byte allocation
D/dalvikvm(  485): GC_FOR_ALLOC freed <1K, 5% free 4826K/5064K, paused 31ms, total 31ms
D/dalvikvm(  329): GC_FOR_ALLOC freed 7K, 11% free 5974K/6704K, paused 378ms, total 378ms
I/WindowState(  329): WIN DEATH: Window{41053470 u0 StatusBar}
W/InputDispatcher(  329): Attempted to unregister already unregistered input channel '41053470 StatusBar (server)'
D/dalvikvm(  329): GC_FOR_ALLOC freed 156K, 13% free 5865K/6704K, paused 224ms, total 227ms
I/dalvikvm-heap(  329): Grow heap (frag case) to 6.037MB for 261278-byte allocation
D/dalvikvm(  329): GC_FOR_ALLOC freed 6K, 13% free 6114K/6960K, paused 266ms, total 266ms
V/TAG     (  329): bug 7643792: fitSystemWindows([0,0][0,0])
I/Choreographer(  329): Skipped 58 frames!  The application may be doing too much work on its main thread.
I/ActivityManager(  329): Process com.android.systemui (pid 422) has died.
W/ActivityManager(  329): Scheduling restart of crashed service com.android.systemui/.SystemUIService in 0ms
W/ActivityManager(  329): Scheduling restart of crashed service com.android.systemui/.ImageWallpaper in 0ms
I/ActivityManager(  329): Start proc com.android.systemui for restart com.android.systemui: pid=716 uid=10034 gids={50034, 1028, 1015, 3002, 3001}
D/dalvikvm(   38): GC_EXPLICIT freed 34K, 4% free 2381K/2472K, paused 2ms+7ms, total 80ms
D/dalvikvm(   38): GC_EXPLICIT freed <1K, 4% free 2382K/2472K, paused 3ms+3ms, total 63ms
D/DebugService(  477): DebugService DebugService:
D/TelephonyDebugService(  477): TelephonyDebugService()
D/dalvikvm(   38): GC_EXPLICIT freed <1K, 4% free 2382K/2472K, paused 2ms+3ms, total 76ms
D/dalvikvm(  485): GREF has increased to 201
I/Choreographer(  485): Skipped 1290 frames!  The application may be doing too much work on its main thread.
W/GpsLocationProvider(  329): Could not open GPS configuration file /etc/gps.conf
W/ServiceWatcher(  329): com.google.android.location not found
I/Choreographer(  485): Skipped 38 frames!  The application may be doing too much work on its main thread.
W/ServiceWatcher(  329): com.google.android.location not found
D/dalvikvm(  477): GC_CONCURRENT freed 330K, 13% free 2674K/3060K, paused 4ms+78ms, total 114ms
W/LocationManagerService(  329): no network location provider found
W/ServiceWatcher(  329): com.google.android.location not found
I/Choreographer(  329): Skipped 96 frames!  The application may be doing too much work on its main thread.
E/Trace   (  716): error opening trace file: No such file or directory (2)
W/Settings(  477): Setting auto_time_zone has moved from android.provider.Settings.System to android.provider.Settings.Global, returning read-only value.
D/SystemUIService(  716): loading: class com.android.systemui.statusbar.phone.PhoneStatusBar
D/SystemUIService(  716): running: com.android.systemui.statusbar.phone.PhoneStatusBar@40cda8e0
I/StatusBarManagerService(  329): registerStatusBar bar=com.android.internal.statusbar.IStatusBar$Stub$Proxy@40ef3a98
I/Choreographer(  485): Skipped 539 frames!  The application may be doing too much work on its main thread.
D/CAT     (  477): CatService: Running CAT service. STK app installed:false
D/CAT     (  477): CatService: NEW sInstance
D/dalvikvm(  716): GC_CONCURRENT freed 120K, 7% free 2666K/2844K, paused 5ms+2ms, total 214ms
D/dalvikvm(  716): WAIT_FOR_CONCURRENT_GC blocked 180ms
I/dalvikvm-heap(  716): Grow heap (frag case) to 3.261MB for 635812-byte allocation
D/dalvikvm(  716): GC_FOR_ALLOC freed 5K, 6% free 3282K/3468K, paused 196ms, total 196ms
D/CAT     (  477): CatService: SIM ready. Reporting STK service running now...
W/WindowManager(  329): ***** BOOT TIMEOUT: forcing display enabled
I/SurfaceFlinger(   37): Boot is finished (90011 ms)
I/ActivityManager(  329): Config changes=1400 {1.0 ?mcc?mnc en_US ldltr sw320dp w320dp h508dp 240dpi nrml long port finger -keyb/v/h tball/v s.4}
I/PowerManagerService(  329): Boot animation finished.
I/Choreographer(  329): Skipped 66 frames!  The application may be doing too much work on its main thread.
D/MccTable(  477): updateMccMncConfiguration: mcc=310, mnc=260
D/TelephonyManager(  477): getLteOnCdmaMode=0 curVal=-1 product_type='' lteOnCdmaProductType=''
D/MccTable(  477): locale set to en_us
D/MccTable(  477): WIFI_COUNTRY_CODE set to us
I/WifiService(  329): WifiService trying to set country code to us with persist set to true
I/ActivityManager(  329): Config changes=1403 {1.0 310mcc260mnc en_US ldltr sw320dp w320dp h508dp 240dpi nrml long port finger -keyb/v/h tball/v s.5}
W/SurfaceFlinger(   37): createScreenshotSurface failed (Function not implemented)
D/dalvikvm(  477): GC_CONCURRENT freed 282K, 11% free 2777K/3116K, paused 10ms+3ms, total 165ms
D/Launcher.Model(  485): Reload apps on config change. curr_mcc:310 prevmcc:0
W/Launcher.Model(  485): LoaderTask running with no launcher (loadAllAppsByBatch)
D/dalvikvm(  329): GC_FOR_ALLOC freed 901K, 16% free 5958K/7088K, paused 100ms, total 112ms
E/BluetoothAdapter(  716): Bluetooth binder is null
W/Settings(  477): Setting auto_time_zone has moved from android.provider.Settings.System to android.provider.Settings.Global, returning read-only value.
E/BluetoothAdapter(  716): Bluetooth binder is null
E/BluetoothAdapter(  716): Bluetooth binder is null
D/MccTable(  477): updateMccMncConfiguration: mcc=310, mnc=260
D/TelephonyManager(  477): getLteOnCdmaMode=0 curVal=-1 product_type='' lteOnCdmaProductType=''
D/MccTable(  477): locale set to en_us
D/MccTable(  477): WIFI_COUNTRY_CODE set to us
I/WifiService(  329): WifiService trying to set country code to us with persist set to true
I/ActivityManager(  329): Config changes=1400 {1.0 310mcc260mnc en_US ldltr sw320dp w320dp h508dp 240dpi nrml long port finger -keyb/v/h tball/v s.6}
D/AndroidRuntime(  767): 
D/AndroidRuntime(  767): >>>>>> AndroidRuntime START com.android.internal.os.RuntimeInit <<<<<<
D/AndroidRuntime(  767): CheckJNI is ON
D/dalvikvm(  767): Trying to load lib libjavacore.so 0x0
D/dalvikvm(  767): Added shared lib libjavacore.so 0x0
D/dalvikvm(  767): Trying to load lib libnativehelper.so 0x0
D/dalvikvm(  767): Added shared lib libnativehelper.so 0x0
D/dalvikvm(  716): GC_CONCURRENT freed 67K, 4% free 3641K/3764K, paused 4ms+108ms, total 230ms
D/dalvikvm(  329): GC_CONCURRENT freed 282K, 8% free 6570K/7088K, paused 6ms+72ms, total 630ms
D/dalvikvm(  329): WAIT_FOR_CONCURRENT_GC blocked 389ms
D/AndroidRuntime(  767): Calling main entry com.android.commands.am.Am
D/dalvikvm(  767): Note: class Landroid/app/ActivityManagerNative; has 157 unimplemented (abstract) methods
D/dalvikvm(  777): Not late-enabling CheckJNI (already on)
I/ActivityManager(  329): Start proc it.unina.android.ripper_service:android_ripper_service_process for service it.unina.android.ripper_service/.AndroidRipperService: pid=777 uid=10049 gids={50049, 3003, 1028}
D/AndroidRuntime(  767): Shutting down VM
D/dalvikvm(  767): GC_CONCURRENT freed 94K, 17% free 499K/596K, paused 0ms+1ms, total 9ms
D/jdwp    (  767): Got wake-up signal, bailing out of select
D/dalvikvm(  767): Debugger has detached; object registry had 1 entries
D/dalvikvm(  477): GC_CONCURRENT freed 312K, 12% free 2917K/3288K, paused 5ms+129ms, total 443ms
E/BluetoothAdapter(  716): Bluetooth binder is null
E/Trace   (  777): error opening trace file: No such file or directory (2)
I/Choreographer(  329): Skipped 989 frames!  The application may be doing too much work on its main thread.
V/AndroidRipperService(  777): onCreate()
V/SERVER  (  777): Starting ServerSocket on PORT 8888
V/SERVER  (  777): Started ServerSocket on PORT 8888
V/SERVER  (  777): Ready to accept connections on port: 8888
D/PhoneStatusBar(  716): disable: < expand icons alerts ticker system_info BACK* HOME* RECENT* CLOCK* SEARCH* >
I/Choreographer(  329): Skipped 96 frames!  The application may be doing too much work on its main thread.
D/dalvikvm(  477): GC_CONCURRENT freed 445K, 15% free 2882K/3384K, paused 4ms+94ms, total 143ms
W/WindowManager(  329): App freeze timeout expired.
W/WindowManager(  329): Force clearing freeze: AppWindowToken{40f8a088 token=Token{40f883d0 ActivityRecord{40f87f98 u0 com.android.launcher/com.android.launcher2.Launcher}}}
D/dalvikvm(  329): GC_CONCURRENT freed 796K, 12% free 6766K/7628K, paused 5ms+120ms, total 624ms
D/dalvikvm(  329): WAIT_FOR_CONCURRENT_GC blocked 306ms
D/dalvikvm(  329): WAIT_FOR_CONCURRENT_GC blocked 517ms
I/dalvikvm-heap(  329): Grow heap (frag case) to 7.828MB for 1128976-byte allocation
D/dalvikvm(  329): GC_FOR_ALLOC freed 931K, 21% free 7023K/8820K, paused 388ms, total 389ms
D/AndroidRuntime(  805): 
D/AndroidRuntime(  805): >>>>>> AndroidRuntime START com.android.internal.os.RuntimeInit <<<<<<
D/AndroidRuntime(  805): CheckJNI is ON
D/dalvikvm(  805): Trying to load lib libjavacore.so 0x0
D/dalvikvm(  805): Added shared lib libjavacore.so 0x0
D/dalvikvm(  805): Trying to load lib libnativehelper.so 0x0
D/dalvikvm(  805): Added shared lib libnativehelper.so 0x0
E/BluetoothAdapter(  716): Bluetooth binder is null
I/Choreographer(  329): Skipped 431 frames!  The application may be doing too much work on its main thread.
D/SystemUIService(  716): loading: class com.android.systemui.power.PowerUI
D/SystemUIService(  716): running: com.android.systemui.power.PowerUI@40e4b390
D/SystemUIService(  716): loading: class com.android.systemui.media.RingtonePlayer
D/SystemUIService(  716): running: com.android.systemui.media.RingtonePlayer@40e4c170
I/Choreographer(  329): Skipped 61 frames!  The application may be doing too much work on its main thread.
I/Choreographer(  716): Skipped 1624 frames!  The application may be doing too much work on its main thread.
D/AndroidRuntime(  805): Calling main entry com.android.commands.am.Am
D/dalvikvm(  805): Note: class Landroid/app/ActivityManagerNative; has 157 unimplemented (abstract) methods
I/ActivityManager(  329): Force stopping package net.mandaria.tippytipper appid=10048 user=0
D/dalvikvm(  817): Not late-enabling CheckJNI (already on)
I/ActivityManager(  329): Start proc net.mandaria.tippytipper for added application net.mandaria.tippytipper: pid=817 uid=10048 gids={50048, 1015, 3003, 1028}
D/dalvikvm(  329): GC_EXPLICIT freed 1169K, 34% free 5902K/8820K, paused 3ms+25ms, total 367ms
I/dalvikvm(  817): Turning on JNI app bug workarounds for target SDK version 4...
E/Trace   (  817): error opening trace file: No such file or directory (2)
E/SurfaceFlinger(   37): ro.sf.lcd_density must be defined as a build property
V/TAG     (  329): bug 7643792: fitSystemWindows([0,38][0,0])
I/Choreographer(  329): Skipped 45 frames!  The application may be doing too much work on its main thread.
D/dalvikvm(  716): GC_CONCURRENT freed 255K, 8% free 3787K/4100K, paused 4ms+3ms, total 265ms
I/Choreographer(  716): Skipped 469 frames!  The application may be doing too much work on its main thread.
D/gralloc_goldfish(  716): Emulator without GPU emulation detected.
D/dalvikvm(  485): GC_CONCURRENT freed 414K, 9% free 5107K/5580K, paused 525ms+42ms, total 851ms
I/Choreographer(  485): Skipped 2346 frames!  The application may be doing too much work on its main thread.
E/SurfaceFlinger(   37): ro.sf.lcd_density must be defined as a build property
D/dalvikvm(  817): GC_CONCURRENT freed 212K, 10% free 2612K/2888K, paused 5ms+3ms, total 246ms
I/System.out(  817): EMMA: collecting runtime coverage data ...
D/PolideaInstrumentationTestRunner(  817): Creating the Test Runner with arguments: [coverage, class]
D/PolideaInstrumentationTestRunner(  817): Test runner is running with the following parameters:
D/PolideaInstrumentationTestRunner(  817): junitOutputDirectory: /data/data/net.mandaria.tippytipper/files
D/PolideaInstrumentationTestRunner(  817): junitOutputFilePostfix: -TEST.xml
D/PolideaInstrumentationTestRunner(  817): junitNoPackagePrefix: NO_PACKAGE
D/PolideaInstrumentationTestRunner(  817): junitSplitLevel: package
D/PolideaInstrumentationTestRunner(  817): junitSingleFileName: ALL-TEST.xml
D/PolideaInstrumentationTestRunner(  817): Creating output directory if it does not exist
D/PolideaInstrumentationTestRunner(  817): Created directory? false
D/PolideaInstrumentationTestRunner(  817): Deleting old files
D/PolideaInstrumentationTestRunner(  817): Deleting: [/data/data/net.mandaria.tippytipper/files/it.unina.android.ripper-TEST.xml]
D/PolideaInstrumentationTestRunner(  817): Getting android test runner
D/PolideaInstrumentationTestRunner(  817): JUnit test output enabled
W/dalvikvm(  817): method Landroid/test/InstrumentationTestRunner$StringResultPrinter;.print incorrectly overrides package-private method with same name in Ljunit/textui/ResultPrinter;
D/PolideaInstrumentationTestRunner(  817): Starting test: testApplication(it.unina.android.ripper.RipperTestCase)
I/TestRunner(  817): started: testApplication(it.unina.android.ripper.RipperTestCase)
V/AndroidRipperService(  777): onBind()
V/AndroidRipperService(  777): register()
V/        (  777): ready
V/AndroidRipperService(  777): onBind()
I/ActivityManager(  329): START u0 {act=android.intent.action.MAIN flg=0x10000000 cmp=net.mandaria.tippytipper/.activities.TippyTipper} from pid 817
D/PermissionCache(   37): checking android.permission.READ_FRAME_BUFFER for uid=1000 => granted (8490 us)
W/WindowManager(  329): Failure taking screenshot for (246x410) to layer 21000
V/RipperService(  777): PING
V/AndroidRipperService(  777): mHandler.handleMessage() RECIVED
V/AndroidRipperService(  777): broadcast()
I/AndroidRipper(  817): Recived message: PING
V/RipperTestCase(  817): Not ready to operate!
V/AndroidRipperService(  777): broadcast() done
V/        (  777): ready
V/RipperService(  777): PING
V/AndroidRipperService(  777): mHandler.handleMessage() RECIVED
V/AndroidRipperService(  777): broadcast()
I/AndroidRipper(  817): Recived message: PING
V/RipperTestCase(  817): Not ready to operate!
E/SurfaceFlinger(   37): ro.sf.lcd_density must be defined as a build property
V/AndroidRipperService(  777): broadcast() done
V/        (  777): ready
I/Choreographer(  329): Skipped 33 frames!  The application may be doing too much work on its main thread.
D/dalvikvm(  817): GC_CONCURRENT freed 300K, 12% free 2738K/3104K, paused 4ms+35ms, total 103ms
D/FlurryAgent(  817): Starting new session
D/FlurryAgent(  817): Sending report to: http://data.flurry.com/aar.do
V/RipperService(  777): PING
V/AndroidRipperService(  777): mHandler.handleMessage() RECIVED
V/AndroidRipperService(  777): broadcast()
I/AndroidRipper(  817): Recived message: PING
V/RipperTestCase(  817): Not ready to operate!
V/AndroidRipperService(  777): broadcast() done
V/        (  777): ready
E/SurfaceFlinger(   37): ro.sf.lcd_density must be defined as a build property
D/gralloc_goldfish(  817): Emulator without GPU emulation detected.
I/ActivityManager(  329): Start proc com.android.location.fused for service com.android.location.fused/.FusedLocationService: pid=834 uid=10022 gids={50022, 1028}
I/ActivityManager(  329): Displayed net.mandaria.tippytipper/.activities.TippyTipper: +3s55ms
E/Trace   (  834): error opening trace file: No such file or directory (2)
W/ServiceWatcher(  329): com.google.android.location not found
E/LocationManagerService(  329): no geocoder provider found
W/WallpaperService(  329): Failed attaching wallpaper; clearing
W/WallpaperService(  329): android.os.DeadObjectException
W/WallpaperService(  329): 	at android.os.BinderProxy.transact(Native Method)
W/WallpaperService(  329): 	at android.service.wallpaper.IWallpaperService$Stub$Proxy.attach(IWallpaperService.java:95)
W/WallpaperService(  329): 	at com.android.server.WallpaperManagerService.attachServiceLocked(WallpaperManagerService.java:960)
W/WallpaperService(  329): 	at com.android.server.WallpaperManagerService$WallpaperConnection.onServiceConnected(WallpaperManagerService.java:233)
W/WallpaperService(  329): 	at android.app.LoadedApk$ServiceDispatcher.doConnected(LoadedApk.java:1101)
W/WallpaperService(  329): 	at android.app.LoadedApk$ServiceDispatcher$RunConnection.run(LoadedApk.java:1118)
W/WallpaperService(  329): 	at android.os.Handler.handleCallback(Handler.java:725)
W/WallpaperService(  329): 	at android.os.Handler.dispatchMessage(Handler.java:92)
W/WallpaperService(  329): 	at android.os.Looper.loop(Looper.java:137)
W/WallpaperService(  329): 	at com.android.server.ServerThread.run(SystemServer.java:1000)
V/RipperService(  777): PING
V/AndroidRipperService(  777): mHandler.handleMessage() RECIVED
V/AndroidRipperService(  777): broadcast()
I/AndroidRipper(  817): Recived message: PING
V/RipperTestCase(  817): Not ready to operate!
V/AndroidRipperService(  777): broadcast() done
V/        (  777): ready
I/RecoverySystem(  329): No recovery log file
I/dalvikvm(  329): Jit: resizing JitTable from 4096 to 8192
I/ActivityManager(  329): Start proc com.android.deskclock for broadcast com.android.deskclock/.AlarmInitReceiver: pid=853 uid=10006 gids={50006, 1028}
I/AndroidRipper(  817): [RipperTestCase] Ready to operate after restarting...
E/Trace   (  853): error opening trace file: No such file or directory (2)
D/dalvikvm(  329): GC_CONCURRENT freed 984K, 25% free 5784K/7712K, paused 6ms+7ms, total 301ms
V/AlarmClock(  853): No next alarm
V/AlarmClock(  853): AlarmInitReceiver - Reset timers and clear stopwatch data
V/AlarmClock(  853): No next alarm
V/AlarmClock(  853): AlarmInitReceiver finished
D/ConnectivityService(  329): ConnectivityChange for mobile: CONNECTED/CONNECTED
V/RipperService(  777): PING
V/AndroidRipperService(  777): mHandler.handleMessage() RECIVED
V/AndroidRipperService(  777): broadcast()
I/AndroidRipper(  817): Recived message: PING
V/AndroidRipperService(  777): send()
I/System.out(  777): {"type":"PONG","index":"6"}
V/AndroidRipperService(  777): broadcast() done
V/        (  777): ready
E/SurfaceFlinger(   37): ro.sf.lcd_density must be defined as a build property
V/RipperService(  777): DSC
V/AndroidRipperService(  777): mHandler.handleMessage() RECIVED
V/AndroidRipperService(  777): broadcast()
I/AndroidRipper(  817): Recived message: DSC
V/RipperTestCase(  817): DSC : net.mandaria.tippytipper
V/AndroidRipperService(  777): broadcast() done
V/        (  777): ready
D/dalvikvm(  716): GC_FOR_ALLOC freed 69K, 5% free 3903K/4096K, paused 48ms, total 53ms
D/dalvikvm(  329): GC_CONCURRENT freed 524K, 21% free 6115K/7712K, paused 6ms+7ms, total 195ms
D/dalvikvm(  329): WAIT_FOR_CONCURRENT_GC blocked 19ms
D/dalvikvm(  329): WAIT_FOR_CONCURRENT_GC blocked 96ms
D/dalvikvm(  329): WAIT_FOR_CONCURRENT_GC blocked 73ms
D/dalvikvm(  329): WAIT_FOR_CONCURRENT_GC blocked 168ms
I/dalvikvm-heap(  716): Grow heap (frag case) to 9.977MB for 6410576-byte allocation
D/dalvikvm(  716): GC_CONCURRENT freed 2K, 2% free 10161K/10360K, paused 4ms+4ms, total 89ms
I/ActivityManager(  329): Start proc com.android.email for broadcast com.android.email/.service.EmailBroadcastReceiver: pid=876 uid=10019 gids={50019, 3003, 1015, 1028}
D/dalvikvm(  817): GC_CONCURRENT freed 187K, 8% free 2991K/3240K, paused 5ms+44ms, total 136ms
E/Trace   (  876): error opening trace file: No such file or directory (2)
I/Choreographer(  329): Skipped 697 frames!  The application may be doing too much work on its main thread.
V/AndroidRipperService(  777): send()
I/System.out(  777): {"type":"DSC","xml":"<activity title=\"Tippy Tipper\" name=\"TippyTipper\" class=\"net.mandaria.tippytipper.activities.TippyTipper\" menu=\"TRUE\" keypress=\"FALSE\" longkeypress=\"FALSE\" tab_activity=\"FALSE\" tab_count=\"0\" id=\"\" uid=\"\" root_activity=\"TRUE\"\/>\n","index":"8"}
D/dalvikvm(  329): GC_FOR_ALLOC freed 601K, 21% free 6126K/7712K, paused 199ms, total 230ms
I/dalvikvm-heap(  329): Grow heap (frag case) to 7.120MB for 1128976-byte allocation
V/RipperService(  777): EVT
V/AndroidRipperService(  777): mHandler.handleMessage() RECIVED
V/AndroidRipperService(  777): broadcast()
I/AndroidRipper(  817): Recived message: EVT
V/AndroidRipperService(  777): broadcast() done
V/        (  777): ready
D/dalvikvm(  329): GC_FOR_ALLOC freed 404K, 23% free 6824K/8816K, paused 133ms, total 133ms
V/RipperTestCase(  817): DSC : net.mandaria.tippytipper
D/dalvikvm(  716): GC_FOR_ALLOC freed <1K, 2% free 10162K/10360K, paused 74ms, total 75ms
I/Choreographer(  329): Skipped 177 frames!  The application may be doing too much work on its main thread.
D/dalvikvm(  329): GC_CONCURRENT freed 21K, 23% free 6805K/8816K, paused 38ms+32ms, total 383ms
I/Choreographer(  329): Skipped 62 frames!  The application may be doing too much work on its main thread.
I/dalvikvm-heap(  716): Grow heap (frag case) to 12.672MB for 2828816-byte allocation
I/Choreographer(  329): Skipped 31 frames!  The application may be doing too much work on its main thread.
I/FusedLocation(  834): engine started (com.android.location.fused)
I/Choreographer(  329): Skipped 43 frames!  The application may be doing too much work on its main thread.
D/dalvikvm(  716): GC_CONCURRENT freed 0K, 2% free 12924K/13124K, paused 4ms+104ms, total 435ms
D/dalvikvm(  716): WAIT_FOR_CONCURRENT_GC blocked 421ms
I/ActivityManager(  329): Start proc com.android.exchange for service com.android.exchange/.ExchangeService: pid=895 uid=10032 gids={50032, 3003, 1015, 1028}
I/ActivityManager(  329): Start proc com.android.providers.calendar for broadcast com.android.providers.calendar/.CalendarReceiver: pid=902 uid=10023 gids={50023, 3003, 1015, 1028}
D/Tethering(  329): MasterInitialState.processMessage what=3
V/AndroidRipperService(  777): send()
I/System.out(  777): {"type":"ACK","index":"10"}
V/RipperService(  777): DSC
V/AndroidRipperService(  777): mHandler.handleMessage() RECIVED
V/AndroidRipperService(  777): broadcast()
I/AndroidRipper(  817): Recived message: DSC
V/AndroidRipperService(  777): broadcast() done
V/        (  777): ready
E/Trace   (  902): error opening trace file: No such file or directory (2)
V/RipperTestCase(  817): DSC : net.mandaria.tippytipper
V/AndroidRipperService(  777): send()
I/System.out(  777): {"type":"DSC","xml":"<activity title=\"Tippy Tipper\" name=\"TippyTipper\" class=\"net.mandaria.tippytipper.activities.TippyTipper\" menu=\"TRUE\" keypress=\"FALSE\" longkeypress=\"FALSE\" tab_activity=\"FALSE\" tab_count=\"0\" id=\"\" uid=\"\" root_activity=\"TRUE\"\/>\n","index":"12"}
V/RipperService(  777): DSC
V/AndroidRipperService(  777): mHandler.handleMessage() RECIVED
V/AndroidRipperService(  777): broadcast()
V/AndroidRipperService(  777): broadcast() done
V/        (  777): ready
I/AndroidRipper(  817): Recived message: DSC
V/RipperTestCase(  817): DSC : net.mandaria.tippytipper
E/Trace   (  895): error opening trace file: No such file or directory (2)
V/AndroidRipperService(  777): send()
I/System.out(  777): {"type":"DSC","xml":"<activity title=\"Tippy Tipper\" name=\"TippyTipper\" class=\"net.mandaria.tippytipper.activities.TippyTipper\" menu=\"TRUE\" keypress=\"FALSE\" longkeypress=\"FALSE\" tab_activity=\"FALSE\" tab_count=\"0\" id=\"\" uid=\"\" root_activity=\"TRUE\"\/>\n","index":"14"}
V/RipperService(  777): COVER
V/AndroidRipperService(  777): mHandler.handleMessage() RECIVED
V/AndroidRipperService(  777): broadcast()
I/AndroidRipper(  817): Recived message: COVER
V/RipperTestCase(  817): Dumping coverage data!
V/RipperTestCase(  817): Dumping coverage data!
V/AndroidRipperService(  777): broadcast() done
V/        (  777): ready
I/System.out(  817): EMMA: runtime coverage data written to [/data/data/net.mandaria.tippytipper/coverage1479806487150.ec] {in 236 ms}
V/AndroidRipperService(  777): send()
I/System.out(  777): {"type":"ACK","index":"16"}
V/RipperService(  777): END
V/AndroidRipperService(  777): mHandler.handleMessage() RECIVED
V/AndroidRipperService(  777): broadcast()
I/AndroidRipper(  817): Recived message: END
V/AndroidRipperService(  777): broadcast() done
V/        (  777): ready
V/SERVER  (  777): ServerSocket on PORT 8888: offline
V/AndroidRipperService(  777): mHandler.handleMessage() DISCONNECTED
V/SERVER  (  777): Ready to accept connections on port: 8888
I/Choreographer(  716): Skipped 132 frames!  The application may be doing too much work on its main thread.
V/AndroidRipperService(  777): unregister()
W/WindowManager(  329): Failure taking screenshot for (246x410) to layer 21005
I/Choreographer(  485): Skipped 111 frames!  The application may be doing too much work on its main thread.
E/SurfaceFlinger(   37): ro.sf.lcd_density must be defined as a build property
I/ActivityManager(  329): Activity reported stop, but no longer stopping: ActivityRecord{40f87f98 u0 com.android.launcher/com.android.launcher2.Launcher}
D/dalvikvm(  329): GREF has increased to 501
I/Choreographer(  485): Skipped 72 frames!  The application may be doing too much work on its main thread.
I/ActivityManager(  329): Start proc com.android.mms for broadcast com.android.mms/.transaction.MmsSystemEventReceiver: pid=930 uid=10029 gids={50029, 3003, 1015, 1028}
D/dalvikvm(  485): GC_FOR_ALLOC freed 2554K, 45% free 3295K/5936K, paused 139ms, total 176ms
E/Trace   (  930): error opening trace file: No such file or directory (2)
D/dalvikvm(  485): GC_CONCURRENT freed 29K, 37% free 3773K/5936K, paused 4ms+24ms, total 163ms
D/dalvikvm(  485): WAIT_FOR_CONCURRENT_GC blocked 138ms
V/AndroidRipperService(  777): unregister()
W/ActivityManager(  329): Duplicate finish request for ActivityRecord{40f3aeb8 u0 net.mandaria.tippytipper/.activities.TippyTipper}
D/dalvikvm(  817): GC_EXPLICIT freed 214K, 9% free 2980K/3272K, paused 5ms+3ms, total 87ms
D/dalvikvm(  485): GC_FOR_ALLOC freed 13K, 29% free 4266K/5936K, paused 243ms, total 251ms
D/dalvikvm(  485): GC_CONCURRENT freed 2K, 20% free 4775K/5936K, paused 6ms+3ms, total 149ms
I/Choreographer(  485): Skipped 232 frames!  The application may be doing too much work on its main thread.
D/ExchangeService(  895): !!! EAS ExchangeService, onCreate
D/dalvikvm(  817): JIT unchain all for threadid=14
D/dalvikvm(  817): GC_EXPLICIT freed 3K, 9% free 2977K/3272K, paused 3ms+291ms, total 368ms
D/PolideaInstrumentationTestRunner(  817): Finished test: testApplication(it.unina.android.ripper.RipperTestCase)
I/TestRunner(  817): finished: testApplication(it.unina.android.ripper.RipperTestCase)
I/TestRunner(  817): passed: testApplication(it.unina.android.ripper.RipperTestCase)
I/System.out(  817): EMMA: runtime coverage data written to [/data/data/net.mandaria.tippytipper/files/coverage.ec] {in 53 ms}
D/PolideaInstrumentationTestRunner(  817): Post processing
D/PolideaInstrumentationTestRunner(  817): Packages: 1
D/PolideaInstrumentationTestRunner(  817): Processing package package it.unina.android.ripper
D/PolideaInstrumentationTestRunner(  817): Writing to file /data/data/net.mandaria.tippytipper/files/it.unina.android.ripper-TEST.xml
D/PolideaInstrumentationTestRunner(  817): closing file
D/AndroidRuntime(  805): Shutting down VM
D/dalvikvm(  805): GC_CONCURRENT freed 99K, 18% free 470K/572K, paused 0ms+2ms, total 9ms
D/jdwp    (  805): Got wake-up signal, bailing out of select
D/dalvikvm(  805): Debugger has detached; object registry had 1 entries
D/CountryDetector(  329): The first listener is added
I/ActivityManager(  329): Force stopping package net.mandaria.tippytipper appid=10048 user=0
I/ActivityManager(  329): Killing proc 817:net.mandaria.tippytipper/u0a10048: force stop net.mandaria.tippytipper
W/InputDispatcher(  329): channel '4107dab0 net.mandaria.tippytipper/net.mandaria.tippytipper.activities.TippyTipper (server)' ~ Consumer closed input channel or an error occurred.  events=0x9
E/InputDispatcher(  329): channel '4107dab0 net.mandaria.tippytipper/net.mandaria.tippytipper.activities.TippyTipper (server)' ~ Channel is unrecoverably broken and will be disposed!
I/WindowState(  329): WIN DEATH: Window{4107dab0 u0 net.mandaria.tippytipper/net.mandaria.tippytipper.activities.TippyTipper}
W/InputDispatcher(  329): Attempted to unregister already unregistered input channel '4107dab0 net.mandaria.tippytipper/net.mandaria.tippytipper.activities.TippyTipper (server)'
V/MmsConfig(  930): mnc/mcc: 310260
V/MmsConfig(  930): tag: bool value: enabledMMS - true
V/MmsConfig(  930): tag: int value: maxMessageSize - 307200
V/MmsConfig(  930): tag: int value: maxImageHeight - 480
V/MmsConfig(  930): tag: int value: maxImageWidth - 640
V/MmsConfig(  930): tag: int value: defaultSMSMessagesPerThread - 500
V/MmsConfig(  930): tag: int value: defaultMMSMessagesPerThread - 50
V/MmsConfig(  930): tag: int value: minMessageCountPerThread - 10
V/MmsConfig(  930): tag: int value: maxMessageCountPerThread - 5000
V/MmsConfig(  930): tag: string value: uaProfUrl - http://www.google.com/oha/rdf/ua-profile-kila.xml
V/MmsConfig(  930): tag: int value: recipientLimit - -1
V/MmsConfig(  930): tag: bool value: enableMultipartSMS - true
V/MmsConfig(  930): tag: int value: smsToMmsTextThreshold - -1
V/MmsConfig(  930): tag: bool value: enableSlideDuration - true
V/MmsConfig(  930): tag: int value: maxMessageTextSize - -1
I/Choreographer(  485): Skipped 338 frames!  The application may be doing too much work on its main thread.
D/gralloc_goldfish(  278): Emulator without GPU emulation detected.
W/InputMethodManagerService(  278): Found no subtypes in a system IME: com.android.inputmethod.pinyin
E/BluetoothAdapter(  337): Bluetooth binder is null
E/BluetoothAdapter(  337): Bluetooth binder is null
D/dalvikvm(  278): GC_CONCURRENT freed 647K, 12% free 5560K/6268K, paused 8ms+59ms, total 1388ms
D/dalvikvm(  278): GREF has increased to 301
W/Settings(  384): Setting airplane_mode_on has moved from android.provider.Settings.System to android.provider.Settings.Global, returning read-only value.
W/Settings(  384): Setting auto_time has moved from android.provider.Settings.System to android.provider.Settings.Global, returning read-only global URI.
W/Settings(  384): Setting auto_time_zone has moved from android.provider.Settings.System to android.provider.Settings.Global, returning read-only global URI.
E/Trace   (  424): error opening trace file: No such file or directory (2)
I/Choreographer(  278): Skipped 3942 frames!  The application may be doing too much work on its main thread.
E/BluetoothAdapter(  337): Bluetooth binder is null
W/ActivityManager(  278): Unable to start service Intent { act=com.android.internal.telephony.IWapPushManager } U=0: not found
D/        (  384): [ApnContext:default] set reason as dataEnabled,current state IDLE
D/        (  384): [ApnContext:default] setRetryCount: 0
D/        (  384): [ApnContext:mms] set reason as dataEnabled,current state IDLE
D/        (  384): [ApnContext:mms] setRetryCount: 0
D/        (  384): [ApnContext:supl] set reason as dataEnabled,current state IDLE
D/        (  384): [ApnContext:supl] setRetryCount: 0
D/        (  384): [ApnContext:hipri] set reason as dataEnabled,current state IDLE
D/        (  384): [ApnContext:hipri] setRetryCount: 0
D/        (  384): [ApnContext:fota] set reason as dataEnabled,current state IDLE
D/        (  384): [ApnContext:fota] setRetryCount: 0
D/        (  384): [ApnContext:ims] set reason as dataEnabled,current state IDLE
D/        (  384): [ApnContext:ims] setRetryCount: 0
D/        (  384): [ApnContext:cbs] set reason as dataEnabled,current state IDLE
D/        (  384): [ApnContext:cbs] setRetryCount: 0
D/dalvikvm(  384): GC_CONCURRENT freed 195K, 9% free 2568K/2820K, paused 4ms+53ms, total 233ms
D/TelephonyManager(  384): getLteOnCdmaMode=0 curVal=-1 product_type='' lteOnCdmaProductType=''
D/CallManager(  384): registerPhone(GSM Handler (com.android.internal.telephony.PhoneProxy) {40d01cf8})
D/dalvikvm(  278): GC_CONCURRENT freed 814K, 14% free 5547K/6424K, paused 50ms+38ms, total 372ms
D/dalvikvm(  278): WAIT_FOR_CONCURRENT_GC blocked 16ms
D/dalvikvm(  278): WAIT_FOR_CONCURRENT_GC blocked 82ms
D/dalvikvm(  278): WAIT_FOR_CONCURRENT_GC blocked 88ms
D/dalvikvm(  278): WAIT_FOR_CONCURRENT_GC blocked 46ms
E/BluetoothAdapter(  384): Bluetooth binder is null
D/dalvikvm(  278): WAIT_FOR_CONCURRENT_GC blocked 139ms
D/dalvikvm(  278): WAIT_FOR_CONCURRENT_GC blocked 118ms
V/TAG     (  278): bug 7643792: fitSystemWindows([0,0][0,0])
D/dalvikvm(  337): GC_CONCURRENT freed 64K, 4% free 3639K/3760K, paused 4ms+159ms, total 382ms
V/TAG     (  278): bug 7643792: fitSystemWindows([0,0][0,0])
E/BluetoothAdapter(  384): Bluetooth binder is null
I/Choreographer(  278): Skipped 89 frames!  The application may be doing too much work on its main thread.
I/ActivityManager(  278): Start proc com.android.music for broadcast com.android.music/.MediaButtonIntentReceiver: pid=444 uid=10025 gids={50025, 3003, 1015, 1028}
E/SurfaceFlinger(   37): ro.sf.lcd_density must be defined as a build property
E/BluetoothAdapter(  337): Bluetooth binder is null
I/dalvikvm(  444): Turning on JNI app bug workarounds for target SDK version 9...
D/dalvikvm(  278): GC_FOR_ALLOC freed 466K, 16% free 5451K/6424K, paused 834ms, total 837ms
I/dalvikvm-heap(  278): Grow heap (frag case) to 6.459MB for 1128976-byte allocation
D/dalvikvm(  278): GC_FOR_ALLOC freed 2K, 13% free 6552K/7528K, paused 716ms, total 716ms
W/ActivityManager(  278): Activity idle timeout for ActivityRecord{40f52768 u0 com.android.launcher/com.android.launcher2.Launcher}
W/WindowManager(  278): Window freeze timeout expired.
W/WindowManager(  278): Force clearing orientation change: Window{40e958c0 u0 Keyguard}
E/BluetoothAdapter(  278): Bluetooth binder is null
E/BluetoothAdapter(  278): Bluetooth binder is null
V/WiredAccessoryManager(  278): init()
E/Trace   (  444): error opening trace file: No such file or directory (2)
I/Choreographer(  278): Skipped 695 frames!  The application may be doing too much work on its main thread.
W/ActivityManager(  278): Timeout executing service: ServiceRecord{40ea89b8 u0 com.android.systemui/.SystemUIService}
D/dalvikvm(  278): GC_CONCURRENT freed 37K, 13% free 6586K/7528K, paused 71ms+265ms, total 1303ms
E/SoundPool(  278): error loading /system/media/audio/ui/Effect_Tick.ogg
W/AudioService(  278): Soundpool could not load file: /system/media/audio/ui/Effect_Tick.ogg
I/Process (  278): Sending signal. PID: 337 SIG: 3
I/dalvikvm(  337): threadid=3: reacting to signal 3
I/Process (  278): Sending signal. PID: 278 SIG: 3
I/dalvikvm(  278): threadid=3: reacting to signal 3
I/dalvikvm(  337): Wrote stack traces to '/data/anr/traces.txt'
D/dalvikvm(  424): GC_CONCURRENT freed 179K, 9% free 2613K/2848K, paused 87ms+55ms, total 354ms
I/dalvikvm(  278): Wrote stack traces to '/data/anr/traces.txt'
E/SoundPool(  278): error loading /system/media/audio/ui/Effect_Tick.ogg
W/AudioService(  278): Soundpool could not load file: /system/media/audio/ui/Effect_Tick.ogg
E/SoundPool(  278): error loading /system/media/audio/ui/Effect_Tick.ogg
W/AudioService(  278): Soundpool could not load file: /system/media/audio/ui/Effect_Tick.ogg
E/SoundPool(  278): error loading /system/media/audio/ui/Effect_Tick.ogg
W/AudioService(  278): Soundpool could not load file: /system/media/audio/ui/Effect_Tick.ogg
E/SoundPool(  278): error loading /system/media/audio/ui/Effect_Tick.ogg
W/AudioService(  278): Soundpool could not load file: /system/media/audio/ui/Effect_Tick.ogg
E/SoundPool(  278): error loading /system/media/audio/ui/KeypressStandard.ogg
W/AudioService(  278): Soundpool could not load file: /system/media/audio/ui/KeypressStandard.ogg
E/SoundPool(  278): error loading /system/media/audio/ui/KeypressSpacebar.ogg
W/AudioService(  278): Soundpool could not load file: /system/media/audio/ui/KeypressSpacebar.ogg
E/SoundPool(  278): error loading /system/media/audio/ui/KeypressDelete.ogg
W/AudioService(  278): Soundpool could not load file: /system/media/audio/ui/KeypressDelete.ogg
E/SoundPool(  278): error loading /system/media/audio/ui/KeypressReturn.ogg
W/AudioService(  278): Soundpool could not load file: /system/media/audio/ui/KeypressReturn.ogg
W/AudioService(  278): loadSoundEffects(), Error -1 while loading samples
I/Process (  278): Sending signal. PID: 384 SIG: 3
I/dalvikvm(  384): threadid=3: reacting to signal 3
D/PhoneStatusBar(  337): disable: < expand icons alerts ticker system_info back home recent clock search >
I/ActivityManager(  278): Start proc com.android.contacts for broadcast com.android.contacts/.calllog.CallLogReceiver: pid=473 uid=10001 gids={50001, 3003, 1015, 1028}
I/Choreographer(  278): Skipped 998 frames!  The application may be doing too much work on its main thread.
I/AudioService(  278):   Remote Control   registerMediaButtonIntent() for PendingIntent{41065e90: PendingIntentRecord{4103f058 com.android.music broadcastIntent}}
I/ActivityManager(  278): Start proc android.process.media for content provider com.android.providers.media/.MediaProvider: pid=484 uid=10000 gids={50000, 1015, 1023, 1024, 1028, 1006, 2001, 3003, 3007}
E/BluetoothAdapter(  337): Bluetooth binder is null
D/dalvikvm(  395): GC_CONCURRENT freed 197K, 9% free 2676K/2932K, paused 1074ms+3ms, total 1819ms
D/dalvikvm(  395): WAIT_FOR_CONCURRENT_GC blocked 50ms
D/SystemUIService(  337): loading: class com.android.systemui.power.PowerUI
D/SystemUIService(  337): running: com.android.systemui.power.PowerUI@40e40950
D/dalvikvm(  278): GC_CONCURRENT freed 182K, 12% free 6684K/7528K, paused 263ms+409ms, total 3065ms
E/Trace   (  473): error opening trace file: No such file or directory (2)
D/SystemUIService(  337): loading: class com.android.systemui.media.RingtonePlayer
D/SystemUIService(  337): running: com.android.systemui.media.RingtonePlayer@40e415d0
I/dalvikvm(  384): Wrote stack traces to '/data/anr/traces.txt'
I/Choreographer(  278): Skipped 509 frames!  The application may be doing too much work on its main thread.
E/Trace   (  484): error opening trace file: No such file or directory (2)
I/Choreographer(  337): Skipped 5456 frames!  The application may be doing too much work on its main thread.
W/dalvikvm(  473): threadid=5: spin on suspend #1 threadid=1 (pcf=0)
W/dalvikvm(  473): threadid=5: spin on suspend resolved in 1318 msec
D/dalvikvm(  278): GC_EXPLICIT freed 1308K, 26% free 5614K/7528K, paused 4ms+45ms, total 742ms
E/SurfaceFlinger(   37): ro.sf.lcd_density must be defined as a build property
V/TAG     (  278): bug 7643792: fitSystemWindows([0,38][0,0])
I/Choreographer(  278): Skipped 100 frames!  The application may be doing too much work on its main thread.
D/PhoneStatusBar(  337): disable: < expand icons alerts ticker system_info BACK* HOME* RECENT* CLOCK* SEARCH* >
I/DownloadManager(  484): in removeSpuriousFiles
W/WindowManager(  278): Window freeze timeout expired.
W/WindowManager(  278): Force clearing orientation change: Window{40ea7c88 u0 StatusBar}
D/dalvikvm(  278): GREF has increased to 401
I/Choreographer(  278): Skipped 246 frames!  The application may be doing too much work on its main thread.
I/Process (  278): Sending signal. PID: 395 SIG: 3
I/dalvikvm(  395): threadid=3: reacting to signal 3
I/Choreographer(  337): Skipped 1297 frames!  The application may be doing too much work on its main thread.
I/Process (  278): Sending signal. PID: 444 SIG: 3
D/dalvikvm(  337): GC_CONCURRENT freed 257K, 8% free 3771K/4084K, paused 23ms+14ms, total 327ms
D/gralloc_goldfish(  337): Emulator without GPU emulation detected.
I/dalvikvm(  395): Wrote stack traces to '/data/anr/traces.txt'
I/Choreographer(  278): Skipped 54 frames!  The application may be doing too much work on its main thread.
E/ActivityManager(  278): ANR in com.android.systemui
E/ActivityManager(  278): Reason: Executing service com.android.systemui/.SystemUIService
E/ActivityManager(  278): Load: 8.05 / 2.17 / 0.74
E/ActivityManager(  278): CPU usage from 0ms to 14673ms later:
E/ActivityManager(  278):   21% 278/system_server: 15% user + 6.4% kernel / faults: 1971 minor 6 major
E/ActivityManager(  278):   19% 37/surfaceflinger: 14% user + 4.3% kernel / faults: 4 minor
E/ActivityManager(  278):   5.4% 395/com.android.launcher: 4.4% user + 1% kernel / faults: 1085 minor 2 major
E/ActivityManager(  278):   5.1% 337/com.android.systemui: 3.6% user + 1.5% kernel / faults: 1368 minor 4 major
E/ActivityManager(  278):   4% 424/android.process.acore: 2.8% user + 1.2% kernel / faults: 1514 minor
E/ActivityManager(  278):   3% 90/bootanimation: 2.6% user + 0.4% kernel
E/ActivityManager(  278):   1.5% 384/com.android.phone: 0.8% user + 0.6% kernel / faults: 216 minor 2 major
E/ActivityManager(  278):   1.5% 444/com.android.music: 0.6% user + 0.8% kernel / faults: 746 minor 3 major
E/ActivityManager(  278):   0.5% 366/com.android.inputmethod.latin: 0.2% user + 0.2% kernel / faults: 79 minor 1 major
E/ActivityManager(  278):   0.2% 31/servicemanager: 0% user + 0.2% kernel
E/ActivityManager(  278):   0.2% 342/fsck_msdos: 0% user + 0.2% kernel / faults: 457 minor
E/ActivityManager(  278):   0.2% 38/zygote: 0.1% user + 0% kernel / faults: 132 minor
E/ActivityManager(  278):   0% 3/ksoftirqd/0: 0% user + 0% kernel
E/ActivityManager(  278):   0% 36/rild: 0% user + 0% kernel / faults: 3 minor
E/ActivityManager(  278):  +0% 473/com.android.contacts: 0% user + 0% kernel
E/ActivityManager(  278):  +0% 484/android.process.media: 0% user + 0% kernel
E/ActivityManager(  278): 100% TOTAL: 69% user + 30% kernel + 0.1% softirq
E/ActivityManager(  278): CPU usage from 10494ms to 12631ms later:
E/ActivityManager(  278):   20% 278/system_server: 16% user + 3.7% kernel / faults: 171 minor
E/ActivityManager(  278):     10% 293/UI: 10% user + 0% kernel
E/ActivityManager(  278):     9.2% 295/ActivityManager: 6.1% user + 3% kernel
E/ActivityManager(  278):     3.7% 284/Compiler: 2.3% user + 1.3% kernel
E/ActivityManager(  278):     2.3% 504/Error dump: sys: 1% user + 1.3% kernel
E/ActivityManager(  278):     1.7% 294/WindowManager: 1.7% user + 0% kernel
E/ActivityManager(  278):     0.6% 278/system_server: 0.6% user + 0% kernel
E/ActivityManager(  278):     0.6% 304/PowerManagerSer: 0.6% user + 0% kernel
E/ActivityManager(  278):     0.6% 421/Binder_6: 0.3% user + 0.3% kernel
E/ActivityManager(  278):     0.3% 289/Binder_1: 0% user + 0.3% kernel
E/ActivityManager(  278):     0.3% 290/Binder_2: 0.3% user + 0% kernel
E/ActivityManager(  278):     0.3% 410/Binder_3: 0% user + 0.3% kernel
E/ActivityManager(  278):     0.3% 413/Binder_4: 0.3% user + 0% kernel
E/ActivityManager(  278):     0.3% 417/Binder_5: 0% user + 0.3% kernel
E/ActivityManager(  278):     0.3% 468/Binder_7: 0% user + 0.3% kernel
E/ActivityManager(  278):     0.3% 471/Binder_8: 0% user + 0.3% kernel
E/ActivityManager(  278):   21% 37/surfaceflinger: 15% user + 6.4% kernel / faults: 4 minor
E/ActivityManager(  278):     14% 71/SurfaceFlinger: 13% user + 1.2% kernel
E/ActivityManager(  278):     6% 82/VSyncThread: 0.4% user + 5.6% kernel
E/ActivityManager(  278):     2.8% 37/surfaceflinger: 1.2% user + 1.6% kernel
E/ActivityManager(  278):     1.2% 87/EventThread: 0.8% user + 0.4% kernel
E/ActivityManager(  278):     1.2% 89/Binder_1: 0% user + 1.2% kernel
E/ActivityManager(  278):     0.4% 312/Binder_2: 0% user + 0.4% kernel
E/ActivityManager(  278):    +0% 510/Binder_3: 0% user + 0% kernel
E/ActivityManager(  278):   9.7% 484/android.process.media: 3.2% user + 6.5% kernel / faults: 699 minor 11 major
E/ActivityManager(  278):     6.9% 484/d.process.media: 1.8% user + 5.1% kernel
E/ActivityManager(  278):     4.6% 491/Compiler: 3.7% user + 0.9% kernel
E/ActivityManager(  278):     2.7% 501/Binder_1: 0.9% user + 1.8% kernel
E/ActivityManager(  278):    +0% 511/Binder_3: 0% user + 0% kernel
E/ActivityManager(  278):   5.7% 337/com.android.systemui: 3.9% user + 1.7% kernel / faults: 47 minor
E/ActivityManager(  278):     7.4% 337/ndroid.systemui: 4.8% user + 2.6% kernel
E/ActivityManager(  278):     0.4% 349/Compiler: 0% user + 0.4% kernel
E/ActivityManager(  278):   4.8% 395/com.android.launcher: 3.5% user + 1.3% kernel / faults: 42 minor
E/ActivityManager(  278):     7.1% 395/ndroid.launcher: 5.3% user + 1.7% kernel
E/ActivityManager(  278):     0.4% 402/Compiler: 0% user + 0.4% kernel
E/ActivityManager(  278):   2.3% 90/bootanimation: 2% user + 0.3% kernel
E/ActivityManager(  278):     3.7% 104/BootAnimation: 3% user + 0.6% kernel
E/ActivityManager(  278):   1.1% 444/com.android.music: 0.8% user + 0.2% kernel / faults: 178 minor
E/ActivityManager(  278):     1.1% 444/m.android.music: 0.8% user + 0.2% kernel
E/ActivityManager(  278):    +0% 512/pool-1-thread-1: 0% user + 0% kernel
E/ActivityManager(  278): 100% TOTAL: 75% user + 25% kernel
W/ActivityManager(  278): Killing ProcessRecord{40ea9130 337:com.android.systemui/u0a10034}: background ANR
I/dalvikvm(  444): threadid=3: reacting to signal 3
D/dalvikvm(  278): GC_FOR_ALLOC freed 453K, 15% free 5791K/6780K, paused 1405ms, total 1407ms
I/dalvikvm-heap(  278): Grow heap (frag case) to 5.947MB for 243184-byte allocation
D/dalvikvm(  278): GC_FOR_ALLOC freed 1K, 15% free 6027K/7020K, paused 275ms, total 275ms
D/dalvikvm(  278): GC_FOR_ALLOC freed 238K, 18% free 5790K/7020K, paused 151ms, total 151ms
W/ActivityManager(  278): Timeout executing service: ServiceRecord{410a7d98 u0 com.android.phone/.TelephonyDebugService}
I/Process (  278): Sending signal. PID: 384 SIG: 3
I/dalvikvm(  384): threadid=3: reacting to signal 3
I/dalvikvm(  384): Wrote stack traces to '/data/anr/traces.txt'
I/Process (  278): Sending signal. PID: 278 SIG: 3
I/dalvikvm(  278): threadid=3: reacting to signal 3
W/InputDispatcher(  278): channel '40ea7c88 StatusBar (server)' ~ Consumer closed input channel or an error occurred.  events=0x9
E/InputDispatcher(  278): channel '40ea7c88 StatusBar (server)' ~ Channel is unrecoverably broken and will be disposed!
I/dalvikvm(  444): Wrote stack traces to '/data/anr/traces.txt'
I//system/bin/fsck_msdos(   32): Attempting to allocate 2044 KB for FAT
I/Process (  278): Sending signal. PID: 337 SIG: 3
I/WindowState(  278): WIN DEATH: Window{40ea7c88 u0 StatusBar}
W/InputDispatcher(  278): Attempted to unregister already unregistered input channel '40ea7c88 StatusBar (server)'
I/ActivityManager(  278): Process com.android.systemui (pid 337) has died.
W/ActivityManager(  278): Scheduling restart of crashed service com.android.systemui/.SystemUIService in 0ms
W/ActivityManager(  278): Scheduling restart of crashed service com.android.systemui/.ImageWallpaper in 0ms
I/Choreographer(  278): Skipped 41 frames!  The application may be doing too much work on its main thread.
I/Choreographer(  278): Skipped 41 frames!  The application may be doing too much work on its main thread.
I/ActivityManager(  278): Start proc com.android.systemui for restart com.android.systemui: pid=521 uid=10034 gids={50034, 1028, 1015, 3002, 3001}
D/dalvikvm(   38): GC_EXPLICIT freed 34K, 4% free 2381K/2472K, paused 3ms+4ms, total 65ms
D/dalvikvm(   38): GC_EXPLICIT freed <1K, 4% free 2382K/2472K, paused 9ms+3ms, total 84ms
D/dalvikvm(   38): GC_EXPLICIT freed <1K, 4% free 2382K/2472K, paused 3ms+3ms, total 110ms
I/dalvikvm(  278): Wrote stack traces to '/data/anr/traces.txt'
D/dalvikvm(  395): GC_CONCURRENT freed 78K, 5% free 3002K/3136K, paused 2ms+1166ms, total 1654ms
V/TAG     (  278): bug 7643792: fitSystemWindows([0,0][0,0])
D/dalvikvm(  384): GC_CONCURRENT freed 314K, 13% free 2652K/3024K, paused 5ms+97ms, total 135ms
W/WindowManager(  278): Window freeze timeout expired.
W/WindowManager(  278): Force clearing orientation change: Window{40e958c0 u0 Keyguard}
D/DebugService(  384): DebugService DebugService:
D/TelephonyDebugService(  384): TelephonyDebugService()
I/Choreographer(  278): Skipped 55 frames!  The application may be doing too much work on its main thread.
E/Trace   (  521): error opening trace file: No such file or directory (2)
W/Settings(  384): Setting auto_time_zone has moved from android.provider.Settings.System to android.provider.Settings.Global, returning read-only value.
D/dalvikvm(  278): GC_EXPLICIT freed 750K, 19% free 5723K/7020K, paused 24ms+8ms, total 1373ms
D/CAT     (  384): CatService: Running CAT service. STK app installed:false
D/CAT     (  384): CatService: NEW sInstance
I/Choreographer(  278): Skipped 1248 frames!  The application may be doing too much work on its main thread.
I/Process (  278): Sending signal. PID: 395 SIG: 3
I/dalvikvm(  395): threadid=3: reacting to signal 3
I/Process (  278): Sending signal. PID: 424 SIG: 3
I/dalvikvm(  424): threadid=3: reacting to signal 3
I/dalvikvm(  395): Wrote stack traces to '/data/anr/traces.txt'
I//system/bin/fsck_msdos(   32): ** Phase 2 - Check Cluster Chains
I//system/bin/fsck_msdos(   32): ** Phase 3 - Checking Directories
I//system/bin/fsck_msdos(   32): ** Phase 4 - Checking for Lost Files
I//system/bin/fsck_msdos(   32): 12 files, 1044448 free (522224 clusters)
I/Vold    (   32): Filesystem check completed OK
I/Vold    (   32): Device /dev/block/vold/179:0, target /mnt/sdcard mounted @ /mnt/secure/staging
D/Vold    (   32): Volume sdcard state changing 3 (Checking) -> 4 (Mounted)
D/MountService(  278): volume state changed for /mnt/sdcard (checking -> mounted)
I/PackageManager(  278): Updating external media status from unmounted to mounted
D/MountService(  278): sendStorageIntent Intent { act=android.intent.action.MEDIA_MOUNTED dat=file:///mnt/sdcard (has extras) } to UserHandle{-1}
E/VoldConnector(  278): NDC Command {3 volume mount /mnt/sdcard} took too long (50714ms)
I/Choreographer(  278): Skipped 192 frames!  The application may be doing too much work on its main thread.
E/ActivityManager(  278): ANR in com.android.phone
E/ActivityManager(  278): Reason: Executing service com.android.phone/.TelephonyDebugService
E/ActivityManager(  278): Load: 10.15 / 2.81 / 0.96
E/ActivityManager(  278): CPU usage from 3629ms to -9795ms ago:
E/ActivityManager(  278):   23% 278/system_server: 17% user + 6% kernel / faults: 1185 minor 1 major
E/ActivityManager(  278):   18% 37/surfaceflinger: 13% user + 4.7% kernel / faults: 1 minor
E/ActivityManager(  278):   8.1% 395/com.android.launcher: 3.8% user + 4.2% kernel / faults: 6960 minor 4 major
