W/Resources(   38): Preloaded drawable resource #0x1080276 (android:drawable/fastscroll_label_right_holo_dark) that varies with configuration!!
D/dalvikvm(   38): GC_EXPLICIT freed 50K, 26% free 2357K/3156K, paused 2ms+3ms, total 45ms
D/dalvikvm(   38): GC_EXPLICIT freed 57K, 26% free 2359K/3156K, paused 2ms+3ms, total 31ms
W/Resources(   38): Preloaded drawable resource #0x1080277 (android:drawable/fastscroll_label_right_holo_light) that varies with configuration!!
D/dalvikvm(   38): GC_EXPLICIT freed 50K, 26% free 2358K/3156K, paused 3ms+2ms, total 31ms
W/Resources(   38): Preloaded drawable resource #0x1080259 (android:drawable/editbox_dropdown_background_dark) that varies with configuration!!
W/Resources(   38): Preloaded drawable resource #0x10805f8 (android:drawable/textfield_search_selected_holo_dark) that varies with configuration!!
W/Resources(   38): Preloaded drawable resource #0x10805ec (android:drawable/textfield_search_default_holo_dark) that varies with configuration!!
W/Resources(   38): Preloaded drawable resource #0x10805ec (android:drawable/textfield_search_default_holo_dark) that varies with configuration!!
W/Resources(   38): Preloaded drawable resource #0x10805f6 (android:drawable/textfield_search_right_selected_holo_light) that varies with configuration!!
W/Resources(   38): Preloaded drawable resource #0x10805f4 (android:drawable/textfield_search_right_default_holo_light) that varies with configuration!!
W/Resources(   38): Preloaded drawable resource #0x10805f4 (android:drawable/textfield_search_right_default_holo_light) that varies with configuration!!
W/Resources(   38): Preloaded drawable resource #0x10805f8 (android:drawable/textfield_search_selected_holo_dark) that varies with configuration!!
W/Resources(   38): Preloaded drawable resource #0x10805ec (android:drawable/textfield_search_default_holo_dark) that varies with configuration!!
W/Resources(   38): Preloaded drawable resource #0x10805f5 (android:drawable/textfield_search_right_selected_holo_dark) that varies with configuration!!
W/Resources(   38): Preloaded drawable resource #0x10805f3 (android:drawable/textfield_search_right_default_holo_dark) that varies with configuration!!
W/Resources(   38): Preloaded drawable resource #0x10805f9 (android:drawable/textfield_search_selected_holo_light) that varies with configuration!!
W/Resources(   38): Preloaded drawable resource #0x10805ed (android:drawable/textfield_search_default_holo_light) that varies with configuration!!
W/Resources(   38): Preloaded drawable resource #0x10805f6 (android:drawable/textfield_search_right_selected_holo_light) that varies with configuration!!
W/Resources(   38): Preloaded drawable resource #0x10805f4 (android:drawable/textfield_search_right_default_holo_light) that varies with configuration!!
D/dalvikvm(   38): GC_EXPLICIT freed 47K, 26% free 2364K/3156K, paused 3ms+69ms, total 141ms
W/Resources(   38): Preloaded drawable resource #0x10805c1 (android:drawable/tab_unselected_holo) that varies with configuration!!
W/Resources(   38): Preloaded drawable resource #0x10805bc (android:drawable/tab_selected_holo) that varies with configuration!!
W/Resources(   38): Preloaded drawable resource #0x10805c0 (android:drawable/tab_unselected_focused_holo) that varies with configuration!!
W/Resources(   38): Preloaded drawable resource #0x10805bb (android:drawable/tab_selected_focused_holo) that varies with configuration!!
W/Resources(   38): Preloaded drawable resource #0x10805c2 (android:drawable/tab_unselected_pressed_holo) that varies with configuration!!
W/Resources(   38): Preloaded drawable resource #0x10805bd (android:drawable/tab_selected_pressed_holo) that varies with configuration!!
W/Resources(   38): Preloaded drawable resource #0x10805c2 (android:drawable/tab_unselected_pressed_holo) that varies with configuration!!
W/Resources(   38): Preloaded drawable resource #0x10805bd (android:drawable/tab_selected_pressed_holo) that varies with configuration!!
W/Resources(   38): Preloaded drawable resource #0x10805bd (android:drawable/tab_selected_pressed_holo) that varies with configuration!!
W/Resources(   38): Preloaded drawable resource #0x10805c1 (android:drawable/tab_unselected_holo) that varies with configuration!!
W/Resources(   38): Preloaded drawable resource #0x10805bc (android:drawable/tab_selected_holo) that varies with configuration!!
W/Resources(   38): Preloaded drawable resource #0x10805c0 (android:drawable/tab_unselected_focused_holo) that varies with configuration!!
W/Resources(   38): Preloaded drawable resource #0x10805bb (android:drawable/tab_selected_focused_holo) that varies with configuration!!
W/Resources(   38): Preloaded drawable resource #0x10805c2 (android:drawable/tab_unselected_pressed_holo) that varies with configuration!!
W/Resources(   38): Preloaded drawable resource #0x10805bd (android:drawable/tab_selected_pressed_holo) that varies with configuration!!
W/Resources(   38): Preloaded drawable resource #0x10804a5 (android:drawable/quickcontact_badge_overlay_pressed_dark) that varies with configuration!!
W/Resources(   38): Preloaded drawable resource #0x10804a0 (android:drawable/quickcontact_badge_overlay_focused_dark) that varies with configuration!!
W/Resources(   38): Preloaded drawable resource #0x10804a3 (android:drawable/quickcontact_badge_overlay_normal_dark) that varies with configuration!!
W/Resources(   38): Preloaded drawable resource #0x10804a3 (android:drawable/quickcontact_badge_overlay_normal_dark) that varies with configuration!!
W/Resources(   38): Preloaded drawable resource #0x10804a3 (android:drawable/quickcontact_badge_overlay_normal_dark) that varies with configuration!!
D/dalvikvm(   38): GC_EXPLICIT freed 56K, 26% free 2365K/3156K, paused 2ms+3ms, total 84ms
W/Resources(   38): Preloaded drawable resource #0x10804a5 (android:drawable/quickcontact_badge_overlay_pressed_dark) that varies with configuration!!
W/Resources(   38): Preloaded drawable resource #0x10804a6 (android:drawable/quickcontact_badge_overlay_pressed_light) that varies with configuration!!
W/Resources(   38): Preloaded drawable resource #0x10804a1 (android:drawable/quickcontact_badge_overlay_focused_light) that varies with configuration!!
W/Resources(   38): Preloaded drawable resource #0x10804a4 (android:drawable/quickcontact_badge_overlay_normal_light) that varies with configuration!!
W/Resources(   38): Preloaded drawable resource #0x10804a4 (android:drawable/quickcontact_badge_overlay_normal_light) that varies with configuration!!
W/Resources(   38): Preloaded drawable resource #0x10804a4 (android:drawable/quickcontact_badge_overlay_normal_light) that varies with configuration!!
W/Resources(   38): Preloaded drawable resource #0x10804a6 (android:drawable/quickcontact_badge_overlay_pressed_light) that varies with configuration!!
I/Zygote  (   38): ...preloaded 270 resources in 9782ms.
D/dalvikvm(   38): WAIT_FOR_CONCURRENT_GC blocked 1ms
D/dalvikvm(   38): GC_EXPLICIT freed 48K, 25% free 2369K/3156K, paused 4ms+3ms, total 133ms
I/Zygote  (   38): ...preloaded 31 resources in 243ms.
D/dalvikvm(   38): GC_EXPLICIT freed 9K, 25% free 2377K/3156K, paused 51ms+46ms, total 135ms
D/dalvikvm(   38): GC_EXPLICIT freed 7K, 25% free 2369K/3156K, paused 3ms+46ms, total 90ms
D/dalvikvm(   38): GC_EXPLICIT freed <1K, 25% free 2369K/3156K, paused 4ms+48ms, total 163ms
I/dalvikvm(   38): System server process 327 has been created
I/Zygote  (   38): Accepting command socket connections
E/BatteryService(  327): usbOnlinePath not found
E/BatteryService(  327): wirelessOnlinePath not found
E/BatteryService(  327): batteryVoltagePath not found
E/BatteryService(  327): batteryTemperaturePath not found
I/sysproc (  327): Entered system_init()
I/sysproc (  327): ServiceManager: 0x2a19fd00
D/SensorService(  327): nuSensorService starting...
I/SensorService(  327): Goldfish 3-axis Accelerometer
I/SensorService(  327): Goldfish 3-axis Magnetic field sensor
I/SensorService(  327): Goldfish Orientation sensor
I/SensorService(  327): Goldfish Temperature sensor
I/SensorService(  327): Goldfish Proximity sensor
I/sysproc (  327): System server: starting Android runtime.
I/sysproc (  327): System server: starting Android services.
I/SystemServer(  327): Entered the Android system server!
I/sysproc (  327): System server: entering thread pool.
D/SensorService(  327): nuSensorService thread starting...
I/SystemServer(  327): Enabled StrictMode logging for UI Looper
I/SystemServer(  327): Waiting for installd to be ready.
I/Installer(  327): connecting...
I/installd(   41): new connection
I/SystemServer(  327): Entropy Mixer
I/SystemServer(  327): Enabled StrictMode logging for WM Looper
I/SystemServer(  327): Power Manager
E/PowerManagerService-JNI(  327): Couldn't load power module (No such file or directory)
I/SystemServer(  327): Activity Manager
I/ActivityManager(  327): Memory class: 48
W/UsageStats(  327): Usage stats version changed; dropping
I/ActivityManager(  327): Enabled StrictMode logging for AThread's Looper
I/SystemServer(  327): Display Manager
E/SurfaceFlinger(   37): ro.sf.lcd_density must be defined as a build property
I/SystemServer(  327): Telephony Registry
I/DisplayManagerService(  327): Display device added: DisplayDeviceInfo{"Built-in Screen": 480 x 800, 260.416 fps, density 240, 240.0 x 240.0 dpi, touch INTERNAL, FLAG_DEFAULT_DISPLAY, FLAG_ROTATES_WITH_CONTENT, FLAG_SECURE, FLAG_SUPPORTS_PROTECTED_BUFFERS, rotation 0, type BUILT_IN, address null}
I/SystemServer(  327): Scheduling Policy
I/SystemServer(  327): Package Manager
D/dalvikvm(  327): GC_CONCURRENT freed 306K, 13% free 2553K/2924K, paused 5ms+3ms, total 64ms
D/dalvikvm(  327): WAIT_FOR_CONCURRENT_GC blocked 18ms
W/PackageManager(  327): Running ENG build: no pre-dexopt!
D/dalvikvm(  327): GC_CONCURRENT freed 269K, 11% free 2675K/3000K, paused 4ms+4ms, total 95ms
D/dalvikvm(  327): GC_CONCURRENT freed 137K, 7% free 2963K/3156K, paused 4ms+5ms, total 72ms
W/PackageParser(  327): No actions in intent filter at /system/app/Contacts.apk Binary XML file line #533
D/dalvikvm(  327): GC_CONCURRENT freed 240K, 9% free 3157K/3452K, paused 4ms+54ms, total 239ms
D/dalvikvm(  327): GC_CONCURRENT freed 222K, 8% free 3330K/3608K, paused 5ms+6ms, total 110ms
W/PackageManager(  327): Package com.android.camera desires unavailable shared library com.google.android.media.effects; ignoring!
D/PackageManager(  327): No files in app dir /vendor/app
D/dalvikvm(  327): GC_CONCURRENT freed 214K, 7% free 3572K/3824K, paused 5ms+4ms, total 93ms
W/PackageParser(  327): No actions in intent filter at /data/app/ApiDemos.apk Binary XML file line #2737
W/PackageParser(  327): No actions in intent filter at /data/app/ApiDemos.apk Binary XML file line #2743
W/PackageManager(  327): Package com.example.android.apis desires unavailable shared library com.example.will.never.exist; ignoring!
I/PackageParser(  327): net.fercanet.LNM: compat added android.permission.READ_PHONE_STATE
I/PackageManager(  327): Time to scan packages: 5.464 seconds
W/PackageManager(  327): Unknown permission com.google.android.googleapps.permission.GOOGLE_AUTH.mail in package com.android.contacts
W/PackageManager(  327): Unknown permission android.permission.ADD_SYSTEM_SERVICE in package com.android.phone
W/PackageManager(  327): Unknown permission com.android.smspush.WAPPUSH_MANAGER_BIND in package com.android.phone
W/PackageManager(  327): Unknown permission com.google.android.googleapps.permission.GOOGLE_AUTH in package com.android.providers.calendar
W/PackageManager(  327): Unknown permission com.google.android.googleapps.permission.GOOGLE_AUTH.cl in package com.android.providers.calendar
W/PackageManager(  327): Unknown permission com.google.android.googleapps.permission.GOOGLE_AUTH.mail in package com.android.calendar
W/PackageManager(  327): Not granting permission android.permission.SEND_DOWNLOAD_COMPLETED_INTENTS to package com.android.browser (protectionLevel=2 flags=0x9be45)
W/PackageManager(  327): Not granting permission android.permission.BIND_APPWIDGET to package com.android.widgetpreview (protectionLevel=18 flags=0x8be44)
W/PackageManager(  327): Unknown permission com.google.android.googleapps.permission.GOOGLE_AUTH in package com.android.settings
W/PackageManager(  327): Unknown permission com.google.android.gallery3d.permission.GALLERY_PROVIDER in package com.android.exchange
W/PackageManager(  327): Unknown permission com.google.android.googleapps.permission.ACCESS_GOOGLE_PASSWORD in package com.android.development
W/PackageManager(  327): Unknown permission com.google.android.googleapps.permission.GOOGLE_AUTH in package com.android.development
W/PackageManager(  327): Unknown permission com.google.android.googleapps.permission.GOOGLE_AUTH.ALL_SERVICES in package com.android.development
W/PackageManager(  327): Unknown permission com.google.android.googleapps.permission.GOOGLE_AUTH.YouTubeUser in package com.android.development
W/PackageManager(  327): Unknown permission com.google.android.gallery3d.permission.GALLERY_PROVIDER in package com.android.email
W/PackageManager(  327): Not granting permission android.permission.DEVICE_POWER to package com.android.deskclock (protectionLevel=2 flags=0x8be45)
D/dalvikvm(  327): GC_CONCURRENT freed 225K, 7% free 3748K/4028K, paused 4ms+6ms, total 109ms
D/dalvikvm(  327): GC_EXPLICIT freed 239K, 11% free 3631K/4080K, paused 3ms+53ms, total 264ms
I/SystemServer(  327): User Service
I/SystemServer(  327): Account Manager
I/SystemServer(  327): Content Manager
I/SystemServer(  327): System Content Providers
I/SystemServer(  327): Lights Service
I/SystemServer(  327): Battery Service
I/SystemServer(  327): Vibrator Service
I/libsuspend(  327): Selected early suspend
I/libsuspend(  327): Starting early suspend unblocker thread
D/PermissionCache(   37): checking android.permission.ACCESS_SURFACE_FLINGER for uid=1000 => granted (22244 us)
D/SurfaceFlinger(   37): Screen acquired, type=0 flinger=0x2a007318
D/SurfaceFlinger(   37):  screen was previously acquired
I/SystemServer(  327): Alarm Manager
D/AlarmManagerService(  327): Kernel timezone updated to 0 minutes west of GMT
I/SystemServer(  327): Init Watchdog
I/SystemServer(  327): Input Manager
I/InputManager(  327): Initializing input manager, mUseDevInputEventForAudioJack=false
I/SystemServer(  327): Window Manager
E/SoundPool(  327): error loading /system/media/audio/ui/Lock.ogg
W/KeyguardViewMediator(  327): failed to load lock sound from /system/media/audio/ui/Lock.ogg
E/SoundPool(  327): error loading /system/media/audio/ui/Unlock.ogg
W/KeyguardViewMediator(  327): failed to load unlock sound from /system/media/audio/ui/Unlock.ogg
I/InputManager(  327): Starting input manager
I/SystemServer(  327): No Bluetooh Service (emulator)
I/SystemServer(  327): Input Method Service
W/InputMethodManagerService(  327): Couldn't create dir.: /data/system/inputmethod
I/EventHub(  327): New device: id=1, fd=89, path='/dev/input/event0', name='qwerty2', classes=0x2d, configuration='/system/usr/idc/qwerty2.idc', keyLayout='/system/usr/keylayout/qwerty.kl', keyCharacterMap='/system/usr/keychars/qwerty2.kcm', builtinKeyboard=true, usingSuspendBlockIoctl=false, usingClockIoctl=false
E/EventHub(  327): could not get driver version for /dev/input/mouse0, Not a typewriter
E/EventHub(  327): could not get driver version for /dev/input/mice, Not a typewriter
I/InputReader(  327): Device added: id=-1, name='Virtual', sources=0x00000301
I/InputReader(  327):   Touch device 'qwerty2' could not query the properties of its associated display.  The device will be inoperable until the display size becomes available.
I/InputReader(  327): Device added: id=0, name='qwerty2', sources=0x00011307
E/Trace   (  327): error opening trace file: No such file or directory (2)
D/dalvikvm(  327): GC_CONCURRENT freed 293K, 9% free 3842K/4196K, paused 5ms+5ms, total 199ms
D/dalvikvm(  327): WAIT_FOR_CONCURRENT_GC blocked 83ms
I/SystemServer(  327): Accessibility Manager
I/ActivityManager(  327): Config changes=15f8 {1.0 ?mcc?mnc en_US ldltr sw320dp w320dp h508dp 240dpi nrml long port ?uimode ?night finger -keyb/v/h tball/v s.2}
I/InputReader(  327): Reconfiguring input devices.  changes=0x00000004
I/InputReader(  327): Device reconfigured: id=0, name='qwerty2', size 480x800, orientation 0, mode 1, display id 0
I/InputReader(  327): Reconfiguring input devices.  changes=0x00000004
I/InputReader(  327): Device reconfigured: id=0, name='qwerty2', size 480x800, orientation 0, mode 1, display id 0
I/SystemServer(  327): Mount Service
D/MountService(  327): got storage path: /mnt/sdcard description: USB storage primary: true removable: false emulated: false mtpReserve: 0 allowMassStorage: false maxFileSize: 0
D/MountService(  327): addVolumeLocked() StorageVolume [mStorageId=0 mPath=/mnt/sdcard mDescriptionId=17040615 mPrimary=true mRemovable=false mEmulated=false mMtpReserveSpace=0 mAllowMassStorage=false mMaxFileSize=0 mOwner=null]
I/SystemServer(  327): LockSettingsService
I/SystemServer(  327): Device Policy
I/SystemServer(  327): Status Bar
I/SystemServer(  327): Clipboard Service
D/dalvikvm(  327): GREF has increased to 201
D/MountService(  327): volume state changed for /mnt/sdcard (null -> unmounted)
I/PackageManager(  327): Updating external media status from unmounted to unmounted
I/SystemServer(  327): NetworkManagement Service
I/SystemServer(  327): Text Service Manager Service
I/SystemServer(  327): NetworkStats Service
I/SystemServer(  327): NetworkPolicy Service
I/SystemServer(  327): Wi-Fi P2pService
W/MountService(  327): getSecureContainerList() called when storage not mounted
I/SystemServer(  327): Wi-Fi Service
I/PackageManager(  327): No secure containers on sdcard
W/PackageManager(  327): Unknown permission com.google.android.googleapps.permission.GOOGLE_AUTH.mail in package com.android.contacts
W/PackageManager(  327): Unknown permission android.permission.ADD_SYSTEM_SERVICE in package com.android.phone
W/PackageManager(  327): Unknown permission com.android.smspush.WAPPUSH_MANAGER_BIND in package com.android.phone
W/PackageManager(  327): Unknown permission com.google.android.googleapps.permission.GOOGLE_AUTH in package com.android.providers.calendar
W/PackageManager(  327): Unknown permission com.google.android.googleapps.permission.GOOGLE_AUTH.cl in package com.android.providers.calendar
W/PackageManager(  327): Unknown permission com.google.android.googleapps.permission.GOOGLE_AUTH.mail in package com.android.calendar
W/PackageManager(  327): Not granting permission android.permission.SEND_DOWNLOAD_COMPLETED_INTENTS to package com.android.browser (protectionLevel=2 flags=0x89be45)
W/PackageManager(  327): Not granting permission android.permission.BIND_APPWIDGET to package com.android.widgetpreview (protectionLevel=18 flags=0x8be44)
W/PackageManager(  327): Unknown permission com.google.android.googleapps.permission.GOOGLE_AUTH in package com.android.settings
W/PackageManager(  327): Unknown permission com.google.android.gallery3d.permission.GALLERY_PROVIDER in package com.android.exchange
W/PackageManager(  327): Unknown permission com.google.android.googleapps.permission.ACCESS_GOOGLE_PASSWORD in package com.android.development
W/PackageManager(  327): Unknown permission com.google.android.googleapps.permission.GOOGLE_AUTH in package com.android.development
W/PackageManager(  327): Unknown permission com.google.android.googleapps.permission.GOOGLE_AUTH.ALL_SERVICES in package com.android.development
W/PackageManager(  327): Unknown permission com.google.android.googleapps.permission.GOOGLE_AUTH.YouTubeUser in package com.android.development
W/PackageManager(  327): Unknown permission com.google.android.gallery3d.permission.GALLERY_PROVIDER in package com.android.email
W/PackageManager(  327): Not granting permission android.permission.DEVICE_POWER to package com.android.deskclock (protectionLevel=2 flags=0x88be45)
D/dalvikvm(  327): GC_CONCURRENT freed 307K, 9% free 3994K/4368K, paused 64ms+48ms, total 307ms
E/CommandListener(   34): Failed to open /proc/sys/net/ipv6/conf/wlan0/disable_ipv6: No such file or directory
E/WifiStateMachine(  327): Failed to disable IPv6: java.lang.IllegalStateException: command '1 interface ipv6 wlan0 disable' failed with '400 1 Failed to change IPv6 state (No such file or directory)'
I/SystemServer(  327): Connectivity Service
D/ConnectivityService(  327): ConnectivityService starting up
E/MobileDataStateTracker(  327): default: Ignoring feature request because could not acquire PhoneService
E/MobileDataStateTracker(  327): default: Could not enable APN type "default"
I/WifiService(  327): WifiService starting up with Wi-Fi disabled
I/SystemServer(  327): Network Service Discovery Service
D/NsdService(  327): Network service discovery enabled true
I/SystemServer(  327): Throttle Service
I/SystemServer(  327): UpdateLock Service
I/SystemServer(  327): Notification Manager
I/SystemServer(  327): Device Storage Monitor
I/SystemServer(  327): Location Manager
I/SystemServer(  327): Country Detector
I/SystemServer(  327): Search Service
I/SystemServer(  327): DropBox Service
I/SystemServer(  327): Wallpaper Service
I/SystemServer(  327): Audio Service
D/dalvikvm(  327): GC_CONCURRENT freed 246K, 7% free 4175K/4488K, paused 5ms+34ms, total 139ms
I/SystemServer(  327): Dock Observer
W/DockObserver(  327): This kernel does not have dock station support
I/SystemServer(  327): Wired Accessory Manager
W/WiredAccessoryManager(  327): This kernel does not have wired headset support
W/WiredAccessoryManager(  327): This kernel does not have usb audio support
W/WiredAccessoryManager(  327): This kernel does not have HDMI audio support
I/SystemServer(  327): USB Service
I/SystemServer(  327): Serial Service
I/SystemServer(  327): Twilight Service
I/SystemServer(  327): UI Mode Manager Service
I/SystemServer(  327): Backup Service
V/BackupManagerService(  327): No ancestral data
I/BackupManagerService(  327): Found stale backup journal, scheduling
I/BackupManagerService(  327):   android
I/BackupManagerService(  327):   com.android.browser
I/BackupManagerService(  327):   com.android.calendar
I/BackupManagerService(  327):   com.android.inputmethod.latin
I/BackupManagerService(  327):   com.android.providers.settings
I/BackupManagerService(  327):   com.android.providers.userdictionary
I/BackupManagerService(  327):   com.android.sharedstoragebackup
I/BackupManagerService(  327): Backup enabled => true
I/SystemServer(  327): AppWidget Service
I/SystemServer(  327): Recognition Service
I/SystemServer(  327): DiskStats Service
I/SystemServer(  327): SamplingProfiler Service
I/SystemServer(  327): NetworkTimeUpdateService
I/SystemServer(  327): CommonTimeManagementService
I/SystemServer(  327): CertBlacklister
I/SystemServer(  327): Dreams Service
I/WindowManager(  327): SAFE MODE not enabled
D/dalvikvm(  327): JIT started for system_server
D/dalvikvm(  327): GC_CONCURRENT freed 327K, 9% free 4280K/4668K, paused 6ms+4ms, total 421ms
I/ActivityManager(  327): System now ready
I/SystemServer(  327): Making services ready
I/Zygote  (  327): Process: zygote socket opened
I/ActivityManager(  327): Start proc com.android.systemui for service com.android.systemui/.SystemUIService: pid=422 uid=10034 gids={50034, 1028, 1015, 3002, 3001}
I/Vold    (   32): /dev/block/vold/179:0 being considered for volume sdcard
D/Vold    (   32): Volume sdcard state changing 1 (Idle-Unmounted) -> 3 (Checking)
D/MountService(  327): volume state changed for /mnt/sdcard (unmounted -> checking)
D/MountService(  327): sendStorageIntent Intent { act=android.intent.action.MEDIA_CHECKING dat=file:///mnt/sdcard (has extras) } to UserHandle{-1}
D/NetworkManagementService(  327): not enabling bandwidth control
I/keystore(   42): uid: 1000 action: e -> 7 state: 3 -> 3 retry: 4
W/NetworkStats(  327): bandwidth controls disabled, unable to track stats
W/NetworkPolicy(  327): bandwidth controls disabled, unable to enforce policy
I/keystore(   42): uid: 1000 action: e -> 7 state: 3 -> 3 retry: 4
I/ActivityManager(  327): Config changes=200 {1.0 ?mcc?mnc en_US ldltr sw320dp w320dp h508dp 240dpi nrml long port finger -keyb/v/h tball/v s.3}
W/RecognitionManagerService(  327): no available voice recognition services found for user 0
I//system/bin/fsck_msdos(   32): ** /dev/block/vold/179:0
I//system/bin/fsck_msdos(   32): ** Phase 1 - Read and Compare FATs
I//system/bin/fsck_msdos(   32): Attempting to allocate 2044 KB for FAT
E/Trace   (  422): error opening trace file: No such file or directory (2)
D/dalvikvm(  327): GC_CONCURRENT freed 82K, 4% free 4666K/4832K, paused 5ms+37ms, total 257ms
D/dalvikvm(  327): WAIT_FOR_CONCURRENT_GC blocked 245ms
W/InputMethodManagerService(  327): Ignoring setImeWindowStatus of uid 1000 token: null
D/SystemUIService(  422): loading: class com.android.systemui.statusbar.phone.PhoneStatusBar
D/SystemUIService(  422): running: com.android.systemui.statusbar.phone.PhoneStatusBar@40cd2c50
W/InputMethodManagerService(  327): Found no subtypes in a system IME: com.android.inputmethod.pinyin
I/ActivityManager(  327): Start proc com.android.inputmethod.latin for service com.android.inputmethod.latin/.LatinIME: pid=465 uid=10010 gids={50010, 1028}
I/StatusBarManagerService(  327): registerStatusBar bar=com.android.internal.statusbar.IStatusBar$Stub$Proxy@40f6b950
I/CommonTimeManagementService(  327): No common time service detected on this platform.  Common time services will be unavailable.
I/ActivityManager(  327): Start proc com.android.phone for added application com.android.phone: pid=480 uid=1001 gids={41001, 3002, 3001, 3003, 1015, 1028}
I/ActivityManager(  327): START u0 {act=android.intent.action.MAIN cat=[android.intent.category.HOME] flg=0x10000000 cmp=com.android.launcher/com.android.launcher2.Launcher} from pid 0
I/ActivityManager(  327): Start proc com.android.launcher for activity com.android.launcher/com.android.launcher2.Launcher: pid=489 uid=10020 gids={50020, 1028}
I/SystemServer(  327): Enabled StrictMode for system server main thread.
I/InputReader(  327): Reconfiguring input devices.  changes=0x00000020
I/InputReader(  327): Reconfiguring input devices.  changes=0x00000010
W/SocketClient(   34): write error (Broken pipe)
E/ThrottleService(  327): problem during onPollAlarm: java.lang.IllegalStateException: problem parsing stats: java.io.FileNotFoundException: /proc/net/xt_qtaguid/iface_stat_all: open failed: ENOENT (No such file or directory)
D/dalvikvm(  327): GC_CONCURRENT freed 396K, 9% free 4845K/5304K, paused 9ms+125ms, total 653ms
D/dalvikvm(  327): WAIT_FOR_CONCURRENT_GC blocked 270ms
D/dalvikvm(  327): WAIT_FOR_CONCURRENT_GC blocked 314ms
D/dalvikvm(  327): WAIT_FOR_CONCURRENT_GC blocked 336ms
D/dalvikvm(  327): GC_FOR_ALLOC freed 49K, 9% free 5040K/5512K, paused 520ms, total 521ms
I/LocationBlacklist(  327): whitelist: []
I/LocationBlacklist(  327): blacklist: []
E/SurfaceFlinger(   37): ro.sf.lcd_density must be defined as a build property
D/gralloc_goldfish(  327): Emulator without GPU emulation detected.
E/Trace   (  465): error opening trace file: No such file or directory (2)
E/Trace   (  480): error opening trace file: No such file or directory (2)
D/AndroidRuntime(  529): 
D/AndroidRuntime(  529): >>>>>> AndroidRuntime START com.android.internal.os.RuntimeInit <<<<<<
D/AndroidRuntime(  529): CheckJNI is ON
D/dalvikvm(  529): Trying to load lib libjavacore.so 0x0
D/dalvikvm(  529): Added shared lib libjavacore.so 0x0
D/dalvikvm(  529): Trying to load lib libnativehelper.so 0x0
D/dalvikvm(  529): Added shared lib libnativehelper.so 0x0
D/AndroidRuntime(  526): 
D/AndroidRuntime(  526): >>>>>> AndroidRuntime START com.android.internal.os.RuntimeInit <<<<<<
D/AndroidRuntime(  526): CheckJNI is ON
D/dalvikvm(  526): Trying to load lib libjavacore.so 0x0
D/dalvikvm(  526): Added shared lib libjavacore.so 0x0
D/dalvikvm(  526): Trying to load lib libnativehelper.so 0x0
D/dalvikvm(  526): Added shared lib libnativehelper.so 0x0
D/AndroidRuntime(  529): Calling main entry com.android.commands.am.Am
D/dalvikvm(  529): Note: class Landroid/app/ActivityManagerNative; has 157 unimplemented (abstract) methods
D/dalvikvm(  327): GC_CONCURRENT freed 343K, 8% free 5367K/5772K, paused 1356ms+106ms, total 4030ms
D/dalvikvm(  327): WAIT_FOR_CONCURRENT_GC blocked 168ms
D/dalvikvm(  327): WAIT_FOR_CONCURRENT_GC blocked 2057ms
D/AndroidRuntime(  526): Calling main entry com.android.commands.am.Am
D/dalvikvm(  526): Note: class Landroid/app/ActivityManagerNative; has 157 unimplemented (abstract) methods
D/dalvikvm(  327): WAIT_FOR_CONCURRENT_GC blocked 2031ms
D/dalvikvm(  327): WAIT_FOR_CONCURRENT_GC blocked 1986ms
D/dalvikvm(  327): WAIT_FOR_CONCURRENT_GC blocked 1971ms
D/dalvikvm(  327): WAIT_FOR_CONCURRENT_GC blocked 1912ms
D/dalvikvm(  327): WAIT_FOR_CONCURRENT_GC blocked 2335ms
D/dalvikvm(  327): WAIT_FOR_CONCURRENT_GC blocked 2190ms
E/Trace   (  489): error opening trace file: No such file or directory (2)
I/LatinIME(  465): Hardware accelerated drawing: false
W/TelephonyProvider(  480): onCreate: confFile=/system/etc/apns-conf.xml oldCheckSum=-1
D/TelephonyManager(  480): getLteOnCdmaMode=0 curVal=-1 product_type='' lteOnCdmaProductType=''
D/dalvikvm(  422): GC_FOR_ALLOC freed 88K, 6% free 2664K/2808K, paused 726ms, total 733ms
I/dalvikvm-heap(  422): Grow heap (frag case) to 3.259MB for 635812-byte allocation
D/dalvikvm(  422): GC_CONCURRENT freed 5K, 5% free 3280K/3432K, paused 54ms+28ms, total 375ms
D/dalvikvm(  422): WAIT_FOR_CONCURRENT_GC blocked 280ms
D/dalvikvm(  327): GC_CONCURRENT freed 638K, 12% free 5479K/6180K, paused 13ms+204ms, total 1528ms
D/dalvikvm(  327): WAIT_FOR_CONCURRENT_GC blocked 414ms
D/dalvikvm(  327): WAIT_FOR_CONCURRENT_GC blocked 363ms
D/dalvikvm(  327): WAIT_FOR_CONCURRENT_GC blocked 1004ms
D/dalvikvm(  327): WAIT_FOR_CONCURRENT_GC blocked 670ms
D/dalvikvm(  327): WAIT_FOR_CONCURRENT_GC blocked 169ms
D/dalvikvm(  327): WAIT_FOR_CONCURRENT_GC blocked 242ms
I/Choreographer(  327): Skipped 4023 frames!  The application may be doing too much work on its main thread.
D/TelephonyManager(  480): getLteOnCdmaMode=0 curVal=-1 product_type='' lteOnCdmaProductType=''
E/BluetoothAdapter(  422): Bluetooth binder is null
D/TelephonyManager(  480): getLteOnCdmaMode=0 curVal=-1 product_type='' lteOnCdmaProductType=''
I/ActivityManager(  327): Start proc com.android.music for broadcast com.android.music/.MediaButtonIntentReceiver: pid=581 uid=10025 gids={50025, 3003, 1015, 1028}
W/ActivityManager(  327): Activity idle timeout for ActivityRecord{40f7cc88 u0 com.android.launcher/com.android.launcher2.Launcher}
E/BluetoothAdapter(  422): Bluetooth binder is null
I/dalvikvm(  581): Turning on JNI app bug workarounds for target SDK version 9...
W/InputAttributes(  465): No editor info for this field. Bug?
D/dalvikvm(  327): GREF has increased to 301
E/SoundPool(  327): error loading /system/media/audio/ui/Effect_Tick.ogg
W/AudioService(  327): Soundpool could not load file: /system/media/audio/ui/Effect_Tick.ogg
E/SoundPool(  327): error loading /system/media/audio/ui/Effect_Tick.ogg
W/AudioService(  327): Soundpool could not load file: /system/media/audio/ui/Effect_Tick.ogg
E/SoundPool(  327): error loading /system/media/audio/ui/Effect_Tick.ogg
W/AudioService(  327): Soundpool could not load file: /system/media/audio/ui/Effect_Tick.ogg
E/SoundPool(  327): error loading /system/media/audio/ui/Effect_Tick.ogg
W/AudioService(  327): Soundpool could not load file: /system/media/audio/ui/Effect_Tick.ogg
E/SoundPool(  327): error loading /system/media/audio/ui/Effect_Tick.ogg
W/AudioService(  327): Soundpool could not load file: /system/media/audio/ui/Effect_Tick.ogg
E/SoundPool(  327): error loading /system/media/audio/ui/KeypressStandard.ogg
W/AudioService(  327): Soundpool could not load file: /system/media/audio/ui/KeypressStandard.ogg
E/SoundPool(  327): error loading /system/media/audio/ui/KeypressSpacebar.ogg
W/AudioService(  327): Soundpool could not load file: /system/media/audio/ui/KeypressSpacebar.ogg
E/SoundPool(  327): error loading /system/media/audio/ui/KeypressDelete.ogg
W/AudioService(  327): Soundpool could not load file: /system/media/audio/ui/KeypressDelete.ogg
E/SoundPool(  327): error loading /system/media/audio/ui/KeypressReturn.ogg
W/AudioService(  327): Soundpool could not load file: /system/media/audio/ui/KeypressReturn.ogg
W/AudioService(  327): loadSoundEffects(), Error -1 while loading samples
E/BluetoothAdapter(  327): Bluetooth binder is null
E/BluetoothAdapter(  327): Bluetooth binder is null
V/WiredAccessoryManager(  327): init()
E/BluetoothAdapter(  422): Bluetooth binder is null
V/TAG     (  327): bug 7643792: fitSystemWindows([0,0][0,0])
E/Trace   (  581): error opening trace file: No such file or directory (2)
E/ActivityThread(  465): Failed to find provider info for com.android.inputmethod.latin.dictionarypack
E/BinaryDictionaryGetter(  465): Could not find a dictionary pack
W/Settings(  480): Setting airplane_mode_on has moved from android.provider.Settings.System to android.provider.Settings.Global, returning read-only value.
D/dalvikvm(  327): GC_CONCURRENT freed 783K, 14% free 5474K/6320K, paused 172ms+179ms, total 1828ms
D/dalvikvm(  327): WAIT_FOR_CONCURRENT_GC blocked 66ms
D/dalvikvm(  327): WAIT_FOR_CONCURRENT_GC blocked 69ms
D/dalvikvm(  327): WAIT_FOR_CONCURRENT_GC blocked 72ms
W/InputMethodManagerService(  327): Found no subtypes in a system IME: com.android.inputmethod.pinyin
W/Settings(  480): Setting auto_time has moved from android.provider.Settings.System to android.provider.Settings.Global, returning read-only global URI.
W/Settings(  480): Setting auto_time_zone has moved from android.provider.Settings.System to android.provider.Settings.Global, returning read-only global URI.
I/ActivityManager(  327): Start proc android.process.acore for content provider com.android.providers.userdictionary/.UserDictionaryProvider: pid=612 uid=10001 gids={50001, 3003, 1015, 1028}
W/ActivityManager(  327): Unable to start service Intent { act=com.android.internal.telephony.IWapPushManager } U=0: not found
V/TAG     (  327): bug 7643792: fitSystemWindows([0,0][0,0])
D/        (  480): [ApnContext:default] set reason as dataEnabled,current state IDLE
D/        (  480): [ApnContext:default] setRetryCount: 0
D/        (  480): [ApnContext:mms] set reason as dataEnabled,current state IDLE
D/        (  480): [ApnContext:mms] setRetryCount: 0
D/        (  480): [ApnContext:supl] set reason as dataEnabled,current state IDLE
D/        (  480): [ApnContext:supl] setRetryCount: 0
D/        (  480): [ApnContext:hipri] set reason as dataEnabled,current state IDLE
D/        (  480): [ApnContext:hipri] setRetryCount: 0
D/        (  480): [ApnContext:fota] set reason as dataEnabled,current state IDLE
D/        (  480): [ApnContext:fota] setRetryCount: 0
D/        (  480): [ApnContext:ims] set reason as dataEnabled,current state IDLE
D/        (  480): [ApnContext:ims] setRetryCount: 0
D/        (  480): [ApnContext:cbs] set reason as dataEnabled,current state IDLE
D/        (  480): [ApnContext:cbs] setRetryCount: 0
I/Choreographer(  327): Skipped 323 frames!  The application may be doing too much work on its main thread.
D/TelephonyManager(  480): getLteOnCdmaMode=0 curVal=-1 product_type='' lteOnCdmaProductType=''
W/WindowManager(  327): Window freeze timeout expired.
W/WindowManager(  327): Force clearing orientation change: Window{40e73730 u0 Keyguard}
D/CallManager(  480): registerPhone(GSM Handler (com.android.internal.telephony.PhoneProxy) {40d025d8})
I/AudioService(  327):   Remote Control   registerMediaButtonIntent() for PendingIntent{40f2dad8: PendingIntentRecord{40ecaf90 com.android.music broadcastIntent}}
E/Trace   (  612): error opening trace file: No such file or directory (2)
I/ActivityManager(  327): Start proc android.process.media for content provider com.android.providers.media/.MediaProvider: pid=634 uid=10000 gids={50000, 1015, 1023, 1024, 1028, 1006, 2001, 3003, 3007}
D/dalvikvm(  480): GC_CONCURRENT freed 202K, 10% free 2589K/2848K, paused 5ms+91ms, total 404ms
E/SurfaceFlinger(   37): ro.sf.lcd_density must be defined as a build property
E/BluetoothAdapter(  480): Bluetooth binder is null
I/ActivityManager(  327): Start proc net.fercanet.LNM for broadcast net.fercanet.LNM/.EmmaInstrument.SMSInstrumentedReceiver: pid=648 uid=10048 gids={50048, 1015, 1028}
I/dalvikvm(  648): Turning on JNI app bug workarounds for target SDK version 3...
D/dalvikvm(  327): GC_FOR_ALLOC freed 182K, 15% free 5432K/6320K, paused 313ms, total 321ms
I/dalvikvm-heap(  327): Grow heap (frag case) to 6.441MB for 1128976-byte allocation
D/dalvikvm(  422): GC_CONCURRENT freed 64K, 4% free 3639K/3760K, paused 8ms+861ms, total 1937ms
D/dalvikvm(  327): GC_FOR_ALLOC freed 5K, 13% free 6529K/7424K, paused 296ms, total 296ms
W/ActivityManager(  327): Timeout executing service: ServiceRecord{40ec25e8 u0 com.android.systemui/.SystemUIService}
I/Process (  327): Sending signal. PID: 422 SIG: 3
I/dalvikvm(  422): threadid=3: reacting to signal 3
I/Process (  327): Sending signal. PID: 327 SIG: 3
I/dalvikvm(  327): threadid=3: reacting to signal 3
D/dalvikvm(  489): GC_CONCURRENT freed 179K, 9% free 2621K/2856K, paused 4ms+535ms, total 1288ms
E/Trace   (  648): error opening trace file: No such file or directory (2)
E/Trace   (  634): error opening trace file: No such file or directory (2)
I/dalvikvm(  422): Wrote stack traces to '/data/anr/traces.txt'
E/BluetoothAdapter(  422): Bluetooth binder is null
D/dalvikvm(  422): GC_CONCURRENT freed 131K, 5% free 3615K/3804K, paused 58ms+13ms, total 366ms
I/Process (  327): Sending signal. PID: 480 SIG: 3
I/dalvikvm(  480): threadid=3: reacting to signal 3
I/dalvikvm(  327): Wrote stack traces to '/data/anr/traces.txt'
D/dalvikvm(  327): GC_CONCURRENT freed 28K, 12% free 6548K/7424K, paused 83ms+2479ms, total 3776ms
D/dalvikvm(  489): GC_FOR_ALLOC freed 52K, 4% free 2856K/2964K, paused 166ms, total 202ms
I/Choreographer(  327): Skipped 1688 frames!  The application may be doing too much work on its main thread.
I/dalvikvm-heap(  489): Grow heap (frag case) to 4.213MB for 1440016-byte allocation
D/dalvikvm(  489): GC_FOR_ALLOC freed 11K, 3% free 4250K/4372K, paused 342ms, total 342ms
D/PhoneStatusBar(  422): disable: < expand icons alerts ticker system_info back home recent clock search >
D/dalvikvm(  489): GC_CONCURRENT freed <1K, 3% free 4250K/4372K, paused 5ms+83ms, total 1057ms
I/dalvikvm(  480): Wrote stack traces to '/data/anr/traces.txt'
I/Choreographer(  327): Skipped 170 frames!  The application may be doing too much work on its main thread.
E/BluetoothAdapter(  480): Bluetooth binder is null
E/BluetoothAdapter(  422): Bluetooth binder is null
D/SystemUIService(  422): loading: class com.android.systemui.power.PowerUI
D/SystemUIService(  422): running: com.android.systemui.power.PowerUI@40e1f8a0
D/SystemUIService(  422): loading: class com.android.systemui.media.RingtonePlayer
D/SystemUIService(  422): running: com.android.systemui.media.RingtonePlayer@40e20520
I/DownloadManager(  634): in removeSpuriousFiles
I/Choreographer(  422): Skipped 4635 frames!  The application may be doing too much work on its main thread.
D/dalvikvm(  648): GC_CONCURRENT freed 204K, 10% free 2587K/2852K, paused 3ms+68ms, total 412ms
D/dalvikvm(  327): GREF has increased to 401
E/UserHistoryDictionary(  465): when loading: file not foundjava.io.FileNotFoundException: /data/data/com.android.inputmethod.latin/files/UserHistoryDictionary.en_US.dict: open failed: ENOENT (No such file or directory)
D/dalvikvm(  612): GC_CONCURRENT freed 212K, 10% free 2587K/2856K, paused 17ms+198ms, total 805ms
D/dalvikvm(  465): GC_CONCURRENT freed 234K, 11% free 2539K/2832K, paused 5ms+170ms, total 395ms
E/StrictMode(  465): A resource was acquired at attached stack trace but never released. See java.io.Closeable for information on avoiding resource leaks.
E/StrictMode(  465): java.lang.Throwable: Explicit termination method 'close' not called
E/StrictMode(  465): 	at dalvik.system.CloseGuard.open(CloseGuard.java:184)
E/StrictMode(  465): 	at android.os.ParcelFileDescriptor.<init>(ParcelFileDescriptor.java:412)
E/StrictMode(  465): 	at android.content.res.AssetManager.openNonAssetFdNative(Native Method)
E/StrictMode(  465): 	at android.content.res.AssetManager.openNonAssetFd(AssetManager.java:428)
E/StrictMode(  465): 	at android.content.res.Resources.openRawResourceFd(Resources.java:979)
E/StrictMode(  465): 	at com.android.inputmethod.latin.BinaryDictionaryGetter.loadFallbackResource(BinaryDictionaryGetter.java:183)
E/StrictMode(  465): 	at com.android.inputmethod.latin.BinaryDictionaryGetter.getDictionaryFiles(BinaryDictionaryGetter.java:456)
E/StrictMode(  465): 	at com.android.inputmethod.latin.DictionaryFactory.createMainDictionaryFromManager(DictionaryFactory.java:57)
E/StrictMode(  465): 	at com.android.inputmethod.latin.DictionaryFactory.createMainDictionaryFromManager(DictionaryFactory.java:87)
E/StrictMode(  465): 	at com.android.inputmethod.latin.Suggest$1.run(Suggest.java:108)
I/System.out(  648): EMMA: collecting runtime coverage data ...
D/EmmaInstrumentation:(  648): Intermidate Dump Called with file name :/mnt/sdcard/coverage.ec
D/EmmaInstrumentation:(  648): generateCoverageReport()
W/System.err(  648): java.io.FileNotFoundException: /mnt/sdcard/coverage.ec: open failed: EACCES (Permission denied)
W/System.err(  648): 	at libcore.io.IoBridge.open(IoBridge.java:416)
W/System.err(  648): 	at java.io.RandomAccessFile.<init>(RandomAccessFile.java:118)
W/System.err(  648): 	at com.vladium.emma.data.DataFactory.persist(DataFactory.java:656)
W/System.err(  648): 	at com.vladium.emma.data.DataFactory.persist(DataFactory.java:86)
W/System.err(  648): 	at com.vladium.emma.rt.RTCoverageDataPersister.dumpCoverageData(RTCoverageDataPersister.java:54)
W/System.err(  648): 	at com.vladium.emma.rt.RT.dumpCoverageData(RT.java:156)
W/System.err(  648): 	at java.lang.reflect.Method.invokeNative(Native Method)
W/System.err(  648): 	at java.lang.reflect.Method.invoke(Method.java:511)
W/System.err(  648): 	at net.fercanet.LNM.EmmaInstrument.EmmaInstrumentation.generateCoverageReport(EmmaInstrumentation.java:84)
W/System.err(  648): 	at net.fercanet.LNM.EmmaInstrument.EmmaInstrumentation.dumpIntermediateCoverage(EmmaInstrumentation.java:149)
W/System.err(  648): 	at net.fercanet.LNM.EmmaInstrument.SMSInstrumentedReceiver.onReceive(SMSInstrumentedReceiver.java:20)
W/System.err(  648): 	at android.app.ActivityThread.handleReceiver(ActivityThread.java:2376)
W/System.err(  648): 	at android.app.ActivityThread.access$1500(ActivityThread.java:141)
W/System.err(  648): 	at android.app.ActivityThread$H.handleMessage(ActivityThread.java:1310)
W/System.err(  648): 	at android.os.Handler.dispatchMessage(Handler.java:99)
W/System.err(  648): 	at android.os.Looper.loop(Looper.java:137)
W/System.err(  648): 	at android.app.ActivityThread.main(ActivityThread.java:5041)
W/System.err(  648): 	at java.lang.reflect.Method.invokeNative(Native Method)
W/System.err(  648): 	at java.lang.reflect.Method.invoke(Method.java:511)
W/System.err(  648): 	at com.android.internal.os.ZygoteInit$MethodAndArgsCaller.run(ZygoteInit.java:793)
W/System.err(  648): 	at com.android.internal.os.ZygoteInit.main(ZygoteInit.java:560)
W/System.err(  648): 	at dalvik.system.NativeStart.main(Native Method)
W/System.err(  648): Caused by: libcore.io.ErrnoException: open failed: EACCES (Permission denied)
W/System.err(  648): 	at libcore.io.Posix.open(Native Method)
W/System.err(  648): 	at libcore.io.BlockGuardOs.open(BlockGuardOs.java:110)
W/System.err(  648): 	at libcore.io.IoBridge.open(IoBridge.java:400)
W/System.err(  648): 	... 21 more
E/EmmaInstrumentation:(  648): Failed to generate emma coverage. 
E/EmmaInstrumentation:(  648): java.lang.reflect.InvocationTargetException
E/EmmaInstrumentation:(  648): 	at java.lang.reflect.Method.invokeNative(Native Method)
E/EmmaInstrumentation:(  648): 	at java.lang.reflect.Method.invoke(Method.java:511)
E/EmmaInstrumentation:(  648): 	at net.fercanet.LNM.EmmaInstrument.EmmaInstrumentation.generateCoverageReport(EmmaInstrumentation.java:84)
E/EmmaInstrumentation:(  648): 	at net.fercanet.LNM.EmmaInstrument.EmmaInstrumentation.dumpIntermediateCoverage(EmmaInstrumentation.java:149)
E/EmmaInstrumentation:(  648): 	at net.fercanet.LNM.EmmaInstrument.SMSInstrumentedReceiver.onReceive(SMSInstrumentedReceiver.java:20)
E/EmmaInstrumentation:(  648): 	at android.app.ActivityThread.handleReceiver(ActivityThread.java:2376)
E/EmmaInstrumentation:(  648): 	at android.app.ActivityThread.access$1500(ActivityThread.java:141)
E/EmmaInstrumentation:(  648): 	at android.app.ActivityThread$H.handleMessage(ActivityThread.java:1310)
E/EmmaInstrumentation:(  648): 	at android.os.Handler.dispatchMessage(Handler.java:99)
E/EmmaInstrumentation:(  648): 	at android.os.Looper.loop(Looper.java:137)
E/EmmaInstrumentation:(  648): 	at android.app.ActivityThread.main(ActivityThread.java:5041)
E/EmmaInstrumentation:(  648): 	at java.lang.reflect.Method.invokeNative(Native Method)
E/EmmaInstrumentation:(  648): 	at java.lang.reflect.Method.invoke(Method.java:511)
E/EmmaInstrumentation:(  648): 	at com.android.internal.os.ZygoteInit$MethodAndArgsCaller.run(ZygoteInit.java:793)
E/EmmaInstrumentation:(  648): 	at com.android.internal.os.ZygoteInit.main(ZygoteInit.java:560)
E/EmmaInstrumentation:(  648): 	at dalvik.system.NativeStart.main(Native Method)
E/EmmaInstrumentation:(  648): Caused by: java.lang.RuntimeException: EMMA failed to dump coverage data: java.io.FileNotFoundException: /mnt/sdcard/coverage.ec: open failed: EACCES (Permission denied)
E/EmmaInstrumentation:(  648): 	at com.vladium.emma.rt.RTCoverageDataPersister.dumpCoverageData(RTCoverageDataPersister.java:71)
E/EmmaInstrumentation:(  648): 	at com.vladium.emma.rt.RT.dumpCoverageData(RT.java:156)
E/EmmaInstrumentation:(  648): 	... 16 more
I//system/bin/fsck_msdos(   32): Attempting to allocate 2044 KB for FAT
W/dalvikvm(  327): threadid=15: spin on suspend #1 threadid=61 (pcf=0)
D/dalvikvm(  327): Temporarily moving tid 595 to fg (was 0)
D/dalvikvm(  327): Temporarily raised priority on tid 595 (10 -> 0)
W/dalvikvm(  327): threadid=15: spin on suspend resolved in 1036 msec
D/dalvikvm(  327): Restored policy of 595 to 0
D/dalvikvm(  327): Restored priority on 595 to 10
D/dalvikvm(  327): GC_EXPLICIT freed 1663K, 24% free 5690K/7424K, paused 1187ms+95ms, total 2790ms
D/AndroidRuntime(  529): Shutting down VM
D/dalvikvm(  529): GC_CONCURRENT freed 91K, 17% free 492K/588K, paused 1ms+0ms, total 9ms
D/EmmaInstrumentation:(  648): Intermidate Dump Called with file name :/mnt/sdcard/coverage.ec
D/EmmaInstrumentation:(  648): generateCoverageReport()
W/System.err(  648): java.io.FileNotFoundException: /mnt/sdcard/coverage.ec: open failed: EACCES (Permission denied)
W/System.err(  648): 	at libcore.io.IoBridge.open(IoBridge.java:416)
W/System.err(  648): 	at java.io.RandomAccessFile.<init>(RandomAccessFile.java:118)
W/System.err(  648): 	at com.vladium.emma.data.DataFactory.persist(DataFactory.java:656)
W/System.err(  648): 	at com.vladium.emma.data.DataFactory.persist(DataFactory.java:86)
W/System.err(  648): 	at com.vladium.emma.rt.RTCoverageDataPersister.dumpCoverageData(RTCoverageDataPersister.java:54)
W/System.err(  648): 	at com.vladium.emma.rt.RT.dumpCoverageData(RT.java:156)
W/System.err(  648): 	at java.lang.reflect.Method.invokeNative(Native Method)
W/System.err(  648): 	at java.lang.reflect.Method.invoke(Method.java:511)
W/System.err(  648): 	at net.fercanet.LNM.EmmaInstrument.EmmaInstrumentation.generateCoverageReport(EmmaInstrumentation.java:84)
W/System.err(  648): 	at net.fercanet.LNM.EmmaInstrument.EmmaInstrumentation.dumpIntermediateCoverage(EmmaInstrumentation.java:149)
W/System.err(  648): 	at net.fercanet.LNM.EmmaInstrument.SMSInstrumentedReceiver.onReceive(SMSInstrumentedReceiver.java:20)
W/System.err(  648): 	at android.app.ActivityThread.handleReceiver(ActivityThread.java:2376)
W/System.err(  648): 	at android.app.ActivityThread.access$1500(ActivityThread.java:141)
W/System.err(  648): 	at android.app.ActivityThread$H.handleMessage(ActivityThread.java:1310)
W/System.err(  648): 	at android.os.Handler.dispatchMessage(Handler.java:99)
W/System.err(  648): 	at android.os.Looper.loop(Looper.java:137)
W/System.err(  648): 	at android.app.ActivityThread.main(ActivityThread.java:5041)
W/System.err(  648): 	at java.lang.reflect.Method.invokeNative(Native Method)
W/System.err(  648): 	at java.lang.reflect.Method.invoke(Method.java:511)
W/System.err(  648): 	at com.android.internal.os.ZygoteInit$MethodAndArgsCaller.run(ZygoteInit.java:793)
W/System.err(  648): 	at com.android.internal.os.ZygoteInit.main(ZygoteInit.java:560)
W/System.err(  648): 	at dalvik.system.NativeStart.main(Native Method)
D/DebugService(  480): DebugService DebugService:
D/TelephonyDebugService(  480): TelephonyDebugService()
W/System.err(  648): Caused by: libcore.io.ErrnoException: open failed: EACCES (Permission denied)
W/System.err(  648): 	at libcore.io.Posix.open(Native Method)
W/System.err(  648): 	at libcore.io.BlockGuardOs.open(BlockGuardOs.java:110)
W/System.err(  648): 	at libcore.io.IoBridge.open(IoBridge.java:400)
W/System.err(  648): 	... 21 more
E/EmmaInstrumentation:(  648): Failed to generate emma coverage. 
E/EmmaInstrumentation:(  648): java.lang.reflect.InvocationTargetException
E/EmmaInstrumentation:(  648): 	at java.lang.reflect.Method.invokeNative(Native Method)
E/EmmaInstrumentation:(  648): 	at java.lang.reflect.Method.invoke(Method.java:511)
E/EmmaInstrumentation:(  648): 	at net.fercanet.LNM.EmmaInstrument.EmmaInstrumentation.generateCoverageReport(EmmaInstrumentation.java:84)
