E/ActivityManager(  282):     10% 299/ActivityManager: 7.4% user + 2.7% kernel
E/ActivityManager(  282):     8.1% 297/UI: 6.7% user + 1.3% kernel
E/ActivityManager(  282):     3.3% 294/Binder_2: 2% user + 1.3% kernel
E/ActivityManager(  282):     3.3% 418/Binder_4: 0% user + 3.3% kernel
E/ActivityManager(  282):     2.7% 289/Compiler: 2% user + 0.6% kernel
E/ActivityManager(  282):     2.7% 417/Binder_3: 0.6% user + 2% kernel
E/ActivityManager(  282):     0.6% 293/Binder_1: 0.6% user + 0% kernel
E/ActivityManager(  282):     0.6% 298/WindowManager: 0.6% user + 0% kernel
E/ActivityManager(  282):     0.6% 457/Binder_5: 0% user + 0.6% kernel
E/ActivityManager(  282):     0.6% 463/Binder_6: 0.6% user + 0% kernel
E/ActivityManager(  282):     0.6% 518/Binder_9: 0% user + 0.6% kernel
E/ActivityManager(  282):   15% 37/surfaceflinger: 9.5% user + 5.4% kernel / faults: 2 minor
E/ActivityManager(  282):     15% 67/SurfaceFlinger: 12% user + 3.4% kernel
E/ActivityManager(  282):     0.6% 37/surfaceflinger: 0% user + 0.6% kernel
E/ActivityManager(  282):     0.6% 82/EventThread: 0% user + 0.6% kernel
E/ActivityManager(  282):     0.6% 83/Binder_1: 0% user + 0.6% kernel
E/ActivityManager(  282):     0.6% 425/Binder_2: 0% user + 0.6% kernel
E/ActivityManager(  282):   10% 388/com.android.phone: 3.6% user + 7.2% kernel / faults: 126 minor 1 major
E/ActivityManager(  282):     7.2% 388/m.android.phone: 0.9% user + 6.3% kernel
E/ActivityManager(  282):     2.7% 396/Compiler: 0.9% user + 1.8% kernel
E/ActivityManager(  282):     0.9% 427/RILSender: 0.9% user + 0% kernel
E/ActivityManager(  282):     0.9% 428/RILReceiver: 0% user + 0.9% kernel
E/ActivityManager(  282):    +0% 544/Cat Telephony s: 0% user + 0% kernel
E/ActivityManager(  282):    +0% 545/RilMessageDecod: 0% user + 0% kernel
E/ActivityManager(  282):    +0% 546/Cat Icon Loader: 0% user + 0% kernel
E/ActivityManager(  282):   6.9% 344/com.android.systemui: 4.3% user + 2.6% kernel / faults: 61 minor 1 major
E/ActivityManager(  282):     10% 344/ndroid.systemui: 6.9% user + 3.4% kernel
E/ActivityManager(  282):   5.8% 400/com.android.launcher: 0.7% user + 5.1% kernel / faults: 1406 minor
E/ActivityManager(  282):     9.5% 400/ndroid.launcher: 1.4% user + 8% kernel
E/ActivityManager(  282):     0.7% 402/GC: 0% user + 0.7% kernel
E/ActivityManager(  282):   4% 531/com.android.deskclock: 1.3% user + 2.6% kernel / faults: 278 minor 4 major
E/ActivityManager(  282):     4.6% 531/droid.deskclock: 2% user + 2.6% kernel
E/ActivityManager(  282):    +0% 547/AsyncHandler: 0% user + 0% kernel
E/ActivityManager(  282):    +0% 550/SharedPreferenc: 0% user + 0% kernel
E/ActivityManager(  282):   3.3% 84/bootanimation: 2.7% user + 0.6% kernel
E/ActivityManager(  282):     3.3% 105/BootAnimation: 2.7% user + 0.6% kernel
E/ActivityManager(  282):   0.2% 473/com.android.contacts: 0.2% user + 0% kernel / faults: 22 minor
E/ActivityManager(  282): 100% TOTAL: 54% user + 45% kernel
V/AlarmClock(  531): No next alarm
V/AlarmClock(  531): AlarmInitReceiver - Reset timers and clear stopwatch data
D/dalvikvm(  344): GC_CONCURRENT freed 259K, 8% free 3773K/4092K, paused 30ms+5ms, total 319ms
D/dalvikvm(  282): GC_FOR_ALLOC freed 369K, 22% free 5912K/7516K, paused 316ms, total 316ms
W/ActivityManager(  282): Killing ProcessRecord{40e82c50 344:com.android.systemui/u0a10034}: background ANR
V/AlarmClock(  531): No next alarm
V/AlarmClock(  531): AlarmInitReceiver finished
W/dalvikvm(  388): threadid=2: spin on suspend #1 threadid=14 (pcf=0)
D/dalvikvm(  388): Temporarily moving tid 466 to fg (was 0)
D/dalvikvm(  388): Temporarily raised priority on tid 466 (10 -> 0)
W/dalvikvm(  388): threadid=2: spin on suspend resolved in 1036 msec
D/dalvikvm(  388): Restored policy of 466 to 0
D/dalvikvm(  388): Restored priority on 466 to 10
D/MccTable(  388): updateMccMncConfiguration: mcc=310, mnc=260
D/TelephonyManager(  388): getLteOnCdmaMode=0 curVal=-1 product_type='' lteOnCdmaProductType=''
D/MccTable(  388): locale set to en_us
D/MccTable(  388): WIFI_COUNTRY_CODE set to us
D/dalvikvm(  388): GC_CONCURRENT freed 287K, 12% free 2779K/3128K, paused 1056ms+151ms, total 1474ms
I/WifiService(  282): WifiService trying to set country code to us with persist set to true
I/ActivityManager(  282): Config changes=1403 {1.0 310mcc260mnc en_US ldltr sw320dp w320dp h508dp 240dpi nrml long port finger -keyb/v/h tball/v s.4}
W/SurfaceFlinger(   37): createScreenshotSurface failed (Function not implemented)
E/JavaBinder(  282): !!! FAILED BINDER TRANSACTION !!!
W/BroadcastQueue(  282): Failure sending broadcast Intent { act=android.intent.action.SIM_STATE_CHANGED flg=0x20000010 (has extras) }
W/BroadcastQueue(  282): android.os.TransactionTooLargeException
W/BroadcastQueue(  282): 	at android.os.BinderProxy.transact(Native Method)
W/BroadcastQueue(  282): 	at android.app.ApplicationThreadProxy.scheduleRegisteredReceiver(ApplicationThreadNative.java:1009)
W/BroadcastQueue(  282): 	at com.android.server.am.BroadcastQueue.performReceiveLocked(BroadcastQueue.java:373)
W/BroadcastQueue(  282): 	at com.android.server.am.BroadcastQueue.deliverToRegisteredReceiverLocked(BroadcastQueue.java:439)
W/BroadcastQueue(  282): 	at com.android.server.am.BroadcastQueue.processNextBroadcast(BroadcastQueue.java:487)
W/BroadcastQueue(  282): 	at com.android.server.am.BroadcastQueue$1.handleMessage(BroadcastQueue.java:140)
W/BroadcastQueue(  282): 	at android.os.Handler.dispatchMessage(Handler.java:99)
W/BroadcastQueue(  282): 	at android.os.Looper.loop(Looper.java:137)
W/BroadcastQueue(  282): 	at com.android.server.am.ActivityManagerService$AThread.run(ActivityManagerService.java:1480)
E/JavaBinder(  282): !!! FAILED BINDER TRANSACTION !!!
W/BroadcastQueue(  282): Failure sending broadcast Intent { act=android.intent.action.SIM_STATE_CHANGED flg=0x20000010 (has extras) }
W/BroadcastQueue(  282): android.os.TransactionTooLargeException
W/BroadcastQueue(  282): 	at android.os.BinderProxy.transact(Native Method)
W/BroadcastQueue(  282): 	at android.app.ApplicationThreadProxy.scheduleRegisteredReceiver(ApplicationThreadNative.java:1009)
W/BroadcastQueue(  282): 	at com.android.server.am.BroadcastQueue.performReceiveLocked(BroadcastQueue.java:373)
W/BroadcastQueue(  282): 	at com.android.server.am.BroadcastQueue.deliverToRegisteredReceiverLocked(BroadcastQueue.java:439)
W/BroadcastQueue(  282): 	at com.android.server.am.BroadcastQueue.processNextBroadcast(BroadcastQueue.java:487)
W/BroadcastQueue(  282): 	at com.android.server.am.BroadcastQueue$1.handleMessage(BroadcastQueue.java:140)
W/BroadcastQueue(  282): 	at android.os.Handler.dispatchMessage(Handler.java:99)
W/BroadcastQueue(  282): 	at android.os.Looper.loop(Looper.java:137)
W/BroadcastQueue(  282): 	at com.android.server.am.ActivityManagerService$AThread.run(ActivityManagerService.java:1480)
E/JavaBinder(  282): !!! FAILED BINDER TRANSACTION !!!
W/BroadcastQueue(  282): Failure sending broadcast Intent { act=android.provider.Telephony.SPN_STRINGS_UPDATED flg=0x20000010 (has extras) }
W/BroadcastQueue(  282): android.os.TransactionTooLargeException
W/BroadcastQueue(  282): 	at android.os.BinderProxy.transact(Native Method)
W/BroadcastQueue(  282): 	at android.app.ApplicationThreadProxy.scheduleRegisteredReceiver(ApplicationThreadNative.java:1009)
W/BroadcastQueue(  282): 	at com.android.server.am.BroadcastQueue.performReceiveLocked(BroadcastQueue.java:373)
W/BroadcastQueue(  282): 	at com.android.server.am.BroadcastQueue.deliverToRegisteredReceiverLocked(BroadcastQueue.java:439)
W/BroadcastQueue(  282): 	at com.android.server.am.BroadcastQueue.processNextBroadcast(BroadcastQueue.java:487)
W/BroadcastQueue(  282): 	at com.android.server.am.BroadcastQueue$1.handleMessage(BroadcastQueue.java:140)
W/BroadcastQueue(  282): 	at android.os.Handler.dispatchMessage(Handler.java:99)
W/BroadcastQueue(  282): 	at android.os.Looper.loop(Looper.java:137)
W/BroadcastQueue(  282): 	at com.android.server.am.ActivityManagerService$AThread.run(ActivityManagerService.java:1480)
W/Settings(  388): Setting auto_time_zone has moved from android.provider.Settings.System to android.provider.Settings.Global, returning read-only value.
E/JavaBinder(  282): !!! FAILED BINDER TRANSACTION !!!
D/dalvikvm(  400): GC_CONCURRENT freed 174K, 5% free 4575K/4812K, paused 44ms+3ms, total 240ms
D/MccTable(  388): updateMccMncConfiguration: mcc=310, mnc=260
D/TelephonyManager(  388): getLteOnCdmaMode=0 curVal=-1 product_type='' lteOnCdmaProductType=''
D/MccTable(  388): locale set to en_us
D/MccTable(  388): WIFI_COUNTRY_CODE set to us
I/WifiService(  282): WifiService trying to set country code to us with persist set to true
I/ActivityManager(  282): Config changes=1400 {1.0 310mcc260mnc en_US ldltr sw320dp w320dp h508dp 240dpi nrml long port finger -keyb/v/h tball/v s.5}
W/WindowManager(  282): Window freeze timeout expired.
W/WindowManager(  282): Force clearing orientation change: Window{40f5a220 u0 StatusBar}
D/dalvikvm(  282): GC_CONCURRENT freed 861K, 22% free 5923K/7516K, paused 5ms+11ms, total 532ms
D/dalvikvm(  282): WAIT_FOR_CONCURRENT_GC blocked 513ms
I/Choreographer(  282): Skipped 102 frames!  The application may be doing too much work on its main thread.
W/Launcher.Model(  400): Desktop items loading interrupted:
W/Launcher.Model(  400): java.lang.NullPointerException
W/Launcher.Model(  400): 	at com.android.launcher2.LauncherModel$LoaderTask.checkItemPlacement(LauncherModel.java:1176)
W/Launcher.Model(  400): 	at com.android.launcher2.LauncherModel$LoaderTask.loadWorkspace(LauncherModel.java:1333)
W/Launcher.Model(  400): 	at com.android.launcher2.LauncherModel$LoaderTask.loadAndBindWorkspace(LauncherModel.java:972)
W/Launcher.Model(  400): 	at com.android.launcher2.LauncherModel$LoaderTask.run(LauncherModel.java:1076)
W/Launcher.Model(  400): 	at android.os.Handler.handleCallback(Handler.java:725)
W/Launcher.Model(  400): 	at android.os.Handler.dispatchMessage(Handler.java:92)
W/Launcher.Model(  400): 	at android.os.Looper.loop(Looper.java:137)
W/Launcher.Model(  400): 	at android.os.HandlerThread.run(HandlerThread.java:60)
E/JavaBinder(  282): !!! FAILED BINDER TRANSACTION !!!
I/Choreographer(  282): Skipped 34 frames!  The application may be doing too much work on its main thread.
E/JavaBinder(  282): !!! FAILED BINDER TRANSACTION !!!
W/BroadcastQueue(  282): Failure sending broadcast Intent { act=android.intent.action.CONFIGURATION_CHANGED flg=0x70000010 }
W/BroadcastQueue(  282): android.os.TransactionTooLargeException
W/BroadcastQueue(  282): 	at android.os.BinderProxy.transact(Native Method)
W/BroadcastQueue(  282): 	at android.app.ApplicationThreadProxy.scheduleRegisteredReceiver(ApplicationThreadNative.java:1009)
W/BroadcastQueue(  282): 	at com.android.server.am.BroadcastQueue.performReceiveLocked(BroadcastQueue.java:373)
W/BroadcastQueue(  282): 	at com.android.server.am.BroadcastQueue.deliverToRegisteredReceiverLocked(BroadcastQueue.java:439)
W/BroadcastQueue(  282): 	at com.android.server.am.BroadcastQueue.processNextBroadcast(BroadcastQueue.java:487)
W/BroadcastQueue(  282): 	at com.android.server.am.BroadcastQueue$1.handleMessage(BroadcastQueue.java:140)
W/BroadcastQueue(  282): 	at android.os.Handler.dispatchMessage(Handler.java:99)
W/BroadcastQueue(  282): 	at android.os.Looper.loop(Looper.java:137)
W/BroadcastQueue(  282): 	at com.android.server.am.ActivityManagerService$AThread.run(ActivityManagerService.java:1480)
E/JavaBinder(  282): !!! FAILED BINDER TRANSACTION !!!
W/BroadcastQueue(  282): Failure sending broadcast Intent { act=android.intent.action.CONFIGURATION_CHANGED flg=0x70000010 }
W/BroadcastQueue(  282): android.os.TransactionTooLargeException
W/BroadcastQueue(  282): 	at android.os.BinderProxy.transact(Native Method)
W/BroadcastQueue(  282): 	at android.app.ApplicationThreadProxy.scheduleRegisteredReceiver(ApplicationThreadNative.java:1009)
W/BroadcastQueue(  282): 	at com.android.server.am.BroadcastQueue.performReceiveLocked(BroadcastQueue.java:373)
W/BroadcastQueue(  282): 	at com.android.server.am.BroadcastQueue.deliverToRegisteredReceiverLocked(BroadcastQueue.java:439)
W/BroadcastQueue(  282): 	at com.android.server.am.BroadcastQueue.processNextBroadcast(BroadcastQueue.java:487)
W/BroadcastQueue(  282): 	at com.android.server.am.BroadcastQueue$1.handleMessage(BroadcastQueue.java:140)
W/BroadcastQueue(  282): 	at android.os.Handler.dispatchMessage(Handler.java:99)
W/BroadcastQueue(  282): 	at android.os.Looper.loop(Looper.java:137)
W/BroadcastQueue(  282): 	at com.android.server.am.ActivityManagerService$AThread.run(ActivityManagerService.java:1480)
E/JavaBinder(  282): !!! FAILED BINDER TRANSACTION !!!
W/BroadcastQueue(  282): Failure sending broadcast Intent { act=android.intent.action.CONFIGURATION_CHANGED flg=0x70000010 }
W/BroadcastQueue(  282): android.os.TransactionTooLargeException
W/BroadcastQueue(  282): 	at android.os.BinderProxy.transact(Native Method)
W/BroadcastQueue(  282): 	at android.app.ApplicationThreadProxy.scheduleRegisteredReceiver(ApplicationThreadNative.java:1009)
W/BroadcastQueue(  282): 	at com.android.server.am.BroadcastQueue.performReceiveLocked(BroadcastQueue.java:373)
W/BroadcastQueue(  282): 	at com.android.server.am.BroadcastQueue.deliverToRegisteredReceiverLocked(BroadcastQueue.java:439)
W/BroadcastQueue(  282): 	at com.android.server.am.BroadcastQueue.processNextBroadcast(BroadcastQueue.java:487)
W/BroadcastQueue(  282): 	at com.android.server.am.BroadcastQueue$1.handleMessage(BroadcastQueue.java:140)
W/BroadcastQueue(  282): 	at android.os.Handler.dispatchMessage(Handler.java:99)
W/BroadcastQueue(  282): 	at android.os.Looper.loop(Looper.java:137)
W/BroadcastQueue(  282): 	at com.android.server.am.ActivityManagerService$AThread.run(ActivityManagerService.java:1480)
E/JavaBinder(  282): !!! FAILED BINDER TRANSACTION !!!
W/BroadcastQueue(  282): Failure sending broadcast Intent { act=android.intent.action.CONFIGURATION_CHANGED flg=0x70000010 }
W/BroadcastQueue(  282): android.os.TransactionTooLargeException
W/BroadcastQueue(  282): 	at android.os.BinderProxy.transact(Native Method)
W/BroadcastQueue(  282): 	at android.app.ApplicationThreadProxy.scheduleRegisteredReceiver(ApplicationThreadNative.java:1009)
W/BroadcastQueue(  282): 	at com.android.server.am.BroadcastQueue.performReceiveLocked(BroadcastQueue.java:373)
W/BroadcastQueue(  282): 	at com.android.server.am.BroadcastQueue.deliverToRegisteredReceiverLocked(BroadcastQueue.java:439)
W/BroadcastQueue(  282): 	at com.android.server.am.BroadcastQueue.processNextBroadcast(BroadcastQueue.java:487)
W/BroadcastQueue(  282): 	at com.android.server.am.BroadcastQueue$1.handleMessage(BroadcastQueue.java:140)
W/BroadcastQueue(  282): 	at android.os.Handler.dispatchMessage(Handler.java:99)
W/BroadcastQueue(  282): 	at android.os.Looper.loop(Looper.java:137)
W/BroadcastQueue(  282): 	at com.android.server.am.ActivityManagerService$AThread.run(ActivityManagerService.java:1480)
D/dalvikvm(  282): GC_CONCURRENT freed 340K, 14% free 6466K/7516K, paused 14ms+25ms, total 267ms
D/dalvikvm(  282): WAIT_FOR_CONCURRENT_GC blocked 104ms
I/Choreographer(  282): Skipped 858 frames!  The application may be doing too much work on its main thread.
I/Choreographer(  282): Skipped 43 frames!  The application may be doing too much work on its main thread.
I/dalvikvm(  473): Wrote stack traces to '/data/anr/traces.txt'
W/InputDispatcher(  282): channel '40f5a220 StatusBar (server)' ~ Consumer closed input channel or an error occurred.  events=0x9
E/InputDispatcher(  282): channel '40f5a220 StatusBar (server)' ~ Channel is unrecoverably broken and will be disposed!
I//system/bin/fsck_msdos(   32): Attempting to allocate 2044 KB for FAT
D/dalvikvm(  282): GC_FOR_ALLOC freed 527K, 14% free 6520K/7516K, paused 918ms, total 930ms
I/dalvikvm-heap(  282): Grow heap (frag case) to 7.507MB for 1128976-byte allocation
D/dalvikvm(  282): GC_FOR_ALLOC freed 885K, 22% free 6737K/8620K, paused 135ms, total 200ms
I/ActivityManager(  282): Process com.android.systemui (pid 344) has died.
W/ActivityManager(  282): Scheduling restart of crashed service com.android.systemui/.ImageWallpaper in 0ms
W/ActivityManager(  282): Scheduling restart of crashed service com.android.systemui/.SystemUIService in 0ms
I/WindowState(  282): WIN DEATH: Window{40f5a220 u0 StatusBar}
W/InputDispatcher(  282): Attempted to unregister already unregistered input channel '40f5a220 StatusBar (server)'
I/ActivityManager(  282): Start proc com.android.systemui for restart com.android.systemui: pid=562 uid=10034 gids={50034, 1028, 1015, 3002, 3001}
W/WindowManager(  282): App freeze timeout expired.
W/WindowManager(  282): Force clearing freeze: AppWindowToken{40f6a688 token=Token{40f556c8 ActivityRecord{40f55290 u0 com.android.launcher/com.android.launcher2.Launcher}}}
D/dalvikvm(  400): GC_FOR_ALLOC freed 340K, 8% free 4816K/5216K, paused 172ms, total 204ms
I/dalvikvm-heap(  400): Grow heap (frag case) to 6.131MB for 1440016-byte allocation
I/Choreographer(  282): Skipped 667 frames!  The application may be doing too much work on its main thread.
D/dalvikvm(  282): GC_CONCURRENT freed 34K, 23% free 6718K/8620K, paused 127ms+36ms, total 1333ms
E/Trace   (  562): error opening trace file: No such file or directory (2)
D/dalvikvm(  400): GC_FOR_ALLOC freed 30K, 7% free 6192K/6624K, paused 367ms, total 367ms
I/Choreographer(  282): Skipped 83 frames!  The application may be doing too much work on its main thread.
V/TAG     (  282): bug 7643792: fitSystemWindows([0,0][0,0])
I/Choreographer(  282): Skipped 55 frames!  The application may be doing too much work on its main thread.
D/SystemUIService(  562): loading: class com.android.systemui.statusbar.phone.PhoneStatusBar
D/dalvikvm(  388): GC_CONCURRENT freed 291K, 11% free 2997K/3352K, paused 4ms+558ms, total 708ms
D/SystemUIService(  562): running: com.android.systemui.statusbar.phone.PhoneStatusBar@40cd6028
W/WindowManager(  282): ***** BOOT TIMEOUT: forcing display enabled
I/SurfaceFlinger(   37): Boot is finished (82801 ms)
I/ActivityManager(  282): Config changes=1400 {1.0 310mcc260mnc en_US ldltr sw320dp w320dp h508dp 240dpi nrml long port finger -keyb/v/h tball/v s.6}
I/PowerManagerService(  282): Boot animation finished.
I/Choreographer(  282): Skipped 91 frames!  The application may be doing too much work on its main thread.
I/StatusBarManagerService(  282): registerStatusBar bar=com.android.internal.statusbar.IStatusBar$Stub$Proxy@40ddfa88
D/dalvikvm(  282): GC_EXPLICIT freed 1291K, 34% free 5720K/8620K, paused 36ms+8ms, total 309ms
D/dalvikvm(  388): GC_CONCURRENT freed 506K, 17% free 2944K/3512K, paused 5ms+108ms, total 163ms
D/Launcher.Model(  400): Reload apps on config change. curr_mcc:310 prevmcc:0
I/Choreographer(  400): Skipped 2545 frames!  The application may be doing too much work on its main thread.
D/dalvikvm(  562): GC_FOR_ALLOC freed 94K, 6% free 2667K/2824K, paused 94ms, total 120ms
I/dalvikvm-heap(  562): Grow heap (frag case) to 3.269MB for 635812-byte allocation
D/dalvikvm(  562): GC_FOR_ALLOC freed 5K, 5% free 3283K/3448K, paused 136ms, total 136ms
E/SurfaceFlinger(   37): ro.sf.lcd_density must be defined as a build property
D/dalvikvm(  562): GC_CONCURRENT freed 0K, 5% free 3288K/3448K, paused 4ms+81ms, total 101ms
D/gralloc_goldfish(  400): Emulator without GPU emulation detected.
E/BluetoothAdapter(  562): Bluetooth binder is null
E/BluetoothAdapter(  562): Bluetooth binder is null
D/dalvikvm(  400): GC_FOR_ALLOC freed 2277K, 34% free 4704K/7040K, paused 79ms, total 111ms
I/dalvikvm-heap(  400): Grow heap (frag case) to 6.114MB for 1536016-byte allocation
E/BluetoothAdapter(  562): Bluetooth binder is null
D/dalvikvm(  400): GC_CONCURRENT freed 28K, 28% free 6175K/8544K, paused 12ms+3ms, total 65ms
D/dalvikvm(  400): WAIT_FOR_CONCURRENT_GC blocked 42ms
D/dalvikvm(  400): GC_FOR_ALLOC freed <1K, 28% free 6175K/8544K, paused 43ms, total 43ms
I/dalvikvm-heap(  400): Grow heap (frag case) to 7.550MB for 1536016-byte allocation
D/dalvikvm(  400): GC_FOR_ALLOC freed 0K, 24% free 7675K/10048K, paused 57ms, total 57ms
D/dalvikvm(  400): GC_CONCURRENT freed 0K, 23% free 7771K/10048K, paused 5ms+4ms, total 72ms
D/dalvikvm(  562): GC_CONCURRENT freed 67K, 4% free 3672K/3804K, paused 4ms+36ms, total 96ms
E/BluetoothAdapter(  562): Bluetooth binder is null
I/ActivityManager(  282): Displayed com.android.launcher/com.android.launcher2.Launcher: +44s274ms
I/Choreographer(  400): Skipped 36 frames!  The application may be doing too much work on its main thread.
D/PhoneStatusBar(  562): disable: < expand icons alerts ticker system_info BACK* HOME* RECENT* CLOCK* SEARCH* >
E/BluetoothAdapter(  562): Bluetooth binder is null
D/dalvikvm(  400): GC_FOR_ALLOC freed 1559K, 27% free 7342K/10048K, paused 57ms, total 90ms
D/SystemUIService(  562): loading: class com.android.systemui.power.PowerUI
D/SystemUIService(  562): running: com.android.systemui.power.PowerUI@40e4cb30
D/SystemUIService(  562): loading: class com.android.systemui.media.RingtonePlayer
D/SystemUIService(  562): running: com.android.systemui.media.RingtonePlayer@40e4d910
D/dalvikvm(  400): GREF has increased to 201
I/Choreographer(  562): Skipped 394 frames!  The application may be doing too much work on its main thread.
I/Choreographer(  400): Skipped 85 frames!  The application may be doing too much work on its main thread.
E/SurfaceFlinger(   37): ro.sf.lcd_density must be defined as a build property
V/TAG     (  282): bug 7643792: fitSystemWindows([0,38][0,0])
I/Choreographer(  282): Skipped 33 frames!  The application may be doing too much work on its main thread.
I/Choreographer(  400): Skipped 173 frames!  The application may be doing too much work on its main thread.
D/dalvikvm(  562): GC_CONCURRENT freed 290K, 9% free 3786K/4144K, paused 267ms+18ms, total 354ms
I/Choreographer(  562): Skipped 296 frames!  The application may be doing too much work on its main thread.
D/gralloc_goldfish(  562): Emulator without GPU emulation detected.
D/dalvikvm(  400): GC_FOR_ALLOC freed 1552K, 37% free 6419K/10048K, paused 31ms, total 34ms
I/dalvikvm-heap(  400): Grow heap (frag case) to 7.719MB for 1463056-byte allocation
D/dalvikvm(  400): GC_CONCURRENT freed 1K, 22% free 7846K/10048K, paused 5ms+4ms, total 33ms
D/dalvikvm(  400): WAIT_FOR_CONCURRENT_GC blocked 29ms
D/dalvikvm(  400): GC_FOR_ALLOC freed <1K, 22% free 7846K/10048K, paused 25ms, total 26ms
I/dalvikvm-heap(  400): Grow heap (frag case) to 9.113MB for 1463056-byte allocation
D/dalvikvm(  400): GC_FOR_ALLOC freed <1K, 20% free 9275K/11480K, paused 28ms, total 28ms
I/ActivityManager(  282): Start proc com.android.email for broadcast com.android.email/.service.EmailBroadcastReceiver: pid=589 uid=10019 gids={50019, 3003, 1015, 1028}
E/Trace   (  589): error opening trace file: No such file or directory (2)
W/GpsLocationProvider(  282): Could not open GPS configuration file /etc/gps.conf
W/ServiceWatcher(  282): com.google.android.location not found
W/ServiceWatcher(  282): com.google.android.location not found
W/LocationManagerService(  282): no network location provider found
I/ActivityManager(  282): Start proc com.android.exchange for service com.android.exchange/.ExchangeService: pid=607 uid=10032 gids={50032, 3003, 1015, 1028}
I/ActivityManager(  282): Start proc com.android.providers.calendar for broadcast com.android.providers.calendar/.CalendarReceiver: pid=614 uid=10023 gids={50023, 3003, 1015, 1028}
W/ServiceWatcher(  282): com.google.android.location not found
E/Trace   (  607): error opening trace file: No such file or directory (2)
E/Trace   (  614): error opening trace file: No such file or directory (2)
I/ActivityManager(  282): Start proc com.android.mms for broadcast com.android.mms/.transaction.MmsSystemEventReceiver: pid=640 uid=10029 gids={50029, 3003, 1015, 1028}
D/Eas Debug(  607): Logging: 
E/Trace   (  640): error opening trace file: No such file or directory (2)
D/ExchangeService(  607): !!! EAS ExchangeService, onCreate
D/ExchangeService(  607): !!! EAS ExchangeService, onStartCommand, startingUp = false, running = false
D/CountryDetector(  282): The first listener is added
V/MmsConfig(  640): mnc/mcc: 310260
V/MmsConfig(  640): tag: bool value: enabledMMS - true
V/MmsConfig(  640): tag: int value: maxMessageSize - 307200
V/MmsConfig(  640): tag: int value: maxImageHeight - 480
V/MmsConfig(  640): tag: int value: maxImageWidth - 640
V/MmsConfig(  640): tag: int value: defaultSMSMessagesPerThread - 500
V/MmsConfig(  640): tag: int value: defaultMMSMessagesPerThread - 50
V/MmsConfig(  640): tag: int value: minMessageCountPerThread - 10
V/MmsConfig(  640): tag: int value: maxMessageCountPerThread - 5000
V/MmsConfig(  640): tag: string value: uaProfUrl - http://www.google.com/oha/rdf/ua-profile-kila.xml
V/MmsConfig(  640): tag: int value: recipientLimit - -1
V/MmsConfig(  640): tag: bool value: enableMultipartSMS - true
V/MmsConfig(  640): tag: int value: smsToMmsTextThreshold - -1
V/MmsConfig(  640): tag: bool value: enableSlideDuration - true
V/MmsConfig(  640): tag: int value: maxMessageTextSize - -1
D/dalvikvm(  282): GREF has increased to 501
I//system/bin/fsck_msdos(   32): ** Phase 2 - Check Cluster Chains
I//system/bin/fsck_msdos(   32): ** Phase 3 - Checking Directories
I/ActivityManager(  282): Start proc com.android.location.fused for service com.android.location.fused/.FusedLocationService: pid=669 uid=10022 gids={50022, 1028}
D/ExchangeService(  607): !!! EAS ExchangeService, onStartCommand, startingUp = true, running = false
I/ActivityManager(  282): Start proc com.android.settings for broadcast com.android.settings/.widget.SettingsAppWidgetProvider: pid=680 uid=1000 gids={41000, 1015, 1028, 3002, 3001, 3003}
E/Trace   (  669): error opening trace file: No such file or directory (2)
E/Trace   (  680): error opening trace file: No such file or directory (2)
E/BluetoothAdapter(  680): Bluetooth binder is null
D/Mms:app (  640): cancelNotification
I//system/bin/fsck_msdos(   32): ** Phase 4 - Checking for Lost Files
W/ServiceWatcher(  282): com.google.android.location not found
E/LocationManagerService(  282): no geocoder provider found
I//system/bin/fsck_msdos(   32): 13 files, 1044446 free (522223 clusters)
I/Vold    (   32): Filesystem check completed OK
I/Vold    (   32): Device /dev/block/vold/179:0, target /mnt/sdcard mounted @ /mnt/secure/staging
D/Vold    (   32): Volume sdcard state changing 3 (Checking) -> 4 (Mounted)
D/MountService(  282): volume state changed for /mnt/sdcard (checking -> mounted)
I/PackageManager(  282): Updating external media status from unmounted to mounted
D/MountService(  282): sendStorageIntent Intent { act=android.intent.action.MEDIA_MOUNTED dat=file:///mnt/sdcard (has extras) } to UserHandle{-1}
E/VoldConnector(  282): NDC Command {3 volume mount /mnt/sdcard} took too long (53761ms)
E/VoldConnector(  282): NDC Command {4 asec list} took too long (662ms)
I/PackageManager(  282): No secure containers on sdcard
D/dalvikvm(  282): GC_CONCURRENT freed 726K, 24% free 5778K/7516K, paused 132ms+9ms, total 231ms
W/PackageManager(  282): Unknown permission com.google.android.googleapps.permission.GOOGLE_AUTH.mail in package com.android.contacts
W/PackageManager(  282): Unknown permission android.permission.ADD_SYSTEM_SERVICE in package com.android.phone
W/PackageManager(  282): Unknown permission com.android.smspush.WAPPUSH_MANAGER_BIND in package com.android.phone
W/PackageManager(  282): Unknown permission com.google.android.googleapps.permission.GOOGLE_AUTH in package com.android.providers.calendar
W/PackageManager(  282): Unknown permission com.google.android.googleapps.permission.GOOGLE_AUTH.cl in package com.android.providers.calendar
W/PackageManager(  282): Unknown permission com.google.android.googleapps.permission.GOOGLE_AUTH.mail in package com.android.calendar
W/PackageManager(  282): Not granting permission android.permission.SEND_DOWNLOAD_COMPLETED_INTENTS to package com.android.browser (protectionLevel=2 flags=0x89be45)
W/PackageManager(  282): Not granting permission android.permission.BIND_APPWIDGET to package com.android.widgetpreview (protectionLevel=18 flags=0x8be44)
W/PackageManager(  282): Unknown permission com.google.android.googleapps.permission.GOOGLE_AUTH in package com.android.settings
W/PackageManager(  282): Unknown permission com.google.android.gallery3d.permission.GALLERY_PROVIDER in package com.android.exchange
W/PackageManager(  282): Unknown permission com.google.android.googleapps.permission.ACCESS_GOOGLE_PASSWORD in package com.android.development
W/PackageManager(  282): Unknown permission com.google.android.googleapps.permission.GOOGLE_AUTH in package com.android.development
W/PackageManager(  282): Unknown permission com.google.android.googleapps.permission.GOOGLE_AUTH.ALL_SERVICES in package com.android.development
W/PackageManager(  282): Unknown permission com.google.android.googleapps.permission.GOOGLE_AUTH.YouTubeUser in package com.android.development
W/PackageManager(  282): Unknown permission com.google.android.gallery3d.permission.GALLERY_PROVIDER in package com.android.email
W/PackageManager(  282): Not granting permission android.permission.DEVICE_POWER to package com.android.deskclock (protectionLevel=2 flags=0x88be45)
D/EmailProvider(  589): fromDatabase accounts: 0
D/EmailProvider(  589): ending toDatabase transaction; copyCount = 0
D/EmailProvider(  589): ending fromDatabase transaction; copyCount = 0
D/MmsSmsDatabaseHelper(  388): [MmsSmsDb] tableName: threads hasAutoIncrement: CREATE TABLE threads (_id INTEGER PRIMARY KEY AUTOINCREMENT,date INTEGER DEFAULT 0,message_count INTEGER DEFAULT 0,recipient_ids TEXT,snippet TEXT,snippet_cs INTEGER DEFAULT 0,read INTEGER DEFAULT 1,type INTEGER DEFAULT 0,error INTEGER DEFAULT 0,has_attachment INTEGER DEFAULT 0) result: true
W/WallpaperService(  282): Wallpaper service gone: ComponentInfo{com.android.systemui/com.android.systemui.ImageWallpaper}
E/SurfaceFlinger(   37): ro.sf.lcd_density must be defined as a build property
D/MmsSmsDatabaseHelper(  388): [MmsSmsDb] tableName: canonical_addresses hasAutoIncrement: CREATE TABLE canonical_addresses (_id INTEGER PRIMARY KEY AUTOINCREMENT,address TEXT) result: true
D/MmsSmsDatabaseHelper(  388): [MmsSmsDb] tableName: part hasAutoIncrement: CREATE TABLE part (_id INTEGER PRIMARY KEY AUTOINCREMENT,mid INTEGER,seq INTEGER DEFAULT 0,ct TEXT,name TEXT,chset INTEGER,cd TEXT,fn TEXT,cid TEXT,cl TEXT,ctt_s INTEGER,ctt_t TEXT,_data TEXT,text TEXT) result: true
D/dalvikvm(  562): GC_FOR_ALLOC freed 43K, 6% free 3900K/4140K, paused 49ms, total 64ms
I/dalvikvm-heap(  562): Grow heap (frag case) to 9.981MB for 6410576-byte allocation
D/dalvikvm(  562): GC_FOR_ALLOC freed <1K, 3% free 10159K/10404K, paused 73ms, total 73ms
D/dalvikvm(  282): GC_CONCURRENT freed 635K, 21% free 5973K/7516K, paused 214ms+110ms, total 471ms
D/dalvikvm(  562): GC_CONCURRENT freed <1K, 3% free 10159K/10404K, paused 6ms+5ms, total 112ms
D/dalvikvm(  282): GC_CONCURRENT freed 248K, 12% free 6627K/7516K, paused 7ms+57ms, total 202ms
D/dalvikvm(  282): WAIT_FOR_CONCURRENT_GC blocked 17ms
D/dalvikvm(  282): WAIT_FOR_CONCURRENT_GC blocked 80ms
D/dalvikvm(  282): WAIT_FOR_CONCURRENT_GC blocked 106ms
I/Choreographer(  400): Skipped 307 frames!  The application may be doing too much work on its main thread.
W/ActivityManager(  282): Unable to start service Intent { cmp=com.android.email/.service.AttachmentDownloadService } U=0: not found
D/ExchangeService(  607): !!! EAS ExchangeService, onStartCommand, startingUp = true, running = false
D/ExchangeService(  607): Received deviceId from Email app: androidc259148960
D/ExchangeService(  607): Reconciling accounts...
D/dalvikvm(  589): GC_CONCURRENT freed 187K, 9% free 2587K/2836K, paused 5ms+3ms, total 270ms
I/Choreographer(  282): Skipped 627 frames!  The application may be doing too much work on its main thread.
D/dalvikvm(  562): GC_FOR_ALLOC freed <1K, 3% free 10159K/10404K, paused 48ms, total 48ms
I/dalvikvm-heap(  562): Grow heap (frag case) to 12.677MB for 2828816-byte allocation
D/dalvikvm(  562): GC_CONCURRENT freed 0K, 2% free 12922K/13168K, paused 4ms+15ms, total 75ms
D/dalvikvm(  562): WAIT_FOR_CONCURRENT_GC blocked 62ms
D/dalvikvm(  282): GC_FOR_ALLOC freed 539K, 12% free 6638K/7516K, paused 133ms, total 148ms
I/dalvikvm-heap(  282): Grow heap (frag case) to 7.624MB for 1128976-byte allocation
D/dalvikvm(  282): GC_FOR_ALLOC freed 891K, 21% free 6850K/8620K, paused 105ms, total 105ms
W/ActivityManager(  282): Unable to start service Intent { cmp=com.android.email/.service.AttachmentDownloadService } U=0: not found
D/dalvikvm(  282): GC_CONCURRENT freed 24K, 21% free 6839K/8620K, paused 23ms+115ms, total 353ms
I/Choreographer(  282): Skipped 34 frames!  The application may be doing too much work on its main thread.
I/Choreographer(  282): Skipped 172 frames!  The application may be doing too much work on its main thread.
I/AccountTypeManager(  473): Loaded meta-data for 1 account types, 0 accounts in 647ms(wall) 48ms(cpu)
I/Choreographer(  282): Skipped 199 frames!  The application may be doing too much work on its main thread.
I/CalendarProvider2(  614): Sending notification intent: Intent { act=android.intent.action.PROVIDER_CHANGED dat=content://com.android.calendar }
D/ExchangeService(  607): !!! EAS ExchangeService, onStartCommand, startingUp = true, running = false
D/MediaScannerReceiver(  486): action: android.intent.action.MEDIA_MOUNTED path: /mnt/sdcard
E/BluetoothAdapter(  680): Bluetooth binder is null
W/ActivityManager(  282): Unable to start service Intent { cmp=com.android.email/.service.AttachmentDownloadService } U=0: not found
D/MmsSmsDatabaseHelper(  388): [MmsSmsDb] tableName: pdu hasAutoIncrement: CREATE TABLE pdu (_id INTEGER PRIMARY KEY AUTOINCREMENT,thread_id INTEGER,date INTEGER,date_sent INTEGER DEFAULT 0,msg_box INTEGER,read INTEGER DEFAULT 0,m_id TEXT,sub TEXT,sub_cs INTEGER,ct_t TEXT,ct_l TEXT,exp INTEGER,m_cls TEXT,m_type INTEGER,v INTEGER,m_size INTEGER,pri INTEGER,rr INTEGER,rpt_a INTEGER,resp_st INTEGER,st INTEGER,tr_id TEXT,retr_st INTEGER,retr_txt TEXT,retr_txt_cs INTEGER,read_status INTEGER,ct_cls INTEGER,resp_txt TEXT,d_tm INTEGER,d_rpt INTEGER,locked INTEGER DEFAULT 0,seen INTEGER DEFAULT 0,text_only INTEGER DEFAULT 0) result: true
D/MmsSmsDatabaseHelper(  388): [getWritableDatabase] hasAutoIncrementThreads: true hasAutoIncrementAddresses: true hasAutoIncrementPart: true hasAutoIncrementPdu: true
D/Eas Debug(  607): Logging: 
D/ConnectivityService(  282): ConnectivityChange for mobile: CONNECTED/CONNECTED
I/dalvikvm(  282): Jit: resizing JitTable from 4096 to 8192
W/ContentResolver(  614): Failed to get type for: content://com.android.calendar (Unknown URL content://com.android.calendar)
D/dalvikvm(  486): GREF has increased to 201
I/FusedLocation(  669): engine started (com.android.location.fused)
I/ActivityManager(  282): Start proc com.android.calendar for broadcast com.android.calendar/.alerts.AlertReceiver: pid=721 uid=10004 gids={50004, 3003, 1028}
E/Trace   (  721): error opening trace file: No such file or directory (2)
D/AlertReceiver(  721): onReceive: a=android.intent.action.PROVIDER_CHANGED Intent { act=android.intent.action.PROVIDER_CHANGED dat=content://com.android.calendar flg=0x10 cmp=com.android.calendar/.alerts.AlertReceiver }
E/BluetoothAdapter(  680): Bluetooth binder is null
D/AlertService(  721): 0 Action = android.intent.action.PROVIDER_CHANGED
D/AlertService(  721): Beginning updateAlertNotification
D/AlertService(  721): No fired or scheduled alerts
W/MediaProvider(  486): no database for scanned volume external
D/dalvikvm(  486): GC_CONCURRENT freed 197K, 10% free 2561K/2820K, paused 4ms+3ms, total 84ms
D/Mms:app (  640): cancelNotification
D/dalvikvm(  388): GREF has increased to 201
W/MediaScanner(  486): Error opening directory '/mnt/sdcard/.android_secure/', skipping: Permission denied.
V/MediaScanner(  486): pruneDeadThumbnailFiles... android.database.sqlite.SQLiteCursor@40cf6d58
V/MediaScanner(  486): /pruneDeadThumbnailFiles... android.database.sqlite.SQLiteCursor@40cf6d58
W/MediaScanner(  486): Error opening directory '/mnt/sdcard/.android_secure/', skipping: Permission denied.
V/MediaScanner(  486): pruneDeadThumbnailFiles... android.database.sqlite.SQLiteCursor@40ccb358
V/MediaScanner(  486): /pruneDeadThumbnailFiles... android.database.sqlite.SQLiteCursor@40ccb358
W/SystemClock(  282): Unable to set rtc to 1483706454: Invalid argument
V/AlarmClock(  531): No next alarm
V/AlarmClock(  531): AlarmInitReceiver finished
D/Tethering(  282): MasterInitialState.processMessage what=3
D/dalvikvm(  282): GREF has increased to 601
D/GpsLocationProvider(  282): NTP server returned: 1483706454925 (Fri Jan 06 12:40:54 GMT 2017) reference: 106179 certainty: 165 system time offset: -816
I/Choreographer(  562): Skipped 58 frames!  The application may be doing too much work on its main thread.
D/SystemClock(  282): Setting time of day to sec=1483706454
D/AndroidRuntime(  767): 
D/AndroidRuntime(  767): >>>>>> AndroidRuntime START com.android.internal.os.RuntimeInit <<<<<<
D/AndroidRuntime(  767): CheckJNI is ON
D/dalvikvm(  767): Trying to load lib libjavacore.so 0x0
D/dalvikvm(  767): Added shared lib libjavacore.so 0x0
D/dalvikvm(  767): Trying to load lib libnativehelper.so 0x0
D/dalvikvm(  767): Added shared lib libnativehelper.so 0x0
D/AndroidRuntime(  767): Calling main entry com.android.commands.am.Am
D/dalvikvm(  767): Note: class Landroid/app/ActivityManagerNative; has 157 unimplemented (abstract) methods
D/dalvikvm(  778): Not late-enabling CheckJNI (already on)
I/ActivityManager(  282): Start proc it.unina.android.ripper_service:android_ripper_service_process for service it.unina.android.ripper_service/.AndroidRipperService: pid=778 uid=10049 gids={50049, 3003, 1028}
D/AndroidRuntime(  767): Shutting down VM
D/dalvikvm(  767): GC_CONCURRENT freed 91K, 16% free 490K/584K, paused 1ms+1ms, total 7ms
E/Trace   (  778): error opening trace file: No such file or directory (2)
V/AndroidRipperService(  778): onCreate()
V/SERVER  (  778): Starting ServerSocket on PORT 8888
V/SERVER  (  778): Started ServerSocket on PORT 8888
V/SERVER  (  778): Ready to accept connections on port: 8888
D/AndroidRuntime(  801): 
D/AndroidRuntime(  801): >>>>>> AndroidRuntime START com.android.internal.os.RuntimeInit <<<<<<
D/AndroidRuntime(  801): CheckJNI is ON
D/dalvikvm(  801): Trying to load lib libjavacore.so 0x0
D/dalvikvm(  801): Added shared lib libjavacore.so 0x0
D/dalvikvm(  801): Trying to load lib libnativehelper.so 0x0
D/dalvikvm(  801): Added shared lib libnativehelper.so 0x0
D/AndroidRuntime(  801): Calling main entry com.android.commands.am.Am
D/dalvikvm(  801): Note: class Landroid/app/ActivityManagerNative; has 157 unimplemented (abstract) methods
I/ActivityManager(  282): Force stopping package es.senselesssolutions.gpl.weightchart appid=10048 user=0
D/dalvikvm(  811): Not late-enabling CheckJNI (already on)
I/ActivityManager(  282): Start proc es.senselesssolutions.gpl.weightchart for added application es.senselesssolutions.gpl.weightchart: pid=811 uid=10048 gids={50048, 1015, 1028}
I/dalvikvm(  811): Turning on JNI app bug workarounds for target SDK version 3...
E/Trace   (  811): error opening trace file: No such file or directory (2)
D/PolideaInstrumentationTestRunner(  811): Creating the Test Runner with arguments: [coverage, class]
D/PolideaInstrumentationTestRunner(  811): Test runner is running with the following parameters:
D/PolideaInstrumentationTestRunner(  811): junitOutputDirectory: /data/data/es.senselesssolutions.gpl.weightchart/files
D/PolideaInstrumentationTestRunner(  811): junitOutputFilePostfix: -TEST.xml
D/PolideaInstrumentationTestRunner(  811): junitNoPackagePrefix: NO_PACKAGE
D/PolideaInstrumentationTestRunner(  811): junitSplitLevel: package
D/PolideaInstrumentationTestRunner(  811): junitSingleFileName: ALL-TEST.xml
D/PolideaInstrumentationTestRunner(  811): Creating output directory if it does not exist
D/PolideaInstrumentationTestRunner(  811): Created directory? false
D/PolideaInstrumentationTestRunner(  811): Deleting old files
D/PolideaInstrumentationTestRunner(  811): Deleting: [/data/data/es.senselesssolutions.gpl.weightchart/files/it.unina.android.ripper-TEST.xml]
D/dalvikvm(  811): GC_CONCURRENT freed 241K, 11% free 2577K/2888K, paused 5ms+13ms, total 52ms
I/System.out(  811): EMMA: collecting runtime coverage data ...
D/PolideaInstrumentationTestRunner(  811): Getting android test runner
D/PolideaInstrumentationTestRunner(  811): JUnit test output enabled
W/dalvikvm(  811): method Landroid/test/InstrumentationTestRunner$StringResultPrinter;.print incorrectly overrides package-private method with same name in Ljunit/textui/ResultPrinter;
D/PolideaInstrumentationTestRunner(  811): Starting test: testApplication(it.unina.android.ripper.RipperTestCase)
I/TestRunner(  811): started: testApplication(it.unina.android.ripper.RipperTestCase)
V/AndroidRipperService(  778): onBind()
V/AndroidRipperService(  778): onBind()
V/AndroidRipperService(  778): register()
I/ActivityManager(  282): START u0 {act=android.intent.action.MAIN flg=0x10000000 cmp=es.senselesssolutions.gpl.weightchart/.ChartActivity} from pid 811
D/PermissionCache(   37): checking android.permission.READ_FRAME_BUFFER for uid=1000 => granted (11536 us)
W/WindowManager(  282): Failure taking screenshot for (246x410) to layer 21000
E/SurfaceFlinger(   37): ro.sf.lcd_density must be defined as a build property
D/dalvikvm(  811): GC_FOR_ALLOC freed 190K, 10% free 2610K/2888K, paused 73ms, total 83ms
D/dalvikvm(  811): GC_FOR_ALLOC freed 7K, 8% free 2939K/3164K, paused 32ms, total 52ms
I/Choreographer(  811): Skipped 34 frames!  The application may be doing too much work on its main thread.
V/        (  778): ready
V/RipperService(  778): PING
V/AndroidRipperService(  778): mHandler.handleMessage() RECIVED
V/AndroidRipperService(  778): broadcast()
I/AndroidRipper(  811): Recived message: PING
V/RipperTestCase(  811): Not ready to operate!
V/AndroidRipperService(  778): broadcast() done
V/        (  778): ready
E/SurfaceFlinger(   37): ro.sf.lcd_density must be defined as a build property
E/SurfaceFlinger(   37): ro.sf.lcd_density must be defined as a build property
I/Choreographer(  811): Skipped 127 frames!  The application may be doing too much work on its main thread.
D/gralloc_goldfish(  811): Emulator without GPU emulation detected.
I/ActivityManager(  282): Displayed es.senselesssolutions.gpl.weightchart/.ChartActivity: +2s404ms
V/RipperService(  778): PING
V/AndroidRipperService(  778): mHandler.handleMessage() RECIVED
V/AndroidRipperService(  778): broadcast()
I/AndroidRipper(  811): Recived message: PING
V/RipperTestCase(  811): Not ready to operate!
V/AndroidRipperService(  778): broadcast() done
V/        (  778): ready
I/AndroidRipper(  811): [RipperTestCase] Ready to operate after restarting...
V/RipperService(  778): PING
V/AndroidRipperService(  778): mHandler.handleMessage() RECIVED
V/AndroidRipperService(  778): broadcast()
I/AndroidRipper(  811): Recived message: PING
V/AndroidRipperService(  778): send()
I/System.out(  778): {"type":"PONG","index":"4"}
V/AndroidRipperService(  778): broadcast() done
V/        (  778): ready
V/RipperService(  778): END
V/AndroidRipperService(  778): mHandler.handleMessage() RECIVED
V/AndroidRipperService(  778): broadcast()
I/AndroidRipper(  811): Recived message: END
V/AndroidRipperService(  778): broadcast() done
V/        (  778): ready
V/SERVER  (  778): ServerSocket on PORT 8888: offline
V/AndroidRipperService(  778): mHandler.handleMessage() DISCONNECTED
V/SERVER  (  778): Ready to accept connections on port: 8888
V/AndroidRipperService(  778): unregister()
W/WindowManager(  282): Failure taking screenshot for (246x410) to layer 21010
V/AndroidRipperService(  778): unregister()
W/ActivityManager(  282): Duplicate finish request for ActivityRecord{4106c5f8 u0 es.senselesssolutions.gpl.weightchart/.ChartActivity}
D/dalvikvm(  811): GC_EXPLICIT freed 54K, 4% free 3145K/3264K, paused 5ms+4ms, total 102ms
D/dalvikvm(  811): GC_EXPLICIT freed 7K, 4% free 3139K/3264K, paused 4ms+3ms, total 80ms
D/PolideaInstrumentationTestRunner(  811): Finished test: testApplication(it.unina.android.ripper.RipperTestCase)
I/TestRunner(  811): finished: testApplication(it.unina.android.ripper.RipperTestCase)
I/TestRunner(  811): passed: testApplication(it.unina.android.ripper.RipperTestCase)
I/System.out(  811): EMMA: runtime coverage data written to [/data/data/es.senselesssolutions.gpl.weightchart/files/coverage.ec] {in 52 ms}
D/PolideaInstrumentationTestRunner(  811): Post processing
D/PolideaInstrumentationTestRunner(  811): Packages: 1
D/PolideaInstrumentationTestRunner(  811): Processing package package it.unina.android.ripper
D/PolideaInstrumentationTestRunner(  811): Writing to file /data/data/es.senselesssolutions.gpl.weightchart/files/it.unina.android.ripper-TEST.xml
D/PolideaInstrumentationTestRunner(  811): closing file
D/AndroidRuntime(  801): Shutting down VM
D/dalvikvm(  801): GC_CONCURRENT freed 95K, 18% free 462K/560K, paused 0ms+0ms, total 8ms
I/ActivityManager(  282): Force stopping package es.senselesssolutions.gpl.weightchart appid=10048 user=0
I/ActivityManager(  282): Killing proc 811:es.senselesssolutions.gpl.weightchart/u0a10048: force stop es.senselesssolutions.gpl.weightchart
I/Choreographer(  400): Skipped 191 frames!  The application may be doing too much work on its main thread.
W/InputDispatcher(  282): channel '4107c650 es.senselesssolutions.gpl.weightchart/es.senselesssolutions.gpl.weightchart.ChartActivity (server)' ~ Consumer closed input channel or an error occurred.  events=0x9
E/InputDispatcher(  282): channel '4107c650 es.senselesssolutions.gpl.weightchart/es.senselesssolutions.gpl.weightchart.ChartActivity (server)' ~ Channel is unrecoverably broken and will be disposed!
W/InputDispatcher(  282): channel '40f1d8a0 es.senselesssolutions.gpl.weightchart/es.senselesssolutions.gpl.weightchart.ChartActivity (server)' ~ Consumer closed input channel or an error occurred.  events=0x9
E/InputDispatcher(  282): channel '40f1d8a0 es.senselesssolutions.gpl.weightchart/es.senselesssolutions.gpl.weightchart.ChartActivity (server)' ~ Channel is unrecoverably broken and will be disposed!
I/WindowState(  282): WIN DEATH: Window{4107c650 u0 es.senselesssolutions.gpl.weightchart/es.senselesssolutions.gpl.weightchart.ChartActivity EXITING}
W/InputDispatcher(  282): Attempted to unregister already unregistered input channel '4107c650 es.senselesssolutions.gpl.weightchart/es.senselesssolutions.gpl.weightchart.ChartActivity (server)'
I/WindowState(  282): WIN DEATH: Window{40f1d8a0 u0 es.senselesssolutions.gpl.weightchart/es.senselesssolutions.gpl.weightchart.ChartActivity}
W/InputDispatcher(  282): Attempted to unregister already unregistered input channel '40f1d8a0 es.senselesssolutions.gpl.weightchart/es.senselesssolutions.gpl.weightchart.ChartActivity (server)'
E/SurfaceFlinger(   37): ro.sf.lcd_density must be defined as a build property
W/WindowManager(  282): Rebuild removed 3 windows but added 1
W/WindowManager(  282): This window was lost: Window{40f1d8a0 u0 es.senselesssolutions.gpl.weightchart/es.senselesssolutions.gpl.weightchart.ChartActivity}
W/WindowManager(  282): mDisplayId=0 mSession=Session{40fb7978 811:u0a10048} mClient=android.os.BinderProxy@40f91fc0
W/WindowManager(  282): mOwnerUid=10048 mShowToOwnerOnly=true
W/WindowManager(  282): mAttrs=WM.LayoutParams{(0,0)(fillxfill) sim=#120 ty=1 fl=#8010100 pfl=0x8 wanim=0x1030001}
W/WindowManager(  282): Requested w=480 h=800 mLayoutSeq=42
W/WindowManager(  282): mBaseLayer=21000 mSubLayer=0 mAnimLayer=21000+0=21000 mLastLayer=0
W/WindowManager(  282): mToken=AppWindowToken{40eacb88 token=Token{4106c738 ActivityRecord{4106c5f8 u0 es.senselesssolutions.gpl.weightchart/.ChartActivity}}}
W/WindowManager(  282): mRootToken=AppWindowToken{40eacb88 token=Token{4106c738 ActivityRecord{4106c5f8 u0 es.senselesssolutions.gpl.weightchart/.ChartActivity}}}
W/WindowManager(  282): mAppToken=AppWindowToken{40eacb88 token=Token{4106c738 ActivityRecord{4106c5f8 u0 es.senselesssolutions.gpl.weightchart/.ChartActivity}}}
W/WindowManager(  282): mViewVisibility=0x0 mHaveFrame=true mObscured=true
W/WindowManager(  282): mSeq=0 mSystemUiVisibility=0x0
W/WindowManager(  282): mPolicyVisibility=false mPolicyVisibilityAfterAnim=false mAttachedHidden=false
W/WindowManager(  282): mGivenContentInsets=[0,0][0,0] mGivenVisibleInsets=[0,0][0,0]
W/WindowManager(  282): mConfiguration={1.0 310mcc260mnc en_US ldltr sw320dp w320dp h508dp 240dpi nrml long port finger -keyb/v/h tball/v s.6}
W/WindowManager(  282): mHasSurface=true mShownFrame=[0.0,0.0][480.0,800.0] isReadyForDisplay()=false
W/WindowManager(  282): mFrame=[0,0][480,800] last=[0,0][480,800]
W/WindowManager(  282): mSystemDecorRect=[0,38][480,800] last=[0,38][480,800]
W/WindowManager(  282): Frames: containing=[0,0][480,800] parent=[0,0][480,800] display=[0,0][480,800]
W/WindowManager(  282):     content=[0,38][480,800] visible=[0,38][480,800]
W/WindowManager(  282): Cur insets: content=[0,38][0,0] visible=[0,38][0,0]
W/WindowManager(  282): Lst insets: content=[0,38][0,0] visible=[0,38][0,0]
W/WindowManager(  282): WindowStateAnimator{40f1dd68 es.senselesssolutions.gpl.weightchart/es.senselesssolutions.gpl.weightchart.ChartActivity}:
W/WindowManager(  282):   mSurface=Surface(name=es.senselesssolutions.gpl.weightchart/es.senselesssolutions.gpl.weightchart.ChartActivity, identity=17)
W/WindowManager(  282):   mDrawState=HAS_DRAWN mLastHidden=true
W/WindowManager(  282):   Surface: shown=false layer=21005 alpha=0.0 rect=(0.0,0.0) 480.0 x 800.0
W/WindowManager(  282):   mShownAlpha=1.0 mAlpha=1.0 mLastAlpha=-1.0
W/WindowManager(  282):   mGlobalScale=1.0 mDsDx=1.0 mDtDx=0.0 mDsDy=0.0 mDtDy=1.0
