W/Resources(   38): Preloaded drawable resource #0x10805c1 (android:drawable/tab_unselected_holo) that varies with configuration!!
W/Resources(   38): Preloaded drawable resource #0x10805bc (android:drawable/tab_selected_holo) that varies with configuration!!
W/Resources(   38): Preloaded drawable resource #0x10805c0 (android:drawable/tab_unselected_focused_holo) that varies with configuration!!
W/Resources(   38): Preloaded drawable resource #0x10805bb (android:drawable/tab_selected_focused_holo) that varies with configuration!!
W/Resources(   38): Preloaded drawable resource #0x10805c2 (android:drawable/tab_unselected_pressed_holo) that varies with configuration!!
W/Resources(   38): Preloaded drawable resource #0x10805bd (android:drawable/tab_selected_pressed_holo) that varies with configuration!!
W/Resources(   38): Preloaded drawable resource #0x10804a5 (android:drawable/quickcontact_badge_overlay_pressed_dark) that varies with configuration!!
W/Resources(   38): Preloaded drawable resource #0x10804a0 (android:drawable/quickcontact_badge_overlay_focused_dark) that varies with configuration!!
W/Resources(   38): Preloaded drawable resource #0x10804a3 (android:drawable/quickcontact_badge_overlay_normal_dark) that varies with configuration!!
W/Resources(   38): Preloaded drawable resource #0x10804a3 (android:drawable/quickcontact_badge_overlay_normal_dark) that varies with configuration!!
W/Resources(   38): Preloaded drawable resource #0x10804a3 (android:drawable/quickcontact_badge_overlay_normal_dark) that varies with configuration!!
D/dalvikvm(   38): GC_EXPLICIT freed 56K, 26% free 2365K/3156K, paused 2ms+21ms, total 51ms
W/Resources(   38): Preloaded drawable resource #0x10804a5 (android:drawable/quickcontact_badge_overlay_pressed_dark) that varies with configuration!!
W/Resources(   38): Preloaded drawable resource #0x10804a6 (android:drawable/quickcontact_badge_overlay_pressed_light) that varies with configuration!!
W/Resources(   38): Preloaded drawable resource #0x10804a1 (android:drawable/quickcontact_badge_overlay_focused_light) that varies with configuration!!
W/Resources(   38): Preloaded drawable resource #0x10804a4 (android:drawable/quickcontact_badge_overlay_normal_light) that varies with configuration!!
W/Resources(   38): Preloaded drawable resource #0x10804a4 (android:drawable/quickcontact_badge_overlay_normal_light) that varies with configuration!!
W/Resources(   38): Preloaded drawable resource #0x10804a4 (android:drawable/quickcontact_badge_overlay_normal_light) that varies with configuration!!
W/Resources(   38): Preloaded drawable resource #0x10804a6 (android:drawable/quickcontact_badge_overlay_pressed_light) that varies with configuration!!
I/Zygote  (   38): ...preloaded 270 resources in 9033ms.
D/dalvikvm(   38): WAIT_FOR_CONCURRENT_GC blocked 1ms
D/dalvikvm(   38): GC_EXPLICIT freed 48K, 25% free 2369K/3156K, paused 2ms+3ms, total 32ms
I/Zygote  (   38): ...preloaded 31 resources in 90ms.
D/dalvikvm(   38): GC_EXPLICIT freed 9K, 25% free 2377K/3156K, paused 3ms+3ms, total 32ms
D/dalvikvm(   38): GC_EXPLICIT freed 7K, 25% free 2369K/3156K, paused 3ms+3ms, total 45ms
D/dalvikvm(   38): GC_EXPLICIT freed <1K, 25% free 2369K/3156K, paused 2ms+3ms, total 30ms
I/dalvikvm(   38): System server process 285 has been created
I/Zygote  (   38): Accepting command socket connections
E/BatteryService(  285): usbOnlinePath not found
E/BatteryService(  285): wirelessOnlinePath not found
E/BatteryService(  285): batteryVoltagePath not found
E/BatteryService(  285): batteryTemperaturePath not found
I/sysproc (  285): Entered system_init()
I/sysproc (  285): ServiceManager: 0x2a164350
D/SensorService(  285): nuSensorService starting...
I/SensorService(  285): Goldfish 3-axis Accelerometer
I/SensorService(  285): Goldfish 3-axis Magnetic field sensor
I/SensorService(  285): Goldfish Orientation sensor
I/SensorService(  285): Goldfish Temperature sensor
I/SensorService(  285): Goldfish Proximity sensor
D/SensorService(  285): nuSensorService thread starting...
I/sysproc (  285): System server: starting Android runtime.
I/sysproc (  285): System server: starting Android services.
I/SystemServer(  285): Entered the Android system server!
I/sysproc (  285): System server: entering thread pool.
I/SystemServer(  285): Enabled StrictMode logging for UI Looper
I/SystemServer(  285): Waiting for installd to be ready.
I/Installer(  285): connecting...
I/installd(   41): new connection
I/SystemServer(  285): Entropy Mixer
I/SystemServer(  285): Enabled StrictMode logging for WM Looper
I/SystemServer(  285): Power Manager
E/PowerManagerService-JNI(  285): Couldn't load power module (No such file or directory)
I/SystemServer(  285): Activity Manager
I/ActivityManager(  285): Memory class: 48
W/UsageStats(  285): Usage stats version changed; dropping
I/ActivityManager(  285): Enabled StrictMode logging for AThread's Looper
I/SystemServer(  285): Display Manager
E/SurfaceFlinger(   37): ro.sf.lcd_density must be defined as a build property
I/SystemServer(  285): Telephony Registry
I/DisplayManagerService(  285): Display device added: DisplayDeviceInfo{"Built-in Screen": 480 x 800, 260.416 fps, density 240, 240.0 x 240.0 dpi, touch INTERNAL, FLAG_DEFAULT_DISPLAY, FLAG_ROTATES_WITH_CONTENT, FLAG_SECURE, FLAG_SUPPORTS_PROTECTED_BUFFERS, rotation 0, type BUILT_IN, address null}
I/SystemServer(  285): Scheduling Policy
I/SystemServer(  285): Package Manager
D/dalvikvm(  285): GC_CONCURRENT freed 228K, 11% free 2562K/2848K, paused 6ms+5ms, total 99ms
D/dalvikvm(  285): GC_CONCURRENT freed 245K, 10% free 2712K/3012K, paused 4ms+4ms, total 85ms
W/PackageManager(  285): Running ENG build: no pre-dexopt!
D/dalvikvm(  285): GC_CONCURRENT freed 230K, 9% free 2934K/3220K, paused 57ms+5ms, total 331ms
W/PackageParser(  285): No actions in intent filter at /system/app/Contacts.apk Binary XML file line #533
D/dalvikvm(  285): GC_CONCURRENT freed 215K, 8% free 3129K/3400K, paused 4ms+23ms, total 66ms
D/dalvikvm(  285): GC_CONCURRENT freed 212K, 8% free 3332K/3600K, paused 4ms+6ms, total 230ms
W/PackageManager(  285): Package com.android.camera desires unavailable shared library com.google.android.media.effects; ignoring!
D/PackageManager(  285): No files in app dir /vendor/app
D/dalvikvm(  285): GC_CONCURRENT freed 217K, 7% free 3578K/3832K, paused 4ms+5ms, total 92ms
W/PackageParser(  285): No actions in intent filter at /data/app/ApiDemos.apk Binary XML file line #2737
W/PackageParser(  285): No actions in intent filter at /data/app/ApiDemos.apk Binary XML file line #2743
W/PackageManager(  285): Package com.example.android.apis desires unavailable shared library com.example.will.never.exist; ignoring!
I/PackageManager(  285): Time to scan packages: 4.683 seconds
W/PackageManager(  285): Unknown permission com.google.android.googleapps.permission.GOOGLE_AUTH.mail in package com.android.contacts
W/PackageManager(  285): Unknown permission android.permission.ADD_SYSTEM_SERVICE in package com.android.phone
W/PackageManager(  285): Unknown permission com.android.smspush.WAPPUSH_MANAGER_BIND in package com.android.phone
W/PackageManager(  285): Unknown permission com.google.android.googleapps.permission.GOOGLE_AUTH in package com.android.providers.calendar
W/PackageManager(  285): Unknown permission com.google.android.googleapps.permission.GOOGLE_AUTH.cl in package com.android.providers.calendar
W/PackageManager(  285): Unknown permission com.google.android.googleapps.permission.GOOGLE_AUTH.mail in package com.android.calendar
W/PackageManager(  285): Not granting permission android.permission.SEND_DOWNLOAD_COMPLETED_INTENTS to package com.android.browser (protectionLevel=2 flags=0x9be45)
W/PackageManager(  285): Not granting permission android.permission.BIND_APPWIDGET to package com.android.widgetpreview (protectionLevel=18 flags=0x8be44)
W/PackageManager(  285): Unknown permission com.google.android.googleapps.permission.GOOGLE_AUTH in package com.android.settings
W/PackageManager(  285): Unknown permission com.google.android.gallery3d.permission.GALLERY_PROVIDER in package com.android.exchange
W/PackageManager(  285): Unknown permission com.google.android.googleapps.permission.ACCESS_GOOGLE_PASSWORD in package com.android.development
W/PackageManager(  285): Unknown permission com.google.android.googleapps.permission.GOOGLE_AUTH in package com.android.development
W/PackageManager(  285): Unknown permission com.google.android.googleapps.permission.GOOGLE_AUTH.ALL_SERVICES in package com.android.development
W/PackageManager(  285): Unknown permission com.google.android.googleapps.permission.GOOGLE_AUTH.YouTubeUser in package com.android.development
W/PackageManager(  285): Unknown permission com.google.android.gallery3d.permission.GALLERY_PROVIDER in package com.android.email
W/PackageManager(  285): Not granting permission android.permission.DEVICE_POWER to package com.android.deskclock (protectionLevel=2 flags=0x8be45)
D/dalvikvm(  285): GC_CONCURRENT freed 271K, 9% free 3749K/4080K, paused 4ms+8ms, total 182ms
D/dalvikvm(  285): GC_EXPLICIT freed 242K, 13% free 3628K/4124K, paused 3ms+4ms, total 169ms
I/SystemServer(  285): User Service
I/SystemServer(  285): Account Manager
I/SystemServer(  285): Content Manager
I/SystemServer(  285): System Content Providers
I/SystemServer(  285): Lights Service
I/SystemServer(  285): Battery Service
I/SystemServer(  285): Vibrator Service
I/libsuspend(  285): Selected early suspend
I/libsuspend(  285): Starting early suspend unblocker thread
D/PermissionCache(   37): checking android.permission.ACCESS_SURFACE_FLINGER for uid=1000 => granted (2824 us)
D/SurfaceFlinger(   37): Screen acquired, type=0 flinger=0x2a007318
D/SurfaceFlinger(   37):  screen was previously acquired
I/SystemServer(  285): Alarm Manager
D/AlarmManagerService(  285): Kernel timezone updated to 0 minutes west of GMT
I/SystemServer(  285): Init Watchdog
I/SystemServer(  285): Input Manager
I/InputManager(  285): Initializing input manager, mUseDevInputEventForAudioJack=false
I/SystemServer(  285): Window Manager
E/SoundPool(  285): error loading /system/media/audio/ui/Lock.ogg
W/KeyguardViewMediator(  285): failed to load lock sound from /system/media/audio/ui/Lock.ogg
E/SoundPool(  285): error loading /system/media/audio/ui/Unlock.ogg
W/KeyguardViewMediator(  285): failed to load unlock sound from /system/media/audio/ui/Unlock.ogg
I/InputManager(  285): Starting input manager
I/SystemServer(  285): No Bluetooh Service (emulator)
I/SystemServer(  285): Input Method Service
W/InputMethodManagerService(  285): Couldn't create dir.: /data/system/inputmethod
I/EventHub(  285): New device: id=1, fd=89, path='/dev/input/event0', name='qwerty2', classes=0x2d, configuration='/system/usr/idc/qwerty2.idc', keyLayout='/system/usr/keylayout/qwerty.kl', keyCharacterMap='/system/usr/keychars/qwerty2.kcm', builtinKeyboard=true, usingSuspendBlockIoctl=false, usingClockIoctl=false
E/EventHub(  285): could not get driver version for /dev/input/mouse0, Not a typewriter
E/EventHub(  285): could not get driver version for /dev/input/mice, Not a typewriter
I/InputReader(  285): Device added: id=-1, name='Virtual', sources=0x00000301
D/dalvikvm(  285): GC_CONCURRENT freed 296K, 9% free 3836K/4200K, paused 5ms+4ms, total 178ms
D/dalvikvm(  285): WAIT_FOR_CONCURRENT_GC blocked 69ms
I/InputReader(  285):   Touch device 'qwerty2' could not query the properties of its associated display.  The device will be inoperable until the display size becomes available.
I/InputReader(  285): Device added: id=0, name='qwerty2', sources=0x00011307
E/Trace   (  285): error opening trace file: No such file or directory (2)
I/SystemServer(  285): Accessibility Manager
I/ActivityManager(  285): Config changes=15f8 {1.0 ?mcc?mnc en_US ldltr sw320dp w320dp h508dp 240dpi nrml long port ?uimode ?night finger -keyb/v/h tball/v s.2}
I/SystemServer(  285): Mount Service
D/MountService(  285): got storage path: /mnt/sdcard description: USB storage primary: true removable: false emulated: false mtpReserve: 0 allowMassStorage: false maxFileSize: 0
D/MountService(  285): addVolumeLocked() StorageVolume [mStorageId=0 mPath=/mnt/sdcard mDescriptionId=17040615 mPrimary=true mRemovable=false mEmulated=false mMtpReserveSpace=0 mAllowMassStorage=false mMaxFileSize=0 mOwner=null]
I/InputReader(  285): Reconfiguring input devices.  changes=0x00000004
I/InputReader(  285): Device reconfigured: id=0, name='qwerty2', size 480x800, orientation 0, mode 1, display id 0
I/InputReader(  285): Reconfiguring input devices.  changes=0x00000004
I/InputReader(  285): Device reconfigured: id=0, name='qwerty2', size 480x800, orientation 0, mode 1, display id 0
I/SystemServer(  285): LockSettingsService
I/SystemServer(  285): Device Policy
I/SystemServer(  285): Status Bar
I/SystemServer(  285): Clipboard Service
I/SystemServer(  285): NetworkManagement Service
D/dalvikvm(  285): GREF has increased to 201
I/SystemServer(  285): Text Service Manager Service
I/SystemServer(  285): NetworkStats Service
D/MountService(  285): volume state changed for /mnt/sdcard (null -> unmounted)
I/PackageManager(  285): Updating external media status from unmounted to unmounted
W/MountService(  285): getSecureContainerList() called when storage not mounted
I/SystemServer(  285): NetworkPolicy Service
I/SystemServer(  285): Wi-Fi P2pService
I/SystemServer(  285): Wi-Fi Service
I/PackageManager(  285): No secure containers on sdcard
W/PackageManager(  285): Unknown permission com.google.android.googleapps.permission.GOOGLE_AUTH.mail in package com.android.contacts
W/PackageManager(  285): Unknown permission android.permission.ADD_SYSTEM_SERVICE in package com.android.phone
W/PackageManager(  285): Unknown permission com.android.smspush.WAPPUSH_MANAGER_BIND in package com.android.phone
W/PackageManager(  285): Unknown permission com.google.android.googleapps.permission.GOOGLE_AUTH in package com.android.providers.calendar
W/PackageManager(  285): Unknown permission com.google.android.googleapps.permission.GOOGLE_AUTH.cl in package com.android.providers.calendar
W/PackageManager(  285): Unknown permission com.google.android.googleapps.permission.GOOGLE_AUTH.mail in package com.android.calendar
W/PackageManager(  285): Not granting permission android.permission.SEND_DOWNLOAD_COMPLETED_INTENTS to package com.android.browser (protectionLevel=2 flags=0x89be45)
W/PackageManager(  285): Not granting permission android.permission.BIND_APPWIDGET to package com.android.widgetpreview (protectionLevel=18 flags=0x8be44)
E/CommandListener(   34): Failed to open /proc/sys/net/ipv6/conf/wlan0/disable_ipv6: No such file or directory
E/WifiStateMachine(  285): Failed to disable IPv6: java.lang.IllegalStateException: command '1 interface ipv6 wlan0 disable' failed with '400 1 Failed to change IPv6 state (No such file or directory)'
W/PackageManager(  285): Unknown permission com.google.android.googleapps.permission.GOOGLE_AUTH in package com.android.settings
W/PackageManager(  285): Unknown permission com.google.android.gallery3d.permission.GALLERY_PROVIDER in package com.android.exchange
W/PackageManager(  285): Unknown permission com.google.android.googleapps.permission.ACCESS_GOOGLE_PASSWORD in package com.android.development
W/PackageManager(  285): Unknown permission com.google.android.googleapps.permission.GOOGLE_AUTH in package com.android.development
W/PackageManager(  285): Unknown permission com.google.android.googleapps.permission.GOOGLE_AUTH.ALL_SERVICES in package com.android.development
W/PackageManager(  285): Unknown permission com.google.android.googleapps.permission.GOOGLE_AUTH.YouTubeUser in package com.android.development
W/PackageManager(  285): Unknown permission com.google.android.gallery3d.permission.GALLERY_PROVIDER in package com.android.email
W/PackageManager(  285): Not granting permission android.permission.DEVICE_POWER to package com.android.deskclock (protectionLevel=2 flags=0x88be45)
I/SystemServer(  285): Connectivity Service
D/ConnectivityService(  285): ConnectivityService starting up
E/MobileDataStateTracker(  285): default: Ignoring feature request because could not acquire PhoneService
E/MobileDataStateTracker(  285): default: Could not enable APN type "default"
I/WifiService(  285): WifiService starting up with Wi-Fi disabled
D/dalvikvm(  285): GC_CONCURRENT freed 277K, 8% free 4072K/4412K, paused 16ms+45ms, total 528ms
D/dalvikvm(  285): WAIT_FOR_CONCURRENT_GC blocked 59ms
D/dalvikvm(  285): WAIT_FOR_CONCURRENT_GC blocked 78ms
I/SystemServer(  285): Network Service Discovery Service
D/NsdService(  285): Network service discovery enabled true
I/SystemServer(  285): Throttle Service
I/SystemServer(  285): UpdateLock Service
I/SystemServer(  285): Notification Manager
I/SystemServer(  285): Device Storage Monitor
I/SystemServer(  285): Location Manager
I/SystemServer(  285): Country Detector
I/SystemServer(  285): Search Service
I/SystemServer(  285): DropBox Service
I/SystemServer(  285): Wallpaper Service
I/SystemServer(  285): Audio Service
D/dalvikvm(  285): GC_CONCURRENT freed 347K, 9% free 4183K/4592K, paused 4ms+4ms, total 145ms
I/SystemServer(  285): Dock Observer
W/DockObserver(  285): This kernel does not have dock station support
I/SystemServer(  285): Wired Accessory Manager
W/WiredAccessoryManager(  285): This kernel does not have wired headset support
W/WiredAccessoryManager(  285): This kernel does not have usb audio support
W/WiredAccessoryManager(  285): This kernel does not have HDMI audio support
I/SystemServer(  285): USB Service
I/SystemServer(  285): Serial Service
I/SystemServer(  285): Twilight Service
I/SystemServer(  285): UI Mode Manager Service
I/SystemServer(  285): Backup Service
V/BackupManagerService(  285): No ancestral data
I/BackupManagerService(  285): Found stale backup journal, scheduling
I/BackupManagerService(  285):   android
I/BackupManagerService(  285):   com.android.browser
I/BackupManagerService(  285):   com.android.calendar
I/BackupManagerService(  285):   com.android.inputmethod.latin
I/BackupManagerService(  285):   com.android.providers.settings
I/BackupManagerService(  285):   com.android.providers.userdictionary
I/BackupManagerService(  285):   com.android.sharedstoragebackup
I/BackupManagerService(  285): Backup enabled => true
I/SystemServer(  285): AppWidget Service
I/SystemServer(  285): Recognition Service
I/SystemServer(  285): DiskStats Service
I/SystemServer(  285): SamplingProfiler Service
I/SystemServer(  285): NetworkTimeUpdateService
I/SystemServer(  285): CommonTimeManagementService
I/SystemServer(  285): CertBlacklister
I/SystemServer(  285): Dreams Service
I/WindowManager(  285): SAFE MODE not enabled
D/dalvikvm(  285): JIT started for system_server
I/ActivityManager(  285): System now ready
I/SystemServer(  285): Making services ready
I/Zygote  (  285): Process: zygote socket opened
I/ActivityManager(  285): Start proc com.android.systemui for service com.android.systemui/.SystemUIService: pid=374 uid=10034 gids={50034, 1028, 1015, 3002, 3001}
D/NetworkManagementService(  285): not enabling bandwidth control
I/keystore(   42): uid: 1000 action: e -> 7 state: 3 -> 3 retry: 4
I/Vold    (   32): /dev/block/vold/179:0 being considered for volume sdcard
D/Vold    (   32): Volume sdcard state changing 1 (Idle-Unmounted) -> 3 (Checking)
D/MountService(  285): volume state changed for /mnt/sdcard (unmounted -> checking)
D/MountService(  285): sendStorageIntent Intent { act=android.intent.action.MEDIA_CHECKING dat=file:///mnt/sdcard (has extras) } to UserHandle{-1}
I//system/bin/fsck_msdos(   32): ** /dev/block/vold/179:0
E/NetdConnector(  285): NDC Command {2 firewall disable} took too long (613ms)
W/NetworkStats(  285): bandwidth controls disabled, unable to track stats
W/NetworkPolicy(  285): bandwidth controls disabled, unable to enforce policy
I/keystore(   42): uid: 1000 action: e -> 7 state: 3 -> 3 retry: 4
I/ActivityManager(  285): Config changes=200 {1.0 ?mcc?mnc en_US ldltr sw320dp w320dp h508dp 240dpi nrml long port finger -keyb/v/h tball/v s.3}
W/RecognitionManagerService(  285): no available voice recognition services found for user 0
D/dalvikvm(  285): GC_CONCURRENT freed 305K, 8% free 4378K/4740K, paused 119ms+54ms, total 1178ms
I//system/bin/fsck_msdos(   32): ** Phase 1 - Read and Compare FATs
I//system/bin/fsck_msdos(   32): Attempting to allocate 2044 KB for FAT
E/Trace   (  374): error opening trace file: No such file or directory (2)
D/SystemUIService(  374): loading: class com.android.systemui.statusbar.phone.PhoneStatusBar
D/dalvikvm(  285): GC_FOR_ALLOC freed 42K, 7% free 4634K/4940K, paused 356ms, total 404ms
D/SystemUIService(  374): running: com.android.systemui.statusbar.phone.PhoneStatusBar@40cd23a0
I/StatusBarManagerService(  285): registerStatusBar bar=com.android.internal.statusbar.IStatusBar$Stub$Proxy@40d92200
W/InputMethodManagerService(  285): Ignoring setImeWindowStatus of uid 1000 token: null
W/InputMethodManagerService(  285): Found no subtypes in a system IME: com.android.inputmethod.pinyin
I/ActivityManager(  285): Start proc com.android.inputmethod.latin for service com.android.inputmethod.latin/.LatinIME: pid=411 uid=10010 gids={50010, 1028}
I/CommonTimeManagementService(  285): No common time service detected on this platform.  Common time services will be unavailable.
I/ActivityManager(  285): Start proc com.android.phone for added application com.android.phone: pid=431 uid=1001 gids={41001, 3002, 3001, 3003, 1015, 1028}
D/dalvikvm(  285): GC_CONCURRENT freed 351K, 8% free 4833K/5248K, paused 5ms+105ms, total 1434ms
D/dalvikvm(  285): WAIT_FOR_CONCURRENT_GC blocked 535ms
I/ActivityManager(  285): START u0 {act=android.intent.action.MAIN cat=[android.intent.category.HOME] flg=0x10000000 cmp=com.android.launcher/com.android.launcher2.Launcher} from pid 0
I/ActivityManager(  285): Start proc com.android.launcher for activity com.android.launcher/com.android.launcher2.Launcher: pid=448 uid=10020 gids={50020, 1028}
I/SystemServer(  285): Enabled StrictMode for system server main thread.
E/Trace   (  411): error opening trace file: No such file or directory (2)
D/dalvikvm(  285): GC_FOR_ALLOC freed 21K, 8% free 5053K/5456K, paused 164ms, total 165ms
D/dalvikvm(  374): GC_FOR_ALLOC freed 88K, 6% free 2664K/2808K, paused 341ms, total 352ms
I/dalvikvm-heap(  374): Grow heap (frag case) to 3.259MB for 635812-byte allocation
D/dalvikvm(  285): GC_CONCURRENT freed 324K, 7% free 5395K/5784K, paused 5ms+78ms, total 490ms
D/dalvikvm(  285): WAIT_FOR_CONCURRENT_GC blocked 221ms
D/dalvikvm(  374): GC_CONCURRENT freed 5K, 5% free 3279K/3432K, paused 4ms+71ms, total 191ms
D/dalvikvm(  374): WAIT_FOR_CONCURRENT_GC blocked 1ms
I/LatinIME(  411): Hardware accelerated drawing: false
I/InputReader(  285): Reconfiguring input devices.  changes=0x00000020
W/InputAttributes(  411): No editor info for this field. Bug?
E/Trace   (  448): error opening trace file: No such file or directory (2)
E/Trace   (  431): error opening trace file: No such file or directory (2)
I/InputReader(  285): Reconfiguring input devices.  changes=0x00000010
W/SocketClient(   34): write error (Broken pipe)
E/BluetoothAdapter(  374): Bluetooth binder is null
E/ThrottleService(  285): problem during onPollAlarm: java.lang.IllegalStateException: problem parsing stats: java.io.FileNotFoundException: /proc/net/xt_qtaguid/iface_stat_all: open failed: ENOENT (No such file or directory)
I/LocationBlacklist(  285): whitelist: []
I/LocationBlacklist(  285): blacklist: []
E/BluetoothAdapter(  374): Bluetooth binder is null
E/SurfaceFlinger(   37): ro.sf.lcd_density must be defined as a build property
D/gralloc_goldfish(  285): Emulator without GPU emulation detected.
I/Choreographer(  285): Skipped 2280 frames!  The application may be doing too much work on its main thread.
E/ActivityThread(  411): Failed to find provider info for com.android.inputmethod.latin.dictionarypack
E/BinaryDictionaryGetter(  411): Could not find a dictionary pack
W/InputMethodManagerService(  285): Found no subtypes in a system IME: com.android.inputmethod.pinyin
E/BluetoothAdapter(  374): Bluetooth binder is null
I/ActivityManager(  285): Start proc android.process.acore for content provider com.android.providers.userdictionary/.UserDictionaryProvider: pid=484 uid=10001 gids={50001, 3003, 1015, 1028}
D/dalvikvm(  285): GREF has increased to 301
D/dalvikvm(  374): GC_CONCURRENT freed 66K, 4% free 3633K/3756K, paused 5ms+3ms, total 267ms
W/TelephonyProvider(  431): onCreate: confFile=/system/etc/apns-conf.xml oldCheckSum=-1
D/TelephonyManager(  431): getLteOnCdmaMode=0 curVal=-1 product_type='' lteOnCdmaProductType=''
D/dalvikvm(  285): GC_CONCURRENT freed 719K, 13% free 5434K/6216K, paused 222ms+381ms, total 1183ms
D/dalvikvm(  285): WAIT_FOR_CONCURRENT_GC blocked 73ms
D/dalvikvm(  285): WAIT_FOR_CONCURRENT_GC blocked 519ms
D/dalvikvm(  285): WAIT_FOR_CONCURRENT_GC blocked 85ms
D/dalvikvm(  285): WAIT_FOR_CONCURRENT_GC blocked 765ms
D/dalvikvm(  285): WAIT_FOR_CONCURRENT_GC blocked 713ms
E/Trace   (  484): error opening trace file: No such file or directory (2)
D/TelephonyManager(  431): getLteOnCdmaMode=0 curVal=-1 product_type='' lteOnCdmaProductType=''
E/BluetoothAdapter(  374): Bluetooth binder is null
D/dalvikvm(  285): GC_CONCURRENT freed 715K, 13% free 5486K/6264K, paused 63ms+24ms, total 327ms
D/dalvikvm(  285): WAIT_FOR_CONCURRENT_GC blocked 130ms
D/dalvikvm(  285): WAIT_FOR_CONCURRENT_GC blocked 226ms
D/dalvikvm(  285): WAIT_FOR_CONCURRENT_GC blocked 210ms
D/dalvikvm(  285): WAIT_FOR_CONCURRENT_GC blocked 279ms
D/dalvikvm(  285): WAIT_FOR_CONCURRENT_GC blocked 283ms
V/TAG     (  285): bug 7643792: fitSystemWindows([0,0][0,0])
D/TelephonyManager(  431): getLteOnCdmaMode=0 curVal=-1 product_type='' lteOnCdmaProductType=''
V/TAG     (  285): bug 7643792: fitSystemWindows([0,0][0,0])
I/ActivityManager(  285): Start proc com.android.music for broadcast com.android.music/.MediaButtonIntentReceiver: pid=513 uid=10025 gids={50025, 3003, 1015, 1028}
I/Choreographer(  285): Skipped 89 frames!  The application may be doing too much work on its main thread.
I/dalvikvm(  513): Turning on JNI app bug workarounds for target SDK version 9...
E/SurfaceFlinger(   37): ro.sf.lcd_density must be defined as a build property
E/Trace   (  513): error opening trace file: No such file or directory (2)
W/Settings(  431): Setting airplane_mode_on has moved from android.provider.Settings.System to android.provider.Settings.Global, returning read-only value.
D/dalvikvm(  285): GC_FOR_ALLOC freed 203K, 14% free 5402K/6264K, paused 296ms, total 301ms
I/dalvikvm-heap(  285): Grow heap (frag case) to 6.412MB for 1128976-byte allocation
D/dalvikvm(  285): GC_FOR_ALLOC freed 7K, 12% free 6498K/7368K, paused 257ms, total 257ms
W/Settings(  431): Setting auto_time has moved from android.provider.Settings.System to android.provider.Settings.Global, returning read-only global URI.
W/Settings(  431): Setting auto_time_zone has moved from android.provider.Settings.System to android.provider.Settings.Global, returning read-only global URI.
W/ActivityManager(  285): Unable to start service Intent { act=com.android.internal.telephony.IWapPushManager } U=0: not found
W/WindowManager(  285): Window freeze timeout expired.
W/WindowManager(  285): Force clearing orientation change: Window{40eed640 u0 Keyguard}
D/        (  431): [ApnContext:default] set reason as dataEnabled,current state IDLE
D/        (  431): [ApnContext:default] setRetryCount: 0
D/        (  431): [ApnContext:mms] set reason as dataEnabled,current state IDLE
D/        (  431): [ApnContext:mms] setRetryCount: 0
D/        (  431): [ApnContext:supl] set reason as dataEnabled,current state IDLE
D/        (  431): [ApnContext:supl] setRetryCount: 0
D/        (  431): [ApnContext:hipri] set reason as dataEnabled,current state IDLE
D/        (  431): [ApnContext:hipri] setRetryCount: 0
D/        (  431): [ApnContext:fota] set reason as dataEnabled,current state IDLE
D/        (  431): [ApnContext:fota] setRetryCount: 0
D/        (  431): [ApnContext:ims] set reason as dataEnabled,current state IDLE
D/        (  431): [ApnContext:ims] setRetryCount: 0
D/        (  431): [ApnContext:cbs] set reason as dataEnabled,current state IDLE
D/        (  431): [ApnContext:cbs] setRetryCount: 0
I/Choreographer(  285): Skipped 594 frames!  The application may be doing too much work on its main thread.
I/Choreographer(  285): Skipped 55 frames!  The application may be doing too much work on its main thread.
D/TelephonyManager(  431): getLteOnCdmaMode=0 curVal=-1 product_type='' lteOnCdmaProductType=''
D/dalvikvm(  285): GC_CONCURRENT freed 13K, 12% free 6512K/7368K, paused 41ms+59ms, total 1251ms
D/CallManager(  431): registerPhone(GSM Handler (com.android.internal.telephony.PhoneProxy) {40d02c00})
D/dalvikvm(  431): GC_CONCURRENT freed 201K, 10% free 2591K/2848K, paused 4ms+65ms, total 213ms
E/BluetoothAdapter(  431): Bluetooth binder is null
I/AudioService(  285):   Remote Control   registerMediaButtonIntent() for PendingIntent{40efff88: PendingIntentRecord{40eccd58 com.android.music broadcastIntent}}
I/ActivityManager(  285): Start proc android.process.media for content provider com.android.providers.media/.MediaProvider: pid=540 uid=10000 gids={50000, 1015, 1023, 1024, 1028, 1006, 2001, 3003, 3007}
D/dalvikvm(  448): GC_CONCURRENT freed 184K, 9% free 2613K/2852K, paused 4ms+53ms, total 379ms
I/Choreographer(  285): Skipped 178 frames!  The application may be doing too much work on its main thread.
E/BluetoothAdapter(  431): Bluetooth binder is null
E/Trace   (  540): error opening trace file: No such file or directory (2)
D/dalvikvm(  484): GC_CONCURRENT freed 155K, 8% free 2634K/2844K, paused 59ms+47ms, total 372ms
W/ActivityManager(  285): Activity idle timeout for ActivityRecord{40e926c0 u0 com.android.launcher/com.android.launcher2.Launcher}
I/ActivityManager(  285): Start proc com.android.contacts for broadcast com.android.contacts/.calllog.CallLogReceiver: pid=574 uid=10001 gids={50001, 3003, 1015, 1028}
E/UserHistoryDictionary(  411): when loading: file not foundjava.io.FileNotFoundException: /data/data/com.android.inputmethod.latin/files/UserHistoryDictionary.en_US.dict: open failed: ENOENT (No such file or directory)
E/Trace   (  574): error opening trace file: No such file or directory (2)
W/ActivityManager(  285): Timeout executing service: ServiceRecord{40eef330 u0 com.android.systemui/.SystemUIService}
I/Process (  285): Sending signal. PID: 374 SIG: 3
I/dalvikvm(  374): threadid=3: reacting to signal 3
D/DebugService(  431): DebugService DebugService:
D/TelephonyDebugService(  431): TelephonyDebugService()
I/Process (  285): Sending signal. PID: 285 SIG: 3
I/dalvikvm(  285): threadid=3: reacting to signal 3
D/dalvikvm(  411): GC_CONCURRENT freed 243K, 11% free 2535K/2836K, paused 591ms+3ms, total 2408ms
E/StrictMode(  411): A resource was acquired at attached stack trace but never released. See java.io.Closeable for information on avoiding resource leaks.
E/StrictMode(  411): java.lang.Throwable: Explicit termination method 'close' not called
E/StrictMode(  411): 	at dalvik.system.CloseGuard.open(CloseGuard.java:184)
E/StrictMode(  411): 	at android.os.ParcelFileDescriptor.<init>(ParcelFileDescriptor.java:412)
E/StrictMode(  411): 	at android.content.res.AssetManager.openNonAssetFdNative(Native Method)
E/StrictMode(  411): 	at android.content.res.AssetManager.openNonAssetFd(AssetManager.java:428)
E/StrictMode(  411): 	at android.content.res.Resources.openRawResourceFd(Resources.java:979)
E/StrictMode(  411): 	at com.android.inputmethod.latin.BinaryDictionaryGetter.loadFallbackResource(BinaryDictionaryGetter.java:183)
E/StrictMode(  411): 	at com.android.inputmethod.latin.BinaryDictionaryGetter.getDictionaryFiles(BinaryDictionaryGetter.java:456)
E/StrictMode(  411): 	at com.android.inputmethod.latin.DictionaryFactory.createMainDictionaryFromManager(DictionaryFactory.java:57)
E/StrictMode(  411): 	at com.android.inputmethod.latin.DictionaryFactory.createMainDictionaryFromManager(DictionaryFactory.java:87)
E/StrictMode(  411): 	at com.android.inputmethod.latin.Suggest$1.run(Suggest.java:108)
I/dalvikvm(  374): Wrote stack traces to '/data/anr/traces.txt'
I/Process (  285): Sending signal. PID: 431 SIG: 3
I/dalvikvm(  431): threadid=3: reacting to signal 3
I/dalvikvm(  285): Wrote stack traces to '/data/anr/traces.txt'
I/DownloadManager(  540): in removeSpuriousFiles
D/dalvikvm(  448): GC_FOR_ALLOC freed 49K, 4% free 2855K/2960K, paused 588ms, total 604ms
I/dalvikvm-heap(  448): Grow heap (frag case) to 4.213MB for 1440016-byte allocation
D/dalvikvm(  448): GC_FOR_ALLOC freed 11K, 3% free 4250K/4368K, paused 130ms, total 130ms
I/dalvikvm(  431): Wrote stack traces to '/data/anr/traces.txt'
E/BluetoothAdapter(  285): Bluetooth binder is null
E/BluetoothAdapter(  285): Bluetooth binder is null
V/WiredAccessoryManager(  285): init()
E/SoundPool(  285): error loading /system/media/audio/ui/Effect_Tick.ogg
W/AudioService(  285): Soundpool could not load file: /system/media/audio/ui/Effect_Tick.ogg
E/SoundPool(  285): error loading /system/media/audio/ui/Effect_Tick.ogg
W/AudioService(  285): Soundpool could not load file: /system/media/audio/ui/Effect_Tick.ogg
E/SoundPool(  285): error loading /system/media/audio/ui/Effect_Tick.ogg
W/AudioService(  285): Soundpool could not load file: /system/media/audio/ui/Effect_Tick.ogg
E/SoundPool(  285): error loading /system/media/audio/ui/Effect_Tick.ogg
D/dalvikvm(  431): GC_CONCURRENT freed 326K, 13% free 2660K/3044K, paused 76ms+2ms, total 409ms
D/dalvikvm(  448): GC_CONCURRENT freed <1K, 3% free 4250K/4368K, paused 6ms+199ms, total 1157ms
W/AudioService(  285): Soundpool could not load file: /system/media/audio/ui/Effect_Tick.ogg
E/SoundPool(  285): error loading /system/media/audio/ui/Effect_Tick.ogg
W/AudioService(  285): Soundpool could not load file: /system/media/audio/ui/Effect_Tick.ogg
E/SoundPool(  285): error loading /system/media/audio/ui/KeypressStandard.ogg
W/AudioService(  285): Soundpool could not load file: /system/media/audio/ui/KeypressStandard.ogg
E/SoundPool(  285): error loading /system/media/audio/ui/KeypressSpacebar.ogg
W/AudioService(  285): Soundpool could not load file: /system/media/audio/ui/KeypressSpacebar.ogg
E/SoundPool(  285): error loading /system/media/audio/ui/KeypressDelete.ogg
W/AudioService(  285): Soundpool could not load file: /system/media/audio/ui/KeypressDelete.ogg
E/SoundPool(  285): error loading /system/media/audio/ui/KeypressReturn.ogg
W/AudioService(  285): Soundpool could not load file: /system/media/audio/ui/KeypressReturn.ogg
W/AudioService(  285): loadSoundEffects(), Error -1 while loading samples
W/ProcessStats(  285): Skipping unknown process pid 614
W/ProcessStats(  285): Skipping unknown process pid 615
W/ProcessStats(  285): Skipping unknown process pid 616
D/dalvikvm(  285): GREF has increased to 401
W/Settings(  431): Setting auto_time_zone has moved from android.provider.Settings.System to android.provider.Settings.Global, returning read-only value.
D/PhoneStatusBar(  374): disable: < expand icons alerts ticker system_info back home recent clock search >
E/BluetoothAdapter(  374): Bluetooth binder is null
D/dalvikvm(  285): GC_EXPLICIT freed 1668K, 24% free 5634K/7368K, paused 14ms+19ms, total 601ms
I/Process (  285): Sending signal. PID: 448 SIG: 3
I/dalvikvm(  448): threadid=3: reacting to signal 3
I/dalvikvm(  448): Wrote stack traces to '/data/anr/traces.txt'
I/Choreographer(  448): Skipped 265 frames!  The application may be doing too much work on its main thread.
E/ActivityManager(  285): ANR in com.android.systemui
E/ActivityManager(  285): Reason: Executing service com.android.systemui/.SystemUIService
E/ActivityManager(  285): Load: 6.93 / 1.7 / 0.57
E/ActivityManager(  285): CPU usage from 0ms to 8548ms later:
E/ActivityManager(  285):   21% 285/system_server: 14% user + 7.1% kernel / faults: 2602 minor 6 major
E/ActivityManager(  285):   12% 448/com.android.launcher: 7.9% user + 4.8% kernel / faults: 4403 minor 1 major
E/ActivityManager(  285):   11% 37/surfaceflinger: 9.4% user + 2.4% kernel / faults: 1 minor
E/ActivityManager(  285):   4.4% 431/com.android.phone: 3% user + 1.4% kernel / faults: 362 minor 2 major
E/ActivityManager(  285):   3.8% 484/android.process.acore: 3% user + 0.8% kernel / faults: 238 minor
E/ActivityManager(  285):   3.5% 374/com.android.systemui: 2.1% user + 1.4% kernel / faults: 661 minor 4 major
E/ActivityManager(  285):   2.5% 84/bootanimation: 1.7% user + 0.8% kernel
E/ActivityManager(  285):   2.2% 574/com.android.contacts: 0.7% user + 1.5% kernel / faults: 782 minor 19 major
E/ActivityManager(  285):   1.7% 540/android.process.media: 0.9% user + 0.8% kernel / faults: 705 minor 4 major
E/ActivityManager(  285):   0.8% 411/com.android.inputmethod.latin: 0.4% user + 0.3% kernel / faults: 491 minor
E/ActivityManager(  285):   0.5% 48/adbd: 0.1% user + 0.4% kernel / faults: 95 minor
E/ActivityManager(  285):   0.3% 382/fsck_msdos: 0% user + 0.2% kernel / faults: 578 minor
E/ActivityManager(  285):   0.4% 40/mediaserver: 0.4% user + 0% kernel
E/ActivityManager(  285):   0.1% 36/rild: 0.1% user + 0% kernel
E/ActivityManager(  285): 100% TOTAL: 65% user + 34% kernel + 0.1% softirq
E/ActivityManager(  285): CPU usage from 7227ms to 8009ms later:
E/ActivityManager(  285):   36% 285/system_server: 20% user + 16% kernel / faults: 1602 minor
E/ActivityManager(  285):     12% 571/Binder_7: 6.6% user + 5.3% kernel
E/ActivityManager(  285):     10% 606/Error dump: sys: 6.6% user + 4% kernel
E/ActivityManager(  285):     6.6% 302/ActivityManager: 0% user + 6.6% kernel
E/ActivityManager(  285):     1.3% 285/system_server: 1.3% user + 0% kernel
E/ActivityManager(  285):     1.3% 292/Compiler: 1.3% user + 0% kernel
E/ActivityManager(  285):     1.3% 297/Binder_2: 0% user + 1.3% kernel
E/ActivityManager(  285):     1.3% 298/SensorService: 1.3% user + 0% kernel
E/ActivityManager(  285):     1.3% 459/Binder_3: 1.3% user + 0% kernel
E/ActivityManager(  285):     1.3% 558/Binder_6: 0% user + 1.3% kernel
E/ActivityManager(  285):     1.3% 596/Binder_8: 1.3% user + 0% kernel
E/ActivityManager(  285):     1.3% 603/Binder_9: 1.3% user + 0% kernel
E/ActivityManager(  285):   14% 448/com.android.launcher: 4.2% user + 9.8% kernel / faults: 170 minor 1 major
E/ActivityManager(  285):     42% 448/ndroid.launcher: 22% user + 19% kernel
E/ActivityManager(  285):     1.4% 455/Compiler: 0% user + 1.4% kernel
E/ActivityManager(  285):   8.5% 37/surfaceflinger: 8.5% user + 0% kernel
E/ActivityManager(  285):     12% 65/SurfaceFlinger: 12% user + 0% kernel
E/ActivityManager(  285):   2.6% 84/bootanimation: 2.6% user + 0% kernel
E/ActivityManager(  285):     4% 105/BootAnimation: 4% user + 0% kernel
E/ActivityManager(  285): 100% TOTAL: 52% user + 48% kernel
W/ActivityManager(  285): Killing ProcessRecord{40ef06d8 374:com.android.systemui/u0a10034}: background ANR
D/dalvikvm(  448): GC_CONCURRENT freed 69K, 3% free 4423K/4548K, paused 11ms+74ms, total 443ms
D/dalvikvm(  285): GC_CONCURRENT freed 399K, 19% free 6039K/7368K, paused 11ms+17ms, total 415ms
D/dalvikvm(  285): WAIT_FOR_CONCURRENT_GC blocked 405ms
E/SurfaceFlinger(   37): ro.sf.lcd_density must be defined as a build property
I/Choreographer(  285): Skipped 61 frames!  The application may be doing too much work on its main thread.
V/TAG     (  285): bug 7643792: fitSystemWindows([0,38][0,0])
D/gralloc_goldfish(  448): Emulator without GPU emulation detected.
I/Choreographer(  285): Skipped 150 frames!  The application may be doing too much work on its main thread.
D/CAT     (  431): CatService: Running CAT service. STK app installed:false
D/CAT     (  431): CatService: NEW sInstance
D/dalvikvm(  448): GC_FOR_ALLOC freed 44K, 3% free 4535K/4660K, paused 93ms, total 146ms
I/dalvikvm-heap(  448): Grow heap (frag case) to 5.945MB for 1536016-byte allocation
I/RecoverySystem(  285): No recovery log file
D/dalvikvm(  448): GC_FOR_ALLOC freed <1K, 3% free 6034K/6164K, paused 119ms, total 119ms
I/ActivityManager(  285): Start proc com.android.deskclock for broadcast com.android.deskclock/.AlarmInitReceiver: pid=654 uid=10006 gids={50006, 1028}
D/dalvikvm(   38): GC_EXPLICIT freed 35K, 4% free 2381K/2472K, paused 3ms+3ms, total 64ms
D/dalvikvm(   38): GC_EXPLICIT freed <1K, 4% free 2381K/2472K, paused 2ms+3ms, total 71ms
D/dalvikvm(   38): GC_EXPLICIT freed <1K, 4% free 2381K/2472K, paused 2ms+3ms, total 148ms
D/dalvikvm(  448): GC_CONCURRENT freed <1K, 2% free 6083K/6188K, paused 77ms+572ms, total 1590ms
D/dalvikvm(  448): WAIT_FOR_CONCURRENT_GC blocked 1513ms
I/dalvikvm-heap(  448): Grow heap (frag case) to 7.458MB for 1536016-byte allocation
D/dalvikvm(  448): GC_FOR_ALLOC freed 24K, 2% free 7559K/7692K, paused 324ms, total 326ms
D/CAT     (  431): CatService: SIM ready. Reporting STK service running now...
I/Choreographer(  448): Skipped 842 frames!  The application may be doing too much work on its main thread.
I/Choreographer(  285): Skipped 42 frames!  The application may be doing too much work on its main thread.
I/Choreographer(  448): Skipped 78 frames!  The application may be doing too much work on its main thread.
I/ActivityManager(  285): Displayed com.android.launcher/com.android.launcher2.Launcher: +31s824ms
D/dalvikvm(  431): GC_CONCURRENT freed 283K, 11% free 2769K/3108K, paused 7ms+3ms, total 251ms
D/MccTable(  431): updateMccMncConfiguration: mcc=310, mnc=260
D/TelephonyManager(  431): getLteOnCdmaMode=0 curVal=-1 product_type='' lteOnCdmaProductType=''
D/MccTable(  431): locale set to en_us
D/MccTable(  431): WIFI_COUNTRY_CODE set to us
E/Trace   (  654): error opening trace file: No such file or directory (2)
I/WifiService(  285): WifiService trying to set country code to us with persist set to true
I/ActivityManager(  285): Config changes=1403 {1.0 310mcc260mnc en_US ldltr sw320dp w320dp h508dp 240dpi nrml long port finger -keyb/v/h tball/v s.4}
W/SurfaceFlinger(   37): createScreenshotSurface failed (Function not implemented)
E/JavaBinder(  285): !!! FAILED BINDER TRANSACTION !!!
W/BroadcastQueue(  285): Failure sending broadcast Intent { act=android.intent.action.SIM_STATE_CHANGED flg=0x20000010 (has extras) }
W/BroadcastQueue(  285): android.os.TransactionTooLargeException
W/BroadcastQueue(  285): 	at android.os.BinderProxy.transact(Native Method)
W/BroadcastQueue(  285): 	at android.app.ApplicationThreadProxy.scheduleRegisteredReceiver(ApplicationThreadNative.java:1009)
W/BroadcastQueue(  285): 	at com.android.server.am.BroadcastQueue.performReceiveLocked(BroadcastQueue.java:373)
W/BroadcastQueue(  285): 	at com.android.server.am.BroadcastQueue.deliverToRegisteredReceiverLocked(BroadcastQueue.java:439)
W/BroadcastQueue(  285): 	at com.android.server.am.BroadcastQueue.processNextBroadcast(BroadcastQueue.java:487)
W/BroadcastQueue(  285): 	at com.android.server.am.BroadcastQueue$1.handleMessage(BroadcastQueue.java:140)
W/BroadcastQueue(  285): 	at android.os.Handler.dispatchMessage(Handler.java:99)
W/BroadcastQueue(  285): 	at android.os.Looper.loop(Looper.java:137)
W/BroadcastQueue(  285): 	at com.android.server.am.ActivityManagerService$AThread.run(ActivityManagerService.java:1480)
E/JavaBinder(  285): !!! FAILED BINDER TRANSACTION !!!
W/Settings(  431): Setting auto_time_zone has moved from android.provider.Settings.System to android.provider.Settings.Global, returning read-only value.
D/dalvikvm(  448): GC_FOR_ALLOC freed 1630K, 19% free 7343K/9032K, paused 155ms, total 167ms
W/BroadcastQueue(  285): Failure sending broadcast Intent { act=android.provider.Telephony.SPN_STRINGS_UPDATED flg=0x20000010 (has extras) }
W/BroadcastQueue(  285): android.os.TransactionTooLargeException
W/BroadcastQueue(  285): 	at android.os.BinderProxy.transact(Native Method)
W/BroadcastQueue(  285): 	at android.app.ApplicationThreadProxy.scheduleRegisteredReceiver(ApplicationThreadNative.java:1009)
W/BroadcastQueue(  285): 	at com.android.server.am.BroadcastQueue.performReceiveLocked(BroadcastQueue.java:373)
W/BroadcastQueue(  285): 	at com.android.server.am.BroadcastQueue.deliverToRegisteredReceiverLocked(BroadcastQueue.java:439)
W/BroadcastQueue(  285): 	at com.android.server.am.BroadcastQueue.processNextBroadcast(BroadcastQueue.java:487)
W/BroadcastQueue(  285): 	at com.android.server.am.BroadcastQueue$1.handleMessage(BroadcastQueue.java:140)
W/BroadcastQueue(  285): 	at android.os.Handler.dispatchMessage(Handler.java:99)
W/BroadcastQueue(  285): 	at android.os.Looper.loop(Looper.java:137)
W/BroadcastQueue(  285): 	at com.android.server.am.ActivityManagerService$AThread.run(ActivityManagerService.java:1480)
D/MccTable(  431): updateMccMncConfiguration: mcc=310, mnc=260
D/TelephonyManager(  431): getLteOnCdmaMode=0 curVal=-1 product_type='' lteOnCdmaProductType=''
D/MccTable(  431): locale set to en_us
D/MccTable(  431): WIFI_COUNTRY_CODE set to us
I/WifiService(  285): WifiService trying to set country code to us with persist set to true
I/ActivityManager(  285): Config changes=1400 {1.0 310mcc260mnc en_US ldltr sw320dp w320dp h508dp 240dpi nrml long port finger -keyb/v/h tball/v s.5}
E/JavaBinder(  285): !!! FAILED BINDER TRANSACTION !!!
E/JavaBinder(  285): !!! FAILED BINDER TRANSACTION !!!
W/BroadcastQueue(  285): Failure sending broadcast Intent { act=android.intent.action.CONFIGURATION_CHANGED flg=0x70000010 }
W/BroadcastQueue(  285): android.os.TransactionTooLargeException
W/BroadcastQueue(  285): 	at android.os.BinderProxy.transact(Native Method)
W/BroadcastQueue(  285): 	at android.app.ApplicationThreadProxy.scheduleRegisteredReceiver(ApplicationThreadNative.java:1009)
W/BroadcastQueue(  285): 	at com.android.server.am.BroadcastQueue.performReceiveLocked(BroadcastQueue.java:373)
W/BroadcastQueue(  285): 	at com.android.server.am.BroadcastQueue.deliverToRegisteredReceiverLocked(BroadcastQueue.java:439)
W/BroadcastQueue(  285): 	at com.android.server.am.BroadcastQueue.processNextBroadcast(BroadcastQueue.java:487)
W/BroadcastQueue(  285): 	at com.android.server.am.BroadcastQueue$1.handleMessage(BroadcastQueue.java:140)
W/BroadcastQueue(  285): 	at android.os.Handler.dispatchMessage(Handler.java:99)
W/BroadcastQueue(  285): 	at android.os.Looper.loop(Looper.java:137)
W/BroadcastQueue(  285): 	at com.android.server.am.ActivityManagerService$AThread.run(ActivityManagerService.java:1480)
E/JavaBinder(  285): !!! FAILED BINDER TRANSACTION !!!
W/BroadcastQueue(  285): Failure sending broadcast Intent { act=android.intent.action.CONFIGURATION_CHANGED flg=0x70000010 }
W/BroadcastQueue(  285): android.os.TransactionTooLargeException
W/BroadcastQueue(  285): 	at android.os.BinderProxy.transact(Native Method)
W/BroadcastQueue(  285): 	at android.app.ApplicationThreadProxy.scheduleRegisteredReceiver(ApplicationThreadNative.java:1009)
W/BroadcastQueue(  285): 	at com.android.server.am.BroadcastQueue.performReceiveLocked(BroadcastQueue.java:373)
W/BroadcastQueue(  285): 	at com.android.server.am.BroadcastQueue.deliverToRegisteredReceiverLocked(BroadcastQueue.java:439)
W/BroadcastQueue(  285): 	at com.android.server.am.BroadcastQueue.processNextBroadcast(BroadcastQueue.java:487)
W/BroadcastQueue(  285): 	at com.android.server.am.BroadcastQueue$1.handleMessage(BroadcastQueue.java:140)
W/BroadcastQueue(  285): 	at android.os.Handler.dispatchMessage(Handler.java:99)
W/BroadcastQueue(  285): 	at android.os.Looper.loop(Looper.java:137)
W/BroadcastQueue(  285): 	at com.android.server.am.ActivityManagerService$AThread.run(ActivityManagerService.java:1480)
W/WindowManager(  285): Window freeze timeout expired.
W/WindowManager(  285): Force clearing orientation change: Window{40eed640 u0 Keyguard}
D/dalvikvm(  285): GC_CONCURRENT freed 1299K, 24% free 5623K/7368K, paused 922ms+121ms, total 1512ms
E/JavaBinder(  285): !!! FAILED BINDER TRANSACTION !!!
W/BroadcastQueue(  285): Failure sending broadcast Intent { act=android.intent.action.ALARM_CHANGED flg=0x10 (has extras) }
W/BroadcastQueue(  285): android.os.TransactionTooLargeException
W/BroadcastQueue(  285): 	at android.os.BinderProxy.transact(Native Method)
W/BroadcastQueue(  285): 	at android.app.ApplicationThreadProxy.scheduleRegisteredReceiver(ApplicationThreadNative.java:1009)
W/BroadcastQueue(  285): 	at com.android.server.am.BroadcastQueue.performReceiveLocked(BroadcastQueue.java:373)
W/BroadcastQueue(  285): 	at com.android.server.am.BroadcastQueue.deliverToRegisteredReceiverLocked(BroadcastQueue.java:439)
W/BroadcastQueue(  285): 	at com.android.server.am.BroadcastQueue.processNextBroadcast(BroadcastQueue.java:487)
W/BroadcastQueue(  285): 	at com.android.server.am.BroadcastQueue$1.handleMessage(BroadcastQueue.java:140)
W/BroadcastQueue(  285): 	at android.os.Handler.dispatchMessage(Handler.java:99)
W/BroadcastQueue(  285): 	at android.os.Looper.loop(Looper.java:137)
W/BroadcastQueue(  285): 	at com.android.server.am.ActivityManagerService$AThread.run(ActivityManagerService.java:1480)
E/JavaBinder(  285): !!! FAILED BINDER TRANSACTION !!!
W/BroadcastQueue(  285): Failure sending broadcast Intent { act=android.intent.action.ALARM_CHANGED flg=0x10 (has extras) }
W/BroadcastQueue(  285): android.os.TransactionTooLargeException
W/BroadcastQueue(  285): 	at android.os.BinderProxy.transact(Native Method)
W/BroadcastQueue(  285): 	at android.app.ApplicationThreadProxy.scheduleRegisteredReceiver(ApplicationThreadNative.java:1009)
W/BroadcastQueue(  285): 	at com.android.server.am.BroadcastQueue.performReceiveLocked(BroadcastQueue.java:373)
W/BroadcastQueue(  285): 	at com.android.server.am.BroadcastQueue.deliverToRegisteredReceiverLocked(BroadcastQueue.java:439)
W/BroadcastQueue(  285): 	at com.android.server.am.BroadcastQueue.processNextBroadcast(BroadcastQueue.java:487)
W/BroadcastQueue(  285): 	at com.android.server.am.BroadcastQueue$1.handleMessage(BroadcastQueue.java:140)
