E/EventHub(  281): could not get driver version for /dev/input/mouse0, Not a typewriter
E/EventHub(  281): could not get driver version for /dev/input/mice, Not a typewriter
I/InputReader(  281): Device added: id=-1, name='Virtual', sources=0x00000301
I/InputReader(  281):   Touch device 'qwerty2' could not query the properties of its associated display.  The device will be inoperable until the display size becomes available.
I/InputReader(  281): Device added: id=0, name='qwerty2', sources=0x00011307
E/Trace   (  281): error opening trace file: No such file or directory (2)
I/SystemServer(  281): Accessibility Manager
I/ActivityManager(  281): Config changes=15f8 {1.0 ?mcc?mnc en_US ldltr sw320dp w320dp h508dp 240dpi nrml long port ?uimode ?night finger -keyb/v/h tball/v s.2}
I/InputReader(  281): Reconfiguring input devices.  changes=0x00000004
I/InputReader(  281): Device reconfigured: id=0, name='qwerty2', size 480x800, orientation 0, mode 1, display id 0
I/InputReader(  281): Reconfiguring input devices.  changes=0x00000004
I/InputReader(  281): Device reconfigured: id=0, name='qwerty2', size 480x800, orientation 0, mode 1, display id 0
I/SystemServer(  281): Mount Service
D/MountService(  281): got storage path: /mnt/sdcard description: USB storage primary: true removable: false emulated: false mtpReserve: 0 allowMassStorage: false maxFileSize: 0
D/MountService(  281): addVolumeLocked() StorageVolume [mStorageId=0 mPath=/mnt/sdcard mDescriptionId=17040615 mPrimary=true mRemovable=false mEmulated=false mMtpReserveSpace=0 mAllowMassStorage=false mMaxFileSize=0 mOwner=null]
I/SystemServer(  281): LockSettingsService
I/SystemServer(  281): Device Policy
I/SystemServer(  281): Status Bar
I/SystemServer(  281): Clipboard Service
I/SystemServer(  281): NetworkManagement Service
I/SystemServer(  281): Text Service Manager Service
I/SystemServer(  281): NetworkStats Service
D/dalvikvm(  281): GREF has increased to 201
I/SystemServer(  281): NetworkPolicy Service
D/MountService(  281): volume state changed for /mnt/sdcard (null -> unmounted)
I/PackageManager(  281): Updating external media status from unmounted to unmounted
W/MountService(  281): getSecureContainerList() called when storage not mounted
I/PackageManager(  281): No secure containers on sdcard
W/PackageManager(  281): Unknown permission com.google.android.googleapps.permission.GOOGLE_AUTH.mail in package com.android.contacts
W/PackageManager(  281): Unknown permission android.permission.ADD_SYSTEM_SERVICE in package com.android.phone
W/PackageManager(  281): Unknown permission com.android.smspush.WAPPUSH_MANAGER_BIND in package com.android.phone
W/PackageManager(  281): Unknown permission com.google.android.googleapps.permission.GOOGLE_AUTH in package com.android.providers.calendar
W/PackageManager(  281): Unknown permission com.google.android.googleapps.permission.GOOGLE_AUTH.cl in package com.android.providers.calendar
W/PackageManager(  281): Unknown permission com.google.android.googleapps.permission.GOOGLE_AUTH.mail in package com.android.calendar
W/PackageManager(  281): Not granting permission android.permission.SEND_DOWNLOAD_COMPLETED_INTENTS to package com.android.browser (protectionLevel=2 flags=0x89be45)
W/PackageManager(  281): Not granting permission android.permission.BIND_APPWIDGET to package com.android.widgetpreview (protectionLevel=18 flags=0x8be44)
W/PackageManager(  281): Unknown permission com.google.android.googleapps.permission.GOOGLE_AUTH in package com.android.settings
W/PackageManager(  281): Unknown permission com.google.android.gallery3d.permission.GALLERY_PROVIDER in package com.android.exchange
W/PackageManager(  281): Unknown permission com.google.android.googleapps.permission.ACCESS_GOOGLE_PASSWORD in package com.android.development
W/PackageManager(  281): Unknown permission com.google.android.googleapps.permission.GOOGLE_AUTH in package com.android.development
W/PackageManager(  281): Unknown permission com.google.android.googleapps.permission.GOOGLE_AUTH.ALL_SERVICES in package com.android.development
W/PackageManager(  281): Unknown permission com.google.android.googleapps.permission.GOOGLE_AUTH.YouTubeUser in package com.android.development
W/PackageManager(  281): Unknown permission com.google.android.gallery3d.permission.GALLERY_PROVIDER in package com.android.email
W/PackageManager(  281): Not granting permission android.permission.DEVICE_POWER to package com.android.deskclock (protectionLevel=2 flags=0x88be45)
I/SystemServer(  281): Wi-Fi P2pService
D/dalvikvm(  281): GC_CONCURRENT freed 351K, 10% free 3954K/4372K, paused 4ms+3ms, total 103ms
I/SystemServer(  281): Wi-Fi Service
E/CommandListener(   34): Failed to open /proc/sys/net/ipv6/conf/wlan0/disable_ipv6: No such file or directory
E/WifiStateMachine(  281): Failed to disable IPv6: java.lang.IllegalStateException: command '1 interface ipv6 wlan0 disable' failed with '400 1 Failed to change IPv6 state (No such file or directory)'
I/SystemServer(  281): Connectivity Service
D/ConnectivityService(  281): ConnectivityService starting up
E/MobileDataStateTracker(  281): default: Ignoring feature request because could not acquire PhoneService
E/MobileDataStateTracker(  281): default: Could not enable APN type "default"
I/WifiService(  281): WifiService starting up with Wi-Fi disabled
I/SystemServer(  281): Network Service Discovery Service
D/NsdService(  281): Network service discovery enabled true
I/SystemServer(  281): Throttle Service
I/SystemServer(  281): UpdateLock Service
I/SystemServer(  281): Notification Manager
I/SystemServer(  281): Device Storage Monitor
I/SystemServer(  281): Location Manager
I/SystemServer(  281): Country Detector
I/SystemServer(  281): Search Service
I/SystemServer(  281): DropBox Service
I/SystemServer(  281): Wallpaper Service
I/SystemServer(  281): Audio Service
D/dalvikvm(  281): GC_CONCURRENT freed 233K, 7% free 4166K/4444K, paused 6ms+55ms, total 273ms
I/SystemServer(  281): Dock Observer
W/DockObserver(  281): This kernel does not have dock station support
I/SystemServer(  281): Wired Accessory Manager
W/WiredAccessoryManager(  281): This kernel does not have wired headset support
W/WiredAccessoryManager(  281): This kernel does not have usb audio support
W/WiredAccessoryManager(  281): This kernel does not have HDMI audio support
I/SystemServer(  281): USB Service
I/SystemServer(  281): Serial Service
I/SystemServer(  281): Twilight Service
I/SystemServer(  281): UI Mode Manager Service
I/SystemServer(  281): Backup Service
V/BackupManagerService(  281): No ancestral data
I/BackupManagerService(  281): Found stale backup journal, scheduling
I/BackupManagerService(  281):   android
I/BackupManagerService(  281):   com.android.browser
I/BackupManagerService(  281):   com.android.calendar
I/BackupManagerService(  281):   com.android.inputmethod.latin
I/BackupManagerService(  281):   com.android.providers.settings
I/BackupManagerService(  281):   com.android.providers.userdictionary
I/BackupManagerService(  281):   com.android.sharedstoragebackup
I/BackupManagerService(  281): Backup enabled => true
I/SystemServer(  281): AppWidget Service
I/SystemServer(  281): Recognition Service
I/SystemServer(  281): DiskStats Service
I/SystemServer(  281): SamplingProfiler Service
I/SystemServer(  281): NetworkTimeUpdateService
I/SystemServer(  281): CommonTimeManagementService
I/SystemServer(  281): CertBlacklister
I/SystemServer(  281): Dreams Service
I/WindowManager(  281): SAFE MODE not enabled
D/dalvikvm(  281): JIT started for system_server
D/dalvikvm(  281): GC_CONCURRENT freed 309K, 9% free 4264K/4636K, paused 4ms+11ms, total 130ms
I/ActivityManager(  281): System now ready
I/SystemServer(  281): Making services ready
I/Zygote  (  281): Process: zygote socket opened
I/ActivityManager(  281): Start proc com.android.systemui for service com.android.systemui/.SystemUIService: pid=366 uid=10034 gids={50034, 1028, 1015, 3002, 3001}
I/Vold    (   32): /dev/block/vold/179:0 being considered for volume sdcard
D/Vold    (   32): Volume sdcard state changing 1 (Idle-Unmounted) -> 3 (Checking)
I//system/bin/fsck_msdos(   32): ** /dev/block/vold/179:0
I//system/bin/fsck_msdos(   32): ** Phase 1 - Read and Compare FATs
I//system/bin/fsck_msdos(   32): Attempting to allocate 2044 KB for FAT
D/MountService(  281): volume state changed for /mnt/sdcard (unmounted -> checking)
D/MountService(  281): sendStorageIntent Intent { act=android.intent.action.MEDIA_CHECKING dat=file:///mnt/sdcard (has extras) } to UserHandle{-1}
D/NetworkManagementService(  281): not enabling bandwidth control
I/keystore(   42): uid: 1000 action: e -> 7 state: 3 -> 3 retry: 4
W/NetworkStats(  281): bandwidth controls disabled, unable to track stats
W/NetworkPolicy(  281): bandwidth controls disabled, unable to enforce policy
I/keystore(   42): uid: 1000 action: e -> 7 state: 3 -> 3 retry: 4
I/ActivityManager(  281): Config changes=200 {1.0 ?mcc?mnc en_US ldltr sw320dp w320dp h508dp 240dpi nrml long port finger -keyb/v/h tball/v s.3}
W/RecognitionManagerService(  281): no available voice recognition services found for user 0
E/Trace   (  366): error opening trace file: No such file or directory (2)
D/SystemUIService(  366): loading: class com.android.systemui.statusbar.phone.PhoneStatusBar
D/dalvikvm(  281): GC_CONCURRENT freed 89K, 4% free 4640K/4796K, paused 5ms+8ms, total 315ms
D/dalvikvm(  281): WAIT_FOR_CONCURRENT_GC blocked 300ms
D/SystemUIService(  366): running: com.android.systemui.statusbar.phone.PhoneStatusBar@40cd23a0
W/InputMethodManagerService(  281): Ignoring setImeWindowStatus of uid 1000 token: null
I/StatusBarManagerService(  281): registerStatusBar bar=com.android.internal.statusbar.IStatusBar$Stub$Proxy@40e11420
W/InputMethodManagerService(  281): Found no subtypes in a system IME: com.android.inputmethod.pinyin
I/ActivityManager(  281): Start proc com.android.inputmethod.latin for service com.android.inputmethod.latin/.LatinIME: pid=404 uid=10010 gids={50010, 1028}
I/CommonTimeManagementService(  281): No common time service detected on this platform.  Common time services will be unavailable.
I/InputReader(  281): Reconfiguring input devices.  changes=0x00000020
E/ThrottleService(  281): problem during onPollAlarm: java.lang.IllegalStateException: problem parsing stats: java.io.FileNotFoundException: /proc/net/xt_qtaguid/iface_stat_all: open failed: ENOENT (No such file or directory)
I/InputReader(  281): Reconfiguring input devices.  changes=0x00000010
I/ActivityManager(  281): Start proc com.android.phone for added application com.android.phone: pid=424 uid=1001 gids={41001, 3002, 3001, 3003, 1015, 1028}
I/ActivityManager(  281): START u0 {act=android.intent.action.MAIN cat=[android.intent.category.HOME] flg=0x10000000 cmp=com.android.launcher/com.android.launcher2.Launcher} from pid 0
D/dalvikvm(  281): GC_CONCURRENT freed 374K, 9% free 4835K/5272K, paused 12ms+10ms, total 1182ms
D/dalvikvm(  281): WAIT_FOR_CONCURRENT_GC blocked 459ms
D/dalvikvm(  281): WAIT_FOR_CONCURRENT_GC blocked 432ms
D/dalvikvm(  281): WAIT_FOR_CONCURRENT_GC blocked 263ms
D/dalvikvm(  281): WAIT_FOR_CONCURRENT_GC blocked 537ms
D/dalvikvm(  281): WAIT_FOR_CONCURRENT_GC blocked 529ms
E/NetdConnector(  281): NDC Command {4 interface setthrottle rmnet0 -1 -1} took too long (608ms)
I/ActivityManager(  281): Start proc com.android.launcher for activity com.android.launcher/com.android.launcher2.Launcher: pid=442 uid=10020 gids={50020, 1028}
I/SystemServer(  281): Enabled StrictMode for system server main thread.
E/Trace   (  404): error opening trace file: No such file or directory (2)
D/dalvikvm(  281): WAIT_FOR_CONCURRENT_GC blocked 1402ms
D/dalvikvm(  281): GC_FOR_ALLOC freed 70K, 9% free 5040K/5480K, paused 344ms, total 347ms
D/dalvikvm(  366): GC_FOR_ALLOC freed 88K, 6% free 2664K/2808K, paused 76ms, total 99ms
I/dalvikvm-heap(  366): Grow heap (frag case) to 3.259MB for 635812-byte allocation
D/dalvikvm(  366): GC_CONCURRENT freed 5K, 5% free 3280K/3432K, paused 4ms+2ms, total 68ms
E/Trace   (  442): error opening trace file: No such file or directory (2)
D/dalvikvm(  281): GC_FOR_ALLOC freed 342K, 8% free 5364K/5772K, paused 241ms, total 242ms
E/Trace   (  424): error opening trace file: No such file or directory (2)
I/LocationBlacklist(  281): whitelist: []
I/LocationBlacklist(  281): blacklist: []
E/SurfaceFlinger(   37): ro.sf.lcd_density must be defined as a build property
D/gralloc_goldfish(  281): Emulator without GPU emulation detected.
D/dalvikvm(  281): GC_CONCURRENT freed 342K, 8% free 5441K/5852K, paused 97ms+161ms, total 1145ms
I/LatinIME(  404): Hardware accelerated drawing: false
D/dalvikvm(  281): WAIT_FOR_CONCURRENT_GC blocked 4631ms
I/Choreographer(  281): Skipped 2294 frames!  The application may be doing too much work on its main thread.
W/TelephonyProvider(  424): onCreate: confFile=/system/etc/apns-conf.xml oldCheckSum=-1
E/BluetoothAdapter(  366): Bluetooth binder is null
E/BluetoothAdapter(  366): Bluetooth binder is null
D/TelephonyManager(  424): getLteOnCdmaMode=0 curVal=-1 product_type='' lteOnCdmaProductType=''
D/dalvikvm(  281): GC_CONCURRENT freed 759K, 14% free 5451K/6272K, paused 100ms+22ms, total 551ms
D/dalvikvm(  281): WAIT_FOR_CONCURRENT_GC blocked 187ms
D/dalvikvm(  281): WAIT_FOR_CONCURRENT_GC blocked 188ms
D/dalvikvm(  281): WAIT_FOR_CONCURRENT_GC blocked 195ms
W/InputAttributes(  404): No editor info for this field. Bug?
D/dalvikvm(  281): WAIT_FOR_CONCURRENT_GC blocked 211ms
D/dalvikvm(  281): WAIT_FOR_CONCURRENT_GC blocked 398ms
D/dalvikvm(  281): GREF has increased to 301
D/TelephonyManager(  424): getLteOnCdmaMode=0 curVal=-1 product_type='' lteOnCdmaProductType=''
E/BluetoothAdapter(  366): Bluetooth binder is null
D/TelephonyManager(  424): getLteOnCdmaMode=0 curVal=-1 product_type='' lteOnCdmaProductType=''
V/TAG     (  281): bug 7643792: fitSystemWindows([0,0][0,0])
I/ActivityManager(  281): Start proc android.process.acore for content provider com.android.providers.userdictionary/.UserDictionaryProvider: pid=485 uid=10001 gids={50001, 3003, 1015, 1028}
E/ActivityThread(  404): Failed to find provider info for com.android.inputmethod.latin.dictionarypack
E/BinaryDictionaryGetter(  404): Could not find a dictionary pack
W/Settings(  424): Setting airplane_mode_on has moved from android.provider.Settings.System to android.provider.Settings.Global, returning read-only value.
W/Settings(  424): Setting auto_time has moved from android.provider.Settings.System to android.provider.Settings.Global, returning read-only global URI.
W/Settings(  424): Setting auto_time_zone has moved from android.provider.Settings.System to android.provider.Settings.Global, returning read-only global URI.
I/ActivityManager(  281): Start proc com.android.music for broadcast com.android.music/.MediaButtonIntentReceiver: pid=506 uid=10025 gids={50025, 3003, 1015, 1028}
W/ActivityManager(  281): Unable to start service Intent { act=com.android.internal.telephony.IWapPushManager } U=0: not found
W/InputMethodManagerService(  281): Found no subtypes in a system IME: com.android.inputmethod.pinyin
V/TAG     (  281): bug 7643792: fitSystemWindows([0,0][0,0])
D/dalvikvm(  366): GC_CONCURRENT freed 66K, 4% free 3634K/3756K, paused 3ms+3ms, total 188ms
E/Trace   (  485): error opening trace file: No such file or directory (2)
D/        (  424): [ApnContext:default] set reason as dataEnabled,current state IDLE
D/        (  424): [ApnContext:default] setRetryCount: 0
D/dalvikvm(  281): GC_CONCURRENT freed 734K, 13% free 5479K/6276K, paused 346ms+73ms, total 1346ms
D/        (  424): [ApnContext:mms] set reason as dataEnabled,current state IDLE
D/        (  424): [ApnContext:mms] setRetryCount: 0
W/dalvikvm(  442): threadid=2: spin on suspend #1 threadid=12 (pcf=0)
D/dalvikvm(  442): Temporarily moving tid 475 to fg (was 0)
D/dalvikvm(  442): Temporarily raised priority on tid 475 (10 -> 0)
W/dalvikvm(  442): threadid=2: spin on suspend resolved in 1061 msec
D/dalvikvm(  442): Restored policy of 475 to 0
D/dalvikvm(  442): Restored priority on 475 to 10
I/Choreographer(  281): Skipped 178 frames!  The application may be doing too much work on its main thread.
D/        (  424): [ApnContext:supl] set reason as dataEnabled,current state IDLE
D/        (  424): [ApnContext:supl] setRetryCount: 0
D/        (  424): [ApnContext:hipri] set reason as dataEnabled,current state IDLE
D/        (  424): [ApnContext:hipri] setRetryCount: 0
D/        (  424): [ApnContext:fota] set reason as dataEnabled,current state IDLE
D/        (  424): [ApnContext:fota] setRetryCount: 0
D/        (  424): [ApnContext:ims] set reason as dataEnabled,current state IDLE
D/        (  424): [ApnContext:ims] setRetryCount: 0
D/        (  424): [ApnContext:cbs] set reason as dataEnabled,current state IDLE
D/        (  424): [ApnContext:cbs] setRetryCount: 0
E/BluetoothAdapter(  366): Bluetooth binder is null
I/dalvikvm(  506): Turning on JNI app bug workarounds for target SDK version 9...
D/dalvikvm(  424): GC_CONCURRENT freed 197K, 9% free 2572K/2824K, paused 4ms+2ms, total 247ms
D/TelephonyManager(  424): getLteOnCdmaMode=0 curVal=-1 product_type='' lteOnCdmaProductType=''
D/CallManager(  424): registerPhone(GSM Handler (com.android.internal.telephony.PhoneProxy) {40d025f0})
E/SurfaceFlinger(   37): ro.sf.lcd_density must be defined as a build property
D/dalvikvm(  442): GC_CONCURRENT freed 184K, 9% free 2619K/2860K, paused 1077ms+58ms, total 2105ms
E/BluetoothAdapter(  424): Bluetooth binder is null
D/dalvikvm(  281): GC_FOR_ALLOC freed 95K, 14% free 5411K/6276K, paused 111ms, total 115ms
I/dalvikvm-heap(  281): Grow heap (frag case) to 6.420MB for 1128976-byte allocation
D/dalvikvm(  281): GC_FOR_ALLOC freed 3K, 12% free 6510K/7380K, paused 99ms, total 99ms
W/WindowManager(  281): Window freeze timeout expired.
W/WindowManager(  281): Force clearing orientation change: Window{40ee7eb8 u0 Keyguard}
E/Trace   (  506): error opening trace file: No such file or directory (2)
E/BluetoothAdapter(  424): Bluetooth binder is null
I/Choreographer(  281): Skipped 55 frames!  The application may be doing too much work on its main thread.
D/dalvikvm(  281): GC_CONCURRENT freed 7K, 12% free 6519K/7380K, paused 72ms+44ms, total 1750ms
I/AudioService(  281):   Remote Control   registerMediaButtonIntent() for PendingIntent{410385f8: PendingIntentRecord{40f67268 com.android.music broadcastIntent}}
I/ActivityManager(  281): Start proc android.process.media for content provider com.android.providers.media/.MediaProvider: pid=543 uid=10000 gids={50000, 1015, 1023, 1024, 1028, 1006, 2001, 3003, 3007}
D/DebugService(  424): DebugService DebugService:
D/TelephonyDebugService(  424): TelephonyDebugService()
D/dalvikvm(  442): GC_FOR_ALLOC freed 50K, 4% free 2855K/2960K, paused 95ms, total 111ms
I/dalvikvm-heap(  442): Grow heap (frag case) to 4.213MB for 1440016-byte allocation
D/dalvikvm(  442): GC_CONCURRENT freed 11K, 3% free 4250K/4368K, paused 10ms+3ms, total 542ms
D/dalvikvm(  424): GC_CONCURRENT freed 346K, 14% free 2637K/3040K, paused 47ms+3ms, total 214ms
E/Trace   (  543): error opening trace file: No such file or directory (2)
I/DownloadManager(  543): in removeSpuriousFiles
E/UserHistoryDictionary(  404): when loading: file not foundjava.io.FileNotFoundException: /data/data/com.android.inputmethod.latin/files/UserHistoryDictionary.en_US.dict: open failed: ENOENT (No such file or directory)
W/ActivityManager(  281): Timeout executing service: ServiceRecord{40e8b330 u0 com.android.systemui/.SystemUIService}
D/dalvikvm(  485): GC_CONCURRENT freed 181K, 9% free 2615K/2852K, paused 20ms+3ms, total 407ms
D/dalvikvm(  404): GC_CONCURRENT freed 243K, 11% free 2535K/2836K, paused 4ms+176ms, total 431ms
E/StrictMode(  404): A resource was acquired at attached stack trace but never released. See java.io.Closeable for information on avoiding resource leaks.
E/StrictMode(  404): java.lang.Throwable: Explicit termination method 'close' not called
E/StrictMode(  404): 	at dalvik.system.CloseGuard.open(CloseGuard.java:184)
E/StrictMode(  404): 	at android.os.ParcelFileDescriptor.<init>(ParcelFileDescriptor.java:412)
E/StrictMode(  404): 	at android.content.res.AssetManager.openNonAssetFdNative(Native Method)
E/StrictMode(  404): 	at android.content.res.AssetManager.openNonAssetFd(AssetManager.java:428)
E/StrictMode(  404): 	at android.content.res.Resources.openRawResourceFd(Resources.java:979)
E/StrictMode(  404): 	at com.android.inputmethod.latin.BinaryDictionaryGetter.loadFallbackResource(BinaryDictionaryGetter.java:183)
E/StrictMode(  404): 	at com.android.inputmethod.latin.BinaryDictionaryGetter.getDictionaryFiles(BinaryDictionaryGetter.java:456)
E/StrictMode(  404): 	at com.android.inputmethod.latin.DictionaryFactory.createMainDictionaryFromManager(DictionaryFactory.java:57)
E/StrictMode(  404): 	at com.android.inputmethod.latin.DictionaryFactory.createMainDictionaryFromManager(DictionaryFactory.java:87)
E/StrictMode(  404): 	at com.android.inputmethod.latin.Suggest$1.run(Suggest.java:108)
I/Process (  281): Sending signal. PID: 366 SIG: 3
I/dalvikvm(  366): threadid=3: reacting to signal 3
I/Choreographer(  281): Skipped 2139 frames!  The application may be doing too much work on its main thread.
I/Process (  281): Sending signal. PID: 281 SIG: 3
I/dalvikvm(  281): threadid=3: reacting to signal 3
I/dalvikvm(  366): Wrote stack traces to '/data/anr/traces.txt'
I/Process (  281): Sending signal. PID: 424 SIG: 3
I/dalvikvm(  424): threadid=3: reacting to signal 3
I/dalvikvm(  281): Wrote stack traces to '/data/anr/traces.txt'
D/PhoneStatusBar(  366): disable: < expand icons alerts ticker system_info back home recent clock search >
I/Choreographer(  281): Skipped 193 frames!  The application may be doing too much work on its main thread.
W/Settings(  424): Setting auto_time_zone has moved from android.provider.Settings.System to android.provider.Settings.Global, returning read-only value.
I/dalvikvm(  424): Wrote stack traces to '/data/anr/traces.txt'
E/BluetoothAdapter(  366): Bluetooth binder is null
D/SystemUIService(  366): loading: class com.android.systemui.power.PowerUI
D/SystemUIService(  366): running: com.android.systemui.power.PowerUI@40e3ff08
D/SystemUIService(  366): loading: class com.android.systemui.media.RingtonePlayer
D/SystemUIService(  366): running: com.android.systemui.media.RingtonePlayer@40e40bc8
D/dalvikvm(  281): GREF has increased to 401
I/Choreographer(  366): Skipped 4536 frames!  The application may be doing too much work on its main thread.
D/dalvikvm(  281): GC_EXPLICIT freed 1541K, 23% free 5718K/7380K, paused 63ms+120ms, total 468ms
E/SurfaceFlinger(   37): ro.sf.lcd_density must be defined as a build property
V/TAG     (  281): bug 7643792: fitSystemWindows([0,38][0,0])
D/PhoneStatusBar(  366): disable: < expand icons alerts ticker system_info BACK* HOME* RECENT* CLOCK* SEARCH* >
I/Choreographer(  281): Skipped 126 frames!  The application may be doing too much work on its main thread.
D/CAT     (  424): CatService: Running CAT service. STK app installed:false
D/CAT     (  424): CatService: NEW sInstance
I/Process (  281): Sending signal. PID: 442 SIG: 3
I/dalvikvm(  442): threadid=3: reacting to signal 3
I/Choreographer(  366): Skipped 527 frames!  The application may be doing too much work on its main thread.
D/dalvikvm(  366): GC_CONCURRENT freed 255K, 8% free 3771K/4084K, paused 4ms+33ms, total 152ms
D/gralloc_goldfish(  366): Emulator without GPU emulation detected.
I/dalvikvm(  442): Wrote stack traces to '/data/anr/traces.txt'
E/ActivityManager(  281): ANR in com.android.systemui
E/ActivityManager(  281): Reason: Executing service com.android.systemui/.SystemUIService
E/ActivityManager(  281): Load: 5.74 / 1.42 / 0.47
E/ActivityManager(  281): CPU usage from 1016ms to -6433ms ago:
E/ActivityManager(  281):   21% 281/system_server: 13% user + 7.9% kernel / faults: 1995 minor 5 major
E/ActivityManager(  281):   12% 37/surfaceflinger: 11% user + 1.2% kernel / faults: 2 minor
E/ActivityManager(  281):   8% 366/com.android.systemui: 4.5% user + 3.4% kernel / faults: 1327 minor 2 major
E/ActivityManager(  281):   6.9% 442/zygote: 3.4% user + 3.4% kernel / faults: 3779 minor 1 major
E/ActivityManager(  281):   6.6% 485/android.process.acore: 5% user + 1.6% kernel / faults: 1353 minor
E/ActivityManager(  281):   5.3% 424/com.android.phone: 3.4% user + 1.8% kernel / faults: 592 minor 7 major
E/ActivityManager(  281):   4% 543/android.process.media: 1.7% user + 2.2% kernel / faults: 1294 minor 15 major
E/ActivityManager(  281):   2.4% 78/bootanimation: 2% user + 0.4% kernel
E/ActivityManager(  281):   0.6% 404/com.android.inputmethod.latin: 0.4% user + 0.2% kernel / faults: 661 minor 1 major
E/ActivityManager(  281):   0.3% 36/rild: 0.2% user + 0.1% kernel / faults: 3 minor
E/ActivityManager(  281):   0.6% 47/adbd: 0.1% user + 0.5% kernel / faults: 77 minor
E/ActivityManager(  281):   0.4% 506/com.android.music: 0.4% user + 0% kernel / faults: 181 minor
E/ActivityManager(  281):   0.2% 371/fsck_msdos: 0.1% user + 0.1% kernel / faults: 203 minor
E/ActivityManager(  281):   0.1% 31/servicemanager: 0% user + 0.1% kernel
E/ActivityManager(  281):   0% 40/mediaserver: 0% user + 0% kernel / faults: 6 minor
E/ActivityManager(  281): 100% TOTAL: 65% user + 34% kernel + 0.1% softirq
E/ActivityManager(  281): CPU usage from 4404ms to 5893ms later:
E/ActivityManager(  281):   18% 281/system_server: 11% user + 7% kernel / faults: 116 minor
E/ActivityManager(  281):     9.1% 300/ActivityManager: 4.9% user + 4.2% kernel
E/ActivityManager(  281):     7.7% 296/UI: 6.3% user + 1.4% kernel
E/ActivityManager(  281):     2.8% 287/Compiler: 2.1% user + 0.7% kernel
E/ActivityManager(  281):     2.8% 293/Binder_2: 1.4% user + 1.4% kernel
E/ActivityManager(  281):     2.8% 297/WindowManager: 1.4% user + 1.4% kernel
E/ActivityManager(  281):     2.8% 565/Binder_7: 2.8% user + 0% kernel
E/ActivityManager(  281):     0.7% 281/system_server: 0.7% user + 0% kernel
E/ActivityManager(  281):     0.7% 292/Binder_1: 0% user + 0.7% kernel
E/ActivityManager(  281):     0.7% 295/er.ServerThread: 0.7% user + 0% kernel
E/ActivityManager(  281):     0.7% 322/PowerManagerSer: 0.7% user + 0% kernel
E/ActivityManager(  281):     0.7% 330/er$SensorThread: 0.7% user + 0% kernel
E/ActivityManager(  281):     0.7% 585/Binder_9: 0% user + 0.7% kernel
E/ActivityManager(  281):   11% 37/surfaceflinger: 10% user + 1.3% kernel / faults: 2 minor
E/ActivityManager(  281):     11% 62/SurfaceFlinger: 11% user + 0% kernel
E/ActivityManager(  281):     0.6% 37/surfaceflinger: 0.6% user + 0% kernel
E/ActivityManager(  281):     0.6% 68/VSyncThread: 0% user + 0.6% kernel
E/ActivityManager(  281):     0.6% 73/EventThread: 0% user + 0.6% kernel
E/ActivityManager(  281):     0.6% 77/Binder_1: 0.6% user + 0% kernel
E/ActivityManager(  281):     0.6% 467/Binder_2: 0.6% user + 0% kernel
E/ActivityManager(  281):   17% 366/com.android.systemui: 15% user + 2.7% kernel / faults: 62 minor 1 major
E/ActivityManager(  281):     10% 366/ndroid.systemui: 10% user + 0% kernel
E/ActivityManager(  281):     5.4% 377/Compiler: 5.4% user + 0% kernel
E/ActivityManager(  281):   9.4% 424/com.android.phone: 6.7% user + 2.7% kernel / faults: 62 minor 1 major
E/ActivityManager(  281):     5.4% 493/RILReceiver: 4% user + 1.3% kernel
E/ActivityManager(  281):     2.7% 424/m.android.phone: 2.7% user + 0% kernel
E/ActivityManager(  281):     1.3% 436/Compiler: 1.3% user + 0% kernel
E/ActivityManager(  281):     1.3% 490/RILSender: 1.3% user + 0% kernel
E/ActivityManager(  281):    +0% 598/Cat Telephony s: 0% user + 0% kernel
E/ActivityManager(  281):    +0% 602/RilMessageDecod: 0% user + 0% kernel
E/ActivityManager(  281):    +0% 603/Cat Icon Loader: 0% user + 0% kernel
E/ActivityManager(  281):   2% 78/bootanimation: 1.3% user + 0.6% kernel
E/ActivityManager(  281):     2.7% 98/BootAnimation: 2% user + 0.6% kernel
E/ActivityManager(  281):   3.7% 442/com.android.launcher: 2.5% user + 1.2% kernel / faults: 192 minor
E/ActivityManager(  281):     12% 469/launcher-loader: 7.5% user + 5% kernel
E/ActivityManager(  281):   1.3% 371/fsck_msdos: 1.3% user + 0% kernel / faults: 99 minor
E/ActivityManager(  281): 100% TOTAL: 70% user + 29% kernel
W/ActivityManager(  281): Killing ProcessRecord{40ea6408 366:com.android.systemui/u0a10034}: background ANR
D/dalvikvm(  281): GC_CONCURRENT freed 451K, 18% free 6105K/7380K, paused 85ms+6ms, total 256ms
D/dalvikvm(  281): WAIT_FOR_CONCURRENT_GC blocked 87ms
D/dalvikvm(  281): WAIT_FOR_CONCURRENT_GC blocked 219ms
D/dalvikvm(  281): WAIT_FOR_CONCURRENT_GC blocked 210ms
D/dalvikvm(  281): WAIT_FOR_CONCURRENT_GC blocked 215ms
D/dalvikvm(  281): WAIT_FOR_CONCURRENT_GC blocked 231ms
D/dalvikvm(  281): WAIT_FOR_CONCURRENT_GC blocked 227ms
I/Choreographer(  281): Skipped 154 frames!  The application may be doing too much work on its main thread.
D/CAT     (  424): CatService: SIM ready. Reporting STK service running now...
D/dalvikvm(  442): GC_CONCURRENT freed 176K, 5% free 4605K/4836K, paused 6ms+198ms, total 491ms
D/dalvikvm(  424): GC_CONCURRENT freed 265K, 11% free 2762K/3084K, paused 4ms+3ms, total 148ms
D/MccTable(  424): updateMccMncConfiguration: mcc=310, mnc=260
D/TelephonyManager(  424): getLteOnCdmaMode=0 curVal=-1 product_type='' lteOnCdmaProductType=''
D/MccTable(  424): locale set to en_us
D/MccTable(  424): WIFI_COUNTRY_CODE set to us
I/WifiService(  281): WifiService trying to set country code to us with persist set to true
I/ActivityManager(  281): Config changes=1403 {1.0 310mcc260mnc en_US ldltr sw320dp w320dp h508dp 240dpi nrml long port finger -keyb/v/h tball/v s.4}
W/SurfaceFlinger(   37): createScreenshotSurface failed (Function not implemented)
E/JavaBinder(  281): !!! FAILED BINDER TRANSACTION !!!
W/BroadcastQueue(  281): Failure sending broadcast Intent { act=android.intent.action.CONFIGURATION_CHANGED flg=0x70000010 }
W/BroadcastQueue(  281): android.os.TransactionTooLargeException
W/BroadcastQueue(  281): 	at android.os.BinderProxy.transact(Native Method)
W/BroadcastQueue(  281): 	at android.app.ApplicationThreadProxy.scheduleRegisteredReceiver(ApplicationThreadNative.java:1009)
W/BroadcastQueue(  281): 	at com.android.server.am.BroadcastQueue.performReceiveLocked(BroadcastQueue.java:373)
W/BroadcastQueue(  281): 	at com.android.server.am.BroadcastQueue.deliverToRegisteredReceiverLocked(BroadcastQueue.java:439)
W/BroadcastQueue(  281): 	at com.android.server.am.BroadcastQueue.processNextBroadcast(BroadcastQueue.java:487)
W/BroadcastQueue(  281): 	at com.android.server.am.BroadcastQueue$1.handleMessage(BroadcastQueue.java:140)
W/BroadcastQueue(  281): 	at android.os.Handler.dispatchMessage(Handler.java:99)
W/BroadcastQueue(  281): 	at android.os.Looper.loop(Looper.java:137)
W/BroadcastQueue(  281): 	at com.android.server.am.ActivityManagerService$AThread.run(ActivityManagerService.java:1480)
E/JavaBinder(  281): !!! FAILED BINDER TRANSACTION !!!
W/BroadcastQueue(  281): Failure sending broadcast Intent { act=android.intent.action.CONFIGURATION_CHANGED flg=0x70000010 }
W/BroadcastQueue(  281): android.os.TransactionTooLargeException
W/BroadcastQueue(  281): 	at android.os.BinderProxy.transact(Native Method)
W/BroadcastQueue(  281): 	at android.app.ApplicationThreadProxy.scheduleRegisteredReceiver(ApplicationThreadNative.java:1009)
W/BroadcastQueue(  281): 	at com.android.server.am.BroadcastQueue.performReceiveLocked(BroadcastQueue.java:373)
W/BroadcastQueue(  281): 	at com.android.server.am.BroadcastQueue.deliverToRegisteredReceiverLocked(BroadcastQueue.java:439)
W/BroadcastQueue(  281): 	at com.android.server.am.BroadcastQueue.processNextBroadcast(BroadcastQueue.java:487)
W/BroadcastQueue(  281): 	at com.android.server.am.BroadcastQueue$1.handleMessage(BroadcastQueue.java:140)
W/BroadcastQueue(  281): 	at android.os.Handler.dispatchMessage(Handler.java:99)
W/BroadcastQueue(  281): 	at android.os.Looper.loop(Looper.java:137)
W/BroadcastQueue(  281): 	at com.android.server.am.ActivityManagerService$AThread.run(ActivityManagerService.java:1480)
E/JavaBinder(  281): !!! FAILED BINDER TRANSACTION !!!
W/BroadcastQueue(  281): Failure sending broadcast Intent { act=android.intent.action.SIM_STATE_CHANGED flg=0x20000010 (has extras) }
W/BroadcastQueue(  281): android.os.TransactionTooLargeException
W/BroadcastQueue(  281): 	at android.os.BinderProxy.transact(Native Method)
W/BroadcastQueue(  281): 	at android.app.ApplicationThreadProxy.scheduleRegisteredReceiver(ApplicationThreadNative.java:1009)
W/BroadcastQueue(  281): 	at com.android.server.am.BroadcastQueue.performReceiveLocked(BroadcastQueue.java:373)
W/BroadcastQueue(  281): 	at com.android.server.am.BroadcastQueue.deliverToRegisteredReceiverLocked(BroadcastQueue.java:439)
W/BroadcastQueue(  281): 	at com.android.server.am.BroadcastQueue.processNextBroadcast(BroadcastQueue.java:487)
W/BroadcastQueue(  281): 	at com.android.server.am.BroadcastQueue$1.handleMessage(BroadcastQueue.java:140)
W/BroadcastQueue(  281): 	at android.os.Handler.dispatchMessage(Handler.java:99)
W/BroadcastQueue(  281): 	at android.os.Looper.loop(Looper.java:137)
W/BroadcastQueue(  281): 	at com.android.server.am.ActivityManagerService$AThread.run(ActivityManagerService.java:1480)
E/JavaBinder(  281): !!! FAILED BINDER TRANSACTION !!!
W/BroadcastQueue(  281): Failure sending broadcast Intent { act=android.intent.action.SIM_STATE_CHANGED flg=0x20000010 (has extras) }
W/BroadcastQueue(  281): android.os.TransactionTooLargeException
W/BroadcastQueue(  281): 	at android.os.BinderProxy.transact(Native Method)
W/BroadcastQueue(  281): 	at android.app.ApplicationThreadProxy.scheduleRegisteredReceiver(ApplicationThreadNative.java:1009)
W/BroadcastQueue(  281): 	at com.android.server.am.BroadcastQueue.performReceiveLocked(BroadcastQueue.java:373)
W/BroadcastQueue(  281): 	at com.android.server.am.BroadcastQueue.deliverToRegisteredReceiverLocked(BroadcastQueue.java:439)
W/BroadcastQueue(  281): 	at com.android.server.am.BroadcastQueue.processNextBroadcast(BroadcastQueue.java:487)
W/BroadcastQueue(  281): 	at com.android.server.am.BroadcastQueue$1.handleMessage(BroadcastQueue.java:140)
W/BroadcastQueue(  281): 	at android.os.Handler.dispatchMessage(Handler.java:99)
W/BroadcastQueue(  281): 	at android.os.Looper.loop(Looper.java:137)
W/BroadcastQueue(  281): 	at com.android.server.am.ActivityManagerService$AThread.run(ActivityManagerService.java:1480)
E/JavaBinder(  281): !!! FAILED BINDER TRANSACTION !!!
W/BroadcastQueue(  281): Failure sending broadcast Intent { act=android.provider.Telephony.SPN_STRINGS_UPDATED flg=0x20000010 (has extras) }
W/BroadcastQueue(  281): android.os.TransactionTooLargeException
W/BroadcastQueue(  281): 	at android.os.BinderProxy.transact(Native Method)
W/BroadcastQueue(  281): 	at android.app.ApplicationThreadProxy.scheduleRegisteredReceiver(ApplicationThreadNative.java:1009)
W/BroadcastQueue(  281): 	at com.android.server.am.BroadcastQueue.performReceiveLocked(BroadcastQueue.java:373)
W/BroadcastQueue(  281): 	at com.android.server.am.BroadcastQueue.deliverToRegisteredReceiverLocked(BroadcastQueue.java:439)
W/BroadcastQueue(  281): 	at com.android.server.am.BroadcastQueue.processNextBroadcast(BroadcastQueue.java:487)
W/BroadcastQueue(  281): 	at com.android.server.am.BroadcastQueue$1.handleMessage(BroadcastQueue.java:140)
W/BroadcastQueue(  281): 	at android.os.Handler.dispatchMessage(Handler.java:99)
W/BroadcastQueue(  281): 	at android.os.Looper.loop(Looper.java:137)
W/BroadcastQueue(  281): 	at com.android.server.am.ActivityManagerService$AThread.run(ActivityManagerService.java:1480)
W/Settings(  424): Setting auto_time_zone has moved from android.provider.Settings.System to android.provider.Settings.Global, returning read-only value.
E/JavaBinder(  281): !!! FAILED BINDER TRANSACTION !!!
D/dalvikvm(  281): GC_CONCURRENT freed 587K, 13% free 6453K/7380K, paused 29ms+12ms, total 275ms
D/dalvikvm(  281): WAIT_FOR_CONCURRENT_GC blocked 131ms
D/dalvikvm(  281): WAIT_FOR_CONCURRENT_GC blocked 141ms
D/MccTable(  424): updateMccMncConfiguration: mcc=310, mnc=260
D/TelephonyManager(  424): getLteOnCdmaMode=0 curVal=-1 product_type='' lteOnCdmaProductType=''
D/MccTable(  424): locale set to en_us
D/MccTable(  424): WIFI_COUNTRY_CODE set to us
I/WifiService(  281): WifiService trying to set country code to us with persist set to true
I/ActivityManager(  281): Config changes=1400 {1.0 310mcc260mnc en_US ldltr sw320dp w320dp h508dp 240dpi nrml long port finger -keyb/v/h tball/v s.5}
D/dalvikvm(  281): WAIT_FOR_CONCURRENT_GC blocked 204ms
E/JavaBinder(  281): !!! FAILED BINDER TRANSACTION !!!
E/JavaBinder(  281): !!! FAILED BINDER TRANSACTION !!!
W/BroadcastQueue(  281): Failure sending broadcast Intent { act=android.intent.action.CONFIGURATION_CHANGED flg=0x70000010 }
W/BroadcastQueue(  281): android.os.TransactionTooLargeException
W/BroadcastQueue(  281): 	at android.os.BinderProxy.transact(Native Method)
W/BroadcastQueue(  281): 	at android.app.ApplicationThreadProxy.scheduleRegisteredReceiver(ApplicationThreadNative.java:1009)
W/BroadcastQueue(  281): 	at com.android.server.am.BroadcastQueue.performReceiveLocked(BroadcastQueue.java:373)
W/BroadcastQueue(  281): 	at com.android.server.am.BroadcastQueue.deliverToRegisteredReceiverLocked(BroadcastQueue.java:439)
W/BroadcastQueue(  281): 	at com.android.server.am.BroadcastQueue.processNextBroadcast(BroadcastQueue.java:487)
W/BroadcastQueue(  281): 	at com.android.server.am.BroadcastQueue$1.handleMessage(BroadcastQueue.java:140)
W/BroadcastQueue(  281): 	at android.os.Handler.dispatchMessage(Handler.java:99)
W/BroadcastQueue(  281): 	at android.os.Looper.loop(Looper.java:137)
W/BroadcastQueue(  281): 	at com.android.server.am.ActivityManagerService$AThread.run(ActivityManagerService.java:1480)
E/JavaBinder(  281): !!! FAILED BINDER TRANSACTION !!!
W/BroadcastQueue(  281): Failure sending broadcast Intent { act=android.intent.action.CONFIGURATION_CHANGED flg=0x70000010 }
W/BroadcastQueue(  281): android.os.TransactionTooLargeException
W/BroadcastQueue(  281): 	at android.os.BinderProxy.transact(Native Method)
W/BroadcastQueue(  281): 	at android.app.ApplicationThreadProxy.scheduleRegisteredReceiver(ApplicationThreadNative.java:1009)
W/BroadcastQueue(  281): 	at com.android.server.am.BroadcastQueue.performReceiveLocked(BroadcastQueue.java:373)
W/BroadcastQueue(  281): 	at com.android.server.am.BroadcastQueue.deliverToRegisteredReceiverLocked(BroadcastQueue.java:439)
W/BroadcastQueue(  281): 	at com.android.server.am.BroadcastQueue.processNextBroadcast(BroadcastQueue.java:487)
W/BroadcastQueue(  281): 	at com.android.server.am.BroadcastQueue$1.handleMessage(BroadcastQueue.java:140)
W/BroadcastQueue(  281): 	at android.os.Handler.dispatchMessage(Handler.java:99)
W/BroadcastQueue(  281): 	at android.os.Looper.loop(Looper.java:137)
W/BroadcastQueue(  281): 	at com.android.server.am.ActivityManagerService$AThread.run(ActivityManagerService.java:1480)
E/JavaBinder(  281): !!! FAILED BINDER TRANSACTION !!!
W/BroadcastQueue(  281): Failure sending broadcast Intent { act=android.intent.action.CONFIGURATION_CHANGED flg=0x70000010 }
W/BroadcastQueue(  281): android.os.TransactionTooLargeException
W/BroadcastQueue(  281): 	at android.os.BinderProxy.transact(Native Method)
W/BroadcastQueue(  281): 	at android.app.ApplicationThreadProxy.scheduleRegisteredReceiver(ApplicationThreadNative.java:1009)
W/BroadcastQueue(  281): 	at com.android.server.am.BroadcastQueue.performReceiveLocked(BroadcastQueue.java:373)
W/BroadcastQueue(  281): 	at com.android.server.am.BroadcastQueue.deliverToRegisteredReceiverLocked(BroadcastQueue.java:439)
W/BroadcastQueue(  281): 	at com.android.server.am.BroadcastQueue.processNextBroadcast(BroadcastQueue.java:487)
W/BroadcastQueue(  281): 	at com.android.server.am.BroadcastQueue$1.handleMessage(BroadcastQueue.java:140)
W/BroadcastQueue(  281): 	at android.os.Handler.dispatchMessage(Handler.java:99)
W/BroadcastQueue(  281): 	at android.os.Looper.loop(Looper.java:137)
W/BroadcastQueue(  281): 	at com.android.server.am.ActivityManagerService$AThread.run(ActivityManagerService.java:1480)
E/JavaBinder(  281): !!! FAILED BINDER TRANSACTION !!!
W/BroadcastQueue(  281): Failure sending broadcast Intent { act=android.intent.action.CONFIGURATION_CHANGED flg=0x70000010 }
W/BroadcastQueue(  281): android.os.TransactionTooLargeException
W/BroadcastQueue(  281): 	at android.os.BinderProxy.transact(Native Method)
W/BroadcastQueue(  281): 	at android.app.ApplicationThreadProxy.scheduleRegisteredReceiver(ApplicationThreadNative.java:1009)
W/BroadcastQueue(  281): 	at com.android.server.am.BroadcastQueue.performReceiveLocked(BroadcastQueue.java:373)
W/BroadcastQueue(  281): 	at com.android.server.am.BroadcastQueue.deliverToRegisteredReceiverLocked(BroadcastQueue.java:439)
W/BroadcastQueue(  281): 	at com.android.server.am.BroadcastQueue.processNextBroadcast(BroadcastQueue.java:487)
W/BroadcastQueue(  281): 	at com.android.server.am.BroadcastQueue$1.handleMessage(BroadcastQueue.java:140)
W/BroadcastQueue(  281): 	at android.os.Handler.dispatchMessage(Handler.java:99)
W/BroadcastQueue(  281): 	at android.os.Looper.loop(Looper.java:137)
W/BroadcastQueue(  281): 	at com.android.server.am.ActivityManagerService$AThread.run(ActivityManagerService.java:1480)
W/WindowManager(  281): Window freeze timeout expired.
W/WindowManager(  281): Force clearing orientation change: Window{40ff8e78 u0 StatusBar}
D/dalvikvm(  424): GC_CONCURRENT freed 291K, 11% free 2957K/3304K, paused 3ms+17ms, total 116ms
D/dalvikvm(  281): GC_CONCURRENT freed 498K, 8% free 6972K/7536K, paused 6ms+20ms, total 299ms
D/dalvikvm(  281): WAIT_FOR_CONCURRENT_GC blocked 124ms
D/dalvikvm(  281): WAIT_FOR_CONCURRENT_GC blocked 244ms
E/JavaBinder(  281): !!! FAILED BINDER TRANSACTION !!!
W/BroadcastQueue(  281): Failure sending broadcast Intent { act=android.provider.Telephony.SPN_STRINGS_UPDATED flg=0x20000010 (has extras) }
W/BroadcastQueue(  281): android.os.TransactionTooLargeException
W/BroadcastQueue(  281): 	at android.os.BinderProxy.transact(Native Method)
W/BroadcastQueue(  281): 	at android.app.ApplicationThreadProxy.scheduleRegisteredReceiver(ApplicationThreadNative.java:1009)
W/BroadcastQueue(  281): 	at com.android.server.am.BroadcastQueue.performReceiveLocked(BroadcastQueue.java:373)
W/BroadcastQueue(  281): 	at com.android.server.am.BroadcastQueue.deliverToRegisteredReceiverLocked(BroadcastQueue.java:439)
W/BroadcastQueue(  281): 	at com.android.server.am.BroadcastQueue.processNextBroadcast(BroadcastQueue.java:487)
W/BroadcastQueue(  281): 	at com.android.server.am.BroadcastQueue$1.handleMessage(BroadcastQueue.java:140)
W/BroadcastQueue(  281): 	at android.os.Handler.dispatchMessage(Handler.java:99)
W/BroadcastQueue(  281): 	at android.os.Looper.loop(Looper.java:137)
W/BroadcastQueue(  281): 	at com.android.server.am.ActivityManagerService$AThread.run(ActivityManagerService.java:1480)
I/Choreographer(  281): Skipped 841 frames!  The application may be doing too much work on its main thread.
D/dalvikvm(  424): GC_CONCURRENT freed 491K, 16% free 2873K/3420K, paused 5ms+3ms, total 159ms
D/dalvikvm(  281): GC_FOR_ALLOC freed 783K, 12% free 6691K/7596K, paused 164ms, total 177ms
I/dalvikvm-heap(  281): Grow heap (frag case) to 7.670MB for 1128976-byte allocation
D/dalvikvm(  281): GC_FOR_ALLOC freed 886K, 21% free 6907K/8700K, paused 195ms, total 196ms
W/WindowManager(  281): App freeze timeout expired.
W/WindowManager(  281): Force clearing freeze: AppWindowToken{40f65040 token=Token{40f881f8 ActivityRecord{40f87dc0 u0 com.android.launcher/com.android.launcher2.Launcher}}}
I/Choreographer(  281): Skipped 255 frames!  The application may be doing too much work on its main thread.
E/JavaBinder(  281): !!! FAILED BINDER TRANSACTION !!!
W/BroadcastQueue(  281): Failure sending broadcast Intent { act=android.intent.action.SIM_STATE_CHANGED flg=0x20000010 (has extras) }
W/BroadcastQueue(  281): android.os.TransactionTooLargeException
W/BroadcastQueue(  281): 	at android.os.BinderProxy.transact(Native Method)
W/BroadcastQueue(  281): 	at android.app.ApplicationThreadProxy.scheduleRegisteredReceiver(ApplicationThreadNative.java:1009)
W/BroadcastQueue(  281): 	at com.android.server.am.BroadcastQueue.performReceiveLocked(BroadcastQueue.java:373)
W/BroadcastQueue(  281): 	at com.android.server.am.BroadcastQueue.deliverToRegisteredReceiverLocked(BroadcastQueue.java:439)
W/BroadcastQueue(  281): 	at com.android.server.am.BroadcastQueue.processNextBroadcast(BroadcastQueue.java:487)
W/BroadcastQueue(  281): 	at com.android.server.am.BroadcastQueue$1.handleMessage(BroadcastQueue.java:140)
W/BroadcastQueue(  281): 	at android.os.Handler.dispatchMessage(Handler.java:99)
W/BroadcastQueue(  281): 	at android.os.Looper.loop(Looper.java:137)
W/BroadcastQueue(  281): 	at com.android.server.am.ActivityManagerService$AThread.run(ActivityManagerService.java:1480)
E/JavaBinder(  281): !!! FAILED BINDER TRANSACTION !!!
W/BroadcastQueue(  281): Failure sending broadcast Intent { act=android.intent.action.SIM_STATE_CHANGED flg=0x20000010 (has extras) }
W/BroadcastQueue(  281): android.os.TransactionTooLargeException
W/BroadcastQueue(  281): 	at android.os.BinderProxy.transact(Native Method)
W/BroadcastQueue(  281): 	at android.app.ApplicationThreadProxy.scheduleRegisteredReceiver(ApplicationThreadNative.java:1009)
W/BroadcastQueue(  281): 	at com.android.server.am.BroadcastQueue.performReceiveLocked(BroadcastQueue.java:373)
W/BroadcastQueue(  281): 	at com.android.server.am.BroadcastQueue.deliverToRegisteredReceiverLocked(BroadcastQueue.java:439)
W/BroadcastQueue(  281): 	at com.android.server.am.BroadcastQueue.processNextBroadcast(BroadcastQueue.java:487)
W/BroadcastQueue(  281): 	at com.android.server.am.BroadcastQueue$1.handleMessage(BroadcastQueue.java:140)
W/BroadcastQueue(  281): 	at android.os.Handler.dispatchMessage(Handler.java:99)
W/BroadcastQueue(  281): 	at android.os.Looper.loop(Looper.java:137)
W/BroadcastQueue(  281): 	at com.android.server.am.ActivityManagerService$AThread.run(ActivityManagerService.java:1480)
I/Choreographer(  281): Skipped 181 frames!  The application may be doing too much work on its main thread.
D/dalvikvm(  281): GC_CONCURRENT freed 134K, 21% free 6939K/8700K, paused 17ms+33ms, total 1319ms
W/GpsLocationProvider(  281): Could not open GPS configuration file /etc/gps.conf
D/dalvikvm(  442): GC_FOR_ALLOC freed 337K, 8% free 4841K/5236K, paused 36ms, total 84ms
I/dalvikvm-heap(  442): Grow heap (frag case) to 6.152MB for 1440016-byte allocation
D/dalvikvm(  442): GC_CONCURRENT freed 29K, 7% free 6218K/6644K, paused 19ms+4ms, total 171ms
I//system/bin/fsck_msdos(   32): Attempting to allocate 2044 KB for FAT
W/ServiceWatcher(  281): com.google.android.location not found
D/dalvikvm(  281): GC_EXPLICIT freed 1127K, 33% free 5840K/8700K, paused 125ms+49ms, total 407ms
D/Launcher.Model(  442): Reload apps on config change. curr_mcc:310 prevmcc:0
I/Choreographer(  442): Skipped 1632 frames!  The application may be doing too much work on its main thread.
I/ActivityManager(  281): Process com.android.systemui (pid 366) has died.
W/ActivityManager(  281): Scheduling restart of crashed service com.android.systemui/.SystemUIService in 0ms
W/ActivityManager(  281): Scheduling restart of crashed service com.android.systemui/.ImageWallpaper in 0ms
W/InputDispatcher(  281): channel '40ff8e78 StatusBar (server)' ~ Consumer closed input channel or an error occurred.  events=0x9
E/InputDispatcher(  281): channel '40ff8e78 StatusBar (server)' ~ Channel is unrecoverably broken and will be disposed!
I/ActivityManager(  281): Start proc com.android.systemui for restart com.android.systemui: pid=643 uid=10034 gids={50034, 1028, 1015, 3002, 3001}
I/WindowState(  281): WIN DEATH: Window{40ff8e78 u0 StatusBar}
W/InputDispatcher(  281): Attempted to unregister already unregistered input channel '40ff8e78 StatusBar (server)'
E/SurfaceFlinger(   37): ro.sf.lcd_density must be defined as a build property
D/gralloc_goldfish(  442): Emulator without GPU emulation detected.
V/TAG     (  281): bug 7643792: fitSystemWindows([0,0][0,0])
I/Choreographer(  281): Skipped 76 frames!  The application may be doing too much work on its main thread.
D/dalvikvm(  442): GC_FOR_ALLOC freed 1488K, 27% free 5038K/6812K, paused 236ms, total 252ms
I/dalvikvm-heap(  442): Grow heap (frag case) to 6.367MB for 1463056-byte allocation
D/dalvikvm(  442): GC_CONCURRENT freed 6K, 22% free 6460K/8244K, paused 5ms+4ms, total 46ms
D/dalvikvm(  442): WAIT_FOR_CONCURRENT_GC blocked 37ms
E/Trace   (  643): error opening trace file: No such file or directory (2)
D/dalvikvm(  442): GC_FOR_ALLOC freed <1K, 22% free 6460K/8244K, paused 178ms, total 178ms
I/dalvikvm-heap(  442): Grow heap (frag case) to 7.755MB for 1463056-byte allocation
D/dalvikvm(  442): GC_FOR_ALLOC freed <1K, 19% free 7889K/9676K, paused 61ms, total 61ms
D/SystemUIService(  643): loading: class com.android.systemui.statusbar.phone.PhoneStatusBar
D/SystemUIService(  643): running: com.android.systemui.statusbar.phone.PhoneStatusBar@40cd94d0
D/dalvikvm(  442): GC_CONCURRENT freed 0K, 18% free 7984K/9676K, paused 45ms+89ms, total 181ms
I/StatusBarManagerService(  281): registerStatusBar bar=com.android.internal.statusbar.IStatusBar$Stub$Proxy@40f7ce68
I/ActivityManager(  281): Displayed com.android.launcher/com.android.launcher2.Launcher: +35s741ms
I/Choreographer(  442): Skipped 314 frames!  The application may be doing too much work on its main thread.
D/dalvikvm(  442): GC_FOR_ALLOC freed 2861K, 25% free 5128K/6804K, paused 152ms, total 162ms
I/dalvikvm-heap(  442): Grow heap (frag case) to 6.524MB for 1536016-byte allocation
D/dalvikvm(  442): GC_FOR_ALLOC freed <1K, 21% free 6628K/8308K, paused 114ms, total 114ms
