W/PackageManager(  324): Unknown permission com.google.android.googleapps.permission.GOOGLE_AUTH in package com.android.settings
W/PackageManager(  324): Unknown permission com.google.android.gallery3d.permission.GALLERY_PROVIDER in package com.android.exchange
W/PackageManager(  324): Unknown permission com.google.android.googleapps.permission.ACCESS_GOOGLE_PASSWORD in package com.android.development
D/ConnectivityService(  324): ConnectivityService starting up
E/MobileDataStateTracker(  324): default: Ignoring feature request because could not acquire PhoneService
E/MobileDataStateTracker(  324): default: Could not enable APN type "default"
W/PackageManager(  324): Unknown permission com.google.android.googleapps.permission.GOOGLE_AUTH in package com.android.development
W/PackageManager(  324): Unknown permission com.google.android.googleapps.permission.GOOGLE_AUTH.ALL_SERVICES in package com.android.development
W/PackageManager(  324): Unknown permission com.google.android.googleapps.permission.GOOGLE_AUTH.YouTubeUser in package com.android.development
W/PackageManager(  324): Unknown permission com.google.android.gallery3d.permission.GALLERY_PROVIDER in package com.android.email
W/PackageManager(  324): Not granting permission android.permission.DEVICE_POWER to package com.android.deskclock (protectionLevel=2 flags=0x88be45)
I/WifiService(  324): WifiService starting up with Wi-Fi disabled
D/dalvikvm(  324): GC_CONCURRENT freed 270K, 8% free 4063K/4396K, paused 48ms+5ms, total 361ms
D/dalvikvm(  324): WAIT_FOR_CONCURRENT_GC blocked 27ms
D/dalvikvm(  324): WAIT_FOR_CONCURRENT_GC blocked 43ms
I/SystemServer(  324): Network Service Discovery Service
D/NsdService(  324): Network service discovery enabled true
I/SystemServer(  324): Throttle Service
I/SystemServer(  324): UpdateLock Service
I/SystemServer(  324): Notification Manager
I/SystemServer(  324): Device Storage Monitor
I/SystemServer(  324): Location Manager
I/SystemServer(  324): Country Detector
I/SystemServer(  324): Search Service
I/SystemServer(  324): DropBox Service
I/SystemServer(  324): Wallpaper Service
I/SystemServer(  324): Audio Service
D/dalvikvm(  324): GC_CONCURRENT freed 327K, 9% free 4192K/4584K, paused 5ms+18ms, total 162ms
I/SystemServer(  324): Dock Observer
W/DockObserver(  324): This kernel does not have dock station support
I/SystemServer(  324): Wired Accessory Manager
W/WiredAccessoryManager(  324): This kernel does not have wired headset support
W/WiredAccessoryManager(  324): This kernel does not have usb audio support
W/WiredAccessoryManager(  324): This kernel does not have HDMI audio support
I/SystemServer(  324): USB Service
I/SystemServer(  324): Serial Service
I/SystemServer(  324): Twilight Service
I/SystemServer(  324): UI Mode Manager Service
I/SystemServer(  324): Backup Service
V/BackupManagerService(  324): No ancestral data
I/BackupManagerService(  324): Found stale backup journal, scheduling
I/BackupManagerService(  324):   android
I/BackupManagerService(  324):   com.android.browser
I/BackupManagerService(  324):   com.android.calendar
I/BackupManagerService(  324):   com.android.inputmethod.latin
I/BackupManagerService(  324):   com.android.providers.settings
I/BackupManagerService(  324):   com.android.providers.userdictionary
I/BackupManagerService(  324):   com.android.sharedstoragebackup
I/BackupManagerService(  324): Backup enabled => true
I/SystemServer(  324): AppWidget Service
I/SystemServer(  324): Recognition Service
I/SystemServer(  324): DiskStats Service
I/SystemServer(  324): SamplingProfiler Service
I/SystemServer(  324): NetworkTimeUpdateService
I/SystemServer(  324): CommonTimeManagementService
I/SystemServer(  324): CertBlacklister
I/SystemServer(  324): Dreams Service
I/WindowManager(  324): SAFE MODE not enabled
D/dalvikvm(  324): JIT started for system_server
I/ActivityManager(  324): System now ready
I/SystemServer(  324): Making services ready
I/Zygote  (  324): Process: zygote socket opened
I/ActivityManager(  324): Start proc com.android.systemui for service com.android.systemui/.SystemUIService: pid=417 uid=10034 gids={50034, 1028, 1015, 3002, 3001}
I/Vold    (   32): /dev/block/vold/179:0 being considered for volume sdcard
D/Vold    (   32): Volume sdcard state changing 1 (Idle-Unmounted) -> 3 (Checking)
D/MountService(  324): volume state changed for /mnt/sdcard (unmounted -> checking)
D/MountService(  324): sendStorageIntent Intent { act=android.intent.action.MEDIA_CHECKING dat=file:///mnt/sdcard (has extras) } to UserHandle{-1}
D/NetworkManagementService(  324): not enabling bandwidth control
I/keystore(   42): uid: 1000 action: e -> 7 state: 3 -> 3 retry: 4
D/dalvikvm(  324): GC_CONCURRENT freed 330K, 9% free 4345K/4740K, paused 75ms+306ms, total 912ms
W/NetworkStats(  324): bandwidth controls disabled, unable to track stats
W/NetworkPolicy(  324): bandwidth controls disabled, unable to enforce policy
I/keystore(   42): uid: 1000 action: e -> 7 state: 3 -> 3 retry: 4
I/ActivityManager(  324): Config changes=200 {1.0 ?mcc?mnc en_US ldltr sw320dp w320dp h508dp 240dpi nrml long port finger -keyb/v/h tball/v s.3}
W/RecognitionManagerService(  324): no available voice recognition services found for user 0
I//system/bin/fsck_msdos(   32): ** /dev/block/vold/179:0
E/Trace   (  417): error opening trace file: No such file or directory (2)
I//system/bin/fsck_msdos(   32): ** Phase 1 - Read and Compare FATs
I//system/bin/fsck_msdos(   32): Attempting to allocate 2044 KB for FAT
D/SystemUIService(  417): loading: class com.android.systemui.statusbar.phone.PhoneStatusBar
D/SystemUIService(  417): running: com.android.systemui.statusbar.phone.PhoneStatusBar@40cd23a0
D/dalvikvm(  324): GC_FOR_ALLOC freed 67K, 6% free 4633K/4896K, paused 399ms, total 411ms
I/StatusBarManagerService(  324): registerStatusBar bar=com.android.internal.statusbar.IStatusBar$Stub$Proxy@40eb8360
W/InputMethodManagerService(  324): Ignoring setImeWindowStatus of uid 1000 token: null
W/InputMethodManagerService(  324): Found no subtypes in a system IME: com.android.inputmethod.pinyin
I/ActivityManager(  324): Start proc com.android.inputmethod.latin for service com.android.inputmethod.latin/.LatinIME: pid=455 uid=10010 gids={50010, 1028}
I/CommonTimeManagementService(  324): No common time service detected on this platform.  Common time services will be unavailable.
I/ActivityManager(  324): Start proc com.android.phone for added application com.android.phone: pid=471 uid=1001 gids={41001, 3002, 3001, 3003, 1015, 1028}
I/InputReader(  324): Reconfiguring input devices.  changes=0x00000020
E/ThrottleService(  324): problem during onPollAlarm: java.lang.IllegalStateException: problem parsing stats: java.io.FileNotFoundException: /proc/net/xt_qtaguid/iface_stat_all: open failed: ENOENT (No such file or directory)
I/InputReader(  324): Reconfiguring input devices.  changes=0x00000010
D/dalvikvm(  417): GC_FOR_ALLOC freed 88K, 6% free 2663K/2808K, paused 28ms, total 35ms
I/dalvikvm-heap(  417): Grow heap (frag case) to 3.259MB for 635812-byte allocation
D/dalvikvm(  417): GC_CONCURRENT freed 5K, 5% free 3279K/3432K, paused 32ms+3ms, total 60ms
D/dalvikvm(  417): WAIT_FOR_CONCURRENT_GC blocked 29ms
D/dalvikvm(  324): GC_CONCURRENT freed 355K, 8% free 4840K/5260K, paused 231ms+269ms, total 1466ms
D/dalvikvm(  324): WAIT_FOR_CONCURRENT_GC blocked 519ms
D/dalvikvm(  324): WAIT_FOR_CONCURRENT_GC blocked 87ms
I/ActivityManager(  324): START u0 {act=android.intent.action.MAIN cat=[android.intent.category.HOME] flg=0x10000000 cmp=com.android.launcher/com.android.launcher2.Launcher} from pid 0
I/ActivityManager(  324): Start proc com.android.launcher for activity com.android.launcher/com.android.launcher2.Launcher: pid=494 uid=10020 gids={50020, 1028}
I/SystemServer(  324): Enabled StrictMode for system server main thread.
E/Trace   (  471): error opening trace file: No such file or directory (2)
E/Trace   (  455): error opening trace file: No such file or directory (2)
D/dalvikvm(  324): GC_FOR_ALLOC freed 80K, 8% free 5040K/5468K, paused 275ms, total 278ms
E/BluetoothAdapter(  417): Bluetooth binder is null
E/BluetoothAdapter(  417): Bluetooth binder is null
E/Trace   (  494): error opening trace file: No such file or directory (2)
W/TelephonyProvider(  471): onCreate: confFile=/system/etc/apns-conf.xml oldCheckSum=-1
D/TelephonyManager(  471): getLteOnCdmaMode=0 curVal=-1 product_type='' lteOnCdmaProductType=''
I/LatinIME(  455): Hardware accelerated drawing: false
D/dalvikvm(  324): GC_CONCURRENT freed 310K, 7% free 5396K/5772K, paused 21ms+48ms, total 968ms
D/dalvikvm(  324): WAIT_FOR_CONCURRENT_GC blocked 153ms
D/dalvikvm(  324): WAIT_FOR_CONCURRENT_GC blocked 411ms
D/dalvikvm(  324): WAIT_FOR_CONCURRENT_GC blocked 213ms
D/dalvikvm(  324): WAIT_FOR_CONCURRENT_GC blocked 493ms
D/dalvikvm(  324): WAIT_FOR_CONCURRENT_GC blocked 430ms
D/TelephonyManager(  471): getLteOnCdmaMode=0 curVal=-1 product_type='' lteOnCdmaProductType=''
D/TelephonyManager(  471): getLteOnCdmaMode=0 curVal=-1 product_type='' lteOnCdmaProductType=''
D/dalvikvm(  324): WAIT_FOR_CONCURRENT_GC blocked 760ms
D/dalvikvm(  324): WAIT_FOR_CONCURRENT_GC blocked 985ms
I/LocationBlacklist(  324): whitelist: []
I/LocationBlacklist(  324): blacklist: []
D/dalvikvm(  324): GREF has increased to 301
E/BluetoothAdapter(  417): Bluetooth binder is null
E/SurfaceFlinger(   37): ro.sf.lcd_density must be defined as a build property
D/gralloc_goldfish(  324): Emulator without GPU emulation detected.
W/InputAttributes(  455): No editor info for this field. Bug?
W/Settings(  471): Setting airplane_mode_on has moved from android.provider.Settings.System to android.provider.Settings.Global, returning read-only value.
I/Choreographer(  324): Skipped 2676 frames!  The application may be doing too much work on its main thread.
W/Settings(  471): Setting auto_time has moved from android.provider.Settings.System to android.provider.Settings.Global, returning read-only global URI.
W/Settings(  471): Setting auto_time_zone has moved from android.provider.Settings.System to android.provider.Settings.Global, returning read-only global URI.
W/ActivityManager(  324): Unable to start service Intent { act=com.android.internal.telephony.IWapPushManager } U=0: not found
D/dalvikvm(  417): GC_CONCURRENT freed 72K, 4% free 3670K/3800K, paused 4ms+37ms, total 686ms
D/dalvikvm(  324): GC_CONCURRENT freed 714K, 13% free 5442K/6220K, paused 56ms+52ms, total 536ms
D/dalvikvm(  324): WAIT_FOR_CONCURRENT_GC blocked 193ms
D/dalvikvm(  324): WAIT_FOR_CONCURRENT_GC blocked 182ms
D/dalvikvm(  324): WAIT_FOR_CONCURRENT_GC blocked 183ms
D/dalvikvm(  324): WAIT_FOR_CONCURRENT_GC blocked 253ms
D/dalvikvm(  324): WAIT_FOR_CONCURRENT_GC blocked 38ms
D/        (  471): [ApnContext:default] set reason as dataEnabled,current state IDLE
D/        (  471): [ApnContext:default] setRetryCount: 0
E/BluetoothAdapter(  417): Bluetooth binder is null
E/ActivityThread(  455): Failed to find provider info for com.android.inputmethod.latin.dictionarypack
E/BinaryDictionaryGetter(  455): Could not find a dictionary pack
D/        (  471): [ApnContext:mms] set reason as dataEnabled,current state IDLE
D/        (  471): [ApnContext:mms] setRetryCount: 0
I/ActivityManager(  324): Start proc android.process.acore for content provider com.android.providers.userdictionary/.UserDictionaryProvider: pid=538 uid=10001 gids={50001, 3003, 1015, 1028}
W/InputMethodManagerService(  324): Found no subtypes in a system IME: com.android.inputmethod.pinyin
D/dalvikvm(  455): GC_CONCURRENT freed 272K, 12% free 2511K/2840K, paused 5ms+19ms, total 986ms
D/        (  471): [ApnContext:supl] set reason as dataEnabled,current state IDLE
D/        (  471): [ApnContext:supl] setRetryCount: 0
D/        (  471): [ApnContext:hipri] set reason as dataEnabled,current state IDLE
D/        (  471): [ApnContext:hipri] setRetryCount: 0
D/        (  471): [ApnContext:fota] set reason as dataEnabled,current state IDLE
D/        (  471): [ApnContext:fota] setRetryCount: 0
D/        (  471): [ApnContext:ims] set reason as dataEnabled,current state IDLE
D/        (  471): [ApnContext:ims] setRetryCount: 0
D/        (  471): [ApnContext:cbs] set reason as dataEnabled,current state IDLE
D/        (  471): [ApnContext:cbs] setRetryCount: 0
V/TAG     (  324): bug 7643792: fitSystemWindows([0,0][0,0])
I/ActivityManager(  324): Start proc com.android.music for broadcast com.android.music/.MediaButtonIntentReceiver: pid=552 uid=10025 gids={50025, 3003, 1015, 1028}
I/dalvikvm(  552): Turning on JNI app bug workarounds for target SDK version 9...
E/StrictMode(  455): A resource was acquired at attached stack trace but never released. See java.io.Closeable for information on avoiding resource leaks.
E/StrictMode(  455): java.lang.Throwable: Explicit termination method 'close' not called
E/StrictMode(  455): 	at dalvik.system.CloseGuard.open(CloseGuard.java:184)
E/StrictMode(  455): 	at android.os.ParcelFileDescriptor.<init>(ParcelFileDescriptor.java:412)
E/StrictMode(  455): 	at android.content.res.AssetManager.openNonAssetFdNative(Native Method)
E/StrictMode(  455): 	at android.content.res.AssetManager.openNonAssetFd(AssetManager.java:428)
E/StrictMode(  455): 	at android.content.res.Resources.openRawResourceFd(Resources.java:979)
E/StrictMode(  455): 	at com.android.inputmethod.latin.BinaryDictionaryGetter.loadFallbackResource(BinaryDictionaryGetter.java:183)
E/StrictMode(  455): 	at com.android.inputmethod.latin.BinaryDictionaryGetter.getDictionaryFiles(BinaryDictionaryGetter.java:456)
E/StrictMode(  455): 	at com.android.inputmethod.latin.DictionaryFactory.createMainDictionaryFromManager(DictionaryFactory.java:57)
E/StrictMode(  455): 	at com.android.inputmethod.latin.DictionaryFactory.createMainDictionaryFromManager(DictionaryFactory.java:87)
E/StrictMode(  455): 	at com.android.inputmethod.latin.Suggest$1.run(Suggest.java:108)
D/dalvikvm(  471): GC_CONCURRENT freed 198K, 9% free 2574K/2828K, paused 4ms+3ms, total 587ms
D/dalvikvm(  324): GC_CONCURRENT freed 753K, 14% free 5458K/6276K, paused 24ms+44ms, total 794ms
D/dalvikvm(  324): WAIT_FOR_CONCURRENT_GC blocked 8ms
D/dalvikvm(  324): WAIT_FOR_CONCURRENT_GC blocked 328ms
D/dalvikvm(  324): WAIT_FOR_CONCURRENT_GC blocked 201ms
D/dalvikvm(  324): WAIT_FOR_CONCURRENT_GC blocked 22ms
D/dalvikvm(  324): WAIT_FOR_CONCURRENT_GC blocked 31ms
D/dalvikvm(  324): WAIT_FOR_CONCURRENT_GC blocked 361ms
D/dalvikvm(  324): WAIT_FOR_CONCURRENT_GC blocked 164ms
D/TelephonyManager(  471): getLteOnCdmaMode=0 curVal=-1 product_type='' lteOnCdmaProductType=''
D/CallManager(  471): registerPhone(GSM Handler (com.android.internal.telephony.PhoneProxy) {40d04628})
E/Trace   (  552): error opening trace file: No such file or directory (2)
V/TAG     (  324): bug 7643792: fitSystemWindows([0,0][0,0])
E/Trace   (  538): error opening trace file: No such file or directory (2)
E/BluetoothAdapter(  471): Bluetooth binder is null
I/Choreographer(  324): Skipped 252 frames!  The application may be doing too much work on its main thread.
D/PhoneStatusBar(  417): disable: < expand icons alerts ticker system_info back home recent clock search >
I/AudioService(  324):   Remote Control   registerMediaButtonIntent() for PendingIntent{40dfde10: PendingIntentRecord{4101bf70 com.android.music broadcastIntent}}
I/ActivityManager(  324): Start proc android.process.media for content provider com.android.providers.media/.MediaProvider: pid=585 uid=10000 gids={50000, 1015, 1023, 1024, 1028, 1006, 2001, 3003, 3007}
E/SurfaceFlinger(   37): ro.sf.lcd_density must be defined as a build property
W/WindowManager(  324): Window freeze timeout expired.
W/WindowManager(  324): Force clearing orientation change: Window{40efed68 u0 Keyguard}
E/BluetoothAdapter(  471): Bluetooth binder is null
D/dalvikvm(  324): GC_FOR_ALLOC freed 150K, 14% free 5424K/6276K, paused 607ms, total 610ms
I/dalvikvm-heap(  324): Grow heap (frag case) to 6.434MB for 1128976-byte allocation
D/dalvikvm(  324): GC_FOR_ALLOC freed 2K, 12% free 6525K/7380K, paused 204ms, total 204ms
E/BluetoothAdapter(  417): Bluetooth binder is null
D/SystemUIService(  417): loading: class com.android.systemui.power.PowerUI
D/SystemUIService(  417): running: com.android.systemui.power.PowerUI@40e3ed88
E/Trace   (  585): error opening trace file: No such file or directory (2)
D/SystemUIService(  417): loading: class com.android.systemui.media.RingtonePlayer
D/SystemUIService(  417): running: com.android.systemui.media.RingtonePlayer@40e3fc30
I/Choreographer(  324): Skipped 651 frames!  The application may be doing too much work on its main thread.
D/dalvikvm(  324): GC_CONCURRENT freed 27K, 12% free 6546K/7380K, paused 75ms+75ms, total 1218ms
D/dalvikvm(  494): GC_CONCURRENT freed 183K, 9% free 2619K/2860K, paused 268ms+75ms, total 485ms
I/Choreographer(  324): Skipped 275 frames!  The application may be doing too much work on its main thread.
V/TAG     (  324): bug 7643792: fitSystemWindows([0,38][0,0])
W/WindowManager(  324): Window freeze timeout expired.
W/WindowManager(  324): Force clearing orientation change: Window{40efed68 u0 Keyguard}
I/Choreographer(  324): Skipped 237 frames!  The application may be doing too much work on its main thread.
I/DownloadManager(  585): in removeSpuriousFiles
I/Choreographer(  324): Skipped 31 frames!  The application may be doing too much work on its main thread.
W/dalvikvm(  538): threadid=2: spin on suspend #1 threadid=11 (pcf=0)
D/dalvikvm(  538): Temporarily moving tid 609 to fg (was 0)
D/dalvikvm(  538): Temporarily raised priority on tid 609 (10 -> 0)
W/dalvikvm(  538): threadid=2: spin on suspend resolved in 1058 msec
D/dalvikvm(  538): Restored policy of 609 to 0
D/dalvikvm(  538): Restored priority on 609 to 10
D/dalvikvm(  538): GC_CONCURRENT freed 209K, 10% free 2590K/2856K, paused 1123ms+3ms, total 2087ms
D/dalvikvm(  324): GREF has increased to 401
W/dalvikvm(  471): threadid=2: spin on suspend #1 threadid=14 (pcf=0)
D/dalvikvm(  471): Temporarily moving tid 583 to fg (was 0)
D/dalvikvm(  471): Temporarily raised priority on tid 583 (10 -> 0)
W/dalvikvm(  471): threadid=2: spin on suspend resolved in 1012 msec
D/dalvikvm(  471): Restored policy of 583 to 0
D/dalvikvm(  471): Restored priority on 583 to 10
D/DebugService(  471): DebugService DebugService:
D/TelephonyDebugService(  471): TelephonyDebugService()
D/dalvikvm(  471): GC_CONCURRENT freed 339K, 13% free 2663K/3060K, paused 1028ms+27ms, total 1419ms
D/dalvikvm(  494): GC_FOR_ALLOC freed 50K, 4% free 2855K/2964K, paused 94ms, total 110ms
I/dalvikvm-heap(  494): Grow heap (frag case) to 4.213MB for 1440016-byte allocation
W/Settings(  471): Setting auto_time_zone has moved from android.provider.Settings.System to android.provider.Settings.Global, returning read-only value.
D/dalvikvm(  494): GC_FOR_ALLOC freed 11K, 3% free 4249K/4372K, paused 80ms, total 80ms
D/dalvikvm(  494): GC_CONCURRENT freed <1K, 3% free 4249K/4372K, paused 5ms+5ms, total 120ms
I//system/bin/fsck_msdos(   32): Attempting to allocate 2044 KB for FAT
D/CAT     (  471): CatService: Running CAT service. STK app installed:false
D/CAT     (  471): CatService: NEW sInstance
I/Choreographer(  417): Skipped 5523 frames!  The application may be doing too much work on its main thread.
D/CAT     (  471): CatService: SIM ready. Reporting STK service running now...
D/dalvikvm(  417): GC_CONCURRENT freed 235K, 8% free 3833K/4124K, paused 8ms+27ms, total 145ms
D/MccTable(  471): updateMccMncConfiguration: mcc=310, mnc=260
D/TelephonyManager(  471): getLteOnCdmaMode=0 curVal=-1 product_type='' lteOnCdmaProductType=''
D/MccTable(  471): locale set to en_us
D/MccTable(  471): WIFI_COUNTRY_CODE set to us
I/WifiService(  324): WifiService trying to set country code to us with persist set to true
I/ActivityManager(  324): Config changes=1403 {1.0 310mcc260mnc en_US ldltr sw320dp w320dp h508dp 240dpi nrml long port finger -keyb/v/h tball/v s.4}
E/libEGL  (   37): called unimplemented OpenGL ES API
E/libEGL  (   37): called unimplemented OpenGL ES API
E/libEGL  (   37): called unimplemented OpenGL ES API
E/libEGL  (   37): called unimplemented OpenGL ES API
E/libEGL  (   37): called unimplemented OpenGL ES API
W/Settings(  471): Setting auto_time_zone has moved from android.provider.Settings.System to android.provider.Settings.Global, returning read-only value.
E/SurfaceFlinger(   37): ro.sf.lcd_density must be defined as a build property
D/dalvikvm(  471): GC_CONCURRENT freed 340K, 13% free 2785K/3184K, paused 53ms+109ms, total 1492ms
D/PhoneStatusBar(  417): disable: < expand icons alerts ticker system_info BACK* HOME* RECENT* CLOCK* SEARCH* >
I/Choreographer(  417): Skipped 1075 frames!  The application may be doing too much work on its main thread.
W/WindowManager(  324): Window freeze timeout expired.
W/WindowManager(  324): Force clearing orientation change: Window{40f4e488 u0 StatusBar}
D/gralloc_goldfish(  417): Emulator without GPU emulation detected.
D/dalvikvm(  494): GC_CONCURRENT freed 174K, 5% free 4608K/4840K, paused 189ms+618ms, total 997ms
D/MccTable(  471): updateMccMncConfiguration: mcc=310, mnc=260
D/TelephonyManager(  471): getLteOnCdmaMode=0 curVal=-1 product_type='' lteOnCdmaProductType=''
D/MccTable(  471): locale set to en_us
D/MccTable(  471): WIFI_COUNTRY_CODE set to us
D/dalvikvm(  324): GC_CONCURRENT freed 1511K, 21% free 6082K/7656K, paused 7ms+7ms, total 352ms
D/dalvikvm(  324): WAIT_FOR_CONCURRENT_GC blocked 38ms
D/dalvikvm(  324): WAIT_FOR_CONCURRENT_GC blocked 73ms
I/WifiService(  324): WifiService trying to set country code to us with persist set to true
I/ActivityManager(  324): Config changes=1400 {1.0 310mcc260mnc en_US ldltr sw320dp w320dp h508dp 240dpi nrml long port finger -keyb/v/h tball/v s.5}
D/dalvikvm(  324): WAIT_FOR_CONCURRENT_GC blocked 62ms
D/dalvikvm(  324): WAIT_FOR_CONCURRENT_GC blocked 127ms
I/Choreographer(  417): Skipped 63 frames!  The application may be doing too much work on its main thread.
D/dalvikvm(  324): GC_CONCURRENT freed 405K, 14% free 6600K/7656K, paused 18ms+19ms, total 783ms
D/dalvikvm(  324): WAIT_FOR_CONCURRENT_GC blocked 726ms
D/dalvikvm(  471): GC_CONCURRENT freed 304K, 12% free 2907K/3272K, paused 53ms+90ms, total 324ms
I/Choreographer(  417): Skipped 37 frames!  The application may be doing too much work on its main thread.
I/Choreographer(  324): Skipped 1096 frames!  The application may be doing too much work on its main thread.
W/WindowManager(  324): App freeze timeout expired.
W/WindowManager(  324): Force clearing freeze: AppWindowToken{40e30550 token=Token{40ea3018 ActivityRecord{40e70460 u0 com.android.launcher/com.android.launcher2.Launcher}}}
I/Choreographer(  324): Skipped 169 frames!  The application may be doing too much work on its main thread.
D/dalvikvm(  471): GC_CONCURRENT freed 469K, 16% free 2885K/3412K, paused 5ms+3ms, total 557ms
D/dalvikvm(  324): GC_FOR_ALLOC freed 561K, 13% free 6660K/7656K, paused 402ms, total 419ms
I/dalvikvm-heap(  324): Grow heap (frag case) to 7.641MB for 1128976-byte allocation
D/dalvikvm(  324): GC_FOR_ALLOC freed 879K, 22% free 6884K/8760K, paused 79ms, total 79ms
I/Choreographer(  417): Skipped 62 frames!  The application may be doing too much work on its main thread.
I/Choreographer(  324): Skipped 476 frames!  The application may be doing too much work on its main thread.
D/dalvikvm(  324): GC_CONCURRENT freed 57K, 21% free 6980K/8760K, paused 28ms+133ms, total 1181ms
D/dalvikvm(  324): WAIT_FOR_CONCURRENT_GC blocked 473ms
I/Choreographer(  324): Skipped 91 frames!  The application may be doing too much work on its main thread.
D/dalvikvm(  324): GC_EXPLICIT freed 63K, 21% free 6922K/8760K, paused 37ms+7ms, total 812ms
D/dalvikvm(  494): GC_FOR_ALLOC freed 341K, 8% free 4840K/5240K, paused 42ms, total 58ms
I/dalvikvm-heap(  494): Grow heap (frag case) to 6.152MB for 1440016-byte allocation
D/dalvikvm(  494): GC_FOR_ALLOC freed 30K, 7% free 6216K/6648K, paused 97ms, total 97ms
D/dalvikvm(  494): GC_CONCURRENT freed <1K, 7% free 6216K/6648K, paused 4ms+50ms, total 95ms
D/Launcher.Model(  494): Reload apps on config change. curr_mcc:310 prevmcc:0
I/Choreographer(  494): Skipped 2519 frames!  The application may be doing too much work on its main thread.
E/SurfaceFlinger(   37): ro.sf.lcd_density must be defined as a build property
D/gralloc_goldfish(  494): Emulator without GPU emulation detected.
D/dalvikvm(  494): GC_FOR_ALLOC freed 1489K, 26% free 5040K/6764K, paused 81ms, total 107ms
I/dalvikvm-heap(  494): Grow heap (frag case) to 6.370MB for 1463056-byte allocation
D/dalvikvm(  494): GC_CONCURRENT freed 6K, 22% free 6462K/8196K, paused 5ms+6ms, total 90ms
D/dalvikvm(  494): WAIT_FOR_CONCURRENT_GC blocked 85ms
D/dalvikvm(  494): GC_FOR_ALLOC freed <1K, 22% free 6463K/8196K, paused 103ms, total 103ms
I/dalvikvm-heap(  494): Grow heap (frag case) to 7.758MB for 1463056-byte allocation
D/dalvikvm(  494): GC_FOR_ALLOC freed 0K, 19% free 7892K/9628K, paused 92ms, total 92ms
D/dalvikvm(  494): GC_CONCURRENT freed 0K, 18% free 7986K/9628K, paused 57ms+5ms, total 153ms
D/dalvikvm(  494): WAIT_FOR_CONCURRENT_GC blocked 451ms
I/ActivityManager(  324): Displayed com.android.launcher/com.android.launcher2.Launcher: +37s180ms
I/Choreographer(  494): Skipped 295 frames!  The application may be doing too much work on its main thread.
I/ActivityManager(  324): Start proc com.android.contacts for broadcast com.android.contacts/.calllog.CallLogReceiver: pid=712 uid=10001 gids={50001, 3003, 1015, 1028}
E/Trace   (  712): error opening trace file: No such file or directory (2)
I//system/bin/fsck_msdos(   32): ** Phase 2 - Check Cluster Chains
I//system/bin/fsck_msdos(   32): ** Phase 3 - Checking Directories
I//system/bin/fsck_msdos(   32): ** Phase 4 - Checking for Lost Files
I//system/bin/fsck_msdos(   32): 13 files, 1044446 free (522223 clusters)
I/Vold    (   32): Filesystem check completed OK
I/Vold    (   32): Device /dev/block/vold/179:0, target /mnt/sdcard mounted @ /mnt/secure/staging
D/Vold    (   32): Volume sdcard state changing 3 (Checking) -> 4 (Mounted)
D/MountService(  324): volume state changed for /mnt/sdcard (checking -> mounted)
I/PackageManager(  324): Updating external media status from unmounted to mounted
D/MountService(  324): sendStorageIntent Intent { act=android.intent.action.MEDIA_MOUNTED dat=file:///mnt/sdcard (has extras) } to UserHandle{-1}
E/VoldConnector(  324): NDC Command {3 volume mount /mnt/sdcard} took too long (43647ms)
E/VoldConnector(  324): NDC Command {4 asec list} took too long (535ms)
I/PackageManager(  324): No secure containers on sdcard
W/GpsLocationProvider(  324): Could not open GPS configuration file /etc/gps.conf
W/PackageManager(  324): Unknown permission com.google.android.googleapps.permission.GOOGLE_AUTH.mail in package com.android.contacts
W/PackageManager(  324): Unknown permission android.permission.ADD_SYSTEM_SERVICE in package com.android.phone
W/PackageManager(  324): Unknown permission com.android.smspush.WAPPUSH_MANAGER_BIND in package com.android.phone
W/PackageManager(  324): Unknown permission com.google.android.googleapps.permission.GOOGLE_AUTH in package com.android.providers.calendar
W/PackageManager(  324): Unknown permission com.google.android.googleapps.permission.GOOGLE_AUTH.cl in package com.android.providers.calendar
W/PackageManager(  324): Unknown permission com.google.android.googleapps.permission.GOOGLE_AUTH.mail in package com.android.calendar
W/PackageManager(  324): Not granting permission android.permission.SEND_DOWNLOAD_COMPLETED_INTENTS to package com.android.browser (protectionLevel=2 flags=0x89be45)
W/PackageManager(  324): Not granting permission android.permission.BIND_APPWIDGET to package com.android.widgetpreview (protectionLevel=18 flags=0x8be44)
W/PackageManager(  324): Unknown permission com.google.android.googleapps.permission.GOOGLE_AUTH in package com.android.settings
W/PackageManager(  324): Unknown permission com.google.android.gallery3d.permission.GALLERY_PROVIDER in package com.android.exchange
W/PackageManager(  324): Unknown permission com.google.android.googleapps.permission.ACCESS_GOOGLE_PASSWORD in package com.android.development
W/PackageManager(  324): Unknown permission com.google.android.googleapps.permission.GOOGLE_AUTH in package com.android.development
W/PackageManager(  324): Unknown permission com.google.android.googleapps.permission.GOOGLE_AUTH.ALL_SERVICES in package com.android.development
W/PackageManager(  324): Unknown permission com.google.android.googleapps.permission.GOOGLE_AUTH.YouTubeUser in package com.android.development
W/PackageManager(  324): Unknown permission com.google.android.gallery3d.permission.GALLERY_PROVIDER in package com.android.email
W/PackageManager(  324): Not granting permission android.permission.DEVICE_POWER to package com.android.deskclock (protectionLevel=2 flags=0x88be45)
W/ServiceWatcher(  324): com.google.android.location not found
W/ServiceWatcher(  324): com.google.android.location not found
W/LocationManagerService(  324): no network location provider found
W/ServiceWatcher(  324): com.google.android.location not found
D/dalvikvm(   38): GC_EXPLICIT freed 34K, 4% free 2381K/2472K, paused 3ms+4ms, total 159ms
D/dalvikvm(   38): GC_EXPLICIT freed <1K, 4% free 2381K/2472K, paused 3ms+3ms, total 51ms
I/ActivityManager(  324): Start proc com.android.location.fused for service com.android.location.fused/.FusedLocationService: pid=740 uid=10022 gids={50022, 1028}
D/dalvikvm(   38): GC_EXPLICIT freed <1K, 4% free 2381K/2472K, paused 3ms+3ms, total 78ms
I/Choreographer(  494): Skipped 44 frames!  The application may be doing too much work on its main thread.
E/Trace   (  740): error opening trace file: No such file or directory (2)
I/AccountTypeManager(  712): Loaded meta-data for 1 account types, 0 accounts in 538ms(wall) 76ms(cpu)
D/dalvikvm(  494): GC_FOR_ALLOC freed 2123K, 25% free 7289K/9616K, paused 286ms, total 314ms
D/dalvikvm(  494): GREF has increased to 201
I/Choreographer(  494): Skipped 287 frames!  The application may be doing too much work on its main thread.
W/ServiceWatcher(  324): com.google.android.location not found
E/LocationManagerService(  324): no geocoder provider found
I/Choreographer(  494): Skipped 66 frames!  The application may be doing too much work on its main thread.
E/SurfaceFlinger(   37): ro.sf.lcd_density must be defined as a build property
D/dalvikvm(  417): GC_FOR_ALLOC freed 119K, 6% free 3906K/4124K, paused 152ms, total 210ms
I/dalvikvm-heap(  417): Grow heap (frag case) to 9.980MB for 6410576-byte allocation
D/dalvikvm(  417): GC_CONCURRENT freed 4K, 3% free 10162K/10388K, paused 14ms+221ms, total 287ms
I/Choreographer(  494): Skipped 540 frames!  The application may be doing too much work on its main thread.
W/WindowManager(  324): Window freeze timeout expired.
W/WindowManager(  324): Force clearing orientation change: Window{4100ba70 u0 com.android.systemui.ImageWallpaper}
D/dalvikvm(  417): GC_FOR_ALLOC freed <1K, 3% free 10162K/10388K, paused 50ms, total 50ms
I/dalvikvm-heap(  417): Grow heap (frag case) to 12.673MB for 2828816-byte allocation
D/dalvikvm(  417): GC_CONCURRENT freed 0K, 2% free 12925K/13152K, paused 5ms+4ms, total 101ms
D/dalvikvm(  417): WAIT_FOR_CONCURRENT_GC blocked 96ms
I/Choreographer(  324): Skipped 185 frames!  The application may be doing too much work on its main thread.
I/SurfaceFlinger(   37): Boot is finished (92474 ms)
I/ActivityManager(  324): Config changes=1400 {1.0 310mcc260mnc en_US ldltr sw320dp w320dp h508dp 240dpi nrml long port finger -keyb/v/h tball/v s.6}
I/Choreographer(  324): Skipped 48 frames!  The application may be doing too much work on its main thread.
I/PowerManagerService(  324): Boot animation finished.
I/Choreographer(  417): Skipped 39 frames!  The application may be doing too much work on its main thread.
I/Choreographer(  324): Skipped 302 frames!  The application may be doing too much work on its main thread.
I/Choreographer(  324): Skipped 72 frames!  The application may be doing too much work on its main thread.
D/dalvikvm(  324): GC_CONCURRENT freed 2295K, 35% free 5702K/8756K, paused 34ms+46ms, total 379ms
D/ConnectivityService(  324): ConnectivityChange for mobile: CONNECTED/CONNECTED
E/BluetoothAdapter(  324): Bluetooth binder is null
E/BluetoothAdapter(  324): Bluetooth binder is null
V/WiredAccessoryManager(  324): init()
D/AndroidRuntime(  779): 
D/AndroidRuntime(  779): >>>>>> AndroidRuntime START com.android.internal.os.RuntimeInit <<<<<<
D/AndroidRuntime(  779): CheckJNI is ON
E/SoundPool(  324): error loading /system/media/audio/ui/Effect_Tick.ogg
W/AudioService(  324): Soundpool could not load file: /system/media/audio/ui/Effect_Tick.ogg
E/SoundPool(  324): error loading /system/media/audio/ui/Effect_Tick.ogg
W/AudioService(  324): Soundpool could not load file: /system/media/audio/ui/Effect_Tick.ogg
E/SoundPool(  324): error loading /system/media/audio/ui/Effect_Tick.ogg
W/AudioService(  324): Soundpool could not load file: /system/media/audio/ui/Effect_Tick.ogg
E/SoundPool(  324): error loading /system/media/audio/ui/Effect_Tick.ogg
W/AudioService(  324): Soundpool could not load file: /system/media/audio/ui/Effect_Tick.ogg
E/SoundPool(  324): error loading /system/media/audio/ui/Effect_Tick.ogg
W/AudioService(  324): Soundpool could not load file: /system/media/audio/ui/Effect_Tick.ogg
E/SoundPool(  324): error loading /system/media/audio/ui/KeypressStandard.ogg
W/AudioService(  324): Soundpool could not load file: /system/media/audio/ui/KeypressStandard.ogg
E/SoundPool(  324): error loading /system/media/audio/ui/KeypressSpacebar.ogg
W/AudioService(  324): Soundpool could not load file: /system/media/audio/ui/KeypressSpacebar.ogg
E/SoundPool(  324): error loading /system/media/audio/ui/KeypressDelete.ogg
W/AudioService(  324): Soundpool could not load file: /system/media/audio/ui/KeypressDelete.ogg
E/SoundPool(  324): error loading /system/media/audio/ui/KeypressReturn.ogg
W/AudioService(  324): Soundpool could not load file: /system/media/audio/ui/KeypressReturn.ogg
W/AudioService(  324): loadSoundEffects(), Error -1 while loading samples
D/dalvikvm(  779): Trying to load lib libjavacore.so 0x0
D/dalvikvm(  779): Added shared lib libjavacore.so 0x0
D/dalvikvm(  779): Trying to load lib libnativehelper.so 0x0
D/dalvikvm(  779): Added shared lib libnativehelper.so 0x0
I/RecoverySystem(  324): No recovery log file
D/dalvikvm(  494): GC_FOR_ALLOC freed 131K, 13% free 8396K/9616K, paused 346ms, total 352ms
D/dalvikvm(  494): GC_FOR_ALLOC freed 8K, 13% free 8895K/10124K, paused 150ms, total 216ms
D/AndroidRuntime(  779): Calling main entry com.android.commands.am.Am
D/dalvikvm(  779): Note: class Landroid/app/ActivityManagerNative; has 157 unimplemented (abstract) methods
D/dalvikvm(  324): GC_CONCURRENT freed 411K, 31% free 6046K/8756K, paused 5ms+7ms, total 260ms
D/dalvikvm(  324): WAIT_FOR_CONCURRENT_GC blocked 102ms
D/dalvikvm(  324): GC_CONCURRENT freed 370K, 25% free 6597K/8756K, paused 5ms+9ms, total 85ms
D/dalvikvm(  324): WAIT_FOR_CONCURRENT_GC blocked 48ms
D/dalvikvm(  324): WAIT_FOR_CONCURRENT_GC blocked 43ms
D/dalvikvm(  798): Not late-enabling CheckJNI (already on)
I/ActivityManager(  324): Start proc it.unina.android.ripper_service:android_ripper_service_process for service it.unina.android.ripper_service/.AndroidRipperService: pid=798 uid=10049 gids={50049, 3003, 1028}
D/AndroidRuntime(  779): Shutting down VM
D/dalvikvm(  779): GC_CONCURRENT freed 91K, 16% free 490K/584K, paused 1ms+0ms, total 9ms
I/ActivityManager(  324): Start proc com.android.deskclock for broadcast com.android.deskclock/.AlarmInitReceiver: pid=811 uid=10006 gids={50006, 1028}
E/Trace   (  798): error opening trace file: No such file or directory (2)
I/Choreographer(  324): Skipped 815 frames!  The application may be doing too much work on its main thread.
V/AndroidRipperService(  798): onCreate()
V/SERVER  (  798): Starting ServerSocket on PORT 8888
V/SERVER  (  798): Started ServerSocket on PORT 8888
V/SERVER  (  798): Ready to accept connections on port: 8888
D/dalvikvm(  324): GC_FOR_ALLOC freed 207K, 26% free 6527K/8756K, paused 125ms, total 135ms
I/dalvikvm-heap(  324): Grow heap (frag case) to 7.511MB for 1128976-byte allocation
D/dalvikvm(  324): GC_FOR_ALLOC freed 883K, 23% free 6746K/8756K, paused 59ms, total 59ms
E/Trace   (  811): error opening trace file: No such file or directory (2)
I/Choreographer(  324): Skipped 110 frames!  The application may be doing too much work on its main thread.
D/dalvikvm(  324): GC_CONCURRENT freed 12K, 24% free 6739K/8756K, paused 26ms+105ms, total 354ms
I/Choreographer(  324): Skipped 111 frames!  The application may be doing too much work on its main thread.
I/Choreographer(  324): Skipped 61 frames!  The application may be doing too much work on its main thread.
D/AndroidRuntime(  837): 
D/AndroidRuntime(  837): >>>>>> AndroidRuntime START com.android.internal.os.RuntimeInit <<<<<<
D/AndroidRuntime(  837): CheckJNI is ON
I/Choreographer(  324): Skipped 57 frames!  The application may be doing too much work on its main thread.
D/dalvikvm(  837): Trying to load lib libjavacore.so 0x0
D/dalvikvm(  837): Added shared lib libjavacore.so 0x0
D/dalvikvm(  837): Trying to load lib libnativehelper.so 0x0
D/dalvikvm(  837): Added shared lib libnativehelper.so 0x0
V/AlarmClock(  811): No next alarm
V/AlarmClock(  811): AlarmInitReceiver - Reset timers and clear stopwatch data
V/AlarmClock(  811): No next alarm
V/AlarmClock(  811): AlarmInitReceiver finished
I/FusedLocation(  740): engine started (com.android.location.fused)
I/Choreographer(  494): Skipped 1038 frames!  The application may be doing too much work on its main thread.
I/ActivityManager(  324): Start proc com.android.email for broadcast com.android.email/.service.EmailBroadcastReceiver: pid=850 uid=10019 gids={50019, 3003, 1015, 1028}
D/Tethering(  324): MasterInitialState.processMessage what=3
D/AndroidRuntime(  837): Calling main entry com.android.commands.am.Am
D/dalvikvm(  837): Note: class Landroid/app/ActivityManagerNative; has 157 unimplemented (abstract) methods
I/ActivityManager(  324): Force stopping package es.senselesssolutions.gpl.weightchart appid=10048 user=0
D/dalvikvm(  865): Not late-enabling CheckJNI (already on)
E/Trace   (  850): error opening trace file: No such file or directory (2)
I/ActivityManager(  324): Start proc es.senselesssolutions.gpl.weightchart for added application es.senselesssolutions.gpl.weightchart: pid=865 uid=10048 gids={50048, 1015, 1028}
I/dalvikvm(  865): Turning on JNI app bug workarounds for target SDK version 3...
E/Trace   (  865): error opening trace file: No such file or directory (2)
D/PolideaInstrumentationTestRunner(  865): Creating the Test Runner with arguments: [coverage, class]
D/PolideaInstrumentationTestRunner(  865): Test runner is running with the following parameters:
D/PolideaInstrumentationTestRunner(  865): junitOutputDirectory: /data/data/es.senselesssolutions.gpl.weightchart/files
D/PolideaInstrumentationTestRunner(  865): junitOutputFilePostfix: -TEST.xml
D/PolideaInstrumentationTestRunner(  865): junitNoPackagePrefix: NO_PACKAGE
D/PolideaInstrumentationTestRunner(  865): junitSplitLevel: package
D/PolideaInstrumentationTestRunner(  865): junitSingleFileName: ALL-TEST.xml
D/PolideaInstrumentationTestRunner(  865): Creating output directory if it does not exist
D/PolideaInstrumentationTestRunner(  865): Created directory? false
D/PolideaInstrumentationTestRunner(  865): Deleting old files
D/PolideaInstrumentationTestRunner(  865): Deleting: [/data/data/es.senselesssolutions.gpl.weightchart/files/it.unina.android.ripper-TEST.xml]
I/ActivityManager(  324): Start proc com.android.exchange for service com.android.exchange/.ExchangeService: pid=883 uid=10032 gids={50032, 3003, 1015, 1028}
I/ActivityManager(  324): Start proc com.android.providers.calendar for broadcast com.android.providers.calendar/.CalendarReceiver: pid=890 uid=10023 gids={50023, 3003, 1015, 1028}
E/Trace   (  883): error opening trace file: No such file or directory (2)
E/Trace   (  890): error opening trace file: No such file or directory (2)
D/dalvikvm(  865): GC_CONCURRENT freed 298K, 13% free 2561K/2924K, paused 4ms+14ms, total 189ms
I/System.out(  865): EMMA: collecting runtime coverage data ...
V/        (  798): ready
D/PolideaInstrumentationTestRunner(  865): Getting android test runner
D/PolideaInstrumentationTestRunner(  865): JUnit test output enabled
V/RipperService(  798): PING
W/dalvikvm(  865): method Landroid/test/InstrumentationTestRunner$StringResultPrinter;.print incorrectly overrides package-private method with same name in Ljunit/textui/ResultPrinter;
D/PolideaInstrumentationTestRunner(  865): Starting test: testApplication(it.unina.android.ripper.RipperTestCase)
I/TestRunner(  865): started: testApplication(it.unina.android.ripper.RipperTestCase)
V/AndroidRipperService(  798): onBind()
V/AndroidRipperService(  798): mHandler.handleMessage() RECIVED
V/AndroidRipperService(  798): broadcast()
V/AndroidRipperService(  798): broadcast() done
V/        (  798): ready
D/dalvikvm(  324): GREF has increased to 501
I/ActivityManager(  324): START u0 {act=android.intent.action.MAIN flg=0x10000000 cmp=es.senselesssolutions.gpl.weightchart/.ChartActivity} from pid 865
D/PermissionCache(   37): checking android.permission.READ_FRAME_BUFFER for uid=1000 => granted (8708 us)
E/libEGL  (   37): called unimplemented OpenGL ES API
E/libEGL  (   37): called unimplemented OpenGL ES API
E/libEGL  (   37): called unimplemented OpenGL ES API
E/libEGL  (   37): called unimplemented OpenGL ES API
E/libEGL  (   37): called unimplemented OpenGL ES API
E/libEGL  (   37): called unimplemented OpenGL ES API
E/libEGL  (   37): called unimplemented OpenGL ES API
E/libEGL  (   37): called unimplemented OpenGL ES API
E/libEGL  (   37): called unimplemented OpenGL ES API
E/libEGL  (   37): called unimplemented OpenGL ES API
W/WindowManager(  324): Failure taking screenshot for (246x410) to layer 21000
V/AndroidRipperService(  798): onBind()
V/AndroidRipperService(  798): register()
E/SurfaceFlinger(   37): ro.sf.lcd_density must be defined as a build property
I/ActivityManager(  324): Start proc com.android.mms for broadcast com.android.mms/.transaction.MmsSystemEventReceiver: pid=916 uid=10029 gids={50029, 3003, 1015, 1028}
E/Trace   (  916): error opening trace file: No such file or directory (2)
D/dalvikvm(  865): GC_FOR_ALLOC freed 112K, 12% free 2608K/2952K, paused 90ms, total 119ms
I/dalvikvm-heap(  865): Grow heap (frag case) to 2.872MB for 281896-byte allocation
D/dalvikvm(  865): GC_FOR_ALLOC freed <1K, 11% free 2883K/3228K, paused 97ms, total 97ms
V/RipperService(  798): PING
V/AndroidRipperService(  798): mHandler.handleMessage() RECIVED
V/AndroidRipperService(  798): broadcast()
I/AndroidRipper(  865): Recived message: PING
V/RipperTestCase(  865): Not ready to operate!
V/AndroidRipperService(  798): broadcast() done
V/        (  798): ready
D/CountryDetector(  324): The first listener is added
V/MmsConfig(  916): mnc/mcc: 310260
V/MmsConfig(  916): tag: bool value: enabledMMS - true
V/MmsConfig(  916): tag: int value: maxMessageSize - 307200
V/MmsConfig(  916): tag: int value: maxImageHeight - 480
V/MmsConfig(  916): tag: int value: maxImageWidth - 640
V/MmsConfig(  916): tag: int value: defaultSMSMessagesPerThread - 500
V/MmsConfig(  916): tag: int value: defaultMMSMessagesPerThread - 50
V/MmsConfig(  916): tag: int value: minMessageCountPerThread - 10
V/MmsConfig(  916): tag: int value: maxMessageCountPerThread - 5000
V/MmsConfig(  916): tag: string value: uaProfUrl - http://www.google.com/oha/rdf/ua-profile-kila.xml
V/MmsConfig(  916): tag: int value: recipientLimit - -1
V/MmsConfig(  916): tag: bool value: enableMultipartSMS - true
V/MmsConfig(  916): tag: int value: smsToMmsTextThreshold - -1
V/MmsConfig(  916): tag: bool value: enableSlideDuration - true
V/MmsConfig(  916): tag: int value: maxMessageTextSize - -1
I/Choreographer(  865): Skipped 48 frames!  The application may be doing too much work on its main thread.
E/SurfaceFlinger(   37): ro.sf.lcd_density must be defined as a build property
E/SurfaceFlinger(   37): ro.sf.lcd_density must be defined as a build property
I/Choreographer(  865): Skipped 141 frames!  The application may be doing too much work on its main thread.
I/dalvikvm(  324): Jit: resizing JitTable from 4096 to 8192
D/gralloc_goldfish(  865): Emulator without GPU emulation detected.
V/RipperService(  798): PING
V/AndroidRipperService(  798): mHandler.handleMessage() RECIVED
V/AndroidRipperService(  798): broadcast()
I/AndroidRipper(  865): Recived message: PING
V/RipperTestCase(  865): Not ready to operate!
V/AndroidRipperService(  798): broadcast() done
V/        (  798): ready
D/ExchangeService(  883): !!! EAS ExchangeService, onCreate
I/ActivityManager(  324): Displayed es.senselesssolutions.gpl.weightchart/.ChartActivity: +3s982ms
D/ExchangeService(  883): !!! EAS ExchangeService, onStartCommand, startingUp = false, running = false
D/Eas Debug(  883): Logging: 
D/MediaScannerReceiver(  585): action: android.intent.action.MEDIA_MOUNTED path: /mnt/sdcard
I/ActivityManager(  324): Start proc com.android.settings for broadcast com.android.settings/.widget.SettingsAppWidgetProvider: pid=953 uid=1000 gids={41000, 1015, 1028, 3002, 3001, 3003}
D/ExchangeService(  883): !!! EAS ExchangeService, onStartCommand, startingUp = true, running = false
E/Trace   (  953): error opening trace file: No such file or directory (2)
E/BluetoothAdapter(  953): Bluetooth binder is null
E/BluetoothAdapter(  953): Bluetooth binder is null
V/RipperService(  798): PING
V/AndroidRipperService(  798): mHandler.handleMessage() RECIVED
V/AndroidRipperService(  798): broadcast()
I/AndroidRipper(  865): Recived message: PING
V/RipperTestCase(  865): Not ready to operate!
V/AndroidRipperService(  798): broadcast() done
V/        (  798): ready
D/Mms:app (  916): cancelNotification
E/BluetoothAdapter(  953): Bluetooth binder is null
I/AndroidRipper(  865): [RipperTestCase] Ready to operate after restarting...
D/GpsLocationProvider(  324): NTP server returned: 1483706824629 (Fri Jan 06 12:47:04 GMT 2017) reference: 112998 certainty: 121 system time offset: -6895
I/Choreographer(  494): Skipped 84 frames!  The application may be doing too much work on its main thread.
D/ExchangeService(  883): !!! EAS ExchangeService, onStartCommand, startingUp = true, running = false
D/Eas Debug(  883): Logging: 
D/SystemClock(  324): Setting time of day to sec=1483706824
W/SystemClock(  324): Unable to set rtc to 1483706824: Invalid argument
I/ActivityManager(  324): Start proc com.android.calendar for broadcast com.android.calendar/.widget.CalendarAppWidgetService$CalendarFactory: pid=978 uid=10004 gids={50004, 3003, 1028}
E/Trace   (  978): error opening trace file: No such file or directory (2)
V/AlarmClock(  811): No next alarm
V/AlarmClock(  811): AlarmInitReceiver finished
D/MmsSmsDatabaseHelper(  471): [MmsSmsDb] tableName: threads hasAutoIncrement: CREATE TABLE threads (_id INTEGER PRIMARY KEY AUTOINCREMENT,date INTEGER DEFAULT 0,message_count INTEGER DEFAULT 0,recipient_ids TEXT,snippet TEXT,snippet_cs INTEGER DEFAULT 0,read INTEGER DEFAULT 1,type INTEGER DEFAULT 0,error INTEGER DEFAULT 0,has_attachment INTEGER DEFAULT 0) result: true
D/MmsSmsDatabaseHelper(  471): [MmsSmsDb] tableName: canonical_addresses hasAutoIncrement: CREATE TABLE canonical_addresses (_id INTEGER PRIMARY KEY AUTOINCREMENT,address TEXT) result: true
D/MmsSmsDatabaseHelper(  471): [MmsSmsDb] tableName: part hasAutoIncrement: CREATE TABLE part (_id INTEGER PRIMARY KEY AUTOINCREMENT,mid INTEGER,seq INTEGER DEFAULT 0,ct TEXT,name TEXT,chset INTEGER,cd TEXT,fn TEXT,cid TEXT,cl TEXT,ctt_s INTEGER,ctt_t TEXT,_data TEXT,text TEXT) result: true
D/MmsSmsDatabaseHelper(  471): [MmsSmsDb] tableName: pdu hasAutoIncrement: CREATE TABLE pdu (_id INTEGER PRIMARY KEY AUTOINCREMENT,thread_id INTEGER,date INTEGER,date_sent INTEGER DEFAULT 0,msg_box INTEGER,read INTEGER DEFAULT 0,m_id TEXT,sub TEXT,sub_cs INTEGER,ct_t TEXT,ct_l TEXT,exp INTEGER,m_cls TEXT,m_type INTEGER,v INTEGER,m_size INTEGER,pri INTEGER,rr INTEGER,rpt_a INTEGER,resp_st INTEGER,st INTEGER,tr_id TEXT,retr_st INTEGER,retr_txt TEXT,retr_txt_cs INTEGER,read_status INTEGER,ct_cls INTEGER,resp_txt TEXT,d_tm INTEGER,d_rpt INTEGER,locked INTEGER DEFAULT 0,seen INTEGER DEFAULT 0,text_only INTEGER DEFAULT 0) result: true
D/MmsSmsDatabaseHelper(  471): [getWritableDatabase] hasAutoIncrementThreads: true hasAutoIncrementAddresses: true hasAutoIncrementPart: true hasAutoIncrementPdu: true
I/CalendarProvider2(  890): Sending notification intent: Intent { act=android.intent.action.PROVIDER_CHANGED dat=content://com.android.calendar }
W/ContentResolver(  890): Failed to get type for: content://com.android.calendar (Unknown URL content://com.android.calendar)
D/AlertReceiver(  978): onReceive: a=android.intent.action.PROVIDER_CHANGED Intent { act=android.intent.action.PROVIDER_CHANGED dat=content://com.android.calendar flg=0x10 cmp=com.android.calendar/.alerts.AlertReceiver }
D/AlertService(  978): 0 Action = android.intent.action.PROVIDER_CHANGED
D/AlertService(  978): Beginning updateAlertNotification
V/RipperService(  798): PING
V/AndroidRipperService(  798): mHandler.handleMessage() RECIVED
V/AndroidRipperService(  798): broadcast()
I/AndroidRipper(  865): Recived message: PING
V/AndroidRipperService(  798): send()
I/System.out(  798): {"type":"PONG","index":"6"}
V/AndroidRipperService(  798): broadcast() done
V/        (  798): ready
V/RipperService(  798): END
V/AndroidRipperService(  798): mHandler.handleMessage() RECIVED
V/AndroidRipperService(  798): broadcast()
I/AndroidRipper(  865): Recived message: END
V/AndroidRipperService(  798): broadcast() done
V/        (  798): ready
