W/AudioService(  303): Soundpool could not load file: /system/media/audio/ui/Effect_Tick.ogg
E/SoundPool(  303): error loading /system/media/audio/ui/Effect_Tick.ogg
W/AudioService(  303): Soundpool could not load file: /system/media/audio/ui/Effect_Tick.ogg
E/SoundPool(  303): error loading /system/media/audio/ui/Effect_Tick.ogg
W/AudioService(  303): Soundpool could not load file: /system/media/audio/ui/Effect_Tick.ogg
E/SoundPool(  303): error loading /system/media/audio/ui/KeypressStandard.ogg
W/AudioService(  303): Soundpool could not load file: /system/media/audio/ui/KeypressStandard.ogg
E/SoundPool(  303): error loading /system/media/audio/ui/KeypressSpacebar.ogg
W/AudioService(  303): Soundpool could not load file: /system/media/audio/ui/KeypressSpacebar.ogg
E/SoundPool(  303): error loading /system/media/audio/ui/KeypressDelete.ogg
W/AudioService(  303): Soundpool could not load file: /system/media/audio/ui/KeypressDelete.ogg
E/SoundPool(  303): error loading /system/media/audio/ui/KeypressReturn.ogg
W/AudioService(  303): Soundpool could not load file: /system/media/audio/ui/KeypressReturn.ogg
W/AudioService(  303): loadSoundEffects(), Error -1 while loading samples
D/PhoneStatusBar(  400): disable: < expand icons alerts ticker system_info back home recent clock search >
E/BluetoothAdapter(  457): Bluetooth binder is null
I/Choreographer(  303): Skipped 116 frames!  The application may be doing too much work on its main thread.
I/ActivityManager(  303): Start proc com.android.contacts for broadcast com.android.contacts/.calllog.CallLogReceiver: pid=577 uid=10001 gids={50001, 3003, 1015, 1028}
D/dalvikvm(  511): GC_CONCURRENT freed 179K, 9% free 2611K/2848K, paused 13ms+2ms, total 580ms
E/BluetoothAdapter(  400): Bluetooth binder is null
D/SystemUIService(  400): loading: class com.android.systemui.power.PowerUI
D/SystemUIService(  400): running: com.android.systemui.power.PowerUI@40e407f0
D/SystemUIService(  400): loading: class com.android.systemui.media.RingtonePlayer
D/SystemUIService(  400): running: com.android.systemui.media.RingtonePlayer@40e415d0
E/BluetoothAdapter(  457): Bluetooth binder is null
D/dalvikvm(  303): GC_CONCURRENT freed 65K, 12% free 6578K/7404K, paused 108ms+8ms, total 3385ms
I/AudioService(  303):   Remote Control   registerMediaButtonIntent() for PendingIntent{40f6efa8: PendingIntentRecord{4103cb40 com.android.music broadcastIntent}}
E/UserHistoryDictionary(  438): when loading: file not foundjava.io.FileNotFoundException: /data/data/com.android.inputmethod.latin/files/UserHistoryDictionary.en_US.dict: open failed: ENOENT (No such file or directory)
I/Choreographer(  400): Skipped 3133 frames!  The application may be doing too much work on its main thread.
I/ActivityManager(  303): Start proc android.process.media for content provider com.android.providers.media/.MediaProvider: pid=601 uid=10000 gids={50000, 1015, 1023, 1024, 1028, 1006, 2001, 3003, 3007}
D/dalvikvm(  438): GC_CONCURRENT freed 239K, 11% free 2538K/2832K, paused 4ms+2ms, total 1175ms
E/StrictMode(  438): A resource was acquired at attached stack trace but never released. See java.io.Closeable for information on avoiding resource leaks.
E/StrictMode(  438): java.lang.Throwable: Explicit termination method 'close' not called
E/StrictMode(  438): 	at dalvik.system.CloseGuard.open(CloseGuard.java:184)
E/StrictMode(  438): 	at android.os.ParcelFileDescriptor.<init>(ParcelFileDescriptor.java:412)
E/StrictMode(  438): 	at android.content.res.AssetManager.openNonAssetFdNative(Native Method)
E/StrictMode(  438): 	at android.content.res.AssetManager.openNonAssetFd(AssetManager.java:428)
E/StrictMode(  438): 	at android.content.res.Resources.openRawResourceFd(Resources.java:979)
E/StrictMode(  438): 	at com.android.inputmethod.latin.BinaryDictionaryGetter.loadFallbackResource(BinaryDictionaryGetter.java:183)
E/StrictMode(  438): 	at com.android.inputmethod.latin.BinaryDictionaryGetter.getDictionaryFiles(BinaryDictionaryGetter.java:456)
E/StrictMode(  438): 	at com.android.inputmethod.latin.DictionaryFactory.createMainDictionaryFromManager(DictionaryFactory.java:57)
E/StrictMode(  438): 	at com.android.inputmethod.latin.DictionaryFactory.createMainDictionaryFromManager(DictionaryFactory.java:87)
E/StrictMode(  438): 	at com.android.inputmethod.latin.Suggest$1.run(Suggest.java:108)
E/Trace   (  577): error opening trace file: No such file or directory (2)
E/Trace   (  601): error opening trace file: No such file or directory (2)
D/dalvikvm(  303): GREF has increased to 401
E/SurfaceFlinger(   37): ro.sf.lcd_density must be defined as a build property
V/TAG     (  303): bug 7643792: fitSystemWindows([0,38][0,0])
I/Choreographer(  303): Skipped 139 frames!  The application may be doing too much work on its main thread.
D/dalvikvm(  471): GC_FOR_ALLOC freed 49K, 4% free 2855K/2960K, paused 816ms, total 856ms
I/dalvikvm-heap(  471): Grow heap (frag case) to 4.213MB for 1440016-byte allocation
D/PhoneStatusBar(  400): disable: < expand icons alerts ticker system_info BACK* HOME* RECENT* CLOCK* SEARCH* >
W/WindowManager(  303): Window freeze timeout expired.
W/WindowManager(  303): Force clearing orientation change: Window{40eebd60 u0 StatusBar}
D/dalvikvm(  471): GC_CONCURRENT freed 11K, 3% free 4250K/4368K, paused 5ms+3ms, total 955ms
D/dalvikvm(  400): GC_CONCURRENT freed 275K, 9% free 3757K/4088K, paused 4ms+4ms, total 257ms
I/DownloadManager(  601): in removeSpuriousFiles
D/DebugService(  457): DebugService DebugService:
D/TelephonyDebugService(  457): TelephonyDebugService()
E/SurfaceFlinger(   37): ro.sf.lcd_density must be defined as a build property
I/Choreographer(  303): Skipped 32 frames!  The application may be doing too much work on its main thread.
D/dalvikvm(  457): GC_CONCURRENT freed 333K, 13% free 2657K/3048K, paused 4ms+255ms, total 672ms
I/RecoverySystem(  303): No recovery log file
W/Settings(  457): Setting auto_time_zone has moved from android.provider.Settings.System to android.provider.Settings.Global, returning read-only value.
I/ActivityManager(  303): Start proc com.android.deskclock for broadcast com.android.deskclock/.AlarmInitReceiver: pid=663 uid=10006 gids={50006, 1028}
D/dalvikvm(  400): GC_FOR_ALLOC freed 18K, 8% free 3766K/4088K, paused 1389ms, total 1489ms
D/dalvikvm(   38): GC_EXPLICIT freed 34K, 4% free 2381K/2472K, paused 8ms+3ms, total 211ms
D/dalvikvm(   38): GC_EXPLICIT freed <1K, 4% free 2381K/2472K, paused 4ms+3ms, total 44ms
D/dalvikvm(   38): GC_EXPLICIT freed <1K, 4% free 2381K/2472K, paused 3ms+3ms, total 252ms
I/dalvikvm-heap(  400): Grow heap (frag case) to 9.843MB for 6410576-byte allocation
D/dalvikvm(  471): GC_CONCURRENT freed 182K, 5% free 4641K/4880K, paused 4ms+266ms, total 954ms
E/Trace   (  663): error opening trace file: No such file or directory (2)
D/dalvikvm(  400): GC_FOR_ALLOC freed <1K, 4% free 10026K/10352K, paused 698ms, total 698ms
E/SurfaceFlinger(   37): ro.sf.lcd_density must be defined as a build property
V/AlarmClock(  663): No next alarm
V/AlarmClock(  663): AlarmInitReceiver - Reset timers and clear stopwatch data
V/AlarmClock(  663): No next alarm
I/Choreographer(  471): Skipped 266 frames!  The application may be doing too much work on its main thread.
V/AlarmClock(  663): AlarmInitReceiver finished
I/Choreographer(  471): Skipped 46 frames!  The application may be doing too much work on its main thread.
D/dalvikvm(  471): GC_FOR_ALLOC freed 77K, 4% free 5174K/5388K, paused 90ms, total 99ms
D/dalvikvm(  400): GC_FOR_ALLOC freed 1K, 4% free 10028K/10352K, paused 28ms, total 28ms
I/dalvikvm-heap(  400): Grow heap (frag case) to 12.542MB for 2828816-byte allocation
W/WindowManager(  303): Window freeze timeout expired.
W/WindowManager(  303): Force clearing orientation change: Window{40ffa168 u0 com.android.systemui.ImageWallpaper}
D/dalvikvm(  400): GC_CONCURRENT freed 0K, 3% free 12791K/13116K, paused 6ms+4ms, total 214ms
D/dalvikvm(  400): WAIT_FOR_CONCURRENT_GC blocked 210ms
D/gralloc_goldfish(  400): Emulator without GPU emulation detected.
I/Choreographer(  303): Skipped 36 frames!  The application may be doing too much work on its main thread.
D/dalvikvm(  471): GC_FOR_ALLOC freed 6K, 4% free 5675K/5896K, paused 852ms, total 868ms
I/Choreographer(  400): Skipped 4249 frames!  The application may be doing too much work on its main thread.
I/SurfaceFlinger(   37): Boot is finished (78881 ms)
I/ActivityManager(  303): Config changes=1400 {1.0 ?mcc?mnc en_US ldltr sw320dp w320dp h508dp 240dpi nrml long port finger -keyb/v/h tball/v s.4}
I/PowerManagerService(  303): Boot animation finished.
I/Choreographer(  303): Skipped 133 frames!  The application may be doing too much work on its main thread.
I/Choreographer(  400): Skipped 74 frames!  The application may be doing too much work on its main thread.
D/dalvikvm(  471): GREF has increased to 201
I/Choreographer(  471): Skipped 647 frames!  The application may be doing too much work on its main thread.
I/Choreographer(  303): Skipped 83 frames!  The application may be doing too much work on its main thread.
I/Choreographer(  471): Skipped 36 frames!  The application may be doing too much work on its main thread.
I/Choreographer(  471): Skipped 82 frames!  The application may be doing too much work on its main thread.
D/gralloc_goldfish(  471): Emulator without GPU emulation detected.
I/ActivityManager(  303): Start proc com.android.email for broadcast com.android.email/.service.EmailBroadcastReceiver: pid=708 uid=10019 gids={50019, 3003, 1015, 1028}
E/Trace   (  708): error opening trace file: No such file or directory (2)
D/AndroidRuntime(  710): 
D/AndroidRuntime(  710): >>>>>> AndroidRuntime START com.android.internal.os.RuntimeInit <<<<<<
D/AndroidRuntime(  710): CheckJNI is ON
D/dalvikvm(  471): GC_FOR_ALLOC freed 26K, 3% free 6317K/6488K, paused 299ms, total 331ms
I/dalvikvm-heap(  471): Grow heap (frag case) to 7.616MB for 1463056-byte allocation
D/dalvikvm(  710): Trying to load lib libjavacore.so 0x0
D/dalvikvm(  710): Added shared lib libjavacore.so 0x0
D/dalvikvm(  710): Trying to load lib libnativehelper.so 0x0
D/dalvikvm(  710): Added shared lib libnativehelper.so 0x0
D/dalvikvm(  471): GC_CONCURRENT freed 2K, 3% free 7743K/7920K, paused 4ms+38ms, total 110ms
D/dalvikvm(  471): WAIT_FOR_CONCURRENT_GC blocked 78ms
I/ActivityManager(  303): Displayed com.android.launcher/com.android.launcher2.Launcher: +34s968ms
D/AndroidRuntime(  710): Calling main entry com.android.commands.am.Am
D/dalvikvm(  710): Note: class Landroid/app/ActivityManagerNative; has 157 unimplemented (abstract) methods
D/dalvikvm(  734): Not late-enabling CheckJNI (already on)
I/ActivityManager(  303): Start proc it.unina.android.ripper_service:android_ripper_service_process for service it.unina.android.ripper_service/.AndroidRipperService: pid=734 uid=10049 gids={50049, 3003, 1028}
D/AndroidRuntime(  710): Shutting down VM
D/dalvikvm(  710): GC_CONCURRENT freed 91K, 16% free 490K/584K, paused 1ms+1ms, total 7ms
I/ActivityManager(  303): Start proc com.android.exchange for service com.android.exchange/.ExchangeService: pid=747 uid=10032 gids={50032, 3003, 1015, 1028}
D/dalvikvm(  471): GC_FOR_ALLOC freed 1453K, 17% free 7843K/9448K, paused 75ms, total 125ms
I/ActivityManager(  303): Start proc com.android.providers.calendar for broadcast com.android.providers.calendar/.CalendarReceiver: pid=755 uid=10023 gids={50023, 3003, 1015, 1028}
E/Trace   (  734): error opening trace file: No such file or directory (2)
D/dalvikvm(  471): GC_FOR_ALLOC freed 2K, 7% free 8854K/9448K, paused 121ms, total 158ms
E/Trace   (  747): error opening trace file: No such file or directory (2)
V/AndroidRipperService(  734): onCreate()
E/Trace   (  755): error opening trace file: No such file or directory (2)
V/SERVER  (  734): Starting ServerSocket on PORT 8888
V/SERVER  (  734): Started ServerSocket on PORT 8888
I/Choreographer(  471): Skipped 805 frames!  The application may be doing too much work on its main thread.
I/ActivityManager(  303): Start proc com.android.mms for broadcast com.android.mms/.transaction.MmsSystemEventReceiver: pid=782 uid=10029 gids={50029, 3003, 1015, 1028}
E/Trace   (  782): error opening trace file: No such file or directory (2)
D/CountryDetector(  303): The first listener is added
V/MmsConfig(  782): mnc/mcc: 
V/MmsConfig(  782): tag: bool value: enabledMMS - true
V/MmsConfig(  782): tag: int value: maxMessageSize - 307200
V/MmsConfig(  782): tag: int value: maxImageHeight - 480
V/MmsConfig(  782): tag: int value: maxImageWidth - 640
V/MmsConfig(  782): tag: int value: defaultSMSMessagesPerThread - 500
V/MmsConfig(  782): tag: int value: defaultMMSMessagesPerThread - 50
V/MmsConfig(  782): tag: int value: minMessageCountPerThread - 10
V/MmsConfig(  782): tag: int value: maxMessageCountPerThread - 5000
V/MmsConfig(  782): tag: string value: uaProfUrl - http://www.google.com/oha/rdf/ua-profile-kila.xml
V/MmsConfig(  782): tag: int value: recipientLimit - -1
V/MmsConfig(  782): tag: bool value: enableMultipartSMS - true
V/MmsConfig(  782): tag: int value: smsToMmsTextThreshold - -1
V/MmsConfig(  782): tag: bool value: enableSlideDuration - true
V/MmsConfig(  782): tag: int value: maxMessageTextSize - -1
V/SERVER  (  734): Ready to accept connections on port: 8888
D/ExchangeService(  747): !!! EAS ExchangeService, onCreate
D/ExchangeService(  747): !!! EAS ExchangeService, onStartCommand, startingUp = false, running = false
D/AndroidRuntime(  816): 
D/AndroidRuntime(  816): >>>>>> AndroidRuntime START com.android.internal.os.RuntimeInit <<<<<<
D/AndroidRuntime(  816): CheckJNI is ON
D/dalvikvm(  816): Trying to load lib libjavacore.so 0x0
D/dalvikvm(  816): Added shared lib libjavacore.so 0x0
D/dalvikvm(  816): Trying to load lib libnativehelper.so 0x0
D/dalvikvm(  816): Added shared lib libnativehelper.so 0x0
D/dalvikvm(  303): GREF has increased to 501
D/dalvikvm(  303): GC_CONCURRENT freed 1860K, 26% free 5657K/7584K, paused 24ms+115ms, total 498ms
D/CAT     (  457): CatService: Running CAT service. STK app installed:false
D/CAT     (  457): CatService: NEW sInstance
D/AndroidRuntime(  816): Calling main entry com.android.commands.am.Am
D/dalvikvm(  816): Note: class Landroid/app/ActivityManagerNative; has 157 unimplemented (abstract) methods
I/ActivityManager(  303): Force stopping package net.fercanet.LNM appid=10048 user=0
I/ActivityManager(  303): Start proc net.fercanet.LNM for added application net.fercanet.LNM: pid=833 uid=10048 gids={50048, 1015, 1028}
W/dalvikvm(  708): threadid=5: spin on suspend #1 threadid=11 (pcf=0)
D/dalvikvm(  708): Temporarily moving tid 730 to fg (was 0)
D/dalvikvm(  708): Temporarily raised priority on tid 730 (10 -> 0)
W/dalvikvm(  708): threadid=5: spin on suspend resolved in 2415 msec
D/dalvikvm(  708): Restored policy of 730 to 0
D/dalvikvm(  708): Restored priority on 730 to 10
I/dalvikvm(  833): Turning on JNI app bug workarounds for target SDK version 3...
D/CAT     (  457): CatService: SIM ready. Reporting STK service running now...
D/dalvikvm(  457): GC_CONCURRENT freed 274K, 11% free 2791K/3120K, paused 11ms+77ms, total 235ms
W/dalvikvm(  782): threadid=5: spin on suspend #1 threadid=13 (pcf=0)
D/dalvikvm(  782): Temporarily moving tid 799 to fg (was 0)
E/Trace   (  833): error opening trace file: No such file or directory (2)
D/dalvikvm(  782): Temporarily raised priority on tid 799 (19 -> 0)
W/dalvikvm(  782): threadid=5: spin on suspend resolved in 2599 msec
D/dalvikvm(  782): Restored policy of 799 to 0
D/dalvikvm(  782): Restored priority on 799 to 19
D/MccTable(  457): updateMccMncConfiguration: mcc=310, mnc=260
D/TelephonyManager(  457): getLteOnCdmaMode=0 curVal=-1 product_type='' lteOnCdmaProductType=''
D/MccTable(  457): locale set to en_us
D/MccTable(  457): WIFI_COUNTRY_CODE set to us
I/WifiService(  303): WifiService trying to set country code to us with persist set to true
I/ActivityManager(  303): Config changes=1403 {1.0 310mcc260mnc en_US ldltr sw320dp w320dp h508dp 240dpi nrml long port finger -keyb/v/h tball/v s.5}
W/SurfaceFlinger(   37): createScreenshotSurface failed (Function not implemented)
D/PolideaInstrumentationTestRunner(  833): Creating the Test Runner with arguments: [coverage, class]
D/PolideaInstrumentationTestRunner(  833): Test runner is running with the following parameters:
D/PolideaInstrumentationTestRunner(  833): junitOutputDirectory: /data/data/net.fercanet.LNM/files
D/PolideaInstrumentationTestRunner(  833): junitOutputFilePostfix: -TEST.xml
D/PolideaInstrumentationTestRunner(  833): junitNoPackagePrefix: NO_PACKAGE
D/PolideaInstrumentationTestRunner(  833): junitSplitLevel: package
D/PolideaInstrumentationTestRunner(  833): junitSingleFileName: ALL-TEST.xml
D/PolideaInstrumentationTestRunner(  833): Creating output directory if it does not exist
D/PolideaInstrumentationTestRunner(  833): Created directory? false
D/PolideaInstrumentationTestRunner(  833): Deleting old files
D/PolideaInstrumentationTestRunner(  833): Deleting: [/data/data/net.fercanet.LNM/files/it.unina.android.ripper-TEST.xml]
W/Settings(  457): Setting auto_time_zone has moved from android.provider.Settings.System to android.provider.Settings.Global, returning read-only value.
D/MccTable(  457): updateMccMncConfiguration: mcc=310, mnc=260
D/TelephonyManager(  457): getLteOnCdmaMode=0 curVal=-1 product_type='' lteOnCdmaProductType=''
D/MccTable(  457): locale set to en_us
D/MccTable(  457): WIFI_COUNTRY_CODE set to us
I/WifiService(  303): WifiService trying to set country code to us with persist set to true
D/dalvikvm(  303): GC_CONCURRENT freed 485K, 21% free 5995K/7584K, paused 100ms+17ms, total 370ms
D/dalvikvm(  303): WAIT_FOR_CONCURRENT_GC blocked 48ms
I/ActivityManager(  303): Config changes=1400 {1.0 310mcc260mnc en_US ldltr sw320dp w320dp h508dp 240dpi nrml long port finger -keyb/v/h tball/v s.6}
D/dalvikvm(  303): WAIT_FOR_CONCURRENT_GC blocked 180ms
D/dalvikvm(  833): GC_CONCURRENT freed 213K, 10% free 2571K/2844K, paused 5ms+4ms, total 144ms
D/dalvikvm(  457): GC_CONCURRENT freed 329K, 12% free 2920K/3308K, paused 5ms+32ms, total 92ms
D/dalvikvm(  303): GC_CONCURRENT freed 362K, 14% free 6541K/7584K, paused 6ms+7ms, total 294ms
D/dalvikvm(  303): WAIT_FOR_CONCURRENT_GC blocked 135ms
D/dalvikvm(  303): WAIT_FOR_CONCURRENT_GC blocked 219ms
D/dalvikvm(  303): WAIT_FOR_CONCURRENT_GC blocked 226ms
I/System.out(  833): EMMA: collecting runtime coverage data ...
D/PolideaInstrumentationTestRunner(  833): Getting android test runner
D/PolideaInstrumentationTestRunner(  833): JUnit test output enabled
W/dalvikvm(  833): method Landroid/test/InstrumentationTestRunner$StringResultPrinter;.print incorrectly overrides package-private method with same name in Ljunit/textui/ResultPrinter;
D/PolideaInstrumentationTestRunner(  833): Starting test: testApplication(it.unina.android.ripper.RipperTestCase)
I/TestRunner(  833): started: testApplication(it.unina.android.ripper.RipperTestCase)
V/        (  734): ready
I/ActivityManager(  303): START u0 {act=android.intent.action.MAIN flg=0x10000000 cmp=net.fercanet.LNM/.MainMenu} from pid 833
D/PermissionCache(   37): checking android.permission.READ_FRAME_BUFFER for uid=1000 => granted (1063 us)
W/WindowManager(  303): Window freeze timeout expired.
W/WindowManager(  303): Force clearing orientation change: Window{40eebd60 u0 StatusBar}
W/WindowManager(  303): Force clearing orientation change: Window{40eea7a0 u0 Keyguard}
W/WindowManager(  303): Failure taking screenshot for (246x410) to layer 21000
V/RipperService(  734): PING
V/AndroidRipperService(  734): mHandler.handleMessage() RECIVED
V/AndroidRipperService(  734): broadcast()
V/AndroidRipperService(  734): broadcast() done
V/        (  734): ready
V/AndroidRipperService(  734): onBind()
V/AndroidRipperService(  734): register()
V/AndroidRipperService(  734): onBind()
V/RipperService(  734): PING
V/AndroidRipperService(  734): mHandler.handleMessage() RECIVED
V/AndroidRipperService(  734): broadcast()
I/AndroidRipper(  833): Recived message: PING
V/RipperTestCase(  833): Not ready to operate!
I/Choreographer(  303): Skipped 766 frames!  The application may be doing too much work on its main thread.
V/AndroidRipperService(  734): broadcast() done
V/        (  734): ready
D/dalvikvm(  457): GC_CONCURRENT freed 463K, 16% free 2886K/3408K, paused 5ms+48ms, total 171ms
I/Choreographer(  303): Skipped 117 frames!  The application may be doing too much work on its main thread.
D/dalvikvm(  303): GC_CONCURRENT freed 922K, 13% free 6607K/7592K, paused 12ms+15ms, total 410ms
D/dalvikvm(  303): WAIT_FOR_CONCURRENT_GC blocked 336ms
I/dalvikvm-heap(  303): Grow heap (frag case) to 7.588MB for 1128976-byte allocation
D/dalvikvm(  303): GC_FOR_ALLOC freed 890K, 22% free 6819K/8696K, paused 60ms, total 60ms
V/RipperService(  734): PING
V/AndroidRipperService(  734): mHandler.handleMessage() RECIVED
V/AndroidRipperService(  734): broadcast()
I/AndroidRipper(  833): Recived message: PING
V/RipperTestCase(  833): Not ready to operate!
V/AndroidRipperService(  734): broadcast() done
V/        (  734): ready
D/dalvikvm(  303): GC_CONCURRENT freed 1716K, 29% free 6217K/8696K, paused 10ms+7ms, total 92ms
D/dalvikvm(  303): WAIT_FOR_CONCURRENT_GC blocked 52ms
D/dalvikvm(  303): WAIT_FOR_CONCURRENT_GC blocked 59ms
W/WindowManager(  303): App freeze timeout expired.
W/WindowManager(  303): Force clearing freeze: AppWindowToken{40f6e830 token=Token{40f69bf8 ActivityRecord{40f697c0 u0 com.android.launcher/com.android.launcher2.Launcher}}}
I/Choreographer(  303): Skipped 619 frames!  The application may be doing too much work on its main thread.
V/RipperService(  734): PING
V/AndroidRipperService(  734): mHandler.handleMessage() RECIVED
V/AndroidRipperService(  734): broadcast()
I/AndroidRipper(  833): Recived message: PING
V/RipperTestCase(  833): Not ready to operate!
V/AndroidRipperService(  734): broadcast() done
V/        (  734): ready
I/Choreographer(  303): Skipped 99 frames!  The application may be doing too much work on its main thread.
D/dalvikvm(  303): GC_FOR_ALLOC freed 616K, 30% free 6122K/8696K, paused 61ms, total 78ms
I/dalvikvm-heap(  303): Grow heap (frag case) to 7.115MB for 1128976-byte allocation
D/dalvikvm(  303): GC_FOR_ALLOC freed 407K, 22% free 6818K/8696K, paused 71ms, total 71ms
I/Choreographer(  303): Skipped 75 frames!  The application may be doing too much work on its main thread.
D/dalvikvm(  303): GC_CONCURRENT freed 15K, 22% free 6805K/8696K, paused 31ms+23ms, total 256ms
I/Choreographer(  303): Skipped 63 frames!  The application may be doing too much work on its main thread.
D/Eas Debug(  747): Logging: 
I/Choreographer(  303): Skipped 44 frames!  The application may be doing too much work on its main thread.
I/Choreographer(  303): Skipped 46 frames!  The application may be doing too much work on its main thread.
I/Choreographer(  303): Skipped 31 frames!  The application may be doing too much work on its main thread.
I/Choreographer(  303): Skipped 31 frames!  The application may be doing too much work on its main thread.
D/dalvikvm(  303): GC_EXPLICIT freed 1107K, 35% free 5701K/8696K, paused 5ms+7ms, total 477ms
D/ExchangeService(  747): !!! EAS ExchangeService, onStartCommand, startingUp = true, running = false
V/RipperService(  734): PING
V/AndroidRipperService(  734): mHandler.handleMessage() RECIVED
V/AndroidRipperService(  734): broadcast()
I/AndroidRipper(  833): Recived message: PING
V/RipperTestCase(  833): Not ready to operate!
V/AndroidRipperService(  734): broadcast() done
V/        (  734): ready
D/MmsSmsDatabaseHelper(  457): [MmsSmsDb] tableName: threads hasAutoIncrement: CREATE TABLE threads (_id INTEGER PRIMARY KEY AUTOINCREMENT,date INTEGER DEFAULT 0,message_count INTEGER DEFAULT 0,recipient_ids TEXT,snippet TEXT,snippet_cs INTEGER DEFAULT 0,read INTEGER DEFAULT 1,type INTEGER DEFAULT 0,error INTEGER DEFAULT 0,has_attachment INTEGER DEFAULT 0) result: true
I/ActivityManager(  303): Start proc com.android.settings for broadcast com.android.settings/.widget.SettingsAppWidgetProvider: pid=861 uid=1000 gids={41000, 1015, 1028, 3002, 3001, 3003}
E/Trace   (  861): error opening trace file: No such file or directory (2)
I/Choreographer(  400): Skipped 65 frames!  The application may be doing too much work on its main thread.
I/Choreographer(  400): Skipped 96 frames!  The application may be doing too much work on its main thread.
E/BluetoothAdapter(  861): Bluetooth binder is null
E/BluetoothAdapter(  861): Bluetooth binder is null
W/GpsLocationProvider(  303): Could not open GPS configuration file /etc/gps.conf
W/ServiceWatcher(  303): com.google.android.location not found
I//system/bin/fsck_msdos(   32): Attempting to allocate 2044 KB for FAT
D/dalvikvm(  471): GC_FOR_ALLOC freed 4660K, 48% free 5172K/9940K, paused 146ms, total 163ms
I/dalvikvm-heap(  471): Grow heap (frag case) to 6.476MB for 1440016-byte allocation
V/RipperService(  734): PING
V/AndroidRipperService(  734): mHandler.handleMessage() RECIVED
V/AndroidRipperService(  734): broadcast()
I/AndroidRipper(  833): Recived message: PING
V/RipperTestCase(  833): Not ready to operate!
V/AndroidRipperService(  734): broadcast() done
V/        (  734): ready
W/ServiceWatcher(  303): com.google.android.location not found
D/dalvikvm(  471): GC_FOR_ALLOC freed 33K, 35% free 6545K/9940K, paused 37ms, total 112ms
D/dalvikvm(  471): GC_CONCURRENT freed 10K, 34% free 6567K/9940K, paused 12ms+6ms, total 92ms
D/MmsSmsDatabaseHelper(  457): [MmsSmsDb] tableName: canonical_addresses hasAutoIncrement: CREATE TABLE canonical_addresses (_id INTEGER PRIMARY KEY AUTOINCREMENT,address TEXT) result: true
W/LocationManagerService(  303): no network location provider found
W/ServiceWatcher(  303): com.google.android.location not found
D/MmsSmsDatabaseHelper(  457): [MmsSmsDb] tableName: part hasAutoIncrement: CREATE TABLE part (_id INTEGER PRIMARY KEY AUTOINCREMENT,mid INTEGER,seq INTEGER DEFAULT 0,ct TEXT,name TEXT,chset INTEGER,cd TEXT,fn TEXT,cid TEXT,cl TEXT,ctt_s INTEGER,ctt_t TEXT,_data TEXT,text TEXT) result: true
I/ActivityManager(  303): Start proc com.android.location.fused for service com.android.location.fused/.FusedLocationService: pid=878 uid=10022 gids={50022, 1028}
E/Trace   (  878): error opening trace file: No such file or directory (2)
W/ServiceWatcher(  303): com.google.android.location not found
D/MmsSmsDatabaseHelper(  457): [MmsSmsDb] tableName: pdu hasAutoIncrement: CREATE TABLE pdu (_id INTEGER PRIMARY KEY AUTOINCREMENT,thread_id INTEGER,date INTEGER,date_sent INTEGER DEFAULT 0,msg_box INTEGER,read INTEGER DEFAULT 0,m_id TEXT,sub TEXT,sub_cs INTEGER,ct_t TEXT,ct_l TEXT,exp INTEGER,m_cls TEXT,m_type INTEGER,v INTEGER,m_size INTEGER,pri INTEGER,rr INTEGER,rpt_a INTEGER,resp_st INTEGER,st INTEGER,tr_id TEXT,retr_st INTEGER,retr_txt TEXT,retr_txt_cs INTEGER,read_status INTEGER,ct_cls INTEGER,resp_txt TEXT,d_tm INTEGER,d_rpt INTEGER,locked INTEGER DEFAULT 0,seen INTEGER DEFAULT 0,text_only INTEGER DEFAULT 0) result: true
E/LocationManagerService(  303): no geocoder provider found
D/Launcher.Model(  471): Reload apps on config change. curr_mcc:310 prevmcc:0
D/dalvikvm(  833): GC_FOR_ALLOC freed 242K, 11% free 2636K/2940K, paused 22ms, total 28ms
I/dalvikvm-heap(  833): Grow heap (frag case) to 3.215MB for 614416-byte allocation
I/Choreographer(  471): Skipped 876 frames!  The application may be doing too much work on its main thread.
D/dalvikvm(  833): GC_FOR_ALLOC freed <1K, 9% free 3236K/3544K, paused 38ms, total 38ms
D/dalvikvm(  833): GC_CONCURRENT freed 1K, 9% free 3234K/3544K, paused 4ms+3ms, total 51ms
E/SurfaceFlinger(   37): ro.sf.lcd_density must be defined as a build property
I/CalendarProvider2(  755): Sending notification intent: Intent { act=android.intent.action.PROVIDER_CHANGED dat=content://com.android.calendar }
D/gralloc_goldfish(  833): Emulator without GPU emulation detected.
V/RipperService(  734): PING
V/AndroidRipperService(  734): mHandler.handleMessage() RECIVED
V/AndroidRipperService(  734): broadcast()
I/AndroidRipper(  833): Recived message: PING
V/RipperTestCase(  833): Not ready to operate!
V/AndroidRipperService(  734): broadcast() done
V/        (  734): ready
D/ConnectivityService(  303): ConnectivityChange for mobile: CONNECTED/CONNECTED
W/ActivityManager(  303): Launch timeout has expired, giving up wake lock!
W/ContentResolver(  755): Failed to get type for: content://com.android.calendar (Unknown URL content://com.android.calendar)
I/ActivityManager(  303): Start proc com.android.calendar for broadcast com.android.calendar/.alerts.AlertReceiver: pid=892 uid=10004 gids={50004, 3003, 1028}
I/ActivityManager(  303): Displayed net.fercanet.LNM/.MainMenu: +1s622ms
E/Trace   (  892): error opening trace file: No such file or directory (2)
I/FusedLocation(  878): engine started (com.android.location.fused)
D/AlertReceiver(  892): onReceive: a=android.intent.action.PROVIDER_CHANGED Intent { act=android.intent.action.PROVIDER_CHANGED dat=content://com.android.calendar flg=0x10 cmp=com.android.calendar/.alerts.AlertReceiver }
D/AlertService(  892): 0 Action = android.intent.action.PROVIDER_CHANGED
D/MmsSmsDatabaseHelper(  457): [getWritableDatabase] hasAutoIncrementThreads: true hasAutoIncrementAddresses: true hasAutoIncrementPart: true hasAutoIncrementPdu: true
D/AlertService(  892): Beginning updateAlertNotification
I//system/bin/fsck_msdos(   32): ** Phase 2 - Check Cluster Chains
I//system/bin/fsck_msdos(   32): ** Phase 3 - Checking Directories
I/Choreographer(  471): Skipped 33 frames!  The application may be doing too much work on its main thread.
I//system/bin/fsck_msdos(   32): ** Phase 4 - Checking for Lost Files
I//system/bin/fsck_msdos(   32): 13 files, 1044446 free (522223 clusters)
E/BluetoothAdapter(  861): Bluetooth binder is null
I/Vold    (   32): Filesystem check completed OK
I/Vold    (   32): Device /dev/block/vold/179:0, target /mnt/sdcard mounted @ /mnt/secure/staging
D/Vold    (   32): Volume sdcard state changing 3 (Checking) -> 4 (Mounted)
D/MountService(  303): volume state changed for /mnt/sdcard (checking -> mounted)
I/PackageManager(  303): Updating external media status from unmounted to mounted
E/VoldConnector(  303): NDC Command {3 volume mount /mnt/sdcard} took too long (58292ms)
D/MountService(  303): sendStorageIntent Intent { act=android.intent.action.MEDIA_MOUNTED dat=file:///mnt/sdcard (has extras) } to UserHandle{-1}
V/RipperService(  734): PING
V/AndroidRipperService(  734): mHandler.handleMessage() RECIVED
V/AndroidRipperService(  734): broadcast()
I/AndroidRipper(  833): Recived message: PING
V/RipperTestCase(  833): Not ready to operate!
V/AndroidRipperService(  734): broadcast() done
V/        (  734): ready
I/FusedLocation(  878): engine started (com.android.location.fused)
I/AndroidRipper(  833): [RipperTestCase] Ready to operate after restarting...
I/PackageManager(  303): No secure containers on sdcard
D/MediaScannerReceiver(  601): action: android.intent.action.MEDIA_MOUNTED path: /mnt/sdcard
W/PackageManager(  303): Unknown permission com.google.android.googleapps.permission.GOOGLE_AUTH.mail in package com.android.contacts
W/PackageManager(  303): Unknown permission android.permission.ADD_SYSTEM_SERVICE in package com.android.phone
W/PackageManager(  303): Unknown permission com.android.smspush.WAPPUSH_MANAGER_BIND in package com.android.phone
D/AlertService(  892): No fired or scheduled alerts
W/PackageManager(  303): Unknown permission com.google.android.googleapps.permission.GOOGLE_AUTH in package com.android.providers.calendar
W/PackageManager(  303): Unknown permission com.google.android.googleapps.permission.GOOGLE_AUTH.cl in package com.android.providers.calendar
W/PackageManager(  303): Unknown permission com.google.android.googleapps.permission.GOOGLE_AUTH.mail in package com.android.calendar
W/PackageManager(  303): Not granting permission android.permission.SEND_DOWNLOAD_COMPLETED_INTENTS to package com.android.browser (protectionLevel=2 flags=0x89be45)
W/PackageManager(  303): Not granting permission android.permission.BIND_APPWIDGET to package com.android.widgetpreview (protectionLevel=18 flags=0x8be44)
I/dalvikvm(  303): Jit: resizing JitTable from 4096 to 8192
W/PackageManager(  303): Unknown permission com.google.android.googleapps.permission.GOOGLE_AUTH in package com.android.settings
W/PackageManager(  303): Unknown permission com.google.android.gallery3d.permission.GALLERY_PROVIDER in package com.android.exchange
W/PackageManager(  303): Unknown permission com.google.android.googleapps.permission.ACCESS_GOOGLE_PASSWORD in package com.android.development
W/PackageManager(  303): Unknown permission com.google.android.googleapps.permission.GOOGLE_AUTH in package com.android.development
W/PackageManager(  303): Unknown permission com.google.android.googleapps.permission.GOOGLE_AUTH.ALL_SERVICES in package com.android.development
W/PackageManager(  303): Unknown permission com.google.android.googleapps.permission.GOOGLE_AUTH.YouTubeUser in package com.android.development
W/PackageManager(  303): Unknown permission com.google.android.gallery3d.permission.GALLERY_PROVIDER in package com.android.email
W/PackageManager(  303): Not granting permission android.permission.DEVICE_POWER to package com.android.deskclock (protectionLevel=2 flags=0x88be45)
D/EmailProvider(  708): fromDatabase accounts: 0
D/EmailProvider(  708): ending toDatabase transaction; copyCount = 0
D/EmailProvider(  708): ending fromDatabase transaction; copyCount = 0
D/Tethering(  303): MasterInitialState.processMessage what=3
D/dalvikvm(  601): GREF has increased to 201
V/RipperService(  734): PING
V/AndroidRipperService(  734): mHandler.handleMessage() RECIVED
V/AndroidRipperService(  734): broadcast()
I/AndroidRipper(  833): Recived message: PING
V/AndroidRipperService(  734): send()
I/System.out(  734): {"type":"PONG","index":"10"}
V/AndroidRipperService(  734): broadcast() done
V/        (  734): ready
V/RipperService(  734): END
V/AndroidRipperService(  734): mHandler.handleMessage() RECIVED
V/AndroidRipperService(  734): broadcast()
I/AndroidRipper(  833): Recived message: END
V/AndroidRipperService(  734): broadcast() done
V/        (  734): ready
V/SERVER  (  734): ServerSocket on PORT 8888: offline
V/AndroidRipperService(  734): mHandler.handleMessage() DISCONNECTED
V/SERVER  (  734): Ready to accept connections on port: 8888
D/dalvikvm(  303): GC_CONCURRENT freed 665K, 25% free 5752K/7592K, paused 73ms+56ms, total 290ms
W/ActivityManager(  303): Unable to start service Intent { cmp=com.android.email/.service.AttachmentDownloadService } U=0: not found
W/ActivityManager(  303): Unable to start service Intent { cmp=com.android.email/.service.AttachmentDownloadService } U=0: not found
V/AndroidRipperService(  734): unregister()
W/WindowManager(  303): Failure taking screenshot for (246x410) to layer 21005
I/Choreographer(  471): Skipped 44 frames!  The application may be doing too much work on its main thread.
I/AccountTypeManager(  577): Loaded meta-data for 1 account types, 0 accounts in 337ms(wall) 36ms(cpu)
E/SurfaceFlinger(   37): ro.sf.lcd_density must be defined as a build property
D/dalvikvm(  471): GC_FOR_ALLOC freed 1772K, 44% free 5307K/9436K, paused 173ms, total 194ms
I/dalvikvm-heap(  471): Grow heap (frag case) to 6.629MB for 1463056-byte allocation
D/dalvikvm(  471): GC_FOR_ALLOC freed 19K, 29% free 6716K/9436K, paused 132ms, total 132ms
D/dalvikvm(  471): GC_CONCURRENT freed 25K, 29% free 6783K/9436K, paused 9ms+5ms, total 182ms
D/dalvikvm(  471): WAIT_FOR_CONCURRENT_GC blocked 173ms
I/dalvikvm-heap(  471): Grow heap (frag case) to 8.071MB for 1463056-byte allocation
D/dalvikvm(  471): GC_FOR_ALLOC freed 24K, 25% free 8187K/10868K, paused 162ms, total 181ms
I/Choreographer(  471): Skipped 371 frames!  The application may be doing too much work on its main thread.
I/Launcher.Model(  471): not binding apps: no Launcher activity
W/ActivityManager(  303): Unable to start service Intent { cmp=com.android.email/.service.AttachmentDownloadService } U=0: not found
D/Mms:app (  782): cancelNotification
V/AndroidRipperService(  734): unregister()
I/Choreographer(  471): Skipped 279 frames!  The application may be doing too much work on its main thread.
D/dalvikvm(  833): JIT unchain all for threadid=13
D/ExchangeService(  747): !!! EAS ExchangeService, onStartCommand, startingUp = true, running = false
D/ExchangeService(  747): Received deviceId from Email app: androidc259148960
D/dalvikvm(  471): GC_CONCURRENT freed 2430K, 30% free 7687K/10868K, paused 16ms+5ms, total 168ms
D/dalvikvm(  471): WAIT_FOR_CONCURRENT_GC blocked 153ms
D/ExchangeService(  747): Reconciling accounts...
I/Choreographer(  471): Skipped 68 frames!  The application may be doing too much work on its main thread.
D/dalvikvm(  833): JIT unchain all for threadid=13
D/dalvikvm(  833): GC_EXPLICIT freed 42K, 8% free 3271K/3540K, paused 335ms+281ms, total 647ms
D/dalvikvm(  833): JIT unchain all for threadid=13
I/Choreographer(  471): Skipped 131 frames!  The application may be doing too much work on its main thread.
D/dalvikvm(  833): JIT unchain all for threadid=13
D/dalvikvm(  833): GC_EXPLICIT freed 8K, 8% free 3264K/3540K, paused 284ms+319ms, total 656ms
D/PolideaInstrumentationTestRunner(  833): Finished test: testApplication(it.unina.android.ripper.RipperTestCase)
I/TestRunner(  833): finished: testApplication(it.unina.android.ripper.RipperTestCase)
I/TestRunner(  833): passed: testApplication(it.unina.android.ripper.RipperTestCase)
I/System.out(  833): EMMA: runtime coverage data written to [/data/data/net.fercanet.LNM/files/coverage.ec] {in 15 ms}
D/PolideaInstrumentationTestRunner(  833): Post processing
D/PolideaInstrumentationTestRunner(  833): Packages: 1
D/PolideaInstrumentationTestRunner(  833): Processing package package it.unina.android.ripper
D/PolideaInstrumentationTestRunner(  833): Writing to file /data/data/net.fercanet.LNM/files/it.unina.android.ripper-TEST.xml
D/PolideaInstrumentationTestRunner(  833): closing file
D/AndroidRuntime(  816): Shutting down VM
D/dalvikvm(  816): GC_CONCURRENT freed 95K, 18% free 462K/560K, paused 1ms+1ms, total 9ms
I/ActivityManager(  303): Force stopping package net.fercanet.LNM appid=10048 user=0
I/ActivityManager(  303): Killing proc 833:net.fercanet.LNM/u0a10048: force stop net.fercanet.LNM
D/dalvikvm(  471): GC_FOR_ALLOC freed 293K, 23% free 8372K/10868K, paused 29ms, total 34ms
I/dalvikvm-heap(  471): Grow heap (frag case) to 9.624MB for 1463056-byte allocation
D/dalvikvm(  471): GC_FOR_ALLOC freed 2K, 21% free 9798K/12300K, paused 33ms, total 33ms
D/Eas Debug(  747): Logging: 
D/dalvikvm(  601): GC_CONCURRENT freed 199K, 10% free 2563K/2820K, paused 18ms+72ms, total 158ms
D/dalvikvm(  708): GC_CONCURRENT freed 189K, 9% free 2580K/2832K, paused 10ms+3ms, total 79ms
D/ExchangeService(  747): !!! EAS ExchangeService, onStartCommand, startingUp = false, running = false
D/ExchangeService(  747): Reconciling accounts...
D/dalvikvm(  457): GREF has increased to 201
W/MediaProvider(  601): no database for scanned volume external
D/Mms:app (  782): cancelNotification
W/PackageManager(  282): Unknown permission com.android.smspush.WAPPUSH_MANAGER_BIND in package com.android.phone
W/PackageManager(  282): Unknown permission com.google.android.googleapps.permission.GOOGLE_AUTH in package com.android.providers.calendar
W/PackageManager(  282): Unknown permission com.google.android.googleapps.permission.GOOGLE_AUTH.cl in package com.android.providers.calendar
W/PackageManager(  282): Unknown permission com.google.android.googleapps.permission.GOOGLE_AUTH.mail in package com.android.calendar
W/PackageManager(  282): Not granting permission android.permission.SEND_DOWNLOAD_COMPLETED_INTENTS to package com.android.browser (protectionLevel=2 flags=0x9be45)
W/PackageManager(  282): Not granting permission android.permission.BIND_APPWIDGET to package com.android.widgetpreview (protectionLevel=18 flags=0x8be44)
W/PackageManager(  282): Unknown permission com.google.android.googleapps.permission.GOOGLE_AUTH in package com.android.settings
W/PackageManager(  282): Unknown permission com.google.android.gallery3d.permission.GALLERY_PROVIDER in package com.android.exchange
W/PackageManager(  282): Unknown permission com.google.android.googleapps.permission.ACCESS_GOOGLE_PASSWORD in package com.android.development
W/PackageManager(  282): Unknown permission com.google.android.googleapps.permission.GOOGLE_AUTH in package com.android.development
W/PackageManager(  282): Unknown permission com.google.android.googleapps.permission.GOOGLE_AUTH.ALL_SERVICES in package com.android.development
W/PackageManager(  282): Unknown permission com.google.android.googleapps.permission.GOOGLE_AUTH.YouTubeUser in package com.android.development
W/PackageManager(  282): Unknown permission com.google.android.gallery3d.permission.GALLERY_PROVIDER in package com.android.email
W/PackageManager(  282): Not granting permission android.permission.DEVICE_POWER to package com.android.deskclock (protectionLevel=2 flags=0x8be45)
D/dalvikvm(  282): GC_CONCURRENT freed 229K, 8% free 3742K/4032K, paused 5ms+5ms, total 103ms
D/dalvikvm(  282): GC_EXPLICIT freed 251K, 12% free 3634K/4108K, paused 3ms+4ms, total 145ms
I/SystemServer(  282): User Service
I/SystemServer(  282): Account Manager
I/SystemServer(  282): Content Manager
I/SystemServer(  282): System Content Providers
I/SystemServer(  282): Lights Service
I/SystemServer(  282): Battery Service
I/SystemServer(  282): Vibrator Service
I/libsuspend(  282): Selected early suspend
I/libsuspend(  282): Starting early suspend unblocker thread
D/PermissionCache(   37): checking android.permission.ACCESS_SURFACE_FLINGER for uid=1000 => granted (51591 us)
D/SurfaceFlinger(   37): Screen acquired, type=0 flinger=0x2a007318
D/SurfaceFlinger(   37):  screen was previously acquired
I/SystemServer(  282): Alarm Manager
D/AlarmManagerService(  282): Kernel timezone updated to 0 minutes west of GMT
I/SystemServer(  282): Init Watchdog
I/SystemServer(  282): Input Manager
I/InputManager(  282): Initializing input manager, mUseDevInputEventForAudioJack=false
I/SystemServer(  282): Window Manager
E/SoundPool(  282): error loading /system/media/audio/ui/Lock.ogg
W/KeyguardViewMediator(  282): failed to load lock sound from /system/media/audio/ui/Lock.ogg
E/SoundPool(  282): error loading /system/media/audio/ui/Unlock.ogg
W/KeyguardViewMediator(  282): failed to load unlock sound from /system/media/audio/ui/Unlock.ogg
I/InputManager(  282): Starting input manager
I/SystemServer(  282): No Bluetooh Service (emulator)
I/SystemServer(  282): Input Method Service
W/InputMethodManagerService(  282): Couldn't create dir.: /data/system/inputmethod
I/EventHub(  282): New device: id=1, fd=89, path='/dev/input/event0', name='qwerty2', classes=0x2d, configuration='/system/usr/idc/qwerty2.idc', keyLayout='/system/usr/keylayout/qwerty.kl', keyCharacterMap='/system/usr/keychars/qwerty2.kcm', builtinKeyboard=true, usingSuspendBlockIoctl=false, usingClockIoctl=false
E/EventHub(  282): could not get driver version for /dev/input/mouse0, Not a typewriter
E/EventHub(  282): could not get driver version for /dev/input/mice, Not a typewriter
I/InputReader(  282): Device added: id=-1, name='Virtual', sources=0x00000301
I/InputReader(  282):   Touch device 'qwerty2' could not query the properties of its associated display.  The device will be inoperable until the display size becomes available.
I/InputReader(  282): Device added: id=0, name='qwerty2', sources=0x00011307
D/dalvikvm(  282): GC_CONCURRENT freed 296K, 9% free 3846K/4212K, paused 9ms+110ms, total 433ms
D/dalvikvm(  282): WAIT_FOR_CONCURRENT_GC blocked 263ms
D/dalvikvm(  282): WAIT_FOR_CONCURRENT_GC blocked 13ms
E/Trace   (  282): error opening trace file: No such file or directory (2)
I/SystemServer(  282): Accessibility Manager
I/ActivityManager(  282): Config changes=15f8 {1.0 ?mcc?mnc en_US ldltr sw320dp w320dp h508dp 240dpi nrml long port ?uimode ?night finger -keyb/v/h tball/v s.2}
I/InputReader(  282): Reconfiguring input devices.  changes=0x00000004
I/InputReader(  282): Device reconfigured: id=0, name='qwerty2', size 480x800, orientation 0, mode 1, display id 0
I/InputReader(  282): Reconfiguring input devices.  changes=0x00000004
I/InputReader(  282): Device reconfigured: id=0, name='qwerty2', size 480x800, orientation 0, mode 1, display id 0
I/SystemServer(  282): Mount Service
D/MountService(  282): got storage path: /mnt/sdcard description: USB storage primary: true removable: false emulated: false mtpReserve: 0 allowMassStorage: false maxFileSize: 0
D/MountService(  282): addVolumeLocked() StorageVolume [mStorageId=0 mPath=/mnt/sdcard mDescriptionId=17040615 mPrimary=true mRemovable=false mEmulated=false mMtpReserveSpace=0 mAllowMassStorage=false mMaxFileSize=0 mOwner=null]
I/SystemServer(  282): LockSettingsService
I/SystemServer(  282): Device Policy
I/SystemServer(  282): Status Bar
D/dalvikvm(  282): GREF has increased to 201
D/MountService(  282): volume state changed for /mnt/sdcard (null -> unmounted)
I/PackageManager(  282): Updating external media status from unmounted to unmounted
I/SystemServer(  282): Clipboard Service
I/SystemServer(  282): NetworkManagement Service
I/SystemServer(  282): Text Service Manager Service
I/SystemServer(  282): NetworkStats Service
I/SystemServer(  282): NetworkPolicy Service
W/MountService(  282): getSecureContainerList() called when storage not mounted
I/PackageManager(  282): No secure containers on sdcard
W/PackageManager(  282): Unknown permission com.google.android.googleapps.permission.GOOGLE_AUTH.mail in package com.android.contacts
W/PackageManager(  282): Unknown permission android.permission.ADD_SYSTEM_SERVICE in package com.android.phone
I/SystemServer(  282): Wi-Fi P2pService
W/PackageManager(  282): Unknown permission com.android.smspush.WAPPUSH_MANAGER_BIND in package com.android.phone
W/PackageManager(  282): Unknown permission com.google.android.googleapps.permission.GOOGLE_AUTH in package com.android.providers.calendar
W/PackageManager(  282): Unknown permission com.google.android.googleapps.permission.GOOGLE_AUTH.cl in package com.android.providers.calendar
W/PackageManager(  282): Unknown permission com.google.android.googleapps.permission.GOOGLE_AUTH.mail in package com.android.calendar
W/PackageManager(  282): Not granting permission android.permission.SEND_DOWNLOAD_COMPLETED_INTENTS to package com.android.browser (protectionLevel=2 flags=0x89be45)
W/PackageManager(  282): Not granting permission android.permission.BIND_APPWIDGET to package com.android.widgetpreview (protectionLevel=18 flags=0x8be44)
W/PackageManager(  282): Unknown permission com.google.android.googleapps.permission.GOOGLE_AUTH in package com.android.settings
W/PackageManager(  282): Unknown permission com.google.android.gallery3d.permission.GALLERY_PROVIDER in package com.android.exchange
W/PackageManager(  282): Unknown permission com.google.android.googleapps.permission.ACCESS_GOOGLE_PASSWORD in package com.android.development
W/PackageManager(  282): Unknown permission com.google.android.googleapps.permission.GOOGLE_AUTH in package com.android.development
W/PackageManager(  282): Unknown permission com.google.android.googleapps.permission.GOOGLE_AUTH.ALL_SERVICES in package com.android.development
W/PackageManager(  282): Unknown permission com.google.android.googleapps.permission.GOOGLE_AUTH.YouTubeUser in package com.android.development
W/PackageManager(  282): Unknown permission com.google.android.gallery3d.permission.GALLERY_PROVIDER in package com.android.email
W/PackageManager(  282): Not granting permission android.permission.DEVICE_POWER to package com.android.deskclock (protectionLevel=2 flags=0x88be45)
D/dalvikvm(  282): GC_CONCURRENT freed 320K, 9% free 3959K/4348K, paused 4ms+4ms, total 171ms
I/SystemServer(  282): Wi-Fi Service
E/CommandListener(   34): Failed to open /proc/sys/net/ipv6/conf/wlan0/disable_ipv6: No such file or directory
E/WifiStateMachine(  282): Failed to disable IPv6: java.lang.IllegalStateException: command '1 interface ipv6 wlan0 disable' failed with '400 1 Failed to change IPv6 state (No such file or directory)'
I/SystemServer(  282): Connectivity Service
D/ConnectivityService(  282): ConnectivityService starting up
E/MobileDataStateTracker(  282): default: Ignoring feature request because could not acquire PhoneService
E/MobileDataStateTracker(  282): default: Could not enable APN type "default"
I/WifiService(  282): WifiService starting up with Wi-Fi disabled
I/SystemServer(  282): Network Service Discovery Service
D/NsdService(  282): Network service discovery enabled true
I/SystemServer(  282): Throttle Service
I/SystemServer(  282): UpdateLock Service
I/SystemServer(  282): Notification Manager
I/SystemServer(  282): Device Storage Monitor
I/SystemServer(  282): Location Manager
I/SystemServer(  282): Country Detector
I/SystemServer(  282): Search Service
I/SystemServer(  282): DropBox Service
I/SystemServer(  282): Wallpaper Service
I/SystemServer(  282): Audio Service
D/dalvikvm(  282): GC_CONCURRENT freed 248K, 8% free 4195K/4512K, paused 6ms+81ms, total 237ms
I/SystemServer(  282): Dock Observer
W/DockObserver(  282): This kernel does not have dock station support
I/SystemServer(  282): Wired Accessory Manager
W/WiredAccessoryManager(  282): This kernel does not have wired headset support
W/WiredAccessoryManager(  282): This kernel does not have usb audio support
W/WiredAccessoryManager(  282): This kernel does not have HDMI audio support
I/SystemServer(  282): USB Service
I/SystemServer(  282): Serial Service
I/SystemServer(  282): Twilight Service
I/SystemServer(  282): UI Mode Manager Service
I/SystemServer(  282): Backup Service
V/BackupManagerService(  282): No ancestral data
