W/AudioService(  282): Soundpool could not load file: /system/media/audio/ui/KeypressReturn.ogg
W/AudioService(  282): loadSoundEffects(), Error -1 while loading samples
D/dalvikvm(  397): GC_FOR_ALLOC freed 52K, 4% free 2856K/2968K, paused 126ms, total 213ms
I/dalvikvm-heap(  397): Grow heap (frag case) to 4.217MB for 1440016-byte allocation
D/dalvikvm(  397): GC_CONCURRENT freed 12K, 3% free 4250K/4376K, paused 4ms+68ms, total 145ms
I/Choreographer(  282): Skipped 70 frames!  The application may be doing too much work on its main thread.
I/Choreographer(  282): Skipped 106 frames!  The application may be doing too much work on its main thread.
E/BluetoothAdapter(  345): Bluetooth binder is null
D/SystemUIService(  345): loading: class com.android.systemui.power.PowerUI
D/SystemUIService(  345): running: com.android.systemui.power.PowerUI@40e418c8
D/SystemUIService(  345): loading: class com.android.systemui.media.RingtonePlayer
D/SystemUIService(  345): running: com.android.systemui.media.RingtonePlayer@40e42588
I/Choreographer(  345): Skipped 5113 frames!  The application may be doing too much work on its main thread.
W/dalvikvm(  447): threadid=2: spin on suspend #1 threadid=11 (pcf=0)
D/dalvikvm(  447): Temporarily moving tid 510 to fg (was 0)
D/dalvikvm(  447): Temporarily raised priority on tid 510 (10 -> 0)
W/dalvikvm(  447): threadid=2: spin on suspend resolved in 1040 msec
D/dalvikvm(  447): Restored policy of 510 to 0
D/dalvikvm(  447): Restored priority on 510 to 10
D/dalvikvm(  447): GC_CONCURRENT freed 213K, 10% free 2589K/2868K, paused 1141ms+3ms, total 1324ms
I/dalvikvm(  389): Wrote stack traces to '/data/anr/traces.txt'
D/dalvikvm(  282): GREF has increased to 401
D/DebugService(  389): DebugService DebugService:
D/TelephonyDebugService(  389): TelephonyDebugService()
D/dalvikvm(  389): GC_CONCURRENT freed 319K, 13% free 2669K/3040K, paused 4ms+3ms, total 427ms
E/SurfaceFlinger(   37): ro.sf.lcd_density must be defined as a build property
V/TAG     (  282): bug 7643792: fitSystemWindows([0,38][0,0])
I/Choreographer(  282): Skipped 93 frames!  The application may be doing too much work on its main thread.
D/dalvikvm(  282): GC_EXPLICIT freed 1668K, 23% free 5780K/7504K, paused 955ms+245ms, total 2982ms
D/PhoneStatusBar(  345): disable: < expand icons alerts ticker system_info BACK* HOME* RECENT* CLOCK* SEARCH* >
I/Choreographer(  282): Skipped 185 frames!  The application may be doing too much work on its main thread.
D/dalvikvm(  345): GC_CONCURRENT freed 149K, 6% free 3880K/4088K, paused 4ms+126ms, total 319ms
I/Choreographer(  345): Skipped 1210 frames!  The application may be doing too much work on its main thread.
D/gralloc_goldfish(  345): Emulator without GPU emulation detected.
W/WindowManager(  282): Window freeze timeout expired.
W/WindowManager(  282): Force clearing orientation change: Window{40ed5138 u0 StatusBar}
W/Settings(  389): Setting auto_time_zone has moved from android.provider.Settings.System to android.provider.Settings.Global, returning read-only value.
I/Process (  282): Sending signal. PID: 397 SIG: 3
I/dalvikvm(  397): threadid=3: reacting to signal 3
I/dalvikvm(  397): Wrote stack traces to '/data/anr/traces.txt'
I/Process (  282): Sending signal. PID: 447 SIG: 3
I/dalvikvm(  447): threadid=3: reacting to signal 3
I/Process (  282): Sending signal. PID: 468 SIG: 3
E/ActivityManager(  282): ANR in com.android.systemui
E/ActivityManager(  282): Reason: Executing service com.android.systemui/.SystemUIService
E/ActivityManager(  282): Load: 7.6 / 2.08 / 0.71
E/ActivityManager(  282): CPU usage from 1312ms to -13580ms ago:
E/ActivityManager(  282):   20% 282/system_server: 13% user + 7.5% kernel / faults: 4041 minor 4 major
E/ActivityManager(  282):   16% 37/surfaceflinger: 12% user + 3.4% kernel / faults: 2 minor
E/ActivityManager(  282):   8.8% 397/com.android.launcher: 6% user + 2.8% kernel / faults: 4511 minor 2 major
E/ActivityManager(  282):   6.6% 345/com.android.systemui: 4.4% user + 2.1% kernel / faults: 1508 minor 3 major
E/ActivityManager(  282):   4.6% 447/android.process.acore: 3.2% user + 1.4% kernel / faults: 1598 minor 1 major
E/ActivityManager(  282):   4.1% 86/bootanimation: 2.6% user + 1.5% kernel
E/ActivityManager(  282):   4.1% 389/com.android.phone: 2% user + 2% kernel / faults: 668 minor 6 major
E/ActivityManager(  282):   2.9% 468/android.process.media: 1.3% user + 1.5% kernel / faults: 582 minor 4 major
E/ActivityManager(  282):   0.9% 481/com.android.contacts: 0.3% user + 0.6% kernel / faults: 697 minor 13 major
E/ActivityManager(  282):   0.3% 431/com.android.music: 0.2% user + 0% kernel / faults: 182 minor
E/ActivityManager(  282):   0.1% 29/mmcqd: 0% user + 0.1% kernel
E/ActivityManager(  282):   0.1% 31/servicemanager: 0% user + 0.1% kernel
E/ActivityManager(  282):   0.1% 374/com.android.inputmethod.latin: 0.1% user + 0% kernel / faults: 75 minor 1 major
E/ActivityManager(  282):   0% 32/vold: 0% user + 0% kernel / faults: 18 minor
E/ActivityManager(  282):   0% 36/rild: 0% user + 0% kernel / faults: 1 minor
E/ActivityManager(  282):   0% 40/mediaserver: 0% user + 0% kernel
E/ActivityManager(  282): 100% TOTAL: 66% user + 33% kernel + 0% softirq
E/ActivityManager(  282): CPU usage from 10500ms to 11618ms later:
E/ActivityManager(  282):   12% 345/com.android.systemui: 9.2% user + 3.3% kernel / faults: 257 minor
E/ActivityManager(  282):     5.8% 359/Compiler: 3.8% user + 1.9% kernel
E/ActivityManager(  282):     4.8% 345/ndroid.systemui: 3.8% user + 0.9% kernel
E/ActivityManager(  282):     2.4% 362/FinalizerDaemon: 0.4% user + 1.9% kernel
E/ActivityManager(  282):     1.4% 349/GC: 1.4% user + 0% kernel
E/ActivityManager(  282):   19% 282/system_server: 10% user + 9% kernel / faults: 126 minor
E/ActivityManager(  282):     11% 299/ActivityManager: 7.9% user + 3.4% kernel
E/ActivityManager(  282):     9% 289/Compiler: 3.4% user + 5.6% kernel
E/ActivityManager(  282):     7.9% 298/WindowManager: 7.9% user + 0% kernel
E/ActivityManager(  282):     5.6% 297/UI: 5.6% user + 0% kernel
E/ActivityManager(  282):     1.1% 293/Binder_1: 1.1% user + 0% kernel
E/ActivityManager(  282):     1.1% 425/Binder_5: 0% user + 1.1% kernel
E/ActivityManager(  282):     1.1% 528/Binder_B: 0% user + 1.1% kernel
E/ActivityManager(  282):   8.4% 397/com.android.launcher: 3.4% user + 4.9% kernel / faults: 831 minor
E/ActivityManager(  282):     9.9% 397/ndroid.launcher: 4.4% user + 5.4% kernel
E/ActivityManager(  282):     4.9% 430/launcher-loader: 2.4% user + 2.4% kernel
E/ActivityManager(  282):     0.4% 410/Compiler: 0% user + 0.4% kernel
E/ActivityManager(  282):   14% 37/surfaceflinger: 10% user + 4.2% kernel
E/ActivityManager(  282):     12% 67/SurfaceFlinger: 11% user + 1% kernel
E/ActivityManager(  282):   5.3% 389/com.android.phone: 2.4% user + 2.9% kernel / faults: 96 minor
E/ActivityManager(  282):     8.7% 389/m.android.phone: 4.3% user + 4.3% kernel
E/ActivityManager(  282):     2.9% 396/Compiler: 0.9% user + 1.9% kernel
E/ActivityManager(  282):     0.4% 497/AsyncTask #1: 0% user + 0.4% kernel
E/ActivityManager(  282):   5.6% 86/bootanimation: 3.4% user + 2.2% kernel
E/ActivityManager(  282):     3.4% 107/BootAnimation: 1.1% user + 2.2% kernel
E/ActivityManager(  282):   0.5% 447/android.process.acore: 0% user + 0.5% kernel / faults: 78 minor
E/ActivityManager(  282):     0.5% 451/GC: 0.5% user + 0% kernel
E/ActivityManager(  282):   0.1% 468/android.process.media: 0.1% user + 0% kernel / faults: 4 minor
E/ActivityManager(  282): 100% TOTAL: 61% user + 38% kernel
W/ActivityManager(  282): Killing ProcessRecord{40ef27e0 345:com.android.systemui/u0a10034}: background ANR
I/dalvikvm(  468): threadid=3: reacting to signal 3
I/dalvikvm(  447): Wrote stack traces to '/data/anr/traces.txt'
I/dalvikvm(  468): Wrote stack traces to '/data/anr/traces.txt'
W/InputDispatcher(  282): channel '40ed5138 StatusBar (server)' ~ Consumer closed input channel or an error occurred.  events=0x9
E/InputDispatcher(  282): channel '40ed5138 StatusBar (server)' ~ Channel is unrecoverably broken and will be disposed!
I/WindowState(  282): WIN DEATH: Window{40ed5138 u0 StatusBar}
W/InputDispatcher(  282): Attempted to unregister already unregistered input channel '40ed5138 StatusBar (server)'
I/ActivityManager(  282): Process com.android.systemui (pid 345) has died.
D/dalvikvm(  282): GC_CONCURRENT freed 302K, 16% free 6332K/7504K, paused 136ms+6ms, total 247ms
D/dalvikvm(  282): WAIT_FOR_CONCURRENT_GC blocked 132ms
D/dalvikvm(  282): WAIT_FOR_CONCURRENT_GC blocked 122ms
W/ActivityManager(  282): Scheduling restart of crashed service com.android.systemui/.ImageWallpaper in 0ms
W/ActivityManager(  282): Scheduling restart of crashed service com.android.systemui/.SystemUIService in 0ms
D/dalvikvm(  282): WAIT_FOR_CONCURRENT_GC blocked 139ms
D/dalvikvm(  282): WAIT_FOR_CONCURRENT_GC blocked 144ms
D/dalvikvm(  282): WAIT_FOR_CONCURRENT_GC blocked 145ms
D/dalvikvm(  282): WAIT_FOR_CONCURRENT_GC blocked 173ms
D/dalvikvm(  282): WAIT_FOR_CONCURRENT_GC blocked 165ms
D/dalvikvm(  282): WAIT_FOR_CONCURRENT_GC blocked 132ms
D/dalvikvm(   38): GC_EXPLICIT freed 35K, 4% free 2381K/2476K, paused 2ms+3ms, total 54ms
D/dalvikvm(   38): GC_EXPLICIT freed <1K, 4% free 2382K/2476K, paused 2ms+2ms, total 59ms
D/dalvikvm(  282): WAIT_FOR_CONCURRENT_GC blocked 272ms
I/ActivityManager(  282): Start proc com.android.systemui for restart com.android.systemui: pid=539 uid=10034 gids={50034, 1028, 1015, 3002, 3001}
D/dalvikvm(   38): GC_EXPLICIT freed <1K, 4% free 2382K/2476K, paused 3ms+12ms, total 65ms
D/dalvikvm(  397): GC_CONCURRENT freed 173K, 5% free 4594K/4828K, paused 4ms+3ms, total 124ms
D/dalvikvm(  282): GC_FOR_ALLOC freed 317K, 15% free 6413K/7504K, paused 636ms, total 676ms
I/dalvikvm-heap(  282): Grow heap (frag case) to 6.577MB for 262190-byte allocation
D/dalvikvm(  282): GC_FOR_ALLOC freed <1K, 15% free 6669K/7764K, paused 209ms, total 210ms
I/Choreographer(  282): Skipped 163 frames!  The application may be doing too much work on its main thread.
I/Choreographer(  282): Skipped 163 frames!  The application may be doing too much work on its main thread.
D/dalvikvm(  282): GC_FOR_ALLOC freed 782K, 25% free 5893K/7764K, paused 328ms, total 328ms
I/Choreographer(  397): Skipped 55 frames!  The application may be doing too much work on its main thread.
V/TAG     (  282): bug 7643792: fitSystemWindows([0,0][0,0])
W/WindowManager(  282): Window freeze timeout expired.
W/WindowManager(  282): Force clearing orientation change: Window{40eefb30 u0 Keyguard}
I/Choreographer(  282): Skipped 46 frames!  The application may be doing too much work on its main thread.
E/Trace   (  539): error opening trace file: No such file or directory (2)
E/SurfaceFlinger(   37): ro.sf.lcd_density must be defined as a build property
D/dalvikvm(  282): WAIT_FOR_CONCURRENT_GC blocked 3730ms
W/GpsLocationProvider(  282): Could not open GPS configuration file /etc/gps.conf
D/SystemUIService(  539): loading: class com.android.systemui.statusbar.phone.PhoneStatusBar
D/CAT     (  389): CatService: Running CAT service. STK app installed:false
D/CAT     (  389): CatService: NEW sInstance
D/dalvikvm(  282): WAIT_FOR_CONCURRENT_GC blocked 3958ms
D/SystemUIService(  539): running: com.android.systemui.statusbar.phone.PhoneStatusBar@40cdd150
E/VoldConnector(  282): NDC Command {4 asec list} took too long (5702ms)
I/PackageManager(  282): No secure containers on sdcard
I/Choreographer(  397): Skipped 337 frames!  The application may be doing too much work on its main thread.
W/PackageManager(  282): Unknown permission com.google.android.googleapps.permission.GOOGLE_AUTH.mail in package com.android.contacts
W/PackageManager(  282): Unknown permission android.permission.ADD_SYSTEM_SERVICE in package com.android.phone
W/PackageManager(  282): Unknown permission com.android.smspush.WAPPUSH_MANAGER_BIND in package com.android.phone
W/PackageManager(  282): Unknown permission com.google.android.googleapps.permission.GOOGLE_AUTH in package com.android.providers.calendar
W/PackageManager(  282): Unknown permission com.google.android.googleapps.permission.GOOGLE_AUTH.cl in package com.android.providers.calendar
W/PackageManager(  282): Unknown permission com.google.android.googleapps.permission.GOOGLE_AUTH.mail in package com.android.calendar
W/PackageManager(  282): Not granting permission android.permission.SEND_DOWNLOAD_COMPLETED_INTENTS to package com.android.browser (protectionLevel=2 flags=0x89be45)
W/PackageManager(  282): Not granting permission android.permission.BIND_APPWIDGET to package com.android.widgetpreview (protectionLevel=18 flags=0x8be44)
W/PackageManager(  282): Unknown permission com.google.android.googleapps.permission.GOOGLE_AUTH in package com.android.settings
W/PackageManager(  282): Unknown permission com.google.android.gallery3d.permission.GALLERY_PROVIDER in package com.android.exchange
W/PackageManager(  282): Unknown permission com.google.android.googleapps.permission.ACCESS_GOOGLE_PASSWORD in package com.android.development
W/PackageManager(  282): Unknown permission com.google.android.googleapps.permission.GOOGLE_AUTH in package com.android.development
W/PackageManager(  282): Unknown permission com.google.android.googleapps.permission.GOOGLE_AUTH.ALL_SERVICES in package com.android.development
W/PackageManager(  282): Unknown permission com.google.android.googleapps.permission.GOOGLE_AUTH.YouTubeUser in package com.android.development
W/PackageManager(  282): Unknown permission com.google.android.gallery3d.permission.GALLERY_PROVIDER in package com.android.email
W/PackageManager(  282): Not granting permission android.permission.DEVICE_POWER to package com.android.deskclock (protectionLevel=2 flags=0x88be45)
I/StatusBarManagerService(  282): registerStatusBar bar=com.android.internal.statusbar.IStatusBar$Stub$Proxy@40ed29f8
W/ServiceWatcher(  282): com.google.android.location not found
W/ServiceWatcher(  282): com.google.android.location not found
W/LocationManagerService(  282): no network location provider found
W/ServiceWatcher(  282): com.google.android.location not found
D/dalvikvm(  282): GC_CONCURRENT freed 995K, 27% free 5712K/7760K, paused 18ms+77ms, total 965ms
D/dalvikvm(  397): GC_CONCURRENT freed 91K, 4% free 5174K/5336K, paused 6ms+3ms, total 264ms
D/dalvikvm(  397): WAIT_FOR_CONCURRENT_GC blocked 147ms
D/dalvikvm(  397): GC_FOR_ALLOC freed 6K, 3% free 5674K/5844K, paused 228ms, total 294ms
I/ActivityManager(  282): Start proc com.android.location.fused for service com.android.location.fused/.FusedLocationService: pid=559 uid=10022 gids={50022, 1028}
W/ServiceWatcher(  282): com.google.android.location not found
E/LocationManagerService(  282): no geocoder provider found
D/CAT     (  389): CatService: SIM ready. Reporting STK service running now...
W/WallpaperService(  282): Failed attaching wallpaper; clearing
W/WallpaperService(  282): android.os.DeadObjectException
W/WallpaperService(  282): 	at android.os.BinderProxy.transact(Native Method)
W/WallpaperService(  282): 	at android.service.wallpaper.IWallpaperService$Stub$Proxy.attach(IWallpaperService.java:95)
W/WallpaperService(  282): 	at com.android.server.WallpaperManagerService.attachServiceLocked(WallpaperManagerService.java:960)
W/WallpaperService(  282): 	at com.android.server.WallpaperManagerService$WallpaperConnection.onServiceConnected(WallpaperManagerService.java:233)
W/WallpaperService(  282): 	at android.app.LoadedApk$ServiceDispatcher.doConnected(LoadedApk.java:1101)
W/WallpaperService(  282): 	at android.app.LoadedApk$ServiceDispatcher$RunConnection.run(LoadedApk.java:1118)
W/WallpaperService(  282): 	at android.os.Handler.handleCallback(Handler.java:725)
W/WallpaperService(  282): 	at android.os.Handler.dispatchMessage(Handler.java:92)
W/WallpaperService(  282): 	at android.os.Looper.loop(Looper.java:137)
W/WallpaperService(  282): 	at com.android.server.ServerThread.run(SystemServer.java:1000)
D/dalvikvm(  539): GC_CONCURRENT freed 122K, 7% free 2670K/2852K, paused 5ms+3ms, total 39ms
D/dalvikvm(  539): WAIT_FOR_CONCURRENT_GC blocked 19ms
I/dalvikvm-heap(  539): Grow heap (frag case) to 3.269MB for 635812-byte allocation
D/dalvikvm(  539): GC_FOR_ALLOC freed 5K, 6% free 3286K/3476K, paused 27ms, total 28ms
I/AccountTypeManager(  481): Loaded meta-data for 1 account types, 0 accounts in 6124ms(wall) 84ms(cpu)
D/dalvikvm(  397): GREF has increased to 201
I/Choreographer(  397): Skipped 1712 frames!  The application may be doing too much work on its main thread.
E/Trace   (  559): error opening trace file: No such file or directory (2)
I/Choreographer(  397): Skipped 147 frames!  The application may be doing too much work on its main thread.
D/dalvikvm(  389): GC_CONCURRENT freed 289K, 12% free 2772K/3120K, paused 3ms+279ms, total 583ms
E/BluetoothAdapter(  539): Bluetooth binder is null
E/BluetoothAdapter(  539): Bluetooth binder is null
I/RecoverySystem(  282): No recovery log file
E/BluetoothAdapter(  539): Bluetooth binder is null
W/SystemClock(  282): time going backwards: prev 95351465917(ioctl) vs now 95106466892(ioctl), tid=379
I/ActivityManager(  282): Start proc com.android.deskclock for broadcast com.android.deskclock/.AlarmInitReceiver: pid=579 uid=10006 gids={50006, 1028}
D/dalvikvm(  539): GC_CONCURRENT freed 67K, 4% free 3660K/3788K, paused 38ms+76ms, total 216ms
D/dalvikvm(  282): GC_CONCURRENT freed 856K, 25% free 5694K/7504K, paused 4ms+51ms, total 384ms
D/dalvikvm(  282): WAIT_FOR_CONCURRENT_GC blocked 120ms
E/Trace   (  579): error opening trace file: No such file or directory (2)
D/dalvikvm(  282): WAIT_FOR_CONCURRENT_GC blocked 141ms
I/Choreographer(  397): Skipped 707 frames!  The application may be doing too much work on its main thread.
E/BluetoothAdapter(  539): Bluetooth binder is null
D/gralloc_goldfish(  397): Emulator without GPU emulation detected.
I/Choreographer(  282): Skipped 901 frames!  The application may be doing too much work on its main thread.
D/dalvikvm(  397): GC_FOR_ALLOC freed 21K, 2% free 6317K/6432K, paused 22ms, total 26ms
I/dalvikvm-heap(  397): Grow heap (frag case) to 7.689MB for 1536016-byte allocation
D/dalvikvm(  397): GC_CONCURRENT freed 1K, 2% free 7815K/7936K, paused 4ms+4ms, total 55ms
D/dalvikvm(  397): WAIT_FOR_CONCURRENT_GC blocked 51ms
D/MccTable(  389): updateMccMncConfiguration: mcc=310, mnc=260
D/TelephonyManager(  389): getLteOnCdmaMode=0 curVal=-1 product_type='' lteOnCdmaProductType=''
D/MccTable(  389): locale set to en_us
D/MccTable(  389): WIFI_COUNTRY_CODE set to us
D/PhoneStatusBar(  539): disable: < expand icons alerts ticker system_info BACK* HOME* RECENT* CLOCK* SEARCH* >
I/WifiService(  282): WifiService trying to set country code to us with persist set to true
I/Choreographer(  397): Skipped 292 frames!  The application may be doing too much work on its main thread.
I/ActivityManager(  282): Config changes=1403 {1.0 310mcc260mnc en_US ldltr sw320dp w320dp h508dp 240dpi nrml long port finger -keyb/v/h tball/v s.4}
D/dalvikvm(  282): GC_CONCURRENT freed 676K, 24% free 5738K/7504K, paused 57ms+8ms, total 1363ms
D/dalvikvm(  282): WAIT_FOR_CONCURRENT_GC blocked 1309ms
I/dalvikvm-heap(  282): Grow heap (frag case) to 6.745MB for 1128976-byte allocation
D/dalvikvm(  282): GC_FOR_ALLOC freed 15K, 21% free 6826K/8608K, paused 122ms, total 123ms
I/ActivityManager(  282): Displayed com.android.launcher/com.android.launcher2.Launcher: +52s108ms
I/Choreographer(  282): Skipped 355 frames!  The application may be doing too much work on its main thread.
W/WindowManager(  282): ***** BOOT TIMEOUT: forcing display enabled
I/SurfaceFlinger(   37): Boot is finished (95981 ms)
W/SurfaceFlinger(   37): createScreenshotSurface failed (Function not implemented)
I/ActivityManager(  282): Config changes=1400 {1.0 310mcc260mnc en_US ldltr sw320dp w320dp h508dp 240dpi nrml long port finger -keyb/v/h tball/v s.5}
I/PowerManagerService(  282): Boot animation finished.
I/Choreographer(  282): Skipped 75 frames!  The application may be doing too much work on its main thread.
I/Choreographer(  282): Skipped 599 frames!  The application may be doing too much work on its main thread.
V/AlarmClock(  579): No next alarm
V/AlarmClock(  579): AlarmInitReceiver - Reset timers and clear stopwatch data
W/WindowManager(  282): Window freeze timeout expired.
W/WindowManager(  282): Force clearing orientation change: Window{40eefb30 u0 Keyguard}
I/Choreographer(  282): Skipped 93 frames!  The application may be doing too much work on its main thread.
W/Launcher.Model(  397): LoaderTask running with no launcher (loadAllAppsByBatch)
V/AlarmClock(  579): No next alarm
V/AlarmClock(  579): AlarmInitReceiver finished
W/Settings(  389): Setting auto_time_zone has moved from android.provider.Settings.System to android.provider.Settings.Global, returning read-only value.
V/TAG     (  282): bug 7643792: fitSystemWindows([0,38][0,0])
D/dalvikvm(  397): GC_CONCURRENT freed 1580K, 18% free 7993K/9632K, paused 4ms+50ms, total 286ms
D/MccTable(  389): updateMccMncConfiguration: mcc=310, mnc=260
D/TelephonyManager(  389): getLteOnCdmaMode=0 curVal=-1 product_type='' lteOnCdmaProductType=''
D/MccTable(  389): locale set to en_us
D/MccTable(  389): WIFI_COUNTRY_CODE set to us
I/WifiService(  282): WifiService trying to set country code to us with persist set to true
I/ActivityManager(  282): Config changes=1400 {1.0 310mcc260mnc en_US ldltr sw320dp w320dp h508dp 240dpi nrml long port finger -keyb/v/h tball/v s.6}
D/dalvikvm(  389): GC_CONCURRENT freed 302K, 12% free 2914K/3276K, paused 4ms+29ms, total 98ms
D/dalvikvm(  282): GC_FOR_ALLOC freed 1646K, 29% free 6115K/8608K, paused 141ms, total 157ms
W/ActivityManager(  282): Timeout executing service: ServiceRecord{40ef1f40 u0 com.android.systemui/.SystemUIService}
I/Process (  282): Sending signal. PID: 539 SIG: 3
I/dalvikvm(  539): threadid=3: reacting to signal 3
I/Process (  282): Sending signal. PID: 282 SIG: 3
I/dalvikvm(  282): threadid=3: reacting to signal 3
D/dalvikvm(  389): GC_CONCURRENT freed 442K, 15% free 2863K/3368K, paused 4ms+24ms, total 96ms
I/dalvikvm(  539): Can't dump thread 13: threadObj not set
I/dalvikvm(  539): Wrote stack traces to '/data/anr/traces.txt'
I/Process (  282): Sending signal. PID: 389 SIG: 3
I/dalvikvm(  389): threadid=3: reacting to signal 3
I/dalvikvm(  282): Wrote stack traces to '/data/anr/traces.txt'
I/dalvikvm(  389): Wrote stack traces to '/data/anr/traces.txt'
D/dalvikvm(  389): GC_CONCURRENT freed 11K, 16% free 2856K/3368K, paused 7ms+3ms, total 44ms
D/dalvikvm(  397): GC_FOR_ALLOC freed 3326K, 48% free 5051K/9632K, paused 100ms, total 118ms
I/dalvikvm-heap(  397): Grow heap (frag case) to 6.361MB for 1440016-byte allocation
D/dalvikvm(  282): GC_CONCURRENT freed 453K, 24% free 6599K/8608K, paused 35ms+16ms, total 305ms
D/dalvikvm(  282): WAIT_FOR_CONCURRENT_GC blocked 127ms
D/dalvikvm(  282): WAIT_FOR_CONCURRENT_GC blocked 151ms
D/dalvikvm(  282): WAIT_FOR_CONCURRENT_GC blocked 157ms
D/dalvikvm(  397): GC_FOR_ALLOC freed 25K, 34% free 6431K/9632K, paused 114ms, total 114ms
D/dalvikvm(  397): GC_CONCURRENT freed 6K, 34% free 6424K/9632K, paused 4ms+4ms, total 95ms
I/Choreographer(  282): Skipped 869 frames!  The application may be doing too much work on its main thread.
W/dalvikvm(  539): threadid=2: spin on suspend #1 threadid=12 (pcf=0)
D/dalvikvm(  539): Temporarily moving tid 593 to fg (was 0)
D/dalvikvm(  539): Temporarily raised priority on tid 593 (10 -> 0)
W/dalvikvm(  539): threadid=2: spin on suspend resolved in 1079 msec
D/dalvikvm(  539): Restored policy of 593 to 0
D/dalvikvm(  539): Restored priority on 593 to 10
D/ConnectivityService(  282): ConnectivityChange for mobile: CONNECTED/CONNECTED
D/dalvikvm(  539): GC_CONCURRENT freed 215K, 7% free 3832K/4108K, paused 1089ms+4ms, total 1282ms
W/WindowManager(  282): App freeze timeout expired.
W/WindowManager(  282): Force clearing freeze: AppWindowToken{40edf268 token=Token{40f61740 ActivityRecord{40f611b8 u0 com.android.launcher/com.android.launcher2.Launcher}}}
E/BluetoothAdapter(  539): Bluetooth binder is null
D/SystemUIService(  539): loading: class com.android.systemui.power.PowerUI
D/SystemUIService(  539): running: com.android.systemui.power.PowerUI@40e5ddd8
D/dalvikvm(  282): GC_CONCURRENT freed 915K, 22% free 6743K/8608K, paused 6ms+9ms, total 319ms
D/dalvikvm(  282): WAIT_FOR_CONCURRENT_GC blocked 45ms
D/dalvikvm(  282): WAIT_FOR_CONCURRENT_GC blocked 58ms
D/SystemUIService(  539): loading: class com.android.systemui.media.RingtonePlayer
D/SystemUIService(  539): running: com.android.systemui.media.RingtonePlayer@40cebcb0
D/dalvikvm(  282): WAIT_FOR_CONCURRENT_GC blocked 63ms
D/dalvikvm(  282): WAIT_FOR_CONCURRENT_GC blocked 64ms
D/dalvikvm(  282): WAIT_FOR_CONCURRENT_GC blocked 281ms
I/Choreographer(  539): Skipped 3563 frames!  The application may be doing too much work on its main thread.
D/dalvikvm(  282): GC_EXPLICIT freed 929K, 33% free 5838K/8608K, paused 16ms+7ms, total 262ms
D/dalvikvm(  282): WAIT_FOR_CONCURRENT_GC blocked 345ms
D/dalvikvm(  282): WAIT_FOR_CONCURRENT_GC blocked 350ms
I/Choreographer(  282): Skipped 431 frames!  The application may be doing too much work on its main thread.
D/dalvikvm(  282): GC_FOR_ALLOC freed 105K, 33% free 5836K/8608K, paused 102ms, total 105ms
I/dalvikvm-heap(  282): Grow heap (frag case) to 6.840MB for 1128976-byte allocation
I/FusedLocation(  559): engine started (com.android.location.fused)
D/dalvikvm(  282): GC_FOR_ALLOC freed 3K, 29% free 6935K/9712K, paused 57ms, total 57ms
E/SurfaceFlinger(   37): ro.sf.lcd_density must be defined as a build property
I/Choreographer(  282): Skipped 133 frames!  The application may be doing too much work on its main thread.
I/Process (  282): Sending signal. PID: 397 SIG: 3
I/dalvikvm(  397): threadid=3: reacting to signal 3
I/dalvikvm(  397): Wrote stack traces to '/data/anr/traces.txt'
I/Process (  282): Sending signal. PID: 447 SIG: 3
I/dalvikvm(  447): threadid=3: reacting to signal 3
D/dalvikvm(  397): GC_CONCURRENT freed 97K, 32% free 6553K/9632K, paused 4ms+3ms, total 112ms
D/dalvikvm(  282): GC_CONCURRENT freed 14K, 29% free 6939K/9712K, paused 28ms+35ms, total 673ms
I/Choreographer(  282): Skipped 96 frames!  The application may be doing too much work on its main thread.
E/ActivityManager(  282): ANR in com.android.systemui
E/ActivityManager(  282): Reason: Executing service com.android.systemui/.SystemUIService
E/ActivityManager(  282): Load: 9.16 / 2.91 / 1.02
E/ActivityManager(  282): CPU usage from 8364ms to 0ms ago:
E/ActivityManager(  282):   30% 282/system_server: 21% user + 8.9% kernel / faults: 7000 minor
E/ActivityManager(  282):   14% 37/surfaceflinger: 11% user + 3.8% kernel / faults: 1500 minor
E/ActivityManager(  282):   13% 397/com.android.launcher: 10% user + 2.8% kernel / faults: 2609 minor
E/ActivityManager(  282):   6.7% 539/com.android.systemui: 4.6% user + 2% kernel / faults: 740 minor
E/ActivityManager(  282):   5.6% 389/com.android.phone: 3.9% user + 1.7% kernel / faults: 761 minor
E/ActivityManager(  282):   5.5% 579/zygote: 1.4% user + 4% kernel / faults: 3415 minor 8 major
E/ActivityManager(  282):   0.6% 447/android.process.acore: 0.4% user + 0.1% kernel / faults: 30 minor
E/ActivityManager(  282):   0% 1//init: 0% user + 0% kernel / faults: 22 minor
E/ActivityManager(  282):   0.1% 374/com.android.inputmethod.latin: 0% user + 0% kernel / faults: 14 minor
E/ActivityManager(  282):   0.3% 468/android.process.media: 0.3% user + 0% kernel / faults: 11 minor
E/ActivityManager(  282):   0.2% 36/rild: 0% user + 0.2% kernel
E/ActivityManager(  282):   0.1% 31/servicemanager: 0% user + 0.1% kernel
E/ActivityManager(  282):   0.1% 431/com.android.music: 0% user + 0.1% kernel / faults: 4 minor
E/ActivityManager(  282): 100% TOTAL: 69% user + 30% kernel
E/ActivityManager(  282): CPU usage from 2797ms to 3895ms later:
E/ActivityManager(  282):   46% 282/system_server: 35% user + 11% kernel / faults: 552 minor
E/ActivityManager(  282):     21% 297/UI: 19% user + 2% kernel
E/ActivityManager(  282):     10% 299/ActivityManager: 3% user + 7% kernel
E/ActivityManager(  282):     7% 506/Binder_7: 7% user + 0% kernel
E/ActivityManager(  282):     4% 289/Compiler: 3% user + 1% kernel
E/ActivityManager(  282):     3% 284/GC: 3% user + 0% kernel
E/ActivityManager(  282):     2% 298/WindowManager: 0% user + 2% kernel
E/ActivityManager(  282):     2% 418/Binder_3: 2% user + 0% kernel
E/ActivityManager(  282):     1% 294/Binder_2: 1% user + 0% kernel
E/ActivityManager(  282):     1% 296/er.ServerThread: 1% user + 0% kernel
E/ActivityManager(  282):     1% 315/er$SensorThread: 0% user + 1% kernel
E/ActivityManager(  282):     1% 515/Binder_A: 0% user + 1% kernel
E/ActivityManager(  282):     1% 537/Binder_C: 1% user + 0% kernel
E/ActivityManager(  282):    +0% 616/LocationManager: 0% user + 0% kernel
E/ActivityManager(  282):   17% 37/surfaceflinger: 16% user + 0.9% kernel
E/ActivityManager(  282):     17% 67/SurfaceFlinger: 16% user + 0.9% kernel
E/ActivityManager(  282):   12% 539/com.android.systemui: 11% user + 1.1% kernel / faults: 313 minor
E/ActivityManager(  282):     7.9% 539/ndroid.systemui: 7.9% user + 0% kernel
E/ActivityManager(  282):     2.2% 546/Compiler: 2.2% user + 0% kernel
E/ActivityManager(  282):   11% 397/com.android.launcher: 2.3% user + 9.3% kernel / faults: 1048 minor
E/ActivityManager(  282):     16% 397/ndroid.launcher: 3.4% user + 12% kernel
E/ActivityManager(  282):     1.1% 410/Compiler: 1.1% user + 0% kernel
E/ActivityManager(  282):   0.4% 447/android.process.acore: 0.4% user + 0% kernel / faults: 2 minor
E/ActivityManager(  282): 100% TOTAL: 72% user + 27% kernel
W/ActivityManager(  282): Killing ProcessRecord{40ef27e0 539:com.android.systemui/u0a10034}: background ANR
I/Choreographer(  282): Skipped 45 frames!  The application may be doing too much work on its main thread.
D/Launcher.Model(  397): Reload apps on config change. curr_mcc:310 prevmcc:0
I/Choreographer(  397): Skipped 1441 frames!  The application may be doing too much work on its main thread.
I/Choreographer(  282): Skipped 32 frames!  The application may be doing too much work on its main thread.
I/dalvikvm(  447): Wrote stack traces to '/data/anr/traces.txt'
E/SurfaceFlinger(   37): ro.sf.lcd_density must be defined as a build property
D/dalvikvm(  282): GC_CONCURRENT freed 1547K, 32% free 6604K/9712K, paused 118ms+68ms, total 564ms
D/dalvikvm(  282): WAIT_FOR_CONCURRENT_GC blocked 455ms
D/dalvikvm(  282): WAIT_FOR_CONCURRENT_GC blocked 320ms
I/dalvikvm(  282): Jit: resizing JitTable from 4096 to 8192
W/InputDispatcher(  282): channel '40efee30 StatusBar (server)' ~ Consumer closed input channel or an error occurred.  events=0x9
E/InputDispatcher(  282): channel '40efee30 StatusBar (server)' ~ Channel is unrecoverably broken and will be disposed!
I/WindowState(  282): WIN DEATH: Window{40efee30 u0 StatusBar}
W/InputDispatcher(  282): Attempted to unregister already unregistered input channel '40efee30 StatusBar (server)'
I/ActivityManager(  282): Process com.android.systemui (pid 539) has died.
W/ActivityManager(  282): Scheduling restart of crashed service com.android.systemui/.ImageWallpaper in 0ms
W/ActivityManager(  282): Scheduling restart of crashed service com.android.systemui/.SystemUIService in 0ms
I/ActivityManager(  282): Start proc com.android.systemui for restart com.android.systemui: pid=619 uid=10034 gids={50034, 1028, 1015, 3002, 3001}
W/WallpaperService(  282): Wallpaper service gone: ComponentInfo{com.android.systemui/com.android.systemui.ImageWallpaper}
D/dalvikvm(  282): GC_EXPLICIT freed 1131K, 37% free 6140K/9712K, paused 12ms+115ms, total 293ms
D/Tethering(  282): MasterInitialState.processMessage what=3
D/dalvikvm(  397): GC_FOR_ALLOC freed 1535K, 48% free 5098K/9632K, paused 260ms, total 278ms
I/dalvikvm-heap(  397): Grow heap (frag case) to 6.429MB for 1463056-byte allocation
V/TAG     (  282): bug 7643792: fitSystemWindows([0,0][0,0])
I/Choreographer(  282): Skipped 47 frames!  The application may be doing too much work on its main thread.
E/Trace   (  619): error opening trace file: No such file or directory (2)
D/dalvikvm(  397): GC_CONCURRENT freed 452K, 37% free 6074K/9632K, paused 6ms+3ms, total 487ms
D/dalvikvm(  397): WAIT_FOR_CONCURRENT_GC blocked 471ms
D/dalvikvm(  397): GC_FOR_ALLOC freed <1K, 37% free 6074K/9632K, paused 116ms, total 116ms
I/dalvikvm-heap(  397): Grow heap (frag case) to 7.382MB for 1463056-byte allocation
D/SystemUIService(  619): loading: class com.android.systemui.statusbar.phone.PhoneStatusBar
D/dalvikvm(  397): GC_CONCURRENT freed 0K, 33% free 7503K/11064K, paused 4ms+3ms, total 105ms
D/dalvikvm(  397): WAIT_FOR_CONCURRENT_GC blocked 88ms
D/SystemUIService(  619): running: com.android.systemui.statusbar.phone.PhoneStatusBar@40cd8450
I/StatusBarManagerService(  282): registerStatusBar bar=com.android.internal.statusbar.IStatusBar$Stub$Proxy@40ef8658
D/dalvikvm(  397): GC_FOR_ALLOC freed 2858K, 58% free 4739K/11064K, paused 51ms, total 58ms
I/dalvikvm-heap(  397): Grow heap (frag case) to 6.149MB for 1536016-byte allocation
D/dalvikvm(  397): GC_CONCURRENT freed <1K, 44% free 6239K/11064K, paused 4ms+3ms, total 69ms
D/dalvikvm(  397): WAIT_FOR_CONCURRENT_GC blocked 54ms
D/dalvikvm(  397): GC_FOR_ALLOC freed <1K, 44% free 6239K/11064K, paused 36ms, total 40ms
D/dalvikvm(  619): GC_CONCURRENT freed 100K, 6% free 2669K/2832K, paused 4ms+3ms, total 71ms
D/dalvikvm(  619): WAIT_FOR_CONCURRENT_GC blocked 51ms
I/dalvikvm-heap(  619): Grow heap (frag case) to 3.272MB for 635812-byte allocation
D/dalvikvm(  619): GC_FOR_ALLOC freed 5K, 5% free 3285K/3456K, paused 24ms, total 24ms
I/dalvikvm-heap(  397): Grow heap (frag case) to 7.613MB for 1536016-byte allocation
D/dalvikvm(  397): GC_CONCURRENT freed <1K, 39% free 7739K/12568K, paused 4ms+10ms, total 63ms
D/dalvikvm(  397): WAIT_FOR_CONCURRENT_GC blocked 55ms
E/BluetoothAdapter(  619): Bluetooth binder is null
E/BluetoothAdapter(  619): Bluetooth binder is null
E/BluetoothAdapter(  619): Bluetooth binder is null
D/dalvikvm(  619): GC_CONCURRENT freed 67K, 4% free 3659K/3792K, paused 9ms+16ms, total 55ms
E/BluetoothAdapter(  619): Bluetooth binder is null
D/PhoneStatusBar(  619): disable: < expand icons alerts ticker system_info BACK* HOME* RECENT* CLOCK* SEARCH* >
I/ActivityManager(  282): Start proc com.android.email for broadcast com.android.email/.service.EmailBroadcastReceiver: pid=638 uid=10019 gids={50019, 3003, 1015, 1028}
E/Trace   (  638): error opening trace file: No such file or directory (2)
I/ActivityManager(  282): Start proc com.android.exchange for service com.android.exchange/.ExchangeService: pid=655 uid=10032 gids={50032, 3003, 1015, 1028}
I/ActivityManager(  282): Start proc com.android.providers.calendar for broadcast com.android.providers.calendar/.CalendarReceiver: pid=663 uid=10023 gids={50023, 3003, 1015, 1028}
E/Trace   (  655): error opening trace file: No such file or directory (2)
D/dalvikvm(  282): GREF has increased to 501
E/BluetoothAdapter(  619): Bluetooth binder is null
E/Trace   (  663): error opening trace file: No such file or directory (2)
D/SystemUIService(  619): loading: class com.android.systemui.power.PowerUI
D/SystemUIService(  619): running: com.android.systemui.power.PowerUI@40e4da58
D/SystemUIService(  619): loading: class com.android.systemui.media.RingtonePlayer
D/SystemUIService(  619): running: com.android.systemui.media.RingtonePlayer@40e4e840
E/SurfaceFlinger(   37): ro.sf.lcd_density must be defined as a build property
V/TAG     (  282): bug 7643792: fitSystemWindows([0,38][0,0])
I/Choreographer(  282): Skipped 45 frames!  The application may be doing too much work on its main thread.
D/dalvikvm(  619): GC_FOR_ALLOC freed 235K, 8% free 3730K/4028K, paused 85ms, total 171ms
I/dalvikvm-heap(  619): Grow heap (frag case) to 9.815MB for 6410576-byte allocation
D/dalvikvm(  619): GC_FOR_ALLOC freed 2K, 3% free 9989K/10292K, paused 50ms, total 50ms
D/dalvikvm(  619): GC_CONCURRENT freed <1K, 3% free 9988K/10292K, paused 4ms+5ms, total 81ms
I/ActivityManager(  282): Start proc com.android.mms for broadcast com.android.mms/.transaction.MmsSystemEventReceiver: pid=688 uid=10029 gids={50029, 3003, 1015, 1028}
E/Trace   (  688): error opening trace file: No such file or directory (2)
D/CountryDetector(  282): The first listener is added
D/dalvikvm(  619): GC_FOR_ALLOC freed 5K, 3% free 9983K/10292K, paused 46ms, total 46ms
V/MmsConfig(  688): mnc/mcc: 310260
V/MmsConfig(  688): tag: bool value: enabledMMS - true
V/MmsConfig(  688): tag: int value: maxMessageSize - 307200
V/MmsConfig(  688): tag: int value: maxImageHeight - 480
V/MmsConfig(  688): tag: int value: maxImageWidth - 640
V/MmsConfig(  688): tag: int value: defaultSMSMessagesPerThread - 500
V/MmsConfig(  688): tag: int value: defaultMMSMessagesPerThread - 50
V/MmsConfig(  688): tag: int value: minMessageCountPerThread - 10
V/MmsConfig(  688): tag: int value: maxMessageCountPerThread - 5000
V/MmsConfig(  688): tag: string value: uaProfUrl - http://www.google.com/oha/rdf/ua-profile-kila.xml
V/MmsConfig(  688): tag: int value: recipientLimit - -1
V/MmsConfig(  688): tag: bool value: enableMultipartSMS - true
V/MmsConfig(  688): tag: int value: smsToMmsTextThreshold - -1
V/MmsConfig(  688): tag: bool value: enableSlideDuration - true
V/MmsConfig(  688): tag: int value: maxMessageTextSize - -1
I/dalvikvm-heap(  619): Grow heap (frag case) to 12.505MB for 2828816-byte allocation
D/dalvikvm(  619): GC_CONCURRENT freed 0K, 3% free 12746K/13056K, paused 4ms+25ms, total 70ms
D/dalvikvm(  619): WAIT_FOR_CONCURRENT_GC blocked 59ms
D/gralloc_goldfish(  619): Emulator without GPU emulation detected.
I/Choreographer(  619): Skipped 758 frames!  The application may be doing too much work on its main thread.
D/ExchangeService(  655): !!! EAS ExchangeService, onCreate
E/SurfaceFlinger(   37): ro.sf.lcd_density must be defined as a build property
I/Choreographer(  619): Skipped 419 frames!  The application may be doing too much work on its main thread.
D/dalvikvm(  397): GC_FOR_ALLOC freed 3159K, 37% free 6075K/9564K, paused 215ms, total 281ms
I/dalvikvm-heap(  397): Grow heap (frag case) to 7.383MB for 1463056-byte allocation
D/Eas Debug(  655): Logging: 
D/dalvikvm(  397): GC_FOR_ALLOC freed <1K, 32% free 7503K/10992K, paused 29ms, total 29ms
D/ExchangeService(  655): !!! EAS ExchangeService, onStartCommand, startingUp = false, running = false
D/ExchangeService(  655): !!! EAS ExchangeService, onStartCommand, startingUp = true, running = false
D/Mms:app (  688): cancelNotification
D/MediaScannerReceiver(  468): action: android.intent.action.MEDIA_MOUNTED path: /mnt/sdcard
I/ActivityManager(  282): Start proc com.android.settings for broadcast com.android.settings/.widget.SettingsAppWidgetProvider: pid=719 uid=1000 gids={41000, 1015, 1028, 3002, 3001, 3003}
E/Trace   (  719): error opening trace file: No such file or directory (2)
E/BluetoothAdapter(  719): Bluetooth binder is null
E/BluetoothAdapter(  719): Bluetooth binder is null
E/BluetoothAdapter(  719): Bluetooth binder is null
D/MmsSmsDatabaseHelper(  389): [MmsSmsDb] tableName: threads hasAutoIncrement: CREATE TABLE threads (_id INTEGER PRIMARY KEY AUTOINCREMENT,date INTEGER DEFAULT 0,message_count INTEGER DEFAULT 0,recipient_ids TEXT,snippet TEXT,snippet_cs INTEGER DEFAULT 0,read INTEGER DEFAULT 1,type INTEGER DEFAULT 0,error INTEGER DEFAULT 0,has_attachment INTEGER DEFAULT 0) result: true
D/ExchangeService(  655): Received deviceId from Email app: androidc259148960
D/ExchangeService(  655): Reconciling accounts...
D/ExchangeService(  655): !!! EAS ExchangeService, onStartCommand, startingUp = true, running = false
D/dalvikvm(  397): GC_FOR_ALLOC freed 1586K, 34% free 7285K/10992K, paused 25ms, total 38ms
D/Eas Debug(  655): Logging: 
I/Choreographer(  397): Skipped 82 frames!  The application may be doing too much work on its main thread.
D/MmsSmsDatabaseHelper(  389): [MmsSmsDb] tableName: canonical_addresses hasAutoIncrement: CREATE TABLE canonical_addresses (_id INTEGER PRIMARY KEY AUTOINCREMENT,address TEXT) result: true
D/MmsSmsDatabaseHelper(  389): [MmsSmsDb] tableName: part hasAutoIncrement: CREATE TABLE part (_id INTEGER PRIMARY KEY AUTOINCREMENT,mid INTEGER,seq INTEGER DEFAULT 0,ct TEXT,name TEXT,chset INTEGER,cd TEXT,fn TEXT,cid TEXT,cl TEXT,ctt_s INTEGER,ctt_t TEXT,_data TEXT,text TEXT) result: true
D/MmsSmsDatabaseHelper(  389): [MmsSmsDb] tableName: pdu hasAutoIncrement: CREATE TABLE pdu (_id INTEGER PRIMARY KEY AUTOINCREMENT,thread_id INTEGER,date INTEGER,date_sent INTEGER DEFAULT 0,msg_box INTEGER,read INTEGER DEFAULT 0,m_id TEXT,sub TEXT,sub_cs INTEGER,ct_t TEXT,ct_l TEXT,exp INTEGER,m_cls TEXT,m_type INTEGER,v INTEGER,m_size INTEGER,pri INTEGER,rr INTEGER,rpt_a INTEGER,resp_st INTEGER,st INTEGER,tr_id TEXT,retr_st INTEGER,retr_txt TEXT,retr_txt_cs INTEGER,read_status INTEGER,ct_cls INTEGER,resp_txt TEXT,d_tm INTEGER,d_rpt INTEGER,locked INTEGER DEFAULT 0,seen INTEGER DEFAULT 0,text_only INTEGER DEFAULT 0) result: true
D/MmsSmsDatabaseHelper(  389): [getWritableDatabase] hasAutoIncrementThreads: true hasAutoIncrementAddresses: true hasAutoIncrementPart: true hasAutoIncrementPdu: true
D/dalvikvm(  389): GREF has increased to 201
D/Mms:app (  688): cancelNotification
D/dalvikvm(  688): GC_CONCURRENT freed 225K, 11% free 2542K/2832K, paused 3ms+2ms, total 57ms
I/CalendarProvider2(  663): Sending notification intent: Intent { act=android.intent.action.PROVIDER_CHANGED dat=content://com.android.calendar }
W/ContentResolver(  663): Failed to get type for: content://com.android.calendar (Unknown URL content://com.android.calendar)
I/ActivityManager(  282): Start proc com.android.calendar for broadcast com.android.calendar/.alerts.AlertReceiver: pid=752 uid=10004 gids={50004, 3003, 1028}
E/Trace   (  752): error opening trace file: No such file or directory (2)
D/AlertReceiver(  752): onReceive: a=android.intent.action.PROVIDER_CHANGED Intent { act=android.intent.action.PROVIDER_CHANGED dat=content://com.android.calendar flg=0x10 cmp=com.android.calendar/.alerts.AlertReceiver }
D/AlertService(  752): 0 Action = android.intent.action.PROVIDER_CHANGED
D/AlertService(  752): Beginning updateAlertNotification
D/dalvikvm(  282): GC_EXPLICIT freed 959K, 32% free 5750K/8412K, paused 5ms+7ms, total 96ms
D/EmailProvider(  638): fromDatabase accounts: 0
D/EmailProvider(  638): ending toDatabase transaction; copyCount = 0
D/EmailProvider(  638): ending fromDatabase transaction; copyCount = 0
D/AlertService(  752): No fired or scheduled alerts
D/dalvikvm(  468): GC_CONCURRENT freed 197K, 10% free 2564K/2820K, paused 6ms+3ms, total 60ms
D/dalvikvm(  468): GREF has increased to 201
W/MediaProvider(  468): no database for scanned volume external
W/ActivityManager(  282): Unable to start service Intent { cmp=com.android.email/.service.AttachmentDownloadService } U=0: not found
W/ActivityManager(  282): Unable to start service Intent { cmp=com.android.email/.service.AttachmentDownloadService } U=0: not found
D/ExchangeService(  655): !!! EAS ExchangeService, onStartCommand, startingUp = true, running = false
W/ActivityManager(  282): Unable to start service Intent { cmp=com.android.email/.service.AttachmentDownloadService } U=0: not found
D/dalvikvm(  638): GC_CONCURRENT freed 201K, 10% free 2586K/2852K, paused 6ms+29ms, total 86ms
D/dalvikvm(  397): GC_CONCURRENT freed 493K, 25% free 8341K/10992K, paused 4ms+9ms, total 54ms
W/MediaScanner(  468): Error opening directory '/mnt/sdcard/.android_secure/', skipping: Permission denied.
V/MediaScanner(  468): pruneDeadThumbnailFiles... android.database.sqlite.SQLiteCursor@40d14a38
V/MediaScanner(  468): /pruneDeadThumbnailFiles... android.database.sqlite.SQLiteCursor@40d14a38
W/MediaScanner(  468): Error opening directory '/mnt/sdcard/.android_secure/', skipping: Permission denied.
V/MediaScanner(  468): pruneDeadThumbnailFiles... android.database.sqlite.SQLiteCursor@40d29380
V/MediaScanner(  468): /pruneDeadThumbnailFiles... android.database.sqlite.SQLiteCursor@40d29380
D/AndroidRuntime(  788): 
D/AndroidRuntime(  788): >>>>>> AndroidRuntime START com.android.internal.os.RuntimeInit <<<<<<
D/AndroidRuntime(  788): CheckJNI is ON
D/dalvikvm(  788): Trying to load lib libjavacore.so 0x0
D/dalvikvm(  788): Added shared lib libjavacore.so 0x0
D/dalvikvm(  788): Trying to load lib libnativehelper.so 0x0
D/dalvikvm(  788): Added shared lib libnativehelper.so 0x0
D/dalvikvm(  282): GC_EXPLICIT freed 169K, 32% free 5723K/8412K, paused 4ms+9ms, total 136ms
D/AndroidRuntime(  788): Calling main entry com.android.commands.am.Am
D/dalvikvm(  788): Note: class Landroid/app/ActivityManagerNative; has 157 unimplemented (abstract) methods
D/dalvikvm(  799): Not late-enabling CheckJNI (already on)
I/ActivityManager(  282): Start proc it.unina.android.ripper_service:android_ripper_service_process for service it.unina.android.ripper_service/.AndroidRipperService: pid=799 uid=10049 gids={50049, 3003, 1028}
D/AndroidRuntime(  788): Shutting down VM
D/dalvikvm(  788): GC_CONCURRENT freed 91K, 16% free 490K/584K, paused 1ms+0ms, total 18ms
E/Trace   (  799): error opening trace file: No such file or directory (2)
V/AndroidRipperService(  799): onCreate()
V/SERVER  (  799): Starting ServerSocket on PORT 8888
V/SERVER  (  799): Started ServerSocket on PORT 8888
V/SERVER  (  799): Ready to accept connections on port: 8888
D/AndroidRuntime(  820): 
D/AndroidRuntime(  820): >>>>>> AndroidRuntime START com.android.internal.os.RuntimeInit <<<<<<
D/AndroidRuntime(  820): CheckJNI is ON
D/dalvikvm(  820): Trying to load lib libjavacore.so 0x0
D/dalvikvm(  820): Added shared lib libjavacore.so 0x0
D/dalvikvm(  820): Trying to load lib libnativehelper.so 0x0
D/dalvikvm(  820): Added shared lib libnativehelper.so 0x0
D/AndroidRuntime(  820): Calling main entry com.android.commands.am.Am
D/dalvikvm(  820): Note: class Landroid/app/ActivityManagerNative; has 157 unimplemented (abstract) methods
I/ActivityManager(  282): Force stopping package net.fercanet.LNM appid=10048 user=0
I/ActivityManager(  282): Start proc net.fercanet.LNM for added application net.fercanet.LNM: pid=831 uid=10048 gids={50048, 1015, 1028}
D/dalvikvm(   38): GC_EXPLICIT freed 38K, 5% free 2381K/2484K, paused 3ms+23ms, total 54ms
I/dalvikvm(  831): Turning on JNI app bug workarounds for target SDK version 3...
D/dalvikvm(   38): GC_EXPLICIT freed <1K, 5% free 2382K/2484K, paused 2ms+2ms, total 64ms
E/Trace   (  831): error opening trace file: No such file or directory (2)
D/dalvikvm(   38): GC_EXPLICIT freed <1K, 5% free 2382K/2484K, paused 2ms+6ms, total 67ms
D/PolideaInstrumentationTestRunner(  831): Creating the Test Runner with arguments: [coverage, class]
D/PolideaInstrumentationTestRunner(  831): Test runner is running with the following parameters:
D/PolideaInstrumentationTestRunner(  831): junitOutputDirectory: /data/data/net.fercanet.LNM/files
D/PolideaInstrumentationTestRunner(  831): junitOutputFilePostfix: -TEST.xml
D/PolideaInstrumentationTestRunner(  831): junitNoPackagePrefix: NO_PACKAGE
D/PolideaInstrumentationTestRunner(  831): junitSplitLevel: package
D/PolideaInstrumentationTestRunner(  831): junitSingleFileName: ALL-TEST.xml
D/PolideaInstrumentationTestRunner(  831): Creating output directory if it does not exist
D/PolideaInstrumentationTestRunner(  831): Created directory? false
D/PolideaInstrumentationTestRunner(  831): Deleting old files
D/PolideaInstrumentationTestRunner(  831): Deleting: [/data/data/net.fercanet.LNM/files/it.unina.android.ripper-TEST.xml]
D/dalvikvm(  831): GC_CONCURRENT freed 221K, 10% free 2574K/2860K, paused 4ms+2ms, total 51ms
I/System.out(  831): EMMA: collecting runtime coverage data ...
D/PolideaInstrumentationTestRunner(  831): Getting android test runner
D/PolideaInstrumentationTestRunner(  831): JUnit test output enabled
W/dalvikvm(  831): method Landroid/test/InstrumentationTestRunner$StringResultPrinter;.print incorrectly overrides package-private method with same name in Ljunit/textui/ResultPrinter;
D/PolideaInstrumentationTestRunner(  831): Starting test: testApplication(it.unina.android.ripper.RipperTestCase)
I/TestRunner(  831): started: testApplication(it.unina.android.ripper.RipperTestCase)
V/AndroidRipperService(  799): onBind()
V/AndroidRipperService(  799): register()
V/AndroidRipperService(  799): onBind()
I/ActivityManager(  282): START u0 {act=android.intent.action.MAIN flg=0x10000000 cmp=net.fercanet.LNM/.MainMenu} from pid 831
D/PermissionCache(   37): checking android.permission.READ_FRAME_BUFFER for uid=1000 => granted (15108 us)
W/WindowManager(  282): Failure taking screenshot for (246x410) to layer 21000
I/AudioService(  282):  AudioFocus  abandonAudioFocus() from android.media.AudioManager@40cd9408com.android.music.MediaPlaybackService$3@40cd8028
E/SurfaceFlinger(   37): ro.sf.lcd_density must be defined as a build property
I/Choreographer(  282): Skipped 44 frames!  The application may be doing too much work on its main thread.
D/dalvikvm(  831): GC_FOR_ALLOC freed 246K, 11% free 2636K/2944K, paused 38ms, total 61ms
I/dalvikvm-heap(  831): Grow heap (frag case) to 3.218MB for 614416-byte allocation
D/dalvikvm(  831): GC_FOR_ALLOC freed <1K, 9% free 3236K/3548K, paused 59ms, total 59ms
D/dalvikvm(  831): GC_CONCURRENT freed 1K, 9% free 3234K/3548K, paused 3ms+29ms, total 72ms
E/SurfaceFlinger(   37): ro.sf.lcd_density must be defined as a build property
V/        (  799): ready
V/RipperService(  799): PING
V/AndroidRipperService(  799): mHandler.handleMessage() RECIVED
V/AndroidRipperService(  799): broadcast()
I/AndroidRipper(  831): Recived message: PING
V/RipperTestCase(  831): Not ready to operate!
V/AndroidRipperService(  799): broadcast() done
V/        (  799): ready
D/gralloc_goldfish(  831): Emulator without GPU emulation detected.
