D/dalvikvm(  282): WAIT_FOR_CONCURRENT_GC blocked 87ms
W/InputAttributes(  376): No editor info for this field. Bug?
D/dalvikvm(  282): WAIT_FOR_CONCURRENT_GC blocked 566ms
D/dalvikvm(  282): WAIT_FOR_CONCURRENT_GC blocked 285ms
D/dalvikvm(  282): WAIT_FOR_CONCURRENT_GC blocked 290ms
D/dalvikvm(  282): WAIT_FOR_CONCURRENT_GC blocked 600ms
D/dalvikvm(  282): WAIT_FOR_CONCURRENT_GC blocked 322ms
V/TAG     (  282): bug 7643792: fitSystemWindows([0,0][0,0])
W/GpsLocationProvider(  282): Could not open GPS configuration file /etc/gps.conf
W/InputMethodManagerService(  282): Found no subtypes in a system IME: com.android.inputmethod.pinyin
V/TAG     (  282): bug 7643792: fitSystemWindows([0,0][0,0])
D/dalvikvm(  376): GC_CONCURRENT freed 264K, 12% free 2496K/2820K, paused 4ms+2ms, total 460ms
D/dalvikvm(  282): GREF has increased to 301
I/Choreographer(  282): Skipped 134 frames!  The application may be doing too much work on its main thread.
E/BluetoothAdapter(  347): Bluetooth binder is null
D/dalvikvm(  282): GC_CONCURRENT freed 749K, 13% free 5464K/6280K, paused 7ms+379ms, total 826ms
D/dalvikvm(  282): WAIT_FOR_CONCURRENT_GC blocked 421ms
W/ServiceWatcher(  282): com.google.android.location not found
W/ServiceWatcher(  282): com.google.android.location not found
W/LocationManagerService(  282): no network location provider found
W/ServiceWatcher(  282): com.google.android.location not found
W/TelephonyProvider(  388): onCreate: confFile=/system/etc/apns-conf.xml oldCheckSum=-1
D/TelephonyManager(  388): getLteOnCdmaMode=0 curVal=-1 product_type='' lteOnCdmaProductType=''
W/WindowManager(  282): Window freeze timeout expired.
W/WindowManager(  282): Force clearing orientation change: Window{40dea2b8 u0 Keyguard}
I/ActivityManager(  282): Start proc com.android.location.fused for service com.android.location.fused/.FusedLocationService: pid=436 uid=10022 gids={50022, 1028}
D/dalvikvm(  282): WAIT_FOR_CONCURRENT_GC blocked 1054ms
D/dalvikvm(  282): WAIT_FOR_CONCURRENT_GC blocked 1441ms
D/dalvikvm(  282): WAIT_FOR_CONCURRENT_GC blocked 1442ms
I/ActivityManager(  282): Start proc android.process.acore for content provider com.android.providers.userdictionary/.UserDictionaryProvider: pid=447 uid=10001 gids={50001, 3003, 1015, 1028}
E/ActivityThread(  376): Failed to find provider info for com.android.inputmethod.latin.dictionarypack
E/BinaryDictionaryGetter(  376): Could not find a dictionary pack
D/TelephonyManager(  388): getLteOnCdmaMode=0 curVal=-1 product_type='' lteOnCdmaProductType=''
E/SurfaceFlinger(   37): ro.sf.lcd_density must be defined as a build property
W/ServiceWatcher(  282): com.google.android.location not found
E/LocationManagerService(  282): no geocoder provider found
D/TelephonyManager(  388): getLteOnCdmaMode=0 curVal=-1 product_type='' lteOnCdmaProductType=''
E/Trace   (  436): error opening trace file: No such file or directory (2)
D/dalvikvm(  282): GC_FOR_ALLOC freed 289K, 14% free 5428K/6280K, paused 199ms, total 200ms
I/dalvikvm-heap(  282): Grow heap (frag case) to 6.441MB for 1128976-byte allocation
D/dalvikvm(  282): GC_FOR_ALLOC freed 1K, 12% free 6529K/7384K, paused 46ms, total 46ms
E/VoldConnector(  282): NDC Command {4 asec list} took too long (5059ms)
I/PackageManager(  282): No secure containers on sdcard
W/ActivityManager(  282): Activity idle timeout for ActivityRecord{40f846b0 u0 com.android.launcher/com.android.launcher2.Launcher}
D/PhoneStatusBar(  347): disable: < expand icons alerts ticker system_info back home recent clock search >
I/Choreographer(  282): Skipped 686 frames!  The application may be doing too much work on its main thread.
D/dalvikvm(  282): GC_CONCURRENT freed 11K, 12% free 6544K/7384K, paused 14ms+119ms, total 614ms
W/PackageManager(  282): Unknown permission com.google.android.googleapps.permission.GOOGLE_AUTH.mail in package com.android.contacts
W/PackageManager(  282): Unknown permission android.permission.ADD_SYSTEM_SERVICE in package com.android.phone
W/PackageManager(  282): Unknown permission com.android.smspush.WAPPUSH_MANAGER_BIND in package com.android.phone
W/PackageManager(  282): Unknown permission com.google.android.googleapps.permission.GOOGLE_AUTH in package com.android.providers.calendar
W/PackageManager(  282): Unknown permission com.google.android.googleapps.permission.GOOGLE_AUTH.cl in package com.android.providers.calendar
W/PackageManager(  282): Unknown permission com.google.android.googleapps.permission.GOOGLE_AUTH.mail in package com.android.calendar
W/PackageManager(  282): Not granting permission android.permission.SEND_DOWNLOAD_COMPLETED_INTENTS to package com.android.browser (protectionLevel=2 flags=0x89be45)
W/PackageManager(  282): Not granting permission android.permission.BIND_APPWIDGET to package com.android.widgetpreview (protectionLevel=18 flags=0x8be44)
D/dalvikvm(  405): GC_CONCURRENT freed 176K, 9% free 2599K/2836K, paused 4ms+5ms, total 419ms
I/Choreographer(  282): Skipped 121 frames!  The application may be doing too much work on its main thread.
V/TAG     (  282): bug 7643792: fitSystemWindows([0,38][0,0])
I/Choreographer(  282): Skipped 100 frames!  The application may be doing too much work on its main thread.
W/PackageManager(  282): Unknown permission com.google.android.googleapps.permission.GOOGLE_AUTH in package com.android.settings
D/dalvikvm(  405): GC_FOR_ALLOC freed 56K, 4% free 2856K/2972K, paused 112ms, total 127ms
I/dalvikvm-heap(  405): Grow heap (frag case) to 4.217MB for 1440016-byte allocation
D/dalvikvm(  405): GC_CONCURRENT freed 12K, 3% free 4250K/4380K, paused 51ms+3ms, total 99ms
W/PackageManager(  282): Unknown permission com.google.android.gallery3d.permission.GALLERY_PROVIDER in package com.android.exchange
W/PackageManager(  282): Unknown permission com.google.android.googleapps.permission.ACCESS_GOOGLE_PASSWORD in package com.android.development
W/PackageManager(  282): Unknown permission com.google.android.googleapps.permission.GOOGLE_AUTH in package com.android.development
W/PackageManager(  282): Unknown permission com.google.android.googleapps.permission.GOOGLE_AUTH.ALL_SERVICES in package com.android.development
W/PackageManager(  282): Unknown permission com.google.android.googleapps.permission.GOOGLE_AUTH.YouTubeUser in package com.android.development
W/PackageManager(  282): Unknown permission com.google.android.gallery3d.permission.GALLERY_PROVIDER in package com.android.email
W/PackageManager(  282): Not granting permission android.permission.DEVICE_POWER to package com.android.deskclock (protectionLevel=2 flags=0x88be45)
E/Trace   (  447): error opening trace file: No such file or directory (2)
E/BluetoothAdapter(  282): Bluetooth binder is null
E/BluetoothAdapter(  282): Bluetooth binder is null
V/WiredAccessoryManager(  282): init()
E/BluetoothAdapter(  347): Bluetooth binder is null
E/SoundPool(  282): error loading /system/media/audio/ui/Effect_Tick.ogg
W/AudioService(  282): Soundpool could not load file: /system/media/audio/ui/Effect_Tick.ogg
E/SoundPool(  282): error loading /system/media/audio/ui/Effect_Tick.ogg
W/AudioService(  282): Soundpool could not load file: /system/media/audio/ui/Effect_Tick.ogg
E/SoundPool(  282): error loading /system/media/audio/ui/Effect_Tick.ogg
W/AudioService(  282): Soundpool could not load file: /system/media/audio/ui/Effect_Tick.ogg
E/SoundPool(  282): error loading /system/media/audio/ui/Effect_Tick.ogg
W/AudioService(  282): Soundpool could not load file: /system/media/audio/ui/Effect_Tick.ogg
E/SoundPool(  282): error loading /system/media/audio/ui/Effect_Tick.ogg
W/AudioService(  282): Soundpool could not load file: /system/media/audio/ui/Effect_Tick.ogg
E/SoundPool(  282): error loading /system/media/audio/ui/KeypressStandard.ogg
W/AudioService(  282): Soundpool could not load file: /system/media/audio/ui/KeypressStandard.ogg
E/SoundPool(  282): error loading /system/media/audio/ui/KeypressSpacebar.ogg
W/AudioService(  282): Soundpool could not load file: /system/media/audio/ui/KeypressSpacebar.ogg
E/SoundPool(  282): error loading /system/media/audio/ui/KeypressDelete.ogg
W/AudioService(  282): Soundpool could not load file: /system/media/audio/ui/KeypressDelete.ogg
E/SoundPool(  282): error loading /system/media/audio/ui/KeypressReturn.ogg
W/AudioService(  282): Soundpool could not load file: /system/media/audio/ui/KeypressReturn.ogg
W/AudioService(  282): loadSoundEffects(), Error -1 while loading samples
I/ActivityManager(  282): Start proc com.android.music for broadcast com.android.music/.MediaButtonIntentReceiver: pid=481 uid=10025 gids={50025, 3003, 1015, 1028}
W/Settings(  388): Setting airplane_mode_on has moved from android.provider.Settings.System to android.provider.Settings.Global, returning read-only value.
W/Settings(  388): Setting auto_time has moved from android.provider.Settings.System to android.provider.Settings.Global, returning read-only global URI.
W/Settings(  388): Setting auto_time_zone has moved from android.provider.Settings.System to android.provider.Settings.Global, returning read-only global URI.
W/ActivityManager(  282): Unable to start service Intent { act=com.android.internal.telephony.IWapPushManager } U=0: not found
I/dalvikvm(  481): Turning on JNI app bug workarounds for target SDK version 9...
W/ActivityManager(  282): Timeout executing service: ServiceRecord{40f3a1f8 u0 com.android.systemui/.ImageWallpaper}
I/Process (  282): Sending signal. PID: 347 SIG: 3
I/dalvikvm(  347): threadid=3: reacting to signal 3
E/Trace   (  481): error opening trace file: No such file or directory (2)
D/        (  388): [ApnContext:default] set reason as dataEnabled,current state IDLE
D/        (  388): [ApnContext:default] setRetryCount: 0
D/        (  388): [ApnContext:mms] set reason as dataEnabled,current state IDLE
D/        (  388): [ApnContext:mms] setRetryCount: 0
D/        (  388): [ApnContext:supl] set reason as dataEnabled,current state IDLE
D/        (  388): [ApnContext:supl] setRetryCount: 0
D/        (  388): [ApnContext:hipri] set reason as dataEnabled,current state IDLE
D/        (  388): [ApnContext:hipri] setRetryCount: 0
D/        (  388): [ApnContext:fota] set reason as dataEnabled,current state IDLE
D/        (  388): [ApnContext:fota] setRetryCount: 0
D/        (  388): [ApnContext:ims] set reason as dataEnabled,current state IDLE
D/        (  388): [ApnContext:ims] setRetryCount: 0
D/        (  388): [ApnContext:cbs] set reason as dataEnabled,current state IDLE
D/        (  388): [ApnContext:cbs] setRetryCount: 0
I/Process (  282): Sending signal. PID: 282 SIG: 3
I/dalvikvm(  282): threadid=3: reacting to signal 3
D/dalvikvm(  388): GC_CONCURRENT freed 197K, 10% free 2572K/2828K, paused 4ms+2ms, total 212ms
I/dalvikvm(  347): Wrote stack traces to '/data/anr/traces.txt'
I/FusedLocation(  436): engine started (com.android.location.fused)
I/dalvikvm(  282): Wrote stack traces to '/data/anr/traces.txt'
D/SystemUIService(  347): loading: class com.android.systemui.power.PowerUI
D/SystemUIService(  347): running: com.android.systemui.power.PowerUI@40e5bfd0
D/TelephonyManager(  388): getLteOnCdmaMode=0 curVal=-1 product_type='' lteOnCdmaProductType=''
I/Process (  282): Sending signal. PID: 388 SIG: 3
I/dalvikvm(  388): threadid=3: reacting to signal 3
D/SystemUIService(  347): loading: class com.android.systemui.media.RingtonePlayer
D/SystemUIService(  347): running: com.android.systemui.media.RingtonePlayer@40e5cc90
I/ActivityManager(  282): Start proc android.process.media for broadcast com.android.providers.downloads/.DownloadReceiver: pid=497 uid=10000 gids={50000, 1015, 1023, 1024, 1028, 1006, 2001, 3003, 3007}
I/AudioService(  282):   Remote Control   registerMediaButtonIntent() for PendingIntent{40f68268: PendingIntentRecord{40f681c8 com.android.music broadcastIntent}}
I/Choreographer(  347): Skipped 4669 frames!  The application may be doing too much work on its main thread.
I/dalvikvm(  388): Wrote stack traces to '/data/anr/traces.txt'
D/CallManager(  388): registerPhone(GSM Handler (com.android.internal.telephony.PhoneProxy) {40d02db0})
D/dalvikvm(  388): GC_CONCURRENT freed 11K, 9% free 2583K/2828K, paused 123ms+258ms, total 633ms
D/dalvikvm(  347): GC_CONCURRENT freed 228K, 8% free 3810K/4100K, paused 263ms+928ms, total 1595ms
E/BluetoothAdapter(  388): Bluetooth binder is null
E/Trace   (  497): error opening trace file: No such file or directory (2)
E/SurfaceFlinger(   37): ro.sf.lcd_density must be defined as a build property
E/BluetoothAdapter(  388): Bluetooth binder is null
D/dalvikvm(  405): GC_CONCURRENT freed 178K, 5% free 4604K/4844K, paused 4ms+3ms, total 911ms
I/Choreographer(  282): Skipped 37 frames!  The application may be doing too much work on its main thread.
W/WindowManager(  282): Window freeze timeout expired.
W/WindowManager(  282): Force clearing orientation change: Window{410766f8 u0 StatusBar}
D/PhoneStatusBar(  347): disable: < expand icons alerts ticker system_info BACK* HOME* RECENT* CLOCK* SEARCH* >
D/dalvikvm(  282): GC_CONCURRENT freed 1844K, 26% free 5641K/7552K, paused 42ms+6ms, total 566ms
D/dalvikvm(  282): WAIT_FOR_CONCURRENT_GC blocked 497ms
I/Choreographer(  347): Skipped 1418 frames!  The application may be doing too much work on its main thread.
D/gralloc_goldfish(  347): Emulator without GPU emulation detected.
E/SurfaceFlinger(   37): ro.sf.lcd_density must be defined as a build property
D/dalvikvm(  282): GC_EXPLICIT freed 83K, 26% free 5657K/7552K, paused 45ms+114ms, total 1858ms
D/dalvikvm(  347): GC_FOR_ALLOC freed 42K, 6% free 3883K/4100K, paused 618ms, total 659ms
I/dalvikvm-heap(  347): Grow heap (frag case) to 9.961MB for 6410576-byte allocation
I/DownloadManager(  497): in removeSpuriousFiles
D/dalvikvm(  282): GREF has increased to 401
W/dalvikvm(  447): threadid=2: spin on suspend #1 threadid=11 (pcf=0)
D/dalvikvm(  447): Temporarily moving tid 512 to fg (was 0)
D/dalvikvm(  447): Temporarily raised priority on tid 512 (10 -> 0)
W/WindowManager(  282): Window freeze timeout expired.
W/WindowManager(  282): Force clearing orientation change: Window{40f136d8 u0 com.android.systemui.ImageWallpaper}
D/dalvikvm(  347): GC_CONCURRENT freed 2K, 3% free 10141K/10364K, paused 25ms+102ms, total 288ms
W/dalvikvm(  447): threadid=2: spin on suspend resolved in 1265 msec
D/dalvikvm(  447): Restored policy of 512 to 0
D/dalvikvm(  447): Restored priority on 512 to 10
I/Choreographer(  282): Skipped 54 frames!  The application may be doing too much work on its main thread.
D/dalvikvm(  447): GC_CONCURRENT freed 184K, 9% free 2614K/2860K, paused 1302ms+2ms, total 1920ms
I/Process (  282): Sending signal. PID: 447 SIG: 3
I/dalvikvm(  447): threadid=3: reacting to signal 3
I/Process (  282): Sending signal. PID: 481 SIG: 3
I/dalvikvm(  481): threadid=3: reacting to signal 3
I/Process (  282): Sending signal. PID: 405 SIG: 3
I/dalvikvm(  405): threadid=3: reacting to signal 3
I/dalvikvm(  405): Wrote stack traces to '/data/anr/traces.txt'
E/ActivityManager(  282): ANR in com.android.systemui
E/ActivityManager(  282): Reason: Executing service com.android.systemui/.ImageWallpaper
E/ActivityManager(  282): Load: 4.65 / 1.28 / 0.44
E/ActivityManager(  282): CPU usage from 1286ms to -12682ms ago:
E/ActivityManager(  282):   21% 282/system_server: 14% user + 7.1% kernel / faults: 1748 minor 3 major
E/ActivityManager(  282):   16% 37/surfaceflinger: 13% user + 2.9% kernel / faults: 4 minor
E/ActivityManager(  282):   6.8% 347/com.android.systemui: 4.9% user + 1.9% kernel / faults: 2716 minor 8 major
E/ActivityManager(  282):   5.7% 447/zygote: 3.5% user + 2.1% kernel / faults: 2298 minor 21 major
E/ActivityManager(  282):   5.2% 388/com.android.phone: 3.3% user + 1.8% kernel / faults: 1518 minor 2 major
E/ActivityManager(  282):   3.5% 405/com.android.launcher: 1.8% user + 1.7% kernel / faults: 4180 minor 4 major
E/ActivityManager(  282):   3.2% 86/bootanimation: 2.6% user + 0.5% kernel
E/ActivityManager(  282):   2.3% 481/zygote: 1.1% user + 1.2% kernel / faults: 3314 minor 3 major
E/ActivityManager(  282):   0.2% 40/mediaserver: 0.1% user + 0% kernel / faults: 6 minor
E/ActivityManager(  282):   0.3% 436/com.android.location.fused: 0.2% user + 0% kernel / faults: 144 minor
E/ActivityManager(  282):   0% 4/events/0: 0% user + 0% kernel
E/ActivityManager(  282):   0% 31/servicemanager: 0% user + 0% kernel
E/ActivityManager(  282):   0% 38/zygote: 0% user + 0% kernel / faults: 78 minor
E/ActivityManager(  282):  +0% 497/android.process.media: 0% user + 0% kernel
E/ActivityManager(  282): 99% TOTAL: 68% user + 31% kernel + 0.1% softirq
E/ActivityManager(  282): CPU usage from 8837ms to 10815ms later:
E/ActivityManager(  282):   16% 37/surfaceflinger: 14% user + 1.5% kernel
E/ActivityManager(  282):     9.2% 67/SurfaceFlinger: 8.2% user + 1% kernel
E/ActivityManager(  282):     1% 83/EventThread: 1% user + 0% kernel
E/ActivityManager(  282):     0.5% 37/surfaceflinger: 0% user + 0.5% kernel
E/ActivityManager(  282):     0.5% 79/VSyncThread: 0% user + 0.5% kernel
E/ActivityManager(  282):     0.5% 84/Binder_1: 0% user + 0.5% kernel
E/ActivityManager(  282):     0.5% 312/Binder_2: 0.5% user + 0% kernel
E/ActivityManager(  282):   17% 282/system_server: 10% user + 6.6% kernel / faults: 136 minor
E/ActivityManager(  282):     9.2% 300/ActivityManager: 3.9% user + 5.2% kernel
E/ActivityManager(  282):     4.6% 290/Compiler: 1.9% user + 2.6% kernel
E/ActivityManager(  282):     3.3% 515/Binder_B: 2.6% user + 0.6% kernel
E/ActivityManager(  282):     2.6% 298/UI: 2.6% user + 0% kernel
E/ActivityManager(  282):     1.9% 282/system_server: 1.3% user + 0.6% kernel
E/ActivityManager(  282):     0.6% 295/Binder_2: 0.6% user + 0% kernel
E/ActivityManager(  282):     0.6% 299/WindowManager: 0.6% user + 0% kernel
E/ActivityManager(  282):     0.6% 310/PowerManagerSer: 0% user + 0.6% kernel
E/ActivityManager(  282):     0.6% 468/Binder_5: 0.6% user + 0% kernel
E/ActivityManager(  282):     0.6% 470/Binder_7: 0% user + 0.6% kernel
E/ActivityManager(  282):     0.6% 471/Binder_8: 0% user + 0.6% kernel
E/ActivityManager(  282):     0.6% 474/Binder_9: 0.6% user + 0% kernel
E/ActivityManager(  282):   11% 347/com.android.systemui: 6.8% user + 4.7% kernel / faults: 1617 minor
E/ActivityManager(  282):     10% 347/ndroid.systemui: 6.8% user + 4% kernel
E/ActivityManager(  282):     2.7% 356/ReferenceQueueD: 1.3% user + 1.3% kernel
E/ActivityManager(  282):     2.7% 357/FinalizerDaemon: 2% user + 0.6% kernel
E/ActivityManager(  282):     0.6% 351/GC: 0.6% user + 0% kernel
E/ActivityManager(  282):     0.6% 355/Compiler: 0.6% user + 0% kernel
E/ActivityManager(  282):   6.2% 497/android.process.media: 3.8% user + 2.3% kernel / faults: 218 minor 2 major
E/ActivityManager(  282):     6.9% 497/d.process.media: 3.1% user + 3.8% kernel
E/ActivityManager(  282):     0.7% 505/Compiler: 0% user + 0.7% kernel
E/ActivityManager(  282):    +0% 525/DownloadReceive: 0% user + 0% kernel
E/ActivityManager(  282):   3.9% 388/com.android.phone: 2.6% user + 1.3% kernel / faults: 39 minor
E/ActivityManager(  282):     7.2% 388/m.android.phone: 3.9% user + 3.2% kernel
E/ActivityManager(  282):     3.2% 419/Binder_2: 3.2% user + 0% kernel
E/ActivityManager(  282):   3.9% 447/android.process.acore: 3.2% user + 0.6% kernel / faults: 551 minor
E/ActivityManager(  282):     1.9% 449/GC: 1.3% user + 0.6% kernel
E/ActivityManager(  282):     1.3% 447/d.process.acore: 1.3% user + 0% kernel
E/ActivityManager(  282):     1.3% 455/Compiler: 0.6% user + 0.6% kernel
E/ActivityManager(  282):   3.3% 86/bootanimation: 1.9% user + 1.3% kernel
E/ActivityManager(  282):     5.2% 105/BootAnimation: 3.3% user + 1.9% kernel
E/ActivityManager(  282):   0.7% 481/com.android.music: 0.3% user + 0.3% kernel / faults: 166 minor
E/ActivityManager(  282):     0.3% 481/m.android.music: 0.3% user + 0% kernel
E/ActivityManager(  282):    +0% 526/pool-1-thread-1: 0% user + 0% kernel
E/ActivityManager(  282):   1.3% 405/com.android.launcher: 1.3% user + 0% kernel
E/ActivityManager(  282):     0.6% 407/GC: 0.6% user + 0% kernel
E/ActivityManager(  282):   0.1% 31/servicemanager: 0% user + 0.1% kernel
E/ActivityManager(  282):   0.6% 40/mediaserver: 0% user + 0.6% kernel
E/ActivityManager(  282): 100% TOTAL: 66% user + 32% kernel + 0.7% softirq
D/MediaScannerReceiver(  497): action: android.intent.action.MEDIA_MOUNTED path: /mnt/sdcard
D/DebugService(  388): DebugService DebugService:
D/TelephonyDebugService(  388): TelephonyDebugService()
I/ActivityManager(  282): Start proc com.android.contacts for broadcast com.android.contacts/.calllog.CallLogReceiver: pid=533 uid=10001 gids={50001, 3003, 1015, 1028}
W/ActivityManager(  282): Killing ProcessRecord{40ed65d0 347:com.android.systemui/u0a10034}: background ANR
W/ActivityManager(  282): Timeout executing service: ServiceRecord{40f70778 u0 com.android.inputmethod.latin/.LatinIME}
D/dalvikvm(   38): GC_EXPLICIT freed 35K, 4% free 2381K/2476K, paused 2ms+13ms, total 54ms
E/dalvikvm(  481): Unable to open stack trace file '/data/anr/traces.txt': Permission denied
D/dalvikvm(   38): GC_EXPLICIT freed <1K, 4% free 2382K/2476K, paused 2ms+2ms, total 91ms
D/dalvikvm(   38): GC_EXPLICIT freed <1K, 4% free 2382K/2476K, paused 5ms+3ms, total 50ms
I/Process (  282): Sending signal. PID: 376 SIG: 3
I/dalvikvm(  376): threadid=3: reacting to signal 3
I/Process (  282): Sending signal. PID: 282 SIG: 3
I/dalvikvm(  282): threadid=3: reacting to signal 3
D/dalvikvm(  388): GC_CONCURRENT freed 318K, 13% free 2661K/3040K, paused 4ms+564ms, total 846ms
I/dalvikvm(  376): Wrote stack traces to '/data/anr/traces.txt'
I/dalvikvm(  447): Wrote stack traces to '/data/anr/traces.txt'
D/dalvikvm(  447): GC_CONCURRENT freed 31K, 10% free 2584K/2860K, paused 49ms+46ms, total 142ms
W/InputDispatcher(  282): channel '410766f8 StatusBar (server)' ~ Consumer closed input channel or an error occurred.  events=0x9
E/InputDispatcher(  282): channel '410766f8 StatusBar (server)' ~ Channel is unrecoverably broken and will be disposed!
W/InputDispatcher(  282): channel '40f136d8 com.android.systemui.ImageWallpaper (server)' ~ Consumer closed input channel or an error occurred.  events=0x9
E/InputDispatcher(  282): channel '40f136d8 com.android.systemui.ImageWallpaper (server)' ~ Channel is unrecoverably broken and will be disposed!
I/dalvikvm(  282): Wrote stack traces to '/data/anr/traces.txt'
I/WindowState(  282): WIN DEATH: Window{410766f8 u0 StatusBar}
W/InputDispatcher(  282): Attempted to unregister already unregistered input channel '410766f8 StatusBar (server)'
I/ActivityManager(  282): Process com.android.systemui (pid 347) has died.
W/ActivityManager(  282): Scheduling restart of crashed service com.android.systemui/.ImageWallpaper in 0ms
W/ActivityManager(  282): Scheduling restart of crashed service com.android.systemui/.SystemUIService in 0ms
I/Process (  282): Sending signal. PID: 347 SIG: 3
I/ActivityManager(  282): Start proc com.android.systemui for restart com.android.systemui: pid=548 uid=10034 gids={50034, 1028, 1015, 3002, 3001}
D/dalvikvm(  282): GC_CONCURRENT freed 413K, 22% free 5962K/7552K, paused 114ms+777ms, total 1747ms
D/dalvikvm(  282): WAIT_FOR_CONCURRENT_GC blocked 1514ms
I/WindowState(  282): WIN DEATH: Window{40f136d8 u0 com.android.systemui.ImageWallpaper}
W/InputDispatcher(  282): Attempted to unregister already unregistered input channel '40f136d8 com.android.systemui.ImageWallpaper (server)'
I/Process (  282): Sending signal. PID: 388 SIG: 3
I/dalvikvm(  388): threadid=3: reacting to signal 3
I/Choreographer(  282): Skipped 63 frames!  The application may be doing too much work on its main thread.
I/Choreographer(  282): Skipped 59 frames!  The application may be doing too much work on its main thread.
V/TAG     (  282): bug 7643792: fitSystemWindows([0,0][0,0])
E/Trace   (  533): error opening trace file: No such file or directory (2)
E/Trace   (  548): error opening trace file: No such file or directory (2)
I/Choreographer(  282): Skipped 257 frames!  The application may be doing too much work on its main thread.
I/dalvikvm(  388): Wrote stack traces to '/data/anr/traces.txt'
D/dalvikvm(  388): GC_CONCURRENT freed 1K, 13% free 2659K/3040K, paused 5ms+3ms, total 31ms
D/dalvikvm(  282): GC_CONCURRENT freed 1061K, 25% free 5695K/7552K, paused 4ms+18ms, total 407ms
D/dalvikvm(  282): WAIT_FOR_CONCURRENT_GC blocked 369ms
D/dalvikvm(  282): GC_EXPLICIT freed 3K, 25% free 5693K/7552K, paused 4ms+7ms, total 340ms
W/WallpaperService(  282): Wallpaper service gone: ComponentInfo{com.android.systemui/com.android.systemui.ImageWallpaper}
W/Settings(  388): Setting auto_time_zone has moved from android.provider.Settings.System to android.provider.Settings.Global, returning read-only value.
I/Process (  282): Sending signal. PID: 497 SIG: 3
I/dalvikvm(  497): threadid=3: reacting to signal 3
I/Process (  282): Sending signal. PID: 447 SIG: 3
I/dalvikvm(  447): threadid=3: reacting to signal 3
D/CAT     (  388): CatService: Running CAT service. STK app installed:false
D/CAT     (  388): CatService: NEW sInstance
E/ActivityManager(  282): ANR in com.android.inputmethod.latin
E/ActivityManager(  282): Reason: Executing service com.android.inputmethod.latin/.LatinIME
E/ActivityManager(  282): Load: 6.21 / 1.73 / 0.59
E/ActivityManager(  282): CPU usage from 632ms to -6585ms ago:
E/ActivityManager(  282):   29% 282/system_server: 21% user + 7.6% kernel / faults: 1300 minor 1 major
E/ActivityManager(  282):   15% 37/surfaceflinger: 12% user + 2.5% kernel / faults: 1 minor
E/ActivityManager(  282):   7.2% 388/com.android.phone: 4.4% user + 2.8% kernel / faults: 606 minor 5 major
E/ActivityManager(  282):   4.6% 447/zygote: 2.9% user + 1.7% kernel / faults: 377 minor
E/ActivityManager(  282):   3.8% 86/bootanimation: 3% user + 0.8% kernel
E/ActivityManager(  282):   2.2% 38/zygote: 2% user + 0.2% kernel / faults: 260 minor
E/ActivityManager(  282):   1.3% 497/android.process.media: 0.9% user + 0.4% kernel / faults: 134 minor 1 major
E/ActivityManager(  282):   0.3% 376/com.android.inputmethod.latin: 0.1% user + 0.2% kernel / faults: 258 minor 1 major
E/ActivityManager(  282):   0% 36/rild: 0% user + 0% kernel / faults: 6 minor
E/ActivityManager(  282):   0% 1//init: 0% user + 0% kernel / faults: 31 minor
E/ActivityManager(  282):   0.1% 405/com.android.launcher: 0% user + 0.1% kernel / faults: 14 minor
E/ActivityManager(  282):   0.1% 481/zygote: 0.1% user + 0% kernel / faults: 37 minor
E/ActivityManager(  282):  +0% 533/com.android.contacts: 0% user + 0% kernel
E/ActivityManager(  282):  +0% 548/com.android.systemui: 0% user + 0% kernel
E/ActivityManager(  282): 100% TOTAL: 71% user + 28% kernel
E/ActivityManager(  282): CPU usage from 5403ms to 6071ms later:
E/ActivityManager(  282):   11% 388/com.android.phone: 6.7% user + 4.5% kernel / faults: 308 minor 4 major
E/ActivityManager(  282):     6.7% 388/m.android.phone: 4.5% user + 2.2% kernel
E/ActivityManager(  282):     3.3% 399/Compiler: 2.2% user + 1.1% kernel
E/ActivityManager(  282):     0.5% 466/RILReceiver: 0.5% user + 0% kernel
E/ActivityManager(  282):     0.5% 527/Binder_3: 0% user + 0.5% kernel
E/ActivityManager(  282):   23% 282/system_server: 13% user + 10% kernel / faults: 80 minor
E/ActivityManager(  282):     13% 300/ActivityManager: 3.3% user + 10% kernel
E/ActivityManager(  282):     5% 297/er.ServerThread: 3.3% user + 1.6% kernel
E/ActivityManager(  282):     3.3% 290/Compiler: 1.6% user + 1.6% kernel
E/ActivityManager(  282):     3.3% 294/Binder_1: 3.3% user + 0% kernel
E/ActivityManager(  282):     1.6% 310/PowerManagerSer: 1.6% user + 0% kernel
E/ActivityManager(  282):     1.6% 420/Binder_3: 1.6% user + 0% kernel
E/ActivityManager(  282):     1.6% 468/Binder_5: 1.6% user + 0% kernel
E/ActivityManager(  282):     1.6% 475/Binder_A: 1.6% user + 0% kernel
E/ActivityManager(  282):   12% 37/surfaceflinger: 12% user + 0% kernel
E/ActivityManager(  282):     12% 67/SurfaceFlinger: 12% user + 0% kernel
E/ActivityManager(  282):   3.9% 497/android.process.media: 1.9% user + 1.9% kernel / faults: 96 minor 1 major
E/ActivityManager(  282):     3.2% 530/MediaScannerSer: 1.3% user + 1.9% kernel
E/ActivityManager(  282):     1.3% 528/Download Servic: 0.6% user + 0.6% kernel
E/ActivityManager(  282):     0.6% 505/Compiler: 0.6% user + 0% kernel
E/ActivityManager(  282):   3.2% 86/bootanimation: 1.6% user + 1.6% kernel
E/ActivityManager(  282):     3.2% 105/BootAnimation: 1.6% user + 1.6% kernel
E/ActivityManager(  282):   1.6% 447/android.process.acore: 1.6% user + 0% kernel / faults: 21 minor
E/ActivityManager(  282):     6.4% 512/ApplicationsPro: 6.4% user + 0% kernel
E/ActivityManager(  282):     1.6% 521/ContactsProvide: 0% user + 1.6% kernel
E/ActivityManager(  282):   1.6% 533/com.android.contacts: 0% user + 1.6% kernel / faults: 13 minor 1 major
E/ActivityManager(  282):     1.6% 563/AsyncTask #1: 0% user + 1.6% kernel
E/ActivityManager(  282):    +0% 568/SharedPreferenc: 0% user + 0% kernel
E/ActivityManager(  282): 100% TOTAL: 61% user + 38% kernel
W/ActivityManager(  282): Killing ProcessRecord{40f71018 376:com.android.inputmethod.latin/u0a10010}: background ANR
I/ActivityManager(  282): Process com.android.inputmethod.latin (pid 376) has died.
W/ActivityManager(  282): Scheduling restart of crashed service com.android.inputmethod.latin/.LatinIME in 5000ms
I/dalvikvm(  447): Wrote stack traces to '/data/anr/traces.txt'
D/SystemUIService(  548): loading: class com.android.systemui.statusbar.phone.PhoneStatusBar
D/SystemUIService(  548): running: com.android.systemui.statusbar.phone.PhoneStatusBar@40cd5f78
I/StatusBarManagerService(  282): registerStatusBar bar=com.android.internal.statusbar.IStatusBar$Stub$Proxy@41057820
D/dalvikvm(  282): GC_CONCURRENT freed 421K, 20% free 6075K/7552K, paused 281ms+66ms, total 793ms
D/dalvikvm(  282): WAIT_FOR_CONCURRENT_GC blocked 553ms
D/CAT     (  388): CatService: SIM ready. Reporting STK service running now...
D/dalvikvm(  388): GC_CONCURRENT freed 279K, 11% free 2772K/3112K, paused 4ms+3ms, total 325ms
D/MccTable(  388): updateMccMncConfiguration: mcc=310, mnc=260
D/TelephonyManager(  388): getLteOnCdmaMode=0 curVal=-1 product_type='' lteOnCdmaProductType=''
D/MccTable(  388): locale set to en_us
D/MccTable(  388): WIFI_COUNTRY_CODE set to us
I/WifiService(  282): WifiService trying to set country code to us with persist set to true
I/ActivityManager(  282): Config changes=1403 {1.0 310mcc260mnc en_US ldltr sw320dp w320dp h508dp 240dpi nrml long port finger -keyb/v/h tball/v s.4}
W/SurfaceFlinger(   37): createScreenshotSurface failed (Function not implemented)
W/Settings(  388): Setting auto_time_zone has moved from android.provider.Settings.System to android.provider.Settings.Global, returning read-only value.
D/MccTable(  388): updateMccMncConfiguration: mcc=310, mnc=260
D/TelephonyManager(  388): getLteOnCdmaMode=0 curVal=-1 product_type='' lteOnCdmaProductType=''
D/MccTable(  388): locale set to en_us
D/MccTable(  388): WIFI_COUNTRY_CODE set to us
I/WifiService(  282): WifiService trying to set country code to us with persist set to true
I/ActivityManager(  282): Config changes=1400 {1.0 310mcc260mnc en_US ldltr sw320dp w320dp h508dp 240dpi nrml long port finger -keyb/v/h tball/v s.5}
I/ActivityManager(  282): Start proc com.android.inputmethod.latin for service com.android.inputmethod.latin/.LatinIME: pid=578 uid=10010 gids={50010, 1028}
D/dalvikvm(  548): GC_FOR_ALLOC freed 94K, 6% free 2667K/2824K, paused 686ms, total 693ms
I/dalvikvm-heap(  548): Grow heap (frag case) to 3.269MB for 635812-byte allocation
D/dalvikvm(  548): GC_FOR_ALLOC freed 5K, 5% free 3283K/3448K, paused 78ms, total 78ms
D/dalvikvm(  548): GC_CONCURRENT freed 1K, 5% free 3288K/3448K, paused 4ms+59ms, total 125ms
D/dalvikvm(  282): GC_CONCURRENT freed 892K, 20% free 6100K/7552K, paused 7ms+71ms, total 838ms
D/dalvikvm(  282): WAIT_FOR_CONCURRENT_GC blocked 564ms
E/Trace   (  578): error opening trace file: No such file or directory (2)
D/dalvikvm(  388): GC_CONCURRENT freed 278K, 11% free 2938K/3280K, paused 4ms+291ms, total 453ms
E/BluetoothAdapter(  548): Bluetooth binder is null
E/BluetoothAdapter(  548): Bluetooth binder is null
E/BluetoothAdapter(  548): Bluetooth binder is null
I/LatinIME(  578): Hardware accelerated drawing: false
I/Choreographer(  282): Skipped 953 frames!  The application may be doing too much work on its main thread.
W/WindowManager(  282): App freeze timeout expired.
W/WindowManager(  282): Force clearing freeze: AppWindowToken{40f867a0 token=Token{40f84ae8 ActivityRecord{40f846b0 u0 com.android.launcher/com.android.launcher2.Launcher}}}
W/WindowManager(  282): ***** BOOT TIMEOUT: forcing display enabled
I/SurfaceFlinger(   37): Boot is finished (92121 ms)
W/dalvikvm(  497): threadid=3: spin on suspend #1 threadid=14 (pcf=0)
D/dalvikvm(  497): Temporarily moving tid 530 to fg (was 0)
D/dalvikvm(  497): Temporarily raised priority on tid 530 (11 -> 0)
W/dalvikvm(  497): threadid=3: spin on suspend resolved in 9327 msec
D/dalvikvm(  497): Restored policy of 530 to 0
D/dalvikvm(  497): Restored priority on 530 to 11
I/PowerManagerService(  282): Boot animation finished.
D/dalvikvm(  282): GC_CONCURRENT freed 438K, 13% free 6595K/7552K, paused 5ms+215ms, total 1172ms
D/dalvikvm(  282): WAIT_FOR_CONCURRENT_GC blocked 54ms
D/dalvikvm(  282): WAIT_FOR_CONCURRENT_GC blocked 38ms
D/dalvikvm(  282): WAIT_FOR_CONCURRENT_GC blocked 35ms
D/dalvikvm(  282): WAIT_FOR_CONCURRENT_GC blocked 36ms
I/ActivityManager(  282): Config changes=1400 {1.0 310mcc260mnc en_US ldltr sw320dp w320dp h508dp 240dpi nrml long port finger -keyb/v/h tball/v s.6}
I/Choreographer(  282): Skipped 130 frames!  The application may be doing too much work on its main thread.
I/Choreographer(  282): Skipped 87 frames!  The application may be doing too much work on its main thread.
D/dalvikvm(  548): GC_CONCURRENT freed 63K, 3% free 3683K/3796K, paused 4ms+187ms, total 844ms
D/dalvikvm(  282): GC_FOR_ALLOC freed 320K, 14% free 6551K/7552K, paused 71ms, total 84ms
I/dalvikvm-heap(  282): Grow heap (frag case) to 7.539MB for 1128976-byte allocation
E/BluetoothAdapter(  548): Bluetooth binder is null
D/dalvikvm(  282): GC_FOR_ALLOC freed 887K, 22% free 6766K/8656K, paused 99ms, total 99ms
W/InputAttributes(  578): No editor info for this field. Bug?
E/ActivityThread(  578): Failed to find provider info for com.android.inputmethod.latin.dictionarypack
D/dalvikvm(  388): GC_CONCURRENT freed 468K, 16% free 2862K/3392K, paused 3ms+3ms, total 180ms
E/BinaryDictionaryGetter(  578): Could not find a dictionary pack
I/Choreographer(  282): Skipped 241 frames!  The application may be doing too much work on its main thread.
D/dalvikvm(  282): GC_CONCURRENT freed 38K, 22% free 6801K/8656K, paused 43ms+90ms, total 553ms
I/Choreographer(  282): Skipped 99 frames!  The application may be doing too much work on its main thread.
D/dalvikvm(  578): GC_CONCURRENT freed 274K, 12% free 2554K/2892K, paused 15ms+220ms, total 368ms
E/StrictMode(  578): A resource was acquired at attached stack trace but never released. See java.io.Closeable for information on avoiding resource leaks.
E/StrictMode(  578): java.lang.Throwable: Explicit termination method 'close' not called
E/StrictMode(  578): 	at dalvik.system.CloseGuard.open(CloseGuard.java:184)
E/StrictMode(  578): 	at android.os.ParcelFileDescriptor.<init>(ParcelFileDescriptor.java:412)
E/StrictMode(  578): 	at android.content.res.AssetManager.openNonAssetFdNative(Native Method)
E/StrictMode(  578): 	at android.content.res.AssetManager.openNonAssetFd(AssetManager.java:428)
E/StrictMode(  578): 	at android.content.res.Resources.openRawResourceFd(Resources.java:979)
E/StrictMode(  578): 	at com.android.inputmethod.latin.BinaryDictionaryGetter.loadFallbackResource(BinaryDictionaryGetter.java:183)
E/StrictMode(  578): 	at com.android.inputmethod.latin.BinaryDictionaryGetter.getDictionaryFiles(BinaryDictionaryGetter.java:456)
E/StrictMode(  578): 	at com.android.inputmethod.latin.DictionaryFactory.createMainDictionaryFromManager(DictionaryFactory.java:57)
E/StrictMode(  578): 	at com.android.inputmethod.latin.DictionaryFactory.createMainDictionaryFromManager(DictionaryFactory.java:87)
E/StrictMode(  578): 	at com.android.inputmethod.latin.Suggest$1.run(Suggest.java:108)
D/dalvikvm(  282): GC_EXPLICIT freed 16K, 22% free 6820K/8656K, paused 3ms+72ms, total 388ms
I/Choreographer(  282): Skipped 55 frames!  The application may be doing too much work on its main thread.
W/InputMethodManagerService(  282): Found no subtypes in a system IME: com.android.inputmethod.pinyin
I/RecoverySystem(  282): No recovery log file
I/dalvikvm(  497): Wrote stack traces to '/data/anr/traces.txt'
D/PhoneStatusBar(  548): disable: < expand icons alerts ticker system_info BACK* HOME* RECENT* CLOCK* SEARCH* >
I/ActivityManager(  282): Start proc com.android.deskclock for broadcast com.android.deskclock/.AlarmInitReceiver: pid=610 uid=10006 gids={50006, 1028}
E/BluetoothAdapter(  548): Bluetooth binder is null
D/SystemUIService(  548): loading: class com.android.systemui.power.PowerUI
D/SystemUIService(  548): running: com.android.systemui.power.PowerUI@40e4eb08
D/SystemUIService(  548): loading: class com.android.systemui.media.RingtonePlayer
D/SystemUIService(  548): running: com.android.systemui.media.RingtonePlayer@40e4f8e8
I/Choreographer(  548): Skipped 1460 frames!  The application may be doing too much work on its main thread.
E/Trace   (  610): error opening trace file: No such file or directory (2)
D/ConnectivityService(  282): ConnectivityChange for mobile: CONNECTED/CONNECTED
V/AlarmClock(  610): No next alarm
V/AlarmClock(  610): AlarmInitReceiver - Reset timers and clear stopwatch data
V/AlarmClock(  610): No next alarm
D/dalvikvm(  282): GC_CONCURRENT freed 1926K, 31% free 6007K/8656K, paused 15ms+6ms, total 127ms
D/dalvikvm(  282): WAIT_FOR_CONCURRENT_GC blocked 32ms
V/AlarmClock(  610): AlarmInitReceiver finished
D/dalvikvm(  282): WAIT_FOR_CONCURRENT_GC blocked 99ms
D/dalvikvm(  282): GC_CONCURRENT freed 329K, 24% free 6589K/8656K, paused 5ms+6ms, total 120ms
D/dalvikvm(  282): WAIT_FOR_CONCURRENT_GC blocked 21ms
D/dalvikvm(  282): WAIT_FOR_CONCURRENT_GC blocked 43ms
I/Choreographer(  282): Skipped 439 frames!  The application may be doing too much work on its main thread.
V/TAG     (  282): bug 7643792: fitSystemWindows([0,38][0,0])
I/ActivityManager(  282): Start proc com.android.email for broadcast com.android.email/.service.EmailBroadcastReceiver: pid=629 uid=10019 gids={50019, 3003, 1015, 1028}
D/dalvikvm(  282): GC_FOR_ALLOC freed 452K, 24% free 6604K/8656K, paused 99ms, total 107ms
I/dalvikvm-heap(  282): Grow heap (frag case) to 7.589MB for 1128976-byte allocation
D/dalvikvm(  282): GC_FOR_ALLOC freed 882K, 22% free 6824K/8656K, paused 58ms, total 59ms
E/Trace   (  629): error opening trace file: No such file or directory (2)
I/Choreographer(  282): Skipped 107 frames!  The application may be doing too much work on its main thread.
E/SurfaceFlinger(   37): ro.sf.lcd_density must be defined as a build property
D/dalvikvm(  548): GC_CONCURRENT freed 249K, 8% free 3855K/4168K, paused 108ms+145ms, total 367ms
D/dalvikvm(  282): GC_CONCURRENT freed 206K, 23% free 6729K/8656K, paused 36ms+7ms, total 487ms
I/Choreographer(  282): Skipped 134 frames!  The application may be doing too much work on its main thread.
E/SurfaceFlinger(   37): ro.sf.lcd_density must be defined as a build property
I/Choreographer(  282): Skipped 56 frames!  The application may be doing too much work on its main thread.
I/Choreographer(  282): Skipped 36 frames!  The application may be doing too much work on its main thread.
D/dalvikvm(  548): GC_FOR_ALLOC freed 61K, 7% free 3896K/4168K, paused 317ms, total 321ms
I/dalvikvm-heap(  548): Grow heap (frag case) to 9.977MB for 6410576-byte allocation
I/ActivityManager(  282): Start proc com.android.exchange for service com.android.exchange/.ExchangeService: pid=646 uid=10032 gids={50032, 3003, 1015, 1028}
I/ActivityManager(  282): Start proc com.android.providers.calendar for broadcast com.android.providers.calendar/.CalendarReceiver: pid=654 uid=10023 gids={50023, 3003, 1015, 1028}
D/dalvikvm(  548): GC_FOR_ALLOC freed 1K, 3% free 10155K/10432K, paused 98ms, total 98ms
D/dalvikvm(  548): GC_CONCURRENT freed 1K, 3% free 10154K/10432K, paused 4ms+38ms, total 67ms
E/Trace   (  646): error opening trace file: No such file or directory (2)
E/Trace   (  654): error opening trace file: No such file or directory (2)
D/Tethering(  282): MasterInitialState.processMessage what=3
D/dalvikvm(  548): GC_FOR_ALLOC freed 1K, 3% free 10153K/10432K, paused 29ms, total 29ms
I/ActivityManager(  282): Start proc com.android.mms for broadcast com.android.mms/.transaction.MmsSystemEventReceiver: pid=678 uid=10029 gids={50029, 3003, 1015, 1028}
I/dalvikvm-heap(  548): Grow heap (frag case) to 12.671MB for 2828816-byte allocation
D/dalvikvm(  548): GC_CONCURRENT freed 0K, 3% free 12916K/13196K, paused 4ms+6ms, total 60ms
D/dalvikvm(  548): WAIT_FOR_CONCURRENT_GC blocked 50ms
D/gralloc_goldfish(  548): Emulator without GPU emulation detected.
I/Choreographer(  548): Skipped 1163 frames!  The application may be doing too much work on its main thread.
E/Trace   (  678): error opening trace file: No such file or directory (2)
I/Choreographer(  282): Skipped 34 frames!  The application may be doing too much work on its main thread.
I/Choreographer(  548): Skipped 77 frames!  The application may be doing too much work on its main thread.
D/CountryDetector(  282): The first listener is added
V/MmsConfig(  678): mnc/mcc: 310260
V/MmsConfig(  678): tag: bool value: enabledMMS - true
V/MmsConfig(  678): tag: int value: maxMessageSize - 307200
V/MmsConfig(  678): tag: int value: maxImageHeight - 480
V/MmsConfig(  678): tag: int value: maxImageWidth - 640
V/MmsConfig(  678): tag: int value: defaultSMSMessagesPerThread - 500
V/MmsConfig(  678): tag: int value: defaultMMSMessagesPerThread - 50
V/MmsConfig(  678): tag: int value: minMessageCountPerThread - 10
V/MmsConfig(  678): tag: int value: maxMessageCountPerThread - 5000
V/MmsConfig(  678): tag: string value: uaProfUrl - http://www.google.com/oha/rdf/ua-profile-kila.xml
V/MmsConfig(  678): tag: int value: recipientLimit - -1
V/MmsConfig(  678): tag: bool value: enableMultipartSMS - true
V/MmsConfig(  678): tag: int value: smsToMmsTextThreshold - -1
V/MmsConfig(  678): tag: bool value: enableSlideDuration - true
V/MmsConfig(  678): tag: int value: maxMessageTextSize - -1
D/ExchangeService(  646): !!! EAS ExchangeService, onCreate
D/Eas Debug(  646): Logging: 
D/dalvikvm(  497): GC_CONCURRENT freed 223K, 10% free 2552K/2836K, paused 175ms+26ms, total 5288ms
D/ExchangeService(  646): !!! EAS ExchangeService, onStartCommand, startingUp = false, running = false
D/ExchangeService(  646): !!! EAS ExchangeService, onStartCommand, startingUp = true, running = false
I/ActivityManager(  282): Start proc com.android.settings for broadcast com.android.settings/.widget.SettingsAppWidgetProvider: pid=710 uid=1000 gids={41000, 1015, 1028, 3002, 3001, 3003}
E/Trace   (  710): error opening trace file: No such file or directory (2)
D/dalvikvm(  282): GREF has increased to 501
E/BluetoothAdapter(  710): Bluetooth binder is null
E/BluetoothAdapter(  710): Bluetooth binder is null
E/BluetoothAdapter(  710): Bluetooth binder is null
D/GpsLocationProvider(  282): NTP server returned: 1483703030054 (Fri Jan 06 11:43:50 GMT 2017) reference: 106343 certainty: 17 system time offset: -6901
D/ExchangeService(  646): Received deviceId from Email app: androidc259148960
D/ExchangeService(  646): Reconciling accounts...
D/ExchangeService(  646): !!! EAS ExchangeService, onStartCommand, startingUp = true, running = false
D/Eas Debug(  646): Logging: 
D/Mms:app (  678): cancelNotification
D/MmsSmsDatabaseHelper(  388): [MmsSmsDb] tableName: threads hasAutoIncrement: CREATE TABLE threads (_id INTEGER PRIMARY KEY AUTOINCREMENT,date INTEGER DEFAULT 0,message_count INTEGER DEFAULT 0,recipient_ids TEXT,snippet TEXT,snippet_cs INTEGER DEFAULT 0,read INTEGER DEFAULT 1,type INTEGER DEFAULT 0,error INTEGER DEFAULT 0,has_attachment INTEGER DEFAULT 0) result: true
D/MmsSmsDatabaseHelper(  388): [MmsSmsDb] tableName: canonical_addresses hasAutoIncrement: CREATE TABLE canonical_addresses (_id INTEGER PRIMARY KEY AUTOINCREMENT,address TEXT) result: true
D/MmsSmsDatabaseHelper(  388): [MmsSmsDb] tableName: part hasAutoIncrement: CREATE TABLE part (_id INTEGER PRIMARY KEY AUTOINCREMENT,mid INTEGER,seq INTEGER DEFAULT 0,ct TEXT,name TEXT,chset INTEGER,cd TEXT,fn TEXT,cid TEXT,cl TEXT,ctt_s INTEGER,ctt_t TEXT,_data TEXT,text TEXT) result: true
D/MmsSmsDatabaseHelper(  388): [MmsSmsDb] tableName: pdu hasAutoIncrement: CREATE TABLE pdu (_id INTEGER PRIMARY KEY AUTOINCREMENT,thread_id INTEGER,date INTEGER,date_sent INTEGER DEFAULT 0,msg_box INTEGER,read INTEGER DEFAULT 0,m_id TEXT,sub TEXT,sub_cs INTEGER,ct_t TEXT,ct_l TEXT,exp INTEGER,m_cls TEXT,m_type INTEGER,v INTEGER,m_size INTEGER,pri INTEGER,rr INTEGER,rpt_a INTEGER,resp_st INTEGER,st INTEGER,tr_id TEXT,retr_st INTEGER,retr_txt TEXT,retr_txt_cs INTEGER,read_status INTEGER,ct_cls INTEGER,resp_txt TEXT,d_tm INTEGER,d_rpt INTEGER,locked INTEGER DEFAULT 0,seen INTEGER DEFAULT 0,text_only INTEGER DEFAULT 0) result: true
D/MmsSmsDatabaseHelper(  388): [getWritableDatabase] hasAutoIncrementThreads: true hasAutoIncrementAddresses: true hasAutoIncrementPart: true hasAutoIncrementPdu: true
I/AccountTypeManager(  533): Loaded meta-data for 1 account types, 0 accounts in 72ms(wall) 27ms(cpu)
W/MediaScanner(  497): Error opening directory '/mnt/sdcard/.android_secure/', skipping: Permission denied.
I/CalendarProvider2(  654): Sending notification intent: Intent { act=android.intent.action.PROVIDER_CHANGED dat=content://com.android.calendar }
W/ContentResolver(  654): Failed to get type for: content://com.android.calendar (Unknown URL content://com.android.calendar)
I/ActivityManager(  282): Start proc com.android.calendar for broadcast com.android.calendar/.alerts.AlertReceiver: pid=742 uid=10004 gids={50004, 3003, 1028}
E/Trace   (  742): error opening trace file: No such file or directory (2)
D/AlertReceiver(  742): onReceive: a=android.intent.action.PROVIDER_CHANGED Intent { act=android.intent.action.PROVIDER_CHANGED dat=content://com.android.calendar flg=0x10 cmp=com.android.calendar/.alerts.AlertReceiver }
W/SystemClock(  282): Unable to set rtc to 1483703031: Invalid argument
V/AlarmClock(  610): No next alarm
V/AlarmClock(  610): AlarmInitReceiver finished
D/dalvikvm(  405): GC_FOR_ALLOC freed 340K, 8% free 4854K/5256K, paused 198ms, total 215ms
I/dalvikvm-heap(  405): Grow heap (frag case) to 6.168MB for 1440016-byte allocation
D/dalvikvm(  405): GC_FOR_ALLOC freed 28K, 7% free 6231K/6664K, paused 40ms, total 42ms
D/dalvikvm(  405): GC_CONCURRENT freed <1K, 7% free 6230K/6664K, paused 4ms+4ms, total 47ms
D/Launcher.Model(  405): Reload apps on config change. curr_mcc:310 prevmcc:0
D/AlertService(  742): 0 Action = android.intent.action.PROVIDER_CHANGED
D/AlertService(  742): Beginning updateAlertNotification
I/Choreographer(  405): Skipped 454 frames!  The application may be doing too much work on its main thread.
I/dalvikvm(  282): Jit: resizing JitTable from 4096 to 8192
E/SurfaceFlinger(   37): ro.sf.lcd_density must be defined as a build property
D/gralloc_goldfish(  405): Emulator without GPU emulation detected.
D/dalvikvm(  405): GC_FOR_ALLOC freed 1500K, 26% free 5039K/6780K, paused 90ms, total 102ms
I/dalvikvm-heap(  405): Grow heap (frag case) to 6.372MB for 1463056-byte allocation
D/dalvikvm(  405): GC_CONCURRENT freed 7K, 22% free 6460K/8212K, paused 4ms+4ms, total 32ms
D/dalvikvm(  405): WAIT_FOR_CONCURRENT_GC blocked 28ms
D/dalvikvm(  405): GC_FOR_ALLOC freed <1K, 22% free 6461K/8212K, paused 23ms, total 23ms
I/dalvikvm-heap(  405): Grow heap (frag case) to 7.760MB for 1463056-byte allocation
D/dalvikvm(  405): GC_CONCURRENT freed <1K, 19% free 7889K/9644K, paused 5ms+4ms, total 30ms
D/dalvikvm(  405): WAIT_FOR_CONCURRENT_GC blocked 26ms
D/dalvikvm(  405): WAIT_FOR_CONCURRENT_GC blocked 25ms
I/ActivityManager(  282): Displayed com.android.launcher/com.android.launcher2.Launcher: +1m1s773ms
D/dalvikvm(  388): GREF has increased to 201
D/AlertService(  742): No fired or scheduled alerts
D/Mms:app (  678): cancelNotification
D/dalvikvm(  405): GC_FOR_ALLOC freed 1738K, 21% free 7675K/9644K, paused 24ms, total 36ms
D/dalvikvm(  405): GREF has increased to 201
I/Choreographer(  405): Skipped 30 frames!  The application may be doing too much work on its main thread.
I/Choreographer(  405): Skipped 50 frames!  The application may be doing too much work on its main thread.
D/EmailProvider(  629): fromDatabase accounts: 0
D/EmailProvider(  629): ending toDatabase transaction; copyCount = 0
D/EmailProvider(  629): ending fromDatabase transaction; copyCount = 0
D/SystemClock(  282): Setting time of day to sec=1483703031
D/AndroidRuntime(  782): 
D/AndroidRuntime(  782): >>>>>> AndroidRuntime START com.android.internal.os.RuntimeInit <<<<<<
D/AndroidRuntime(  782): CheckJNI is ON
D/dalvikvm(  782): Trying to load lib libjavacore.so 0x0
D/dalvikvm(  782): Added shared lib libjavacore.so 0x0
D/dalvikvm(  782): Trying to load lib libnativehelper.so 0x0
D/dalvikvm(  782): Added shared lib libnativehelper.so 0x0
D/dalvikvm(  282): GC_EXPLICIT freed 1518K, 34% free 5759K/8652K, paused 4ms+8ms, total 177ms
W/ActivityManager(  282): Unable to start service Intent { cmp=com.android.email/.service.AttachmentDownloadService } U=0: not found
V/MediaScanner(  497): pruneDeadThumbnailFiles... android.database.sqlite.SQLiteCursor@40cd9f70
V/MediaScanner(  497): /pruneDeadThumbnailFiles... android.database.sqlite.SQLiteCursor@40cd9f70
D/AndroidRuntime(  782): Calling main entry com.android.commands.am.Am
