W/BroadcastQueue(  285): 	at android.os.Handler.dispatchMessage(Handler.java:99)
W/BroadcastQueue(  285): 	at android.os.Looper.loop(Looper.java:137)
W/BroadcastQueue(  285): 	at com.android.server.am.ActivityManagerService$AThread.run(ActivityManagerService.java:1480)
V/AlarmClock(  654): No next alarm
V/AlarmClock(  654): AlarmInitReceiver - Reset timers and clear stopwatch data
E/JavaBinder(  285): !!! FAILED BINDER TRANSACTION !!!
W/BroadcastQueue(  285): Failure sending broadcast Intent { act=android.intent.action.ALARM_CHANGED flg=0x10 (has extras) }
W/BroadcastQueue(  285): android.os.TransactionTooLargeException
W/BroadcastQueue(  285): 	at android.os.BinderProxy.transact(Native Method)
W/BroadcastQueue(  285): 	at android.app.ApplicationThreadProxy.scheduleRegisteredReceiver(ApplicationThreadNative.java:1009)
W/BroadcastQueue(  285): 	at com.android.server.am.BroadcastQueue.performReceiveLocked(BroadcastQueue.java:373)
W/BroadcastQueue(  285): 	at com.android.server.am.BroadcastQueue.deliverToRegisteredReceiverLocked(BroadcastQueue.java:439)
W/BroadcastQueue(  285): 	at com.android.server.am.BroadcastQueue.processNextBroadcast(BroadcastQueue.java:487)
W/BroadcastQueue(  285): 	at com.android.server.am.BroadcastQueue$1.handleMessage(BroadcastQueue.java:140)
W/BroadcastQueue(  285): 	at android.os.Handler.dispatchMessage(Handler.java:99)
W/BroadcastQueue(  285): 	at android.os.Looper.loop(Looper.java:137)
W/BroadcastQueue(  285): 	at com.android.server.am.ActivityManagerService$AThread.run(ActivityManagerService.java:1480)
V/AlarmClock(  654): No next alarm
E/JavaBinder(  285): !!! FAILED BINDER TRANSACTION !!!
W/BroadcastQueue(  285): Failure sending broadcast Intent { act=android.intent.action.ALARM_CHANGED flg=0x10 (has extras) }
W/BroadcastQueue(  285): android.os.TransactionTooLargeException
W/BroadcastQueue(  285): 	at android.os.BinderProxy.transact(Native Method)
W/BroadcastQueue(  285): 	at android.app.ApplicationThreadProxy.scheduleRegisteredReceiver(ApplicationThreadNative.java:1009)
W/BroadcastQueue(  285): 	at com.android.server.am.BroadcastQueue.performReceiveLocked(BroadcastQueue.java:373)
W/BroadcastQueue(  285): 	at com.android.server.am.BroadcastQueue.deliverToRegisteredReceiverLocked(BroadcastQueue.java:439)
W/BroadcastQueue(  285): 	at com.android.server.am.BroadcastQueue.processNextBroadcast(BroadcastQueue.java:487)
W/BroadcastQueue(  285): 	at com.android.server.am.BroadcastQueue$1.handleMessage(BroadcastQueue.java:140)
W/BroadcastQueue(  285): 	at android.os.Handler.dispatchMessage(Handler.java:99)
W/BroadcastQueue(  285): 	at android.os.Looper.loop(Looper.java:137)
W/BroadcastQueue(  285): 	at com.android.server.am.ActivityManagerService$AThread.run(ActivityManagerService.java:1480)
V/AlarmClock(  654): AlarmInitReceiver finished
I/Choreographer(  285): Skipped 33 frames!  The application may be doing too much work on its main thread.
D/dalvikvm(  431): GC_CONCURRENT freed 322K, 12% free 2940K/3320K, paused 4ms+82ms, total 507ms
D/dalvikvm(  285): GC_CONCURRENT freed 388K, 19% free 6000K/7368K, paused 48ms+11ms, total 565ms
D/dalvikvm(  285): WAIT_FOR_CONCURRENT_GC blocked 247ms
I/Choreographer(  285): Skipped 69 frames!  The application may be doing too much work on its main thread.
W/WindowManager(  285): App freeze timeout expired.
W/WindowManager(  285): Force clearing freeze: AppWindowToken{40f65e60 token=Token{40f67fd0 ActivityRecord{40e926c0 u0 com.android.launcher/com.android.launcher2.Launcher}}}
I/Choreographer(  285): Skipped 50 frames!  The application may be doing too much work on its main thread.
I/Choreographer(  285): Skipped 32 frames!  The application may be doing too much work on its main thread.
E/JavaBinder(  285): !!! FAILED BINDER TRANSACTION !!!
W/BroadcastQueue(  285): Failure sending broadcast Intent { act=android.provider.Telephony.SPN_STRINGS_UPDATED flg=0x20000010 (has extras) }
W/BroadcastQueue(  285): android.os.TransactionTooLargeException
W/BroadcastQueue(  285): 	at android.os.BinderProxy.transact(Native Method)
W/BroadcastQueue(  285): 	at android.app.ApplicationThreadProxy.scheduleRegisteredReceiver(ApplicationThreadNative.java:1009)
W/BroadcastQueue(  285): 	at com.android.server.am.BroadcastQueue.performReceiveLocked(BroadcastQueue.java:373)
W/BroadcastQueue(  285): 	at com.android.server.am.BroadcastQueue.deliverToRegisteredReceiverLocked(BroadcastQueue.java:439)
W/BroadcastQueue(  285): 	at com.android.server.am.BroadcastQueue.processNextBroadcast(BroadcastQueue.java:487)
W/BroadcastQueue(  285): 	at com.android.server.am.BroadcastQueue$1.handleMessage(BroadcastQueue.java:140)
W/BroadcastQueue(  285): 	at android.os.Handler.dispatchMessage(Handler.java:99)
W/BroadcastQueue(  285): 	at android.os.Looper.loop(Looper.java:137)
W/BroadcastQueue(  285): 	at com.android.server.am.ActivityManagerService$AThread.run(ActivityManagerService.java:1480)
D/dalvikvm(  285): GC_CONCURRENT freed 352K, 11% free 6557K/7368K, paused 19ms+8ms, total 107ms
D/dalvikvm(  285): WAIT_FOR_CONCURRENT_GC blocked 68ms
D/dalvikvm(  285): WAIT_FOR_CONCURRENT_GC blocked 79ms
D/dalvikvm(  431): GC_CONCURRENT freed 466K, 16% free 2891K/3416K, paused 5ms+20ms, total 110ms
I/Choreographer(  285): Skipped 1838 frames!  The application may be doing too much work on its main thread.
E/JavaBinder(  285): !!! FAILED BINDER TRANSACTION !!!
E/JavaBinder(  285): !!! FAILED BINDER TRANSACTION !!!
W/BroadcastQueue(  285): Failure sending broadcast Intent { act=android.intent.action.SIM_STATE_CHANGED flg=0x20000010 (has extras) }
W/BroadcastQueue(  285): android.os.TransactionTooLargeException
W/BroadcastQueue(  285): 	at android.os.BinderProxy.transact(Native Method)
W/BroadcastQueue(  285): 	at android.app.ApplicationThreadProxy.scheduleRegisteredReceiver(ApplicationThreadNative.java:1009)
W/BroadcastQueue(  285): 	at com.android.server.am.BroadcastQueue.performReceiveLocked(BroadcastQueue.java:373)
W/BroadcastQueue(  285): 	at com.android.server.am.BroadcastQueue.deliverToRegisteredReceiverLocked(BroadcastQueue.java:439)
W/BroadcastQueue(  285): 	at com.android.server.am.BroadcastQueue.processNextBroadcast(BroadcastQueue.java:487)
W/BroadcastQueue(  285): 	at com.android.server.am.BroadcastQueue$1.handleMessage(BroadcastQueue.java:140)
W/BroadcastQueue(  285): 	at android.os.Handler.dispatchMessage(Handler.java:99)
W/BroadcastQueue(  285): 	at android.os.Looper.loop(Looper.java:137)
W/BroadcastQueue(  285): 	at com.android.server.am.ActivityManagerService$AThread.run(ActivityManagerService.java:1480)
E/JavaBinder(  285): !!! FAILED BINDER TRANSACTION !!!
W/BroadcastQueue(  285): Failure sending broadcast Intent { act=android.intent.action.SIM_STATE_CHANGED flg=0x20000010 (has extras) }
W/BroadcastQueue(  285): android.os.TransactionTooLargeException
W/BroadcastQueue(  285): 	at android.os.BinderProxy.transact(Native Method)
W/BroadcastQueue(  285): 	at android.app.ApplicationThreadProxy.scheduleRegisteredReceiver(ApplicationThreadNative.java:1009)
W/BroadcastQueue(  285): 	at com.android.server.am.BroadcastQueue.performReceiveLocked(BroadcastQueue.java:373)
W/BroadcastQueue(  285): 	at com.android.server.am.BroadcastQueue.deliverToRegisteredReceiverLocked(BroadcastQueue.java:439)
W/BroadcastQueue(  285): 	at com.android.server.am.BroadcastQueue.processNextBroadcast(BroadcastQueue.java:487)
W/BroadcastQueue(  285): 	at com.android.server.am.BroadcastQueue$1.handleMessage(BroadcastQueue.java:140)
W/BroadcastQueue(  285): 	at android.os.Handler.dispatchMessage(Handler.java:99)
W/BroadcastQueue(  285): 	at android.os.Looper.loop(Looper.java:137)
W/BroadcastQueue(  285): 	at com.android.server.am.ActivityManagerService$AThread.run(ActivityManagerService.java:1480)
D/dalvikvm(  448): GREF has increased to 201
I/Choreographer(  448): Skipped 2160 frames!  The application may be doing too much work on its main thread.
D/dalvikvm(  285): GC_EXPLICIT freed 583K, 11% free 6639K/7456K, paused 4ms+87ms, total 642ms
W/Launcher.Model(  448): LoaderTask running with no launcher (loadAllAppsByBatch)
W/GpsLocationProvider(  285): Could not open GPS configuration file /etc/gps.conf
W/ServiceWatcher(  285): com.google.android.location not found
I/Choreographer(  285): Skipped 309 frames!  The application may be doing too much work on its main thread.
D/dalvikvm(  285): GC_FOR_ALLOC freed 215K, 12% free 6601K/7456K, paused 486ms, total 507ms
I/dalvikvm-heap(  285): Grow heap (frag case) to 7.583MB for 1128976-byte allocation
D/dalvikvm(  285): GC_FOR_ALLOC freed 880K, 21% free 6824K/8560K, paused 404ms, total 404ms
D/dalvikvm(  285): GC_CONCURRENT freed 5K, 21% free 6841K/8560K, paused 9ms+74ms, total 553ms
D/dalvikvm(  448): GC_FOR_ALLOC freed 3338K, 45% free 5031K/9028K, paused 124ms, total 146ms
I/dalvikvm-heap(  448): Grow heap (frag case) to 6.337MB for 1440016-byte allocation
D/dalvikvm(  448): GC_FOR_ALLOC freed 26K, 29% free 6411K/9028K, paused 514ms, total 516ms
W/ServiceWatcher(  285): com.google.android.location not found
W/LocationManagerService(  285): no network location provider found
W/ServiceWatcher(  285): com.google.android.location not found
D/dalvikvm(  448): GC_CONCURRENT freed 1K, 29% free 6410K/9028K, paused 3ms+4ms, total 426ms
I//system/bin/fsck_msdos(   32): Attempting to allocate 2044 KB for FAT
W/WindowManager(  285): ***** BOOT TIMEOUT: forcing display enabled
I/SurfaceFlinger(   37): Boot is finished (87072 ms)
I/PowerManagerService(  285): Boot animation finished.
I/ActivityManager(  285): Start proc com.android.location.fused for service com.android.location.fused/.FusedLocationService: pid=727 uid=10022 gids={50022, 1028}
I/ActivityManager(  285): Config changes=1400 {1.0 310mcc260mnc en_US ldltr sw320dp w320dp h508dp 240dpi nrml long port finger -keyb/v/h tball/v s.6}
E/JavaBinder(  285): !!! FAILED BINDER TRANSACTION !!!
E/JavaBinder(  285): !!! FAILED BINDER TRANSACTION !!!
W/BroadcastQueue(  285): Failure sending broadcast Intent { act=android.intent.action.CONFIGURATION_CHANGED flg=0x70000010 }
W/BroadcastQueue(  285): android.os.TransactionTooLargeException
W/BroadcastQueue(  285): 	at android.os.BinderProxy.transact(Native Method)
W/BroadcastQueue(  285): 	at android.app.ApplicationThreadProxy.scheduleRegisteredReceiver(ApplicationThreadNative.java:1009)
W/BroadcastQueue(  285): 	at com.android.server.am.BroadcastQueue.performReceiveLocked(BroadcastQueue.java:373)
W/BroadcastQueue(  285): 	at com.android.server.am.BroadcastQueue.deliverToRegisteredReceiverLocked(BroadcastQueue.java:439)
W/BroadcastQueue(  285): 	at com.android.server.am.BroadcastQueue.processNextBroadcast(BroadcastQueue.java:487)
W/BroadcastQueue(  285): 	at com.android.server.am.BroadcastQueue$1.handleMessage(BroadcastQueue.java:140)
W/BroadcastQueue(  285): 	at android.os.Handler.dispatchMessage(Handler.java:99)
W/BroadcastQueue(  285): 	at android.os.Looper.loop(Looper.java:137)
W/BroadcastQueue(  285): 	at com.android.server.am.ActivityManagerService$AThread.run(ActivityManagerService.java:1480)
E/JavaBinder(  285): !!! FAILED BINDER TRANSACTION !!!
W/BroadcastQueue(  285): Failure sending broadcast Intent { act=android.intent.action.CONFIGURATION_CHANGED flg=0x70000010 }
W/BroadcastQueue(  285): android.os.TransactionTooLargeException
W/BroadcastQueue(  285): 	at android.os.BinderProxy.transact(Native Method)
W/BroadcastQueue(  285): 	at android.app.ApplicationThreadProxy.scheduleRegisteredReceiver(ApplicationThreadNative.java:1009)
W/BroadcastQueue(  285): 	at com.android.server.am.BroadcastQueue.performReceiveLocked(BroadcastQueue.java:373)
W/BroadcastQueue(  285): 	at com.android.server.am.BroadcastQueue.deliverToRegisteredReceiverLocked(BroadcastQueue.java:439)
W/BroadcastQueue(  285): 	at com.android.server.am.BroadcastQueue.processNextBroadcast(BroadcastQueue.java:487)
W/BroadcastQueue(  285): 	at com.android.server.am.BroadcastQueue$1.handleMessage(BroadcastQueue.java:140)
W/BroadcastQueue(  285): 	at android.os.Handler.dispatchMessage(Handler.java:99)
W/BroadcastQueue(  285): 	at android.os.Looper.loop(Looper.java:137)
W/BroadcastQueue(  285): 	at com.android.server.am.ActivityManagerService$AThread.run(ActivityManagerService.java:1480)
I/Choreographer(  285): Skipped 123 frames!  The application may be doing too much work on its main thread.
E/Trace   (  727): error opening trace file: No such file or directory (2)
I/Choreographer(  285): Skipped 1104 frames!  The application may be doing too much work on its main thread.
I/Choreographer(  285): Skipped 47 frames!  The application may be doing too much work on its main thread.
D/Launcher.Model(  448): Reload apps on config change. curr_mcc:310 prevmcc:0
I/Choreographer(  448): Skipped 1399 frames!  The application may be doing too much work on its main thread.
D/dalvikvm(  285): GC_CONCURRENT freed 2082K, 33% free 5784K/8560K, paused 112ms+33ms, total 362ms
D/dalvikvm(  285): WAIT_FOR_CONCURRENT_GC blocked 115ms
I/dalvikvm-heap(  285): Grow heap (frag case) to 6.786MB for 1128976-byte allocation
D/dalvikvm(  285): GC_FOR_ALLOC freed 131K, 22% free 6754K/8560K, paused 71ms, total 72ms
E/SurfaceFlinger(   37): ro.sf.lcd_density must be defined as a build property
I/Choreographer(  285): Skipped 95 frames!  The application may be doing too much work on its main thread.
W/ServiceWatcher(  285): com.google.android.location not found
E/LocationManagerService(  285): no geocoder provider found
D/dalvikvm(  448): GC_FOR_ALLOC freed 1622K, 44% free 5097K/9028K, paused 41ms, total 52ms
I/dalvikvm-heap(  448): Grow heap (frag case) to 6.494MB for 1536016-byte allocation
D/dalvikvm(  448): GC_CONCURRENT freed 10K, 38% free 6587K/10532K, paused 5ms+3ms, total 37ms
D/dalvikvm(  448): WAIT_FOR_CONCURRENT_GC blocked 32ms
D/dalvikvm(  448): GC_FOR_ALLOC freed <1K, 38% free 6587K/10532K, paused 25ms, total 25ms
I/dalvikvm-heap(  448): Grow heap (frag case) to 7.949MB for 1536016-byte allocation
D/dalvikvm(  448): GC_CONCURRENT freed 0K, 33% free 8087K/12036K, paused 4ms+4ms, total 43ms
D/dalvikvm(  448): WAIT_FOR_CONCURRENT_GC blocked 39ms
D/dalvikvm(  448): WAIT_FOR_CONCURRENT_GC blocked 231ms
I/Choreographer(  285): Skipped 283 frames!  The application may be doing too much work on its main thread.
D/ConnectivityService(  285): ConnectivityChange for mobile: CONNECTED/CONNECTED
D/AndroidRuntime(  747): 
D/AndroidRuntime(  747): >>>>>> AndroidRuntime START com.android.internal.os.RuntimeInit <<<<<<
D/AndroidRuntime(  747): CheckJNI is ON
D/dalvikvm(  747): Trying to load lib libjavacore.so 0x0
E/JavaBinder(  285): !!! FAILED BINDER TRANSACTION !!!
W/ActivityManager(  285): Failed to clear dns cache for: com.android.systemui
D/dalvikvm(  747): Added shared lib libjavacore.so 0x0
D/dalvikvm(  747): Trying to load lib libnativehelper.so 0x0
D/dalvikvm(  747): Added shared lib libnativehelper.so 0x0
I/FusedLocation(  727): engine started (com.android.location.fused)
I//system/bin/fsck_msdos(   32): ** Phase 2 - Check Cluster Chains
I//system/bin/fsck_msdos(   32): ** Phase 3 - Checking Directories
I//system/bin/fsck_msdos(   32): ** Phase 4 - Checking for Lost Files
I//system/bin/fsck_msdos(   32): 12 files, 1044448 free (522224 clusters)
I/Vold    (   32): Filesystem check completed OK
I/Vold    (   32): Device /dev/block/vold/179:0, target /mnt/sdcard mounted @ /mnt/secure/staging
D/Vold    (   32): Volume sdcard state changing 3 (Checking) -> 4 (Mounted)
D/MountService(  285): volume state changed for /mnt/sdcard (checking -> mounted)
D/AndroidRuntime(  747): Calling main entry com.android.commands.am.Am
I/PackageManager(  285): Updating external media status from unmounted to mounted
E/JavaBinder(  285): !!! FAILED BINDER TRANSACTION !!!
E/MountService(  285): Listener dead
D/dalvikvm(  747): Note: class Landroid/app/ActivityManagerNative; has 157 unimplemented (abstract) methods
D/MountService(  285): sendStorageIntent Intent { act=android.intent.action.MEDIA_MOUNTED dat=file:///mnt/sdcard (has extras) } to UserHandle{-1}
E/VoldConnector(  285): NDC Command {3 volume mount /mnt/sdcard} took too long (54150ms)
D/dalvikvm(  760): Not late-enabling CheckJNI (already on)
I/ActivityManager(  285): Start proc it.unina.android.ripper_service:android_ripper_service_process for service it.unina.android.ripper_service/.AndroidRipperService: pid=760 uid=10049 gids={50049, 3003, 1028}
D/AndroidRuntime(  747): Shutting down VM
D/dalvikvm(  747): GC_CONCURRENT freed 91K, 16% free 490K/584K, paused 0ms+0ms, total 9ms
E/Trace   (  760): error opening trace file: No such file or directory (2)
V/AndroidRipperService(  760): onCreate()
I/PackageManager(  285): No secure containers on sdcard
V/SERVER  (  760): Starting ServerSocket on PORT 8888
V/SERVER  (  760): Started ServerSocket on PORT 8888
V/SERVER  (  760): Ready to accept connections on port: 8888
W/PackageManager(  285): Unknown permission com.google.android.googleapps.permission.GOOGLE_AUTH.mail in package com.android.contacts
I/ActivityManager(  285): Process com.android.systemui (pid 374) has died.
I/WindowState(  285): WIN DEATH: Window{41064120 u0 StatusBar}
W/ActivityManager(  285): Scheduling restart of crashed service com.android.systemui/.ImageWallpaper in 0ms
W/ActivityManager(  285): Scheduling restart of crashed service com.android.systemui/.SystemUIService in 0ms
V/TAG     (  285): bug 7643792: fitSystemWindows([0,0][0,0])
W/PackageManager(  285): Unknown permission android.permission.ADD_SYSTEM_SERVICE in package com.android.phone
W/PackageManager(  285): Unknown permission com.android.smspush.WAPPUSH_MANAGER_BIND in package com.android.phone
W/PackageManager(  285): Unknown permission com.google.android.googleapps.permission.GOOGLE_AUTH in package com.android.providers.calendar
W/PackageManager(  285): Unknown permission com.google.android.googleapps.permission.GOOGLE_AUTH.cl in package com.android.providers.calendar
W/PackageManager(  285): Unknown permission com.google.android.googleapps.permission.GOOGLE_AUTH.mail in package com.android.calendar
W/PackageManager(  285): Not granting permission android.permission.SEND_DOWNLOAD_COMPLETED_INTENTS to package com.android.browser (protectionLevel=2 flags=0x89be45)
W/PackageManager(  285): Not granting permission android.permission.BIND_APPWIDGET to package com.android.widgetpreview (protectionLevel=18 flags=0x8be44)
W/PackageManager(  285): Unknown permission com.google.android.googleapps.permission.GOOGLE_AUTH in package com.android.settings
W/PackageManager(  285): Unknown permission com.google.android.gallery3d.permission.GALLERY_PROVIDER in package com.android.exchange
W/PackageManager(  285): Unknown permission com.google.android.googleapps.permission.ACCESS_GOOGLE_PASSWORD in package com.android.development
W/PackageManager(  285): Unknown permission com.google.android.googleapps.permission.GOOGLE_AUTH in package com.android.development
W/PackageManager(  285): Unknown permission com.google.android.googleapps.permission.GOOGLE_AUTH.ALL_SERVICES in package com.android.development
W/PackageManager(  285): Unknown permission com.google.android.googleapps.permission.GOOGLE_AUTH.YouTubeUser in package com.android.development
W/PackageManager(  285): Unknown permission com.google.android.gallery3d.permission.GALLERY_PROVIDER in package com.android.email
W/PackageManager(  285): Not granting permission android.permission.DEVICE_POWER to package com.android.deskclock (protectionLevel=2 flags=0x88be45)
I/ActivityManager(  285): Start proc com.android.systemui for restart com.android.systemui: pid=776 uid=10034 gids={50034, 1028, 1015, 3002, 3001}
E/Trace   (  776): error opening trace file: No such file or directory (2)
D/SystemUIService(  776): loading: class com.android.systemui.statusbar.phone.PhoneStatusBar
D/SystemUIService(  776): running: com.android.systemui.statusbar.phone.PhoneStatusBar@40cd7670
I/StatusBarManagerService(  285): registerStatusBar bar=com.android.internal.statusbar.IStatusBar$Stub$Proxy@40e4c190
D/AndroidRuntime(  795): 
D/AndroidRuntime(  795): >>>>>> AndroidRuntime START com.android.internal.os.RuntimeInit <<<<<<
D/AndroidRuntime(  795): CheckJNI is ON
D/dalvikvm(  795): Trying to load lib libjavacore.so 0x0
D/dalvikvm(  795): Added shared lib libjavacore.so 0x0
D/dalvikvm(  795): Trying to load lib libnativehelper.so 0x0
D/dalvikvm(  795): Added shared lib libnativehelper.so 0x0
D/Tethering(  285): MasterInitialState.processMessage what=3
D/dalvikvm(  776): GC_CONCURRENT freed 101K, 6% free 2669K/2832K, paused 23ms+2ms, total 106ms
D/dalvikvm(  776): WAIT_FOR_CONCURRENT_GC blocked 83ms
I/dalvikvm-heap(  776): Grow heap (frag case) to 3.267MB for 635812-byte allocation
D/dalvikvm(  776): GC_FOR_ALLOC freed 5K, 5% free 3285K/3456K, paused 71ms, total 71ms
E/BluetoothAdapter(  776): Bluetooth binder is null
E/BluetoothAdapter(  776): Bluetooth binder is null
E/BluetoothAdapter(  776): Bluetooth binder is null
D/AndroidRuntime(  795): Calling main entry com.android.commands.am.Am
D/dalvikvm(  795): Note: class Landroid/app/ActivityManagerNative; has 157 unimplemented (abstract) methods
I/ActivityManager(  285): Force stopping package net.mandaria.tippytipper appid=10048 user=0
D/dalvikvm(  808): Not late-enabling CheckJNI (already on)
I/ActivityManager(  285): Start proc net.mandaria.tippytipper for added application net.mandaria.tippytipper: pid=808 uid=10048 gids={50048, 1015, 3003, 1028}
D/dalvikvm(  776): GC_CONCURRENT freed 67K, 4% free 3659K/3788K, paused 69ms+29ms, total 231ms
I/AccountTypeManager(  574): Loaded meta-data for 1 account types, 0 accounts in 337ms(wall) 34ms(cpu)
E/BluetoothAdapter(  776): Bluetooth binder is null
I/dalvikvm(  808): Turning on JNI app bug workarounds for target SDK version 4...
E/Trace   (  808): error opening trace file: No such file or directory (2)
D/PhoneStatusBar(  776): disable: < expand icons alerts ticker system_info BACK* HOME* RECENT* CLOCK* SEARCH* >
I/ActivityManager(  285): Start proc com.android.email for broadcast com.android.email/.service.EmailBroadcastReceiver: pid=825 uid=10019 gids={50019, 3003, 1015, 1028}
E/BluetoothAdapter(  776): Bluetooth binder is null
D/SystemUIService(  776): loading: class com.android.systemui.power.PowerUI
D/SystemUIService(  776): running: com.android.systemui.power.PowerUI@40e4c3e0
D/SystemUIService(  776): loading: class com.android.systemui.media.RingtonePlayer
D/SystemUIService(  776): running: com.android.systemui.media.RingtonePlayer@40e4d1c0
E/SurfaceFlinger(   37): ro.sf.lcd_density must be defined as a build property
V/TAG     (  285): bug 7643792: fitSystemWindows([0,38][0,0])
V/        (  760): ready
I/Choreographer(  285): Skipped 83 frames!  The application may be doing too much work on its main thread.
D/dalvikvm(  776): GC_FOR_ALLOC freed 234K, 8% free 3729K/4024K, paused 220ms, total 305ms
E/Trace   (  825): error opening trace file: No such file or directory (2)
D/dalvikvm(  808): GC_CONCURRENT freed 212K, 10% free 2616K/2892K, paused 15ms+122ms, total 362ms
I/dalvikvm-heap(  776): Grow heap (frag case) to 9.810MB for 6410576-byte allocation
D/dalvikvm(  776): GC_FOR_ALLOC freed 1K, 3% free 9987K/10288K, paused 59ms, total 60ms
D/dalvikvm(  776): GC_CONCURRENT freed 5K, 3% free 9982K/10288K, paused 4ms+4ms, total 110ms
I/System.out(  808): EMMA: collecting runtime coverage data ...
D/PolideaInstrumentationTestRunner(  808): Creating the Test Runner with arguments: [coverage, class]
D/PolideaInstrumentationTestRunner(  808): Test runner is running with the following parameters:
D/PolideaInstrumentationTestRunner(  808): junitOutputDirectory: /data/data/net.mandaria.tippytipper/files
D/PolideaInstrumentationTestRunner(  808): junitOutputFilePostfix: -TEST.xml
D/PolideaInstrumentationTestRunner(  808): junitNoPackagePrefix: NO_PACKAGE
D/PolideaInstrumentationTestRunner(  808): junitSplitLevel: package
D/PolideaInstrumentationTestRunner(  808): junitSingleFileName: ALL-TEST.xml
D/PolideaInstrumentationTestRunner(  808): Creating output directory if it does not exist
D/PolideaInstrumentationTestRunner(  808): Created directory? false
D/PolideaInstrumentationTestRunner(  808): Deleting old files
D/PolideaInstrumentationTestRunner(  808): Deleting: [/data/data/net.mandaria.tippytipper/files/it.unina.android.ripper-TEST.xml]
D/PolideaInstrumentationTestRunner(  808): Getting android test runner
D/PolideaInstrumentationTestRunner(  808): JUnit test output enabled
W/dalvikvm(  808): method Landroid/test/InstrumentationTestRunner$StringResultPrinter;.print incorrectly overrides package-private method with same name in Ljunit/textui/ResultPrinter;
D/PolideaInstrumentationTestRunner(  808): Starting test: testApplication(it.unina.android.ripper.RipperTestCase)
I/TestRunner(  808): started: testApplication(it.unina.android.ripper.RipperTestCase)
V/AndroidRipperService(  760): onBind()
V/RipperService(  760): PING
V/AndroidRipperService(  760): register()
V/AndroidRipperService(  760): onBind()
I/ActivityManager(  285): START u0 {act=android.intent.action.MAIN flg=0x10000000 cmp=net.mandaria.tippytipper/.activities.TippyTipper} from pid 808
D/PermissionCache(   37): checking android.permission.READ_FRAME_BUFFER for uid=1000 => granted (14961 us)
W/WindowManager(  285): Failure taking screenshot for (246x410) to layer 21000
V/AndroidRipperService(  760): mHandler.handleMessage() RECIVED
V/AndroidRipperService(  760): broadcast()
I/AndroidRipper(  808): Recived message: PING
V/RipperTestCase(  808): Not ready to operate!
V/AndroidRipperService(  760): broadcast() done
V/        (  760): ready
E/SurfaceFlinger(   37): ro.sf.lcd_density must be defined as a build property
I/ActivityManager(  285): Start proc com.android.exchange for service com.android.exchange/.ExchangeService: pid=844 uid=10032 gids={50032, 3003, 1015, 1028}
W/ActivityManager(  285): Activity pause timeout for ActivityRecord{40e926c0 u0 com.android.launcher/com.android.launcher2.Launcher}
I/ActivityManager(  285): Start proc com.android.providers.calendar for broadcast com.android.providers.calendar/.CalendarReceiver: pid=854 uid=10023 gids={50023, 3003, 1015, 1028}
D/dalvikvm(  285): GREF has increased to 501
V/RipperService(  760): PING
V/AndroidRipperService(  760): mHandler.handleMessage() RECIVED
V/AndroidRipperService(  760): broadcast()
I/AndroidRipper(  808): Recived message: PING
V/RipperTestCase(  808): Not ready to operate!
V/AndroidRipperService(  760): broadcast() done
V/        (  760): ready
D/dalvikvm(  776): GC_FOR_ALLOC freed <1K, 3% free 9982K/10288K, paused 200ms, total 200ms
I/dalvikvm(  285): Jit: resizing JitTable from 4096 to 8192
I/dalvikvm-heap(  776): Grow heap (frag case) to 12.500MB for 2828816-byte allocation
D/dalvikvm(  808): GC_CONCURRENT freed 305K, 12% free 2728K/3100K, paused 5ms+3ms, total 92ms
D/dalvikvm(  776): GC_CONCURRENT freed 0K, 3% free 12744K/13052K, paused 4ms+33ms, total 75ms
D/dalvikvm(  776): WAIT_FOR_CONCURRENT_GC blocked 55ms
D/gralloc_goldfish(  776): Emulator without GPU emulation detected.
E/Trace   (  844): error opening trace file: No such file or directory (2)
E/Trace   (  854): error opening trace file: No such file or directory (2)
I/Choreographer(  776): Skipped 1287 frames!  The application may be doing too much work on its main thread.
D/FlurryAgent(  808): Starting new session
V/RipperService(  760): PING
V/AndroidRipperService(  760): mHandler.handleMessage() RECIVED
V/AndroidRipperService(  760): broadcast()
I/AndroidRipper(  808): Recived message: PING
V/RipperTestCase(  808): Not ready to operate!
V/AndroidRipperService(  760): broadcast() done
V/        (  760): ready
E/SurfaceFlinger(   37): ro.sf.lcd_density must be defined as a build property
D/gralloc_goldfish(  808): Emulator without GPU emulation detected.
E/SurfaceFlinger(   37): ro.sf.lcd_density must be defined as a build property
I/ActivityManager(  285): Start proc com.android.mms for broadcast com.android.mms/.transaction.MmsSystemEventReceiver: pid=877 uid=10029 gids={50029, 3003, 1015, 1028}
I/ActivityManager(  285): Displayed net.mandaria.tippytipper/.activities.TippyTipper: +3s994ms
V/RipperService(  760): PING
V/AndroidRipperService(  760): mHandler.handleMessage() RECIVED
V/AndroidRipperService(  760): broadcast()
I/AndroidRipper(  808): Recived message: PING
V/RipperTestCase(  808): Not ready to operate!
V/AndroidRipperService(  760): broadcast() done
V/        (  760): ready
E/Trace   (  877): error opening trace file: No such file or directory (2)
I/Choreographer(  776): Skipped 974 frames!  The application may be doing too much work on its main thread.
D/CountryDetector(  285): The first listener is added
V/MmsConfig(  877): mnc/mcc: 310260
V/MmsConfig(  877): tag: bool value: enabledMMS - true
V/MmsConfig(  877): tag: int value: maxMessageSize - 307200
V/MmsConfig(  877): tag: int value: maxImageHeight - 480
V/MmsConfig(  877): tag: int value: maxImageWidth - 640
V/MmsConfig(  877): tag: int value: defaultSMSMessagesPerThread - 500
V/MmsConfig(  877): tag: int value: defaultMMSMessagesPerThread - 50
V/MmsConfig(  877): tag: int value: minMessageCountPerThread - 10
V/MmsConfig(  877): tag: int value: maxMessageCountPerThread - 5000
V/MmsConfig(  877): tag: string value: uaProfUrl - http://www.google.com/oha/rdf/ua-profile-kila.xml
V/MmsConfig(  877): tag: int value: recipientLimit - -1
V/MmsConfig(  877): tag: bool value: enableMultipartSMS - true
V/MmsConfig(  877): tag: int value: smsToMmsTextThreshold - -1
V/MmsConfig(  877): tag: bool value: enableSlideDuration - true
V/MmsConfig(  877): tag: int value: maxMessageTextSize - -1
D/ExchangeService(  844): !!! EAS ExchangeService, onCreate
V/RipperService(  760): PING
V/AndroidRipperService(  760): mHandler.handleMessage() RECIVED
V/AndroidRipperService(  760): broadcast()
I/AndroidRipper(  808): Recived message: PING
V/RipperTestCase(  808): Not ready to operate!
V/AndroidRipperService(  760): broadcast() done
V/        (  760): ready
D/ExchangeService(  844): !!! EAS ExchangeService, onStartCommand, startingUp = false, running = false
I/ActivityManager(  285): Start proc com.android.settings for broadcast com.android.settings/.widget.SettingsAppWidgetProvider: pid=909 uid=1000 gids={41000, 1015, 1028, 3002, 3001, 3003}
I/AndroidRipper(  808): [RipperTestCase] Ready to operate after restarting...
D/dalvikvm(  285): GC_CONCURRENT freed 1941K, 32% free 5789K/8468K, paused 15ms+7ms, total 169ms
E/Trace   (  909): error opening trace file: No such file or directory (2)
I/Choreographer(  448): Skipped 187 frames!  The application may be doing too much work on its main thread.
E/BluetoothAdapter(  909): Bluetooth binder is null
E/BluetoothAdapter(  909): Bluetooth binder is null
E/BluetoothAdapter(  909): Bluetooth binder is null
D/Mms:app (  877): cancelNotification
I/Choreographer(  448): Skipped 114 frames!  The application may be doing too much work on its main thread.
D/MediaScannerReceiver(  540): action: android.intent.action.MEDIA_MOUNTED path: /mnt/sdcard
D/ExchangeService(  844): !!! EAS ExchangeService, onStartCommand, startingUp = true, running = false
D/Eas Debug(  844): Logging: 
D/SystemClock(  285): Setting time of day to sec=1483709293
W/SystemClock(  285): Unable to set rtc to 1483709293: Invalid argument
I/ActivityManager(  285): Start proc com.android.calendar for broadcast com.android.calendar/.widget.CalendarAppWidgetService$CalendarFactory: pid=927 uid=10004 gids={50004, 3003, 1028}
E/Trace   (  927): error opening trace file: No such file or directory (2)
D/GpsLocationProvider(  285): NTP server returned: 1483709293517 (Fri Jan 06 13:28:13 GMT 2017) reference: 112518 certainty: 113 system time offset: -261
V/AlarmClock(  654): No next alarm
V/AlarmClock(  654): AlarmInitReceiver finished
D/MmsSmsDatabaseHelper(  431): [MmsSmsDb] tableName: threads hasAutoIncrement: CREATE TABLE threads (_id INTEGER PRIMARY KEY AUTOINCREMENT,date INTEGER DEFAULT 0,message_count INTEGER DEFAULT 0,recipient_ids TEXT,snippet TEXT,snippet_cs INTEGER DEFAULT 0,read INTEGER DEFAULT 1,type INTEGER DEFAULT 0,error INTEGER DEFAULT 0,has_attachment INTEGER DEFAULT 0) result: true
V/RipperService(  760): PING
V/AndroidRipperService(  760): mHandler.handleMessage() RECIVED
V/AndroidRipperService(  760): broadcast()
I/AndroidRipper(  808): Recived message: PING
V/AndroidRipperService(  760): send()
I/System.out(  760): {"type":"PONG","index":"7"}
V/AndroidRipperService(  760): broadcast() done
V/        (  760): ready
V/RipperService(  760): END
V/AndroidRipperService(  760): mHandler.handleMessage() RECIVED
V/AndroidRipperService(  760): broadcast()
I/AndroidRipper(  808): Recived message: END
V/AndroidRipperService(  760): broadcast() done
V/        (  760): ready
V/SERVER  (  760): ServerSocket on PORT 8888: offline
V/AndroidRipperService(  760): mHandler.handleMessage() DISCONNECTED
V/SERVER  (  760): Ready to accept connections on port: 8888
V/AndroidRipperService(  760): unregister()
W/WindowManager(  285): Failure taking screenshot for (246x410) to layer 21005
V/AndroidRipperService(  760): unregister()
W/ActivityManager(  285): Duplicate finish request for ActivityRecord{4111fce0 u0 net.mandaria.tippytipper/.activities.TippyTipper}
D/dalvikvm(  808): GC_EXPLICIT freed 63K, 8% free 2861K/3092K, paused 4ms+8ms, total 77ms
D/dalvikvm(  808): GC_EXPLICIT freed 4K, 8% free 2858K/3092K, paused 10ms+6ms, total 76ms
D/PolideaInstrumentationTestRunner(  808): Finished test: testApplication(it.unina.android.ripper.RipperTestCase)
I/TestRunner(  808): finished: testApplication(it.unina.android.ripper.RipperTestCase)
I/TestRunner(  808): passed: testApplication(it.unina.android.ripper.RipperTestCase)
I/System.out(  808): EMMA: runtime coverage data written to [/data/data/net.mandaria.tippytipper/files/coverage.ec] {in 100 ms}
D/PolideaInstrumentationTestRunner(  808): Post processing
D/PolideaInstrumentationTestRunner(  808): Packages: 1
D/PolideaInstrumentationTestRunner(  808): Processing package package it.unina.android.ripper
D/PolideaInstrumentationTestRunner(  808): Writing to file /data/data/net.mandaria.tippytipper/files/it.unina.android.ripper-TEST.xml
D/PolideaInstrumentationTestRunner(  808): closing file
D/AndroidRuntime(  795): Shutting down VM
D/dalvikvm(  795): GC_CONCURRENT freed 95K, 18% free 462K/560K, paused 0ms+2ms, total 10ms
I/Choreographer(  448): Skipped 181 frames!  The application may be doing too much work on its main thread.
I/ActivityManager(  285): Force stopping package net.mandaria.tippytipper appid=10048 user=0
I/ActivityManager(  285): Killing proc 808:net.mandaria.tippytipper/u0a10048: force stop net.mandaria.tippytipper
W/InputDispatcher(  285): channel '40f4b140 net.mandaria.tippytipper/net.mandaria.tippytipper.activities.TippyTipper (server)' ~ Consumer closed input channel or an error occurred.  events=0x9
E/InputDispatcher(  285): channel '40f4b140 net.mandaria.tippytipper/net.mandaria.tippytipper.activities.TippyTipper (server)' ~ Channel is unrecoverably broken and will be disposed!
I/WindowState(  285): WIN DEATH: Window{40f4b140 u0 net.mandaria.tippytipper/net.mandaria.tippytipper.activities.TippyTipper EXITING}
W/InputDispatcher(  285): Attempted to unregister already unregistered input channel '40f4b140 net.mandaria.tippytipper/net.mandaria.tippytipper.activities.TippyTipper (server)'
E/SurfaceFlinger(   37): ro.sf.lcd_density must be defined as a build property
I/Choreographer(  448): Skipped 95 frames!  The application may be doing too much work on its main thread.
D/dalvikvm(  448): GC_FOR_ALLOC freed 2405K, 37% free 7309K/11524K, paused 82ms, total 109ms
I/Choreographer(  448): Skipped 82 frames!  The application may be doing too much work on its main thread.
