W/Resources(   38): Preloaded drawable resource #0x10805ec (android:drawable/textfield_search_default_holo_dark) that varies with configuration!!
W/Resources(   38): Preloaded drawable resource #0x10805f5 (android:drawable/textfield_search_right_selected_holo_dark) that varies with configuration!!
W/Resources(   38): Preloaded drawable resource #0x10805f3 (android:drawable/textfield_search_right_default_holo_dark) that varies with configuration!!
W/Resources(   38): Preloaded drawable resource #0x10805f3 (android:drawable/textfield_search_right_default_holo_dark) that varies with configuration!!
W/Resources(   38): Preloaded drawable resource #0x10805f9 (android:drawable/textfield_search_selected_holo_light) that varies with configuration!!
W/Resources(   38): Preloaded drawable resource #0x10805ed (android:drawable/textfield_search_default_holo_light) that varies with configuration!!
W/Resources(   38): Preloaded drawable resource #0x10805ed (android:drawable/textfield_search_default_holo_light) that varies with configuration!!
W/Resources(   38): Preloaded drawable resource #0x10805f6 (android:drawable/textfield_search_right_selected_holo_light) that varies with configuration!!
W/Resources(   38): Preloaded drawable resource #0x10805f4 (android:drawable/textfield_search_right_default_holo_light) that varies with configuration!!
W/Resources(   38): Preloaded drawable resource #0x10805f4 (android:drawable/textfield_search_right_default_holo_light) that varies with configuration!!
W/Resources(   38): Preloaded drawable resource #0x10805f8 (android:drawable/textfield_search_selected_holo_dark) that varies with configuration!!
W/Resources(   38): Preloaded drawable resource #0x10805ec (android:drawable/textfield_search_default_holo_dark) that varies with configuration!!
W/Resources(   38): Preloaded drawable resource #0x10805f5 (android:drawable/textfield_search_right_selected_holo_dark) that varies with configuration!!
W/Resources(   38): Preloaded drawable resource #0x10805f3 (android:drawable/textfield_search_right_default_holo_dark) that varies with configuration!!
W/Resources(   38): Preloaded drawable resource #0x10805f9 (android:drawable/textfield_search_selected_holo_light) that varies with configuration!!
W/Resources(   38): Preloaded drawable resource #0x10805ed (android:drawable/textfield_search_default_holo_light) that varies with configuration!!
W/Resources(   38): Preloaded drawable resource #0x10805f6 (android:drawable/textfield_search_right_selected_holo_light) that varies with configuration!!
W/Resources(   38): Preloaded drawable resource #0x10805f4 (android:drawable/textfield_search_right_default_holo_light) that varies with configuration!!
D/dalvikvm(   38): GC_EXPLICIT freed 47K, 26% free 2364K/3156K, paused 2ms+4ms, total 42ms
W/Resources(   38): Preloaded drawable resource #0x10805c1 (android:drawable/tab_unselected_holo) that varies with configuration!!
W/Resources(   38): Preloaded drawable resource #0x10805bc (android:drawable/tab_selected_holo) that varies with configuration!!
W/Resources(   38): Preloaded drawable resource #0x10805c0 (android:drawable/tab_unselected_focused_holo) that varies with configuration!!
W/Resources(   38): Preloaded drawable resource #0x10805bb (android:drawable/tab_selected_focused_holo) that varies with configuration!!
W/Resources(   38): Preloaded drawable resource #0x10805c2 (android:drawable/tab_unselected_pressed_holo) that varies with configuration!!
W/Resources(   38): Preloaded drawable resource #0x10805bd (android:drawable/tab_selected_pressed_holo) that varies with configuration!!
W/Resources(   38): Preloaded drawable resource #0x10805c2 (android:drawable/tab_unselected_pressed_holo) that varies with configuration!!
W/Resources(   38): Preloaded drawable resource #0x10805bd (android:drawable/tab_selected_pressed_holo) that varies with configuration!!
W/Resources(   38): Preloaded drawable resource #0x10805bd (android:drawable/tab_selected_pressed_holo) that varies with configuration!!
W/Resources(   38): Preloaded drawable resource #0x10805c1 (android:drawable/tab_unselected_holo) that varies with configuration!!
W/Resources(   38): Preloaded drawable resource #0x10805bc (android:drawable/tab_selected_holo) that varies with configuration!!
W/Resources(   38): Preloaded drawable resource #0x10805c0 (android:drawable/tab_unselected_focused_holo) that varies with configuration!!
W/Resources(   38): Preloaded drawable resource #0x10805bb (android:drawable/tab_selected_focused_holo) that varies with configuration!!
W/Resources(   38): Preloaded drawable resource #0x10805c2 (android:drawable/tab_unselected_pressed_holo) that varies with configuration!!
W/Resources(   38): Preloaded drawable resource #0x10805bd (android:drawable/tab_selected_pressed_holo) that varies with configuration!!
W/Resources(   38): Preloaded drawable resource #0x10804a5 (android:drawable/quickcontact_badge_overlay_pressed_dark) that varies with configuration!!
W/Resources(   38): Preloaded drawable resource #0x10804a0 (android:drawable/quickcontact_badge_overlay_focused_dark) that varies with configuration!!
W/Resources(   38): Preloaded drawable resource #0x10804a3 (android:drawable/quickcontact_badge_overlay_normal_dark) that varies with configuration!!
W/Resources(   38): Preloaded drawable resource #0x10804a3 (android:drawable/quickcontact_badge_overlay_normal_dark) that varies with configuration!!
W/Resources(   38): Preloaded drawable resource #0x10804a3 (android:drawable/quickcontact_badge_overlay_normal_dark) that varies with configuration!!
D/dalvikvm(   38): GC_EXPLICIT freed 56K, 26% free 2365K/3156K, paused 3ms+2ms, total 43ms
W/Resources(   38): Preloaded drawable resource #0x10804a5 (android:drawable/quickcontact_badge_overlay_pressed_dark) that varies with configuration!!
W/Resources(   38): Preloaded drawable resource #0x10804a6 (android:drawable/quickcontact_badge_overlay_pressed_light) that varies with configuration!!
W/Resources(   38): Preloaded drawable resource #0x10804a1 (android:drawable/quickcontact_badge_overlay_focused_light) that varies with configuration!!
W/Resources(   38): Preloaded drawable resource #0x10804a4 (android:drawable/quickcontact_badge_overlay_normal_light) that varies with configuration!!
W/Resources(   38): Preloaded drawable resource #0x10804a4 (android:drawable/quickcontact_badge_overlay_normal_light) that varies with configuration!!
W/Resources(   38): Preloaded drawable resource #0x10804a4 (android:drawable/quickcontact_badge_overlay_normal_light) that varies with configuration!!
W/Resources(   38): Preloaded drawable resource #0x10804a6 (android:drawable/quickcontact_badge_overlay_pressed_light) that varies with configuration!!
I/Zygote  (   38): ...preloaded 270 resources in 10807ms.
D/dalvikvm(   38): GC_EXPLICIT freed 48K, 25% free 2369K/3156K, paused 2ms+2ms, total 42ms
I/Zygote  (   38): ...preloaded 31 resources in 81ms.
D/dalvikvm(   38): GC_EXPLICIT freed 9K, 25% free 2377K/3156K, paused 3ms+15ms, total 42ms
D/dalvikvm(   38): GC_EXPLICIT freed 7K, 25% free 2369K/3156K, paused 3ms+2ms, total 30ms
D/dalvikvm(   38): GC_EXPLICIT freed <1K, 25% free 2369K/3156K, paused 3ms+3ms, total 29ms
I/dalvikvm(   38): System server process 319 has been created
I/Zygote  (   38): Accepting command socket connections
E/BatteryService(  319): usbOnlinePath not found
E/BatteryService(  319): wirelessOnlinePath not found
E/BatteryService(  319): batteryVoltagePath not found
E/BatteryService(  319): batteryTemperaturePath not found
I/sysproc (  319): Entered system_init()
I/sysproc (  319): ServiceManager: 0x2a1a0d08
D/SensorService(  319): nuSensorService starting...
I/SensorService(  319): Goldfish 3-axis Accelerometer
I/SensorService(  319): Goldfish 3-axis Magnetic field sensor
I/SensorService(  319): Goldfish Orientation sensor
I/SensorService(  319): Goldfish Temperature sensor
I/SensorService(  319): Goldfish Proximity sensor
D/SensorService(  319): nuSensorService thread starting...
I/sysproc (  319): System server: starting Android runtime.
I/sysproc (  319): System server: starting Android services.
I/SystemServer(  319): Entered the Android system server!
I/sysproc (  319): System server: entering thread pool.
I/SystemServer(  319): Enabled StrictMode logging for UI Looper
I/SystemServer(  319): Waiting for installd to be ready.
I/SystemServer(  319): Enabled StrictMode logging for WM Looper
I/Installer(  319): connecting...
I/installd(   41): new connection
I/SystemServer(  319): Entropy Mixer
I/SystemServer(  319): Power Manager
E/PowerManagerService-JNI(  319): Couldn't load power module (No such file or directory)
I/SystemServer(  319): Activity Manager
I/ActivityManager(  319): Memory class: 48
W/UsageStats(  319): Usage stats version changed; dropping
I/ActivityManager(  319): Enabled StrictMode logging for AThread's Looper
I/SystemServer(  319): Display Manager
E/SurfaceFlinger(   37): ro.sf.lcd_density must be defined as a build property
I/DisplayManagerService(  319): Display device added: DisplayDeviceInfo{"Built-in Screen": 480 x 800, 260.416 fps, density 240, 240.0 x 240.0 dpi, touch INTERNAL, FLAG_DEFAULT_DISPLAY, FLAG_ROTATES_WITH_CONTENT, FLAG_SECURE, FLAG_SUPPORTS_PROTECTED_BUFFERS, rotation 0, type BUILT_IN, address null}
I/SystemServer(  319): Telephony Registry
I/SystemServer(  319): Scheduling Policy
I/SystemServer(  319): Package Manager
D/dalvikvm(  319): GC_CONCURRENT freed 249K, 11% free 2610K/2924K, paused 4ms+12ms, total 50ms
D/dalvikvm(  319): WAIT_FOR_CONCURRENT_GC blocked 3ms
W/PackageManager(  319): Running ENG build: no pre-dexopt!
D/dalvikvm(  319): GC_CONCURRENT freed 323K, 13% free 2675K/3056K, paused 9ms+4ms, total 91ms
D/dalvikvm(  319): GC_CONCURRENT freed 132K, 7% free 2955K/3144K, paused 4ms+5ms, total 57ms
W/PackageParser(  319): No actions in intent filter at /system/app/Contacts.apk Binary XML file line #533
D/dalvikvm(  319): GC_CONCURRENT freed 236K, 9% free 3158K/3452K, paused 4ms+80ms, total 371ms
D/dalvikvm(  319): GC_CONCURRENT freed 221K, 8% free 3342K/3604K, paused 5ms+3ms, total 85ms
W/PackageManager(  319): Package com.android.camera desires unavailable shared library com.google.android.media.effects; ignoring!
D/PackageManager(  319): No files in app dir /vendor/app
D/dalvikvm(  319): GC_CONCURRENT freed 212K, 8% free 3528K/3796K, paused 5ms+62ms, total 165ms
W/PackageParser(  319): No actions in intent filter at /data/app/ApiDemos.apk Binary XML file line #2737
W/PackageParser(  319): No actions in intent filter at /data/app/ApiDemos.apk Binary XML file line #2743
W/PackageManager(  319): Package com.example.android.apis desires unavailable shared library com.example.will.never.exist; ignoring!
I/PackageParser(  319): net.fercanet.LNM: compat added android.permission.READ_PHONE_STATE
I/PackageManager(  319): Time to scan packages: 5.95 seconds
W/PackageManager(  319): Unknown permission com.google.android.googleapps.permission.GOOGLE_AUTH.mail in package com.android.contacts
W/PackageManager(  319): Unknown permission android.permission.ADD_SYSTEM_SERVICE in package com.android.phone
W/PackageManager(  319): Unknown permission com.android.smspush.WAPPUSH_MANAGER_BIND in package com.android.phone
W/PackageManager(  319): Unknown permission com.google.android.googleapps.permission.GOOGLE_AUTH in package com.android.providers.calendar
W/PackageManager(  319): Unknown permission com.google.android.googleapps.permission.GOOGLE_AUTH.cl in package com.android.providers.calendar
W/PackageManager(  319): Unknown permission com.google.android.googleapps.permission.GOOGLE_AUTH.mail in package com.android.calendar
W/PackageManager(  319): Not granting permission android.permission.SEND_DOWNLOAD_COMPLETED_INTENTS to package com.android.browser (protectionLevel=2 flags=0x9be45)
W/PackageManager(  319): Not granting permission android.permission.BIND_APPWIDGET to package com.android.widgetpreview (protectionLevel=18 flags=0x8be44)
W/PackageManager(  319): Unknown permission com.google.android.googleapps.permission.GOOGLE_AUTH in package com.android.settings
W/PackageManager(  319): Unknown permission com.google.android.gallery3d.permission.GALLERY_PROVIDER in package com.android.exchange
W/PackageManager(  319): Unknown permission com.google.android.googleapps.permission.ACCESS_GOOGLE_PASSWORD in package com.android.development
W/PackageManager(  319): Unknown permission com.google.android.googleapps.permission.GOOGLE_AUTH in package com.android.development
W/PackageManager(  319): Unknown permission com.google.android.googleapps.permission.GOOGLE_AUTH.ALL_SERVICES in package com.android.development
W/PackageManager(  319): Unknown permission com.google.android.googleapps.permission.GOOGLE_AUTH.YouTubeUser in package com.android.development
W/PackageManager(  319): Unknown permission com.google.android.gallery3d.permission.GALLERY_PROVIDER in package com.android.email
W/PackageManager(  319): Not granting permission android.permission.DEVICE_POWER to package com.android.deskclock (protectionLevel=2 flags=0x8be45)
D/dalvikvm(  319): GC_CONCURRENT freed 260K, 8% free 3761K/4076K, paused 4ms+22ms, total 108ms
D/dalvikvm(  319): GC_EXPLICIT freed 219K, 12% free 3631K/4108K, paused 3ms+3ms, total 49ms
I/SystemServer(  319): User Service
I/SystemServer(  319): Account Manager
I/SystemServer(  319): Content Manager
I/SystemServer(  319): System Content Providers
I/SystemServer(  319): Lights Service
I/SystemServer(  319): Battery Service
I/SystemServer(  319): Vibrator Service
I/libsuspend(  319): Selected early suspend
I/libsuspend(  319): Starting early suspend unblocker thread
D/PermissionCache(   37): checking android.permission.ACCESS_SURFACE_FLINGER for uid=1000 => granted (46235 us)
D/SurfaceFlinger(   37): Screen acquired, type=0 flinger=0x2a007318
D/SurfaceFlinger(   37):  screen was previously acquired
I/SystemServer(  319): Alarm Manager
D/AlarmManagerService(  319): Kernel timezone updated to 0 minutes west of GMT
I/SystemServer(  319): Init Watchdog
I/SystemServer(  319): Input Manager
I/InputManager(  319): Initializing input manager, mUseDevInputEventForAudioJack=false
I/SystemServer(  319): Window Manager
E/SoundPool(  319): error loading /system/media/audio/ui/Lock.ogg
W/KeyguardViewMediator(  319): failed to load lock sound from /system/media/audio/ui/Lock.ogg
E/SoundPool(  319): error loading /system/media/audio/ui/Unlock.ogg
W/KeyguardViewMediator(  319): failed to load unlock sound from /system/media/audio/ui/Unlock.ogg
D/dalvikvm(  319): GC_CONCURRENT freed 225K, 8% free 3816K/4112K, paused 5ms+50ms, total 165ms
I/InputManager(  319): Starting input manager
I/SystemServer(  319): No Bluetooh Service (emulator)
I/SystemServer(  319): Input Method Service
W/InputMethodManagerService(  319): Couldn't create dir.: /data/system/inputmethod
I/EventHub(  319): New device: id=1, fd=91, path='/dev/input/event0', name='qwerty2', classes=0x2d, configuration='/system/usr/idc/qwerty2.idc', keyLayout='/system/usr/keylayout/qwerty.kl', keyCharacterMap='/system/usr/keychars/qwerty2.kcm', builtinKeyboard=true, usingSuspendBlockIoctl=false, usingClockIoctl=false
E/EventHub(  319): could not get driver version for /dev/input/mouse0, Not a typewriter
E/EventHub(  319): could not get driver version for /dev/input/mice, Not a typewriter
I/InputReader(  319): Device added: id=-1, name='Virtual', sources=0x00000301
I/InputReader(  319):   Touch device 'qwerty2' could not query the properties of its associated display.  The device will be inoperable until the display size becomes available.
I/InputReader(  319): Device added: id=0, name='qwerty2', sources=0x00011307
E/Trace   (  319): error opening trace file: No such file or directory (2)
I/SystemServer(  319): Accessibility Manager
I/ActivityManager(  319): Config changes=15f8 {1.0 ?mcc?mnc en_US ldltr sw320dp w320dp h508dp 240dpi nrml long port ?uimode ?night finger -keyb/v/h tball/v s.2}
I/InputReader(  319): Reconfiguring input devices.  changes=0x00000004
I/InputReader(  319): Device reconfigured: id=0, name='qwerty2', size 480x800, orientation 0, mode 1, display id 0
I/InputReader(  319): Reconfiguring input devices.  changes=0x00000004
I/InputReader(  319): Device reconfigured: id=0, name='qwerty2', size 480x800, orientation 0, mode 1, display id 0
I/SystemServer(  319): Mount Service
D/MountService(  319): got storage path: /mnt/sdcard description: USB storage primary: true removable: false emulated: false mtpReserve: 0 allowMassStorage: false maxFileSize: 0
D/MountService(  319): addVolumeLocked() StorageVolume [mStorageId=0 mPath=/mnt/sdcard mDescriptionId=17040615 mPrimary=true mRemovable=false mEmulated=false mMtpReserveSpace=0 mAllowMassStorage=false mMaxFileSize=0 mOwner=null]
I/SystemServer(  319): LockSettingsService
I/SystemServer(  319): Device Policy
I/SystemServer(  319): Status Bar
I/SystemServer(  319): Clipboard Service
I/SystemServer(  319): NetworkManagement Service
D/dalvikvm(  319): GREF has increased to 201
D/MountService(  319): volume state changed for /mnt/sdcard (null -> unmounted)
I/PackageManager(  319): Updating external media status from unmounted to unmounted
I/SystemServer(  319): Text Service Manager Service
W/MountService(  319): getSecureContainerList() called when storage not mounted
I/PackageManager(  319): No secure containers on sdcard
W/PackageManager(  319): Unknown permission com.google.android.googleapps.permission.GOOGLE_AUTH.mail in package com.android.contacts
W/PackageManager(  319): Unknown permission android.permission.ADD_SYSTEM_SERVICE in package com.android.phone
W/PackageManager(  319): Unknown permission com.android.smspush.WAPPUSH_MANAGER_BIND in package com.android.phone
W/PackageManager(  319): Unknown permission com.google.android.googleapps.permission.GOOGLE_AUTH in package com.android.providers.calendar
W/PackageManager(  319): Unknown permission com.google.android.googleapps.permission.GOOGLE_AUTH.cl in package com.android.providers.calendar
W/PackageManager(  319): Unknown permission com.google.android.googleapps.permission.GOOGLE_AUTH.mail in package com.android.calendar
W/PackageManager(  319): Not granting permission android.permission.SEND_DOWNLOAD_COMPLETED_INTENTS to package com.android.browser (protectionLevel=2 flags=0x89be45)
I/SystemServer(  319): NetworkStats Service
W/PackageManager(  319): Not granting permission android.permission.BIND_APPWIDGET to package com.android.widgetpreview (protectionLevel=18 flags=0x8be44)
W/PackageManager(  319): Unknown permission com.google.android.googleapps.permission.GOOGLE_AUTH in package com.android.settings
W/PackageManager(  319): Unknown permission com.google.android.gallery3d.permission.GALLERY_PROVIDER in package com.android.exchange
W/PackageManager(  319): Unknown permission com.google.android.googleapps.permission.ACCESS_GOOGLE_PASSWORD in package com.android.development
W/PackageManager(  319): Unknown permission com.google.android.googleapps.permission.GOOGLE_AUTH in package com.android.development
W/PackageManager(  319): Unknown permission com.google.android.googleapps.permission.GOOGLE_AUTH.ALL_SERVICES in package com.android.development
W/PackageManager(  319): Unknown permission com.google.android.googleapps.permission.GOOGLE_AUTH.YouTubeUser in package com.android.development
W/PackageManager(  319): Unknown permission com.google.android.gallery3d.permission.GALLERY_PROVIDER in package com.android.email
W/PackageManager(  319): Not granting permission android.permission.DEVICE_POWER to package com.android.deskclock (protectionLevel=2 flags=0x88be45)
I/SystemServer(  319): NetworkPolicy Service
I/SystemServer(  319): Wi-Fi P2pService
D/dalvikvm(  319): GC_CONCURRENT freed 266K, 8% free 3957K/4288K, paused 5ms+79ms, total 250ms
I/SystemServer(  319): Wi-Fi Service
I/SystemServer(  319): Connectivity Service
D/ConnectivityService(  319): ConnectivityService starting up
E/CommandListener(   34): Failed to open /proc/sys/net/ipv6/conf/wlan0/disable_ipv6: No such file or directory
E/WifiStateMachine(  319): Failed to disable IPv6: java.lang.IllegalStateException: command '1 interface ipv6 wlan0 disable' failed with '400 1 Failed to change IPv6 state (No such file or directory)'
E/MobileDataStateTracker(  319): default: Ignoring feature request because could not acquire PhoneService
E/MobileDataStateTracker(  319): default: Could not enable APN type "default"
I/WifiService(  319): WifiService starting up with Wi-Fi disabled
I/SystemServer(  319): Network Service Discovery Service
D/NsdService(  319): Network service discovery enabled true
I/SystemServer(  319): Throttle Service
I/SystemServer(  319): UpdateLock Service
D/dalvikvm(  319): GC_CONCURRENT freed 283K, 8% free 4084K/4436K, paused 4ms+6ms, total 175ms
I/SystemServer(  319): Notification Manager
I/SystemServer(  319): Device Storage Monitor
I/SystemServer(  319): Location Manager
I/SystemServer(  319): Country Detector
I/SystemServer(  319): Search Service
I/SystemServer(  319): DropBox Service
I/SystemServer(  319): Wallpaper Service
I/SystemServer(  319): Audio Service
I/SystemServer(  319): Dock Observer
W/DockObserver(  319): This kernel does not have dock station support
I/SystemServer(  319): Wired Accessory Manager
W/WiredAccessoryManager(  319): This kernel does not have wired headset support
W/WiredAccessoryManager(  319): This kernel does not have usb audio support
W/WiredAccessoryManager(  319): This kernel does not have HDMI audio support
I/SystemServer(  319): USB Service
I/SystemServer(  319): Serial Service
I/SystemServer(  319): Twilight Service
I/SystemServer(  319): UI Mode Manager Service
I/SystemServer(  319): Backup Service
V/BackupManagerService(  319): No ancestral data
I/BackupManagerService(  319): Found stale backup journal, scheduling
I/BackupManagerService(  319):   android
I/BackupManagerService(  319):   com.android.browser
I/BackupManagerService(  319):   com.android.calendar
I/BackupManagerService(  319):   com.android.inputmethod.latin
I/BackupManagerService(  319):   com.android.providers.settings
I/BackupManagerService(  319):   com.android.providers.userdictionary
I/BackupManagerService(  319):   com.android.sharedstoragebackup
I/BackupManagerService(  319): Backup enabled => true
D/dalvikvm(  319): GC_CONCURRENT freed 215K, 6% free 4382K/4660K, paused 5ms+102ms, total 502ms
D/dalvikvm(  319): WAIT_FOR_CONCURRENT_GC blocked 307ms
I/SystemServer(  319): AppWidget Service
I/SystemServer(  319): Recognition Service
I/SystemServer(  319): DiskStats Service
I/SystemServer(  319): SamplingProfiler Service
I/SystemServer(  319): NetworkTimeUpdateService
I/SystemServer(  319): CommonTimeManagementService
I/SystemServer(  319): CertBlacklister
I/SystemServer(  319): Dreams Service
I/WindowManager(  319): SAFE MODE not enabled
D/dalvikvm(  319): JIT started for system_server
I/ActivityManager(  319): System now ready
I/SystemServer(  319): Making services ready
I/Zygote  (  319): Process: zygote socket opened
I/ActivityManager(  319): Start proc com.android.systemui for service com.android.systemui/.SystemUIService: pid=418 uid=10034 gids={50034, 1028, 1015, 3002, 3001}
I/Vold    (   32): /dev/block/vold/179:0 being considered for volume sdcard
D/Vold    (   32): Volume sdcard state changing 1 (Idle-Unmounted) -> 3 (Checking)
D/MountService(  319): volume state changed for /mnt/sdcard (unmounted -> checking)
D/MountService(  319): sendStorageIntent Intent { act=android.intent.action.MEDIA_CHECKING dat=file:///mnt/sdcard (has extras) } to UserHandle{-1}
D/NetworkManagementService(  319): not enabling bandwidth control
I/keystore(   42): uid: 1000 action: e -> 7 state: 3 -> 3 retry: 4
W/NetworkStats(  319): bandwidth controls disabled, unable to track stats
W/NetworkPolicy(  319): bandwidth controls disabled, unable to enforce policy
I/keystore(   42): uid: 1000 action: e -> 7 state: 3 -> 3 retry: 4
I/ActivityManager(  319): Config changes=200 {1.0 ?mcc?mnc en_US ldltr sw320dp w320dp h508dp 240dpi nrml long port finger -keyb/v/h tball/v s.3}
W/RecognitionManagerService(  319): no available voice recognition services found for user 0
I//system/bin/fsck_msdos(   32): ** /dev/block/vold/179:0
I//system/bin/fsck_msdos(   32): ** Phase 1 - Read and Compare FATs
I//system/bin/fsck_msdos(   32): Attempting to allocate 2044 KB for FAT
E/Trace   (  418): error opening trace file: No such file or directory (2)
D/dalvikvm(  319): GC_CONCURRENT freed 262K, 7% free 4583K/4908K, paused 55ms+5ms, total 511ms
D/dalvikvm(  319): WAIT_FOR_CONCURRENT_GC blocked 431ms
W/InputMethodManagerService(  319): Ignoring setImeWindowStatus of uid 1000 token: null
D/SystemUIService(  418): loading: class com.android.systemui.statusbar.phone.PhoneStatusBar
D/SystemUIService(  418): running: com.android.systemui.statusbar.phone.PhoneStatusBar@40cd2b60
W/InputMethodManagerService(  319): Found no subtypes in a system IME: com.android.inputmethod.pinyin
I/StatusBarManagerService(  319): registerStatusBar bar=com.android.internal.statusbar.IStatusBar$Stub$Proxy@40dc9810
I/ActivityManager(  319): Start proc com.android.inputmethod.latin for service com.android.inputmethod.latin/.LatinIME: pid=455 uid=10010 gids={50010, 1028}
D/dalvikvm(  319): GC_CONCURRENT freed 329K, 8% free 4808K/5200K, paused 255ms+30ms, total 869ms
D/dalvikvm(  319): WAIT_FOR_CONCURRENT_GC blocked 138ms
D/dalvikvm(  319): WAIT_FOR_CONCURRENT_GC blocked 222ms
D/dalvikvm(  319): WAIT_FOR_CONCURRENT_GC blocked 225ms
D/dalvikvm(  319): WAIT_FOR_CONCURRENT_GC blocked 164ms
I/CommonTimeManagementService(  319): No common time service detected on this platform.  Common time services will be unavailable.
I/ActivityManager(  319): Start proc com.android.phone for added application com.android.phone: pid=476 uid=1001 gids={41001, 3002, 3001, 3003, 1015, 1028}
I/InputReader(  319): Reconfiguring input devices.  changes=0x00000020
W/SocketClient(   34): write error (Broken pipe)
I/ActivityManager(  319): START u0 {act=android.intent.action.MAIN cat=[android.intent.category.HOME] flg=0x10000000 cmp=com.android.launcher/com.android.launcher2.Launcher} from pid 0
I/InputReader(  319): Reconfiguring input devices.  changes=0x00000010
E/ThrottleService(  319): problem during onPollAlarm: java.lang.IllegalStateException: problem parsing stats: java.io.FileNotFoundException: /proc/net/xt_qtaguid/iface_stat_all: open failed: ENOENT (No such file or directory)
I/ActivityManager(  319): Start proc com.android.launcher for activity com.android.launcher/com.android.launcher2.Launcher: pid=485 uid=10020 gids={50020, 1028}
I/SystemServer(  319): Enabled StrictMode for system server main thread.
D/dalvikvm(  319): GC_FOR_ALLOC freed 105K, 7% free 5042K/5408K, paused 582ms, total 586ms
E/Trace   (  476): error opening trace file: No such file or directory (2)
E/Trace   (  455): error opening trace file: No such file or directory (2)
E/Trace   (  485): error opening trace file: No such file or directory (2)
D/dalvikvm(  319): GC_CONCURRENT freed 316K, 7% free 5395K/5776K, paused 18ms+223ms, total 703ms
D/dalvikvm(  319): WAIT_FOR_CONCURRENT_GC blocked 459ms
D/dalvikvm(  319): WAIT_FOR_CONCURRENT_GC blocked 577ms
W/TelephonyProvider(  476): onCreate: confFile=/system/etc/apns-conf.xml oldCheckSum=-1
D/TelephonyManager(  476): getLteOnCdmaMode=0 curVal=-1 product_type='' lteOnCdmaProductType=''
I/LatinIME(  455): Hardware accelerated drawing: false
E/SurfaceFlinger(   37): ro.sf.lcd_density must be defined as a build property
D/gralloc_goldfish(  319): Emulator without GPU emulation detected.
D/TelephonyManager(  476): getLteOnCdmaMode=0 curVal=-1 product_type='' lteOnCdmaProductType=''
D/TelephonyManager(  476): getLteOnCdmaMode=0 curVal=-1 product_type='' lteOnCdmaProductType=''
W/InputAttributes(  455): No editor info for this field. Bug?
D/dalvikvm(  319): GC_CONCURRENT freed 759K, 14% free 5392K/6216K, paused 7ms+17ms, total 246ms
D/dalvikvm(  319): WAIT_FOR_CONCURRENT_GC blocked 155ms
D/dalvikvm(  319): WAIT_FOR_CONCURRENT_GC blocked 156ms
D/dalvikvm(  319): WAIT_FOR_CONCURRENT_GC blocked 157ms
D/dalvikvm(  319): WAIT_FOR_CONCURRENT_GC blocked 213ms
D/dalvikvm(  319): WAIT_FOR_CONCURRENT_GC blocked 179ms
W/Settings(  476): Setting airplane_mode_on has moved from android.provider.Settings.System to android.provider.Settings.Global, returning read-only value.
W/Settings(  476): Setting auto_time has moved from android.provider.Settings.System to android.provider.Settings.Global, returning read-only global URI.
W/Settings(  476): Setting auto_time_zone has moved from android.provider.Settings.System to android.provider.Settings.Global, returning read-only global URI.
D/dalvikvm(  319): WAIT_FOR_CONCURRENT_GC blocked 715ms
D/dalvikvm(  319): WAIT_FOR_CONCURRENT_GC blocked 774ms
D/dalvikvm(  418): GC_FOR_ALLOC freed 88K, 6% free 2664K/2808K, paused 150ms, total 257ms
I/dalvikvm-heap(  418): Grow heap (frag case) to 3.259MB for 635812-byte allocation
D/dalvikvm(  418): GC_CONCURRENT freed 5K, 5% free 3279K/3432K, paused 47ms+3ms, total 165ms
I/LocationBlacklist(  319): whitelist: []
I/LocationBlacklist(  319): blacklist: []
D/dalvikvm(  319): GREF has increased to 301
D/dalvikvm(  455): GC_CONCURRENT freed 265K, 12% free 2496K/2816K, paused 15ms+2ms, total 268ms
W/InputMethodManagerService(  319): Found no subtypes in a system IME: com.android.inputmethod.pinyin
I/ActivityManager(  319): Start proc android.process.acore for content provider com.android.providers.userdictionary/.UserDictionaryProvider: pid=540 uid=10001 gids={50001, 3003, 1015, 1028}
E/ActivityThread(  455): Failed to find provider info for com.android.inputmethod.latin.dictionarypack
E/BinaryDictionaryGetter(  455): Could not find a dictionary pack
E/Trace   (  540): error opening trace file: No such file or directory (2)
W/ActivityManager(  319): Unable to start service Intent { act=com.android.internal.telephony.IWapPushManager } U=0: not found
I/ActivityManager(  319): Start proc com.android.music for broadcast com.android.music/.MediaButtonIntentReceiver: pid=568 uid=10025 gids={50025, 3003, 1015, 1028}
I/Choreographer(  319): Skipped 4021 frames!  The application may be doing too much work on its main thread.
D/        (  476): [ApnContext:default] set reason as dataEnabled,current state IDLE
D/        (  476): [ApnContext:default] setRetryCount: 0
D/        (  476): [ApnContext:mms] set reason as dataEnabled,current state IDLE
D/        (  476): [ApnContext:mms] setRetryCount: 0
D/        (  476): [ApnContext:supl] set reason as dataEnabled,current state IDLE
D/        (  476): [ApnContext:supl] setRetryCount: 0
W/ProcessStats(  319): Skipping unknown process pid 582
E/BluetoothAdapter(  418): Bluetooth binder is null
E/BluetoothAdapter(  418): Bluetooth binder is null
D/dalvikvm(  319): GC_CONCURRENT freed 710K, 13% free 5437K/6216K, paused 51ms+57ms, total 980ms
D/dalvikvm(  319): WAIT_FOR_CONCURRENT_GC blocked 316ms
D/        (  476): [ApnContext:hipri] set reason as dataEnabled,current state IDLE
D/        (  476): [ApnContext:hipri] setRetryCount: 0
D/        (  476): [ApnContext:fota] set reason as dataEnabled,current state IDLE
D/        (  476): [ApnContext:fota] setRetryCount: 0
D/        (  476): [ApnContext:ims] set reason as dataEnabled,current state IDLE
D/        (  476): [ApnContext:ims] setRetryCount: 0
D/        (  476): [ApnContext:cbs] set reason as dataEnabled,current state IDLE
D/        (  476): [ApnContext:cbs] setRetryCount: 0
I/dalvikvm(  568): Turning on JNI app bug workarounds for target SDK version 9...
W/ActivityManager(  319): Activity idle timeout for ActivityRecord{40e48d60 u0 com.android.launcher/com.android.launcher2.Launcher}
V/TAG     (  319): bug 7643792: fitSystemWindows([0,0][0,0])
D/dalvikvm(  476): GC_CONCURRENT freed 198K, 9% free 2574K/2828K, paused 4ms+82ms, total 685ms
V/TAG     (  319): bug 7643792: fitSystemWindows([0,0][0,0])
I/Choreographer(  319): Skipped 41 frames!  The application may be doing too much work on its main thread.
E/SurfaceFlinger(   37): ro.sf.lcd_density must be defined as a build property
D/dalvikvm(  485): GC_CONCURRENT freed 186K, 9% free 2665K/2912K, paused 67ms+61ms, total 714ms
D/dalvikvm(  319): GC_FOR_ALLOC freed 482K, 13% free 5418K/6216K, paused 803ms, total 807ms
I/dalvikvm-heap(  319): Grow heap (frag case) to 6.427MB for 1128976-byte allocation
D/dalvikvm(  319): GC_FOR_ALLOC freed 4K, 11% free 6516K/7320K, paused 353ms, total 353ms
W/WindowManager(  319): Window freeze timeout expired.
W/WindowManager(  319): Force clearing orientation change: Window{40e7d768 u0 Keyguard}
I/Choreographer(  319): Skipped 500 frames!  The application may be doing too much work on its main thread.
D/dalvikvm(  319): GC_CONCURRENT freed 5K, 11% free 6516K/7320K, paused 5ms+45ms, total 274ms
I/Choreographer(  319): Skipped 88 frames!  The application may be doing too much work on its main thread.
D/AndroidRuntime(  602): 
D/AndroidRuntime(  602): >>>>>> AndroidRuntime START com.android.internal.os.RuntimeInit <<<<<<
D/AndroidRuntime(  602): CheckJNI is ON
D/dalvikvm(  602): Trying to load lib libjavacore.so 0x0
D/dalvikvm(  602): Added shared lib libjavacore.so 0x0
D/AndroidRuntime(  598): 
D/AndroidRuntime(  598): >>>>>> AndroidRuntime START com.android.internal.os.RuntimeInit <<<<<<
D/AndroidRuntime(  598): CheckJNI is ON
D/dalvikvm(  602): Trying to load lib libnativehelper.so 0x0
D/dalvikvm(  602): Added shared lib libnativehelper.so 0x0
E/BluetoothAdapter(  418): Bluetooth binder is null
D/dalvikvm(  598): Trying to load lib libjavacore.so 0x0
D/TelephonyManager(  476): getLteOnCdmaMode=0 curVal=-1 product_type='' lteOnCdmaProductType=''
D/dalvikvm(  598): Added shared lib libjavacore.so 0x0
D/CallManager(  476): registerPhone(GSM Handler (com.android.internal.telephony.PhoneProxy) {40d02558})
D/dalvikvm(  598): Trying to load lib libnativehelper.so 0x0
D/dalvikvm(  598): Added shared lib libnativehelper.so 0x0
W/ActivityManager(  319): Timeout executing service: ServiceRecord{40ec1160 u0 com.android.systemui/.SystemUIService}
E/Trace   (  568): error opening trace file: No such file or directory (2)
D/dalvikvm(  540): GC_CONCURRENT freed 179K, 9% free 2616K/2852K, paused 18ms+8116ms, total 8374ms
D/AndroidRuntime(  602): Calling main entry com.android.commands.am.Am
D/dalvikvm(  602): Note: class Landroid/app/ActivityManagerNative; has 157 unimplemented (abstract) methods
D/AndroidRuntime(  598): Calling main entry com.android.commands.am.Am
D/dalvikvm(  598): Note: class Landroid/app/ActivityManagerNative; has 157 unimplemented (abstract) methods
I/Process (  319): Sending signal. PID: 418 SIG: 3
I/dalvikvm(  418): threadid=3: reacting to signal 3
I/Process (  319): Sending signal. PID: 319 SIG: 3
I/dalvikvm(  319): threadid=3: reacting to signal 3
E/BluetoothAdapter(  476): Bluetooth binder is null
I/dalvikvm(  418): Wrote stack traces to '/data/anr/traces.txt'
I/Process (  319): Sending signal. PID: 476 SIG: 3
I/dalvikvm(  476): threadid=3: reacting to signal 3
I/dalvikvm(  319): Wrote stack traces to '/data/anr/traces.txt'
E/BluetoothAdapter(  319): Bluetooth binder is null
E/BluetoothAdapter(  319): Bluetooth binder is null
V/WiredAccessoryManager(  319): init()
I/dalvikvm(  476): Wrote stack traces to '/data/anr/traces.txt'
E/SoundPool(  319): error loading /system/media/audio/ui/Effect_Tick.ogg
W/AudioService(  319): Soundpool could not load file: /system/media/audio/ui/Effect_Tick.ogg
E/SoundPool(  319): error loading /system/media/audio/ui/Effect_Tick.ogg
W/AudioService(  319): Soundpool could not load file: /system/media/audio/ui/Effect_Tick.ogg
E/SoundPool(  319): error loading /system/media/audio/ui/Effect_Tick.ogg
W/AudioService(  319): Soundpool could not load file: /system/media/audio/ui/Effect_Tick.ogg
E/SoundPool(  319): error loading /system/media/audio/ui/Effect_Tick.ogg
W/AudioService(  319): Soundpool could not load file: /system/media/audio/ui/Effect_Tick.ogg
E/SoundPool(  319): error loading /system/media/audio/ui/Effect_Tick.ogg
W/AudioService(  319): Soundpool could not load file: /system/media/audio/ui/Effect_Tick.ogg
E/SoundPool(  319): error loading /system/media/audio/ui/KeypressStandard.ogg
W/AudioService(  319): Soundpool could not load file: /system/media/audio/ui/KeypressStandard.ogg
E/SoundPool(  319): error loading /system/media/audio/ui/KeypressSpacebar.ogg
W/AudioService(  319): Soundpool could not load file: /system/media/audio/ui/KeypressSpacebar.ogg
E/SoundPool(  319): error loading /system/media/audio/ui/KeypressDelete.ogg
W/AudioService(  319): Soundpool could not load file: /system/media/audio/ui/KeypressDelete.ogg
E/SoundPool(  319): error loading /system/media/audio/ui/KeypressReturn.ogg
W/AudioService(  319): Soundpool could not load file: /system/media/audio/ui/KeypressReturn.ogg
W/AudioService(  319): loadSoundEffects(), Error -1 while loading samples
I/ActivityManager(  319): Start proc com.android.contacts for broadcast com.android.contacts/.calllog.CallLogReceiver: pid=642 uid=10001 gids={50001, 3003, 1015, 1028}
I/AudioService(  319):   Remote Control   registerMediaButtonIntent() for PendingIntent{41018250: PendingIntentRecord{410405a0 com.android.music broadcastIntent}}
D/dalvikvm(  485): GC_FOR_ALLOC freed 46K, 4% free 2855K/2956K, paused 1037ms, total 1088ms
D/dalvikvm(  418): GC_CONCURRENT freed 68K, 4% free 3649K/3776K, paused 4ms+322ms, total 1204ms
I/dalvikvm-heap(  485): Grow heap (frag case) to 4.212MB for 1440016-byte allocation
E/BluetoothAdapter(  476): Bluetooth binder is null
D/dalvikvm(  485): GC_FOR_ALLOC freed 11K, 3% free 4250K/4364K, paused 584ms, total 584ms
D/dalvikvm(  485): GC_CONCURRENT freed <1K, 3% free 4250K/4364K, paused 4ms+2ms, total 52ms
I/Choreographer(  319): Skipped 299 frames!  The application may be doing too much work on its main thread.
I/ActivityManager(  319): Start proc android.process.media for content provider com.android.providers.media/.MediaProvider: pid=661 uid=10000 gids={50000, 1015, 1023, 1024, 1028, 1006, 2001, 3003, 3007}
E/Trace   (  642): error opening trace file: No such file or directory (2)
E/BluetoothAdapter(  418): Bluetooth binder is null
I//system/bin/fsck_msdos(   32): Attempting to allocate 2044 KB for FAT
D/dalvikvm(  319): GC_EXPLICIT freed 1465K, 24% free 5581K/7320K, paused 16ms+127ms, total 634ms
E/Trace   (  661): error opening trace file: No such file or directory (2)
W/ProcessStats(  319): Skipping unknown process pid 689
I/Process (  319): Sending signal. PID: 485 SIG: 3
I/dalvikvm(  485): threadid=3: reacting to signal 3
D/PhoneStatusBar(  418): disable: < expand icons alerts ticker system_info back home recent clock search >
E/ActivityManager(  319): ANR in com.android.systemui
E/ActivityManager(  319): Reason: Executing service com.android.systemui/.SystemUIService
E/ActivityManager(  319): Load: 6.09 / 1.65 / 0.56
E/ActivityManager(  319): CPU usage from 0ms to 11552ms later:
E/ActivityManager(  319):   18% 319/system_server: 12% user + 5.6% kernel / faults: 1115 minor 4 major
E/ActivityManager(  319):   13% 37/surfaceflinger: 10% user + 3.1% kernel
E/ActivityManager(  319):   7% 485/com.android.launcher: 4.7% user + 2.3% kernel / faults: 4053 minor
E/ActivityManager(  319):   4.9% 418/com.android.systemui: 3.4% user + 1.5% kernel / faults: 505 minor 3 major
E/ActivityManager(  319):   4.1% 476/com.android.phone: 2.7% user + 1.3% kernel / faults: 532 minor 2 major
E/ActivityManager(  319):   3.7% 92/bootanimation: 2.4% user + 1.3% kernel
E/ActivityManager(  319):   2.1% 598/app_process: 1.3% user + 0.7% kernel / faults: 435 minor
E/ActivityManager(  319):   1% 540/android.process.acore: 0.9% user + 0.1% kernel / faults: 205 minor
E/ActivityManager(  319):   1.7% 568/com.android.music: 0.8% user + 0.8% kernel / faults: 1201 minor 3 major
E/ActivityManager(  319):   0.3% 29/mmcqd: 0% user + 0.3% kernel
E/ActivityManager(  319):   0.5% 424/fsck_msdos: 0% user + 0.4% kernel / faults: 1527 minor
E/ActivityManager(  319):   0.7% 49/adbd: 0% user + 0.7% kernel / faults: 123 minor
E/ActivityManager(  319):   0.5% 602/app_process: 0.3% user + 0.1% kernel / faults: 165 minor
E/ActivityManager(  319):   0.1% 40/mediaserver: 0.1% user + 0% kernel / faults: 6 minor
E/ActivityManager(  319):   0% 36/rild: 0% user + 0% kernel / faults: 6 minor
E/ActivityManager(  319):   0% 38/zygote: 0% user + 0% kernel / faults: 137 minor
E/ActivityManager(  319):  +0% 642/com.android.contacts: 0% user + 0% kernel
E/ActivityManager(  319):  +0% 661/android.process.media: 0% user + 0% kernel
E/ActivityManager(  319): 100% TOTAL: 65% user + 33% kernel + 0.4% irq + 0.3% softirq
E/ActivityManager(  319): CPU usage from 8253ms to 10116ms later:
E/ActivityManager(  319):   20% 485/com.android.launcher: 5.7% user + 14% kernel / faults: 3244 minor
E/ActivityManager(  319):     17% 485/ndroid.launcher: 2.1% user + 15% kernel
E/ActivityManager(  319):     7.9% 528/launcher-loader: 0% user + 7.9% kernel
E/ActivityManager(  319):     0.7% 498/Compiler: 0% user + 0.7% kernel
E/ActivityManager(  319):   15% 37/surfaceflinger: 11% user + 4.5% kernel
E/ActivityManager(  319):     12% 73/SurfaceFlinger: 11% user + 1.2% kernel
E/ActivityManager(  319):     1.2% 37/surfaceflinger: 0% user + 1.2% kernel
E/ActivityManager(  319):     0.6% 84/VSyncThread: 0% user + 0.6% kernel
E/ActivityManager(  319):     0.6% 87/EventThread: 0% user + 0.6% kernel
E/ActivityManager(  319):     0.6% 375/Binder_2: 0% user + 0.6% kernel
E/ActivityManager(  319):   17% 319/system_server: 11% user + 5.5% kernel / faults: 87 minor
E/ActivityManager(  319):     7.3% 339/ActivityManager: 5.5% user + 1.8% kernel
E/ActivityManager(  319):     3.6% 686/Binder_9: 3.6% user + 0% kernel
E/ActivityManager(  319):     0.9% 326/Compiler: 0% user + 0.9% kernel
E/ActivityManager(  319):     0.9% 681/Binder_7: 0% user + 0.9% kernel
E/ActivityManager(  319):   4.7% 476/com.android.phone: 3.1% user + 1.5% kernel / faults: 13 minor
E/ActivityManager(  319):     1.5% 484/Compiler: 0% user + 1.5% kernel
E/ActivityManager(  319):     1.5% 499/Binder_1: 0.7% user + 0.7% kernel
E/ActivityManager(  319):     0.7% 501/Binder_2: 0% user + 0.7% kernel
E/ActivityManager(  319):   3% 661/android.process.media: 3% user + 0% kernel / faults: 213 minor
E/ActivityManager(  319):     2.4% 661/d.process.media: 2.4% user + 0% kernel
E/ActivityManager(  319):     1.2% 671/Compiler: 1.2% user + 0% kernel
E/ActivityManager(  319):   4.2% 418/com.android.systemui: 2.1% user + 2.1% kernel / faults: 74 minor
E/ActivityManager(  319):     2.1% 418/ndroid.systemui: 0% user + 2.1% kernel
E/ActivityManager(  319):     1% 422/GC: 1% user + 0% kernel
E/ActivityManager(  319):     1% 429/Compiler: 0% user + 1% kernel
E/ActivityManager(  319):   1.8% 49/adbd: 0% user + 1.8% kernel / faults: 14 minor
E/ActivityManager(  319):     2.5% 278/adbd: 0% user + 2.5% kernel
E/ActivityManager(  319):     0.6% 49/adbd: 0% user + 0.6% kernel
E/ActivityManager(  319):   2.2% 92/bootanimation: 1.4% user + 0.7% kernel
E/ActivityManager(  319):     3.7% 110/BootAnimation: 2.2% user + 1.4% kernel
E/ActivityManager(  319):   1.4% 642/com.android.contacts: 0.7% user + 0.7% kernel / faults: 21 minor
E/ActivityManager(  319):     0.7% 693/IntentService[C: 0% user + 0.7% kernel
E/ActivityManager(  319):   0.5% 29/mmcqd: 0% user + 0.5% kernel
E/ActivityManager(  319):   0.7% 424/fsck_msdos: 0% user + 0.7% kernel / faults: 87 minor
E/ActivityManager(  319): 100% TOTAL: 58% user + 40% kernel + 0.7% softirq
W/ActivityManager(  319): Killing ProcessRecord{40e48238 418:com.android.systemui/u0a10034}: background ANR
D/dalvikvm(  319): GC_CONCURRENT freed 444K, 19% free 5941K/7320K, paused 5ms+50ms, total 300ms
D/dalvikvm(  319): WAIT_FOR_CONCURRENT_GC blocked 267ms
D/dalvikvm(  319): WAIT_FOR_CONCURRENT_GC blocked 218ms
I/DownloadManager(  661): in removeSpuriousFiles
D/dalvikvm(  319): GREF has increased to 401
I/dalvikvm(  485): Wrote stack traces to '/data/anr/traces.txt'
D/dalvikvm(  476): GC_CONCURRENT freed 313K, 13% free 2655K/3024K, paused 4ms+3ms, total 152ms
D/DebugService(  476): DebugService DebugService:
D/TelephonyDebugService(  476): TelephonyDebugService()
W/Settings(  476): Setting auto_time_zone has moved from android.provider.Settings.System to android.provider.Settings.Global, returning read-only value.
D/CAT     (  476): CatService: Running CAT service. STK app installed:false
D/CAT     (  476): CatService: NEW sInstance
D/dalvikvm(  485): GC_CONCURRENT freed 174K, 5% free 4608K/4840K, paused 4ms+46ms, total 107ms
D/CAT     (  476): CatService: SIM ready. Reporting STK service running now...
D/dalvikvm(  476): GC_CONCURRENT freed 283K, 11% free 2773K/3116K, paused 5ms+78ms, total 274ms
D/MccTable(  476): updateMccMncConfiguration: mcc=310, mnc=260
D/TelephonyManager(  476): getLteOnCdmaMode=0 curVal=-1 product_type='' lteOnCdmaProductType=''
D/MccTable(  476): locale set to en_us
D/MccTable(  476): WIFI_COUNTRY_CODE set to us
I/WifiService(  319): WifiService trying to set country code to us with persist set to true
I/ActivityManager(  319): Config changes=1403 {1.0 310mcc260mnc en_US ldltr sw320dp w320dp h508dp 240dpi nrml long port finger -keyb/v/h tball/v s.4}
W/SurfaceFlinger(   37): createScreenshotSurface failed (Function not implemented)
W/Settings(  476): Setting auto_time_zone has moved from android.provider.Settings.System to android.provider.Settings.Global, returning read-only value.
D/MccTable(  476): updateMccMncConfiguration: mcc=310, mnc=260
D/TelephonyManager(  476): getLteOnCdmaMode=0 curVal=-1 product_type='' lteOnCdmaProductType=''
D/MccTable(  476): locale set to en_us
D/MccTable(  476): WIFI_COUNTRY_CODE set to us
I/WifiService(  319): WifiService trying to set country code to us with persist set to true
I/ActivityManager(  319): Config changes=1400 {1.0 310mcc260mnc en_US ldltr sw320dp w320dp h508dp 240dpi nrml long port finger -keyb/v/h tball/v s.5}
E/JavaBinder(  319): !!! FAILED BINDER TRANSACTION !!!
W/BroadcastQueue(  319): Failure sending broadcast Intent { act=android.intent.action.CONFIGURATION_CHANGED flg=0x70000010 }
W/BroadcastQueue(  319): android.os.TransactionTooLargeException
W/BroadcastQueue(  319): 	at android.os.BinderProxy.transact(Native Method)
W/BroadcastQueue(  319): 	at android.app.ApplicationThreadProxy.scheduleRegisteredReceiver(ApplicationThreadNative.java:1009)
W/BroadcastQueue(  319): 	at com.android.server.am.BroadcastQueue.performReceiveLocked(BroadcastQueue.java:373)
W/BroadcastQueue(  319): 	at com.android.server.am.BroadcastQueue.deliverToRegisteredReceiverLocked(BroadcastQueue.java:439)
W/BroadcastQueue(  319): 	at com.android.server.am.BroadcastQueue.processNextBroadcast(BroadcastQueue.java:487)
W/BroadcastQueue(  319): 	at com.android.server.am.BroadcastQueue$1.handleMessage(BroadcastQueue.java:140)
W/BroadcastQueue(  319): 	at android.os.Handler.dispatchMessage(Handler.java:99)
W/BroadcastQueue(  319): 	at android.os.Looper.loop(Looper.java:137)
W/BroadcastQueue(  319): 	at com.android.server.am.ActivityManagerService$AThread.run(ActivityManagerService.java:1480)
D/dalvikvm(  319): GC_CONCURRENT freed 780K, 14% free 6055K/6976K, paused 6ms+11ms, total 257ms
D/dalvikvm(  319): WAIT_FOR_CONCURRENT_GC blocked 40ms
D/dalvikvm(  319): WAIT_FOR_CONCURRENT_GC blocked 74ms
D/dalvikvm(  319): WAIT_FOR_CONCURRENT_GC blocked 47ms
D/dalvikvm(  319): WAIT_FOR_CONCURRENT_GC blocked 94ms
W/WindowManager(  319): Window freeze timeout expired.
W/WindowManager(  319): Force clearing orientation change: Window{40e7d768 u0 Keyguard}
D/dalvikvm(  476): GC_CONCURRENT freed 296K, 11% free 2919K/3272K, paused 4ms+77ms, total 157ms
D/dalvikvm(  319): GC_CONCURRENT freed 387K, 7% free 6585K/7040K, paused 44ms+64ms, total 450ms
D/dalvikvm(  319): WAIT_FOR_CONCURRENT_GC blocked 349ms
I/Choreographer(  319): Skipped 979 frames!  The application may be doing too much work on its main thread.
V/TAG     (  319): bug 7643792: fitSystemWindows([0,38][0,0])
E/JavaBinder(  319): !!! FAILED BINDER TRANSACTION !!!
W/BroadcastQueue(  319): Failure sending broadcast Intent { act=android.provider.Telephony.SPN_STRINGS_UPDATED flg=0x20000010 (has extras) }
W/BroadcastQueue(  319): android.os.TransactionTooLargeException
W/BroadcastQueue(  319): 	at android.os.BinderProxy.transact(Native Method)
W/BroadcastQueue(  319): 	at android.app.ApplicationThreadProxy.scheduleRegisteredReceiver(ApplicationThreadNative.java:1009)
W/BroadcastQueue(  319): 	at com.android.server.am.BroadcastQueue.performReceiveLocked(BroadcastQueue.java:373)
W/BroadcastQueue(  319): 	at com.android.server.am.BroadcastQueue.deliverToRegisteredReceiverLocked(BroadcastQueue.java:439)
W/BroadcastQueue(  319): 	at com.android.server.am.BroadcastQueue.processNextBroadcast(BroadcastQueue.java:487)
W/BroadcastQueue(  319): 	at com.android.server.am.BroadcastQueue$1.handleMessage(BroadcastQueue.java:140)
W/BroadcastQueue(  319): 	at android.os.Handler.dispatchMessage(Handler.java:99)
W/BroadcastQueue(  319): 	at android.os.Looper.loop(Looper.java:137)
W/BroadcastQueue(  319): 	at com.android.server.am.ActivityManagerService$AThread.run(ActivityManagerService.java:1480)
I/Choreographer(  319): Skipped 31 frames!  The application may be doing too much work on its main thread.
D/dalvikvm(  319): GC_FOR_ALLOC freed 565K, 9% free 6618K/7248K, paused 74ms, total 85ms
I/dalvikvm-heap(  319): Grow heap (frag case) to 7.600MB for 1128976-byte allocation
D/dalvikvm(  319): GC_FOR_ALLOC freed 882K, 19% free 6838K/8352K, paused 201ms, total 201ms
W/InputDispatcher(  319): channel '40f5aaf0 StatusBar (server)' ~ Consumer closed input channel or an error occurred.  events=0x9
E/InputDispatcher(  319): channel '40f5aaf0 StatusBar (server)' ~ Channel is unrecoverably broken and will be disposed!
I/WindowState(  319): WIN DEATH: Window{40f5aaf0 u0 StatusBar}
