I/dalvikvm-heap(  537): Grow heap (frag case) to 12.655MB for 2828816-byte allocation
D/dalvikvm(  537): GC_CONCURRENT freed 0K, 2% free 12906K/13144K, paused 5ms+5ms, total 32ms
D/dalvikvm(  537): WAIT_FOR_CONCURRENT_GC blocked 27ms
D/gralloc_goldfish(  537): Emulator without GPU emulation detected.
D/dalvikvm(  401): WAIT_FOR_CONCURRENT_GC blocked 699ms
I/Choreographer(  537): Skipped 741 frames!  The application may be doing too much work on its main thread.
I/Choreographer(  537): Skipped 73 frames!  The application may be doing too much work on its main thread.
I/ActivityManager(  282): Start proc com.android.email for broadcast com.android.email/.service.EmailBroadcastReceiver: pid=609 uid=10019 gids={50019, 3003, 1015, 1028}
E/Trace   (  609): error opening trace file: No such file or directory (2)
I/ActivityManager(  282): Start proc com.android.exchange for service com.android.exchange/.ExchangeService: pid=626 uid=10032 gids={50032, 3003, 1015, 1028}
I/ActivityManager(  282): Start proc com.android.providers.calendar for broadcast com.android.providers.calendar/.CalendarReceiver: pid=634 uid=10023 gids={50023, 3003, 1015, 1028}
E/Trace   (  626): error opening trace file: No such file or directory (2)
E/Trace   (  634): error opening trace file: No such file or directory (2)
I/FusedLocation(  556): engine started (com.android.location.fused)
I/Choreographer(  282): Skipped 37 frames!  The application may be doing too much work on its main thread.
I/ActivityManager(  282): Start proc com.android.mms for broadcast com.android.mms/.transaction.MmsSystemEventReceiver: pid=659 uid=10029 gids={50029, 3003, 1015, 1028}
E/Trace   (  659): error opening trace file: No such file or directory (2)
D/CountryDetector(  282): The first listener is added
V/MmsConfig(  659): mnc/mcc: 310260
V/MmsConfig(  659): tag: bool value: enabledMMS - true
V/MmsConfig(  659): tag: int value: maxMessageSize - 307200
V/MmsConfig(  659): tag: int value: maxImageHeight - 480
V/MmsConfig(  659): tag: int value: maxImageWidth - 640
V/MmsConfig(  659): tag: int value: defaultSMSMessagesPerThread - 500
V/MmsConfig(  659): tag: int value: defaultMMSMessagesPerThread - 50
V/MmsConfig(  659): tag: int value: minMessageCountPerThread - 10
V/MmsConfig(  659): tag: int value: maxMessageCountPerThread - 5000
V/MmsConfig(  659): tag: string value: uaProfUrl - http://www.google.com/oha/rdf/ua-profile-kila.xml
V/MmsConfig(  659): tag: int value: recipientLimit - -1
V/MmsConfig(  659): tag: bool value: enableMultipartSMS - true
V/MmsConfig(  659): tag: int value: smsToMmsTextThreshold - -1
V/MmsConfig(  659): tag: bool value: enableSlideDuration - true
V/MmsConfig(  659): tag: int value: maxMessageTextSize - -1
D/dalvikvm(  282): GREF has increased to 501
D/ExchangeService(  626): !!! EAS ExchangeService, onStartCommand, startingUp = false, running = false
I/ActivityManager(  282): Start proc com.android.settings for broadcast com.android.settings/.widget.SettingsAppWidgetProvider: pid=687 uid=1000 gids={41000, 1015, 1028, 3002, 3001, 3003}
E/Trace   (  687): error opening trace file: No such file or directory (2)
D/Eas Debug(  626): Logging: 
E/BluetoothAdapter(  687): Bluetooth binder is null
E/JavaBinder(  537): *** Uncaught remote exception!  (Exceptions are not yet supported across processes.)
E/JavaBinder(  537): java.lang.RuntimeException: android.os.DeadObjectException
E/JavaBinder(  537): 	at android.os.Parcel.writeException(Parcel.java:1326)
E/JavaBinder(  537): 	at android.os.Binder.execTransact(Binder.java:354)
E/JavaBinder(  537): 	at dalvik.system.NativeStart.run(Native Method)
E/JavaBinder(  537): Caused by: android.os.DeadObjectException
E/JavaBinder(  537): 	at android.os.BinderProxy.transact(Native Method)
E/JavaBinder(  537): 	at android.content.IIntentReceiver$Stub$Proxy.performReceive(IIntentReceiver.java:124)
E/JavaBinder(  537): 	at android.app.ActivityThread$ApplicationThread.scheduleRegisteredReceiver(ActivityThread.java:809)
E/JavaBinder(  537): 	at android.app.ApplicationThreadNative.onTransact(ApplicationThreadNative.java:383)
E/JavaBinder(  537): 	at android.os.Binder.execTransact(Binder.java:351)
E/JavaBinder(  537): 	... 1 more
D/Mms:app (  659): cancelNotification
I//system/bin/fsck_msdos(   32): ** Phase 2 - Check Cluster Chains
I//system/bin/fsck_msdos(   32): ** Phase 3 - Checking Directories
I//system/bin/fsck_msdos(   32): ** Phase 4 - Checking for Lost Files
I//system/bin/fsck_msdos(   32): 13 files, 1044446 free (522223 clusters)
D/EmailProvider(  609): fromDatabase accounts: 0
D/EmailProvider(  609): ending toDatabase transaction; copyCount = 0
D/EmailProvider(  609): ending fromDatabase transaction; copyCount = 0
D/MmsSmsDatabaseHelper(  389): [MmsSmsDb] tableName: threads hasAutoIncrement: CREATE TABLE threads (_id INTEGER PRIMARY KEY AUTOINCREMENT,date INTEGER DEFAULT 0,message_count INTEGER DEFAULT 0,recipient_ids TEXT,snippet TEXT,snippet_cs INTEGER DEFAULT 0,read INTEGER DEFAULT 1,type INTEGER DEFAULT 0,error INTEGER DEFAULT 0,has_attachment INTEGER DEFAULT 0) result: true
I/Vold    (   32): Filesystem check completed OK
I/Vold    (   32): Device /dev/block/vold/179:0, target /mnt/sdcard mounted @ /mnt/secure/staging
D/Vold    (   32): Volume sdcard state changing 3 (Checking) -> 4 (Mounted)
D/MountService(  282): volume state changed for /mnt/sdcard (checking -> mounted)
I/PackageManager(  282): Updating external media status from unmounted to mounted
D/MountService(  282): sendStorageIntent Intent { act=android.intent.action.MEDIA_MOUNTED dat=file:///mnt/sdcard (has extras) } to UserHandle{-1}
E/VoldConnector(  282): NDC Command {3 volume mount /mnt/sdcard} took too long (57111ms)
D/ExchangeService(  626): Received deviceId from Email app: androidc259148960
D/ExchangeService(  626): Reconciling accounts...
D/ExchangeService(  626): !!! EAS ExchangeService, onStartCommand, startingUp = true, running = false
I/PackageManager(  282): No secure containers on sdcard
W/PackageManager(  282): Unknown permission com.google.android.googleapps.permission.GOOGLE_AUTH.mail in package com.android.contacts
D/MmsSmsDatabaseHelper(  389): [MmsSmsDb] tableName: canonical_addresses hasAutoIncrement: CREATE TABLE canonical_addresses (_id INTEGER PRIMARY KEY AUTOINCREMENT,address TEXT) result: true
D/Eas Debug(  626): Logging: 
W/PackageManager(  282): Unknown permission android.permission.ADD_SYSTEM_SERVICE in package com.android.phone
D/MmsSmsDatabaseHelper(  389): [MmsSmsDb] tableName: part hasAutoIncrement: CREATE TABLE part (_id INTEGER PRIMARY KEY AUTOINCREMENT,mid INTEGER,seq INTEGER DEFAULT 0,ct TEXT,name TEXT,chset INTEGER,cd TEXT,fn TEXT,cid TEXT,cl TEXT,ctt_s INTEGER,ctt_t TEXT,_data TEXT,text TEXT) result: true
W/PackageManager(  282): Unknown permission com.android.smspush.WAPPUSH_MANAGER_BIND in package com.android.phone
W/PackageManager(  282): Unknown permission com.google.android.googleapps.permission.GOOGLE_AUTH in package com.android.providers.calendar
W/PackageManager(  282): Unknown permission com.google.android.googleapps.permission.GOOGLE_AUTH.cl in package com.android.providers.calendar
D/MmsSmsDatabaseHelper(  389): [MmsSmsDb] tableName: pdu hasAutoIncrement: CREATE TABLE pdu (_id INTEGER PRIMARY KEY AUTOINCREMENT,thread_id INTEGER,date INTEGER,date_sent INTEGER DEFAULT 0,msg_box INTEGER,read INTEGER DEFAULT 0,m_id TEXT,sub TEXT,sub_cs INTEGER,ct_t TEXT,ct_l TEXT,exp INTEGER,m_cls TEXT,m_type INTEGER,v INTEGER,m_size INTEGER,pri INTEGER,rr INTEGER,rpt_a INTEGER,resp_st INTEGER,st INTEGER,tr_id TEXT,retr_st INTEGER,retr_txt TEXT,retr_txt_cs INTEGER,read_status INTEGER,ct_cls INTEGER,resp_txt TEXT,d_tm INTEGER,d_rpt INTEGER,locked INTEGER DEFAULT 0,seen INTEGER DEFAULT 0,text_only INTEGER DEFAULT 0) result: true
D/MmsSmsDatabaseHelper(  389): [getWritableDatabase] hasAutoIncrementThreads: true hasAutoIncrementAddresses: true hasAutoIncrementPart: true hasAutoIncrementPdu: true
W/PackageManager(  282): Unknown permission com.google.android.googleapps.permission.GOOGLE_AUTH.mail in package com.android.calendar
W/PackageManager(  282): Not granting permission android.permission.SEND_DOWNLOAD_COMPLETED_INTENTS to package com.android.browser (protectionLevel=2 flags=0x89be45)
W/PackageManager(  282): Not granting permission android.permission.BIND_APPWIDGET to package com.android.widgetpreview (protectionLevel=18 flags=0x8be44)
W/PackageManager(  282): Unknown permission com.google.android.googleapps.permission.GOOGLE_AUTH in package com.android.settings
W/PackageManager(  282): Unknown permission com.google.android.gallery3d.permission.GALLERY_PROVIDER in package com.android.exchange
W/PackageManager(  282): Unknown permission com.google.android.googleapps.permission.ACCESS_GOOGLE_PASSWORD in package com.android.development
W/PackageManager(  282): Unknown permission com.google.android.googleapps.permission.GOOGLE_AUTH in package com.android.development
W/PackageManager(  282): Unknown permission com.google.android.googleapps.permission.GOOGLE_AUTH.ALL_SERVICES in package com.android.development
W/PackageManager(  282): Unknown permission com.google.android.googleapps.permission.GOOGLE_AUTH.YouTubeUser in package com.android.development
W/PackageManager(  282): Unknown permission com.google.android.gallery3d.permission.GALLERY_PROVIDER in package com.android.email
W/PackageManager(  282): Not granting permission android.permission.DEVICE_POWER to package com.android.deskclock (protectionLevel=2 flags=0x88be45)
I/dalvikvm(  282): Jit: resizing JitTable from 4096 to 8192
W/ActivityManager(  282): Unable to start service Intent { cmp=com.android.email/.service.AttachmentDownloadService } U=0: not found
I/AccountTypeManager(  485): Loaded meta-data for 1 account types, 0 accounts in 92ms(wall) 36ms(cpu)
W/ActivityManager(  282): Unable to start service Intent { cmp=com.android.email/.service.AttachmentDownloadService } U=0: not found
D/ExchangeService(  626): !!! EAS ExchangeService, onStartCommand, startingUp = true, running = false
D/dalvikvm(  401): GC_FOR_ALLOC freed 2209K, 30% free 7299K/10364K, paused 26ms, total 43ms
I/Choreographer(  401): Skipped 50 frames!  The application may be doing too much work on its main thread.
I/CalendarProvider2(  634): Sending notification intent: Intent { act=android.intent.action.PROVIDER_CHANGED dat=content://com.android.calendar }
W/ContentResolver(  634): Failed to get type for: content://com.android.calendar (Unknown URL content://com.android.calendar)
D/dalvikvm(  609): GC_CONCURRENT freed 199K, 10% free 2588K/2848K, paused 29ms+649ms, total 745ms
W/ActivityManager(  282): Unable to start service Intent { cmp=com.android.email/.service.AttachmentDownloadService } U=0: not found
D/dalvikvm(  389): GREF has increased to 201
D/dalvikvm(  470): GREF has increased to 201
D/Mms:app (  659): cancelNotification
W/MediaProvider(  470): no database for scanned volume external
D/dalvikvm(  470): GC_CONCURRENT freed 242K, 11% free 2568K/2868K, paused 2ms+29ms, total 74ms
W/MediaScanner(  470): Error opening directory '/mnt/sdcard/.android_secure/', skipping: Permission denied.
V/MediaScanner(  470): pruneDeadThumbnailFiles... android.database.sqlite.SQLiteCursor@40d09490
V/MediaScanner(  470): /pruneDeadThumbnailFiles... android.database.sqlite.SQLiteCursor@40d09490
D/dalvikvm(  401): GC_CONCURRENT freed 514K, 20% free 8316K/10364K, paused 4ms+13ms, total 61ms
D/AndroidRuntime(  729): 
D/AndroidRuntime(  729): >>>>>> AndroidRuntime START com.android.internal.os.RuntimeInit <<<<<<
D/AndroidRuntime(  729): CheckJNI is ON
D/dalvikvm(  729): Trying to load lib libjavacore.so 0x0
D/dalvikvm(  729): Added shared lib libjavacore.so 0x0
D/dalvikvm(  729): Trying to load lib libnativehelper.so 0x0
D/dalvikvm(  729): Added shared lib libnativehelper.so 0x0
D/AndroidRuntime(  729): Calling main entry com.android.commands.am.Am
D/dalvikvm(  729): Note: class Landroid/app/ActivityManagerNative; has 157 unimplemented (abstract) methods
D/dalvikvm(  739): Not late-enabling CheckJNI (already on)
I/ActivityManager(  282): Start proc it.unina.android.ripper_service:android_ripper_service_process for service it.unina.android.ripper_service/.AndroidRipperService: pid=739 uid=10049 gids={50049, 3003, 1028}
D/AndroidRuntime(  729): Shutting down VM
D/dalvikvm(  729): GC_CONCURRENT freed 91K, 16% free 490K/584K, paused 1ms+1ms, total 9ms
E/Trace   (  739): error opening trace file: No such file or directory (2)
V/AndroidRipperService(  739): onCreate()
V/SERVER  (  739): Starting ServerSocket on PORT 8888
V/SERVER  (  739): Started ServerSocket on PORT 8888
V/SERVER  (  739): Ready to accept connections on port: 8888
D/AndroidRuntime(  761): 
D/AndroidRuntime(  761): >>>>>> AndroidRuntime START com.android.internal.os.RuntimeInit <<<<<<
D/AndroidRuntime(  761): CheckJNI is ON
D/dalvikvm(  761): Trying to load lib libjavacore.so 0x0
D/dalvikvm(  761): Added shared lib libjavacore.so 0x0
D/dalvikvm(  761): Trying to load lib libnativehelper.so 0x0
D/dalvikvm(  761): Added shared lib libnativehelper.so 0x0
D/AndroidRuntime(  761): Calling main entry com.android.commands.am.Am
D/dalvikvm(  761): Note: class Landroid/app/ActivityManagerNative; has 157 unimplemented (abstract) methods
I/ActivityManager(  282): Force stopping package net.fercanet.LNM appid=10048 user=0
I/ActivityManager(  282): Start proc net.fercanet.LNM for added application net.fercanet.LNM: pid=772 uid=10048 gids={50048, 1015, 1028}
I/dalvikvm(  772): Turning on JNI app bug workarounds for target SDK version 3...
E/Trace   (  772): error opening trace file: No such file or directory (2)
D/PolideaInstrumentationTestRunner(  772): Creating the Test Runner with arguments: [coverage, class]
D/PolideaInstrumentationTestRunner(  772): Test runner is running with the following parameters:
D/PolideaInstrumentationTestRunner(  772): junitOutputDirectory: /data/data/net.fercanet.LNM/files
D/PolideaInstrumentationTestRunner(  772): junitOutputFilePostfix: -TEST.xml
D/PolideaInstrumentationTestRunner(  772): junitNoPackagePrefix: NO_PACKAGE
D/PolideaInstrumentationTestRunner(  772): junitSplitLevel: package
D/PolideaInstrumentationTestRunner(  772): junitSingleFileName: ALL-TEST.xml
D/PolideaInstrumentationTestRunner(  772): Creating output directory if it does not exist
D/PolideaInstrumentationTestRunner(  772): Created directory? false
D/PolideaInstrumentationTestRunner(  772): Deleting old files
D/PolideaInstrumentationTestRunner(  772): Deleting: [/data/data/net.fercanet.LNM/files/it.unina.android.ripper-TEST.xml]
D/dalvikvm(  772): GC_CONCURRENT freed 214K, 10% free 2573K/2848K, paused 4ms+2ms, total 50ms
I/System.out(  772): EMMA: collecting runtime coverage data ...
D/PolideaInstrumentationTestRunner(  772): Getting android test runner
D/PolideaInstrumentationTestRunner(  772): JUnit test output enabled
W/dalvikvm(  772): method Landroid/test/InstrumentationTestRunner$StringResultPrinter;.print incorrectly overrides package-private method with same name in Ljunit/textui/ResultPrinter;
D/PolideaInstrumentationTestRunner(  772): Starting test: testApplication(it.unina.android.ripper.RipperTestCase)
I/TestRunner(  772): started: testApplication(it.unina.android.ripper.RipperTestCase)
V/AndroidRipperService(  739): onBind()
D/dalvikvm(  282): GC_EXPLICIT freed 1705K, 34% free 5755K/8640K, paused 5ms+8ms, total 101ms
V/AndroidRipperService(  739): register()
V/AndroidRipperService(  739): onBind()
I/ActivityManager(  282): START u0 {act=android.intent.action.MAIN flg=0x10000000 cmp=net.fercanet.LNM/.MainMenu} from pid 772
D/PermissionCache(   37): checking android.permission.READ_FRAME_BUFFER for uid=1000 => granted (11930 us)
W/WindowManager(  282): Failure taking screenshot for (246x410) to layer 21000
E/SurfaceFlinger(   37): ro.sf.lcd_density must be defined as a build property
I/Choreographer(  282): Skipped 33 frames!  The application may be doing too much work on its main thread.
D/dalvikvm(  772): GC_FOR_ALLOC freed 246K, 11% free 2636K/2940K, paused 45ms, total 70ms
I/dalvikvm-heap(  772): Grow heap (frag case) to 3.214MB for 614416-byte allocation
D/dalvikvm(  772): GC_FOR_ALLOC freed <1K, 9% free 3236K/3544K, paused 60ms, total 60ms
D/dalvikvm(  772): GC_CONCURRENT freed 1K, 9% free 3234K/3544K, paused 5ms+10ms, total 103ms
E/SurfaceFlinger(   37): ro.sf.lcd_density must be defined as a build property
D/gralloc_goldfish(  772): Emulator without GPU emulation detected.
V/        (  739): ready
V/RipperService(  739): PING
V/AndroidRipperService(  739): mHandler.handleMessage() RECIVED
V/AndroidRipperService(  739): broadcast()
I/AndroidRipper(  772): Recived message: PING
V/RipperTestCase(  772): Not ready to operate!
V/AndroidRipperService(  739): broadcast() done
V/        (  739): ready
I/ActivityManager(  282): Displayed net.fercanet.LNM/.MainMenu: +1s702ms
I/AndroidRipper(  772): [RipperTestCase] Ready to operate after restarting...
V/RipperService(  739): PING
V/AndroidRipperService(  739): mHandler.handleMessage() RECIVED
V/AndroidRipperService(  739): broadcast()
I/AndroidRipper(  772): Recived message: PING
V/AndroidRipperService(  739): send()
I/System.out(  739): {"type":"PONG","index":"3"}
V/AndroidRipperService(  739): broadcast() done
V/        (  739): ready
V/RipperService(  739): END
V/AndroidRipperService(  739): mHandler.handleMessage() RECIVED
V/AndroidRipperService(  739): broadcast()
I/AndroidRipper(  772): Recived message: END
V/AndroidRipperService(  739): broadcast() done
V/        (  739): ready
V/SERVER  (  739): ServerSocket on PORT 8888: offline
V/AndroidRipperService(  739): mHandler.handleMessage() DISCONNECTED
V/SERVER  (  739): Ready to accept connections on port: 8888
V/AndroidRipperService(  739): unregister()
W/WindowManager(  282): Failure taking screenshot for (246x410) to layer 21005
V/AndroidRipperService(  739): unregister()
W/ActivityManager(  282): Duplicate finish request for ActivityRecord{40e8c0f0 u0 net.fercanet.LNM/.MainMenu}
D/dalvikvm(  772): GC_EXPLICIT freed 41K, 8% free 3271K/3544K, paused 3ms+14ms, total 107ms
D/dalvikvm(  772): GC_EXPLICIT freed 4K, 8% free 3268K/3544K, paused 9ms+14ms, total 77ms
D/PolideaInstrumentationTestRunner(  772): Finished test: testApplication(it.unina.android.ripper.RipperTestCase)
I/TestRunner(  772): finished: testApplication(it.unina.android.ripper.RipperTestCase)
I/TestRunner(  772): passed: testApplication(it.unina.android.ripper.RipperTestCase)
I/System.out(  772): EMMA: runtime coverage data written to [/data/data/net.fercanet.LNM/files/coverage.ec] {in 35 ms}
D/PolideaInstrumentationTestRunner(  772): Post processing
D/PolideaInstrumentationTestRunner(  772): Packages: 1
D/PolideaInstrumentationTestRunner(  772): Processing package package it.unina.android.ripper
D/PolideaInstrumentationTestRunner(  772): Writing to file /data/data/net.fercanet.LNM/files/it.unina.android.ripper-TEST.xml
D/PolideaInstrumentationTestRunner(  772): closing file
D/AndroidRuntime(  761): Shutting down VM
D/dalvikvm(  761): GC_CONCURRENT freed 95K, 18% free 462K/560K, paused 0ms+1ms, total 8ms
I/ActivityManager(  282): Force stopping package net.fercanet.LNM appid=10048 user=0
I/ActivityManager(  282): Killing proc 772:net.fercanet.LNM/u0a10048: force stop net.fercanet.LNM
I/WindowState(  282): WIN DEATH: Window{4101b840 u0 net.fercanet.LNM/net.fercanet.LNM.MainMenu EXITING}
I/Choreographer(  401): Skipped 174 frames!  The application may be doing too much work on its main thread.
E/SurfaceFlinger(   37): ro.sf.lcd_density must be defined as a build property
W/WindowManager(  282): Rebuild removed 2 windows but added 1
W/WindowManager(  282): This window was lost: Window{4101b840 u0 net.fercanet.LNM/net.fercanet.LNM.MainMenu}
W/WindowManager(  282): mDisplayId=0 mSession=Session{41036fe0 772:u0a10048} mClient=android.os.BinderProxy@40f35098
W/WindowManager(  282): mOwnerUid=10048 mShowToOwnerOnly=true
W/WindowManager(  282): mAttrs=WM.LayoutParams{(0,0)(fillxfill) sim=#120 ty=1 fl=#8010100 pfl=0x8 wanim=0x1030001}
W/WindowManager(  282): Requested w=480 h=800 mLayoutSeq=45
W/WindowManager(  282): mBaseLayer=21000 mSubLayer=0 mAnimLayer=21000+0=21000 mLastLayer=0
W/WindowManager(  282): mToken=AppWindowToken{411bc500 token=Token{4106f5e0 ActivityRecord{40e8c0f0 u0 net.fercanet.LNM/.MainMenu}}}
W/WindowManager(  282): mRootToken=AppWindowToken{411bc500 token=Token{4106f5e0 ActivityRecord{40e8c0f0 u0 net.fercanet.LNM/.MainMenu}}}
W/WindowManager(  282): mAppToken=AppWindowToken{411bc500 token=Token{4106f5e0 ActivityRecord{40e8c0f0 u0 net.fercanet.LNM/.MainMenu}}}
W/WindowManager(  282): mViewVisibility=0x8 mHaveFrame=true mObscured=true
W/WindowManager(  282): mSeq=0 mSystemUiVisibility=0x0
W/WindowManager(  282): mPolicyVisibility=false mPolicyVisibilityAfterAnim=false mAttachedHidden=false
W/WindowManager(  282): mGivenContentInsets=[0,0][0,0] mGivenVisibleInsets=[0,0][0,0]
W/WindowManager(  282): mConfiguration={1.0 310mcc260mnc en_US ldltr sw320dp w320dp h508dp 240dpi nrml long port finger -keyb/v/h tball/v s.6}
W/WindowManager(  282): mHasSurface=true mShownFrame=[0.0,0.0][480.0,800.0] isReadyForDisplay()=false
W/WindowManager(  282): mFrame=[0,0][480,800] last=[0,0][480,800]
W/WindowManager(  282): mSystemDecorRect=[0,38][480,800] last=[0,38][480,800]
W/WindowManager(  282): Frames: containing=[0,0][480,800] parent=[0,0][480,800] display=[0,0][480,800]
W/WindowManager(  282):     content=[0,38][480,800] visible=[0,38][480,800]
W/WindowManager(  282): Cur insets: content=[0,38][0,0] visible=[0,38][0,0]
W/WindowManager(  282): Lst insets: content=[0,38][0,0] visible=[0,38][0,0]
W/WindowManager(  282): WindowStateAnimator{411973e8 net.fercanet.LNM/net.fercanet.LNM.MainMenu}:
W/WindowManager(  282):   mSurface=Surface(name=net.fercanet.LNM/net.fercanet.LNM.MainMenu, identity=17)
W/WindowManager(  282):   mDrawState=HAS_DRAWN mLastHidden=true
W/WindowManager(  282):   Surface: shown=false layer=21005 alpha=0.0 rect=(0.0,0.0) 480.0 x 800.0
W/WindowManager(  282):   mShownAlpha=1.0 mAlpha=1.0 mLastAlpha=-1.0
W/WindowManager(  282):   mGlobalScale=1.0 mDsDx=1.0 mDtDx=0.0 mDsDy=0.0 mDtDy=1.0
W/WindowManager(  282): mExiting=false mRemoveOnExit=false mDestroying=true mRemoved=false
W/WindowManager(  282): Current app token list:
V/WindowManager(  282):   #0: Token{40f862e8 ActivityRecord{40f85eb0 u0 com.android.launcher/com.android.launcher2.Launcher}}
W/WindowManager(  282): Final window list:
V/WindowManager(  282):   #0: Window{40f42018 u0 StatusBar}
V/WindowManager(  282):   #1: Window{40def668 u0 Keyguard}
V/WindowManager(  282):   #2: Window{40f6ed80 u0 com.android.launcher/com.android.launcher2.Launcher}
V/WindowManager(  282):   #3: Window{40f46af8 u0 com.android.systemui.ImageWallpaper}
W/Resources(   38): Preloaded drawable resource #0x1080362 (android:drawable/ic_voice_search) that varies with configuration!!
D/dalvikvm(   38): GC_EXPLICIT freed 53K, 27% free 2317K/3156K, paused 3ms+3ms, total 92ms
W/Resources(   38): Preloaded drawable resource #0x108021f (android:drawable/dialog_bottom_holo_dark) that varies with configuration!!
W/Resources(   38): Preloaded drawable resource #0x1080220 (android:drawable/dialog_bottom_holo_light) that varies with configuration!!
W/Resources(   38): Preloaded drawable resource #0x1080224 (android:drawable/dialog_full_holo_dark) that varies with configuration!!
D/dalvikvm(   38): WAIT_FOR_CONCURRENT_GC blocked 1ms
D/dalvikvm(   38): GC_EXPLICIT freed 77K, 27% free 2317K/3156K, paused 2ms+3ms, total 89ms
W/Resources(   38): Preloaded drawable resource #0x1080225 (android:drawable/dialog_full_holo_light) that varies with configuration!!
W/Resources(   38): Preloaded drawable resource #0x108022d (android:drawable/dialog_middle_holo_dark) that varies with configuration!!
D/dalvikvm(   38): GC_EXPLICIT freed 50K, 27% free 2317K/3156K, paused 12ms+8ms, total 110ms
W/Resources(   38): Preloaded drawable resource #0x108022e (android:drawable/dialog_middle_holo_light) that varies with configuration!!
W/Resources(   38): Preloaded drawable resource #0x108022f (android:drawable/dialog_top_holo_dark) that varies with configuration!!
W/Resources(   38): Preloaded drawable resource #0x1080230 (android:drawable/dialog_top_holo_light) that varies with configuration!!
D/dalvikvm(   38): GC_EXPLICIT freed 55K, 27% free 2317K/3156K, paused 2ms+3ms, total 98ms
W/Resources(   38): Preloaded drawable resource #0x10802c2 (android:drawable/ic_dialog_alert_holo_dark) that varies with configuration!!
W/Resources(   38): Preloaded drawable resource #0x10802c3 (android:drawable/ic_dialog_alert_holo_light) that varies with configuration!!
W/Resources(   38): Preloaded drawable resource #0x10803c9 (android:drawable/list_divider_holo_dark) that varies with configuration!!
W/Resources(   38): Preloaded drawable resource #0x10803ca (android:drawable/list_divider_holo_light) that varies with configuration!!
W/Resources(   38): Preloaded drawable resource #0x10803ca (android:drawable/list_divider_holo_light) that varies with configuration!!
W/Resources(   38): Preloaded drawable resource #0x10800bd (android:drawable/ab_transparent_dark_holo) that varies with configuration!!
W/Resources(   38): Preloaded drawable resource #0x10800bb (android:drawable/ab_stacked_transparent_dark_holo) that varies with configuration!!
W/Resources(   38): Preloaded drawable resource #0x10800a1 (android:drawable/ab_bottom_transparent_dark_holo) that varies with configuration!!
D/dalvikvm(   38): GC_EXPLICIT freed 47K, 27% free 2321K/3156K, paused 87ms+6ms, total 176ms
W/Resources(   38): Preloaded drawable resource #0x10800b5 (android:drawable/ab_solid_dark_holo) that varies with configuration!!
W/Resources(   38): Preloaded drawable resource #0x10800b8 (android:drawable/ab_stacked_solid_dark_holo) that varies with configuration!!
W/Resources(   38): Preloaded drawable resource #0x108009e (android:drawable/ab_bottom_solid_dark_holo) that varies with configuration!!
W/Resources(   38): Preloaded drawable resource #0x10800be (android:drawable/ab_transparent_light_holo) that varies with configuration!!
W/Resources(   38): Preloaded drawable resource #0x10800bc (android:drawable/ab_stacked_transparent_light_holo) that varies with configuration!!
W/Resources(   38): Preloaded drawable resource #0x10800a2 (android:drawable/ab_bottom_transparent_light_holo) that varies with configuration!!
W/Resources(   38): Preloaded drawable resource #0x10800b6 (android:drawable/ab_solid_light_holo) that varies with configuration!!
W/Resources(   38): Preloaded drawable resource #0x10800ba (android:drawable/ab_stacked_solid_light_holo) that varies with configuration!!
D/dalvikvm(   38): GC_EXPLICIT freed 53K, 27% free 2322K/3156K, paused 5ms+3ms, total 93ms
W/Resources(   38): Preloaded drawable resource #0x10800a0 (android:drawable/ab_bottom_solid_light_holo) that varies with configuration!!
W/Resources(   38): Preloaded drawable resource #0x10800b7 (android:drawable/ab_solid_shadow_holo) that varies with configuration!!
W/Resources(   38): Preloaded drawable resource #0x10803f0 (android:drawable/list_selector_disabled_holo_dark) that varies with configuration!!
W/Resources(   38): Preloaded drawable resource #0x10803f0 (android:drawable/list_selector_disabled_holo_dark) that varies with configuration!!
W/Resources(   38): Preloaded drawable resource #0x10803d1 (android:drawable/list_pressed_holo_dark) that varies with configuration!!
W/Resources(   38): Preloaded drawable resource #0x10803d0 (android:drawable/list_longpressed_holo) that varies with configuration!!
W/Resources(   38): Preloaded drawable resource #0x10803d0 (android:drawable/list_longpressed_holo) that varies with configuration!!
W/Resources(   38): Preloaded drawable resource #0x10803d1 (android:drawable/list_pressed_holo_dark) that varies with configuration!!
W/Resources(   38): Preloaded drawable resource #0x10803d0 (android:drawable/list_longpressed_holo) that varies with configuration!!
W/Resources(   38): Preloaded drawable resource #0x10803d0 (android:drawable/list_longpressed_holo) that varies with configuration!!
W/Resources(   38): Preloaded drawable resource #0x10803cc (android:drawable/list_focused_holo) that varies with configuration!!
W/Resources(   38): Preloaded drawable resource #0x10803f1 (android:drawable/list_selector_disabled_holo_light) that varies with configuration!!
W/Resources(   38): Preloaded drawable resource #0x10803f1 (android:drawable/list_selector_disabled_holo_light) that varies with configuration!!
W/Resources(   38): Preloaded drawable resource #0x10803d2 (android:drawable/list_pressed_holo_light) that varies with configuration!!
W/Resources(   38): Preloaded drawable resource #0x10803d0 (android:drawable/list_longpressed_holo) that varies with configuration!!
W/Resources(   38): Preloaded drawable resource #0x10803d0 (android:drawable/list_longpressed_holo) that varies with configuration!!
W/Resources(   38): Preloaded drawable resource #0x10803d2 (android:drawable/list_pressed_holo_light) that varies with configuration!!
W/Resources(   38): Preloaded drawable resource #0x10803d0 (android:drawable/list_longpressed_holo) that varies with configuration!!
W/Resources(   38): Preloaded drawable resource #0x10803d0 (android:drawable/list_longpressed_holo) that varies with configuration!!
W/Resources(   38): Preloaded drawable resource #0x10803cc (android:drawable/list_focused_holo) that varies with configuration!!
D/dalvikvm(   38): GC_EXPLICIT freed 31K, 26% free 2359K/3156K, paused 6ms+12ms, total 103ms
W/Resources(   38): Preloaded drawable resource #0x108027a (android:drawable/fastscroll_thumb_pressed_holo) that varies with configuration!!
W/Resources(   38): Preloaded drawable resource #0x1080278 (android:drawable/fastscroll_thumb_default_holo) that varies with configuration!!
W/Resources(   38): Preloaded drawable resource #0x1080278 (android:drawable/fastscroll_thumb_default_holo) that varies with configuration!!
W/Resources(   38): Preloaded drawable resource #0x108027a (android:drawable/fastscroll_thumb_pressed_holo) that varies with configuration!!
D/dalvikvm(   38): GC_EXPLICIT freed 51K, 26% free 2358K/3156K, paused 3ms+3ms, total 88ms
W/Resources(   38): Preloaded drawable resource #0x1080278 (android:drawable/fastscroll_thumb_default_holo) that varies with configuration!!
W/Resources(   38): Preloaded drawable resource #0x108027f (android:drawable/fastscroll_track_pressed_holo_dark) that varies with configuration!!
W/Resources(   38): Preloaded drawable resource #0x108027b (android:drawable/fastscroll_track_default_holo_dark) that varies with configuration!!
W/Resources(   38): Preloaded drawable resource #0x108027b (android:drawable/fastscroll_track_default_holo_dark) that varies with configuration!!
W/Resources(   38): Preloaded drawable resource #0x108027f (android:drawable/fastscroll_track_pressed_holo_dark) that varies with configuration!!
W/Resources(   38): Preloaded drawable resource #0x108027b (android:drawable/fastscroll_track_default_holo_dark) that varies with configuration!!
W/Resources(   38): Preloaded drawable resource #0x1080274 (android:drawable/fastscroll_label_left_holo_dark) that varies with configuration!!
D/dalvikvm(   38): GC_EXPLICIT freed 74K, 26% free 2358K/3156K, paused 6ms+61ms, total 108ms
W/Resources(   38): Preloaded drawable resource #0x1080276 (android:drawable/fastscroll_label_right_holo_dark) that varies with configuration!!
D/dalvikvm(   38): GC_EXPLICIT freed 50K, 26% free 2357K/3156K, paused 3ms+3ms, total 32ms
W/Resources(   38): Preloaded drawable resource #0x1080280 (android:drawable/fastscroll_track_pressed_holo_light) that varies with configuration!!
W/Resources(   38): Preloaded drawable resource #0x108027c (android:drawable/fastscroll_track_default_holo_light) that varies with configuration!!
W/Resources(   38): Preloaded drawable resource #0x108027c (android:drawable/fastscroll_track_default_holo_light) that varies with configuration!!
W/Resources(   38): Preloaded drawable resource #0x1080280 (android:drawable/fastscroll_track_pressed_holo_light) that varies with configuration!!
W/Resources(   38): Preloaded drawable resource #0x108027c (android:drawable/fastscroll_track_default_holo_light) that varies with configuration!!
W/Resources(   38): Preloaded drawable resource #0x1080275 (android:drawable/fastscroll_label_left_holo_light) that varies with configuration!!
D/dalvikvm(   38): GC_EXPLICIT freed 57K, 26% free 2359K/3156K, paused 2ms+3ms, total 72ms
W/Resources(   38): Preloaded drawable resource #0x1080277 (android:drawable/fastscroll_label_right_holo_light) that varies with configuration!!
D/dalvikvm(   38): GC_EXPLICIT freed 50K, 26% free 2358K/3156K, paused 3ms+3ms, total 47ms
W/Resources(   38): Preloaded drawable resource #0x1080259 (android:drawable/editbox_dropdown_background_dark) that varies with configuration!!
W/Resources(   38): Preloaded drawable resource #0x10805f8 (android:drawable/textfield_search_selected_holo_dark) that varies with configuration!!
W/Resources(   38): Preloaded drawable resource #0x10805ec (android:drawable/textfield_search_default_holo_dark) that varies with configuration!!
W/Resources(   38): Preloaded drawable resource #0x10805ec (android:drawable/textfield_search_default_holo_dark) that varies with configuration!!
W/Resources(   38): Preloaded drawable resource #0x10805f5 (android:drawable/textfield_search_right_selected_holo_dark) that varies with configuration!!
W/Resources(   38): Preloaded drawable resource #0x10805f3 (android:drawable/textfield_search_right_default_holo_dark) that varies with configuration!!
W/Resources(   38): Preloaded drawable resource #0x10805f3 (android:drawable/textfield_search_right_default_holo_dark) that varies with configuration!!
W/Resources(   38): Preloaded drawable resource #0x10805f9 (android:drawable/textfield_search_selected_holo_light) that varies with configuration!!
W/Resources(   38): Preloaded drawable resource #0x10805ed (android:drawable/textfield_search_default_holo_light) that varies with configuration!!
W/Resources(   38): Preloaded drawable resource #0x10805ed (android:drawable/textfield_search_default_holo_light) that varies with configuration!!
W/Resources(   38): Preloaded drawable resource #0x10805f6 (android:drawable/textfield_search_right_selected_holo_light) that varies with configuration!!
W/Resources(   38): Preloaded drawable resource #0x10805f4 (android:drawable/textfield_search_right_default_holo_light) that varies with configuration!!
W/Resources(   38): Preloaded drawable resource #0x10805f4 (android:drawable/textfield_search_right_default_holo_light) that varies with configuration!!
W/Resources(   38): Preloaded drawable resource #0x10805f8 (android:drawable/textfield_search_selected_holo_dark) that varies with configuration!!
W/Resources(   38): Preloaded drawable resource #0x10805ec (android:drawable/textfield_search_default_holo_dark) that varies with configuration!!
W/Resources(   38): Preloaded drawable resource #0x10805f5 (android:drawable/textfield_search_right_selected_holo_dark) that varies with configuration!!
W/Resources(   38): Preloaded drawable resource #0x10805f3 (android:drawable/textfield_search_right_default_holo_dark) that varies with configuration!!
W/Resources(   38): Preloaded drawable resource #0x10805f9 (android:drawable/textfield_search_selected_holo_light) that varies with configuration!!
W/Resources(   38): Preloaded drawable resource #0x10805ed (android:drawable/textfield_search_default_holo_light) that varies with configuration!!
W/Resources(   38): Preloaded drawable resource #0x10805f6 (android:drawable/textfield_search_right_selected_holo_light) that varies with configuration!!
W/Resources(   38): Preloaded drawable resource #0x10805f4 (android:drawable/textfield_search_right_default_holo_light) that varies with configuration!!
D/dalvikvm(   38): GC_EXPLICIT freed 47K, 26% free 2364K/3156K, paused 2ms+5ms, total 43ms
W/Resources(   38): Preloaded drawable resource #0x10805c1 (android:drawable/tab_unselected_holo) that varies with configuration!!
W/Resources(   38): Preloaded drawable resource #0x10805bc (android:drawable/tab_selected_holo) that varies with configuration!!
W/Resources(   38): Preloaded drawable resource #0x10805c0 (android:drawable/tab_unselected_focused_holo) that varies with configuration!!
W/Resources(   38): Preloaded drawable resource #0x10805bb (android:drawable/tab_selected_focused_holo) that varies with configuration!!
W/Resources(   38): Preloaded drawable resource #0x10805c2 (android:drawable/tab_unselected_pressed_holo) that varies with configuration!!
W/Resources(   38): Preloaded drawable resource #0x10805bd (android:drawable/tab_selected_pressed_holo) that varies with configuration!!
W/Resources(   38): Preloaded drawable resource #0x10805c2 (android:drawable/tab_unselected_pressed_holo) that varies with configuration!!
W/Resources(   38): Preloaded drawable resource #0x10805bd (android:drawable/tab_selected_pressed_holo) that varies with configuration!!
W/Resources(   38): Preloaded drawable resource #0x10805bd (android:drawable/tab_selected_pressed_holo) that varies with configuration!!
W/Resources(   38): Preloaded drawable resource #0x10805c1 (android:drawable/tab_unselected_holo) that varies with configuration!!
W/Resources(   38): Preloaded drawable resource #0x10805bc (android:drawable/tab_selected_holo) that varies with configuration!!
W/Resources(   38): Preloaded drawable resource #0x10805c0 (android:drawable/tab_unselected_focused_holo) that varies with configuration!!
W/Resources(   38): Preloaded drawable resource #0x10805bb (android:drawable/tab_selected_focused_holo) that varies with configuration!!
W/Resources(   38): Preloaded drawable resource #0x10805c2 (android:drawable/tab_unselected_pressed_holo) that varies with configuration!!
W/Resources(   38): Preloaded drawable resource #0x10805bd (android:drawable/tab_selected_pressed_holo) that varies with configuration!!
W/Resources(   38): Preloaded drawable resource #0x10804a5 (android:drawable/quickcontact_badge_overlay_pressed_dark) that varies with configuration!!
W/Resources(   38): Preloaded drawable resource #0x10804a0 (android:drawable/quickcontact_badge_overlay_focused_dark) that varies with configuration!!
W/Resources(   38): Preloaded drawable resource #0x10804a3 (android:drawable/quickcontact_badge_overlay_normal_dark) that varies with configuration!!
W/Resources(   38): Preloaded drawable resource #0x10804a3 (android:drawable/quickcontact_badge_overlay_normal_dark) that varies with configuration!!
W/Resources(   38): Preloaded drawable resource #0x10804a3 (android:drawable/quickcontact_badge_overlay_normal_dark) that varies with configuration!!
D/dalvikvm(   38): GC_EXPLICIT freed 56K, 26% free 2365K/3156K, paused 3ms+10ms, total 128ms
W/Resources(   38): Preloaded drawable resource #0x10804a5 (android:drawable/quickcontact_badge_overlay_pressed_dark) that varies with configuration!!
W/Resources(   38): Preloaded drawable resource #0x10804a6 (android:drawable/quickcontact_badge_overlay_pressed_light) that varies with configuration!!
W/Resources(   38): Preloaded drawable resource #0x10804a1 (android:drawable/quickcontact_badge_overlay_focused_light) that varies with configuration!!
W/Resources(   38): Preloaded drawable resource #0x10804a4 (android:drawable/quickcontact_badge_overlay_normal_light) that varies with configuration!!
W/Resources(   38): Preloaded drawable resource #0x10804a4 (android:drawable/quickcontact_badge_overlay_normal_light) that varies with configuration!!
W/Resources(   38): Preloaded drawable resource #0x10804a4 (android:drawable/quickcontact_badge_overlay_normal_light) that varies with configuration!!
W/Resources(   38): Preloaded drawable resource #0x10804a6 (android:drawable/quickcontact_badge_overlay_pressed_light) that varies with configuration!!
I/Zygote  (   38): ...preloaded 270 resources in 10509ms.
D/dalvikvm(   38): GC_EXPLICIT freed 48K, 25% free 2369K/3156K, paused 3ms+2ms, total 132ms
I/Zygote  (   38): ...preloaded 31 resources in 282ms.
D/dalvikvm(   38): GC_EXPLICIT freed 9K, 25% free 2377K/3156K, paused 2ms+3ms, total 88ms
D/dalvikvm(   38): GC_EXPLICIT freed 7K, 25% free 2369K/3156K, paused 2ms+3ms, total 90ms
D/dalvikvm(   38): GC_EXPLICIT freed <1K, 25% free 2369K/3156K, paused 12ms+16ms, total 101ms
I/dalvikvm(   38): System server process 317 has been created
I/Zygote  (   38): Accepting command socket connections
E/BatteryService(  317): usbOnlinePath not found
E/BatteryService(  317): wirelessOnlinePath not found
E/BatteryService(  317): batteryVoltagePath not found
E/BatteryService(  317): batteryTemperaturePath not found
I/sysproc (  317): Entered system_init()
I/sysproc (  317): ServiceManager: 0x2a1a0860
D/SensorService(  317): nuSensorService starting...
I/SensorService(  317): Goldfish 3-axis Accelerometer
I/SensorService(  317): Goldfish 3-axis Magnetic field sensor
I/SensorService(  317): Goldfish Orientation sensor
I/SensorService(  317): Goldfish Temperature sensor
I/SensorService(  317): Goldfish Proximity sensor
I/sysproc (  317): System server: starting Android runtime.
I/sysproc (  317): System server: starting Android services.
I/SystemServer(  317): Entered the Android system server!
I/sysproc (  317): System server: entering thread pool.
D/SensorService(  317): nuSensorService thread starting...
I/SystemServer(  317): Enabled StrictMode logging for UI Looper
I/SystemServer(  317): Waiting for installd to be ready.
I/Installer(  317): connecting...
I/installd(   41): new connection
I/SystemServer(  317): Enabled StrictMode logging for WM Looper
I/SystemServer(  317): Entropy Mixer
I/SystemServer(  317): Power Manager
E/PowerManagerService-JNI(  317): Couldn't load power module (No such file or directory)
I/SystemServer(  317): Activity Manager
I/ActivityManager(  317): Memory class: 48
W/UsageStats(  317): Usage stats version changed; dropping
I/ActivityManager(  317): Enabled StrictMode logging for AThread's Looper
I/SystemServer(  317): Display Manager
E/SurfaceFlinger(   37): ro.sf.lcd_density must be defined as a build property
I/SystemServer(  317): Telephony Registry
I/DisplayManagerService(  317): Display device added: DisplayDeviceInfo{"Built-in Screen": 480 x 800, 260.416 fps, density 240, 240.0 x 240.0 dpi, touch INTERNAL, FLAG_DEFAULT_DISPLAY, FLAG_ROTATES_WITH_CONTENT, FLAG_SECURE, FLAG_SUPPORTS_PROTECTED_BUFFERS, rotation 0, type BUILT_IN, address null}
I/SystemServer(  317): Scheduling Policy
I/SystemServer(  317): Package Manager
D/dalvikvm(  317): GC_CONCURRENT freed 306K, 13% free 2553K/2924K, paused 5ms+3ms, total 101ms
D/dalvikvm(  317): WAIT_FOR_CONCURRENT_GC blocked 15ms
W/PackageManager(  317): Running ENG build: no pre-dexopt!
D/dalvikvm(  317): GC_CONCURRENT freed 274K, 11% free 2718K/3048K, paused 54ms+6ms, total 327ms
D/dalvikvm(  317): GC_CONCURRENT freed 135K, 6% free 2989K/3180K, paused 3ms+31ms, total 70ms
W/PackageParser(  317): No actions in intent filter at /system/app/Contacts.apk Binary XML file line #533
D/dalvikvm(  317): GC_CONCURRENT freed 243K, 9% free 3144K/3444K, paused 44ms+5ms, total 166ms
D/dalvikvm(  317): GC_CONCURRENT freed 210K, 8% free 3348K/3616K, paused 4ms+26ms, total 87ms
W/PackageManager(  317): Package com.android.camera desires unavailable shared library com.google.android.media.effects; ignoring!
D/PackageManager(  317): No files in app dir /vendor/app
D/dalvikvm(  317): GC_CONCURRENT freed 224K, 8% free 3635K/3916K, paused 13ms+14ms, total 418ms
D/dalvikvm(  317): WAIT_FOR_CONCURRENT_GC blocked 115ms
W/PackageParser(  317): No actions in intent filter at /data/app/ApiDemos.apk Binary XML file line #2737
W/PackageParser(  317): No actions in intent filter at /data/app/ApiDemos.apk Binary XML file line #2743
W/PackageManager(  317): Package com.example.android.apis desires unavailable shared library com.example.will.never.exist; ignoring!
I/PackageParser(  317): es.senselesssolutions.gpl.weightchart: compat added android.permission.READ_PHONE_STATE
I/PackageManager(  317): Time to scan packages: 5.18 seconds
W/PackageManager(  317): Unknown permission com.google.android.googleapps.permission.GOOGLE_AUTH.mail in package com.android.contacts
W/PackageManager(  317): Unknown permission android.permission.ADD_SYSTEM_SERVICE in package com.android.phone
W/PackageManager(  317): Unknown permission com.android.smspush.WAPPUSH_MANAGER_BIND in package com.android.phone
W/PackageManager(  317): Unknown permission com.google.android.googleapps.permission.GOOGLE_AUTH in package com.android.providers.calendar
W/PackageManager(  317): Unknown permission com.google.android.googleapps.permission.GOOGLE_AUTH.cl in package com.android.providers.calendar
W/PackageManager(  317): Unknown permission com.google.android.googleapps.permission.GOOGLE_AUTH.mail in package com.android.calendar
W/PackageManager(  317): Not granting permission android.permission.SEND_DOWNLOAD_COMPLETED_INTENTS to package com.android.browser (protectionLevel=2 flags=0x9be45)
W/PackageManager(  317): Not granting permission android.permission.BIND_APPWIDGET to package com.android.widgetpreview (protectionLevel=18 flags=0x8be44)
W/PackageManager(  317): Unknown permission com.google.android.googleapps.permission.GOOGLE_AUTH in package com.android.settings
W/PackageManager(  317): Unknown permission com.google.android.gallery3d.permission.GALLERY_PROVIDER in package com.android.exchange
W/PackageManager(  317): Unknown permission com.google.android.googleapps.permission.ACCESS_GOOGLE_PASSWORD in package com.android.development
W/PackageManager(  317): Unknown permission com.google.android.googleapps.permission.GOOGLE_AUTH in package com.android.development
W/PackageManager(  317): Unknown permission com.google.android.googleapps.permission.GOOGLE_AUTH.ALL_SERVICES in package com.android.development
W/PackageManager(  317): Unknown permission com.google.android.googleapps.permission.GOOGLE_AUTH.YouTubeUser in package com.android.development
W/PackageManager(  317): Unknown permission com.google.android.gallery3d.permission.GALLERY_PROVIDER in package com.android.email
W/PackageManager(  317): Not granting permission android.permission.DEVICE_POWER to package com.android.deskclock (protectionLevel=2 flags=0x8be45)
D/dalvikvm(  317): GC_CONCURRENT freed 343K, 10% free 3737K/4136K, paused 4ms+3ms, total 71ms
D/dalvikvm(  317): WAIT_FOR_CONCURRENT_GC blocked 28ms
D/dalvikvm(  317): GC_EXPLICIT freed 115K, 13% free 3622K/4136K, paused 3ms+3ms, total 57ms
I/SystemServer(  317): User Service
I/SystemServer(  317): Account Manager
I/SystemServer(  317): Content Manager
I/SystemServer(  317): System Content Providers
I/SystemServer(  317): Lights Service
I/SystemServer(  317): Battery Service
I/SystemServer(  317): Vibrator Service
I/libsuspend(  317): Selected early suspend
I/libsuspend(  317): Starting early suspend unblocker thread
D/PermissionCache(   37): checking android.permission.ACCESS_SURFACE_FLINGER for uid=1000 => granted (4962 us)
D/SurfaceFlinger(   37): Screen acquired, type=0 flinger=0x2a007318
D/SurfaceFlinger(   37):  screen was previously acquired
I/SystemServer(  317): Alarm Manager
D/AlarmManagerService(  317): Kernel timezone updated to 0 minutes west of GMT
I/SystemServer(  317): Init Watchdog
I/SystemServer(  317): Input Manager
I/InputManager(  317): Initializing input manager, mUseDevInputEventForAudioJack=false
I/SystemServer(  317): Window Manager
E/SoundPool(  317): error loading /system/media/audio/ui/Lock.ogg
W/KeyguardViewMediator(  317): failed to load lock sound from /system/media/audio/ui/Lock.ogg
E/SoundPool(  317): error loading /system/media/audio/ui/Unlock.ogg
W/KeyguardViewMediator(  317): failed to load unlock sound from /system/media/audio/ui/Unlock.ogg
D/dalvikvm(  317): GC_CONCURRENT freed 264K, 8% free 3824K/4156K, paused 5ms+69ms, total 311ms
I/InputManager(  317): Starting input manager
I/SystemServer(  317): No Bluetooh Service (emulator)
I/SystemServer(  317): Input Method Service
W/InputMethodManagerService(  317): Couldn't create dir.: /data/system/inputmethod
I/EventHub(  317): New device: id=1, fd=89, path='/dev/input/event0', name='qwerty2', classes=0x2d, configuration='/system/usr/idc/qwerty2.idc', keyLayout='/system/usr/keylayout/qwerty.kl', keyCharacterMap='/system/usr/keychars/qwerty2.kcm', builtinKeyboard=true, usingSuspendBlockIoctl=false, usingClockIoctl=false
E/EventHub(  317): could not get driver version for /dev/input/mouse0, Not a typewriter
E/EventHub(  317): could not get driver version for /dev/input/mice, Not a typewriter
I/InputReader(  317): Device added: id=-1, name='Virtual', sources=0x00000301
I/InputReader(  317):   Touch device 'qwerty2' could not query the properties of its associated display.  The device will be inoperable until the display size becomes available.
I/InputReader(  317): Device added: id=0, name='qwerty2', sources=0x00011307
E/Trace   (  317): error opening trace file: No such file or directory (2)
I/SystemServer(  317): Accessibility Manager
I/ActivityManager(  317): Config changes=15f8 {1.0 ?mcc?mnc en_US ldltr sw320dp w320dp h508dp 240dpi nrml long port ?uimode ?night finger -keyb/v/h tball/v s.2}
I/InputReader(  317): Reconfiguring input devices.  changes=0x00000004
I/InputReader(  317): Device reconfigured: id=0, name='qwerty2', size 480x800, orientation 0, mode 1, display id 0
I/InputReader(  317): Reconfiguring input devices.  changes=0x00000004
I/InputReader(  317): Device reconfigured: id=0, name='qwerty2', size 480x800, orientation 0, mode 1, display id 0
I/SystemServer(  317): Mount Service
D/MountService(  317): got storage path: /mnt/sdcard description: USB storage primary: true removable: false emulated: false mtpReserve: 0 allowMassStorage: false maxFileSize: 0
