I/InputReader(  308):   Touch device 'qwerty2' could not query the properties of its associated display.  The device will be inoperable until the display size becomes available.
I/InputReader(  308): Device added: id=0, name='qwerty2', sources=0x00011307
E/Trace   (  308): error opening trace file: No such file or directory (2)
I/SystemServer(  308): Accessibility Manager
I/ActivityManager(  308): Config changes=15f8 {1.0 ?mcc?mnc en_US ldltr sw320dp w320dp h508dp 240dpi nrml long port ?uimode ?night finger -keyb/v/h tball/v s.2}
I/InputReader(  308): Reconfiguring input devices.  changes=0x00000004
I/InputReader(  308): Device reconfigured: id=0, name='qwerty2', size 480x800, orientation 0, mode 1, display id 0
I/InputReader(  308): Reconfiguring input devices.  changes=0x00000004
I/InputReader(  308): Device reconfigured: id=0, name='qwerty2', size 480x800, orientation 0, mode 1, display id 0
I/SystemServer(  308): Mount Service
D/MountService(  308): got storage path: /mnt/sdcard description: USB storage primary: true removable: false emulated: false mtpReserve: 0 allowMassStorage: false maxFileSize: 0
D/MountService(  308): addVolumeLocked() StorageVolume [mStorageId=0 mPath=/mnt/sdcard mDescriptionId=17040615 mPrimary=true mRemovable=false mEmulated=false mMtpReserveSpace=0 mAllowMassStorage=false mMaxFileSize=0 mOwner=null]
I/SystemServer(  308): LockSettingsService
I/SystemServer(  308): Device Policy
I/SystemServer(  308): Status Bar
I/SystemServer(  308): Clipboard Service
I/SystemServer(  308): NetworkManagement Service
I/SystemServer(  308): Text Service Manager Service
D/dalvikvm(  308): GREF has increased to 201
D/MountService(  308): volume state changed for /mnt/sdcard (null -> unmounted)
I/PackageManager(  308): Updating external media status from unmounted to unmounted
W/MountService(  308): getSecureContainerList() called when storage not mounted
I/PackageManager(  308): No secure containers on sdcard
W/PackageManager(  308): Unknown permission com.google.android.googleapps.permission.GOOGLE_AUTH.mail in package com.android.contacts
W/PackageManager(  308): Unknown permission android.permission.ADD_SYSTEM_SERVICE in package com.android.phone
W/PackageManager(  308): Unknown permission com.android.smspush.WAPPUSH_MANAGER_BIND in package com.android.phone
W/PackageManager(  308): Unknown permission com.google.android.googleapps.permission.GOOGLE_AUTH in package com.android.providers.calendar
W/PackageManager(  308): Unknown permission com.google.android.googleapps.permission.GOOGLE_AUTH.cl in package com.android.providers.calendar
W/PackageManager(  308): Unknown permission com.google.android.googleapps.permission.GOOGLE_AUTH.mail in package com.android.calendar
W/PackageManager(  308): Not granting permission android.permission.SEND_DOWNLOAD_COMPLETED_INTENTS to package com.android.browser (protectionLevel=2 flags=0x89be45)
W/PackageManager(  308): Not granting permission android.permission.BIND_APPWIDGET to package com.android.widgetpreview (protectionLevel=18 flags=0x8be44)
W/PackageManager(  308): Unknown permission com.google.android.googleapps.permission.GOOGLE_AUTH in package com.android.settings
W/PackageManager(  308): Unknown permission com.google.android.gallery3d.permission.GALLERY_PROVIDER in package com.android.exchange
W/PackageManager(  308): Unknown permission com.google.android.googleapps.permission.ACCESS_GOOGLE_PASSWORD in package com.android.development
W/PackageManager(  308): Unknown permission com.google.android.googleapps.permission.GOOGLE_AUTH in package com.android.development
W/PackageManager(  308): Unknown permission com.google.android.googleapps.permission.GOOGLE_AUTH.ALL_SERVICES in package com.android.development
W/PackageManager(  308): Unknown permission com.google.android.googleapps.permission.GOOGLE_AUTH.YouTubeUser in package com.android.development
W/PackageManager(  308): Unknown permission com.google.android.gallery3d.permission.GALLERY_PROVIDER in package com.android.email
W/PackageManager(  308): Not granting permission android.permission.DEVICE_POWER to package com.android.deskclock (protectionLevel=2 flags=0x88be45)
I/SystemServer(  308): NetworkStats Service
I/SystemServer(  308): NetworkPolicy Service
I/SystemServer(  308): Wi-Fi P2pService
D/dalvikvm(  308): GC_CONCURRENT freed 289K, 9% free 4018K/4376K, paused 13ms+6ms, total 200ms
I/SystemServer(  308): Wi-Fi Service
E/CommandListener(   34): Failed to open /proc/sys/net/ipv6/conf/wlan0/disable_ipv6: No such file or directory
E/WifiStateMachine(  308): Failed to disable IPv6: java.lang.IllegalStateException: command '1 interface ipv6 wlan0 disable' failed with '400 1 Failed to change IPv6 state (No such file or directory)'
I/SystemServer(  308): Connectivity Service
D/ConnectivityService(  308): ConnectivityService starting up
E/MobileDataStateTracker(  308): default: Ignoring feature request because could not acquire PhoneService
E/MobileDataStateTracker(  308): default: Could not enable APN type "default"
I/WifiService(  308): WifiService starting up with Wi-Fi disabled
I/SystemServer(  308): Network Service Discovery Service
D/NsdService(  308): Network service discovery enabled true
I/SystemServer(  308): Throttle Service
I/SystemServer(  308): UpdateLock Service
I/SystemServer(  308): Notification Manager
I/SystemServer(  308): Device Storage Monitor
I/SystemServer(  308): Location Manager
I/SystemServer(  308): Country Detector
I/SystemServer(  308): Search Service
I/SystemServer(  308): DropBox Service
I/SystemServer(  308): Wallpaper Service
I/SystemServer(  308): Audio Service
D/dalvikvm(  308): GC_CONCURRENT freed 270K, 8% free 4222K/4560K, paused 6ms+5ms, total 117ms
I/SystemServer(  308): Dock Observer
W/DockObserver(  308): This kernel does not have dock station support
I/SystemServer(  308): Wired Accessory Manager
W/WiredAccessoryManager(  308): This kernel does not have wired headset support
W/WiredAccessoryManager(  308): This kernel does not have usb audio support
W/WiredAccessoryManager(  308): This kernel does not have HDMI audio support
I/SystemServer(  308): USB Service
I/SystemServer(  308): Serial Service
I/SystemServer(  308): Twilight Service
I/SystemServer(  308): UI Mode Manager Service
I/SystemServer(  308): Backup Service
V/BackupManagerService(  308): No ancestral data
I/BackupManagerService(  308): Found stale backup journal, scheduling
I/BackupManagerService(  308):   android
I/BackupManagerService(  308):   com.android.browser
I/BackupManagerService(  308):   com.android.calendar
I/BackupManagerService(  308):   com.android.inputmethod.latin
I/BackupManagerService(  308):   com.android.providers.settings
I/BackupManagerService(  308):   com.android.providers.userdictionary
I/BackupManagerService(  308):   com.android.sharedstoragebackup
I/BackupManagerService(  308): Backup enabled => true
I/SystemServer(  308): AppWidget Service
I/SystemServer(  308): Recognition Service
I/SystemServer(  308): DiskStats Service
I/SystemServer(  308): SamplingProfiler Service
I/SystemServer(  308): NetworkTimeUpdateService
I/SystemServer(  308): CommonTimeManagementService
I/SystemServer(  308): CertBlacklister
I/SystemServer(  308): Dreams Service
I/WindowManager(  308): SAFE MODE not enabled
D/dalvikvm(  308): JIT started for system_server
D/dalvikvm(  308): GC_CONCURRENT freed 320K, 9% free 4303K/4692K, paused 5ms+170ms, total 445ms
I/ActivityManager(  308): System now ready
I/SystemServer(  308): Making services ready
I/Zygote  (  308): Process: zygote socket opened
I/ActivityManager(  308): Start proc com.android.systemui for service com.android.systemui/.SystemUIService: pid=405 uid=10034 gids={50034, 1028, 1015, 3002, 3001}
I/Vold    (   32): /dev/block/vold/179:0 being considered for volume sdcard
D/Vold    (   32): Volume sdcard state changing 1 (Idle-Unmounted) -> 3 (Checking)
D/MountService(  308): volume state changed for /mnt/sdcard (unmounted -> checking)
D/MountService(  308): sendStorageIntent Intent { act=android.intent.action.MEDIA_CHECKING dat=file:///mnt/sdcard (has extras) } to UserHandle{-1}
I//system/bin/fsck_msdos(   32): ** /dev/block/vold/179:0
I//system/bin/fsck_msdos(   32): ** Phase 1 - Read and Compare FATs
I//system/bin/fsck_msdos(   32): Attempting to allocate 2044 KB for FAT
D/NetworkManagementService(  308): not enabling bandwidth control
I/keystore(   42): uid: 1000 action: e -> 7 state: 3 -> 3 retry: 4
W/NetworkStats(  308): bandwidth controls disabled, unable to track stats
W/NetworkPolicy(  308): bandwidth controls disabled, unable to enforce policy
I/keystore(   42): uid: 1000 action: e -> 7 state: 3 -> 3 retry: 4
I/ActivityManager(  308): Config changes=200 {1.0 ?mcc?mnc en_US ldltr sw320dp w320dp h508dp 240dpi nrml long port finger -keyb/v/h tball/v s.3}
W/RecognitionManagerService(  308): no available voice recognition services found for user 0
E/Trace   (  405): error opening trace file: No such file or directory (2)
D/dalvikvm(  308): GC_CONCURRENT freed 106K, 4% free 4692K/4868K, paused 5ms+9ms, total 226ms
D/dalvikvm(  308): WAIT_FOR_CONCURRENT_GC blocked 204ms
D/SystemUIService(  405): loading: class com.android.systemui.statusbar.phone.PhoneStatusBar
D/SystemUIService(  405): running: com.android.systemui.statusbar.phone.PhoneStatusBar@40cd33a0
I/StatusBarManagerService(  308): registerStatusBar bar=com.android.internal.statusbar.IStatusBar$Stub$Proxy@40eae4c8
W/InputMethodManagerService(  308): Ignoring setImeWindowStatus of uid 1000 token: null
D/dalvikvm(  308): GC_CONCURRENT freed 320K, 8% free 4932K/5320K, paused 52ms+68ms, total 425ms
D/dalvikvm(  308): WAIT_FOR_CONCURRENT_GC blocked 252ms
W/InputMethodManagerService(  308): Found no subtypes in a system IME: com.android.inputmethod.pinyin
I/ActivityManager(  308): Start proc com.android.inputmethod.latin for service com.android.inputmethod.latin/.LatinIME: pid=447 uid=10010 gids={50010, 1028}
I/CommonTimeManagementService(  308): No common time service detected on this platform.  Common time services will be unavailable.
I/InputReader(  308): Reconfiguring input devices.  changes=0x00000020
I/ActivityManager(  308): Start proc com.android.phone for added application com.android.phone: pid=460 uid=1001 gids={41001, 3002, 3001, 3003, 1015, 1028}
I/ActivityManager(  308): START u0 {act=android.intent.action.MAIN cat=[android.intent.category.HOME] flg=0x10000000 cmp=com.android.launcher/com.android.launcher2.Launcher} from pid 0
I/InputReader(  308): Reconfiguring input devices.  changes=0x00000010
W/SocketClient(   34): write error (Broken pipe)
E/ThrottleService(  308): problem during onPollAlarm: java.lang.IllegalStateException: problem parsing stats: java.io.FileNotFoundException: /proc/net/xt_qtaguid/iface_stat_all: open failed: ENOENT (No such file or directory)
I/ActivityManager(  308): Start proc com.android.launcher for activity com.android.launcher/com.android.launcher2.Launcher: pid=477 uid=10020 gids={50020, 1028}
D/dalvikvm(  308): GC_CONCURRENT freed 174K, 5% free 5398K/5640K, paused 221ms+6ms, total 1034ms
D/dalvikvm(  308): WAIT_FOR_CONCURRENT_GC blocked 173ms
D/dalvikvm(  308): WAIT_FOR_CONCURRENT_GC blocked 659ms
D/dalvikvm(  308): WAIT_FOR_CONCURRENT_GC blocked 668ms
D/dalvikvm(  308): WAIT_FOR_CONCURRENT_GC blocked 546ms
D/dalvikvm(  308): WAIT_FOR_CONCURRENT_GC blocked 195ms
D/dalvikvm(  308): WAIT_FOR_CONCURRENT_GC blocked 689ms
E/NetdConnector(  308): NDC Command {4 interface setthrottle rmnet0 -1 -1} took too long (797ms)
D/dalvikvm(  308): WAIT_FOR_CONCURRENT_GC blocked 695ms
I/SystemServer(  308): Enabled StrictMode for system server main thread.
D/dalvikvm(  308): WAIT_FOR_CONCURRENT_GC blocked 484ms
E/Trace   (  447): error opening trace file: No such file or directory (2)
E/Trace   (  477): error opening trace file: No such file or directory (2)
E/SurfaceFlinger(   37): ro.sf.lcd_density must be defined as a build property
D/gralloc_goldfish(  308): Emulator without GPU emulation detected.
E/Trace   (  460): error opening trace file: No such file or directory (2)
I/Choreographer(  308): Skipped 1795 frames!  The application may be doing too much work on its main thread.
D/dalvikvm(  405): GC_FOR_ALLOC freed 88K, 6% free 2664K/2812K, paused 828ms, total 875ms
I/LatinIME(  447): Hardware accelerated drawing: false
I/dalvikvm-heap(  405): Grow heap (frag case) to 3.263MB for 635812-byte allocation
W/TelephonyProvider(  460): onCreate: confFile=/system/etc/apns-conf.xml oldCheckSum=-1
D/TelephonyManager(  460): getLteOnCdmaMode=0 curVal=-1 product_type='' lteOnCdmaProductType=''
D/dalvikvm(  308): GC_CONCURRENT freed 694K, 13% free 5463K/6224K, paused 9ms+6ms, total 909ms
D/dalvikvm(  308): WAIT_FOR_CONCURRENT_GC blocked 70ms
D/dalvikvm(  308): WAIT_FOR_CONCURRENT_GC blocked 646ms
D/dalvikvm(  405): GC_CONCURRENT freed 5K, 5% free 3280K/3436K, paused 224ms+3ms, total 819ms
D/dalvikvm(  405): WAIT_FOR_CONCURRENT_GC blocked 575ms
V/TAG     (  308): bug 7643792: fitSystemWindows([0,0][0,0])
D/TelephonyManager(  460): getLteOnCdmaMode=0 curVal=-1 product_type='' lteOnCdmaProductType=''
D/TelephonyManager(  460): getLteOnCdmaMode=0 curVal=-1 product_type='' lteOnCdmaProductType=''
V/TAG     (  308): bug 7643792: fitSystemWindows([0,0][0,0])
I/Choreographer(  308): Skipped 161 frames!  The application may be doing too much work on its main thread.
E/SurfaceFlinger(   37): ro.sf.lcd_density must be defined as a build property
I/LocationBlacklist(  308): whitelist: []
I/LocationBlacklist(  308): blacklist: []
E/BluetoothAdapter(  405): Bluetooth binder is null
E/BluetoothAdapter(  405): Bluetooth binder is null
D/dalvikvm(  308): GREF has increased to 301
W/InputAttributes(  447): No editor info for this field. Bug?
W/Settings(  460): Setting airplane_mode_on has moved from android.provider.Settings.System to android.provider.Settings.Global, returning read-only value.
W/Settings(  460): Setting auto_time has moved from android.provider.Settings.System to android.provider.Settings.Global, returning read-only global URI.
D/dalvikvm(  308): GC_CONCURRENT freed 768K, 14% free 5470K/6304K, paused 98ms+128ms, total 615ms
D/dalvikvm(  308): WAIT_FOR_CONCURRENT_GC blocked 11ms
D/dalvikvm(  308): WAIT_FOR_CONCURRENT_GC blocked 324ms
W/Settings(  460): Setting auto_time_zone has moved from android.provider.Settings.System to android.provider.Settings.Global, returning read-only global URI.
D/dalvikvm(  308): WAIT_FOR_CONCURRENT_GC blocked 280ms
D/dalvikvm(  308): WAIT_FOR_CONCURRENT_GC blocked 188ms
D/dalvikvm(  308): WAIT_FOR_CONCURRENT_GC blocked 38ms
W/ActivityManager(  308): Unable to start service Intent { act=com.android.internal.telephony.IWapPushManager } U=0: not found
D/dalvikvm(  308): WAIT_FOR_CONCURRENT_GC blocked 563ms
I/dalvikvm-heap(  308): Grow heap (frag case) to 6.491MB for 1128976-byte allocation
D/dalvikvm(  308): WAIT_FOR_CONCURRENT_GC blocked 497ms
I/dalvikvm-heap(  308): Grow heap (frag case) to 6.494MB for 2656-byte allocation
D/dalvikvm(  308): GC_FOR_ALLOC freed 22K, 12% free 6562K/7408K, paused 513ms, total 515ms
D/dalvikvm(  308): WAIT_FOR_CONCURRENT_GC blocked 858ms
E/ActivityThread(  447): Failed to find provider info for com.android.inputmethod.latin.dictionarypack
W/WindowManager(  308): Window freeze timeout expired.
W/WindowManager(  308): Force clearing orientation change: Window{40eeece0 u0 Keyguard}
E/BinaryDictionaryGetter(  447): Could not find a dictionary pack
D/dalvikvm(  447): GC_CONCURRENT freed 272K, 12% free 2512K/2844K, paused 163ms+2ms, total 651ms
E/StrictMode(  447): A resource was acquired at attached stack trace but never released. See java.io.Closeable for information on avoiding resource leaks.
E/StrictMode(  447): java.lang.Throwable: Explicit termination method 'close' not called
E/StrictMode(  447): 	at dalvik.system.CloseGuard.open(CloseGuard.java:184)
E/StrictMode(  447): 	at android.os.ParcelFileDescriptor.<init>(ParcelFileDescriptor.java:412)
E/StrictMode(  447): 	at android.content.res.AssetManager.openNonAssetFdNative(Native Method)
E/StrictMode(  447): 	at android.content.res.AssetManager.openNonAssetFd(AssetManager.java:428)
E/StrictMode(  447): 	at android.content.res.Resources.openRawResourceFd(Resources.java:979)
E/StrictMode(  447): 	at com.android.inputmethod.latin.BinaryDictionaryGetter.loadFallbackResource(BinaryDictionaryGetter.java:183)
E/StrictMode(  447): 	at com.android.inputmethod.latin.BinaryDictionaryGetter.getDictionaryFiles(BinaryDictionaryGetter.java:456)
E/StrictMode(  447): 	at com.android.inputmethod.latin.DictionaryFactory.createMainDictionaryFromManager(DictionaryFactory.java:57)
E/StrictMode(  447): 	at com.android.inputmethod.latin.DictionaryFactory.createMainDictionaryFromManager(DictionaryFactory.java:87)
E/StrictMode(  447): 	at com.android.inputmethod.latin.Suggest$1.run(Suggest.java:108)
I/ActivityManager(  308): Start proc android.process.acore for content provider com.android.providers.userdictionary/.UserDictionaryProvider: pid=534 uid=10001 gids={50001, 3003, 1015, 1028}
E/BluetoothAdapter(  405): Bluetooth binder is null
D/        (  460): [ApnContext:default] set reason as dataEnabled,current state IDLE
D/        (  460): [ApnContext:default] setRetryCount: 0
D/        (  460): [ApnContext:mms] set reason as dataEnabled,current state IDLE
D/        (  460): [ApnContext:mms] setRetryCount: 0
D/        (  460): [ApnContext:supl] set reason as dataEnabled,current state IDLE
D/        (  460): [ApnContext:supl] setRetryCount: 0
D/        (  460): [ApnContext:hipri] set reason as dataEnabled,current state IDLE
D/        (  460): [ApnContext:hipri] setRetryCount: 0
D/        (  460): [ApnContext:fota] set reason as dataEnabled,current state IDLE
D/        (  460): [ApnContext:fota] setRetryCount: 0
D/        (  460): [ApnContext:ims] set reason as dataEnabled,current state IDLE
D/        (  460): [ApnContext:ims] setRetryCount: 0
I/Choreographer(  308): Skipped 777 frames!  The application may be doing too much work on its main thread.
D/        (  460): [ApnContext:cbs] set reason as dataEnabled,current state IDLE
D/        (  460): [ApnContext:cbs] setRetryCount: 0
D/TelephonyManager(  460): getLteOnCdmaMode=0 curVal=-1 product_type='' lteOnCdmaProductType=''
W/InputMethodManagerService(  308): Found no subtypes in a system IME: com.android.inputmethod.pinyin
D/dalvikvm(  460): GC_CONCURRENT freed 201K, 10% free 2576K/2836K, paused 5ms+2ms, total 685ms
D/CallManager(  460): registerPhone(GSM Handler (com.android.internal.telephony.PhoneProxy) {40d02cf8})
I/Choreographer(  308): Skipped 159 frames!  The application may be doing too much work on its main thread.
E/BluetoothAdapter(  460): Bluetooth binder is null
I/ActivityManager(  308): Start proc com.android.music for broadcast com.android.music/.MediaButtonIntentReceiver: pid=555 uid=10025 gids={50025, 3003, 1015, 1028}
E/Trace   (  534): error opening trace file: No such file or directory (2)
E/BluetoothAdapter(  460): Bluetooth binder is null
I/dalvikvm(  555): Turning on JNI app bug workarounds for target SDK version 9...
D/dalvikvm(  405): GC_CONCURRENT freed 66K, 4% free 3634K/3760K, paused 4ms+2ms, total 284ms
E/Trace   (  555): error opening trace file: No such file or directory (2)
E/BluetoothAdapter(  405): Bluetooth binder is null
I/AudioService(  308):   Remote Control   registerMediaButtonIntent() for PendingIntent{40e02600: PendingIntentRecord{410749f0 com.android.music broadcastIntent}}
I/ActivityManager(  308): Start proc android.process.media for content provider com.android.providers.media/.MediaProvider: pid=582 uid=10000 gids={50000, 1015, 1023, 1024, 1028, 1006, 2001, 3003, 3007}
D/dalvikvm(  477): GC_CONCURRENT freed 184K, 9% free 2615K/2860K, paused 4ms+7ms, total 1343ms
D/DebugService(  460): DebugService DebugService:
D/TelephonyDebugService(  460): TelephonyDebugService()
D/dalvikvm(  460): GC_CONCURRENT freed 327K, 13% free 2644K/3032K, paused 4ms+53ms, total 126ms
W/ActivityManager(  308): Activity idle timeout for ActivityRecord{40e806d8 u0 com.android.launcher/com.android.launcher2.Launcher}
I/ActivityManager(  308): Start proc com.android.contacts for broadcast com.android.contacts/.calllog.CallLogReceiver: pid=605 uid=10001 gids={50001, 3003, 1015, 1028}
E/Trace   (  582): error opening trace file: No such file or directory (2)
W/Settings(  460): Setting auto_time_zone has moved from android.provider.Settings.System to android.provider.Settings.Global, returning read-only value.
D/PhoneStatusBar(  405): disable: < expand icons alerts ticker system_info back home recent clock search >
E/BluetoothAdapter(  405): Bluetooth binder is null
W/ActivityManager(  308): Timeout executing service: ServiceRecord{40f637c8 u0 com.android.systemui/.ImageWallpaper}
E/Trace   (  605): error opening trace file: No such file or directory (2)
E/BluetoothAdapter(  308): Bluetooth binder is null
E/BluetoothAdapter(  308): Bluetooth binder is null
V/WiredAccessoryManager(  308): init()
E/SoundPool(  308): error loading /system/media/audio/ui/Effect_Tick.ogg
W/AudioService(  308): Soundpool could not load file: /system/media/audio/ui/Effect_Tick.ogg
E/SoundPool(  308): error loading /system/media/audio/ui/Effect_Tick.ogg
W/AudioService(  308): Soundpool could not load file: /system/media/audio/ui/Effect_Tick.ogg
E/SoundPool(  308): error loading /system/media/audio/ui/Effect_Tick.ogg
W/AudioService(  308): Soundpool could not load file: /system/media/audio/ui/Effect_Tick.ogg
E/SoundPool(  308): error loading /system/media/audio/ui/Effect_Tick.ogg
W/AudioService(  308): Soundpool could not load file: /system/media/audio/ui/Effect_Tick.ogg
E/SoundPool(  308): error loading /system/media/audio/ui/Effect_Tick.ogg
W/AudioService(  308): Soundpool could not load file: /system/media/audio/ui/Effect_Tick.ogg
E/SoundPool(  308): error loading /system/media/audio/ui/KeypressStandard.ogg
W/AudioService(  308): Soundpool could not load file: /system/media/audio/ui/KeypressStandard.ogg
E/SoundPool(  308): error loading /system/media/audio/ui/KeypressSpacebar.ogg
W/AudioService(  308): Soundpool could not load file: /system/media/audio/ui/KeypressSpacebar.ogg
E/SoundPool(  308): error loading /system/media/audio/ui/KeypressDelete.ogg
W/AudioService(  308): Soundpool could not load file: /system/media/audio/ui/KeypressDelete.ogg
E/SoundPool(  308): error loading /system/media/audio/ui/KeypressReturn.ogg
W/AudioService(  308): Soundpool could not load file: /system/media/audio/ui/KeypressReturn.ogg
W/AudioService(  308): loadSoundEffects(), Error -1 while loading samples
D/SystemUIService(  405): loading: class com.android.systemui.power.PowerUI
D/SystemUIService(  405): running: com.android.systemui.power.PowerUI@40e41190
D/SystemUIService(  405): loading: class com.android.systemui.media.RingtonePlayer
D/SystemUIService(  405): running: com.android.systemui.media.RingtonePlayer@40e41e10
I/Choreographer(  308): Skipped 61 frames!  The application may be doing too much work on its main thread.
I/Process (  308): Sending signal. PID: 405 SIG: 3
I/dalvikvm(  405): threadid=3: reacting to signal 3
D/CAT     (  460): CatService: Running CAT service. STK app installed:false
D/CAT     (  460): CatService: NEW sInstance
I/Process (  308): Sending signal. PID: 308 SIG: 3
I/dalvikvm(  308): threadid=3: reacting to signal 3
D/dalvikvm(  534): GC_CONCURRENT freed 155K, 8% free 2626K/2840K, paused 4ms+922ms, total 1229ms
I/dalvikvm(  405): Wrote stack traces to '/data/anr/traces.txt'
I//system/bin/fsck_msdos(   32): Attempting to allocate 2044 KB for FAT
I//system/bin/fsck_msdos(   32): ** Phase 2 - Check Cluster Chains
I//system/bin/fsck_msdos(   32): ** Phase 3 - Checking Directories
I//system/bin/fsck_msdos(   32): ** Phase 4 - Checking for Lost Files
I//system/bin/fsck_msdos(   32): 12 files, 1044448 free (522224 clusters)
I/Process (  308): Sending signal. PID: 460 SIG: 3
I/dalvikvm(  460): threadid=3: reacting to signal 3
I/dalvikvm(  308): Wrote stack traces to '/data/anr/traces.txt'
D/PhoneStatusBar(  405): disable: < expand icons alerts ticker system_info BACK* HOME* RECENT* CLOCK* SEARCH* >
I/Choreographer(  405): Skipped 4440 frames!  The application may be doing too much work on its main thread.
I/dalvikvm(  460): Wrote stack traces to '/data/anr/traces.txt'
D/dalvikvm(  308): GREF has increased to 401
D/dalvikvm(  308): GC_CONCURRENT freed 1994K, 27% free 5619K/7680K, paused 72ms+14ms, total 703ms
D/dalvikvm(  308): WAIT_FOR_CONCURRENT_GC blocked 205ms
D/dalvikvm(  308): WAIT_FOR_CONCURRENT_GC blocked 288ms
D/dalvikvm(  308): WAIT_FOR_CONCURRENT_GC blocked 252ms
D/dalvikvm(  308): WAIT_FOR_CONCURRENT_GC blocked 211ms
D/dalvikvm(  308): WAIT_FOR_CONCURRENT_GC blocked 339ms
D/dalvikvm(  308): WAIT_FOR_CONCURRENT_GC blocked 350ms
I/DownloadManager(  582): in removeSpuriousFiles
D/dalvikvm(  477): GC_CONCURRENT freed 89K, 5% free 2992K/3140K, paused 4ms+3ms, total 149ms
D/dalvikvm(  405): GC_CONCURRENT freed 239K, 8% free 3823K/4124K, paused 4ms+8ms, total 151ms
I/Choreographer(  308): Skipped 117 frames!  The application may be doing too much work on its main thread.
E/SurfaceFlinger(   37): ro.sf.lcd_density must be defined as a build property
D/CAT     (  460): CatService: SIM ready. Reporting STK service running now...
V/TAG     (  308): bug 7643792: fitSystemWindows([0,38][0,0])
I/Choreographer(  308): Skipped 62 frames!  The application may be doing too much work on its main thread.
D/dalvikvm(  308): GC_EXPLICIT freed 291K, 26% free 5731K/7680K, paused 385ms+118ms, total 2165ms
W/WindowManager(  308): Window freeze timeout expired.
W/WindowManager(  308): Force clearing orientation change: Window{41053128 u0 StatusBar}
I/Choreographer(  308): Skipped 48 frames!  The application may be doing too much work on its main thread.
D/dalvikvm(  460): GC_CONCURRENT freed 265K, 11% free 2776K/3100K, paused 5ms+3ms, total 827ms
I/Choreographer(  308): Skipped 135 frames!  The application may be doing too much work on its main thread.
D/MccTable(  460): updateMccMncConfiguration: mcc=310, mnc=260
D/TelephonyManager(  460): getLteOnCdmaMode=0 curVal=-1 product_type='' lteOnCdmaProductType=''
D/MccTable(  460): locale set to en_us
D/MccTable(  460): WIFI_COUNTRY_CODE set to us
I/WifiService(  308): WifiService trying to set country code to us with persist set to true
I/Choreographer(  405): Skipped 1753 frames!  The application may be doing too much work on its main thread.
I/ActivityManager(  308): Config changes=1403 {1.0 310mcc260mnc en_US ldltr sw320dp w320dp h508dp 240dpi nrml long port finger -keyb/v/h tball/v s.4}
W/SurfaceFlinger(   37): createScreenshotSurface failed (Function not implemented)
D/gralloc_goldfish(  405): Emulator without GPU emulation detected.
W/Settings(  460): Setting auto_time_zone has moved from android.provider.Settings.System to android.provider.Settings.Global, returning read-only value.
E/SurfaceFlinger(   37): ro.sf.lcd_density must be defined as a build property
I/RecoverySystem(  308): No recovery log file
D/dalvikvm(  405): GC_FOR_ALLOC freed 35K, 6% free 3886K/4124K, paused 124ms, total 130ms
I/ActivityManager(  308): Start proc com.android.deskclock for broadcast com.android.deskclock/.AlarmInitReceiver: pid=694 uid=10006 gids={50006, 1028}
D/dalvikvm(   38): GC_EXPLICIT freed 34K, 4% free 2381K/2476K, paused 3ms+13ms, total 61ms
D/dalvikvm(   38): GC_EXPLICIT freed <1K, 4% free 2382K/2476K, paused 3ms+3ms, total 161ms
W/WindowManager(  308): Window freeze timeout expired.
W/WindowManager(  308): Force clearing orientation change: Window{40eeece0 u0 Keyguard}
W/WindowManager(  308): Force clearing orientation change: Window{40f8ce90 u0 com.android.systemui.ImageWallpaper}
D/dalvikvm(   38): GC_EXPLICIT freed <1K, 4% free 2382K/2476K, paused 3ms+3ms, total 60ms
D/MccTable(  460): updateMccMncConfiguration: mcc=310, mnc=260
D/TelephonyManager(  460): getLteOnCdmaMode=0 curVal=-1 product_type='' lteOnCdmaProductType=''
D/MccTable(  460): locale set to en_us
D/MccTable(  460): WIFI_COUNTRY_CODE set to us
I/WifiService(  308): WifiService trying to set country code to us with persist set to true
I/ActivityManager(  308): Config changes=1400 {1.0 310mcc260mnc en_US ldltr sw320dp w320dp h508dp 240dpi nrml long port finger -keyb/v/h tball/v s.5}
I/dalvikvm-heap(  405): Grow heap (frag case) to 9.963MB for 6410576-byte allocation
E/Trace   (  694): error opening trace file: No such file or directory (2)
D/dalvikvm(  405): GC_FOR_ALLOC freed 2K, 3% free 10143K/10388K, paused 473ms, total 473ms
I/Process (  308): Sending signal. PID: 477 SIG: 3
I/dalvikvm(  477): threadid=3: reacting to signal 3
D/dalvikvm(  405): GC_CONCURRENT freed 0K, 3% free 10144K/10388K, paused 4ms+8ms, total 187ms
I/Process (  308): Sending signal. PID: 582 SIG: 3
I/Process (  308): Sending signal. PID: 534 SIG: 3
I/dalvikvm(  534): threadid=3: reacting to signal 3
I/Process (  308): Sending signal. PID: 447 SIG: 3
I/dalvikvm(  477): Wrote stack traces to '/data/anr/traces.txt'
I/dalvikvm(  447): threadid=3: reacting to signal 3
I/dalvikvm(  447): Wrote stack traces to '/data/anr/traces.txt'
E/ActivityManager(  308): ANR in com.android.systemui
E/ActivityManager(  308): Reason: Executing service com.android.systemui/.ImageWallpaper
E/ActivityManager(  308): Load: 7.85 / 1.98 / 0.66
E/ActivityManager(  308): CPU usage from 2786ms to -15539ms ago:
E/ActivityManager(  308):   18% 308/system_server: 12% user + 5.5% kernel / faults: 2160 minor 5 major
E/ActivityManager(  308):   15% 37/surfaceflinger: 12% user + 3% kernel / faults: 5 minor
E/ActivityManager(  308):   8% 477/com.android.launcher: 5.3% user + 2.7% kernel / faults: 7361 minor 5 major
E/ActivityManager(  308):   6.8% 460/com.android.phone: 4.6% user + 2.2% kernel / faults: 1334 minor 7 major
E/ActivityManager(  308):   5.5% 405/com.android.systemui: 3.5% user + 2% kernel / faults: 3163 minor 5 major
E/ActivityManager(  308):   2.8% 85/bootanimation: 2.1% user + 0.7% kernel
E/ActivityManager(  308):   2.4% 534/android.process.acore: 1.7% user + 0.7% kernel / faults: 1417 minor 1 major
E/ActivityManager(  308):   2.3% 582/android.process.media: 1.2% user + 1.1% kernel / faults: 1848 minor 15 major
E/ActivityManager(  308):   1.3% 410/fsck_msdos: 0.5% user + 0.8% kernel / faults: 3964 minor
E/ActivityManager(  308):   0.7% 38/zygote: 0.7% user + 0% kernel / faults: 255 minor
E/ActivityManager(  308):   0.6% 47/adbd: 0% user + 0.6% kernel / faults: 195 minor
E/ActivityManager(  308):   0.5% 447/com.android.inputmethod.latin: 0.1% user + 0.3% kernel / faults: 143 minor 1 major
E/ActivityManager(  308):   0.4% 36/rild: 0.3% user + 0.1% kernel
E/ActivityManager(  308):   0.3% 555/com.android.music: 0.1% user + 0.1% kernel / faults: 189 minor
E/ActivityManager(  308):   0.1% 31/servicemanager: 0% user + 0.1% kernel / faults: 6 minor
E/ActivityManager(  308):   0% 29/mmcqd: 0% user + 0% kernel
E/ActivityManager(  308):   0% 1//init: 0% user + 0% kernel / faults: 23 minor
E/ActivityManager(  308):   0% 40/mediaserver: 0% user + 0% kernel
E/ActivityManager(  308):  +0% 605/com.android.contacts: 0% user + 0% kernel
E/ActivityManager(  308):  +0% 694/com.android.deskclock: 0% user + 0% kernel
E/ActivityManager(  308): 100% TOTAL: 65% user + 33% kernel + 0.1% irq + 0.3% softirq
E/ActivityManager(  308): CPU usage from 9546ms to 12434ms later:
E/ActivityManager(  308):   24% 308/system_server: 16% user + 7.4% kernel / faults: 287 minor
E/ActivityManager(  308):     9.6% 323/UI: 8% user + 1.6% kernel
E/ActivityManager(  308):     8% 327/ActivityManager: 5.8% user + 2.1% kernel
E/ActivityManager(  308):     6.9% 314/Compiler: 4.8% user + 2.1% kernel
E/ActivityManager(  308):     5.3% 322/er.ServerThread: 4.8% user + 0.5% kernel
E/ActivityManager(  308):     4.2% 522/Binder_5: 2.1% user + 2.1% kernel
E/ActivityManager(  308):     2.1% 495/Binder_4: 0.5% user + 1.6% kernel
E/ActivityManager(  308):     1% 319/Binder_1: 1% user + 0% kernel
E/ActivityManager(  308):     1% 320/Binder_2: 0% user + 1% kernel
E/ActivityManager(  308):     0.5% 308/system_server: 0.5% user + 0% kernel
E/ActivityManager(  308):     0.5% 311/GC: 0% user + 0.5% kernel
E/ActivityManager(  308):     0.5% 324/WindowManager: 0% user + 0.5% kernel
E/ActivityManager(  308):     0.5% 360/PowerManagerSer: 0.5% user + 0% kernel
E/ActivityManager(  308):     0.5% 366/InputDispatcher: 0.5% user + 0% kernel
E/ActivityManager(  308):     0.5% 494/Binder_3: 0.5% user + 0% kernel
E/ActivityManager(  308):     0.5% 529/Binder_6: 0.5% user + 0% kernel
E/ActivityManager(  308):     0.5% 530/Binder_7: 0.5% user + 0% kernel
E/ActivityManager(  308):    +0% 687/Thread-77: 0% user + 0% kernel
E/ActivityManager(  308):   17% 37/surfaceflinger: 13% user + 3.8% kernel / faults: 2 minor
E/ActivityManager(  308):     13% 67/SurfaceFlinger: 12% user + 1.2% kernel
E/ActivityManager(  308):     0.8% 81/EventThread: 0.4% user + 0.4% kernel
E/ActivityManager(  308):     0.8% 404/Binder_2: 0.4% user + 0.4% kernel
E/ActivityManager(  308):     0.4% 37/surfaceflinger: 0% user + 0.4% kernel
E/ActivityManager(  308):     0.4% 78/VSyncThread: 0% user + 0.4% kernel
E/ActivityManager(  308):     0.4% 84/Binder_1: 0% user + 0.4% kernel
E/ActivityManager(  308):     0.4% 531/Binder_3: 0% user + 0.4% kernel
E/ActivityManager(  308):   8.9% 460/com.android.phone: 6.1% user + 2.8% kernel / faults: 124 minor
E/ActivityManager(  308):     8% 460/m.android.phone: 6.1% user + 1.8% kernel
E/ActivityManager(  308):     2.3% 470/Compiler: 1.4% user + 0.9% kernel
E/ActivityManager(  308):     0.9% 476/Binder_1: 0.9% user + 0% kernel
E/ActivityManager(  308):     0.4% 618/Binder_3: 0% user + 0.4% kernel
E/ActivityManager(  308):    +0% 682/WifiManager: 0% user + 0% kernel
E/ActivityManager(  308):   5.7% 405/com.android.systemui: 3.5% user + 2.2% kernel / faults: 300 minor 2 major
E/ActivityManager(  308):     7.5% 405/ndroid.systemui: 4.8% user + 2.6% kernel
E/ActivityManager(  308):     0.8% 416/Compiler: 0.4% user + 0.4% kernel
E/ActivityManager(  308):     0.8% 434/Binder_1: 0.4% user + 0.4% kernel
E/ActivityManager(  308):     0.4% 407/GC: 0.4% user + 0% kernel
E/ActivityManager(  308):     0.4% 435/Binder_2: 0.4% user + 0% kernel
E/ActivityManager(  308):   4.9% 477/com.android.launcher: 3.8% user + 1.1% kernel / faults: 429 minor 2 major
E/ActivityManager(  308):     5.7% 510/launcher-loader: 3.8% user + 1.9% kernel
E/ActivityManager(  308):     1.9% 485/Compiler: 1.1% user + 0.7% kernel
E/ActivityManager(  308):   1.9% 582/android.process.media: 0.7% user + 1.1% kernel / faults: 20 minor
E/ActivityManager(  308):     2.6% 599/Binder_1: 1.9% user + 0.7% kernel
E/ActivityManager(  308):     0.3% 582/d.process.media: 0% user + 0.3% kernel
E/ActivityManager(  308):    +0% 690/DownloadReceive: 0% user + 0% kernel
E/ActivityManager(  308):    +0% 696/Binder_3: 0% user + 0% kernel
E/ActivityManager(  308):   2% 85/bootanimation: 1.5% user + 0.5% kernel
E/ActivityManager(  308):     2.6% 105/BootAnimation: 2% user + 0.5% kernel
E/ActivityManager(  308):   0.7% 36/rild: 0.3% user + 0.3% kernel
E/ActivityManager(  308):     0.7% 87/rild: 0.3% user +
D/dalvikvm(  460): GC_CONCURRENT freed 298K, 11% free 2921K/3280K, paused 5ms+43ms, total 151ms
W/ActivityManager(  308): Killing ProcessRecord{40e636a0 405:com.android.systemui/u0a10034}: background ANR
D/dalvikvm(  308): GC_CONCURRENT freed 479K, 21% free 6093K/7680K, paused 6ms+19ms, total 798ms
D/dalvikvm(  308): WAIT_FOR_CONCURRENT_GC blocked 766ms
D/dalvikvm(  308): WAIT_FOR_CONCURRENT_GC blocked 448ms
D/dalvikvm(  308): WAIT_FOR_CONCURRENT_GC blocked 351ms
D/dalvikvm(  308): WAIT_FOR_CONCURRENT_GC blocked 361ms
W/WindowManager(  308): App freeze timeout expired.
W/WindowManager(  308): Force clearing freeze: AppWindowToken{40f4c098 token=Token{40ec33a8 ActivityRecord{40e806d8 u0 com.android.launcher/com.android.launcher2.Launcher}}}
D/dalvikvm(  308): GC_FOR_ALLOC freed 24K, 15% free 6596K/7680K, paused 582ms, total 584ms
I/dalvikvm-heap(  308): Grow heap (frag case) to 6.880MB for 393236-byte allocation
D/dalvikvm(  308): GC_FOR_ALLOC freed 257K, 17% free 6722K/8068K, paused 103ms, total 103ms
I/Vold    (   32): Filesystem check completed OK
I/Vold    (   32): Device /dev/block/vold/179:0, target /mnt/sdcard mounted @ /mnt/secure/staging
D/Vold    (   32): Volume sdcard state changing 3 (Checking) -> 4 (Mounted)
I/dalvikvm(  582): threadid=3: reacting to signal 3
D/dalvikvm(  308): GC_FOR_ALLOC freed 1037K, 24% free 6205K/8068K, paused 105ms, total 106ms
V/AlarmClock(  694): No next alarm
D/MountService(  308): volume state changed for /mnt/sdcard (checking -> mounted)
I/PackageManager(  308): Updating external media status from unmounted to mounted
E/VoldConnector(  308): NDC Command {3 volume mount /mnt/sdcard} took too long (40769ms)
I/Choreographer(  308): Skipped 119 frames!  The application may be doing too much work on its main thread.
V/AlarmClock(  694): AlarmInitReceiver - Reset timers and clear stopwatch data
E/VoldConnector(  308): NDC Command {4 asec list} took too long (777ms)
I/PackageManager(  308): No secure containers on sdcard
I/dalvikvm(  534): Wrote stack traces to '/data/anr/traces.txt'
D/dalvikvm(  460): GC_CONCURRENT freed 454K, 16% free 2863K/3380K, paused 45ms+2ms, total 301ms
D/dalvikvm(  308): GC_EXPLICIT freed 383K, 18% free 6690K/8068K, paused 31ms+30ms, total 982ms
D/dalvikvm(  308): WAIT_FOR_CONCURRENT_GC blocked 86ms
E/MountService(  308): Listener dead
D/MountService(  308): sendStorageIntent Intent { act=android.intent.action.MEDIA_MOUNTED dat=file:///mnt/sdcard (has extras) } to UserHandle{-1}
I/WindowState(  308): WIN DEATH: Window{41053128 u0 StatusBar}
W/InputDispatcher(  308): channel '40f8ce90 com.android.systemui.ImageWallpaper (server)' ~ Consumer closed input channel or an error occurred.  events=0x9
E/InputDispatcher(  308): channel '40f8ce90 com.android.systemui.ImageWallpaper (server)' ~ Channel is unrecoverably broken and will be disposed!
I/WindowState(  308): WIN DEATH: Window{40f8ce90 u0 com.android.systemui.ImageWallpaper}
W/InputDispatcher(  308): Attempted to unregister already unregistered input channel '40f8ce90 com.android.systemui.ImageWallpaper (server)'
I/dalvikvm(  582): Wrote stack traces to '/data/anr/traces.txt'
W/PackageManager(  308): Unknown permission com.google.android.googleapps.permission.GOOGLE_AUTH.mail in package com.android.contacts
W/PackageManager(  308): Unknown permission android.permission.ADD_SYSTEM_SERVICE in package com.android.phone
W/PackageManager(  308): Unknown permission com.android.smspush.WAPPUSH_MANAGER_BIND in package com.android.phone
W/PackageManager(  308): Unknown permission com.google.android.googleapps.permission.GOOGLE_AUTH in package com.android.providers.calendar
W/PackageManager(  308): Unknown permission com.google.android.googleapps.permission.GOOGLE_AUTH.cl in package com.android.providers.calendar
W/PackageManager(  308): Unknown permission com.google.android.googleapps.permission.GOOGLE_AUTH.mail in package com.android.calendar
W/PackageManager(  308): Not granting permission android.permission.SEND_DOWNLOAD_COMPLETED_INTENTS to package com.android.browser (protectionLevel=2 flags=0x89be45)
W/PackageManager(  308): Not granting permission android.permission.BIND_APPWIDGET to package com.android.widgetpreview (protectionLevel=18 flags=0x8be44)
W/PackageManager(  308): Unknown permission com.google.android.googleapps.permission.GOOGLE_AUTH in package com.android.settings
W/PackageManager(  308): Unknown permission com.google.android.gallery3d.permission.GALLERY_PROVIDER in package com.android.exchange
W/PackageManager(  308): Unknown permission com.google.android.googleapps.permission.ACCESS_GOOGLE_PASSWORD in package com.android.development
W/PackageManager(  308): Unknown permission com.google.android.googleapps.permission.GOOGLE_AUTH in package com.android.development
W/PackageManager(  308): Unknown permission com.google.android.googleapps.permission.GOOGLE_AUTH.ALL_SERVICES in package com.android.development
W/PackageManager(  308): Unknown permission com.google.android.googleapps.permission.GOOGLE_AUTH.YouTubeUser in package com.android.development
W/PackageManager(  308): Unknown permission com.google.android.gallery3d.permission.GALLERY_PROVIDER in package com.android.email
W/PackageManager(  308): Not granting permission android.permission.DEVICE_POWER to package com.android.deskclock (protectionLevel=2 flags=0x88be45)
W/WindowManager(  308): Window freeze timeout expired.
W/WindowManager(  308): Force clearing orientation change: Window{40eeece0 u0 Keyguard}
D/dalvikvm(  308): GC_CONCURRENT freed 998K, 15% free 6651K/7784K, paused 5ms+9ms, total 103ms
V/AlarmClock(  694): No next alarm
I/ActivityManager(  308): Process com.android.systemui (pid 405) has died.
W/ActivityManager(  308): Scheduling restart of crashed service com.android.systemui/.ImageWallpaper in 0ms
W/ActivityManager(  308): Scheduling restart of crashed service com.android.systemui/.SystemUIService in 0ms
I/ActivityManager(  308): Start proc com.android.systemui for restart com.android.systemui: pid=743 uid=10034 gids={50034, 1028, 1015, 3002, 3001}
V/AlarmClock(  694): AlarmInitReceiver finished
W/BroadcastQueue(  308): Failure sending broadcast Intent { act=android.intent.action.ALARM_CHANGED flg=0x10 (has extras) }
W/BroadcastQueue(  308): android.os.DeadObjectException
W/BroadcastQueue(  308): 	at android.os.BinderProxy.transact(Native Method)
W/BroadcastQueue(  308): 	at android.content.IIntentReceiver$Stub$Proxy.performReceive(IIntentReceiver.java:124)
W/BroadcastQueue(  308): 	at com.android.server.am.BroadcastQueue.performReceiveLocked(BroadcastQueue.java:376)
W/BroadcastQueue(  308): 	at com.android.server.am.BroadcastQueue.deliverToRegisteredReceiverLocked(BroadcastQueue.java:439)
W/BroadcastQueue(  308): 	at com.android.server.am.BroadcastQueue.processNextBroadcast(BroadcastQueue.java:487)
W/BroadcastQueue(  308): 	at com.android.server.am.ActivityManagerService.finishReceiver(ActivityManagerService.java:12082)
W/BroadcastQueue(  308): 	at android.app.ActivityManagerNative.onTransact(ActivityManagerNative.java:375)
W/BroadcastQueue(  308): 	at com.android.server.am.ActivityManagerService.onTransact(ActivityManagerService.java:1674)
W/BroadcastQueue(  308): 	at android.os.Binder.execTransact(Binder.java:351)
W/BroadcastQueue(  308): 	at com.android.server.SystemServer.init1(Native Method)
W/BroadcastQueue(  308): 	at com.android.server.SystemServer.main(SystemServer.java:1064)
W/BroadcastQueue(  308): 	at java.lang.reflect.Method.invokeNative(Native Method)
W/BroadcastQueue(  308): 	at java.lang.reflect.Method.invoke(Method.java:511)
W/BroadcastQueue(  308): 	at com.android.internal.os.ZygoteInit$MethodAndArgsCaller.run(ZygoteInit.java:793)
W/BroadcastQueue(  308): 	at com.android.internal.os.ZygoteInit.main(ZygoteInit.java:560)
W/BroadcastQueue(  308): 	at dalvik.system.NativeStart.main(Native Method)
W/BroadcastQueue(  308): Failure sending broadcast Intent { act=android.intent.action.ALARM_CHANGED flg=0x10 (has extras) }
W/BroadcastQueue(  308): android.os.DeadObjectException
W/BroadcastQueue(  308): 	at android.os.BinderProxy.transact(Native Method)
W/BroadcastQueue(  308): 	at android.content.IIntentReceiver$Stub$Proxy.performReceive(IIntentReceiver.java:124)
W/BroadcastQueue(  308): 	at com.android.server.am.BroadcastQueue.performReceiveLocked(BroadcastQueue.java:376)
W/BroadcastQueue(  308): 	at com.android.server.am.BroadcastQueue.deliverToRegisteredReceiverLocked(BroadcastQueue.java:439)
W/BroadcastQueue(  308): 	at com.android.server.am.BroadcastQueue.processNextBroadcast(BroadcastQueue.java:487)
W/BroadcastQueue(  308): 	at com.android.server.am.ActivityManagerService.finishReceiver(ActivityManagerService.java:12082)
W/BroadcastQueue(  308): 	at android.app.ActivityManagerNative.onTransact(ActivityManagerNative.java:375)
W/BroadcastQueue(  308): 	at com.android.server.am.ActivityManagerService.onTransact(ActivityManagerService.java:1674)
W/BroadcastQueue(  308): 	at android.os.Binder.execTransact(Binder.java:351)
W/BroadcastQueue(  308): 	at com.android.server.SystemServer.init1(Native Method)
W/BroadcastQueue(  308): 	at com.android.server.SystemServer.main(SystemServer.java:1064)
W/BroadcastQueue(  308): 	at java.lang.reflect.Method.invokeNative(Native Method)
W/BroadcastQueue(  308): 	at java.lang.reflect.Method.invoke(Method.java:511)
W/BroadcastQueue(  308): 	at com.android.internal.os.ZygoteInit$MethodAndArgsCaller.run(ZygoteInit.java:793)
W/BroadcastQueue(  308): 	at com.android.internal.os.ZygoteInit.main(ZygoteInit.java:560)
W/BroadcastQueue(  308): 	at dalvik.system.NativeStart.main(Native Method)
W/WallpaperService(  308): Wallpaper service gone: ComponentInfo{com.android.systemui/com.android.systemui.ImageWallpaper}
I/Choreographer(  308): Skipped 3169 frames!  The application may be doing too much work on its main thread.
E/Trace   (  743): error opening trace file: No such file or directory (2)
W/GpsLocationProvider(  308): Could not open GPS configuration file /etc/gps.conf
W/ServiceWatcher(  308): com.google.android.location not found
V/TAG     (  308): bug 7643792: fitSystemWindows([0,0][0,0])
D/ConnectivityService(  308): ConnectivityChange for mobile: CONNECTED/CONNECTED
D/SystemUIService(  743): loading: class com.android.systemui.statusbar.phone.PhoneStatusBar
D/SystemUIService(  743): running: com.android.systemui.statusbar.phone.PhoneStatusBar@40cd69b0
W/ServiceWatcher(  308): com.google.android.location not found
W/LocationManagerService(  308): no network location provider found
W/ServiceWatcher(  308): com.google.android.location not found
D/dalvikvm(  308): GC_CONCURRENT freed 1107K, 16% free 6614K/7792K, paused 74ms+52ms, total 365ms
D/dalvikvm(  308): WAIT_FOR_CONCURRENT_GC blocked 197ms
I/Choreographer(  308): Skipped 440 frames!  The application may be doing too much work on its main thread.
D/dalvikvm(  308): GC_FOR_ALLOC freed 1033K, 28% free 5638K/7792K, paused 221ms, total 222ms
I/dalvikvm-heap(  308): Grow heap (frag case) to 6.646MB for 1128976-byte allocation
D/dalvikvm(  308): GC_FOR_ALLOC freed 1K, 25% free 6738K/8896K, paused 74ms, total 74ms
I/ActivityManager(  308): Start proc com.android.location.fused for service com.android.location.fused/.FusedLocationService: pid=768 uid=10022 gids={50022, 1028}
I/StatusBarManagerService(  308): registerStatusBar bar=com.android.internal.statusbar.IStatusBar$Stub$Proxy@4104b338
E/Trace   (  768): error opening trace file: No such file or directory (2)
W/ServiceWatcher(  308): com.google.android.location not found
E/LocationManagerService(  308): no geocoder provider found
D/dalvikvm(  308): GC_CONCURRENT freed 11K, 24% free 6800K/8896K, paused 19ms+102ms, total 719ms
W/WindowManager(  308): ***** BOOT TIMEOUT: forcing display enabled
I/SurfaceFlinger(   37): Boot is finished (90860 ms)
D/Tethering(  308): MasterInitialState.processMessage what=3
I/Choreographer(  308): Skipped 661 frames!  The application may be doing too much work on its main thread.
D/dalvikvm(  308): GC_CONCURRENT freed 1745K, 31% free 6162K/8896K, paused 10ms+44ms, total 243ms
D/dalvikvm(  743): GC_FOR_ALLOC freed 94K, 6% free 2669K/2828K, paused 76ms, total 80ms
I/dalvikvm-heap(  743): Grow heap (frag case) to 3.271MB for 635812-byte allocation
D/dalvikvm(  743): GC_FOR_ALLOC freed 5K, 5% free 3285K/3452K, paused 29ms, total 29ms
D/dalvikvm(  743): GC_CONCURRENT freed 2K, 5% free 3309K/3452K, paused 20ms+15ms, total 53ms
E/BluetoothAdapter(  743): Bluetooth binder is null
E/BluetoothAdapter(  743): Bluetooth binder is null
E/BluetoothAdapter(  743): Bluetooth binder is null
D/dalvikvm(  743): GC_CONCURRENT freed 65K, 4% free 3652K/3784K, paused 10ms+3ms, total 51ms
E/BluetoothAdapter(  743): Bluetooth binder is null
I/PowerManagerService(  308): Boot animation finished.
I/ActivityManager(  308): Config changes=1400 {1.0 310mcc260mnc en_US ldltr sw320dp w320dp h508dp 240dpi nrml long port finger -keyb/v/h tball/v s.6}
D/PhoneStatusBar(  743): disable: < expand icons alerts ticker system_info BACK* HOME* RECENT* CLOCK* SEARCH* >
D/dalvikvm(  308): GC_FOR_ALLOC freed 193K, 32% free 6056K/8896K, paused 94ms, total 105ms
I/dalvikvm-heap(  308): Grow heap (frag case) to 7.055MB for 1128976-byte allocation
D/dalvikvm(  308): GC_FOR_ALLOC freed 406K, 25% free 6752K/8896K, paused 68ms, total 68ms
I/Choreographer(  308): Skipped 189 frames!  The application may be doing too much work on its main thread.
D/dalvikvm(  308): GC_CONCURRENT freed 8K, 25% free 6756K/8896K, paused 38ms+159ms, total 953ms
D/AndroidRuntime(  802): 
D/AndroidRuntime(  802): >>>>>> AndroidRuntime START com.android.internal.os.RuntimeInit <<<<<<
D/AndroidRuntime(  802): CheckJNI is ON
I/Choreographer(  308): Skipped 182 frames!  The application may be doing too much work on its main thread.
D/dalvikvm(  802): Trying to load lib libjavacore.so 0x0
D/dalvikvm(  802): Added shared lib libjavacore.so 0x0
V/TAG     (  308): bug 7643792: fitSystemWindows([0,38][0,0])
D/dalvikvm(  802): Trying to load lib libnativehelper.so 0x0
D/dalvikvm(  802): Added shared lib libnativehelper.so 0x0
I/ActivityManager(  308): Start proc com.android.email for broadcast com.android.email/.service.EmailBroadcastReceiver: pid=803 uid=10019 gids={50019, 3003, 1015, 1028}
E/Trace   (  803): error opening trace file: No such file or directory (2)
I/FusedLocation(  768): engine started (com.android.location.fused)
I/ActivityManager(  308): Start proc com.android.exchange for service com.android.exchange/.ExchangeService: pid=830 uid=10032 gids={50032, 3003, 1015, 1028}
I/ActivityManager(  308): Start proc com.android.providers.calendar for broadcast com.android.providers.calendar/.CalendarReceiver: pid=838 uid=10023 gids={50023, 3003, 1015, 1028}
D/AndroidRuntime(  802): Calling main entry com.android.commands.am.Am
