D/dalvikvm(  746): Note: class Landroid/app/ActivityManagerNative; has 157 unimplemented (abstract) methods
D/dalvikvm(  317): GC_FOR_ALLOC freed 568K, 14% free 6588K/7640K, paused 216ms, total 230ms
I/dalvikvm-heap(  317): Grow heap (frag case) to 7.570MB for 1128976-byte allocation
D/dalvikvm(  317): GC_FOR_ALLOC freed 891K, 23% free 6799K/8744K, paused 57ms, total 57ms
I/ActivityManager(  317): Force stopping package es.senselesssolutions.gpl.weightchart appid=10048 user=0
D/dalvikvm(  758): Not late-enabling CheckJNI (already on)
I/ActivityManager(  317): Start proc es.senselesssolutions.gpl.weightchart for added application es.senselesssolutions.gpl.weightchart: pid=758 uid=10048 gids={50048, 1015, 1028}
I/Choreographer(  317): Skipped 142 frames!  The application may be doing too much work on its main thread.
D/dalvikvm(  466): GC_CONCURRENT freed 426K, 15% free 2881K/3364K, paused 5ms+131ms, total 188ms
W/WindowManager(  317): App freeze timeout expired.
W/WindowManager(  317): Force clearing freeze: AppWindowToken{40ee8458 token=Token{40ead268 ActivityRecord{40e920c0 u0 com.android.launcher/com.android.launcher2.Launcher}}}
D/dalvikvm(  317): GC_CONCURRENT freed 17K, 22% free 6841K/8744K, paused 7ms+97ms, total 629ms
I/dalvikvm(  758): Turning on JNI app bug workarounds for target SDK version 3...
V/        (  723): ready
V/RipperService(  723): PING
I//system/bin/fsck_msdos(   32): ** Phase 3 - Checking Directories
I/Choreographer(  317): Skipped 258 frames!  The application may be doing too much work on its main thread.
V/AndroidRipperService(  723): mHandler.handleMessage() RECIVED
V/AndroidRipperService(  723): broadcast()
V/AndroidRipperService(  723): broadcast() done
V/        (  723): ready
I//system/bin/fsck_msdos(   32): ** Phase 4 - Checking for Lost Files
I//system/bin/fsck_msdos(   32): 13 files, 1044446 free (522223 clusters)
I/Vold    (   32): Filesystem check completed OK
I/Vold    (   32): Device /dev/block/vold/179:0, target /mnt/sdcard mounted @ /mnt/secure/staging
D/Vold    (   32): Volume sdcard state changing 3 (Checking) -> 4 (Mounted)
D/MountService(  317): volume state changed for /mnt/sdcard (checking -> mounted)
I/PackageManager(  317): Updating external media status from unmounted to mounted
E/JavaBinder(  317): !!! FAILED BINDER TRANSACTION !!!
E/MountService(  317): Listener dead
D/MountService(  317): sendStorageIntent Intent { act=android.intent.action.MEDIA_MOUNTED dat=file:///mnt/sdcard (has extras) } to UserHandle{-1}
E/VoldConnector(  317): NDC Command {3 volume mount /mnt/sdcard} took too long (47667ms)
I/WindowState(  317): WIN DEATH: Window{40ee7e18 u0 StatusBar}
W/InputDispatcher(  317): channel '40fe8988 com.android.systemui.ImageWallpaper (server)' ~ Consumer closed input channel or an error occurred.  events=0x9
E/InputDispatcher(  317): channel '40fe8988 com.android.systemui.ImageWallpaper (server)' ~ Channel is unrecoverably broken and will be disposed!
I/WindowState(  317): WIN DEATH: Window{40fe8988 u0 com.android.systemui.ImageWallpaper}
W/InputDispatcher(  317): Attempted to unregister already unregistered input channel '40fe8988 com.android.systemui.ImageWallpaper (server)'
I/Choreographer(  317): Skipped 50 frames!  The application may be doing too much work on its main thread.
E/VoldConnector(  317): NDC Command {4 asec list} took too long (630ms)
V/TAG     (  317): bug 7643792: fitSystemWindows([0,0][0,0])
I/Choreographer(  317): Skipped 46 frames!  The application may be doing too much work on its main thread.
D/AndroidRuntime(  786): 
D/AndroidRuntime(  786): >>>>>> AndroidRuntime START com.android.internal.os.RuntimeInit <<<<<<
D/AndroidRuntime(  786): CheckJNI is ON
D/dalvikvm(  786): Trying to load lib libjavacore.so 0x0
D/dalvikvm(  786): Added shared lib libjavacore.so 0x0
D/dalvikvm(  786): Trying to load lib libnativehelper.so 0x0
D/dalvikvm(  786): Added shared lib libnativehelper.so 0x0
I/PackageManager(  317): No secure containers on sdcard
D/AndroidRuntime(  790): 
D/AndroidRuntime(  790): >>>>>> AndroidRuntime START com.android.internal.os.RuntimeInit <<<<<<
D/AndroidRuntime(  790): CheckJNI is ON
D/dalvikvm(  317): GC_EXPLICIT freed 1158K, 34% free 5772K/8744K, paused 4ms+27ms, total 379ms
D/dalvikvm(  790): Trying to load lib libjavacore.so 0x0
D/dalvikvm(  790): Added shared lib libjavacore.so 0x0
I/ActivityManager(  317): Start proc com.android.location.fused for service com.android.location.fused/.FusedLocationService: pid=774 uid=10022 gids={50022, 1028}
D/dalvikvm(  790): Trying to load lib libnativehelper.so 0x0
D/dalvikvm(  790): Added shared lib libnativehelper.so 0x0
V/RipperService(  723): PING
V/AndroidRipperService(  723): mHandler.handleMessage() RECIVED
V/AndroidRipperService(  723): broadcast()
V/AndroidRipperService(  723): broadcast() done
V/        (  723): ready
D/dalvikvm(  488): GC_CONCURRENT freed 4596K, 41% free 6703K/11356K, paused 39ms+29ms, total 247ms
W/PackageManager(  317): Unknown permission com.google.android.googleapps.permission.GOOGLE_AUTH.mail in package com.android.contacts
W/PackageManager(  317): Unknown permission android.permission.ADD_SYSTEM_SERVICE in package com.android.phone
W/PackageManager(  317): Unknown permission com.android.smspush.WAPPUSH_MANAGER_BIND in package com.android.phone
W/PackageManager(  317): Unknown permission com.google.android.googleapps.permission.GOOGLE_AUTH in package com.android.providers.calendar
W/PackageManager(  317): Unknown permission com.google.android.googleapps.permission.GOOGLE_AUTH.cl in package com.android.providers.calendar
W/PackageManager(  317): Unknown permission com.google.android.googleapps.permission.GOOGLE_AUTH.mail in package com.android.calendar
W/PackageManager(  317): Not granting permission android.permission.SEND_DOWNLOAD_COMPLETED_INTENTS to package com.android.browser (protectionLevel=2 flags=0x89be45)
W/PackageManager(  317): Not granting permission android.permission.BIND_APPWIDGET to package com.android.widgetpreview (protectionLevel=18 flags=0x8be44)
W/PackageManager(  317): Unknown permission com.google.android.googleapps.permission.GOOGLE_AUTH in package com.android.settings
D/AndroidRuntime(  786): Calling main entry com.android.commands.am.Am
D/dalvikvm(  786): Note: class Landroid/app/ActivityManagerNative; has 157 unimplemented (abstract) methods
W/PackageManager(  317): Unknown permission com.google.android.gallery3d.permission.GALLERY_PROVIDER in package com.android.exchange
W/PackageManager(  317): Unknown permission com.google.android.googleapps.permission.ACCESS_GOOGLE_PASSWORD in package com.android.development
W/PackageManager(  317): Unknown permission com.google.android.googleapps.permission.GOOGLE_AUTH in package com.android.development
W/PackageManager(  317): Unknown permission com.google.android.googleapps.permission.GOOGLE_AUTH.ALL_SERVICES in package com.android.development
W/PackageManager(  317): Unknown permission com.google.android.googleapps.permission.GOOGLE_AUTH.YouTubeUser in package com.android.development
W/PackageManager(  317): Unknown permission com.google.android.gallery3d.permission.GALLERY_PROVIDER in package com.android.email
W/PackageManager(  317): Not granting permission android.permission.DEVICE_POWER to package com.android.deskclock (protectionLevel=2 flags=0x88be45)
D/AndroidRuntime(  790): Calling main entry com.android.commands.am.Am
D/dalvikvm(  790): Note: class Landroid/app/ActivityManagerNative; has 157 unimplemented (abstract) methods
I/ActivityManager(  317): Process com.android.systemui (pid 410) has died.
W/ActivityManager(  317): Scheduling restart of crashed service com.android.systemui/.SystemUIService in 0ms
W/ActivityManager(  317): Scheduling restart of crashed service com.android.systemui/.ImageWallpaper in 0ms
I/ActivityManager(  317): Start proc com.android.systemui for restart com.android.systemui: pid=817 uid=10034 gids={50034, 1028, 1015, 3002, 3001}
E/Trace   (  774): error opening trace file: No such file or directory (2)
E/Trace   (  817): error opening trace file: No such file or directory (2)
E/Trace   (  758): error opening trace file: No such file or directory (2)
E/JavaBinder(  817): *** Uncaught remote exception!  (Exceptions are not yet supported across processes.)
E/JavaBinder(  817): java.lang.RuntimeException: android.os.DeadObjectException
E/JavaBinder(  817): 	at android.os.Parcel.writeException(Parcel.java:1326)
E/JavaBinder(  817): 	at android.os.Binder.execTransact(Binder.java:354)
E/JavaBinder(  817): 	at dalvik.system.NativeStart.run(Native Method)
E/JavaBinder(  817): Caused by: android.os.DeadObjectException
E/JavaBinder(  817): 	at android.os.BinderProxy.transact(Native Method)
E/JavaBinder(  817): 	at android.content.IIntentReceiver$Stub$Proxy.performReceive(IIntentReceiver.java:124)
E/JavaBinder(  817): 	at android.app.ActivityThread$ApplicationThread.scheduleRegisteredReceiver(ActivityThread.java:809)
E/JavaBinder(  817): 	at android.app.ApplicationThreadNative.onTransact(ApplicationThreadNative.java:383)
E/JavaBinder(  817): 	at android.os.Binder.execTransact(Binder.java:351)
E/JavaBinder(  817): 	... 1 more
E/JavaBinder(  817): *** Uncaught remote exception!  (Exceptions are not yet supported across processes.)
E/JavaBinder(  817): java.lang.RuntimeException: android.os.DeadObjectException
E/JavaBinder(  817): 	at android.os.Parcel.writeException(Parcel.java:1326)
E/JavaBinder(  817): 	at android.os.Binder.execTransact(Binder.java:354)
E/JavaBinder(  817): 	at dalvik.system.NativeStart.run(Native Method)
E/JavaBinder(  817): Caused by: android.os.DeadObjectException
E/JavaBinder(  817): 	at android.os.BinderProxy.transact(Native Method)
E/JavaBinder(  817): 	at android.content.IIntentReceiver$Stub$Proxy.performReceive(IIntentReceiver.java:124)
E/JavaBinder(  817): 	at android.app.ActivityThread$ApplicationThread.scheduleRegisteredReceiver(ActivityThread.java:809)
E/JavaBinder(  817): 	at android.app.ApplicationThreadNative.onTransact(ApplicationThreadNative.java:383)
E/JavaBinder(  817): 	at android.os.Binder.execTransact(Binder.java:351)
E/JavaBinder(  817): 	... 1 more
D/SystemUIService(  817): loading: class com.android.systemui.statusbar.phone.PhoneStatusBar
D/SystemUIService(  817): running: com.android.systemui.statusbar.phone.PhoneStatusBar@40cdd008
D/Launcher.Model(  488): Reload apps on config change. curr_mcc:310 prevmcc:0
I/Choreographer(  488): Skipped 2567 frames!  The application may be doing too much work on its main thread.
I/StatusBarManagerService(  317): registerStatusBar bar=com.android.internal.statusbar.IStatusBar$Stub$Proxy@410440c0
E/SurfaceFlinger(   37): ro.sf.lcd_density must be defined as a build property
D/PolideaInstrumentationTestRunner(  758): Creating the Test Runner with arguments: [coverage, class]
D/PolideaInstrumentationTestRunner(  758): Test runner is running with the following parameters:
D/PolideaInstrumentationTestRunner(  758): junitOutputDirectory: /data/data/es.senselesssolutions.gpl.weightchart/files
D/PolideaInstrumentationTestRunner(  758): junitOutputFilePostfix: -TEST.xml
D/PolideaInstrumentationTestRunner(  758): junitNoPackagePrefix: NO_PACKAGE
D/PolideaInstrumentationTestRunner(  758): junitSplitLevel: package
D/PolideaInstrumentationTestRunner(  758): junitSingleFileName: ALL-TEST.xml
D/PolideaInstrumentationTestRunner(  758): Creating output directory if it does not exist
D/PolideaInstrumentationTestRunner(  758): Created directory? false
D/PolideaInstrumentationTestRunner(  758): Deleting old files
D/PolideaInstrumentationTestRunner(  758): Deleting: [/data/data/es.senselesssolutions.gpl.weightchart/files/it.unina.android.ripper-TEST.xml]
W/ServiceWatcher(  317): com.google.android.location not found
D/dalvikvm(  488): GC_FOR_ALLOC freed 1663K, 55% free 5203K/11356K, paused 103ms, total 141ms
I/dalvikvm-heap(  488): Grow heap (frag case) to 6.597MB for 1536016-byte allocation
D/dalvikvm(  488): GC_CONCURRENT freed 8K, 42% free 6695K/11356K, paused 6ms+36ms, total 110ms
D/dalvikvm(  488): WAIT_FOR_CONCURRENT_GC blocked 91ms
E/LocationManagerService(  317): no geocoder provider found
D/dalvikvm(  817): GC_CONCURRENT freed 128K, 7% free 2664K/2852K, paused 23ms+3ms, total 123ms
D/dalvikvm(  817): WAIT_FOR_CONCURRENT_GC blocked 72ms
I/dalvikvm-heap(  817): Grow heap (frag case) to 3.263MB for 635812-byte allocation
D/dalvikvm(  488): GC_FOR_ALLOC freed <1K, 42% free 6695K/11356K, paused 127ms, total 127ms
I/dalvikvm-heap(  488): Grow heap (frag case) to 8.054MB for 1536016-byte allocation
D/dalvikvm(  817): GC_FOR_ALLOC freed 5K, 6% free 3279K/3476K, paused 86ms, total 87ms
D/dalvikvm(  488): GC_CONCURRENT freed 0K, 37% free 8195K/12860K, paused 5ms+22ms, total 127ms
D/dalvikvm(  488): WAIT_FOR_CONCURRENT_GC blocked 109ms
D/dalvikvm(  758): GC_CONCURRENT freed 277K, 12% free 2559K/2900K, paused 11ms+18ms, total 82ms
I/System.out(  758): EMMA: collecting runtime coverage data ...
D/PolideaInstrumentationTestRunner(  758): Getting android test runner
D/PolideaInstrumentationTestRunner(  758): JUnit test output enabled
W/dalvikvm(  758): method Landroid/test/InstrumentationTestRunner$StringResultPrinter;.print incorrectly overrides package-private method with same name in Ljunit/textui/ResultPrinter;
D/PolideaInstrumentationTestRunner(  758): Starting test: testApplication(it.unina.android.ripper.RipperTestCase)
I/TestRunner(  758): started: testApplication(it.unina.android.ripper.RipperTestCase)
I/Choreographer(  317): Skipped 58 frames!  The application may be doing too much work on its main thread.
I/ActivityManager(  317): START u0 {act=android.intent.action.MAIN flg=0x10000000 cmp=es.senselesssolutions.gpl.weightchart/.ChartActivity} from pid 758
V/RipperService(  723): PING
V/AndroidRipperService(  723): onBind()
V/AndroidRipperService(  723): mHandler.handleMessage() RECIVED
V/AndroidRipperService(  723): broadcast()
V/AndroidRipperService(  723): broadcast() done
V/        (  723): ready
V/RipperService(  723): PING
D/PermissionCache(   37): checking android.permission.READ_FRAME_BUFFER for uid=1000 => granted (1016 us)
W/WindowManager(  317): Failure taking screenshot for (246x410) to layer 21000
V/AndroidRipperService(  723): mHandler.handleMessage() RECIVED
V/AndroidRipperService(  723): broadcast()
V/AndroidRipperService(  723): broadcast() done
V/        (  723): ready
V/AndroidRipperService(  723): onBind()
V/AndroidRipperService(  723): register()
E/SurfaceFlinger(   37): ro.sf.lcd_density must be defined as a build property
I/Choreographer(  317): Skipped 34 frames!  The application may be doing too much work on its main thread.
E/BluetoothAdapter(  817): Bluetooth binder is null
E/BluetoothAdapter(  817): Bluetooth binder is null
E/BluetoothAdapter(  817): Bluetooth binder is null
I/AccountTypeManager(  628): Loaded meta-data for 1 account types, 0 accounts in 1176ms(wall) 46ms(cpu)
V/RipperService(  723): PING
V/AndroidRipperService(  723): mHandler.handleMessage() RECIVED
V/AndroidRipperService(  723): broadcast()
I/AndroidRipper(  758): Recived message: PING
V/RipperTestCase(  758): Not ready to operate!
V/AndroidRipperService(  723): broadcast() done
V/        (  723): ready
D/dalvikvm(  758): GC_FOR_ALLOC freed 123K, 11% free 2610K/2928K, paused 115ms, total 120ms
I/dalvikvm-heap(  758): Grow heap (frag case) to 2.872MB for 281896-byte allocation
D/dalvikvm(  817): GC_CONCURRENT freed 65K, 4% free 3649K/3776K, paused 5ms+42ms, total 83ms
D/dalvikvm(  758): GC_FOR_ALLOC freed <1K, 10% free 2884K/3204K, paused 60ms, total 60ms
I/RecoverySystem(  317): No recovery log file
I/Choreographer(  317): Skipped 91 frames!  The application may be doing too much work on its main thread.
I/ActivityManager(  317): Start proc com.android.deskclock for broadcast com.android.deskclock/.AlarmInitReceiver: pid=838 uid=10006 gids={50006, 1028}
E/BluetoothAdapter(  817): Bluetooth binder is null
D/dalvikvm(  317): GC_CONCURRENT freed 852K, 25% free 5771K/7640K, paused 339ms+28ms, total 834ms
D/dalvikvm(  317): WAIT_FOR_CONCURRENT_GC blocked 116ms
D/dalvikvm(  317): WAIT_FOR_CONCURRENT_GC blocked 150ms
D/dalvikvm(  317): WAIT_FOR_CONCURRENT_GC blocked 139ms
E/Trace   (  838): error opening trace file: No such file or directory (2)
W/WallpaperService(  317): Wallpaper service gone: ComponentInfo{com.android.systemui/com.android.systemui.ImageWallpaper}
V/RipperService(  723): PING
V/AndroidRipperService(  723): mHandler.handleMessage() RECIVED
V/AndroidRipperService(  723): broadcast()
I/AndroidRipper(  758): Recived message: PING
V/RipperTestCase(  758): Not ready to operate!
V/AndroidRipperService(  723): broadcast() done
V/        (  723): ready
I/Choreographer(  758): Skipped 211 frames!  The application may be doing too much work on its main thread.
D/ConnectivityService(  317): ConnectivityChange for mobile: CONNECTED/CONNECTED
D/dalvikvm(  317): GC_CONCURRENT freed 696K, 23% free 5928K/7640K, paused 6ms+65ms, total 309ms
D/dalvikvm(  317): WAIT_FOR_CONCURRENT_GC blocked 12ms
D/dalvikvm(  317): WAIT_FOR_CONCURRENT_GC blocked 205ms
D/dalvikvm(  317): WAIT_FOR_CONCURRENT_GC blocked 140ms
D/dalvikvm(  317): WAIT_FOR_CONCURRENT_GC blocked 23ms
D/dalvikvm(  317): WAIT_FOR_CONCURRENT_GC blocked 25ms
D/dalvikvm(  317): WAIT_FOR_CONCURRENT_GC blocked 26ms
D/dalvikvm(  317): WAIT_FOR_CONCURRENT_GC blocked 27ms
D/dalvikvm(  317): WAIT_FOR_CONCURRENT_GC blocked 32ms
D/dalvikvm(  317): WAIT_FOR_CONCURRENT_GC blocked 234ms
D/dalvikvm(  317): WAIT_FOR_CONCURRENT_GC blocked 234ms
D/dalvikvm(  317): WAIT_FOR_CONCURRENT_GC blocked 243ms
D/dalvikvm(  317): WAIT_FOR_CONCURRENT_GC blocked 67ms
D/dalvikvm(  317): WAIT_FOR_CONCURRENT_GC blocked 283ms
V/AlarmClock(  838): No next alarm
V/AlarmClock(  838): AlarmInitReceiver - Reset timers and clear stopwatch data
V/AlarmClock(  838): No next alarm
V/AlarmClock(  838): AlarmInitReceiver finished
I/Choreographer(  317): Skipped 500 frames!  The application may be doing too much work on its main thread.
E/SurfaceFlinger(   37): ro.sf.lcd_density must be defined as a build property
V/TAG     (  317): bug 7643792: fitSystemWindows([0,38][0,0])
I/Choreographer(  317): Skipped 149 frames!  The application may be doing too much work on its main thread.
D/PhoneStatusBar(  817): disable: < expand icons alerts ticker system_info BACK* HOME* RECENT* CLOCK* SEARCH* >
I/Choreographer(  317): Skipped 63 frames!  The application may be doing too much work on its main thread.
E/SurfaceFlinger(   37): ro.sf.lcd_density must be defined as a build property
I/Choreographer(  758): Skipped 324 frames!  The application may be doing too much work on its main thread.
D/gralloc_goldfish(  758): Emulator without GPU emulation detected.
D/dalvikvm(  317): GC_FOR_ALLOC freed 558K, 23% free 5907K/7640K, paused 132ms, total 147ms
I/dalvikvm-heap(  317): Grow heap (frag case) to 6.905MB for 1128976-byte allocation
D/dalvikvm(  317): GC_FOR_ALLOC freed 200K, 23% free 6809K/8744K, paused 92ms, total 92ms
V/RipperService(  723): PING
V/AndroidRipperService(  723): mHandler.handleMessage() RECIVED
V/AndroidRipperService(  723): broadcast()
I/AndroidRipper(  758): Recived message: PING
V/RipperTestCase(  758): Not ready to operate!
V/AndroidRipperService(  723): broadcast() done
V/        (  723): ready
I/Choreographer(  317): Skipped 104 frames!  The application may be doing too much work on its main thread.
I/Choreographer(  488): Skipped 36 frames!  The application may be doing too much work on its main thread.
I/Choreographer(  317): Skipped 182 frames!  The application may be doing too much work on its main thread.
D/dalvikvm(  317): GC_CONCURRENT freed 31K, 23% free 6806K/8744K, paused 33ms+62ms, total 663ms
I/ActivityManager(  317): Displayed es.senselesssolutions.gpl.weightchart/.ChartActivity: +5s936ms
E/BluetoothAdapter(  817): Bluetooth binder is null
D/SystemUIService(  817): loading: class com.android.systemui.power.PowerUI
D/SystemUIService(  817): running: com.android.systemui.power.PowerUI@40e4d428
D/SystemUIService(  817): loading: class com.android.systemui.media.RingtonePlayer
D/SystemUIService(  817): running: com.android.systemui.media.RingtonePlayer@40e4e208
I/Choreographer(  817): Skipped 1827 frames!  The application may be doing too much work on its main thread.
I/Choreographer(  758): Skipped 37 frames!  The application may be doing too much work on its main thread.
I/Choreographer(  317): Skipped 248 frames!  The application may be doing too much work on its main thread.
E/SurfaceFlinger(   37): ro.sf.lcd_density must be defined as a build property
I/dalvikvm(  317): Jit: resizing JitTable from 4096 to 8192
V/RipperService(  723): PING
V/AndroidRipperService(  723): mHandler.handleMessage() RECIVED
V/AndroidRipperService(  723): broadcast()
I/AndroidRipper(  758): Recived message: PING
V/RipperTestCase(  758): Not ready to operate!
V/AndroidRipperService(  723): broadcast() done
D/Tethering(  317): MasterInitialState.processMessage what=3
V/        (  723): ready
D/dalvikvm(  817): GC_CONCURRENT freed 151K, 6% free 3894K/4104K, paused 26ms+4ms, total 123ms
I/Choreographer(  488): Skipped 60 frames!  The application may be doing too much work on its main thread.
E/SurfaceFlinger(   37): ro.sf.lcd_density must be defined as a build property
D/dalvikvm(  817): GC_FOR_ALLOC freed 37K, 5% free 3900K/4104K, paused 80ms, total 85ms
I/FusedLocation(  774): engine started (com.android.location.fused)
I/dalvikvm-heap(  817): Grow heap (frag case) to 9.977MB for 6410576-byte allocation
D/dalvikvm(  817): GC_FOR_ALLOC freed 1K, 3% free 10159K/10368K, paused 51ms, total 51ms
D/dalvikvm(  817): GC_CONCURRENT freed <1K, 3% free 10159K/10368K, paused 4ms+4ms, total 50ms
D/dalvikvm(  817): GC_FOR_ALLOC freed <1K, 3% free 10159K/10368K, paused 24ms, total 24ms
I/dalvikvm-heap(  817): Grow heap (frag case) to 12.673MB for 2828816-byte allocation
D/dalvikvm(  817): GC_CONCURRENT freed 0K, 2% free 12921K/13132K, paused 4ms+6ms, total 40ms
D/dalvikvm(  817): WAIT_FOR_CONCURRENT_GC blocked 36ms
D/gralloc_goldfish(  817): Emulator without GPU emulation detected.
I/Choreographer(  817): Skipped 530 frames!  The application may be doing too much work on its main thread.
I/AndroidRipper(  758): [RipperTestCase] Ready to operate after restarting...
I/ActivityManager(  317): Start proc com.android.email for broadcast com.android.email/.service.EmailBroadcastReceiver: pid=865 uid=10019 gids={50019, 3003, 1015, 1028}
I/Choreographer(  817): Skipped 65 frames!  The application may be doing too much work on its main thread.
E/Trace   (  865): error opening trace file: No such file or directory (2)
V/RipperService(  723): PING
V/AndroidRipperService(  723): mHandler.handleMessage() RECIVED
V/AndroidRipperService(  723): broadcast()
I/AndroidRipper(  758): Recived message: PING
V/AndroidRipperService(  723): send()
I/System.out(  723): {"type":"PONG","index":"10"}
V/AndroidRipperService(  723): broadcast() done
V/        (  723): ready
V/RipperService(  723): END
V/AndroidRipperService(  723): mHandler.handleMessage() RECIVED
V/AndroidRipperService(  723): broadcast()
I/AndroidRipper(  758): Recived message: END
V/AndroidRipperService(  723): broadcast() done
V/        (  723): ready
V/SERVER  (  723): ServerSocket on PORT 8888: offline
V/AndroidRipperService(  723): mHandler.handleMessage() DISCONNECTED
V/SERVER  (  723): Ready to accept connections on port: 8888
D/dalvikvm(  317): GREF has increased to 501
I/ActivityManager(  317): Start proc com.android.exchange for service com.android.exchange/.ExchangeService: pid=885 uid=10032 gids={50032, 3003, 1015, 1028}
I/ActivityManager(  317): Start proc com.android.providers.calendar for broadcast com.android.providers.calendar/.CalendarReceiver: pid=891 uid=10023 gids={50023, 3003, 1015, 1028}
V/AndroidRipperService(  723): unregister()
W/WindowManager(  317): Failure taking screenshot for (246x410) to layer 21010
E/Trace   (  885): error opening trace file: No such file or directory (2)
I/Choreographer(  488): Skipped 97 frames!  The application may be doing too much work on its main thread.
E/Trace   (  891): error opening trace file: No such file or directory (2)
E/SurfaceFlinger(   37): ro.sf.lcd_density must be defined as a build property
V/AndroidRipperService(  723): unregister()
W/ActivityManager(  317): Duplicate finish request for ActivityRecord{411ccfe0 u0 es.senselesssolutions.gpl.weightchart/.ChartActivity}
D/dalvikvm(  758): JIT unchain all for threadid=13
D/dalvikvm(  758): JIT unchain all for threadid=13
D/dalvikvm(  758): GC_EXPLICIT freed 62K, 4% free 3149K/3272K, paused 318ms+314ms, total 756ms
D/dalvikvm(  488): GC_FOR_ALLOC freed 3479K, 57% free 5594K/12856K, paused 88ms, total 101ms
I/dalvikvm-heap(  488): Grow heap (frag case) to 6.910MB for 1463056-byte allocation
D/dalvikvm(  758): JIT unchain all for threadid=13
D/dalvikvm(  488): GC_FOR_ALLOC freed 13K, 46% free 7009K/12856K, paused 126ms, total 126ms
I/ActivityManager(  317): Start proc com.android.mms for broadcast com.android.mms/.transaction.MmsSystemEventReceiver: pid=919 uid=10029 gids={50029, 3003, 1015, 1028}
D/dalvikvm(  488): GC_CONCURRENT freed 1K, 34% free 8507K/12856K, paused 35ms+5ms, total 174ms
D/dalvikvm(  758): JIT unchain all for threadid=13
D/dalvikvm(  758): GC_EXPLICIT freed 10K, 5% free 3139K/3272K, paused 286ms+270ms, total 600ms
D/PolideaInstrumentationTestRunner(  758): Finished test: testApplication(it.unina.android.ripper.RipperTestCase)
I/TestRunner(  758): finished: testApplication(it.unina.android.ripper.RipperTestCase)
I/TestRunner(  758): passed: testApplication(it.unina.android.ripper.RipperTestCase)
E/WindowManager(  758): Activity es.senselesssolutions.gpl.weightchart.ChartActivity has leaked window com.android.internal.policy.impl.PhoneWindow$DecorView{40cd8900 V.E..... R.....I. 0,0-320,282} that was originally added here
E/WindowManager(  758): android.view.WindowLeaked: Activity es.senselesssolutions.gpl.weightchart.ChartActivity has leaked window com.android.internal.policy.impl.PhoneWindow$DecorView{40cd8900 V.E..... R.....I. 0,0-320,282} that was originally added here
E/WindowManager(  758): 	at android.view.ViewRootImpl.<init>(ViewRootImpl.java:354)
E/WindowManager(  758): 	at android.view.WindowManagerGlobal.addView(WindowManagerGlobal.java:216)
E/WindowManager(  758): 	at android.view.WindowManagerImpl.addView(WindowManagerImpl.java:69)
E/WindowManager(  758): 	at android.app.Dialog.show(Dialog.java:281)
E/WindowManager(  758): 	at android.app.Activity.showDialog(Activity.java:3071)
E/WindowManager(  758): 	at android.app.Activity.showDialog(Activity.java:3021)
E/WindowManager(  758): 	at es.senselesssolutions.gpl.weightchart.ChartActivity.onCreate(ChartActivity.java:88)
E/WindowManager(  758): 	at android.app.Activity.performCreate(Activity.java:5104)
E/WindowManager(  758): 	at android.app.Instrumentation.callActivityOnCreate(Instrumentation.java:1080)
E/WindowManager(  758): 	at android.app.ActivityThread.performLaunchActivity(ActivityThread.java:2144)
E/WindowManager(  758): 	at android.app.ActivityThread.handleLaunchActivity(ActivityThread.java:2230)
E/WindowManager(  758): 	at android.app.ActivityThread.access$600(ActivityThread.java:141)
E/WindowManager(  758): 	at android.app.ActivityThread$H.handleMessage(ActivityThread.java:1234)
E/WindowManager(  758): 	at android.os.Handler.dispatchMessage(Handler.java:99)
E/WindowManager(  758): 	at android.os.Looper.loop(Looper.java:137)
E/WindowManager(  758): 	at android.app.ActivityThread.main(ActivityThread.java:5041)
E/WindowManager(  758): 	at java.lang.reflect.Method.invokeNative(Native Method)
E/WindowManager(  758): 	at java.lang.reflect.Method.invoke(Method.java:511)
E/WindowManager(  758): 	at com.android.internal.os.ZygoteInit$MethodAndArgsCaller.run(ZygoteInit.java:793)
E/WindowManager(  758): 	at com.android.internal.os.ZygoteInit.main(ZygoteInit.java:560)
E/WindowManager(  758): 	at dalvik.system.NativeStart.main(Native Method)
I/System.out(  758): EMMA: runtime coverage data written to [/data/data/es.senselesssolutions.gpl.weightchart/files/coverage.ec] {in 115 ms}
D/PolideaInstrumentationTestRunner(  758): Post processing
D/PolideaInstrumentationTestRunner(  758): Packages: 1
D/PolideaInstrumentationTestRunner(  758): Processing package package it.unina.android.ripper
D/PolideaInstrumentationTestRunner(  758): Writing to file /data/data/es.senselesssolutions.gpl.weightchart/files/it.unina.android.ripper-TEST.xml
D/PolideaInstrumentationTestRunner(  758): closing file
D/AndroidRuntime(  746): Shutting down VM
D/dalvikvm(  746): GC_CONCURRENT freed 95K, 18% free 462K/560K, paused 1ms+3ms, total 9ms
E/Trace   (  919): error opening trace file: No such file or directory (2)
I/ActivityManager(  317): Force stopping package es.senselesssolutions.gpl.weightchart appid=10048 user=0
I/ActivityManager(  317): Killing proc 758:es.senselesssolutions.gpl.weightchart/u0a10048: force stop es.senselesssolutions.gpl.weightchart
D/CountryDetector(  317): The first listener is added
V/MmsConfig(  919): mnc/mcc: 310260
V/MmsConfig(  919): tag: bool value: enabledMMS - true
V/MmsConfig(  919): tag: int value: maxMessageSize - 307200
V/MmsConfig(  919): tag: int value: maxImageHeight - 480
V/MmsConfig(  919): tag: int value: maxImageWidth - 640
V/MmsConfig(  919): tag: int value: defaultSMSMessagesPerThread - 500
V/MmsConfig(  919): tag: int value: defaultMMSMessagesPerThread - 50
V/MmsConfig(  919): tag: int value: minMessageCountPerThread - 10
V/MmsConfig(  919): tag: int value: maxMessageCountPerThread - 5000
V/MmsConfig(  919): tag: string value: uaProfUrl - http://www.google.com/oha/rdf/ua-profile-kila.xml
V/MmsConfig(  919): tag: int value: recipientLimit - -1
V/MmsConfig(  919): tag: bool value: enableMultipartSMS - true
I/Launcher.Model(  488): not binding apps: no Launcher activity
V/MmsConfig(  919): tag: int value: smsToMmsTextThreshold - -1
V/MmsConfig(  919): tag: bool value: enableSlideDuration - true
V/MmsConfig(  919): tag: int value: maxMessageTextSize - -1
D/dalvikvm(  488): GC_FOR_ALLOC freed 2523K, 41% free 7673K/12856K, paused 31ms, total 54ms
I/Choreographer(  488): Skipped 39 frames!  The application may be doing too much work on its main thread.
I/Choreographer(  488): Skipped 48 frames!  The application may be doing too much work on its main thread.
D/dalvikvm(  488): GC_FOR_ALLOC freed 283K, 36% free 8303K/12856K, paused 78ms, total 100ms
I/ActivityManager(  317): Start proc com.android.settings for broadcast com.android.settings/.widget.SettingsAppWidgetProvider: pid=949 uid=1000 gids={41000, 1015, 1028, 3002, 3001, 3003}
D/dalvikvm(  284): GC_CONCURRENT freed 220K, 9% free 3133K/3408K, paused 4ms+3ms, total 189ms
D/dalvikvm(  284): GC_CONCURRENT freed 206K, 8% free 3325K/3588K, paused 6ms+6ms, total 169ms
W/PackageManager(  284): Package com.android.camera desires unavailable shared library com.google.android.media.effects; ignoring!
D/PackageManager(  284): No files in app dir /vendor/app
D/dalvikvm(  284): GC_CONCURRENT freed 216K, 7% free 3580K/3836K, paused 4ms+11ms, total 225ms
W/PackageParser(  284): No actions in intent filter at /data/app/ApiDemos.apk Binary XML file line #2737
W/PackageParser(  284): No actions in intent filter at /data/app/ApiDemos.apk Binary XML file line #2743
W/PackageManager(  284): Package com.example.android.apis desires unavailable shared library com.example.will.never.exist; ignoring!
I/PackageManager(  284): Time to scan packages: 5.011 seconds
W/PackageManager(  284): Unknown permission com.google.android.googleapps.permission.GOOGLE_AUTH.mail in package com.android.contacts
W/PackageManager(  284): Unknown permission android.permission.ADD_SYSTEM_SERVICE in package com.android.phone
W/PackageManager(  284): Unknown permission com.android.smspush.WAPPUSH_MANAGER_BIND in package com.android.phone
W/PackageManager(  284): Unknown permission com.google.android.googleapps.permission.GOOGLE_AUTH in package com.android.providers.calendar
W/PackageManager(  284): Unknown permission com.google.android.googleapps.permission.GOOGLE_AUTH.cl in package com.android.providers.calendar
W/PackageManager(  284): Unknown permission com.google.android.googleapps.permission.GOOGLE_AUTH.mail in package com.android.calendar
W/PackageManager(  284): Not granting permission android.permission.SEND_DOWNLOAD_COMPLETED_INTENTS to package com.android.browser (protectionLevel=2 flags=0x9be45)
W/PackageManager(  284): Not granting permission android.permission.BIND_APPWIDGET to package com.android.widgetpreview (protectionLevel=18 flags=0x8be44)
W/PackageManager(  284): Unknown permission com.google.android.googleapps.permission.GOOGLE_AUTH in package com.android.settings
W/PackageManager(  284): Unknown permission com.google.android.gallery3d.permission.GALLERY_PROVIDER in package com.android.exchange
W/PackageManager(  284): Unknown permission com.google.android.googleapps.permission.ACCESS_GOOGLE_PASSWORD in package com.android.development
W/PackageManager(  284): Unknown permission com.google.android.googleapps.permission.GOOGLE_AUTH in package com.android.development
W/PackageManager(  284): Unknown permission com.google.android.googleapps.permission.GOOGLE_AUTH.ALL_SERVICES in package com.android.development
W/PackageManager(  284): Unknown permission com.google.android.googleapps.permission.GOOGLE_AUTH.YouTubeUser in package com.android.development
W/PackageManager(  284): Unknown permission com.google.android.gallery3d.permission.GALLERY_PROVIDER in package com.android.email
W/PackageManager(  284): Not granting permission android.permission.DEVICE_POWER to package com.android.deskclock (protectionLevel=2 flags=0x8be45)
D/dalvikvm(  284): GC_CONCURRENT freed 331K, 10% free 3744K/4132K, paused 5ms+5ms, total 262ms
D/dalvikvm(  284): GC_EXPLICIT freed 187K, 13% free 3623K/4152K, paused 13ms+4ms, total 182ms
I/SystemServer(  284): User Service
I/SystemServer(  284): Account Manager
I/SystemServer(  284): Content Manager
I/SystemServer(  284): System Content Providers
I/SystemServer(  284): Lights Service
I/SystemServer(  284): Battery Service
I/SystemServer(  284): Vibrator Service
I/libsuspend(  284): Selected early suspend
I/libsuspend(  284): Starting early suspend unblocker thread
D/PermissionCache(   37): checking android.permission.ACCESS_SURFACE_FLINGER for uid=1000 => granted (2278 us)
D/SurfaceFlinger(   37): Screen acquired, type=0 flinger=0x2a007318
D/SurfaceFlinger(   37):  screen was previously acquired
I/SystemServer(  284): Alarm Manager
D/AlarmManagerService(  284): Kernel timezone updated to 0 minutes west of GMT
I/SystemServer(  284): Init Watchdog
I/SystemServer(  284): Input Manager
I/InputManager(  284): Initializing input manager, mUseDevInputEventForAudioJack=false
I/SystemServer(  284): Window Manager
E/SoundPool(  284): error loading /system/media/audio/ui/Lock.ogg
W/KeyguardViewMediator(  284): failed to load lock sound from /system/media/audio/ui/Lock.ogg
E/SoundPool(  284): error loading /system/media/audio/ui/Unlock.ogg
W/KeyguardViewMediator(  284): failed to load unlock sound from /system/media/audio/ui/Unlock.ogg
I/InputManager(  284): Starting input manager
I/SystemServer(  284): No Bluetooh Service (emulator)
I/SystemServer(  284): Input Method Service
W/InputMethodManagerService(  284): Couldn't create dir.: /data/system/inputmethod
D/dalvikvm(  284): GC_CONCURRENT freed 291K, 9% free 3835K/4196K, paused 5ms+79ms, total 463ms
D/dalvikvm(  284): WAIT_FOR_CONCURRENT_GC blocked 18ms
I/EventHub(  284): New device: id=1, fd=88, path='/dev/input/event0', name='qwerty2', classes=0x2d, configuration='/system/usr/idc/qwerty2.idc', keyLayout='/system/usr/keylayout/qwerty.kl', keyCharacterMap='/system/usr/keychars/qwerty2.kcm', builtinKeyboard=true, usingSuspendBlockIoctl=false, usingClockIoctl=false
E/EventHub(  284): could not get driver version for /dev/input/mouse0, Not a typewriter
E/EventHub(  284): could not get driver version for /dev/input/mice, Not a typewriter
I/InputReader(  284): Device added: id=-1, name='Virtual', sources=0x00000301
I/InputReader(  284):   Touch device 'qwerty2' could not query the properties of its associated display.  The device will be inoperable until the display size becomes available.
I/InputReader(  284): Device added: id=0, name='qwerty2', sources=0x00011307
E/Trace   (  284): error opening trace file: No such file or directory (2)
I/SystemServer(  284): Accessibility Manager
I/ActivityManager(  284): Config changes=15f8 {1.0 ?mcc?mnc en_US ldltr sw320dp w320dp h508dp 240dpi nrml long port ?uimode ?night finger -keyb/v/h tball/v s.2}
I/InputReader(  284): Reconfiguring input devices.  changes=0x00000004
I/InputReader(  284): Device reconfigured: id=0, name='qwerty2', size 480x800, orientation 0, mode 1, display id 0
I/InputReader(  284): Reconfiguring input devices.  changes=0x00000004
I/InputReader(  284): Device reconfigured: id=0, name='qwerty2', size 480x800, orientation 0, mode 1, display id 0
I/SystemServer(  284): Mount Service
D/MountService(  284): got storage path: /mnt/sdcard description: USB storage primary: true removable: false emulated: false mtpReserve: 0 allowMassStorage: false maxFileSize: 0
D/MountService(  284): addVolumeLocked() StorageVolume [mStorageId=0 mPath=/mnt/sdcard mDescriptionId=17040615 mPrimary=true mRemovable=false mEmulated=false mMtpReserveSpace=0 mAllowMassStorage=false mMaxFileSize=0 mOwner=null]
I/SystemServer(  284): LockSettingsService
I/SystemServer(  284): Device Policy
I/SystemServer(  284): Status Bar
I/SystemServer(  284): Clipboard Service
I/SystemServer(  284): NetworkManagement Service
I/SystemServer(  284): Text Service Manager Service
D/dalvikvm(  284): GREF has increased to 201
D/MountService(  284): volume state changed for /mnt/sdcard (null -> unmounted)
I/PackageManager(  284): Updating external media status from unmounted to unmounted
W/MountService(  284): getSecureContainerList() called when storage not mounted
I/PackageManager(  284): No secure containers on sdcard
W/PackageManager(  284): Unknown permission com.google.android.googleapps.permission.GOOGLE_AUTH.mail in package com.android.contacts
W/PackageManager(  284): Unknown permission android.permission.ADD_SYSTEM_SERVICE in package com.android.phone
W/PackageManager(  284): Unknown permission com.android.smspush.WAPPUSH_MANAGER_BIND in package com.android.phone
W/PackageManager(  284): Unknown permission com.google.android.googleapps.permission.GOOGLE_AUTH in package com.android.providers.calendar
W/PackageManager(  284): Unknown permission com.google.android.googleapps.permission.GOOGLE_AUTH.cl in package com.android.providers.calendar
W/PackageManager(  284): Unknown permission com.google.android.googleapps.permission.GOOGLE_AUTH.mail in package com.android.calendar
W/PackageManager(  284): Not granting permission android.permission.SEND_DOWNLOAD_COMPLETED_INTENTS to package com.android.browser (protectionLevel=2 flags=0x89be45)
I/SystemServer(  284): NetworkStats Service
I/SystemServer(  284): NetworkPolicy Service
I/SystemServer(  284): Wi-Fi P2pService
W/PackageManager(  284): Not granting permission android.permission.BIND_APPWIDGET to package com.android.widgetpreview (protectionLevel=18 flags=0x8be44)
W/PackageManager(  284): Unknown permission com.google.android.googleapps.permission.GOOGLE_AUTH in package com.android.settings
W/PackageManager(  284): Unknown permission com.google.android.gallery3d.permission.GALLERY_PROVIDER in package com.android.exchange
W/PackageManager(  284): Unknown permission com.google.android.googleapps.permission.ACCESS_GOOGLE_PASSWORD in package com.android.development
W/PackageManager(  284): Unknown permission com.google.android.googleapps.permission.GOOGLE_AUTH in package com.android.development
W/PackageManager(  284): Unknown permission com.google.android.googleapps.permission.GOOGLE_AUTH.ALL_SERVICES in package com.android.development
W/PackageManager(  284): Unknown permission com.google.android.googleapps.permission.GOOGLE_AUTH.YouTubeUser in package com.android.development
W/PackageManager(  284): Unknown permission com.google.android.gallery3d.permission.GALLERY_PROVIDER in package com.android.email
W/PackageManager(  284): Not granting permission android.permission.DEVICE_POWER to package com.android.deskclock (protectionLevel=2 flags=0x88be45)
D/dalvikvm(  284): GC_CONCURRENT freed 328K, 10% free 3952K/4344K, paused 4ms+3ms, total 75ms
I/SystemServer(  284): Wi-Fi Service
E/CommandListener(   34): Failed to open /proc/sys/net/ipv6/conf/wlan0/disable_ipv6: No such file or directory
E/WifiStateMachine(  284): Failed to disable IPv6: java.lang.IllegalStateException: command '1 interface ipv6 wlan0 disable' failed with '400 1 Failed to change IPv6 state (No such file or directory)'
I/SystemServer(  284): Connectivity Service
D/ConnectivityService(  284): ConnectivityService starting up
E/MobileDataStateTracker(  284): default: Ignoring feature request because could not acquire PhoneService
E/MobileDataStateTracker(  284): default: Could not enable APN type "default"
I/WifiService(  284): WifiService starting up with Wi-Fi disabled
I/SystemServer(  284): Network Service Discovery Service
D/NsdService(  284): Network service discovery enabled true
I/SystemServer(  284): Throttle Service
I/SystemServer(  284): UpdateLock Service
I/SystemServer(  284): Notification Manager
I/SystemServer(  284): Device Storage Monitor
I/SystemServer(  284): Location Manager
I/SystemServer(  284): Country Detector
I/SystemServer(  284): Search Service
I/SystemServer(  284): DropBox Service
I/SystemServer(  284): Wallpaper Service
I/SystemServer(  284): Audio Service
D/dalvikvm(  284): GC_CONCURRENT freed 230K, 7% free 4144K/4440K, paused 6ms+76ms, total 184ms
W/ProcessStats(  284): Skipping unknown process pid 367
I/SystemServer(  284): Dock Observer
W/DockObserver(  284): This kernel does not have dock station support
I/SystemServer(  284): Wired Accessory Manager
W/WiredAccessoryManager(  284): This kernel does not have wired headset support
W/WiredAccessoryManager(  284): This kernel does not have usb audio support
W/WiredAccessoryManager(  284): This kernel does not have HDMI audio support
I/SystemServer(  284): USB Service
I/SystemServer(  284): Serial Service
I/SystemServer(  284): Twilight Service
I/SystemServer(  284): UI Mode Manager Service
I/SystemServer(  284): Backup Service
V/BackupManagerService(  284): No ancestral data
I/BackupManagerService(  284): Found stale backup journal, scheduling
I/BackupManagerService(  284):   android
I/BackupManagerService(  284):   com.android.browser
I/BackupManagerService(  284):   com.android.calendar
I/BackupManagerService(  284):   com.android.inputmethod.latin
I/BackupManagerService(  284):   com.android.providers.settings
I/BackupManagerService(  284):   com.android.providers.userdictionary
I/BackupManagerService(  284):   com.android.sharedstoragebackup
I/BackupManagerService(  284): Backup enabled => true
I/SystemServer(  284): AppWidget Service
I/SystemServer(  284): Recognition Service
I/SystemServer(  284): DiskStats Service
I/SystemServer(  284): SamplingProfiler Service
I/SystemServer(  284): NetworkTimeUpdateService
I/SystemServer(  284): CommonTimeManagementService
I/SystemServer(  284): CertBlacklister
I/SystemServer(  284): Dreams Service
I/WindowManager(  284): SAFE MODE not enabled
D/dalvikvm(  284): JIT started for system_server
D/dalvikvm(  284): GC_CONCURRENT freed 293K, 8% free 4255K/4608K, paused 8ms+152ms, total 349ms
I/ActivityManager(  284): System now ready
I/SystemServer(  284): Making services ready
I/Zygote  (  284): Process: zygote socket opened
I/ActivityManager(  284): Start proc com.android.systemui for service com.android.systemui/.SystemUIService: pid=379 uid=10034 gids={50034, 1028, 1015, 3002, 3001}
I/Vold    (   32): /dev/block/vold/179:0 being considered for volume sdcard
D/Vold    (   32): Volume sdcard state changing 1 (Idle-Unmounted) -> 3 (Checking)
D/MountService(  284): volume state changed for /mnt/sdcard (unmounted -> checking)
D/MountService(  284): sendStorageIntent Intent { act=android.intent.action.MEDIA_CHECKING dat=file:///mnt/sdcard (has extras) } to UserHandle{-1}
I//system/bin/fsck_msdos(   32): ** /dev/block/vold/179:0
D/NetworkManagementService(  284): not enabling bandwidth control
I/keystore(   42): uid: 1000 action: e -> 7 state: 3 -> 3 retry: 4
W/NetworkStats(  284): bandwidth controls disabled, unable to track stats
W/NetworkPolicy(  284): bandwidth controls disabled, unable to enforce policy
I/keystore(   42): uid: 1000 action: e -> 7 state: 3 -> 3 retry: 4
I/ActivityManager(  284): Config changes=200 {1.0 ?mcc?mnc en_US ldltr sw320dp w320dp h508dp 240dpi nrml long port finger -keyb/v/h tball/v s.3}
I//system/bin/fsck_msdos(   32): ** Phase 1 - Read and Compare FATs
W/RecognitionManagerService(  284): no available voice recognition services found for user 0
D/AndroidRuntime(  409): 
D/AndroidRuntime(  409): >>>>>> AndroidRuntime START com.android.internal.os.RuntimeInit <<<<<<
D/AndroidRuntime(  409): CheckJNI is ON
D/dalvikvm(  409): Trying to load lib libjavacore.so 0x0
D/dalvikvm(  409): Added shared lib libjavacore.so 0x0
D/dalvikvm(  409): Trying to load lib libnativehelper.so 0x0
D/dalvikvm(  409): Added shared lib libnativehelper.so 0x0
I//system/bin/fsck_msdos(   32): Attempting to allocate 2044 KB for FAT
D/AndroidRuntime(  409): Calling main entry com.android.commands.am.Am
D/dalvikvm(  409): Note: class Landroid/app/ActivityManagerNative; has 157 unimplemented (abstract) methods
D/dalvikvm(  428): Not late-enabling CheckJNI (already on)
I/ActivityManager(  284): Start proc net.mandaria.tippytipper for broadcast net.mandaria.tippytipper/.EmmaInstrument.SMSInstrumentedReceiver: pid=428 uid=10048 gids={50048, 1015, 3003, 1028}
E/Trace   (  379): error opening trace file: No such file or directory (2)
I/dalvikvm(  428): Turning on JNI app bug workarounds for target SDK version 4...
D/dalvikvm(  284): GC_CONCURRENT freed 112K, 4% free 4658K/4832K, paused 5ms+31ms, total 476ms
D/dalvikvm(  284): WAIT_FOR_CONCURRENT_GC blocked 81ms
E/Trace   (  428): error opening trace file: No such file or directory (2)
D/dalvikvm(  284): WAIT_FOR_CONCURRENT_GC blocked 452ms
D/dalvikvm(  284): WAIT_FOR_CONCURRENT_GC blocked 121ms
W/InputMethodManagerService(  284): Ignoring setImeWindowStatus of uid 1000 token: null
D/SystemUIService(  379): loading: class com.android.systemui.statusbar.phone.PhoneStatusBar
D/SystemUIService(  379): running: com.android.systemui.statusbar.phone.PhoneStatusBar@40cd2b60
W/InputMethodManagerService(  284): Found no subtypes in a system IME: com.android.inputmethod.pinyin
I/ActivityManager(  284): Start proc com.android.inputmethod.latin for service com.android.inputmethod.latin/.LatinIME: pid=447 uid=10010 gids={50010, 1028}
D/dalvikvm(  428): GC_CONCURRENT freed 213K, 10% free 2632K/2904K, paused 14ms+20ms, total 609ms
D/dalvikvm(  284): GC_CONCURRENT freed 340K, 8% free 4815K/5220K, paused 139ms+71ms, total 623ms
I/CommonTimeManagementService(  284): No common time service detected on this platform.  Common time services will be unavailable.
I/ActivityManager(  284): Start proc com.android.phone for added application com.android.phone: pid=468 uid=1001 gids={41001, 3002, 3001, 3003, 1015, 1028}
W/SocketClient(   34): write error (Broken pipe)
I/LocationBlacklist(  284): whitelist: []
I/LocationBlacklist(  284): blacklist: []
I/ActivityManager(  284): START u0 {act=android.intent.action.MAIN cat=[android.intent.category.HOME] flg=0x10000000 cmp=com.android.launcher/com.android.launcher2.Launcher} from pid 0
E/ThrottleService(  284): problem during onPollAlarm: java.lang.IllegalStateException: problem parsing stats: java.io.FileNotFoundException: /proc/net/xt_qtaguid/iface_stat_all: open failed: ENOENT (No such file or directory)
I/StatusBarManagerService(  284): registerStatusBar bar=com.android.internal.statusbar.IStatusBar$Stub$Proxy@40da9080
I/ActivityManager(  284): Start proc com.android.launcher for activity com.android.launcher/com.android.launcher2.Launcher: pid=487 uid=10020 gids={50020, 1028}
I/SystemServer(  284): Enabled StrictMode for system server main thread.
I/InputReader(  284): Reconfiguring input devices.  changes=0x00000020
I/InputReader(  284): Reconfiguring input devices.  changes=0x00000010
E/Trace   (  447): error opening trace file: No such file or directory (2)
I/System.out(  428): EMMA: collecting runtime coverage data ...
D/EmmaInstrumentation:(  428): Intermidate Dump Called with file name :/mnt/sdcard/coverage.ec
D/EmmaInstrumentation:(  428): generateCoverageReport()
W/System.err(  428): java.io.FileNotFoundException: /mnt/sdcard/coverage.ec: open failed: EACCES (Permission denied)
W/System.err(  428): 	at libcore.io.IoBridge.open(IoBridge.java:416)
W/System.err(  428): 	at java.io.RandomAccessFile.<init>(RandomAccessFile.java:118)
W/System.err(  428): 	at com.vladium.emma.data.DataFactory.persist(DataFactory.java:656)
W/System.err(  428): 	at com.vladium.emma.data.DataFactory.persist(DataFactory.java:86)
W/System.err(  428): 	at com.vladium.emma.rt.RTCoverageDataPersister.dumpCoverageData(RTCoverageDataPersister.java:54)
W/System.err(  428): 	at com.vladium.emma.rt.RT.dumpCoverageData(RT.java:156)
W/System.err(  428): 	at java.lang.reflect.Method.invokeNative(Native Method)
W/System.err(  428): 	at java.lang.reflect.Method.invoke(Method.java:511)
W/System.err(  428): 	at net.mandaria.tippytipper.EmmaInstrument.EmmaInstrumentation.generateCoverageReport(EmmaInstrumentation.java:84)
W/System.err(  428): 	at net.mandaria.tippytipper.EmmaInstrument.EmmaInstrumentation.dumpIntermediateCoverage(EmmaInstrumentation.java:149)
W/System.err(  428): 	at net.mandaria.tippytipper.EmmaInstrument.SMSInstrumentedReceiver.onReceive(SMSInstrumentedReceiver.java:20)
