W/BroadcastQueue(  293): Failure sending broadcast Intent { act=android.intent.action.ALARM_CHANGED flg=0x10 (has extras) }
W/BroadcastQueue(  293): android.os.TransactionTooLargeException
W/BroadcastQueue(  293): 	at android.os.BinderProxy.transact(Native Method)
W/BroadcastQueue(  293): 	at android.app.ApplicationThreadProxy.scheduleRegisteredReceiver(ApplicationThreadNative.java:1009)
W/BroadcastQueue(  293): 	at com.android.server.am.BroadcastQueue.performReceiveLocked(BroadcastQueue.java:373)
W/BroadcastQueue(  293): 	at com.android.server.am.BroadcastQueue.deliverToRegisteredReceiverLocked(BroadcastQueue.java:439)
W/BroadcastQueue(  293): 	at com.android.server.am.BroadcastQueue.processNextBroadcast(BroadcastQueue.java:487)
W/BroadcastQueue(  293): 	at com.android.server.am.BroadcastQueue$1.handleMessage(BroadcastQueue.java:140)
W/BroadcastQueue(  293): 	at android.os.Handler.dispatchMessage(Handler.java:99)
W/BroadcastQueue(  293): 	at android.os.Looper.loop(Looper.java:137)
W/BroadcastQueue(  293): 	at com.android.server.am.ActivityManagerService$AThread.run(ActivityManagerService.java:1480)
V/AlarmClock(  685): No next alarm
V/AlarmClock(  685): AlarmInitReceiver - Reset timers and clear stopwatch data
E/JavaBinder(  293): !!! FAILED BINDER TRANSACTION !!!
W/BroadcastQueue(  293): Failure sending broadcast Intent { act=android.intent.action.ALARM_CHANGED flg=0x10 (has extras) }
W/BroadcastQueue(  293): android.os.TransactionTooLargeException
W/BroadcastQueue(  293): 	at android.os.BinderProxy.transact(Native Method)
W/BroadcastQueue(  293): 	at android.app.ApplicationThreadProxy.scheduleRegisteredReceiver(ApplicationThreadNative.java:1009)
W/BroadcastQueue(  293): 	at com.android.server.am.BroadcastQueue.performReceiveLocked(BroadcastQueue.java:373)
W/BroadcastQueue(  293): 	at com.android.server.am.BroadcastQueue.deliverToRegisteredReceiverLocked(BroadcastQueue.java:439)
W/BroadcastQueue(  293): 	at com.android.server.am.BroadcastQueue.processNextBroadcast(BroadcastQueue.java:487)
W/BroadcastQueue(  293): 	at com.android.server.am.BroadcastQueue$1.handleMessage(BroadcastQueue.java:140)
W/BroadcastQueue(  293): 	at android.os.Handler.dispatchMessage(Handler.java:99)
W/BroadcastQueue(  293): 	at android.os.Looper.loop(Looper.java:137)
W/BroadcastQueue(  293): 	at com.android.server.am.ActivityManagerService$AThread.run(ActivityManagerService.java:1480)
E/JavaBinder(  293): !!! FAILED BINDER TRANSACTION !!!
W/BroadcastQueue(  293): Failure sending broadcast Intent { act=android.intent.action.ALARM_CHANGED flg=0x10 (has extras) }
W/BroadcastQueue(  293): android.os.TransactionTooLargeException
W/BroadcastQueue(  293): 	at android.os.BinderProxy.transact(Native Method)
W/BroadcastQueue(  293): 	at android.app.ApplicationThreadProxy.scheduleRegisteredReceiver(ApplicationThreadNative.java:1009)
W/BroadcastQueue(  293): 	at com.android.server.am.BroadcastQueue.performReceiveLocked(BroadcastQueue.java:373)
W/BroadcastQueue(  293): 	at com.android.server.am.BroadcastQueue.deliverToRegisteredReceiverLocked(BroadcastQueue.java:439)
W/BroadcastQueue(  293): 	at com.android.server.am.BroadcastQueue.processNextBroadcast(BroadcastQueue.java:487)
W/BroadcastQueue(  293): 	at com.android.server.am.BroadcastQueue$1.handleMessage(BroadcastQueue.java:140)
W/BroadcastQueue(  293): 	at android.os.Handler.dispatchMessage(Handler.java:99)
W/BroadcastQueue(  293): 	at android.os.Looper.loop(Looper.java:137)
W/BroadcastQueue(  293): 	at com.android.server.am.ActivityManagerService$AThread.run(ActivityManagerService.java:1480)
V/AlarmClock(  685): No next alarm
V/AlarmClock(  685): AlarmInitReceiver finished
W/WindowManager(  293): Window freeze timeout expired.
W/WindowManager(  293): Force clearing orientation change: Window{40ec1cf0 u0 StatusBar}
E/JavaBinder(  293): !!! FAILED BINDER TRANSACTION !!!
W/BroadcastQueue(  293): Failure sending broadcast Intent { act=android.intent.action.SIM_STATE_CHANGED flg=0x20000010 (has extras) }
W/BroadcastQueue(  293): android.os.TransactionTooLargeException
W/BroadcastQueue(  293): 	at android.os.BinderProxy.transact(Native Method)
W/BroadcastQueue(  293): 	at android.app.ApplicationThreadProxy.scheduleRegisteredReceiver(ApplicationThreadNative.java:1009)
W/BroadcastQueue(  293): 	at com.android.server.am.BroadcastQueue.performReceiveLocked(BroadcastQueue.java:373)
W/BroadcastQueue(  293): 	at com.android.server.am.BroadcastQueue.deliverToRegisteredReceiverLocked(BroadcastQueue.java:439)
W/BroadcastQueue(  293): 	at com.android.server.am.BroadcastQueue.processNextBroadcast(BroadcastQueue.java:487)
W/BroadcastQueue(  293): 	at com.android.server.am.BroadcastQueue$1.handleMessage(BroadcastQueue.java:140)
W/BroadcastQueue(  293): 	at android.os.Handler.dispatchMessage(Handler.java:99)
W/BroadcastQueue(  293): 	at android.os.Looper.loop(Looper.java:137)
W/BroadcastQueue(  293): 	at com.android.server.am.ActivityManagerService$AThread.run(ActivityManagerService.java:1480)
E/JavaBinder(  293): !!! FAILED BINDER TRANSACTION !!!
W/BroadcastQueue(  293): Failure sending broadcast Intent { act=android.intent.action.SIM_STATE_CHANGED flg=0x20000010 (has extras) }
W/BroadcastQueue(  293): android.os.TransactionTooLargeException
W/BroadcastQueue(  293): 	at android.os.BinderProxy.transact(Native Method)
W/BroadcastQueue(  293): 	at android.app.ApplicationThreadProxy.scheduleRegisteredReceiver(ApplicationThreadNative.java:1009)
W/BroadcastQueue(  293): 	at com.android.server.am.BroadcastQueue.performReceiveLocked(BroadcastQueue.java:373)
W/BroadcastQueue(  293): 	at com.android.server.am.BroadcastQueue.deliverToRegisteredReceiverLocked(BroadcastQueue.java:439)
W/BroadcastQueue(  293): 	at com.android.server.am.BroadcastQueue.processNextBroadcast(BroadcastQueue.java:487)
W/BroadcastQueue(  293): 	at com.android.server.am.BroadcastQueue$1.handleMessage(BroadcastQueue.java:140)
W/BroadcastQueue(  293): 	at android.os.Handler.dispatchMessage(Handler.java:99)
W/BroadcastQueue(  293): 	at android.os.Looper.loop(Looper.java:137)
W/BroadcastQueue(  293): 	at com.android.server.am.ActivityManagerService$AThread.run(ActivityManagerService.java:1480)
W/Settings(  439): Setting auto_time_zone has moved from android.provider.Settings.System to android.provider.Settings.Global, returning read-only value.
D/dalvikvm(  293): GC_CONCURRENT freed 362K, 17% free 6210K/7448K, paused 36ms+6ms, total 560ms
D/dalvikvm(  293): WAIT_FOR_CONCURRENT_GC blocked 21ms
D/dalvikvm(  293): WAIT_FOR_CONCURRENT_GC blocked 351ms
D/dalvikvm(  293): WAIT_FOR_CONCURRENT_GC blocked 100ms
E/JavaBinder(  293): !!! FAILED BINDER TRANSACTION !!!
W/BroadcastQueue(  293): Failure sending broadcast Intent { act=android.provider.Telephony.SPN_STRINGS_UPDATED flg=0x20000010 (has extras) }
W/BroadcastQueue(  293): android.os.TransactionTooLargeException
W/BroadcastQueue(  293): 	at android.os.BinderProxy.transact(Native Method)
W/BroadcastQueue(  293): 	at android.app.ApplicationThreadProxy.scheduleRegisteredReceiver(ApplicationThreadNative.java:1009)
W/BroadcastQueue(  293): 	at com.android.server.am.BroadcastQueue.performReceiveLocked(BroadcastQueue.java:373)
W/BroadcastQueue(  293): 	at com.android.server.am.BroadcastQueue.deliverToRegisteredReceiverLocked(BroadcastQueue.java:439)
W/BroadcastQueue(  293): 	at com.android.server.am.BroadcastQueue.processNextBroadcast(BroadcastQueue.java:487)
W/BroadcastQueue(  293): 	at com.android.server.am.BroadcastQueue$1.handleMessage(BroadcastQueue.java:140)
W/BroadcastQueue(  293): 	at android.os.Handler.dispatchMessage(Handler.java:99)
W/BroadcastQueue(  293): 	at android.os.Looper.loop(Looper.java:137)
W/BroadcastQueue(  293): 	at com.android.server.am.ActivityManagerService$AThread.run(ActivityManagerService.java:1480)
D/MccTable(  439): updateMccMncConfiguration: mcc=310, mnc=260
D/TelephonyManager(  439): getLteOnCdmaMode=0 curVal=-1 product_type='' lteOnCdmaProductType=''
D/MccTable(  439): locale set to en_us
D/MccTable(  439): WIFI_COUNTRY_CODE set to us
I/WifiService(  293): WifiService trying to set country code to us with persist set to true
I/ActivityManager(  293): Config changes=1400 {1.0 310mcc260mnc en_US ldltr sw320dp w320dp h508dp 240dpi nrml long port finger -keyb/v/h tball/v s.5}
W/ProcessStats(  293): Skipping unknown process pid 714
E/JavaBinder(  293): !!! FAILED BINDER TRANSACTION !!!
E/JavaBinder(  293): !!! FAILED BINDER TRANSACTION !!!
W/BroadcastQueue(  293): Failure sending broadcast Intent { act=android.intent.action.CONFIGURATION_CHANGED flg=0x70000010 }
W/BroadcastQueue(  293): android.os.TransactionTooLargeException
W/BroadcastQueue(  293): 	at android.os.BinderProxy.transact(Native Method)
W/BroadcastQueue(  293): 	at android.app.ApplicationThreadProxy.scheduleRegisteredReceiver(ApplicationThreadNative.java:1009)
W/BroadcastQueue(  293): 	at com.android.server.am.BroadcastQueue.performReceiveLocked(BroadcastQueue.java:373)
W/BroadcastQueue(  293): 	at com.android.server.am.BroadcastQueue.deliverToRegisteredReceiverLocked(BroadcastQueue.java:439)
W/BroadcastQueue(  293): 	at com.android.server.am.BroadcastQueue.processNextBroadcast(BroadcastQueue.java:487)
W/BroadcastQueue(  293): 	at com.android.server.am.BroadcastQueue$1.handleMessage(BroadcastQueue.java:140)
W/BroadcastQueue(  293): 	at android.os.Handler.dispatchMessage(Handler.java:99)
W/BroadcastQueue(  293): 	at android.os.Looper.loop(Looper.java:137)
W/BroadcastQueue(  293): 	at com.android.server.am.ActivityManagerService$AThread.run(ActivityManagerService.java:1480)
E/JavaBinder(  293): !!! FAILED BINDER TRANSACTION !!!
W/BroadcastQueue(  293): Failure sending broadcast Intent { act=android.intent.action.CONFIGURATION_CHANGED flg=0x70000010 }
W/BroadcastQueue(  293): android.os.TransactionTooLargeException
W/BroadcastQueue(  293): 	at android.os.BinderProxy.transact(Native Method)
W/BroadcastQueue(  293): 	at android.app.ApplicationThreadProxy.scheduleRegisteredReceiver(ApplicationThreadNative.java:1009)
W/BroadcastQueue(  293): 	at com.android.server.am.BroadcastQueue.performReceiveLocked(BroadcastQueue.java:373)
W/BroadcastQueue(  293): 	at com.android.server.am.BroadcastQueue.deliverToRegisteredReceiverLocked(BroadcastQueue.java:439)
W/BroadcastQueue(  293): 	at com.android.server.am.BroadcastQueue.processNextBroadcast(BroadcastQueue.java:487)
W/BroadcastQueue(  293): 	at com.android.server.am.BroadcastQueue$1.handleMessage(BroadcastQueue.java:140)
W/BroadcastQueue(  293): 	at android.os.Handler.dispatchMessage(Handler.java:99)
W/BroadcastQueue(  293): 	at android.os.Looper.loop(Looper.java:137)
W/BroadcastQueue(  293): 	at com.android.server.am.ActivityManagerService$AThread.run(ActivityManagerService.java:1480)
E/JavaBinder(  293): !!! FAILED BINDER TRANSACTION !!!
W/BroadcastQueue(  293): Failure sending broadcast Intent { act=android.intent.action.CONFIGURATION_CHANGED flg=0x70000010 }
W/BroadcastQueue(  293): android.os.TransactionTooLargeException
W/BroadcastQueue(  293): 	at android.os.BinderProxy.transact(Native Method)
W/BroadcastQueue(  293): 	at android.app.ApplicationThreadProxy.scheduleRegisteredReceiver(ApplicationThreadNative.java:1009)
W/BroadcastQueue(  293): 	at com.android.server.am.BroadcastQueue.performReceiveLocked(BroadcastQueue.java:373)
W/BroadcastQueue(  293): 	at com.android.server.am.BroadcastQueue.deliverToRegisteredReceiverLocked(BroadcastQueue.java:439)
W/BroadcastQueue(  293): 	at com.android.server.am.BroadcastQueue.processNextBroadcast(BroadcastQueue.java:487)
W/BroadcastQueue(  293): 	at com.android.server.am.BroadcastQueue$1.handleMessage(BroadcastQueue.java:140)
W/BroadcastQueue(  293): 	at android.os.Handler.dispatchMessage(Handler.java:99)
W/BroadcastQueue(  293): 	at android.os.Looper.loop(Looper.java:137)
W/BroadcastQueue(  293): 	at com.android.server.am.ActivityManagerService$AThread.run(ActivityManagerService.java:1480)
E/JavaBinder(  293): !!! FAILED BINDER TRANSACTION !!!
W/BroadcastQueue(  293): Failure sending broadcast Intent { act=android.intent.action.CONFIGURATION_CHANGED flg=0x70000010 }
W/BroadcastQueue(  293): android.os.TransactionTooLargeException
W/BroadcastQueue(  293): 	at android.os.BinderProxy.transact(Native Method)
W/BroadcastQueue(  293): 	at android.app.ApplicationThreadProxy.scheduleRegisteredReceiver(ApplicationThreadNative.java:1009)
W/BroadcastQueue(  293): 	at com.android.server.am.BroadcastQueue.performReceiveLocked(BroadcastQueue.java:373)
W/BroadcastQueue(  293): 	at com.android.server.am.BroadcastQueue.deliverToRegisteredReceiverLocked(BroadcastQueue.java:439)
W/BroadcastQueue(  293): 	at com.android.server.am.BroadcastQueue.processNextBroadcast(BroadcastQueue.java:487)
W/BroadcastQueue(  293): 	at com.android.server.am.BroadcastQueue$1.handleMessage(BroadcastQueue.java:140)
W/BroadcastQueue(  293): 	at android.os.Handler.dispatchMessage(Handler.java:99)
W/BroadcastQueue(  293): 	at android.os.Looper.loop(Looper.java:137)
W/BroadcastQueue(  293): 	at com.android.server.am.ActivityManagerService$AThread.run(ActivityManagerService.java:1480)
I/Choreographer(  293): Skipped 926 frames!  The application may be doing too much work on its main thread.
D/dalvikvm(  293): GC_CONCURRENT freed 535K, 12% free 6602K/7448K, paused 10ms+46ms, total 376ms
D/dalvikvm(  439): GC_CONCURRENT freed 292K, 11% free 2928K/3284K, paused 6ms+85ms, total 142ms
W/InputDispatcher(  293): channel '40ec1cf0 StatusBar (server)' ~ Consumer closed input channel or an error occurred.  events=0x9
E/InputDispatcher(  293): channel '40ec1cf0 StatusBar (server)' ~ Channel is unrecoverably broken and will be disposed!
D/dalvikvm(  293): GC_FOR_ALLOC freed 131K, 13% free 6495K/7448K, paused 566ms, total 577ms
I/dalvikvm-heap(  293): Grow heap (frag case) to 7.484MB for 1128976-byte allocation
D/dalvikvm(  293): GC_FOR_ALLOC freed 881K, 22% free 6716K/8552K, paused 336ms, total 336ms
I/ActivityManager(  293): Process com.android.systemui (pid 389) has died.
W/ActivityManager(  293): Scheduling restart of crashed service com.android.systemui/.SystemUIService in 0ms
W/ActivityManager(  293): Scheduling restart of crashed service com.android.systemui/.ImageWallpaper in 0ms
I/WindowState(  293): WIN DEATH: Window{40ec1cf0 u0 StatusBar}
W/InputDispatcher(  293): Attempted to unregister already unregistered input channel '40ec1cf0 StatusBar (server)'
W/WindowManager(  293): App freeze timeout expired.
W/WindowManager(  293): Force clearing freeze: AppWindowToken{40f62b80 token=Token{40f530b0 ActivityRecord{40e2a420 u0 com.android.launcher/com.android.launcher2.Launcher}}}
I/ActivityManager(  293): Start proc com.android.systemui for restart com.android.systemui: pid=724 uid=10034 gids={50034, 1028, 1015, 3002, 3001}
I/Choreographer(  293): Skipped 467 frames!  The application may be doing too much work on its main thread.
I/ActivityManager(  293): Start proc com.android.email for broadcast com.android.email/.service.EmailBroadcastReceiver: pid=740 uid=10019 gids={50019, 3003, 1015, 1028}
I/Choreographer(  293): Skipped 38 frames!  The application may be doing too much work on its main thread.
D/dalvikvm(  439): GC_CONCURRENT freed 462K, 16% free 2867K/3388K, paused 4ms+3ms, total 194ms
V/TAG     (  293): bug 7643792: fitSystemWindows([0,0][0,0])
E/Trace   (  724): error opening trace file: No such file or directory (2)
D/dalvikvm(  293): GC_CONCURRENT freed 203K, 21% free 6799K/8552K, paused 54ms+164ms, total 1553ms
I/Choreographer(  293): Skipped 185 frames!  The application may be doing too much work on its main thread.
D/SystemUIService(  724): loading: class com.android.systemui.statusbar.phone.PhoneStatusBar
D/SystemUIService(  724): running: com.android.systemui.statusbar.phone.PhoneStatusBar@40cd4200
W/GpsLocationProvider(  293): Could not open GPS configuration file /etc/gps.conf
I/dalvikvm(  568): Wrote stack traces to '/data/anr/traces.txt'
E/Trace   (  740): error opening trace file: No such file or directory (2)
I/StatusBarManagerService(  293): registerStatusBar bar=com.android.internal.statusbar.IStatusBar$Stub$Proxy@4100c228
W/ServiceWatcher(  293): com.google.android.location not found
W/WindowManager(  293): ***** BOOT TIMEOUT: forcing display enabled
I/SurfaceFlinger(   37): Boot is finished (85452 ms)
I/ActivityManager(  293): Config changes=1400 {1.0 310mcc260mnc en_US ldltr sw320dp w320dp h508dp 240dpi nrml long port finger -keyb/v/h tball/v s.6}
I/PowerManagerService(  293): Boot animation finished.
I/Choreographer(  293): Skipped 78 frames!  The application may be doing too much work on its main thread.
I/Choreographer(  293): Skipped 89 frames!  The application may be doing too much work on its main thread.
W/ServiceWatcher(  293): com.google.android.location not found
W/LocationManagerService(  293): no network location provider found
W/ServiceWatcher(  293): com.google.android.location not found
D/dalvikvm(  724): GC_FOR_ALLOC freed 91K, 6% free 2662K/2816K, paused 26ms, total 31ms
I/dalvikvm-heap(  724): Grow heap (frag case) to 3.265MB for 635812-byte allocation
I/Choreographer(  293): Skipped 91 frames!  The application may be doing too much work on its main thread.
D/dalvikvm(  724): GC_FOR_ALLOC freed 5K, 5% free 3278K/3440K, paused 84ms, total 84ms
D/dalvikvm(  724): GC_CONCURRENT freed 1K, 5% free 3283K/3440K, paused 4ms+43ms, total 127ms
D/dalvikvm(  293): GC_EXPLICIT freed 1251K, 33% free 5782K/8552K, paused 45ms+16ms, total 252ms
I/ActivityManager(  293): Start proc com.android.location.fused for service com.android.location.fused/.FusedLocationService: pid=769 uid=10022 gids={50022, 1028}
E/Trace   (  769): error opening trace file: No such file or directory (2)
E/BluetoothAdapter(  724): Bluetooth binder is null
E/BluetoothAdapter(  724): Bluetooth binder is null
I/ActivityManager(  293): Start proc com.android.exchange for service com.android.exchange/.ExchangeService: pid=786 uid=10032 gids={50032, 3003, 1015, 1028}
I/ActivityManager(  293): Start proc com.android.providers.calendar for broadcast com.android.providers.calendar/.CalendarReceiver: pid=793 uid=10023 gids={50023, 3003, 1015, 1028}
E/BluetoothAdapter(  724): Bluetooth binder is null
E/Trace   (  786): error opening trace file: No such file or directory (2)
E/Trace   (  793): error opening trace file: No such file or directory (2)
D/AndroidRuntime(  817): 
D/AndroidRuntime(  817): >>>>>> AndroidRuntime START com.android.internal.os.RuntimeInit <<<<<<
D/AndroidRuntime(  817): CheckJNI is ON
D/dalvikvm(  817): Trying to load lib libjavacore.so 0x0
D/dalvikvm(  817): Added shared lib libjavacore.so 0x0
D/dalvikvm(  817): Trying to load lib libnativehelper.so 0x0
D/dalvikvm(  817): Added shared lib libnativehelper.so 0x0
D/dalvikvm(  724): GC_CONCURRENT freed 64K, 4% free 3648K/3776K, paused 5ms+86ms, total 231ms
E/BluetoothAdapter(  724): Bluetooth binder is null
D/AndroidRuntime(  817): Calling main entry com.android.commands.am.Am
D/dalvikvm(  817): Note: class Landroid/app/ActivityManagerNative; has 157 unimplemented (abstract) methods
D/dalvikvm(  832): Not late-enabling CheckJNI (already on)
I/ActivityManager(  293): Start proc it.unina.android.ripper_service:android_ripper_service_process for service it.unina.android.ripper_service/.AndroidRipperService: pid=832 uid=10049 gids={50049, 3003, 1028}
D/AndroidRuntime(  817): Shutting down VM
D/dalvikvm(  817): GC_CONCURRENT freed 91K, 16% free 490K/584K, paused 0ms+1ms, total 11ms
D/PhoneStatusBar(  724): disable: < expand icons alerts ticker system_info BACK* HOME* RECENT* CLOCK* SEARCH* >
I/ActivityManager(  293): Start proc com.android.mms for broadcast com.android.mms/.transaction.MmsSystemEventReceiver: pid=839 uid=10029 gids={50029, 3003, 1015, 1028}
D/ExchangeService(  786): !!! EAS ExchangeService, onCreate
E/Trace   (  832): error opening trace file: No such file or directory (2)
E/BluetoothAdapter(  724): Bluetooth binder is null
E/Trace   (  839): error opening trace file: No such file or directory (2)
D/SystemUIService(  724): loading: class com.android.systemui.power.PowerUI
D/SystemUIService(  724): running: com.android.systemui.power.PowerUI@40e4c088
D/SystemUIService(  724): loading: class com.android.systemui.media.RingtonePlayer
D/SystemUIService(  724): running: com.android.systemui.media.RingtonePlayer@40e4ce68
V/AndroidRipperService(  832): onCreate()
V/SERVER  (  832): Starting ServerSocket on PORT 8888
V/SERVER  (  832): Started ServerSocket on PORT 8888
I/Choreographer(  724): Skipped 910 frames!  The application may be doing too much work on its main thread.
W/ServiceWatcher(  293): com.google.android.location not found
D/CountryDetector(  293): The first listener is added
V/MmsConfig(  839): mnc/mcc: 310260
V/MmsConfig(  839): tag: bool value: enabledMMS - true
V/MmsConfig(  839): tag: int value: maxMessageSize - 307200
V/MmsConfig(  839): tag: int value: maxImageHeight - 480
V/MmsConfig(  839): tag: int value: maxImageWidth - 640
V/MmsConfig(  839): tag: int value: defaultSMSMessagesPerThread - 500
V/MmsConfig(  839): tag: int value: defaultMMSMessagesPerThread - 50
V/MmsConfig(  839): tag: int value: minMessageCountPerThread - 10
V/MmsConfig(  839): tag: int value: maxMessageCountPerThread - 5000
V/MmsConfig(  839): tag: string value: uaProfUrl - http://www.google.com/oha/rdf/ua-profile-kila.xml
V/MmsConfig(  839): tag: int value: recipientLimit - -1
V/MmsConfig(  839): tag: bool value: enableMultipartSMS - true
V/MmsConfig(  839): tag: int value: smsToMmsTextThreshold - -1
V/MmsConfig(  839): tag: bool value: enableSlideDuration - true
V/MmsConfig(  839): tag: int value: maxMessageTextSize - -1
E/SurfaceFlinger(   37): ro.sf.lcd_density must be defined as a build property
V/TAG     (  293): bug 7643792: fitSystemWindows([0,38][0,0])
D/dalvikvm(  724): GC_CONCURRENT freed 274K, 9% free 3776K/4108K, paused 4ms+4ms, total 133ms
I/Choreographer(  293): Skipped 95 frames!  The application may be doing too much work on its main thread.
I/Choreographer(  724): Skipped 252 frames!  The application may be doing too much work on its main thread.
D/gralloc_goldfish(  724): Emulator without GPU emulation detected.
D/AndroidRuntime(  877): 
D/AndroidRuntime(  877): >>>>>> AndroidRuntime START com.android.internal.os.RuntimeInit <<<<<<
D/AndroidRuntime(  877): CheckJNI is ON
D/dalvikvm(  877): Trying to load lib libjavacore.so 0x0
D/dalvikvm(  877): Added shared lib libjavacore.so 0x0
D/dalvikvm(  877): Trying to load lib libnativehelper.so 0x0
D/dalvikvm(  877): Added shared lib libnativehelper.so 0x0
D/ExchangeService(  786): !!! EAS ExchangeService, onStartCommand, startingUp = false, running = false
V/SERVER  (  832): Ready to accept connections on port: 8888
I/ActivityManager(  293): Start proc com.android.settings for broadcast com.android.settings/.widget.SettingsAppWidgetProvider: pid=884 uid=1000 gids={41000, 1015, 1028, 3002, 3001, 3003}
E/Trace   (  884): error opening trace file: No such file or directory (2)
D/dalvikvm(  293): GREF has increased to 501
E/BluetoothAdapter(  884): Bluetooth binder is null
D/AndroidRuntime(  877): Calling main entry com.android.commands.am.Am
D/Eas Debug(  786): Logging: 
D/dalvikvm(  877): Note: class Landroid/app/ActivityManagerNative; has 157 unimplemented (abstract) methods
I/ActivityManager(  293): Force stopping package net.mandaria.tippytipper appid=10048 user=0
D/dalvikvm(  909): Not late-enabling CheckJNI (already on)
I/ActivityManager(  293): Start proc net.mandaria.tippytipper for added application net.mandaria.tippytipper: pid=909 uid=10048 gids={50048, 1015, 3003, 1028}
I/dalvikvm(  909): Turning on JNI app bug workarounds for target SDK version 4...
E/Trace   (  909): error opening trace file: No such file or directory (2)
D/dalvikvm(  909): GC_CONCURRENT freed 234K, 11% free 2612K/2912K, paused 21ms+15ms, total 74ms
I/System.out(  909): EMMA: collecting runtime coverage data ...
D/PolideaInstrumentationTestRunner(  909): Creating the Test Runner with arguments: [coverage, class]
D/PolideaInstrumentationTestRunner(  909): Test runner is running with the following parameters:
D/PolideaInstrumentationTestRunner(  909): junitOutputDirectory: /data/data/net.mandaria.tippytipper/files
D/PolideaInstrumentationTestRunner(  909): junitOutputFilePostfix: -TEST.xml
D/PolideaInstrumentationTestRunner(  909): junitNoPackagePrefix: NO_PACKAGE
D/PolideaInstrumentationTestRunner(  909): junitSplitLevel: package
D/PolideaInstrumentationTestRunner(  909): junitSingleFileName: ALL-TEST.xml
D/PolideaInstrumentationTestRunner(  909): Creating output directory if it does not exist
D/PolideaInstrumentationTestRunner(  909): Created directory? false
D/PolideaInstrumentationTestRunner(  909): Deleting old files
D/PolideaInstrumentationTestRunner(  909): Deleting: [/data/data/net.mandaria.tippytipper/files/it.unina.android.ripper-TEST.xml]
D/PolideaInstrumentationTestRunner(  909): Getting android test runner
D/PolideaInstrumentationTestRunner(  909): JUnit test output enabled
W/dalvikvm(  909): method Landroid/test/InstrumentationTestRunner$StringResultPrinter;.print incorrectly overrides package-private method with same name in Ljunit/textui/ResultPrinter;
D/PolideaInstrumentationTestRunner(  909): Starting test: testApplication(it.unina.android.ripper.RipperTestCase)
I/TestRunner(  909): started: testApplication(it.unina.android.ripper.RipperTestCase)
V/AndroidRipperService(  832): onBind()
V/AndroidRipperService(  832): register()
V/AndroidRipperService(  832): onBind()
I/ActivityManager(  293): START u0 {act=android.intent.action.MAIN flg=0x10000000 cmp=net.mandaria.tippytipper/.activities.TippyTipper} from pid 909
V/        (  832): ready
V/RipperService(  832): PING
V/AndroidRipperService(  832): mHandler.handleMessage() RECIVED
V/AndroidRipperService(  832): broadcast()
I/AndroidRipper(  909): Recived message: PING
V/RipperTestCase(  909): Not ready to operate!
V/AndroidRipperService(  832): broadcast() done
V/        (  832): ready
E/LocationManagerService(  293): no geocoder provider found
I//system/bin/fsck_msdos(   32): ** Phase 2 - Check Cluster Chains
I//system/bin/fsck_msdos(   32): ** Phase 3 - Checking Directories
I//system/bin/fsck_msdos(   32): ** Phase 4 - Checking for Lost Files
I//system/bin/fsck_msdos(   32): 12 files, 1044448 free (522224 clusters)
I/Vold    (   32): Filesystem check completed OK
I/Vold    (   32): Device /dev/block/vold/179:0, target /mnt/sdcard mounted @ /mnt/secure/staging
D/Vold    (   32): Volume sdcard state changing 3 (Checking) -> 4 (Mounted)
D/MountService(  293): volume state changed for /mnt/sdcard (checking -> mounted)
I/PackageManager(  293): Updating external media status from unmounted to mounted
D/MountService(  293): sendStorageIntent Intent { act=android.intent.action.MEDIA_MOUNTED dat=file:///mnt/sdcard (has extras) } to UserHandle{-1}
E/VoldConnector(  293): NDC Command {3 volume mount /mnt/sdcard} took too long (55045ms)
W/WallpaperService(  293): Failed attaching wallpaper; clearing
W/WallpaperService(  293): android.os.DeadObjectException
W/WallpaperService(  293): 	at android.os.BinderProxy.transact(Native Method)
W/WallpaperService(  293): 	at android.service.wallpaper.IWallpaperService$Stub$Proxy.attach(IWallpaperService.java:95)
W/WallpaperService(  293): 	at com.android.server.WallpaperManagerService.attachServiceLocked(WallpaperManagerService.java:960)
W/WallpaperService(  293): 	at com.android.server.WallpaperManagerService$WallpaperConnection.onServiceConnected(WallpaperManagerService.java:233)
W/WallpaperService(  293): 	at android.app.LoadedApk$ServiceDispatcher.doConnected(LoadedApk.java:1101)
W/WallpaperService(  293): 	at android.app.LoadedApk$ServiceDispatcher$RunConnection.run(LoadedApk.java:1118)
W/WallpaperService(  293): 	at android.os.Handler.handleCallback(Handler.java:725)
W/WallpaperService(  293): 	at android.os.Handler.dispatchMessage(Handler.java:92)
W/WallpaperService(  293): 	at android.os.Looper.loop(Looper.java:137)
W/WallpaperService(  293): 	at com.android.server.ServerThread.run(SystemServer.java:1000)
D/EmailProvider(  740): fromDatabase accounts: 0
D/EmailProvider(  740): ending toDatabase transaction; copyCount = 0
D/EmailProvider(  740): ending fromDatabase transaction; copyCount = 0
I/PackageManager(  293): No secure containers on sdcard
W/PackageManager(  293): Unknown permission com.google.android.googleapps.permission.GOOGLE_AUTH.mail in package com.android.contacts
D/ExchangeService(  786): !!! EAS ExchangeService, onStartCommand, startingUp = true, running = false
E/SurfaceFlinger(   37): ro.sf.lcd_density must be defined as a build property
W/PackageManager(  293): Unknown permission android.permission.ADD_SYSTEM_SERVICE in package com.android.phone
D/Mms:app (  839): cancelNotification
W/PackageManager(  293): Unknown permission com.android.smspush.WAPPUSH_MANAGER_BIND in package com.android.phone
W/PackageManager(  293): Unknown permission com.google.android.googleapps.permission.GOOGLE_AUTH in package com.android.providers.calendar
W/PackageManager(  293): Unknown permission com.google.android.googleapps.permission.GOOGLE_AUTH.cl in package com.android.providers.calendar
W/PackageManager(  293): Unknown permission com.google.android.googleapps.permission.GOOGLE_AUTH.mail in package com.android.calendar
W/PackageManager(  293): Not granting permission android.permission.SEND_DOWNLOAD_COMPLETED_INTENTS to package com.android.browser (protectionLevel=2 flags=0x89be45)
W/PackageManager(  293): Not granting permission android.permission.BIND_APPWIDGET to package com.android.widgetpreview (protectionLevel=18 flags=0x8be44)
W/PackageManager(  293): Unknown permission com.google.android.googleapps.permission.GOOGLE_AUTH in package com.android.settings
W/PackageManager(  293): Unknown permission com.google.android.gallery3d.permission.GALLERY_PROVIDER in package com.android.exchange
W/PackageManager(  293): Unknown permission com.google.android.googleapps.permission.ACCESS_GOOGLE_PASSWORD in package com.android.development
W/PackageManager(  293): Unknown permission com.google.android.googleapps.permission.GOOGLE_AUTH in package com.android.development
W/PackageManager(  293): Unknown permission com.google.android.googleapps.permission.GOOGLE_AUTH.ALL_SERVICES in package com.android.development
W/PackageManager(  293): Unknown permission com.google.android.googleapps.permission.GOOGLE_AUTH.YouTubeUser in package com.android.development
W/PackageManager(  293): Unknown permission com.google.android.gallery3d.permission.GALLERY_PROVIDER in package com.android.email
W/PackageManager(  293): Not granting permission android.permission.DEVICE_POWER to package com.android.deskclock (protectionLevel=2 flags=0x88be45)
V/RipperService(  832): PING
V/AndroidRipperService(  832): mHandler.handleMessage() RECIVED
V/AndroidRipperService(  832): broadcast()
I/AndroidRipper(  909): Recived message: PING
V/RipperTestCase(  909): Not ready to operate!
V/AndroidRipperService(  832): broadcast() done
V/        (  832): ready
D/MmsSmsDatabaseHelper(  439): [MmsSmsDb] tableName: threads hasAutoIncrement: CREATE TABLE threads (_id INTEGER PRIMARY KEY AUTOINCREMENT,date INTEGER DEFAULT 0,message_count INTEGER DEFAULT 0,recipient_ids TEXT,snippet TEXT,snippet_cs INTEGER DEFAULT 0,read INTEGER DEFAULT 1,type INTEGER DEFAULT 0,error INTEGER DEFAULT 0,has_attachment INTEGER DEFAULT 0) result: true
D/MmsSmsDatabaseHelper(  439): [MmsSmsDb] tableName: canonical_addresses hasAutoIncrement: CREATE TABLE canonical_addresses (_id INTEGER PRIMARY KEY AUTOINCREMENT,address TEXT) result: true
D/MmsSmsDatabaseHelper(  439): [MmsSmsDb] tableName: part hasAutoIncrement: CREATE TABLE part (_id INTEGER PRIMARY KEY AUTOINCREMENT,mid INTEGER,seq INTEGER DEFAULT 0,ct TEXT,name TEXT,chset INTEGER,cd TEXT,fn TEXT,cid TEXT,cl TEXT,ctt_s INTEGER,ctt_t TEXT,_data TEXT,text TEXT) result: true
D/dalvikvm(  293): GC_CONCURRENT freed 746K, 22% free 5855K/7448K, paused 97ms+45ms, total 472ms
D/MmsSmsDatabaseHelper(  439): [MmsSmsDb] tableName: pdu hasAutoIncrement: CREATE TABLE pdu (_id INTEGER PRIMARY KEY AUTOINCREMENT,thread_id INTEGER,date INTEGER,date_sent INTEGER DEFAULT 0,msg_box INTEGER,read INTEGER DEFAULT 0,m_id TEXT,sub TEXT,sub_cs INTEGER,ct_t TEXT,ct_l TEXT,exp INTEGER,m_cls TEXT,m_type INTEGER,v INTEGER,m_size INTEGER,pri INTEGER,rr INTEGER,rpt_a INTEGER,resp_st INTEGER,st INTEGER,tr_id TEXT,retr_st INTEGER,retr_txt TEXT,retr_txt_cs INTEGER,read_status INTEGER,ct_cls INTEGER,resp_txt TEXT,d_tm INTEGER,d_rpt INTEGER,locked INTEGER DEFAULT 0,seen INTEGER DEFAULT 0,text_only INTEGER DEFAULT 0) result: true
D/MmsSmsDatabaseHelper(  439): [getWritableDatabase] hasAutoIncrementThreads: true hasAutoIncrementAddresses: true hasAutoIncrementPart: true hasAutoIncrementPdu: true
D/dalvikvm(  577): GREF has increased to 201
I/AccountTypeManager(  568): Loaded meta-data for 1 account types, 0 accounts in 407ms(wall) 32ms(cpu)
W/ActivityManager(  293): Unable to start service Intent { cmp=com.android.email/.service.AttachmentDownloadService } U=0: not found
W/ActivityManager(  293): Unable to start service Intent { cmp=com.android.email/.service.AttachmentDownloadService } U=0: not found
W/ActivityManager(  293): Unable to start service Intent { cmp=com.android.email/.service.AttachmentDownloadService } U=0: not found
D/ExchangeService(  786): !!! EAS ExchangeService, onStartCommand, startingUp = true, running = false
V/RipperService(  832): PING
V/AndroidRipperService(  832): mHandler.handleMessage() RECIVED
V/AndroidRipperService(  832): broadcast()
I/AndroidRipper(  909): Recived message: PING
V/RipperTestCase(  909): Not ready to operate!
V/AndroidRipperService(  832): broadcast() done
V/        (  832): ready
D/ConnectivityService(  293): ConnectivityChange for mobile: CONNECTED/CONNECTED
D/ExchangeService(  786): Received deviceId from Email app: androidc259148960
D/ExchangeService(  786): Reconciling accounts...
W/ActivityManager(  293): Activity pause timeout for ActivityRecord{40e2a420 u0 com.android.launcher/com.android.launcher2.Launcher}
E/SurfaceFlinger(   37): ro.sf.lcd_density must be defined as a build property
I/Choreographer(  293): Skipped 46 frames!  The application may be doing too much work on its main thread.
W/MediaProvider(  577): no database for scanned volume external
D/dalvikvm(  909): GC_CONCURRENT freed 302K, 12% free 2739K/3088K, paused 61ms+3ms, total 258ms
D/dalvikvm(  724): GC_FOR_ALLOC freed 46K, 6% free 3901K/4108K, paused 266ms, total 279ms
D/Eas Debug(  786): Logging: 
I/dalvikvm-heap(  724): Grow heap (frag case) to 9.982MB for 6410576-byte allocation
D/dalvikvm(  724): GC_FOR_ALLOC freed 2K, 3% free 10158K/10372K, paused 154ms, total 154ms
D/dalvikvm(  724): GC_CONCURRENT freed <1K, 3% free 10158K/10372K, paused 4ms+72ms, total 203ms
V/RipperService(  832): PING
V/AndroidRipperService(  832): mHandler.handleMessage() RECIVED
V/AndroidRipperService(  832): broadcast()
I/AndroidRipper(  909): Recived message: PING
V/RipperTestCase(  909): Not ready to operate!
V/AndroidRipperService(  832): broadcast() done
V/        (  832): ready
D/FlurryAgent(  909): Starting new session
E/SurfaceFlinger(   37): ro.sf.lcd_density must be defined as a build property
D/gralloc_goldfish(  909): Emulator without GPU emulation detected.
D/Tethering(  293): MasterInitialState.processMessage what=3
I/ActivityManager(  293): Displayed net.mandaria.tippytipper/.activities.TippyTipper: +3s241ms (total +57s435ms)
D/dalvikvm(  724): GC_FOR_ALLOC freed <1K, 3% free 10159K/10372K, paused 48ms, total 48ms
I/dalvikvm-heap(  724): Grow heap (frag case) to 12.677MB for 2828816-byte allocation
V/RipperService(  832): PING
V/AndroidRipperService(  832): mHandler.handleMessage() RECIVED
V/AndroidRipperService(  832): broadcast()
I/AndroidRipper(  909): Recived message: PING
V/RipperTestCase(  909): Not ready to operate!
V/AndroidRipperService(  832): broadcast() done
V/        (  832): ready
D/dalvikvm(  724): GC_CONCURRENT freed 0K, 2% free 12921K/13136K, paused 5ms+6ms, total 67ms
D/dalvikvm(  724): WAIT_FOR_CONCURRENT_GC blocked 63ms
I/Choreographer(  724): Skipped 33 frames!  The application may be doing too much work on its main thread.
I/CalendarProvider2(  793): Sending notification intent: Intent { act=android.intent.action.PROVIDER_CHANGED dat=content://com.android.calendar }
W/ContentResolver(  793): Failed to get type for: content://com.android.calendar (Unknown URL content://com.android.calendar)
D/ExchangeService(  786): !!! EAS ExchangeService, onStartCommand, startingUp = true, running = false
D/dalvikvm(  740): GC_CONCURRENT freed 192K, 10% free 2591K/2848K, paused 3ms+73ms, total 176ms
D/dalvikvm(  464): GC_FOR_ALLOC freed 139K, 4% free 4887K/5088K, paused 4797ms, total 4812ms
I/dalvikvm-heap(  464): Grow heap (frag case) to 6.202MB for 1440016-byte allocation
D/dalvikvm(  464): GC_FOR_ALLOC freed 26K, 4% free 6267K/6496K, paused 28ms, total 28ms
I/AndroidRipper(  909): [RipperTestCase] Ready to operate after restarting...
D/dalvikvm(  464): GC_CONCURRENT freed 20K, 5% free 6349K/6616K, paused 4ms+46ms, total 108ms
D/dalvikvm(  293): GC_CONCURRENT freed 787K, 22% free 5817K/7448K, paused 272ms+16ms, total 353ms
I/FusedLocation(  769): engine started (com.android.location.fused)
D/MediaScannerReceiver(  577): action: android.intent.action.MEDIA_MOUNTED path: /mnt/sdcard
E/BluetoothAdapter(  884): Bluetooth binder is null
E/BluetoothAdapter(  884): Bluetooth binder is null
V/RipperService(  832): PING
V/AndroidRipperService(  832): mHandler.handleMessage() RECIVED
V/AndroidRipperService(  832): broadcast()
I/AndroidRipper(  909): Recived message: PING
V/AndroidRipperService(  832): send()
I/System.out(  832): {"type":"PONG","index":"7"}
V/AndroidRipperService(  832): broadcast() done
V/        (  832): ready
V/RipperService(  832): END
V/AndroidRipperService(  832): mHandler.handleMessage() RECIVED
V/AndroidRipperService(  832): broadcast()
I/AndroidRipper(  909): Recived message: END
V/AndroidRipperService(  832): broadcast() done
V/        (  832): ready
V/SERVER  (  832): ServerSocket on PORT 8888: offline
V/AndroidRipperService(  832): mHandler.handleMessage() DISCONNECTED
V/SERVER  (  832): Ready to accept connections on port: 8888
V/AndroidRipperService(  832): unregister()
D/PermissionCache(   37): checking android.permission.READ_FRAME_BUFFER for uid=1000 => granted (1244 us)
W/WindowManager(  293): Failure taking screenshot for (246x410) to layer 21000
V/AndroidRipperService(  832): unregister()
W/ActivityManager(  293): Duplicate finish request for ActivityRecord{40f76dd0 u0 net.mandaria.tippytipper/.activities.TippyTipper}
D/dalvikvm(  293): GC_CONCURRENT freed 327K, 15% free 6345K/7448K, paused 6ms+13ms, total 329ms
D/dalvikvm(  293): WAIT_FOR_CONCURRENT_GC blocked 264ms
I/dalvikvm(  293): Jit: resizing JitTable from 4096 to 8192
D/dalvikvm(  909): GC_EXPLICIT freed 62K, 8% free 2861K/3084K, paused 20ms+4ms, total 130ms
D/dalvikvm(  909): GC_EXPLICIT freed 4K, 8% free 2858K/3084K, paused 4ms+3ms, total 75ms
D/PolideaInstrumentationTestRunner(  909): Finished test: testApplication(it.unina.android.ripper.RipperTestCase)
I/TestRunner(  909): finished: testApplication(it.unina.android.ripper.RipperTestCase)
I/TestRunner(  909): passed: testApplication(it.unina.android.ripper.RipperTestCase)
I/System.out(  909): EMMA: runtime coverage data written to [/data/data/net.mandaria.tippytipper/files/coverage.ec] {in 56 ms}
D/PolideaInstrumentationTestRunner(  909): Post processing
D/PolideaInstrumentationTestRunner(  909): Packages: 1
D/PolideaInstrumentationTestRunner(  909): Processing package package it.unina.android.ripper
D/PolideaInstrumentationTestRunner(  909): Writing to file /data/data/net.mandaria.tippytipper/files/it.unina.android.ripper-TEST.xml
D/PolideaInstrumentationTestRunner(  909): closing file
D/AndroidRuntime(  877): Shutting down VM
D/dalvikvm(  877): GC_CONCURRENT freed 95K, 18% free 462K/560K, paused 0ms+1ms, total 10ms
I/ActivityManager(  293): Force stopping package net.mandaria.tippytipper appid=10048 user=0
I/ActivityManager(  293): Killing proc 909:net.mandaria.tippytipper/u0a10048: force stop net.mandaria.tippytipper
W/InputDispatcher(  293): channel '40f3f7f0 net.mandaria.tippytipper/net.mandaria.tippytipper.activities.TippyTipper (server)' ~ Consumer closed input channel or an error occurred.  events=0x9
E/InputDispatcher(  293): channel '40f3f7f0 net.mandaria.tippytipper/net.mandaria.tippytipper.activities.TippyTipper (server)' ~ Channel is unrecoverably broken and will be disposed!
I/WindowState(  293): WIN DEATH: Window{40f3f7f0 u0 net.mandaria.tippytipper/net.mandaria.tippytipper.activities.TippyTipper}
W/InputDispatcher(  293): Attempted to unregister already unregistered input channel '40f3f7f0 net.mandaria.tippytipper/net.mandaria.tippytipper.activities.TippyTipper (server)'
I/Choreographer(  293): Skipped 2315 frames!  The application may be doing too much work on its main thread.
I/Choreographer(  293): Skipped 73 frames!  The application may be doing too much work on its main thread.
D/dalvikvm(  293): GC_CONCURRENT freed 621K, 11% free 6637K/7448K, paused 6ms+39ms, total 446ms
D/dalvikvm(  293): WAIT_FOR_CONCURRENT_GC blocked 155ms
I/dalvikvm-heap(  293): Grow heap (frag case) to 7.623MB for 1128976-byte allocation
D/dalvikvm(  293): GC_FOR_ALLOC freed 885K, 20% free 6854K/8552K, paused 61ms, total 61ms
