W/Resources(   38): Preloaded drawable resource #0x10805f6 (android:drawable/textfield_search_right_selected_holo_light) that varies with configuration!!
W/Resources(   38): Preloaded drawable resource #0x10805f4 (android:drawable/textfield_search_right_default_holo_light) that varies with configuration!!
W/Resources(   38): Preloaded drawable resource #0x10805f4 (android:drawable/textfield_search_right_default_holo_light) that varies with configuration!!
W/Resources(   38): Preloaded drawable resource #0x10805f8 (android:drawable/textfield_search_selected_holo_dark) that varies with configuration!!
W/Resources(   38): Preloaded drawable resource #0x10805ec (android:drawable/textfield_search_default_holo_dark) that varies with configuration!!
W/Resources(   38): Preloaded drawable resource #0x10805f5 (android:drawable/textfield_search_right_selected_holo_dark) that varies with configuration!!
W/Resources(   38): Preloaded drawable resource #0x10805f3 (android:drawable/textfield_search_right_default_holo_dark) that varies with configuration!!
W/Resources(   38): Preloaded drawable resource #0x10805f9 (android:drawable/textfield_search_selected_holo_light) that varies with configuration!!
W/Resources(   38): Preloaded drawable resource #0x10805ed (android:drawable/textfield_search_default_holo_light) that varies with configuration!!
W/Resources(   38): Preloaded drawable resource #0x10805f6 (android:drawable/textfield_search_right_selected_holo_light) that varies with configuration!!
W/Resources(   38): Preloaded drawable resource #0x10805f4 (android:drawable/textfield_search_right_default_holo_light) that varies with configuration!!
D/dalvikvm(   38): GC_EXPLICIT freed 47K, 26% free 2364K/3156K, paused 3ms+7ms, total 52ms
W/Resources(   38): Preloaded drawable resource #0x10805c1 (android:drawable/tab_unselected_holo) that varies with configuration!!
W/Resources(   38): Preloaded drawable resource #0x10805bc (android:drawable/tab_selected_holo) that varies with configuration!!
W/Resources(   38): Preloaded drawable resource #0x10805c0 (android:drawable/tab_unselected_focused_holo) that varies with configuration!!
W/Resources(   38): Preloaded drawable resource #0x10805bb (android:drawable/tab_selected_focused_holo) that varies with configuration!!
W/Resources(   38): Preloaded drawable resource #0x10805c2 (android:drawable/tab_unselected_pressed_holo) that varies with configuration!!
W/Resources(   38): Preloaded drawable resource #0x10805bd (android:drawable/tab_selected_pressed_holo) that varies with configuration!!
W/Resources(   38): Preloaded drawable resource #0x10805c2 (android:drawable/tab_unselected_pressed_holo) that varies with configuration!!
W/Resources(   38): Preloaded drawable resource #0x10805bd (android:drawable/tab_selected_pressed_holo) that varies with configuration!!
W/Resources(   38): Preloaded drawable resource #0x10805bd (android:drawable/tab_selected_pressed_holo) that varies with configuration!!
W/Resources(   38): Preloaded drawable resource #0x10805c1 (android:drawable/tab_unselected_holo) that varies with configuration!!
W/Resources(   38): Preloaded drawable resource #0x10805bc (android:drawable/tab_selected_holo) that varies with configuration!!
W/Resources(   38): Preloaded drawable resource #0x10805c0 (android:drawable/tab_unselected_focused_holo) that varies with configuration!!
W/Resources(   38): Preloaded drawable resource #0x10805bb (android:drawable/tab_selected_focused_holo) that varies with configuration!!
W/Resources(   38): Preloaded drawable resource #0x10805c2 (android:drawable/tab_unselected_pressed_holo) that varies with configuration!!
W/Resources(   38): Preloaded drawable resource #0x10805bd (android:drawable/tab_selected_pressed_holo) that varies with configuration!!
W/Resources(   38): Preloaded drawable resource #0x10804a5 (android:drawable/quickcontact_badge_overlay_pressed_dark) that varies with configuration!!
W/Resources(   38): Preloaded drawable resource #0x10804a0 (android:drawable/quickcontact_badge_overlay_focused_dark) that varies with configuration!!
W/Resources(   38): Preloaded drawable resource #0x10804a3 (android:drawable/quickcontact_badge_overlay_normal_dark) that varies with configuration!!
W/Resources(   38): Preloaded drawable resource #0x10804a3 (android:drawable/quickcontact_badge_overlay_normal_dark) that varies with configuration!!
W/Resources(   38): Preloaded drawable resource #0x10804a3 (android:drawable/quickcontact_badge_overlay_normal_dark) that varies with configuration!!
D/dalvikvm(   38): GC_EXPLICIT freed 56K, 26% free 2365K/3156K, paused 2ms+3ms, total 47ms
W/Resources(   38): Preloaded drawable resource #0x10804a5 (android:drawable/quickcontact_badge_overlay_pressed_dark) that varies with configuration!!
W/Resources(   38): Preloaded drawable resource #0x10804a6 (android:drawable/quickcontact_badge_overlay_pressed_light) that varies with configuration!!
W/Resources(   38): Preloaded drawable resource #0x10804a1 (android:drawable/quickcontact_badge_overlay_focused_light) that varies with configuration!!
W/Resources(   38): Preloaded drawable resource #0x10804a4 (android:drawable/quickcontact_badge_overlay_normal_light) that varies with configuration!!
W/Resources(   38): Preloaded drawable resource #0x10804a4 (android:drawable/quickcontact_badge_overlay_normal_light) that varies with configuration!!
W/Resources(   38): Preloaded drawable resource #0x10804a4 (android:drawable/quickcontact_badge_overlay_normal_light) that varies with configuration!!
W/Resources(   38): Preloaded drawable resource #0x10804a6 (android:drawable/quickcontact_badge_overlay_pressed_light) that varies with configuration!!
I/Zygote  (   38): ...preloaded 270 resources in 10948ms.
D/dalvikvm(   38): GC_EXPLICIT freed 48K, 25% free 2369K/3156K, paused 3ms+4ms, total 60ms
I/Zygote  (   38): ...preloaded 31 resources in 285ms.
D/dalvikvm(   38): GC_EXPLICIT freed 9K, 25% free 2377K/3156K, paused 9ms+47ms, total 231ms
D/dalvikvm(   38): GC_EXPLICIT freed 7K, 25% free 2369K/3156K, paused 2ms+4ms, total 121ms
D/dalvikvm(   38): GC_EXPLICIT freed <1K, 25% free 2369K/3156K, paused 2ms+43ms, total 140ms
I/dalvikvm(   38): System server process 321 has been created
I/Zygote  (   38): Accepting command socket connections
E/BatteryService(  321): usbOnlinePath not found
E/BatteryService(  321): wirelessOnlinePath not found
E/BatteryService(  321): batteryVoltagePath not found
E/BatteryService(  321): batteryTemperaturePath not found
I/sysproc (  321): Entered system_init()
I/sysproc (  321): ServiceManager: 0x2a1a08f0
D/SensorService(  321): nuSensorService starting...
I/SensorService(  321): Goldfish 3-axis Accelerometer
I/SensorService(  321): Goldfish 3-axis Magnetic field sensor
I/SensorService(  321): Goldfish Orientation sensor
I/SensorService(  321): Goldfish Temperature sensor
I/SensorService(  321): Goldfish Proximity sensor
D/SensorService(  321): nuSensorService thread starting...
I/sysproc (  321): System server: starting Android runtime.
I/sysproc (  321): System server: starting Android services.
I/SystemServer(  321): Entered the Android system server!
I/sysproc (  321): System server: entering thread pool.
I/SystemServer(  321): Enabled StrictMode logging for UI Looper
I/SystemServer(  321): Waiting for installd to be ready.
I/SystemServer(  321): Enabled StrictMode logging for WM Looper
I/Installer(  321): connecting...
I/installd(   41): new connection
I/SystemServer(  321): Entropy Mixer
I/SystemServer(  321): Power Manager
E/PowerManagerService-JNI(  321): Couldn't load power module (No such file or directory)
I/SystemServer(  321): Activity Manager
I/ActivityManager(  321): Memory class: 48
W/UsageStats(  321): Usage stats version changed; dropping
I/ActivityManager(  321): Enabled StrictMode logging for AThread's Looper
I/SystemServer(  321): Display Manager
E/SurfaceFlinger(   37): ro.sf.lcd_density must be defined as a build property
I/DisplayManagerService(  321): Display device added: DisplayDeviceInfo{"Built-in Screen": 480 x 800, 260.416 fps, density 240, 240.0 x 240.0 dpi, touch INTERNAL, FLAG_DEFAULT_DISPLAY, FLAG_ROTATES_WITH_CONTENT, FLAG_SECURE, FLAG_SUPPORTS_PROTECTED_BUFFERS, rotation 0, type BUILT_IN, address null}
I/SystemServer(  321): Telephony Registry
I/SystemServer(  321): Scheduling Policy
I/SystemServer(  321): Package Manager
D/dalvikvm(  321): GC_CONCURRENT freed 224K, 10% free 2651K/2936K, paused 4ms+16ms, total 67ms
D/dalvikvm(  321): WAIT_FOR_CONCURRENT_GC blocked 5ms
D/dalvikvm(  321): GC_CONCURRENT freed 278K, 11% free 2773K/3108K, paused 7ms+50ms, total 187ms
W/PackageManager(  321): Running ENG build: no pre-dexopt!
D/dalvikvm(  321): GC_CONCURRENT freed 211K, 9% free 2970K/3240K, paused 4ms+15ms, total 72ms
W/PackageParser(  321): No actions in intent filter at /system/app/Contacts.apk Binary XML file line #533
D/dalvikvm(  321): GC_CONCURRENT freed 215K, 8% free 3175K/3432K, paused 5ms+12ms, total 173ms
D/dalvikvm(  321): GC_CONCURRENT freed 220K, 7% free 3401K/3656K, paused 5ms+5ms, total 81ms
W/PackageManager(  321): Package com.android.camera desires unavailable shared library com.google.android.media.effects; ignoring!
D/PackageManager(  321): No files in app dir /vendor/app
D/dalvikvm(  321): GC_CONCURRENT freed 228K, 8% free 3662K/3948K, paused 8ms+15ms, total 284ms
W/PackageParser(  321): No actions in intent filter at /data/app/ApiDemos.apk Binary XML file line #2737
W/PackageParser(  321): No actions in intent filter at /data/app/ApiDemos.apk Binary XML file line #2743
W/PackageManager(  321): Package com.example.android.apis desires unavailable shared library com.example.will.never.exist; ignoring!
I/PackageManager(  321): Time to scan packages: 5.06 seconds
W/PackageManager(  321): Unknown permission com.google.android.googleapps.permission.GOOGLE_AUTH.mail in package com.android.contacts
W/PackageManager(  321): Unknown permission android.permission.ADD_SYSTEM_SERVICE in package com.android.phone
W/PackageManager(  321): Unknown permission com.android.smspush.WAPPUSH_MANAGER_BIND in package com.android.phone
W/PackageManager(  321): Unknown permission com.google.android.googleapps.permission.GOOGLE_AUTH in package com.android.providers.calendar
W/PackageManager(  321): Unknown permission com.google.android.googleapps.permission.GOOGLE_AUTH.cl in package com.android.providers.calendar
W/PackageManager(  321): Unknown permission com.google.android.googleapps.permission.GOOGLE_AUTH.mail in package com.android.calendar
W/PackageManager(  321): Not granting permission android.permission.SEND_DOWNLOAD_COMPLETED_INTENTS to package com.android.browser (protectionLevel=2 flags=0x9be45)
W/PackageManager(  321): Not granting permission android.permission.BIND_APPWIDGET to package com.android.widgetpreview (protectionLevel=18 flags=0x8be44)
W/PackageManager(  321): Unknown permission com.google.android.googleapps.permission.GOOGLE_AUTH in package com.android.settings
W/PackageManager(  321): Unknown permission com.google.android.gallery3d.permission.GALLERY_PROVIDER in package com.android.exchange
W/PackageManager(  321): Unknown permission com.google.android.googleapps.permission.ACCESS_GOOGLE_PASSWORD in package com.android.development
W/PackageManager(  321): Unknown permission com.google.android.googleapps.permission.GOOGLE_AUTH in package com.android.development
W/PackageManager(  321): Unknown permission com.google.android.googleapps.permission.GOOGLE_AUTH.ALL_SERVICES in package com.android.development
W/PackageManager(  321): Unknown permission com.google.android.googleapps.permission.GOOGLE_AUTH.YouTubeUser in package com.android.development
W/PackageManager(  321): Unknown permission com.google.android.gallery3d.permission.GALLERY_PROVIDER in package com.android.email
W/PackageManager(  321): Not granting permission android.permission.DEVICE_POWER to package com.android.deskclock (protectionLevel=2 flags=0x8be45)
D/dalvikvm(  321): GC_CONCURRENT freed 317K, 9% free 3804K/4176K, paused 4ms+5ms, total 91ms
D/dalvikvm(  321): GC_EXPLICIT freed 195K, 13% free 3674K/4208K, paused 3ms+3ms, total 64ms
I/SystemServer(  321): User Service
I/SystemServer(  321): Account Manager
I/SystemServer(  321): Content Manager
I/SystemServer(  321): System Content Providers
I/SystemServer(  321): Lights Service
I/SystemServer(  321): Battery Service
I/SystemServer(  321): Vibrator Service
I/libsuspend(  321): Selected early suspend
I/libsuspend(  321): Starting early suspend unblocker thread
D/PermissionCache(   37): checking android.permission.ACCESS_SURFACE_FLINGER for uid=1000 => granted (8574 us)
D/SurfaceFlinger(   37): Screen acquired, type=0 flinger=0x2a007318
D/SurfaceFlinger(   37):  screen was previously acquired
I/SystemServer(  321): Alarm Manager
D/AlarmManagerService(  321): Kernel timezone updated to 0 minutes west of GMT
I/SystemServer(  321): Init Watchdog
I/SystemServer(  321): Input Manager
I/InputManager(  321): Initializing input manager, mUseDevInputEventForAudioJack=false
I/SystemServer(  321): Window Manager
E/SoundPool(  321): error loading /system/media/audio/ui/Lock.ogg
W/KeyguardViewMediator(  321): failed to load lock sound from /system/media/audio/ui/Lock.ogg
E/SoundPool(  321): error loading /system/media/audio/ui/Unlock.ogg
W/KeyguardViewMediator(  321): failed to load unlock sound from /system/media/audio/ui/Unlock.ogg
I/InputManager(  321): Starting input manager
I/SystemServer(  321): No Bluetooh Service (emulator)
I/SystemServer(  321): Input Method Service
W/InputMethodManagerService(  321): Couldn't create dir.: /data/system/inputmethod
I/EventHub(  321): New device: id=1, fd=90, path='/dev/input/event0', name='qwerty2', classes=0x2d, configuration='/system/usr/idc/qwerty2.idc', keyLayout='/system/usr/keylayout/qwerty.kl', keyCharacterMap='/system/usr/keychars/qwerty2.kcm', builtinKeyboard=true, usingSuspendBlockIoctl=false, usingClockIoctl=false
E/EventHub(  321): could not get driver version for /dev/input/mouse0, Not a typewriter
E/EventHub(  321): could not get driver version for /dev/input/mice, Not a typewriter
I/InputReader(  321): Device added: id=-1, name='Virtual', sources=0x00000301
I/InputReader(  321):   Touch device 'qwerty2' could not query the properties of its associated display.  The device will be inoperable until the display size becomes available.
I/InputReader(  321): Device added: id=0, name='qwerty2', sources=0x00011307
E/Trace   (  321): error opening trace file: No such file or directory (2)
D/dalvikvm(  321): GC_CONCURRENT freed 292K, 9% free 3888K/4248K, paused 6ms+10ms, total 530ms
D/dalvikvm(  321): WAIT_FOR_CONCURRENT_GC blocked 312ms
I/SystemServer(  321): Accessibility Manager
I/ActivityManager(  321): Config changes=15f8 {1.0 ?mcc?mnc en_US ldltr sw320dp w320dp h508dp 240dpi nrml long port ?uimode ?night finger -keyb/v/h tball/v s.2}
I/SystemServer(  321): Mount Service
D/MountService(  321): got storage path: /mnt/sdcard description: USB storage primary: true removable: false emulated: false mtpReserve: 0 allowMassStorage: false maxFileSize: 0
D/MountService(  321): addVolumeLocked() StorageVolume [mStorageId=0 mPath=/mnt/sdcard mDescriptionId=17040615 mPrimary=true mRemovable=false mEmulated=false mMtpReserveSpace=0 mAllowMassStorage=false mMaxFileSize=0 mOwner=null]
I/InputReader(  321): Reconfiguring input devices.  changes=0x00000004
I/InputReader(  321): Device reconfigured: id=0, name='qwerty2', size 480x800, orientation 0, mode 1, display id 0
I/InputReader(  321): Reconfiguring input devices.  changes=0x00000004
I/InputReader(  321): Device reconfigured: id=0, name='qwerty2', size 480x800, orientation 0, mode 1, display id 0
I/SystemServer(  321): LockSettingsService
I/SystemServer(  321): Device Policy
I/SystemServer(  321): Status Bar
D/dalvikvm(  321): GREF has increased to 201
D/MountService(  321): volume state changed for /mnt/sdcard (null -> unmounted)
I/PackageManager(  321): Updating external media status from unmounted to unmounted
W/MountService(  321): getSecureContainerList() called when storage not mounted
I/SystemServer(  321): Clipboard Service
I/SystemServer(  321): NetworkManagement Service
I/PackageManager(  321): No secure containers on sdcard
W/PackageManager(  321): Unknown permission com.google.android.googleapps.permission.GOOGLE_AUTH.mail in package com.android.contacts
W/PackageManager(  321): Unknown permission android.permission.ADD_SYSTEM_SERVICE in package com.android.phone
W/PackageManager(  321): Unknown permission com.android.smspush.WAPPUSH_MANAGER_BIND in package com.android.phone
W/PackageManager(  321): Unknown permission com.google.android.googleapps.permission.GOOGLE_AUTH in package com.android.providers.calendar
W/PackageManager(  321): Unknown permission com.google.android.googleapps.permission.GOOGLE_AUTH.cl in package com.android.providers.calendar
W/PackageManager(  321): Unknown permission com.google.android.googleapps.permission.GOOGLE_AUTH.mail in package com.android.calendar
W/PackageManager(  321): Not granting permission android.permission.SEND_DOWNLOAD_COMPLETED_INTENTS to package com.android.browser (protectionLevel=2 flags=0x89be45)
W/PackageManager(  321): Not granting permission android.permission.BIND_APPWIDGET to package com.android.widgetpreview (protectionLevel=18 flags=0x8be44)
W/PackageManager(  321): Unknown permission com.google.android.googleapps.permission.GOOGLE_AUTH in package com.android.settings
W/PackageManager(  321): Unknown permission com.google.android.gallery3d.permission.GALLERY_PROVIDER in package com.android.exchange
W/PackageManager(  321): Unknown permission com.google.android.googleapps.permission.ACCESS_GOOGLE_PASSWORD in package com.android.development
W/PackageManager(  321): Unknown permission com.google.android.googleapps.permission.GOOGLE_AUTH in package com.android.development
W/PackageManager(  321): Unknown permission com.google.android.googleapps.permission.GOOGLE_AUTH.ALL_SERVICES in package com.android.development
W/PackageManager(  321): Unknown permission com.google.android.googleapps.permission.GOOGLE_AUTH.YouTubeUser in package com.android.development
W/PackageManager(  321): Unknown permission com.google.android.gallery3d.permission.GALLERY_PROVIDER in package com.android.email
W/PackageManager(  321): Not granting permission android.permission.DEVICE_POWER to package com.android.deskclock (protectionLevel=2 flags=0x88be45)
I/SystemServer(  321): Text Service Manager Service
D/dalvikvm(  321): GC_CONCURRENT freed 294K, 9% free 3994K/4352K, paused 4ms+2ms, total 58ms
I/SystemServer(  321): NetworkStats Service
I/SystemServer(  321): NetworkPolicy Service
I/SystemServer(  321): Wi-Fi P2pService
I/SystemServer(  321): Wi-Fi Service
E/CommandListener(   34): Failed to open /proc/sys/net/ipv6/conf/wlan0/disable_ipv6: No such file or directory
E/WifiStateMachine(  321): Failed to disable IPv6: java.lang.IllegalStateException: command '1 interface ipv6 wlan0 disable' failed with '400 1 Failed to change IPv6 state (No such file or directory)'
I/SystemServer(  321): Connectivity Service
D/ConnectivityService(  321): ConnectivityService starting up
E/MobileDataStateTracker(  321): default: Ignoring feature request because could not acquire PhoneService
E/MobileDataStateTracker(  321): default: Could not enable APN type "default"
I/WifiService(  321): WifiService starting up with Wi-Fi disabled
I/SystemServer(  321): Network Service Discovery Service
D/NsdService(  321): Network service discovery enabled true
I/SystemServer(  321): Throttle Service
I/SystemServer(  321): UpdateLock Service
I/SystemServer(  321): Notification Manager
I/SystemServer(  321): Device Storage Monitor
I/SystemServer(  321): Location Manager
I/SystemServer(  321): Country Detector
I/SystemServer(  321): Search Service
I/SystemServer(  321): DropBox Service
I/SystemServer(  321): Wallpaper Service
I/SystemServer(  321): Audio Service
D/dalvikvm(  321): GC_CONCURRENT freed 235K, 7% free 4213K/4516K, paused 5ms+15ms, total 360ms
I/SystemServer(  321): Dock Observer
W/DockObserver(  321): This kernel does not have dock station support
I/SystemServer(  321): Wired Accessory Manager
W/WiredAccessoryManager(  321): This kernel does not have wired headset support
W/WiredAccessoryManager(  321): This kernel does not have usb audio support
W/WiredAccessoryManager(  321): This kernel does not have HDMI audio support
I/SystemServer(  321): USB Service
I/SystemServer(  321): Serial Service
I/SystemServer(  321): Twilight Service
I/SystemServer(  321): UI Mode Manager Service
I/SystemServer(  321): Backup Service
V/BackupManagerService(  321): No ancestral data
I/BackupManagerService(  321): Found stale backup journal, scheduling
I/BackupManagerService(  321):   android
I/BackupManagerService(  321):   com.android.browser
I/BackupManagerService(  321):   com.android.calendar
I/BackupManagerService(  321):   com.android.inputmethod.latin
I/BackupManagerService(  321):   com.android.providers.settings
I/BackupManagerService(  321):   com.android.providers.userdictionary
I/BackupManagerService(  321):   com.android.sharedstoragebackup
I/BackupManagerService(  321): Backup enabled => true
I/SystemServer(  321): AppWidget Service
I/SystemServer(  321): Recognition Service
I/SystemServer(  321): DiskStats Service
I/SystemServer(  321): SamplingProfiler Service
I/SystemServer(  321): NetworkTimeUpdateService
I/SystemServer(  321): CommonTimeManagementService
I/SystemServer(  321): CertBlacklister
I/SystemServer(  321): Dreams Service
I/WindowManager(  321): SAFE MODE not enabled
D/dalvikvm(  321): JIT started for system_server
D/dalvikvm(  321): GC_CONCURRENT freed 320K, 9% free 4296K/4680K, paused 5ms+39ms, total 135ms
I/ActivityManager(  321): System now ready
I/SystemServer(  321): Making services ready
I/Zygote  (  321): Process: zygote socket opened
I/ActivityManager(  321): Start proc com.android.systemui for service com.android.systemui/.SystemUIService: pid=414 uid=10034 gids={50034, 1028, 1015, 3002, 3001}
I/Vold    (   32): /dev/block/vold/179:0 being considered for volume sdcard
D/Vold    (   32): Volume sdcard state changing 1 (Idle-Unmounted) -> 3 (Checking)
D/MountService(  321): volume state changed for /mnt/sdcard (unmounted -> checking)
D/MountService(  321): sendStorageIntent Intent { act=android.intent.action.MEDIA_CHECKING dat=file:///mnt/sdcard (has extras) } to UserHandle{-1}
D/NetworkManagementService(  321): not enabling bandwidth control
I/keystore(   42): uid: 1000 action: e -> 7 state: 3 -> 3 retry: 4
W/NetworkStats(  321): bandwidth controls disabled, unable to track stats
W/NetworkPolicy(  321): bandwidth controls disabled, unable to enforce policy
I/keystore(   42): uid: 1000 action: e -> 7 state: 3 -> 3 retry: 4
I/ActivityManager(  321): Config changes=200 {1.0 ?mcc?mnc en_US ldltr sw320dp w320dp h508dp 240dpi nrml long port finger -keyb/v/h tball/v s.3}
W/RecognitionManagerService(  321): no available voice recognition services found for user 0
E/Trace   (  414): error opening trace file: No such file or directory (2)
D/dalvikvm(  321): GC_CONCURRENT freed 104K, 4% free 4691K/4860K, paused 22ms+15ms, total 261ms
D/dalvikvm(  321): WAIT_FOR_CONCURRENT_GC blocked 212ms
I//system/bin/fsck_msdos(   32): ** /dev/block/vold/179:0
D/SystemUIService(  414): loading: class com.android.systemui.statusbar.phone.PhoneStatusBar
D/SystemUIService(  414): running: com.android.systemui.statusbar.phone.PhoneStatusBar@40cd2b38
I/StatusBarManagerService(  321): registerStatusBar bar=com.android.internal.statusbar.IStatusBar$Stub$Proxy@40cc3fe8
I//system/bin/fsck_msdos(   32): ** Phase 1 - Read and Compare FATs
I//system/bin/fsck_msdos(   32): Attempting to allocate 2044 KB for FAT
W/InputMethodManagerService(  321): Ignoring setImeWindowStatus of uid 1000 token: null
W/InputMethodManagerService(  321): Found no subtypes in a system IME: com.android.inputmethod.pinyin
I/ActivityManager(  321): Start proc com.android.inputmethod.latin for service com.android.inputmethod.latin/.LatinIME: pid=451 uid=10010 gids={50010, 1028}
D/dalvikvm(  321): GC_CONCURRENT freed 336K, 8% free 4937K/5336K, paused 6ms+53ms, total 299ms
D/dalvikvm(  321): WAIT_FOR_CONCURRENT_GC blocked 155ms
D/dalvikvm(  321): WAIT_FOR_CONCURRENT_GC blocked 164ms
I/CommonTimeManagementService(  321): No common time service detected on this platform.  Common time services will be unavailable.
I/ActivityManager(  321): Start proc com.android.phone for added application com.android.phone: pid=470 uid=1001 gids={41001, 3002, 3001, 3003, 1015, 1028}
W/SocketClient(   34): write error (Broken pipe)
E/ThrottleService(  321): problem during onPollAlarm: java.lang.IllegalStateException: problem parsing stats: java.io.FileNotFoundException: /proc/net/xt_qtaguid/iface_stat_all: open failed: ENOENT (No such file or directory)
D/dalvikvm(  414): GC_FOR_ALLOC freed 90K, 6% free 2664K/2812K, paused 705ms, total 733ms
I/dalvikvm-heap(  414): Grow heap (frag case) to 3.259MB for 635812-byte allocation
D/dalvikvm(  321): GC_FOR_ALLOC freed 69K, 7% free 5172K/5544K, paused 510ms, total 513ms
E/NetdConnector(  321): NDC Command {4 interface setthrottle rmnet0 -1 -1} took too long (556ms)
I/ActivityManager(  321): START u0 {act=android.intent.action.MAIN cat=[android.intent.category.HOME] flg=0x10000000 cmp=com.android.launcher/com.android.launcher2.Launcher} from pid 0
I/ActivityManager(  321): Start proc com.android.launcher for activity com.android.launcher/com.android.launcher2.Launcher: pid=492 uid=10020 gids={50020, 1028}
I/SystemServer(  321): Enabled StrictMode for system server main thread.
E/Trace   (  470): error opening trace file: No such file or directory (2)
D/dalvikvm(  414): GC_CONCURRENT freed 5K, 5% free 3280K/3436K, paused 15ms+407ms, total 455ms
D/dalvikvm(  414): WAIT_FOR_CONCURRENT_GC blocked 419ms
W/TelephonyProvider(  470): onCreate: confFile=/system/etc/apns-conf.xml oldCheckSum=-1
D/TelephonyManager(  470): getLteOnCdmaMode=0 curVal=-1 product_type='' lteOnCdmaProductType=''
D/dalvikvm(  321): GC_CONCURRENT freed 419K, 9% free 5448K/5932K, paused 28ms+7ms, total 486ms
D/dalvikvm(  321): WAIT_FOR_CONCURRENT_GC blocked 173ms
I/LocationBlacklist(  321): whitelist: []
I/LocationBlacklist(  321): blacklist: []
I/InputReader(  321): Reconfiguring input devices.  changes=0x00000020
E/Trace   (  451): error opening trace file: No such file or directory (2)
D/TelephonyManager(  470): getLteOnCdmaMode=0 curVal=-1 product_type='' lteOnCdmaProductType=''
I/InputReader(  321): Reconfiguring input devices.  changes=0x00000010
E/Trace   (  492): error opening trace file: No such file or directory (2)
E/SurfaceFlinger(   37): ro.sf.lcd_density must be defined as a build property
D/gralloc_goldfish(  321): Emulator without GPU emulation detected.
E/BluetoothAdapter(  414): Bluetooth binder is null
E/BluetoothAdapter(  414): Bluetooth binder is null
D/TelephonyManager(  470): getLteOnCdmaMode=0 curVal=-1 product_type='' lteOnCdmaProductType=''
I/Choreographer(  321): Skipped 2377 frames!  The application may be doing too much work on its main thread.
E/BluetoothAdapter(  414): Bluetooth binder is null
D/dalvikvm(  321): GREF has increased to 301
I/LatinIME(  451): Hardware accelerated drawing: false
W/Settings(  470): Setting airplane_mode_on has moved from android.provider.Settings.System to android.provider.Settings.Global, returning read-only value.
D/dalvikvm(  321): GC_CONCURRENT freed 737K, 13% free 5480K/6280K, paused 289ms+7ms, total 530ms
D/dalvikvm(  321): WAIT_FOR_CONCURRENT_GC blocked 19ms
D/dalvikvm(  321): WAIT_FOR_CONCURRENT_GC blocked 155ms
D/dalvikvm(  321): WAIT_FOR_CONCURRENT_GC blocked 134ms
W/Settings(  470): Setting auto_time has moved from android.provider.Settings.System to android.provider.Settings.Global, returning read-only global URI.
W/Settings(  470): Setting auto_time_zone has moved from android.provider.Settings.System to android.provider.Settings.Global, returning read-only global URI.
D/dalvikvm(  321): WAIT_FOR_CONCURRENT_GC blocked 107ms
W/ActivityManager(  321): Unable to start service Intent { act=com.android.internal.telephony.IWapPushManager } U=0: not found
D/dalvikvm(  321): WAIT_FOR_CONCURRENT_GC blocked 231ms
D/dalvikvm(  321): WAIT_FOR_CONCURRENT_GC blocked 233ms
D/        (  470): [ApnContext:default] set reason as dataEnabled,current state IDLE
D/        (  470): [ApnContext:default] setRetryCount: 0
D/        (  470): [ApnContext:mms] set reason as dataEnabled,current state IDLE
D/        (  470): [ApnContext:mms] setRetryCount: 0
D/dalvikvm(  414): GC_CONCURRENT freed 64K, 4% free 3636K/3752K, paused 43ms+268ms, total 699ms
D/        (  470): [ApnContext:supl] set reason as dataEnabled,current state IDLE
D/        (  470): [ApnContext:supl] setRetryCount: 0
D/        (  470): [ApnContext:hipri] set reason as dataEnabled,current state IDLE
D/        (  470): [ApnContext:hipri] setRetryCount: 0
D/        (  470): [ApnContext:fota] set reason as dataEnabled,current state IDLE
D/        (  470): [ApnContext:fota] setRetryCount: 0
D/        (  470): [ApnContext:ims] set reason as dataEnabled,current state IDLE
D/        (  470): [ApnContext:ims] setRetryCount: 0
D/        (  470): [ApnContext:cbs] set reason as dataEnabled,current state IDLE
D/        (  470): [ApnContext:cbs] setRetryCount: 0
V/TAG     (  321): bug 7643792: fitSystemWindows([0,0][0,0])
I/ActivityManager(  321): Start proc com.android.music for broadcast com.android.music/.MediaButtonIntentReceiver: pid=533 uid=10025 gids={50025, 3003, 1015, 1028}
D/TelephonyManager(  470): getLteOnCdmaMode=0 curVal=-1 product_type='' lteOnCdmaProductType=''
D/CallManager(  470): registerPhone(GSM Handler (com.android.internal.telephony.PhoneProxy) {40d030d8})
I/ActivityManager(  321): Start proc android.process.acore for content provider com.android.providers.contacts/.CallLogProvider: pid=541 uid=10001 gids={50001, 3003, 1015, 1028}
E/BluetoothAdapter(  470): Bluetooth binder is null
V/TAG     (  321): bug 7643792: fitSystemWindows([0,0][0,0])
E/BluetoothAdapter(  414): Bluetooth binder is null
I/Choreographer(  321): Skipped 301 frames!  The application may be doing too much work on its main thread.
I/dalvikvm(  533): Turning on JNI app bug workarounds for target SDK version 9...
D/dalvikvm(  470): GC_CONCURRENT freed 213K, 10% free 2613K/2872K, paused 53ms+579ms, total 2576ms
E/SurfaceFlinger(   37): ro.sf.lcd_density must be defined as a build property
W/WindowManager(  321): Window freeze timeout expired.
W/WindowManager(  321): Force clearing orientation change: Window{40eebc18 u0 Keyguard}
D/dalvikvm(  321): GC_CONCURRENT freed 769K, 14% free 5486K/6320K, paused 24ms+54ms, total 2552ms
D/dalvikvm(  321): WAIT_FOR_CONCURRENT_GC blocked 34ms
I/dalvikvm-heap(  321): Grow heap (frag case) to 6.493MB for 1128976-byte allocation
D/dalvikvm(  321): GC_FOR_ALLOC freed 36K, 12% free 6552K/7424K, paused 156ms, total 156ms
W/InputAttributes(  451): No editor info for this field. Bug?
E/Trace   (  533): error opening trace file: No such file or directory (2)
E/Trace   (  541): error opening trace file: No such file or directory (2)
I/Choreographer(  321): Skipped 654 frames!  The application may be doing too much work on its main thread.
W/InputMethodManagerService(  321): Found no subtypes in a system IME: com.android.inputmethod.pinyin
D/dalvikvm(  451): GC_CONCURRENT freed 268K, 12% free 2503K/2828K, paused 4ms+2ms, total 127ms
I/Choreographer(  321): Skipped 34 frames!  The application may be doing too much work on its main thread.
I/Choreographer(  321): Skipped 39 frames!  The application may be doing too much work on its main thread.
W/ActivityManager(  321): Activity idle timeout for ActivityRecord{40f78b38 u0 com.android.launcher/com.android.launcher2.Launcher}
E/BluetoothAdapter(  321): Bluetooth binder is null
E/BluetoothAdapter(  321): Bluetooth binder is null
V/WiredAccessoryManager(  321): init()
W/dalvikvm(  492): threadid=2: spin on suspend #1 threadid=13 (pcf=0)
D/dalvikvm(  492): Temporarily moving tid 560 to fg (was 0)
D/dalvikvm(  492): Temporarily raised priority on tid 560 (10 -> 0)
E/SoundPool(  321): error loading /system/media/audio/ui/Effect_Tick.ogg
W/AudioService(  321): Soundpool could not load file: /system/media/audio/ui/Effect_Tick.ogg
E/SoundPool(  321): error loading /system/media/audio/ui/Effect_Tick.ogg
W/AudioService(  321): Soundpool could not load file: /system/media/audio/ui/Effect_Tick.ogg
E/SoundPool(  321): error loading /system/media/audio/ui/Effect_Tick.ogg
W/AudioService(  321): Soundpool could not load file: /system/media/audio/ui/Effect_Tick.ogg
E/SoundPool(  321): error loading /system/media/audio/ui/Effect_Tick.ogg
W/AudioService(  321): Soundpool could not load file: /system/media/audio/ui/Effect_Tick.ogg
E/SoundPool(  321): error loading /system/media/audio/ui/Effect_Tick.ogg
W/AudioService(  321): Soundpool could not load file: /system/media/audio/ui/Effect_Tick.ogg
E/SoundPool(  321): error loading /system/media/audio/ui/KeypressStandard.ogg
W/AudioService(  321): Soundpool could not load file: /system/media/audio/ui/KeypressStandard.ogg
W/dalvikvm(  492): threadid=2: spin on suspend resolved in 1135 msec
D/dalvikvm(  492): Restored policy of 560 to 0
D/dalvikvm(  492): Restored priority on 560 to 10
E/SoundPool(  321): error loading /system/media/audio/ui/KeypressSpacebar.ogg
W/AudioService(  321): Soundpool could not load file: /system/media/audio/ui/KeypressSpacebar.ogg
E/SoundPool(  321): error loading /system/media/audio/ui/KeypressDelete.ogg
W/AudioService(  321): Soundpool could not load file: /system/media/audio/ui/KeypressDelete.ogg
E/SoundPool(  321): error loading /system/media/audio/ui/KeypressReturn.ogg
W/AudioService(  321): Soundpool could not load file: /system/media/audio/ui/KeypressReturn.ogg
W/AudioService(  321): loadSoundEffects(), Error -1 while loading samples
I/Choreographer(  321): Skipped 63 frames!  The application may be doing too much work on its main thread.
D/dalvikvm(  492): GC_CONCURRENT freed 182K, 9% free 2617K/2856K, paused 1512ms+79ms, total 1855ms
D/dalvikvm(  541): GC_CONCURRENT freed 178K, 9% free 2616K/2852K, paused 4ms+12ms, total 113ms
E/ActivityThread(  451): Failed to find provider info for com.android.inputmethod.latin.dictionarypack
E/BinaryDictionaryGetter(  451): Could not find a dictionary pack
I/ActivityManager(  321): Start proc com.android.contacts for broadcast com.android.contacts/.calllog.CallLogReceiver: pid=598 uid=10001 gids={50001, 3003, 1015, 1028}
D/PhoneStatusBar(  414): disable: < expand icons alerts ticker system_info back home recent clock search >
I/ActivityManager(  321): Start proc android.process.media for content provider com.android.providers.media/.MediaProvider: pid=606 uid=10000 gids={50000, 1015, 1023, 1024, 1028, 1006, 2001, 3003, 3007}
I/AudioService(  321):   Remote Control   registerMediaButtonIntent() for PendingIntent{40ea2a28: PendingIntentRecord{410396e8 com.android.music broadcastIntent}}
E/Trace   (  606): error opening trace file: No such file or directory (2)
E/Trace   (  598): error opening trace file: No such file or directory (2)
E/BluetoothAdapter(  414): Bluetooth binder is null
D/SystemUIService(  414): loading: class com.android.systemui.power.PowerUI
D/SystemUIService(  414): running: com.android.systemui.power.PowerUI@40e40e28
D/SystemUIService(  414): loading: class com.android.systemui.media.RingtonePlayer
D/SystemUIService(  414): running: com.android.systemui.media.RingtonePlayer@40e41c08
I/Choreographer(  414): Skipped 3809 frames!  The application may be doing too much work on its main thread.
I/DownloadManager(  606): in removeSpuriousFiles
D/dalvikvm(  321): GREF has increased to 401
E/SurfaceFlinger(   37): ro.sf.lcd_density must be defined as a build property
V/TAG     (  321): bug 7643792: fitSystemWindows([0,38][0,0])
I/Choreographer(  321): Skipped 137 frames!  The application may be doing too much work on its main thread.
D/dalvikvm(  492): GC_CONCURRENT freed 89K, 5% free 2985K/3132K, paused 6ms+3ms, total 248ms
W/WindowManager(  321): Window freeze timeout expired.
W/WindowManager(  321): Force clearing orientation change: Window{40f790f0 u0 StatusBar}
E/SurfaceFlinger(   37): ro.sf.lcd_density must be defined as a build property
I/Choreographer(  492): Skipped 64 frames!  The application may be doing too much work on its main thread.
I/Choreographer(  321): Skipped 168 frames!  The application may be doing too much work on its main thread.
D/gralloc_goldfish(  492): Emulator without GPU emulation detected.
D/PhoneStatusBar(  414): disable: < expand icons alerts ticker system_info BACK* HOME* RECENT* CLOCK* SEARCH* >
E/BluetoothAdapter(  470): Bluetooth binder is null
D/dalvikvm(  414): GC_CONCURRENT freed 259K, 8% free 3781K/4096K, paused 4ms+29ms, total 804ms
I/Choreographer(  321): Skipped 89 frames!  The application may be doing too much work on its main thread.
I/ActivityManager(  321): Displayed com.android.launcher/com.android.launcher2.Launcher: +22s711ms
E/SurfaceFlinger(   37): ro.sf.lcd_density must be defined as a build property
D/dalvikvm(  492): GC_CONCURRENT freed 165K, 7% free 3212K/3432K, paused 13ms+4ms, total 337ms
I/Choreographer(  492): Skipped 408 frames!  The application may be doing too much work on its main thread.
D/dalvikvm(  414): GC_FOR_ALLOC freed 12K, 8% free 3771K/4096K, paused 123ms, total 197ms
I/dalvikvm-heap(  414): Grow heap (frag case) to 9.847MB for 6410576-byte allocation
W/WindowManager(  321): Window freeze timeout expired.
W/WindowManager(  321): Force clearing orientation change: Window{4101c708 u0 com.android.systemui.ImageWallpaper}
D/dalvikvm(  414): GC_CONCURRENT freed <1K, 4% free 10031K/10360K, paused 43ms+69ms, total 723ms
I/Choreographer(  492): Skipped 281 frames!  The application may be doing too much work on its main thread.
D/dalvikvm(  414): WAIT_FOR_CONCURRENT_GC blocked 1210ms
D/DebugService(  470): DebugService DebugService:
D/TelephonyDebugService(  470): TelephonyDebugService()
D/dalvikvm(  492): GC_FOR_ALLOC freed 87K, 5% free 3315K/3456K, paused 163ms, total 202ms
I/dalvikvm-heap(  492): Grow heap (frag case) to 3.783MB for 518416-byte allocation
D/dalvikvm(  470): GC_CONCURRENT freed 340K, 13% free 2673K/3072K, paused 4ms+58ms, total 164ms
W/Settings(  470): Setting auto_time_zone has moved from android.provider.Settings.System to android.provider.Settings.Global, returning read-only value.
D/dalvikvm(  492): GC_CONCURRENT freed 8K, 4% free 3813K/3964K, paused 4ms+3ms, total 902ms
D/dalvikvm(  492): WAIT_FOR_CONCURRENT_GC blocked 327ms
D/dalvikvm(  492): GC_FOR_ALLOC freed <1K, 4% free 3813K/3964K, paused 48ms, total 53ms
I/dalvikvm-heap(  492): Grow heap (frag case) to 4.270MB for 518416-byte allocation
D/dalvikvm(  492): GC_CONCURRENT freed <1K, 4% free 4320K/4472K, paused 4ms+3ms, total 112ms
D/dalvikvm(  492): WAIT_FOR_CONCURRENT_GC blocked 88ms
D/dalvikvm(  492): GREF has increased to 201
I/Choreographer(  492): Skipped 542 frames!  The application may be doing too much work on its main thread.
D/CAT     (  470): CatService: Running CAT service. STK app installed:false
D/CAT     (  470): CatService: NEW sInstance
I/Choreographer(  492): Skipped 51 frames!  The application may be doing too much work on its main thread.
D/dalvikvm(  492): GC_CONCURRENT freed 9K, 3% free 4839K/4980K, paused 45ms+43ms, total 213ms
I//system/bin/fsck_msdos(   32): Attempting to allocate 2044 KB for FAT
I//system/bin/fsck_msdos(   32): ** Phase 2 - Check Cluster Chains
I//system/bin/fsck_msdos(   32): ** Phase 3 - Checking Directories
I//system/bin/fsck_msdos(   32): ** Phase 4 - Checking for Lost Files
I//system/bin/fsck_msdos(   32): 12 files, 1044448 free (522224 clusters)
I/Vold    (   32): Filesystem check completed OK
I/Vold    (   32): Device /dev/block/vold/179:0, target /mnt/sdcard mounted @ /mnt/secure/staging
D/Vold    (   32): Volume sdcard state changing 3 (Checking) -> 4 (Mounted)
D/MountService(  321): volume state changed for /mnt/sdcard (checking -> mounted)
I/PackageManager(  321): Updating external media status from unmounted to mounted
D/MountService(  321): sendStorageIntent Intent { act=android.intent.action.MEDIA_MOUNTED dat=file:///mnt/sdcard (has extras) } to UserHandle{-1}
E/VoldConnector(  321): NDC Command {3 volume mount /mnt/sdcard} took too long (36610ms)
W/ProcessStats(  321): Skipping unknown process pid 698
D/dalvikvm(  414): GC_FOR_ALLOC freed <1K, 3% free 10140K/10356K, paused 389ms, total 489ms
I/dalvikvm-heap(  414): Grow heap (frag case) to 12.651MB for 2828816-byte allocation
D/CAT     (  470): CatService: SIM ready. Reporting STK service running now...
D/dalvikvm(  414): GC_CONCURRENT freed <1K, 2% free 12902K/13120K, paused 21ms+243ms, total 716ms
D/dalvikvm(  414): WAIT_FOR_CONCURRENT_GC blocked 553ms
D/dalvikvm(  414): WAIT_FOR_CONCURRENT_GC blocked 654ms
D/gralloc_goldfish(  414): Emulator without GPU emulation detected.
D/dalvikvm(  321): GC_CONCURRENT freed 1778K, 25% free 5735K/7576K, paused 1251ms+140ms, total 2513ms
I/Choreographer(  492): Skipped 941 frames!  The application may be doing too much work on its main thread.
D/MccTable(  470): updateMccMncConfiguration: mcc=310, mnc=260
D/TelephonyManager(  470): getLteOnCdmaMode=0 curVal=-1 product_type='' lteOnCdmaProductType=''
D/MccTable(  470): locale set to en_us
D/MccTable(  470): WIFI_COUNTRY_CODE set to us
I/WifiService(  321): WifiService trying to set country code to us with persist set to true
D/dalvikvm(  470): GC_CONCURRENT freed 295K, 12% free 2776K/3128K, paused 4ms+74ms, total 179ms
I/ActivityManager(  321): Config changes=1403 {1.0 310mcc260mnc en_US ldltr sw320dp w320dp h508dp 240dpi nrml long port finger -keyb/v/h tball/v s.4}
W/SurfaceFlinger(   37): createScreenshotSurface failed (Function not implemented)
I/Choreographer(  414): Skipped 4657 frames!  The application may be doing too much work on its main thread.
I/SurfaceFlinger(   37): Boot is finished (80778 ms)
I/ActivityManager(  321): Config changes=1400 {1.0 310mcc260mnc en_US ldltr sw320dp w320dp h508dp 240dpi nrml long port finger -keyb/v/h tball/v s.5}
I/PowerManagerService(  321): Boot animation finished.
E/VoldConnector(  321): NDC Command {4 asec list} took too long (2130ms)
I/PackageManager(  321): No secure containers on sdcard
W/GpsLocationProvider(  321): Could not open GPS configuration file /etc/gps.conf
D/dalvikvm(  321): GC_CONCURRENT freed 345K, 19% free 6194K/7576K, paused 27ms+9ms, total 94ms
D/dalvikvm(  321): WAIT_FOR_CONCURRENT_GC blocked 58ms
W/PackageManager(  321): Unknown permission com.google.android.googleapps.permission.GOOGLE_AUTH.mail in package com.android.contacts
D/dalvikvm(  321): GC_CONCURRENT freed 407K, 13% free 6651K/7576K, paused 20ms+35ms, total 347ms
W/PackageManager(  321): Unknown permission android.permission.ADD_SYSTEM_SERVICE in package com.android.phone
W/PackageManager(  321): Unknown permission com.android.smspush.WAPPUSH_MANAGER_BIND in package com.android.phone
W/PackageManager(  321): Unknown permission com.google.android.googleapps.permission.GOOGLE_AUTH in package com.android.providers.calendar
W/PackageManager(  321): Unknown permission com.google.android.googleapps.permission.GOOGLE_AUTH.cl in package com.android.providers.calendar
W/PackageManager(  321): Unknown permission com.google.android.googleapps.permission.GOOGLE_AUTH.mail in package com.android.calendar
W/PackageManager(  321): Not granting permission android.permission.SEND_DOWNLOAD_COMPLETED_INTENTS to package com.android.browser (protectionLevel=2 flags=0x89be45)
W/PackageManager(  321): Not granting permission android.permission.BIND_APPWIDGET to package com.android.widgetpreview (protectionLevel=18 flags=0x8be44)
D/AndroidRuntime(  719): 
D/AndroidRuntime(  719): >>>>>> AndroidRuntime START com.android.internal.os.RuntimeInit <<<<<<
D/AndroidRuntime(  719): CheckJNI is ON
W/PackageManager(  321): Unknown permission com.google.android.googleapps.permission.GOOGLE_AUTH in package com.android.settings
D/dalvikvm(  719): Trying to load lib libjavacore.so 0x0
D/dalvikvm(  719): Added shared lib libjavacore.so 0x0
D/dalvikvm(  719): Trying to load lib libnativehelper.so 0x0
D/dalvikvm(  719): Added shared lib libnativehelper.so 0x0
W/PackageManager(  321): Unknown permission com.google.android.gallery3d.permission.GALLERY_PROVIDER in package com.android.exchange
W/PackageManager(  321): Unknown permission com.google.android.googleapps.permission.ACCESS_GOOGLE_PASSWORD in package com.android.development
W/PackageManager(  321): Unknown permission com.google.android.googleapps.permission.GOOGLE_AUTH in package com.android.development
W/PackageManager(  321): Unknown permission com.google.android.googleapps.permission.GOOGLE_AUTH.ALL_SERVICES in package com.android.development
W/PackageManager(  321): Unknown permission com.google.android.googleapps.permission.GOOGLE_AUTH.YouTubeUser in package com.android.development
W/PackageManager(  321): Unknown permission com.google.android.gallery3d.permission.GALLERY_PROVIDER in package com.android.email
W/PackageManager(  321): Not granting permission android.permission.DEVICE_POWER to package com.android.deskclock (protectionLevel=2 flags=0x88be45)
D/MccTable(  470): updateMccMncConfiguration: mcc=310, mnc=260
D/TelephonyManager(  470): getLteOnCdmaMode=0 curVal=-1 product_type='' lteOnCdmaProductType=''
D/MccTable(  470): locale set to en_us
D/MccTable(  470): WIFI_COUNTRY_CODE set to us
I/WifiService(  321): WifiService trying to set country code to us with persist set to true
D/AndroidRuntime(  719): Calling main entry com.android.commands.am.Am
D/dalvikvm(  719): Note: class Landroid/app/ActivityManagerNative; has 157 unimplemented (abstract) methods
I/ActivityManager(  321): Config changes=1400 {1.0 310mcc260mnc en_US ldltr sw320dp w320dp h508dp 240dpi nrml long port finger -keyb/v/h tball/v s.6}
W/ServiceWatcher(  321): com.google.android.location not found
D/dalvikvm(  729): Not late-enabling CheckJNI (already on)
I/ActivityManager(  321): Start proc it.unina.android.ripper_service:android_ripper_service_process for service it.unina.android.ripper_service/.AndroidRipperService: pid=729 uid=10049 gids={50049, 3003, 1028}
D/AndroidRuntime(  719): Shutting down VM
D/dalvikvm(  719): GC_CONCURRENT freed 94K, 17% free 499K/596K, paused 1ms+1ms, total 7ms
D/jdwp    (  719): Got wake-up signal, bailing out of select
D/dalvikvm(  719): Debugger has detached; object registry had 1 entries
D/dalvikvm(   38): GC_EXPLICIT freed 35K, 4% free 2381K/2472K, paused 3ms+4ms, total 100ms
D/dalvikvm(   38): GC_EXPLICIT freed <1K, 4% free 2381K/2472K, paused 3ms+7ms, total 76ms
I/Choreographer(  414): Skipped 994 frames!  The application may be doing too much work on its main thread.
D/dalvikvm(   38): GC_EXPLICIT freed <1K, 4% free 2382K/2472K, paused 3ms+3ms, total 81ms
W/ProcessStats(  321): Skipping unknown process pid 717
W/ProcessStats(  321): Skipping unknown process pid 719
W/WindowManager(  321): App freeze timeout expired.
W/WindowManager(  321): Force clearing freeze: AppWindowToken{40f214f8 token=Token{40dfec30 ActivityRecord{40f78b38 u0 com.android.launcher/com.android.launcher2.Launcher}}}
I/AccountTypeManager(  598): Loaded meta-data for 1 account types, 0 accounts in 3368ms(wall) 22ms(cpu)
I/Choreographer(  321): Skipped 1041 frames!  The application may be doing too much work on its main thread.
W/ServiceWatcher(  321): com.google.android.location not found
E/Trace   (  729): error opening trace file: No such file or directory (2)
I/Choreographer(  414): Skipped 36 frames!  The application may be doing too much work on its main thread.
D/dalvikvm(  492): GC_CONCURRENT freed 1944K, 36% free 3671K/5672K, paused 4ms+5ms, total 147ms
V/AndroidRipperService(  729): onCreate()
V/SERVER  (  729): Starting ServerSocket on PORT 8888
V/SERVER  (  729): Started ServerSocket on PORT 8888
V/SERVER  (  729): Ready to accept connections on port: 8888
D/dalvikvm(  321): GC_FOR_ALLOC freed 439K, 13% free 6605K/7576K, paused 152ms, total 164ms
I/dalvikvm-heap(  321): Grow heap (frag case) to 7.586MB for 1128976-byte allocation
D/dalvikvm(  470): GC_CONCURRENT freed 302K, 11% free 2919K/3280K, paused 4ms+21ms, total 178ms
D/dalvikvm(  321): GC_FOR_ALLOC freed 886K, 22% free 6821K/8680K, paused 290ms, total 290ms
D/Launcher.Model(  492): Reload apps on config change. curr_mcc:310 prevmcc:0
I/Choreographer(  492): Skipped 1481 frames!  The application may be doing too much work on its main thread.
D/AndroidRuntime(  750): 
D/AndroidRuntime(  750): >>>>>> AndroidRuntime START com.android.internal.os.RuntimeInit <<<<<<
D/AndroidRuntime(  750): CheckJNI is ON
D/dalvikvm(  750): Trying to load lib libjavacore.so 0x0
I/Choreographer(  321): Skipped 255 frames!  The application may be doing too much work on its main thread.
D/dalvikvm(  750): Added shared lib libjavacore.so 0x0
D/dalvikvm(  750): Trying to load lib libnativehelper.so 0x0
D/dalvikvm(  750): Added shared lib libnativehelper.so 0x0
W/Resources(   38): Preloaded drawable resource #0x1080275 (android:drawable/fastscroll_label_left_holo_light) that varies with configuration!!
D/dalvikvm(   38): GC_EXPLICIT freed 57K, 26% free 2359K/3156K, paused 3ms+3ms, total 108ms
W/Resources(   38): Preloaded drawable resource #0x1080277 (android:drawable/fastscroll_label_right_holo_light) that varies with configuration!!
D/dalvikvm(   38): GC_EXPLICIT freed 50K, 26% free 2358K/3156K, paused 3ms+3ms, total 86ms
W/Resources(   38): Preloaded drawable resource #0x1080259 (android:drawable/editbox_dropdown_background_dark) that varies with configuration!!
W/Resources(   38): Preloaded drawable resource #0x10805f8 (android:drawable/textfield_search_selected_holo_dark) that varies with configuration!!
