I/dalvikvm(  429): Turning on JNI app bug workarounds for target SDK version 9...
E/BluetoothAdapter(  342): Bluetooth binder is null
D/dalvikvm(  281): GC_CONCURRENT freed 759K, 13% free 5492K/6308K, paused 400ms+494ms, total 2325ms
I/Choreographer(  281): Skipped 332 frames!  The application may be doing too much work on its main thread.
W/WindowManager(  281): Window freeze timeout expired.
W/WindowManager(  281): Force clearing orientation change: Window{40e78658 u0 Keyguard}
E/SurfaceFlinger(   37): ro.sf.lcd_density must be defined as a build property
W/InputMethodManagerService(  281): Found no subtypes in a system IME: com.android.inputmethod.pinyin
E/Trace   (  429): error opening trace file: No such file or directory (2)
E/Trace   (  445): error opening trace file: No such file or directory (2)
W/Settings(  385): Setting airplane_mode_on has moved from android.provider.Settings.System to android.provider.Settings.Global, returning read-only value.
W/Settings(  385): Setting auto_time has moved from android.provider.Settings.System to android.provider.Settings.Global, returning read-only global URI.
W/Settings(  385): Setting auto_time_zone has moved from android.provider.Settings.System to android.provider.Settings.Global, returning read-only global URI.
W/GpsLocationProvider(  281): Could not open GPS configuration file /etc/gps.conf
W/ServiceWatcher(  281): com.google.android.location not found
W/ActivityManager(  281): Unable to start service Intent { act=com.android.internal.telephony.IWapPushManager } U=0: not found
D/dalvikvm(  405): GC_CONCURRENT freed 180K, 9% free 2621K/2856K, paused 4ms+89ms, total 210ms
D/        (  385): [ApnContext:default] set reason as dataEnabled,current state IDLE
D/        (  385): [ApnContext:default] setRetryCount: 0
D/        (  385): [ApnContext:mms] set reason as dataEnabled,current state IDLE
D/        (  385): [ApnContext:mms] setRetryCount: 0
D/        (  385): [ApnContext:supl] set reason as dataEnabled,current state IDLE
D/        (  385): [ApnContext:supl] setRetryCount: 0
D/        (  385): [ApnContext:hipri] set reason as dataEnabled,current state IDLE
D/        (  385): [ApnContext:hipri] setRetryCount: 0
D/        (  385): [ApnContext:fota] set reason as dataEnabled,current state IDLE
D/        (  385): [ApnContext:fota] setRetryCount: 0
D/        (  385): [ApnContext:ims] set reason as dataEnabled,current state IDLE
D/        (  385): [ApnContext:ims] setRetryCount: 0
D/        (  385): [ApnContext:cbs] set reason as dataEnabled,current state IDLE
D/        (  385): [ApnContext:cbs] setRetryCount: 0
D/dalvikvm(  281): GC_FOR_ALLOC freed 94K, 14% free 5468K/6308K, paused 691ms, total 708ms
I/dalvikvm-heap(  281): Grow heap (frag case) to 6.476MB for 1128976-byte allocation
D/dalvikvm(  281): GC_FOR_ALLOC freed 3K, 12% free 6567K/7412K, paused 420ms, total 420ms
D/TelephonyManager(  385): getLteOnCdmaMode=0 curVal=-1 product_type='' lteOnCdmaProductType=''
D/dalvikvm(  385): GC_CONCURRENT freed 198K, 9% free 2579K/2832K, paused 255ms+53ms, total 523ms
D/CallManager(  385): registerPhone(GSM Handler (com.android.internal.telephony.PhoneProxy) {40d029c0})
I/AudioService(  281):   Remote Control   registerMediaButtonIntent() for PendingIntent{40ef3500: PendingIntentRecord{410162f0 com.android.music broadcastIntent}}
I/ActivityManager(  281): Start proc android.process.media for content provider com.android.providers.media/.MediaProvider: pid=472 uid=10000 gids={50000, 1015, 1023, 1024, 1028, 1006, 2001, 3003, 3007}
E/BluetoothAdapter(  385): Bluetooth binder is null
I/Choreographer(  281): Skipped 999 frames!  The application may be doing too much work on its main thread.
W/ServiceWatcher(  281): com.google.android.location not found
W/LocationManagerService(  281): no network location provider found
W/ServiceWatcher(  281): com.google.android.location not found
I/Choreographer(  281): Skipped 156 frames!  The application may be doing too much work on its main thread.
E/BluetoothAdapter(  385): Bluetooth binder is null
D/dalvikvm(  281): GC_CONCURRENT freed 21K, 12% free 6596K/7412K, paused 311ms+222ms, total 1876ms
D/PhoneStatusBar(  342): disable: < expand icons alerts ticker system_info back home recent clock search >
I//system/bin/fsck_msdos(   32): Attempting to allocate 2044 KB for FAT
D/dalvikvm(  405): GC_CONCURRENT freed 91K, 5% free 2993K/3140K, paused 5ms+72ms, total 161ms
I/ActivityManager(  281): Start proc com.android.location.fused for service com.android.location.fused/.FusedLocationService: pid=493 uid=10022 gids={50022, 1028}
E/Trace   (  472): error opening trace file: No such file or directory (2)
E/BluetoothAdapter(  342): Bluetooth binder is null
W/ServiceWatcher(  281): com.google.android.location not found
E/LocationManagerService(  281): no geocoder provider found
D/SystemUIService(  342): loading: class com.android.systemui.power.PowerUI
W/ActivityManager(  281): Activity idle timeout for ActivityRecord{40f8e370 u0 com.android.launcher/com.android.launcher2.Launcher}
E/Trace   (  493): error opening trace file: No such file or directory (2)
D/SystemUIService(  342): running: com.android.systemui.power.PowerUI@40e5c6a8
D/SystemUIService(  342): loading: class com.android.systemui.media.RingtonePlayer
D/SystemUIService(  342): running: com.android.systemui.media.RingtonePlayer@40e5d328
W/ActivityManager(  281): Timeout executing service: ServiceRecord{40f02b50 u0 com.android.systemui/.SystemUIService}
I/Choreographer(  342): Skipped 4216 frames!  The application may be doing too much work on its main thread.
I/Process (  281): Sending signal. PID: 342 SIG: 3
I/dalvikvm(  342): threadid=3: reacting to signal 3
I/Process (  281): Sending signal. PID: 281 SIG: 3
I/dalvikvm(  281): threadid=3: reacting to signal 3
D/dalvikvm(  405): GC_CONCURRENT freed 200K, 8% free 3207K/3464K, paused 45ms+24ms, total 488ms
I/dalvikvm(  342): Wrote stack traces to '/data/anr/traces.txt'
D/dalvikvm(  342): GC_CONCURRENT freed 233K, 8% free 3808K/4096K, paused 14ms+3ms, total 163ms
D/dalvikvm(  445): GC_CONCURRENT freed 196K, 9% free 2612K/2864K, paused 9ms+156ms, total 542ms
I/Process (  281): Sending signal. PID: 385 SIG: 3
I/dalvikvm(  385): threadid=3: reacting to signal 3
D/dalvikvm(  281): GREF has increased to 401
I/Choreographer(  405): Skipped 34 frames!  The application may be doing too much work on its main thread.
I/dalvikvm(  281): Wrote stack traces to '/data/anr/traces.txt'
I/DownloadManager(  472): in removeSpuriousFiles
I/Choreographer(  281): Skipped 81 frames!  The application may be doing too much work on its main thread.
I/dalvikvm(  385): Wrote stack traces to '/data/anr/traces.txt'
W/ProcessStats(  281): Skipping unknown process pid 509
D/DebugService(  385): DebugService DebugService:
D/TelephonyDebugService(  385): TelephonyDebugService()
W/Settings(  385): Setting auto_time_zone has moved from android.provider.Settings.System to android.provider.Settings.Global, returning read-only value.
D/dalvikvm(  385): GC_CONCURRENT freed 341K, 13% free 2677K/3076K, paused 141ms+84ms, total 584ms
D/dalvikvm(  281): GC_EXPLICIT freed 1679K, 24% free 5753K/7496K, paused 143ms+7ms, total 844ms
D/CAT     (  385): CatService: Running CAT service. STK app installed:false
D/CAT     (  385): CatService: NEW sInstance
D/CAT     (  385): CatService: SIM ready. Reporting STK service running now...
V/TAG     (  281): bug 7643792: fitSystemWindows([0,38][0,0])
W/WindowManager(  281): Window freeze timeout expired.
W/WindowManager(  281): Force clearing orientation change: Window{40efab38 u0 StatusBar}
W/WindowManager(  281): Force clearing orientation change: Window{40e78658 u0 Keyguard}
W/WindowManager(  281): Force clearing orientation change: Window{41046b20 u0 com.android.launcher/com.android.launcher2.Launcher}
E/SurfaceFlinger(   37): ro.sf.lcd_density must be defined as a build property
E/SurfaceFlinger(   37): ro.sf.lcd_density must be defined as a build property
D/MccTable(  385): updateMccMncConfiguration: mcc=310, mnc=260
D/TelephonyManager(  385): getLteOnCdmaMode=0 curVal=-1 product_type='' lteOnCdmaProductType=''
D/MccTable(  385): locale set to en_us
D/MccTable(  385): WIFI_COUNTRY_CODE set to us
I/Choreographer(  405): Skipped 163 frames!  The application may be doing too much work on its main thread.
E/ActivityManager(  281): ANR in com.android.systemui
E/ActivityManager(  281): Reason: Executing service com.android.systemui/.SystemUIService
E/ActivityManager(  281): Load: 6.3 / 1.63 / 0.55
E/ActivityManager(  281): CPU usage from 0ms to 8511ms later:
E/ActivityManager(  281):   20% 281/system_server: 12% user + 7.6% kernel / faults: 1032 minor 3 major
E/ActivityManager(  281):   13% 37/surfaceflinger: 11% user + 1.9% kernel / faults: 4 minor
E/ActivityManager(  281):   10% 385/com.android.phone: 6.9% user + 3.6% kernel / faults: 845 minor 8 major
E/ActivityManager(  281):   5% 405/com.android.launcher: 2.6% user + 2.4% kernel / faults: 718 minor 1 major
E/ActivityManager(  281):   4.8% 342/com.android.systemui: 2.9% user + 1.9% kernel / faults: 701 minor 2 major
E/ActivityManager(  281):   4.3% 472/android.process.media: 1.9% user + 2.4% kernel / faults: 1015 minor 13 major
E/ActivityManager(  281):   3.7% 445/android.process.acore: 2.1% user + 1.5% kernel / faults: 1173 minor
E/ActivityManager(  281):   3.1% 86/bootanimation: 2.9% user + 0.2% kernel
E/ActivityManager(  281):   0.9% 346/fsck_msdos: 0.2% user + 0.6% kernel / faults: 1298 minor
E/ActivityManager(  281):   0.4% 36/rild: 0.1% user + 0.2% kernel / faults: 3 minor
E/ActivityManager(  281):   0.6% 493/com.android.location.fused: 0.4% user + 0.2% kernel / faults: 276 minor
E/ActivityManager(  281):   0.5% 429/com.android.music: 0.2% user + 0.3% kernel / faults: 175 minor
E/ActivityManager(  281):   0.3% 40/mediaserver: 0% user + 0.3% kernel
E/ActivityManager(  281):   0.2% 29/mmcqd: 0% user + 0.2% kernel
E/ActivityManager(  281):   0.2% 31/servicemanager: 0% user + 0.2% kernel
E/ActivityManager(  281):   0.1% 372/com.android.inputmethod.latin: 0% user + 0.1% kernel / faults: 67 minor 1 major
E/ActivityManager(  281): 100% TOTAL: 63% user + 35% kernel + 0.1% irq
E/ActivityManager(  281): CPU usage from 7098ms to 7837ms later:
E/ActivityManager(  281):   31% 385/com.android.phone: 21% user + 10% kernel / faults: 303 minor 4 major
E/ActivityManager(  281):     20% 385/m.android.phone: 16% user + 3.5% kernel
E/ActivityManager(  281):     11% 458/RILReceiver: 10% user + 0.8% kernel
E/ActivityManager(  281):     7% 395/Compiler: 0.8% user + 6.1% kernel
E/ActivityManager(  281):     2.6% 457/RILSender: 0.8% user + 1.7% kernel
E/ActivityManager(  281):    +0% 523/Cat Telephony s: 0% user + 0% kernel
E/ActivityManager(  281):    +0% 524/RilMessageDecod: 0% user + 0% kernel
E/ActivityManager(  281):    +0% 525/Cat Icon Loader: 0% user + 0% kernel
E/ActivityManager(  281):   26% 281/system_server: 17% user + 9.3% kernel / faults: 105 minor
E/ActivityManager(  281):     12% 298/ActivityManager: 2.6% user + 9.3% kernel
E/ActivityManager(  281):     4% 281/system_server: 4% user + 0% kernel
E/ActivityManager(  281):     4% 287/Compiler: 1.3% user + 2.6% kernel
E/ActivityManager(  281):     2.6% 309/PowerManagerSer: 1.3% user + 1.3% kernel
E/ActivityManager(  281):     2.6% 420/Binder_3: 2.6% user + 0% kernel
E/ActivityManager(  281):     2.6% 491/Binder_9: 1.3% user + 1.3% kernel
E/ActivityManager(  281):     1.3% 292/Binder_1: 1.3% user + 0% kernel
E/ActivityManager(  281):     1.3% 421/Binder_4: 1.3% user + 0% kernel
E/ActivityManager(  281):     1.3% 442/Binder_5: 0% user + 1.3% kernel
E/ActivityManager(  281):     1.3% 464/Binder_7: 0% user + 1.3% kernel
E/ActivityManager(  281):     1.3% 492/Binder_A: 1.3% user + 0% kernel
E/ActivityManager(  281):     1.3% 513/Binder_B: 0% user + 1.3% kernel
E/ActivityManager(  281):     1.3% 514/Binder_C: 0% user + 1.3% kernel
E/ActivityManager(  281):    +0% 526/Error dump: sys: 0% user + 0% kernel
E/ActivityManager(  281):   13% 37/surfaceflinger: 11% user + 2.5% kernel
E/ActivityManager(  281):     11% 69/SurfaceFlinger: 11% user + 0% kernel
E/ActivityManager(  281):     1.2% 37/surfaceflinger: 1.2% user + 0% kernel
E/ActivityManager(  281):     1.2% 85/Binder_1: 0% user + 1.2% kernel
E/ActivityManager(  281):   3.7% 36/rild: 1.2% user + 2.5% kernel
E/ActivityManager(  281):     1.2% 91/rild: 0% user + 1.2% kernel
E/ActivityManager(  281):   0.2% 31/servicemanager: 0% user + 0.2% kernel
E/ActivityManager(  281):   1.2% 86/bootanimation: 1.2% user + 0% kernel
E/ActivityManager(  281):     2.5% 107/BootAnimation: 2.5% user + 0% kernel
E/ActivityManager(  281): 100% TOTAL: 62% user + 37% kernel
W/ActivityManager(  281): Killing ProcessRecord{40ee96f0 342:com.android.systemui/u0a10034}: background ANR
I/Choreographer(  281): Skipped 273 frames!  The application may be doing too much work on its main thread.
I/Choreographer(  405): Skipped 65 frames!  The application may be doing too much work on its main thread.
D/dalvikvm(  281): GC_CONCURRENT freed 607K, 21% free 5993K/7496K, paused 33ms+23ms, total 251ms
D/dalvikvm(  281): WAIT_FOR_CONCURRENT_GC blocked 56ms
D/dalvikvm(  281): WAIT_FOR_CONCURRENT_GC blocked 117ms
I/WifiService(  281): WifiService trying to set country code to us with persist set to true
D/dalvikvm(  281): WAIT_FOR_CONCURRENT_GC blocked 104ms
D/dalvikvm(  281): WAIT_FOR_CONCURRENT_GC blocked 134ms
D/dalvikvm(  281): WAIT_FOR_CONCURRENT_GC blocked 137ms
I/Choreographer(  281): Skipped 55 frames!  The application may be doing too much work on its main thread.
I/WindowState(  281): WIN DEATH: Window{40efab38 u0 StatusBar}
D/dalvikvm(  405): GC_FOR_ALLOC freed 54K, 7% free 3245K/3464K, paused 358ms, total 413ms
I/dalvikvm-heap(  405): Grow heap (frag case) to 3.715MB for 518416-byte allocation
I/Choreographer(  281): Skipped 99 frames!  The application may be doing too much work on its main thread.
V/TAG     (  281): bug 7643792: fitSystemWindows([0,0][0,0])
W/BroadcastQueue(  281): Failure sending broadcast Intent { act=android.provider.Telephony.SPN_STRINGS_UPDATED flg=0x20000010 (has extras) }
W/BroadcastQueue(  281): android.os.DeadObjectException
W/BroadcastQueue(  281): 	at android.os.BinderProxy.transact(Native Method)
W/BroadcastQueue(  281): 	at android.app.ApplicationThreadProxy.scheduleRegisteredReceiver(ApplicationThreadNative.java:1009)
W/BroadcastQueue(  281): 	at com.android.server.am.BroadcastQueue.performReceiveLocked(BroadcastQueue.java:373)
W/BroadcastQueue(  281): 	at com.android.server.am.BroadcastQueue.deliverToRegisteredReceiverLocked(BroadcastQueue.java:439)
W/BroadcastQueue(  281): 	at com.android.server.am.BroadcastQueue.processNextBroadcast(BroadcastQueue.java:487)
W/BroadcastQueue(  281): 	at com.android.server.am.BroadcastQueue$1.handleMessage(BroadcastQueue.java:140)
W/BroadcastQueue(  281): 	at android.os.Handler.dispatchMessage(Handler.java:99)
W/BroadcastQueue(  281): 	at android.os.Looper.loop(Looper.java:137)
W/BroadcastQueue(  281): 	at com.android.server.am.ActivityManagerService$AThread.run(ActivityManagerService.java:1480)
I/Choreographer(  281): Skipped 77 frames!  The application may be doing too much work on its main thread.
D/dalvikvm(  405): GC_FOR_ALLOC freed 4K, 6% free 3747K/3972K, paused 943ms, total 943ms
W/BroadcastQueue(  281): Failure sending broadcast Intent { act=android.intent.action.SIM_STATE_CHANGED flg=0x20000010 (has extras) }
W/BroadcastQueue(  281): android.os.DeadObjectException
W/BroadcastQueue(  281): 	at android.os.BinderProxy.transact(Native Method)
W/BroadcastQueue(  281): 	at android.app.ApplicationThreadProxy.scheduleRegisteredReceiver(ApplicationThreadNative.java:1009)
W/BroadcastQueue(  281): 	at com.android.server.am.BroadcastQueue.performReceiveLocked(BroadcastQueue.java:373)
W/BroadcastQueue(  281): 	at com.android.server.am.BroadcastQueue.deliverToRegisteredReceiverLocked(BroadcastQueue.java:439)
W/BroadcastQueue(  281): 	at com.android.server.am.BroadcastQueue.processNextBroadcast(BroadcastQueue.java:487)
W/BroadcastQueue(  281): 	at com.android.server.am.BroadcastQueue$1.handleMessage(BroadcastQueue.java:140)
W/BroadcastQueue(  281): 	at android.os.Handler.dispatchMessage(Handler.java:99)
W/BroadcastQueue(  281): 	at android.os.Looper.loop(Looper.java:137)
W/BroadcastQueue(  281): 	at com.android.server.am.ActivityManagerService$AThread.run(ActivityManagerService.java:1480)
W/BroadcastQueue(  281): Failure sending broadcast Intent { act=android.intent.action.SIM_STATE_CHANGED flg=0x20000010 (has extras) }
W/BroadcastQueue(  281): android.os.DeadObjectException
W/BroadcastQueue(  281): 	at android.os.BinderProxy.transact(Native Method)
W/BroadcastQueue(  281): 	at android.app.ApplicationThreadProxy.scheduleRegisteredReceiver(ApplicationThreadNative.java:1009)
W/BroadcastQueue(  281): 	at com.android.server.am.BroadcastQueue.performReceiveLocked(BroadcastQueue.java:373)
W/BroadcastQueue(  281): 	at com.android.server.am.BroadcastQueue.deliverToRegisteredReceiverLocked(BroadcastQueue.java:439)
W/BroadcastQueue(  281): 	at com.android.server.am.BroadcastQueue.processNextBroadcast(BroadcastQueue.java:487)
W/BroadcastQueue(  281): 	at com.android.server.am.BroadcastQueue$1.handleMessage(BroadcastQueue.java:140)
W/BroadcastQueue(  281): 	at android.os.Handler.dispatchMessage(Handler.java:99)
W/BroadcastQueue(  281): 	at android.os.Looper.loop(Looper.java:137)
W/BroadcastQueue(  281): 	at com.android.server.am.ActivityManagerService$AThread.run(ActivityManagerService.java:1480)
D/dalvikvm(  405): GC_CONCURRENT freed 0K, 6% free 3748K/3972K, paused 38ms+9ms, total 117ms
D/dalvikvm(  405): WAIT_FOR_CONCURRENT_GC blocked 72ms
I/dalvikvm-heap(  405): Grow heap (frag case) to 4.206MB for 518416-byte allocation
D/dalvikvm(  405): GC_FOR_ALLOC freed <1K, 6% free 4254K/4480K, paused 128ms, total 132ms
I/ActivityManager(  281): Config changes=1403 {1.0 310mcc260mnc en_US ldltr sw320dp w320dp h508dp 240dpi nrml long port finger -keyb/v/h tball/v s.4}
D/dalvikvm(  405): GC_FOR_ALLOC freed <1K, 6% free 4255K/4480K, paused 276ms, total 276ms
I/dalvikvm-heap(  405): Grow heap (frag case) to 4.701MB for 518416-byte allocation
W/SurfaceFlinger(   37): createScreenshotSurface failed (Function not implemented)
I/ActivityManager(  281): Process com.android.systemui (pid 342) has died.
W/ActivityManager(  281): Scheduling restart of crashed service com.android.systemui/.SystemUIService in 0ms
W/ActivityManager(  281): Scheduling restart of crashed service com.android.systemui/.ImageWallpaper in 0ms
D/dalvikvm(  405): GC_FOR_ALLOC freed <1K, 5% free 4761K/4988K, paused 323ms, total 323ms
I/ActivityManager(  281): Start proc com.android.systemui for restart com.android.systemui: pid=533 uid=10034 gids={50034, 1028, 1015, 3002, 3001}
D/dalvikvm(   38): GC_EXPLICIT freed 34K, 4% free 2381K/2472K, paused 3ms+4ms, total 234ms
D/dalvikvm(  405): GC_CONCURRENT freed 3K, 5% free 4764K/4988K, paused 56ms+3ms, total 452ms
D/dalvikvm(   38): GC_EXPLICIT freed <1K, 4% free 2381K/2472K, paused 2ms+3ms, total 154ms
D/dalvikvm(   38): GC_EXPLICIT freed <1K, 4% free 2382K/2472K, paused 3ms+3ms, total 64ms
W/WallpaperService(  281): Failed attaching wallpaper; clearing
W/WallpaperService(  281): android.os.DeadObjectException
W/WallpaperService(  281): 	at android.os.BinderProxy.transact(Native Method)
W/WallpaperService(  281): 	at android.service.wallpaper.IWallpaperService$Stub$Proxy.attach(IWallpaperService.java:95)
W/WallpaperService(  281): 	at com.android.server.WallpaperManagerService.attachServiceLocked(WallpaperManagerService.java:960)
W/WallpaperService(  281): 	at com.android.server.WallpaperManagerService$WallpaperConnection.onServiceConnected(WallpaperManagerService.java:233)
W/WallpaperService(  281): 	at android.app.LoadedApk$ServiceDispatcher.doConnected(LoadedApk.java:1101)
W/WallpaperService(  281): 	at android.app.LoadedApk$ServiceDispatcher$RunConnection.run(LoadedApk.java:1118)
W/WallpaperService(  281): 	at android.os.Handler.handleCallback(Handler.java:725)
W/WallpaperService(  281): 	at android.os.Handler.dispatchMessage(Handler.java:92)
W/WallpaperService(  281): 	at android.os.Looper.loop(Looper.java:137)
W/WallpaperService(  281): 	at com.android.server.ServerThread.run(SystemServer.java:1000)
D/dalvikvm(  405): GREF has increased to 201
E/JavaBinder(  533): *** Uncaught remote exception!  (Exceptions are not yet supported across processes.)
E/JavaBinder(  533): java.lang.RuntimeException: android.os.DeadObjectException
E/JavaBinder(  533): 	at android.os.Parcel.writeException(Parcel.java:1326)
E/JavaBinder(  533): 	at android.os.Binder.execTransact(Binder.java:354)
E/JavaBinder(  533): 	at dalvik.system.NativeStart.run(Native Method)
E/JavaBinder(  533): Caused by: android.os.DeadObjectException
E/JavaBinder(  533): 	at android.os.BinderProxy.transact(Native Method)
E/JavaBinder(  533): 	at android.content.IIntentReceiver$Stub$Proxy.performReceive(IIntentReceiver.java:124)
E/JavaBinder(  533): 	at android.app.ActivityThread$ApplicationThread.scheduleRegisteredReceiver(ActivityThread.java:809)
E/JavaBinder(  533): 	at android.app.ApplicationThreadNative.onTransact(ApplicationThreadNative.java:383)
E/JavaBinder(  533): 	at android.os.Binder.execTransact(Binder.java:351)
E/JavaBinder(  533): 	... 1 more
E/JavaBinder(  533): *** Uncaught remote exception!  (Exceptions are not yet supported across processes.)
E/JavaBinder(  533): java.lang.RuntimeException: android.os.DeadObjectException
E/JavaBinder(  533): 	at android.os.Parcel.writeException(Parcel.java:1326)
E/JavaBinder(  533): 	at android.os.Binder.execTransact(Binder.java:354)
E/JavaBinder(  533): 	at dalvik.system.NativeStart.run(Native Method)
E/JavaBinder(  533): Caused by: android.os.DeadObjectException
E/JavaBinder(  533): 	at android.os.BinderProxy.transact(Native Method)
E/JavaBinder(  533): 	at android.content.IIntentReceiver$Stub$Proxy.performReceive(IIntentReceiver.java:124)
E/JavaBinder(  533): 	at android.app.ActivityThread$ApplicationThread.scheduleRegisteredReceiver(ActivityThread.java:809)
E/JavaBinder(  533): 	at android.app.ApplicationThreadNative.onTransact(ApplicationThreadNative.java:383)
E/JavaBinder(  533): 	at android.os.Binder.execTransact(Binder.java:351)
E/JavaBinder(  533): 	... 1 more
E/JavaBinder(  533): *** Uncaught remote exception!  (Exceptions are not yet supported across processes.)
E/JavaBinder(  533): java.lang.RuntimeException: android.os.DeadObjectException
E/JavaBinder(  533): 	at android.os.Parcel.writeException(Parcel.java:1326)
E/JavaBinder(  533): 	at android.os.Binder.execTransact(Binder.java:354)
E/JavaBinder(  533): 	at dalvik.system.NativeStart.run(Native Method)
E/JavaBinder(  533): Caused by: android.os.DeadObjectException
E/JavaBinder(  533): 	at android.os.BinderProxy.transact(Native Method)
E/JavaBinder(  533): 	at android.content.IIntentReceiver$Stub$Proxy.performReceive(IIntentReceiver.java:124)
E/JavaBinder(  533): 	at android.app.ActivityThread$ApplicationThread.scheduleRegisteredReceiver(ActivityThread.java:809)
E/JavaBinder(  533): 	at android.app.ApplicationThreadNative.onTransact(ApplicationThreadNative.java:383)
E/JavaBinder(  533): 	at android.os.Binder.execTransact(Binder.java:351)
E/JavaBinder(  533): 	... 1 more
E/Trace   (  533): error opening trace file: No such file or directory (2)
I/ActivityManager(  281): Start proc com.android.contacts for broadcast com.android.contacts/.calllog.CallLogReceiver: pid=547 uid=10001 gids={50001, 3003, 1015, 1028}
I/Choreographer(  405): Skipped 1149 frames!  The application may be doing too much work on its main thread.
E/JavaBinder(  533): *** Uncaught remote exception!  (Exceptions are not yet supported across processes.)
E/JavaBinder(  533): java.lang.RuntimeException: android.os.DeadObjectException
E/JavaBinder(  533): 	at android.os.Parcel.writeException(Parcel.java:1326)
E/JavaBinder(  533): 	at android.os.Binder.execTransact(Binder.java:354)
E/JavaBinder(  533): 	at dalvik.system.NativeStart.run(Native Method)
E/JavaBinder(  533): Caused by: android.os.DeadObjectException
E/JavaBinder(  533): 	at android.os.BinderProxy.transact(Native Method)
E/JavaBinder(  533): 	at android.content.IIntentReceiver$Stub$Proxy.performReceive(IIntentReceiver.java:124)
E/JavaBinder(  533): 	at android.app.ActivityThread$ApplicationThread.scheduleRegisteredReceiver(ActivityThread.java:809)
E/JavaBinder(  533): 	at android.app.ApplicationThreadNative.onTransact(ApplicationThreadNative.java:383)
E/JavaBinder(  533): 	at android.os.Binder.execTransact(Binder.java:351)
E/JavaBinder(  533): 	... 1 more
W/WindowManager(  281): Window freeze timeout expired.
I/Choreographer(  281): Skipped 84 frames!  The application may be doing too much work on its main thread.
I/Choreographer(  281): Skipped 31 frames!  The application may be doing too much work on its main thread.
D/dalvikvm(  385): GC_CONCURRENT freed 298K, 12% free 2795K/3152K, paused 4ms+44ms, total 1356ms
E/Trace   (  547): error opening trace file: No such file or directory (2)
D/SystemUIService(  533): loading: class com.android.systemui.statusbar.phone.PhoneStatusBar
W/Settings(  385): Setting auto_time_zone has moved from android.provider.Settings.System to android.provider.Settings.Global, returning read-only value.
D/SystemUIService(  533): running: com.android.systemui.statusbar.phone.PhoneStatusBar@40cebd30
D/dalvikvm(  281): GC_CONCURRENT freed 831K, 20% free 6068K/7496K, paused 34ms+8ms, total 900ms
D/dalvikvm(  281): WAIT_FOR_CONCURRENT_GC blocked 120ms
D/dalvikvm(  281): WAIT_FOR_CONCURRENT_GC blocked 416ms
D/dalvikvm(  281): WAIT_FOR_CONCURRENT_GC blocked 410ms
D/dalvikvm(  281): WAIT_FOR_CONCURRENT_GC blocked 264ms
D/dalvikvm(  281): WAIT_FOR_CONCURRENT_GC blocked 264ms
D/MccTable(  385): updateMccMncConfiguration: mcc=310, mnc=260
D/TelephonyManager(  385): getLteOnCdmaMode=0 curVal=-1 product_type='' lteOnCdmaProductType=''
D/MccTable(  385): locale set to en_us
D/MccTable(  385): WIFI_COUNTRY_CODE set to us
I/WifiService(  281): WifiService trying to set country code to us with persist set to true
D/dalvikvm(  281): WAIT_FOR_CONCURRENT_GC blocked 566ms
D/dalvikvm(  281): WAIT_FOR_CONCURRENT_GC blocked 480ms
I/ActivityManager(  281): Config changes=1400 {1.0 310mcc260mnc en_US ldltr sw320dp w320dp h508dp 240dpi nrml long port finger -keyb/v/h tball/v s.5}
I/StatusBarManagerService(  281): registerStatusBar bar=com.android.internal.statusbar.IStatusBar$Stub$Proxy@40f95a70
W/WindowManager(  281): App freeze timeout expired.
W/WindowManager(  281): Force clearing freeze: AppWindowToken{40f93cf8 token=Token{40f8e7a8 ActivityRecord{40f8e370 u0 com.android.launcher/com.android.launcher2.Launcher}}}
D/dalvikvm(  281): GC_CONCURRENT freed 432K, 13% free 6571K/7496K, paused 5ms+110ms, total 884ms
D/dalvikvm(  281): WAIT_FOR_CONCURRENT_GC blocked 63ms
D/dalvikvm(  281): WAIT_FOR_CONCURRENT_GC blocked 73ms
D/dalvikvm(  281): WAIT_FOR_CONCURRENT_GC blocked 498ms
D/dalvikvm(  281): WAIT_FOR_CONCURRENT_GC blocked 92ms
D/dalvikvm(  281): WAIT_FOR_CONCURRENT_GC blocked 711ms
D/dalvikvm(  281): GC_EXPLICIT freed 276K, 13% free 6578K/7496K, paused 18ms+82ms, total 439ms
D/dalvikvm(  533): GC_CONCURRENT freed 177K, 9% free 2600K/2836K, paused 65ms+3ms, total 253ms
E/BluetoothAdapter(  281): Bluetooth binder is null
E/BluetoothAdapter(  281): Bluetooth binder is null
V/WiredAccessoryManager(  281): init()
E/SoundPool(  281): error loading /system/media/audio/ui/Effect_Tick.ogg
W/AudioService(  281): Soundpool could not load file: /system/media/audio/ui/Effect_Tick.ogg
E/SoundPool(  281): error loading /system/media/audio/ui/Effect_Tick.ogg
W/AudioService(  281): Soundpool could not load file: /system/media/audio/ui/Effect_Tick.ogg
E/SoundPool(  281): error loading /system/media/audio/ui/Effect_Tick.ogg
W/AudioService(  281): Soundpool could not load file: /system/media/audio/ui/Effect_Tick.ogg
E/SoundPool(  281): error loading /system/media/audio/ui/Effect_Tick.ogg
W/AudioService(  281): Soundpool could not load file: /system/media/audio/ui/Effect_Tick.ogg
E/SoundPool(  281): error loading /system/media/audio/ui/Effect_Tick.ogg
W/AudioService(  281): Soundpool could not load file: /system/media/audio/ui/Effect_Tick.ogg
E/SoundPool(  281): error loading /system/media/audio/ui/KeypressStandard.ogg
W/AudioService(  281): Soundpool could not load file: /system/media/audio/ui/KeypressStandard.ogg
E/SoundPool(  281): error loading /system/media/audio/ui/KeypressSpacebar.ogg
W/AudioService(  281): Soundpool could not load file: /system/media/audio/ui/KeypressSpacebar.ogg
E/SoundPool(  281): error loading /system/media/audio/ui/KeypressDelete.ogg
W/AudioService(  281): Soundpool could not load file: /system/media/audio/ui/KeypressDelete.ogg
E/SoundPool(  281): error loading /system/media/audio/ui/KeypressReturn.ogg
W/AudioService(  281): Soundpool could not load file: /system/media/audio/ui/KeypressReturn.ogg
W/AudioService(  281): loadSoundEffects(), Error -1 while loading samples
I/RecoverySystem(  281): No recovery log file
D/dalvikvm(  533): GC_FOR_ALLOC freed 9K, 8% free 2671K/2892K, paused 107ms, total 136ms
I/dalvikvm-heap(  533): Grow heap (frag case) to 3.266MB for 635812-byte allocation
D/dalvikvm(  533): GC_CONCURRENT freed 1K, 7% free 3290K/3516K, paused 4ms+3ms, total 80ms
I/ActivityManager(  281): Start proc com.android.deskclock for broadcast com.android.deskclock/.AlarmInitReceiver: pid=575 uid=10006 gids={50006, 1028}
I/Choreographer(  281): Skipped 2193 frames!  The application may be doing too much work on its main thread.
E/Trace   (  575): error opening trace file: No such file or directory (2)
D/dalvikvm(  385): GC_CONCURRENT freed 382K, 14% free 2923K/3364K, paused 7ms+4ms, total 752ms
D/dalvikvm(  385): WAIT_FOR_CONCURRENT_GC blocked 407ms
D/dalvikvm(  405): GC_CONCURRENT freed 1863K, 35% free 3582K/5508K, paused 5ms+5ms, total 64ms
D/dalvikvm(  281): JIT unchain all for threadid=54
I//system/bin/fsck_msdos(   32): ** Phase 2 - Check Cluster Chains
I//system/bin/fsck_msdos(   32): ** Phase 3 - Checking Directories
I//system/bin/fsck_msdos(   32): ** Phase 4 - Checking for Lost Files
I//system/bin/fsck_msdos(   32): 16 files, 1044440 free (522220 clusters)
I/Vold    (   32): Filesystem check completed OK
I/Vold    (   32): Device /dev/block/vold/179:0, target /mnt/sdcard mounted @ /mnt/secure/staging
D/Vold    (   32): Volume sdcard state changing 3 (Checking) -> 4 (Mounted)
D/dalvikvm(  281): GC_FOR_ALLOC freed 835K, 14% free 6638K/7660K, paused 1093ms, total 1123ms
D/MountService(  281): volume state changed for /mnt/sdcard (checking -> mounted)
I/PackageManager(  281): Updating external media status from unmounted to mounted
D/MountService(  281): sendStorageIntent Intent { act=android.intent.action.MEDIA_MOUNTED dat=file:///mnt/sdcard (has extras) } to UserHandle{-1}
E/VoldConnector(  281): NDC Command {3 volume mount /mnt/sdcard} took too long (47775ms)
I/Choreographer(  281): Skipped 987 frames!  The application may be doing too much work on its main thread.
D/Launcher.Model(  405): Reload apps on config change. curr_mcc:310 prevmcc:0
I/Choreographer(  405): Skipped 3169 frames!  The application may be doing too much work on its main thread.
E/BluetoothAdapter(  533): Bluetooth binder is null
E/BluetoothAdapter(  533): Bluetooth binder is null
E/BluetoothAdapter(  533): Bluetooth binder is null
V/AlarmClock(  575): No next alarm
D/dalvikvm(  281): JIT unchain all for threadid=62
D/dalvikvm(  281): GC_FOR_ALLOC freed 1132K, 26% free 5721K/7656K, paused 514ms, total 525ms
I/dalvikvm-heap(  281): Grow heap (frag case) to 6.724MB for 1128976-byte allocation
D/dalvikvm(  281): GC_FOR_ALLOC freed 4K, 23% free 6819K/8760K, paused 54ms, total 54ms
I/FusedLocation(  493): engine started (com.android.location.fused)
E/SurfaceFlinger(   37): ro.sf.lcd_density must be defined as a build property
V/AlarmClock(  575): AlarmInitReceiver - Reset timers and clear stopwatch data
D/dalvikvm(  385): GC_CONCURRENT freed 443K, 15% free 2889K/3392K, paused 4ms+167ms, total 593ms
D/gralloc_goldfish(  405): Emulator without GPU emulation detected.
D/dalvikvm(  533): GC_CONCURRENT freed 69K, 4% free 3659K/3784K, paused 4ms+231ms, total 792ms
V/AlarmClock(  575): No next alarm
V/AlarmClock(  575): AlarmInitReceiver finished
E/BluetoothAdapter(  533): Bluetooth binder is null
I/ActivityManager(  281): Displayed com.android.launcher/com.android.launcher2.Launcher: +48s489ms
D/dalvikvm(  281): GC_CONCURRENT freed 143K, 22% free 6903K/8760K, paused 93ms+126ms, total 2056ms
D/ConnectivityService(  281): ConnectivityChange for mobile: CONNECTED/CONNECTED
I/FusedLocation(  493): engine started (com.android.location.fused)
D/PhoneStatusBar(  533): disable: < expand icons alerts ticker system_info BACK* HOME* RECENT* CLOCK* SEARCH* >
D/dalvikvm(  281): GC_CONCURRENT freed 1834K, 30% free 6205K/8760K, paused 16ms+7ms, total 153ms
D/dalvikvm(  281): WAIT_FOR_CONCURRENT_GC blocked 63ms
D/dalvikvm(  281): WAIT_FOR_CONCURRENT_GC blocked 71ms
D/dalvikvm(  281): WAIT_FOR_CONCURRENT_GC blocked 70ms
E/BluetoothAdapter(  533): Bluetooth binder is null
D/dalvikvm(  281): WAIT_FOR_CONCURRENT_GC blocked 97ms
D/SystemUIService(  533): loading: class com.android.systemui.power.PowerUI
D/SystemUIService(  533): running: com.android.systemui.power.PowerUI@40e4c768
D/SystemUIService(  533): loading: class com.android.systemui.media.RingtonePlayer
D/SystemUIService(  533): running: com.android.systemui.media.RingtonePlayer@40e4d548
I/Choreographer(  281): Skipped 1808 frames!  The application may be doing too much work on its main thread.
E/SurfaceFlinger(   37): ro.sf.lcd_density must be defined as a build property
D/Tethering(  281): MasterInitialState.processMessage what=3
D/dalvikvm(  533): GC_FOR_ALLOC freed 236K, 8% free 3733K/4024K, paused 124ms, total 171ms
I/dalvikvm-heap(  533): Grow heap (frag case) to 9.811MB for 6410576-byte allocation
V/TAG     (  281): bug 7643792: fitSystemWindows([0,38][0,0])
D/dalvikvm(  533): GC_FOR_ALLOC freed 1K, 3% free 9992K/10288K, paused 326ms, total 326ms
D/dalvikvm(  533): GC_CONCURRENT freed 7K, 3% free 9985K/10288K, paused 4ms+9ms, total 236ms
I/Choreographer(  281): Skipped 157 frames!  The application may be doing too much work on its main thread.
D/dalvikvm(  281): GC_FOR_ALLOC freed 254K, 31% free 6123K/8760K, paused 109ms, total 120ms
I/dalvikvm-heap(  281): Grow heap (frag case) to 7.116MB for 1128976-byte allocation
W/WindowManager(  281): Window freeze timeout expired.
D/dalvikvm(  281): GC_FOR_ALLOC freed 401K, 23% free 6824K/8760K, paused 274ms, total 274ms
W/WindowManager(  281): Force clearing orientation change: Window{40e78658 u0 Keyguard}
W/WindowManager(  281): Force clearing orientation change: Window{40e67a38 u0 com.android.systemui.ImageWallpaper}
I/Choreographer(  281): Skipped 328 frames!  The application may be doing too much work on its main thread.
D/dalvikvm(  281): GC_CONCURRENT freed 50K, 23% free 6804K/8760K, paused 26ms+190ms, total 815ms
I/Choreographer(  281): Skipped 50 frames!  The application may be doing too much work on its main thread.
D/dalvikvm(  533): GC_FOR_ALLOC freed <1K, 3% free 9986K/10288K, paused 932ms, total 932ms
I/dalvikvm-heap(  533): Grow heap (frag case) to 12.501MB for 2828816-byte allocation
D/dalvikvm(  533): GC_CONCURRENT freed <1K, 3% free 12749K/13052K, paused 14ms+47ms, total 95ms
D/dalvikvm(  533): WAIT_FOR_CONCURRENT_GC blocked 90ms
D/gralloc_goldfish(  533): Emulator without GPU emulation detected.
I/SurfaceFlinger(   37): Boot is finished (98154 ms)
I/ActivityManager(  281): Config changes=1400 {1.0 310mcc260mnc en_US ldltr sw320dp w320dp h508dp 240dpi nrml long port finger -keyb/v/h tball/v s.6}
I/PowerManagerService(  281): Boot animation finished.
I/Choreographer(  533): Skipped 3504 frames!  The application may be doing too much work on its main thread.
I/Choreographer(  281): Skipped 43 frames!  The application may be doing too much work on its main thread.
E/SurfaceFlinger(   37): ro.sf.lcd_density must be defined as a build property
I/ActivityManager(  281): Start proc com.android.email for broadcast com.android.email/.service.EmailBroadcastReceiver: pid=613 uid=10019 gids={50019, 3003, 1015, 1028}
E/Trace   (  613): error opening trace file: No such file or directory (2)
I/Choreographer(  533): Skipped 303 frames!  The application may be doing too much work on its main thread.
I/ActivityManager(  281): Start proc com.android.exchange for service com.android.exchange/.ExchangeService: pid=632 uid=10032 gids={50032, 3003, 1015, 1028}
I/ActivityManager(  281): Start proc com.android.providers.calendar for broadcast com.android.providers.calendar/.CalendarReceiver: pid=638 uid=10023 gids={50023, 3003, 1015, 1028}
E/Trace   (  632): error opening trace file: No such file or directory (2)
E/Trace   (  638): error opening trace file: No such file or directory (2)
I/ActivityManager(  281): Start proc com.android.mms for broadcast com.android.mms/.transaction.MmsSystemEventReceiver: pid=664 uid=10029 gids={50029, 3003, 1015, 1028}
E/Trace   (  664): error opening trace file: No such file or directory (2)
I/Choreographer(  281): Skipped 36 frames!  The application may be doing too much work on its main thread.
D/ExchangeService(  632): !!! EAS ExchangeService, onCreate
D/ExchangeService(  632): !!! EAS ExchangeService, onStartCommand, startingUp = false, running = false
I/Choreographer(  281): Skipped 61 frames!  The application may be doing too much work on its main thread.
D/CountryDetector(  281): The first listener is added
V/MmsConfig(  664): mnc/mcc: 310260
V/MmsConfig(  664): tag: bool value: enabledMMS - true
V/MmsConfig(  664): tag: int value: maxMessageSize - 307200
V/MmsConfig(  664): tag: int value: maxImageHeight - 480
V/MmsConfig(  664): tag: int value: maxImageWidth - 640
V/MmsConfig(  664): tag: int value: defaultSMSMessagesPerThread - 500
V/MmsConfig(  664): tag: int value: defaultMMSMessagesPerThread - 50
V/MmsConfig(  664): tag: int value: minMessageCountPerThread - 10
V/MmsConfig(  664): tag: int value: maxMessageCountPerThread - 5000
V/MmsConfig(  664): tag: string value: uaProfUrl - http://www.google.com/oha/rdf/ua-profile-kila.xml
V/MmsConfig(  664): tag: int value: recipientLimit - -1
V/MmsConfig(  664): tag: bool value: enableMultipartSMS - true
V/MmsConfig(  664): tag: int value: smsToMmsTextThreshold - -1
V/MmsConfig(  664): tag: bool value: enableSlideDuration - true
V/MmsConfig(  664): tag: int value: maxMessageTextSize - -1
D/dalvikvm(  281): GREF has increased to 501
I/Choreographer(  281): Skipped 148 frames!  The application may be doing too much work on its main thread.
W/SoundPool(  281):   sample 0 not READY
D/PhoneStatusBar(  533): disable: < expand icons alerts ticker system_info BACK HOME recent* CLOCK search* >
I/Choreographer(  281): Skipped 37 frames!  The application may be doing too much work on its main thread.
I/ARMAssembler(   37): generated scanline__00000077:03515104_00009001_00000000 [131 ipp] (153 ins) at [0x40afc1f0:0x40afc454] in 6755001 ns
D/PhoneStatusBar(  533): disable: < expand icons alerts ticker system_info back* home* recent clock* search >
I/Choreographer(  281): Skipped 71 frames!  The application may be doing too much work on its main thread.
I/Choreographer(  281): Skipped 45 frames!  The application may be doing too much work on its main thread.
V/TAG     (  281): bug 7643792: fitSystemWindows([0,38][0,0])
W/dalvikvm(  664): threadid=5: spin on suspend #1 threadid=16 (pcf=0)
D/dalvikvm(  664): Temporarily moving tid 685 to fg (was 0)
D/Eas Debug(  632): Logging: 
D/dalvikvm(  664): Temporarily raised priority on tid 685 (19 -> 0)
W/dalvikvm(  664): threadid=5: spin on suspend resolved in 1235 msec
D/dalvikvm(  664): Restored policy of 685 to 0
D/dalvikvm(  664): Restored priority on 685 to 19
I/ActivityManager(  281): Start proc com.android.settings for broadcast com.android.settings/.widget.SettingsAppWidgetProvider: pid=694 uid=1000 gids={41000, 1015, 1028, 3002, 3001, 3003}
D/ExchangeService(  632): !!! EAS ExchangeService, onStartCommand, startingUp = true, running = false
E/Trace   (  694): error opening trace file: No such file or directory (2)
E/BluetoothAdapter(  694): Bluetooth binder is null
E/VoldConnector(  281): NDC Command {4 asec list} took too long (6314ms)
I/PackageManager(  281): No secure containers on sdcard
W/PackageManager(  281): Unknown permission com.google.android.googleapps.permission.GOOGLE_AUTH.mail in package com.android.contacts
W/PackageManager(  281): Unknown permission android.permission.ADD_SYSTEM_SERVICE in package com.android.phone
W/PackageManager(  281): Unknown permission com.android.smspush.WAPPUSH_MANAGER_BIND in package com.android.phone
W/PackageManager(  281): Unknown permission com.google.android.googleapps.permission.GOOGLE_AUTH in package com.android.providers.calendar
W/PackageManager(  281): Unknown permission com.google.android.googleapps.permission.GOOGLE_AUTH.cl in package com.android.providers.calendar
W/PackageManager(  281): Unknown permission com.google.android.googleapps.permission.GOOGLE_AUTH.mail in package com.android.calendar
W/PackageManager(  281): Not granting permission android.permission.SEND_DOWNLOAD_COMPLETED_INTENTS to package com.android.browser (protectionLevel=2 flags=0x89be45)
W/PackageManager(  281): Not granting permission android.permission.BIND_APPWIDGET to package com.android.widgetpreview (protectionLevel=18 flags=0x8be44)
W/PackageManager(  281): Unknown permission com.google.android.googleapps.permission.GOOGLE_AUTH in package com.android.settings
I/dalvikvm(  281): Jit: resizing JitTable from 4096 to 8192
W/PackageManager(  281): Unknown permission com.google.android.gallery3d.permission.GALLERY_PROVIDER in package com.android.exchange
W/PackageManager(  281): Unknown permission com.google.android.googleapps.permission.ACCESS_GOOGLE_PASSWORD in package com.android.development
W/PackageManager(  281): Unknown permission com.google.android.googleapps.permission.GOOGLE_AUTH in package com.android.development
W/PackageManager(  281): Unknown permission com.google.android.googleapps.permission.GOOGLE_AUTH.ALL_SERVICES in package com.android.development
W/PackageManager(  281): Unknown permission com.google.android.googleapps.permission.GOOGLE_AUTH.YouTubeUser in package com.android.development
W/PackageManager(  281): Unknown permission com.google.android.gallery3d.permission.GALLERY_PROVIDER in package com.android.email
W/PackageManager(  281): Not granting permission android.permission.DEVICE_POWER to package com.android.deskclock (protectionLevel=2 flags=0x88be45)
D/EmailProvider(  613): fromDatabase accounts: 0
D/EmailProvider(  613): ending toDatabase transaction; copyCount = 0
D/EmailProvider(  613): ending fromDatabase transaction; copyCount = 0
E/BluetoothAdapter(  694): Bluetooth binder is null
D/dalvikvm(  472): GREF has increased to 201
I/AccountTypeManager(  547): Loaded meta-data for 1 account types, 0 accounts in 78ms(wall) 31ms(cpu)
D/Mms:app (  664): cancelNotification
W/ActivityManager(  281): Unable to start service Intent { cmp=com.android.email/.service.AttachmentDownloadService } U=0: not found
D/MediaScannerReceiver(  472): action: android.intent.action.MEDIA_MOUNTED path: /mnt/sdcard
E/BluetoothAdapter(  694): Bluetooth binder is null
W/ActivityManager(  281): Unable to start service Intent { cmp=com.android.email/.service.AttachmentDownloadService } U=0: not found
W/SystemClock(  281): Unable to set rtc to 1483286650: Invalid argument
I/ActivityManager(  281): Start proc com.android.calendar for broadcast com.android.calendar/.widget.CalendarAppWidgetService$CalendarFactory: pid=720 uid=10004 gids={50004, 3003, 1028}
E/Trace   (  720): error opening trace file: No such file or directory (2)
V/AlarmClock(  575): No next alarm
V/AlarmClock(  575): AlarmInitReceiver finished
D/dalvikvm(  281): GC_CONCURRENT freed 1984K, 33% free 5809K/8608K, paused 5ms+7ms, total 112ms
D/MmsSmsDatabaseHelper(  385): [MmsSmsDb] tableName: threads hasAutoIncrement: CREATE TABLE threads (_id INTEGER PRIMARY KEY AUTOINCREMENT,date INTEGER DEFAULT 0,message_count INTEGER DEFAULT 0,recipient_ids TEXT,snippet TEXT,snippet_cs INTEGER DEFAULT 0,read INTEGER DEFAULT 1,type INTEGER DEFAULT 0,error INTEGER DEFAULT 0,has_attachment INTEGER DEFAULT 0) result: true
D/MmsSmsDatabaseHelper(  385): [MmsSmsDb] tableName: canonical_addresses hasAutoIncrement: CREATE TABLE canonical_addresses (_id INTEGER PRIMARY KEY AUTOINCREMENT,address TEXT) result: true
D/GpsLocationProvider(  281): NTP server returned: 1483286650610 (Sun Jan 01 16:04:10 GMT 2017) reference: 115316 certainty: 26 system time offset: -532
D/ExchangeService(  632): Received deviceId from Email app: androidc259148960
D/ExchangeService(  632): Reconciling accounts...
D/ExchangeService(  632): !!! EAS ExchangeService, onStartCommand, startingUp = true, running = false
D/ExchangeService(  632): !!! EAS ExchangeService, onStartCommand, startingUp = true, running = false
D/Eas Debug(  632): Logging: 
D/dalvikvm(  613): GC_CONCURRENT freed 198K, 9% free 2588K/2844K, paused 3ms+3ms, total 182ms
W/ActivityManager(  281): Unable to start service Intent { cmp=com.android.email/.service.AttachmentDownloadService } U=0: not found
D/MmsSmsDatabaseHelper(  385): [MmsSmsDb] tableName: part hasAutoIncrement: CREATE TABLE part (_id INTEGER PRIMARY KEY AUTOINCREMENT,mid INTEGER,seq INTEGER DEFAULT 0,ct TEXT,name TEXT,chset INTEGER,cd TEXT,fn TEXT,cid TEXT,cl TEXT,ctt_s INTEGER,ctt_t TEXT,_data TEXT,text TEXT) result: true
D/dalvikvm(  405): GC_CONCURRENT freed 726K, 41% free 3258K/5504K, paused 5ms+3ms, total 58ms
D/dalvikvm(  472): GC_CONCURRENT freed 196K, 9% free 2566K/2820K, paused 5ms+3ms, total 151ms
D/MmsSmsDatabaseHelper(  385): [MmsSmsDb] tableName: pdu hasAutoIncrement: CREATE TABLE pdu (_id INTEGER PRIMARY KEY AUTOINCREMENT,thread_id INTEGER,date INTEGER,date_sent INTEGER DEFAULT 0,msg_box INTEGER,read INTEGER DEFAULT 0,m_id TEXT,sub TEXT,sub_cs INTEGER,ct_t TEXT,ct_l TEXT,exp INTEGER,m_cls TEXT,m_type INTEGER,v INTEGER,m_size INTEGER,pri INTEGER,rr INTEGER,rpt_a INTEGER,resp_st INTEGER,st INTEGER,tr_id TEXT,retr_st INTEGER,retr_txt TEXT,retr_txt_cs INTEGER,read_status INTEGER,ct_cls INTEGER,resp_txt TEXT,d_tm INTEGER,d_rpt INTEGER,locked INTEGER DEFAULT 0,seen INTEGER DEFAULT 0,text_only INTEGER DEFAULT 0) result: true
D/MmsSmsDatabaseHelper(  385): [getWritableDatabase] hasAutoIncrementThreads: true hasAutoIncrementAddresses: true hasAutoIncrementPart: true hasAutoIncrementPdu: true
D/dalvikvm(  405): GC_FOR_ALLOC freed 137K, 40% free 3323K/5504K, paused 23ms, total 30ms
D/dalvikvm(  405): GC_CONCURRENT freed 7K, 31% free 3823K/5504K, paused 12ms+3ms, total 37ms
D/dalvikvm(  405): WAIT_FOR_CONCURRENT_GC blocked 25ms
D/dalvikvm(  405): GC_FOR_ALLOC freed <1K, 22% free 4329K/5504K, paused 26ms, total 27ms
I/dalvikvm-heap(  405): Grow heap (frag case) to 4.774MB for 518416-byte allocation
D/dalvikvm(  405): GC_FOR_ALLOC freed <1K, 20% free 4835K/6012K, paused 21ms, total 21ms
I/Choreographer(  405): Skipped 50 frames!  The application may be doing too much work on its main thread.
I/CalendarProvider2(  638): Sending notification intent: Intent { act=android.intent.action.PROVIDER_CHANGED dat=content://com.android.calendar }
W/ContentResolver(  638): Failed to get type for: content://com.android.calendar (Unknown URL content://com.android.calendar)
I/Choreographer(  405): Skipped 55 frames!  The application may be doing too much work on its main thread.
D/AlertReceiver(  720): onReceive: a=android.intent.action.PROVIDER_CHANGED Intent { act=android.intent.action.PROVIDER_CHANGED dat=content://com.android.calendar flg=0x10 cmp=com.android.calendar/.alerts.AlertReceiver }
D/AlertService(  720): 0 Action = android.intent.action.PROVIDER_CHANGED
D/AlertService(  720): Beginning updateAlertNotification
W/MediaProvider(  472): no database for scanned volume external
D/AlertService(  720): No fired or scheduled alerts
D/Mms:app (  664): cancelNotification
D/dalvikvm(  385): GREF has increased to 201
W/MediaScanner(  472): Error opening directory '/mnt/sdcard/.android_secure/', skipping: Permission denied.
D/dalvikvm(  405): GC_CONCURRENT freed 308K, 13% free 5249K/6012K, paused 7ms+41ms, total 83ms
D/dalvikvm(  281): GC_EXPLICIT freed 151K, 33% free 5785K/8608K, paused 4ms+7ms, total 112ms
V/MediaScanner(  472): pruneDeadThumbnailFiles... android.database.sqlite.SQLiteCursor@40d14f68
V/MediaScanner(  472): /pruneDeadThumbnailFiles... android.database.sqlite.SQLiteCursor@40d14f68
W/MediaScanner(  472): Error opening directory '/mnt/sdcard/.android_secure/', skipping: Permission denied.
V/MediaScanner(  472): pruneDeadThumbnailFiles... android.database.sqlite.SQLiteCursor@40d2cf90
V/MediaScanner(  472): /pruneDeadThumbnailFiles... android.database.sqlite.SQLiteCursor@40d2cf90
D/dalvikvm(  281): GC_EXPLICIT freed 88K, 24% free 5771K/7504K, paused 5ms+7ms, total 80ms
D/SystemClock(  281): Setting time of day to sec=1483286650
I/AudioService(  281):  AudioFocus  abandonAudioFocus() from android.media.AudioManager@40cd8240com.android.music.MediaPlaybackService$3@40cd6e60
D/AndroidRuntime(  775): 
D/AndroidRuntime(  775): >>>>>> AndroidRuntime START com.android.internal.os.RuntimeInit <<<<<<
D/AndroidRuntime(  775): CheckJNI is ON
D/dalvikvm(  775): Trying to load lib libjavacore.so 0x0
D/dalvikvm(  775): Added shared lib libjavacore.so 0x0
D/dalvikvm(  775): Trying to load lib libnativehelper.so 0x0
D/dalvikvm(  775): Added shared lib libnativehelper.so 0x0
E/ThrottleService(  281): problem during onPollAlarm: java.lang.IllegalStateException: problem parsing stats: java.io.FileNotFoundException: /proc/net/xt_qtaguid/iface_stat_all: open failed: ENOENT (No such file or directory)
D/AndroidRuntime(  775): Calling main entry com.android.commands.am.Am
