D/dalvikvm(  376): GC_CONCURRENT freed 314K, 12% free 2912K/3284K, paused 12ms+27ms, total 187ms
V/AlarmClock(  528): No next alarm
D/dalvikvm(  277): GC_CONCURRENT freed 260K, 18% free 6315K/7636K, paused 6ms+10ms, total 490ms
D/dalvikvm(  277): WAIT_FOR_CONCURRENT_GC blocked 313ms
V/AlarmClock(  528): AlarmInitReceiver - Reset timers and clear stopwatch data
I/Process (  277): Sending signal. PID: 393 SIG: 3
I/dalvikvm(  393): threadid=3: reacting to signal 3
I/Process (  277): Sending signal. PID: 477 SIG: 3
V/AlarmClock(  528): No next alarm
V/AlarmClock(  528): AlarmInitReceiver finished
I/dalvikvm(  393): Wrote stack traces to '/data/anr/traces.txt'
D/dalvikvm(  393): GC_CONCURRENT freed 33K, 6% free 4572K/4840K, paused 11ms+2ms, total 199ms
E/ActivityManager(  277): ANR in com.android.inputmethod.latin
E/ActivityManager(  277): Reason: Executing service com.android.inputmethod.latin/.LatinIME
E/ActivityManager(  277): Load: 8.23 / 2.22 / 0.75
E/ActivityManager(  277): CPU usage from 2791ms to -13618ms ago:
E/ActivityManager(  277):   25% 277/system_server: 18% user + 7.1% kernel / faults: 2133 minor 7 major
E/ActivityManager(  277):   14% 37/surfaceflinger: 11% user + 2.3% kernel / faults: 4 minor
E/ActivityManager(  277):   5.7% 376/com.android.phone: 3.4% user + 2.2% kernel / faults: 1089 minor 2 major
E/ActivityManager(  277):   5.1% 339/com.android.systemui: 4.1% user + 1% kernel / faults: 1930 minor 4 major
E/ActivityManager(  277):   5% 393/com.android.launcher: 3.1% user + 1.8% kernel / faults: 4631 minor 4 major
E/ActivityManager(  277):   3.3% 426/android.process.acore: 2.1% user + 1.2% kernel / faults: 1135 minor 1 major
E/ActivityManager(  277):   1.8% 84/bootanimation: 1.3% user + 0.4% kernel
E/ActivityManager(  277):   1.7% 345/fsck_msdos: 0.7% user + 0.9% kernel / faults: 3508 minor
E/ActivityManager(  277):   1.7% 477/android.process.media: 0.9% user + 0.8% kernel / faults: 870 minor 13 major
E/ActivityManager(  277):   0.8% 367/com.android.inputmethod.latin: 0.3% user + 0.4% kernel / faults: 751 minor 1 major
E/ActivityManager(  277):   0.9% 38/zygote: 0.7% user + 0.1% kernel / faults: 191 minor
E/ActivityManager(  277):   0.6% 469/com.android.contacts: 0.1% user + 0.4% kernel / faults: 328 minor 3 major
E/ActivityManager(  277):   0.3% 36/rild: 0% user + 0.3% kernel
E/ActivityManager(  277):   0.1% 29/mmcqd: 0% user + 0.1% kernel
E/ActivityManager(  277):   0.2% 445/com.android.music: 0.2% user + 0% kernel / faults: 180 minor
E/ActivityManager(  277):   0% 1//init: 0% user + 0% kernel / faults: 1 minor
E/ActivityManager(  277):   0.1% 40/mediaserver: 0% user + 0% kernel
E/ActivityManager(  277):   0.1% 31/servicemanager: 0% user + 0.1% kernel
E/ActivityManager(  277):  +0% 528/com.android.deskclock: 0% user + 0% kernel
E/ActivityManager(  277): 100% TOTAL: 69% user + 30% kernel + 0.1% irq + 0% softirq
E/ActivityManager(  277): CPU usage from 10199ms to 12076ms later:
E/ActivityManager(  277):   27% 277/system_server: 19% user + 8% kernel / faults: 213 minor
E/ActivityManager(  277):     19% 292/UI: 15% user + 4.4% kernel
E/ActivityManager(  277):     17% 294/ActivityManager: 8% user + 9.5% kernel
E/ActivityManager(  277):     3.6% 282/Compiler: 3.6% user + 0% kernel
E/ActivityManager(  277):     2.2% 293/WindowManager: 2.2% user + 0% kernel
E/ActivityManager(  277):     0.7% 303/PowerManagerSer: 0% user + 0.7% kernel
E/ActivityManager(  277):     0.7% 310/InputDispatcher: 0% user + 0.7% kernel
E/ActivityManager(  277):     0.7% 413/Binder_3: 0% user + 0.7% kernel
E/ActivityManager(  277):     0.7% 461/Binder_7: 0.7% user + 0% kernel
E/ActivityManager(  277):     0.7% 507/Binder_A: 0.7% user + 0% kernel
E/ActivityManager(  277):     0.7% 508/Binder_B: 0.7% user + 0% kernel
E/ActivityManager(  277):   14% 37/surfaceflinger: 12% user + 2.1% kernel
E/ActivityManager(  277):     12% 67/SurfaceFlinger: 11% user + 0.7% kernel
E/ActivityManager(  277):     0.7% 76/VSyncThread: 0.7% user + 0% kernel
E/ActivityManager(  277):     0.7% 81/EventThread: 0% user + 0.7% kernel
E/ActivityManager(  277):     0.7% 83/Binder_1: 0% user + 0.7% kernel
E/ActivityManager(  277):     0.7% 308/Binder_2: 0% user + 0.7% kernel
E/ActivityManager(  277):   11% 528/com.android.deskclock: 6.4% user + 5.1% kernel / faults: 865 minor 1 major
E/ActivityManager(  277):     1.2% 528/droid.deskclock: 0.6% user + 0.6% kernel
E/ActivityManager(  277):     1.2% 535/Compiler: 0.6% user + 0.6% kernel
E/ActivityManager(  277):    +0% 544/AsyncHandler: 0% user + 0% kernel
E/ActivityManager(  277):    +0% 546/pool-1-thread-1: 0% user + 0% kernel
E/ActivityManager(  277):    +0% 547/SharedPreferenc: 0% user + 0% kernel
E/ActivityManager(  277):   10% 376/com.android.phone: 8.1% user + 2.2% kernel / faults: 189 minor
E/ActivityManager(  277):     14% 376/m.android.phone: 11% user + 3.7% kernel
E/ActivityManager(  277):     2.2% 379/GC: 2.2% user + 0% kernel
E/ActivityManager(  277):     2.2% 390/Compiler: 0.7% user + 1.4% kernel
E/ActivityManager(  277):   2.5% 393/com.android.launcher: 1.9% user + 0.6% kernel / faults: 41 minor
E/ActivityManager(  277):     1.2% 396/GC: 1.2% user + 0% kernel
E/ActivityManager(  277):     0.6% 408/FinalizerDaemon: 0% user + 0.6% kernel
E/ActivityManager(  277):   1.4% 339/com.android.systemui: 1.4% user + 0% kernel / faults: 2 minor
E/ActivityManager(  277):     0.9% 339/ndroid.systemui: 0.9% user + 0% kernel
E/ActivityManager(  277):   1.4% 84/bootanimation: 1.4% user + 0% kernel
E/ActivityManager(  277):     2.9% 100/BootAnimation: 2.9% user + 0% kernel
E/ActivityManager(  277):   0.5% 1//init: 0% user + 0.5% kernel
E/ActivityManager(  277):   0.1% 477/android.process.media: 0.1% user + 0% kernel / faults: 2 minor
E/ActivityManager(  277):     0.7% 523/Download Servic: 0.3% user + 0.3% kernel
E/ActivityManager(  277): 100% TOTAL: 65% user + 34% kernel
W/ActivityManager(  277): Killing ProcessRecord{40f5fb50 367:com.android.inputmethod.latin/u0a10010}: background ANR
I/ActivityManager(  277): Process com.android.inputmethod.latin (pid 367) has died.
W/ActivityManager(  277): Scheduling restart of crashed service com.android.inputmethod.latin/.LatinIME in 5000ms
D/dalvikvm(  277): GC_CONCURRENT freed 524K, 12% free 6741K/7636K, paused 4ms+24ms, total 337ms
D/dalvikvm(  277): WAIT_FOR_CONCURRENT_GC blocked 294ms
D/dalvikvm(  277): GC_FOR_ALLOC freed 242K, 12% free 6963K/7896K, paused 128ms, total 131ms
W/WindowManager(  277): App freeze timeout expired.
W/WindowManager(  277): Force clearing freeze: AppWindowToken{410041d8 token=Token{40fef308 ActivityRecord{40feeed0 u0 com.android.launcher/com.android.launcher2.Launcher}}}
D/dalvikvm(  277): GC_FOR_ALLOC freed 67K, 12% free 7240K/8156K, paused 221ms, total 223ms
I/dalvikvm-heap(  277): Grow heap (frag case) to 7.505MB for 393236-byte allocation
I/dalvikvm(  477): threadid=3: reacting to signal 3
D/dalvikvm(  339): GC_FOR_ALLOC freed <1K, 3% free 10143K/10412K, paused 120ms, total 9933ms
D/dalvikvm(  277): GC_FOR_ALLOC freed 257K, 14% free 7367K/8544K, paused 264ms, total 265ms
D/dalvikvm(  277): GC_FOR_ALLOC freed <1K, 14% free 7367K/8544K, paused 184ms, total 184ms
I/dalvikvm-heap(  277): Grow heap (frag case) to 7.504MB for 262190-byte allocation
D/dalvikvm(  339): GC_CONCURRENT freed 2K, 3% free 10147K/10412K, paused 272ms+5ms, total 446ms
D/dalvikvm(  277): GC_FOR_ALLOC freed 0K, 14% free 7623K/8804K, paused 325ms, total 325ms
D/dalvikvm(  339): GC_FOR_ALLOC freed <1K, 3% free 10150K/10412K, paused 127ms, total 127ms
D/dalvikvm(  277): GC_FOR_ALLOC freed 782K, 23% free 6847K/8804K, paused 217ms, total 218ms
I/dalvikvm-heap(  339): Grow heap (frag case) to 12.661MB for 2828816-byte allocation
D/dalvikvm(  339): GC_CONCURRENT freed 0K, 2% free 12912K/13176K, paused 6ms+14ms, total 76ms
D/dalvikvm(  339): WAIT_FOR_CONCURRENT_GC blocked 63ms
D/gralloc_goldfish(  339): Emulator without GPU emulation detected.
D/dalvikvm(  277): WAIT_FOR_CONCURRENT_GC blocked 10859ms
I/Choreographer(  339): Skipped 5563 frames!  The application may be doing too much work on its main thread.
D/dalvikvm(  376): GC_CONCURRENT freed 449K, 15% free 2870K/3376K, paused 7ms+64ms, total 427ms
I/Choreographer(  277): Skipped 39 frames!  The application may be doing too much work on its main thread.
I/Choreographer(  339): Skipped 231 frames!  The application may be doing too much work on its main thread.
W/dalvikvm(  477): threadid=3: spin on suspend #1 threadid=12 (pcf=0)
D/dalvikvm(  477): Temporarily moving tid 523 to fg (was 0)
D/dalvikvm(  477): Temporarily raised priority on tid 523 (10 -> 0)
I//system/bin/fsck_msdos(   32): ** Phase 3 - Checking Directories
W/dalvikvm(  477): threadid=3: spin on suspend resolved in 3511 msec
D/dalvikvm(  477): Restored policy of 523 to 0
D/dalvikvm(  477): Restored priority on 523 to 10
D/dalvikvm(  277): GC_EXPLICIT freed 835K, 24% free 6713K/8804K, paused 4ms+122ms, total 633ms
I/Choreographer(  277): Skipped 2416 frames!  The application may be doing too much work on its main thread.
I/ActivityManager(  277): Start proc com.android.inputmethod.latin for service com.android.inputmethod.latin/.LatinIME: pid=552 uid=10010 gids={50010, 1028}
D/ConnectivityService(  277): ConnectivityChange for mobile: CONNECTED/CONNECTED
I/Choreographer(  339): Skipped 169 frames!  The application may be doing too much work on its main thread.
I/Choreographer(  277): Skipped 163 frames!  The application may be doing too much work on its main thread.
D/dalvikvm(  277): GC_FOR_ALLOC freed 915K, 15% free 6510K/7636K, paused 65ms, total 88ms
I/dalvikvm-heap(  277): Grow heap (frag case) to 7.495MB for 1128976-byte allocation
I//system/bin/fsck_msdos(   32): ** Phase 4 - Checking for Lost Files
D/dalvikvm(  277): GC_FOR_ALLOC freed 883K, 23% free 6730K/8740K, paused 77ms, total 77ms
E/Trace   (  552): error opening trace file: No such file or directory (2)
W/WindowManager(  277): ***** BOOT TIMEOUT: forcing display enabled
I/SurfaceFlinger(   37): Boot is finished (85544 ms)
I/ActivityManager(  277): Config changes=1400 {1.0 310mcc260mnc en_US ldltr sw320dp w320dp h508dp 240dpi nrml long port finger -keyb/v/h tball/v s.6}
I/PowerManagerService(  277): Boot animation finished.
I/Choreographer(  277): Skipped 64 frames!  The application may be doing too much work on its main thread.
I/LatinIME(  552): Hardware accelerated drawing: false
D/dalvikvm(  277): GC_CONCURRENT freed 22K, 24% free 6729K/8740K, paused 152ms+60ms, total 885ms
I//system/bin/fsck_msdos(   32): 13 files, 1044444 free (522222 clusters)
W/InputAttributes(  552): No editor info for this field. Bug?
W/InputMethodManagerService(  277): Found no subtypes in a system IME: com.android.inputmethod.pinyin
D/dalvikvm(  277): GC_CONCURRENT freed 1399K, 28% free 6346K/8740K, paused 7ms+9ms, total 73ms
D/dalvikvm(  277): WAIT_FOR_CONCURRENT_GC blocked 55ms
E/ActivityThread(  552): Failed to find provider info for com.android.inputmethod.latin.dictionarypack
E/BinaryDictionaryGetter(  552): Could not find a dictionary pack
E/UserHistoryDictionary(  552): when loading: file not foundjava.io.FileNotFoundException: /data/data/com.android.inputmethod.latin/files/UserHistoryDictionary.en_US.dict: open failed: ENOENT (No such file or directory)
D/dalvikvm(  552): GC_CONCURRENT freed 239K, 11% free 2542K/2840K, paused 4ms+30ms, total 87ms
E/StrictMode(  552): A resource was acquired at attached stack trace but never released. See java.io.Closeable for information on avoiding resource leaks.
E/StrictMode(  552): java.lang.Throwable: Explicit termination method 'close' not called
E/StrictMode(  552): 	at dalvik.system.CloseGuard.open(CloseGuard.java:184)
E/StrictMode(  552): 	at android.os.ParcelFileDescriptor.<init>(ParcelFileDescriptor.java:412)
E/StrictMode(  552): 	at android.content.res.AssetManager.openNonAssetFdNative(Native Method)
E/StrictMode(  552): 	at android.content.res.AssetManager.openNonAssetFd(AssetManager.java:428)
E/StrictMode(  552): 	at android.content.res.Resources.openRawResourceFd(Resources.java:979)
E/StrictMode(  552): 	at com.android.inputmethod.latin.BinaryDictionaryGetter.loadFallbackResource(BinaryDictionaryGetter.java:183)
E/StrictMode(  552): 	at com.android.inputmethod.latin.BinaryDictionaryGetter.getDictionaryFiles(BinaryDictionaryGetter.java:456)
E/StrictMode(  552): 	at com.android.inputmethod.latin.DictionaryFactory.createMainDictionaryFromManager(DictionaryFactory.java:57)
E/StrictMode(  552): 	at com.android.inputmethod.latin.DictionaryFactory.createMainDictionaryFromManager(DictionaryFactory.java:87)
E/StrictMode(  552): 	at com.android.inputmethod.latin.Suggest$1.run(Suggest.java:108)
I/Choreographer(  277): Skipped 601 frames!  The application may be doing too much work on its main thread.
D/Tethering(  277): MasterInitialState.processMessage what=3
D/dalvikvm(  277): GC_FOR_ALLOC freed 563K, 26% free 6528K/8740K, paused 54ms, total 68ms
I/dalvikvm-heap(  277): Grow heap (frag case) to 7.512MB for 1128976-byte allocation
D/dalvikvm(  277): GC_FOR_ALLOC freed 882K, 23% free 6748K/8740K, paused 60ms, total 60ms
I/Choreographer(  277): Skipped 68 frames!  The application may be doing too much work on its main thread.
I/Vold    (   32): Filesystem check completed OK
I/Vold    (   32): Device /dev/block/vold/179:0, target /mnt/sdcard mounted @ /mnt/secure/staging
D/Vold    (   32): Volume sdcard state changing 3 (Checking) -> 4 (Mounted)
D/MountService(  277): volume state changed for /mnt/sdcard (checking -> mounted)
I/PackageManager(  277): Updating external media status from unmounted to mounted
D/MountService(  277): sendStorageIntent Intent { act=android.intent.action.MEDIA_MOUNTED dat=file:///mnt/sdcard (has extras) } to UserHandle{-1}
E/VoldConnector(  277): NDC Command {3 volume mount /mnt/sdcard} took too long (49515ms)
D/dalvikvm(  277): GC_CONCURRENT freed 21K, 23% free 6741K/8740K, paused 15ms+60ms, total 254ms
I/Choreographer(  277): Skipped 75 frames!  The application may be doing too much work on its main thread.
I/Choreographer(  277): Skipped 67 frames!  The application may be doing too much work on its main thread.
I/PackageManager(  277): No secure containers on sdcard
I/Choreographer(  277): Skipped 35 frames!  The application may be doing too much work on its main thread.
I/Choreographer(  277): Skipped 32 frames!  The application may be doing too much work on its main thread.
I/dalvikvm(  477): Wrote stack traces to '/data/anr/traces.txt'
W/PackageManager(  277): Unknown permission com.google.android.googleapps.permission.GOOGLE_AUTH.mail in package com.android.contacts
W/PackageManager(  277): Unknown permission android.permission.ADD_SYSTEM_SERVICE in package com.android.phone
W/PackageManager(  277): Unknown permission com.android.smspush.WAPPUSH_MANAGER_BIND in package com.android.phone
W/PackageManager(  277): Unknown permission com.google.android.googleapps.permission.GOOGLE_AUTH in package com.android.providers.calendar
W/PackageManager(  277): Unknown permission com.google.android.googleapps.permission.GOOGLE_AUTH.cl in package com.android.providers.calendar
W/PackageManager(  277): Unknown permission com.google.android.googleapps.permission.GOOGLE_AUTH.mail in package com.android.calendar
W/PackageManager(  277): Not granting permission android.permission.SEND_DOWNLOAD_COMPLETED_INTENTS to package com.android.browser (protectionLevel=2 flags=0x89be45)
W/PackageManager(  277): Not granting permission android.permission.BIND_APPWIDGET to package com.android.widgetpreview (protectionLevel=18 flags=0x8be44)
W/PackageManager(  277): Unknown permission com.google.android.googleapps.permission.GOOGLE_AUTH in package com.android.settings
W/PackageManager(  277): Unknown permission com.google.android.gallery3d.permission.GALLERY_PROVIDER in package com.android.exchange
W/PackageManager(  277): Unknown permission com.google.android.googleapps.permission.ACCESS_GOOGLE_PASSWORD in package com.android.development
W/PackageManager(  277): Unknown permission com.google.android.googleapps.permission.GOOGLE_AUTH in package com.android.development
W/PackageManager(  277): Unknown permission com.google.android.googleapps.permission.GOOGLE_AUTH.ALL_SERVICES in package com.android.development
W/PackageManager(  277): Unknown permission com.google.android.googleapps.permission.GOOGLE_AUTH.YouTubeUser in package com.android.development
W/PackageManager(  277): Unknown permission com.google.android.gallery3d.permission.GALLERY_PROVIDER in package com.android.email
W/PackageManager(  277): Not granting permission android.permission.DEVICE_POWER to package com.android.deskclock (protectionLevel=2 flags=0x88be45)
W/GpsLocationProvider(  277): Could not open GPS configuration file /etc/gps.conf
W/ServiceWatcher(  277): com.google.android.location not found
W/ServiceWatcher(  277): com.google.android.location not found
W/LocationManagerService(  277): no network location provider found
W/ServiceWatcher(  277): com.google.android.location not found
I/ActivityManager(  277): Start proc com.android.location.fused for service com.android.location.fused/.FusedLocationService: pid=574 uid=10022 gids={50022, 1028}
I/AccountTypeManager(  469): Loaded meta-data for 1 account types, 0 accounts in 157ms(wall) 46ms(cpu)
E/Trace   (  574): error opening trace file: No such file or directory (2)
W/ServiceWatcher(  277): com.google.android.location not found
E/LocationManagerService(  277): no geocoder provider found
I/ActivityManager(  277): Start proc com.android.email for broadcast com.android.email/.service.EmailBroadcastReceiver: pid=589 uid=10019 gids={50019, 3003, 1015, 1028}
E/Trace   (  589): error opening trace file: No such file or directory (2)
I/FusedLocation(  574): engine started (com.android.location.fused)
I/ActivityManager(  277): Start proc com.android.exchange for service com.android.exchange/.ExchangeService: pid=608 uid=10032 gids={50032, 3003, 1015, 1028}
I/ActivityManager(  277): Start proc com.android.providers.calendar for broadcast com.android.providers.calendar/.CalendarReceiver: pid=614 uid=10023 gids={50023, 3003, 1015, 1028}
E/Trace   (  614): error opening trace file: No such file or directory (2)
E/Trace   (  608): error opening trace file: No such file or directory (2)
D/ExchangeService(  608): !!! EAS ExchangeService, onCreate
D/ExchangeService(  608): !!! EAS ExchangeService, onStartCommand, startingUp = false, running = false
I/ActivityManager(  277): Start proc com.android.mms for broadcast com.android.mms/.transaction.MmsSystemEventReceiver: pid=640 uid=10029 gids={50029, 3003, 1015, 1028}
E/Trace   (  640): error opening trace file: No such file or directory (2)
D/CountryDetector(  277): The first listener is added
D/Eas Debug(  608): Logging: 
V/MmsConfig(  640): mnc/mcc: 310260
V/MmsConfig(  640): tag: bool value: enabledMMS - true
V/MmsConfig(  640): tag: int value: maxMessageSize - 307200
V/MmsConfig(  640): tag: int value: maxImageHeight - 480
V/MmsConfig(  640): tag: int value: maxImageWidth - 640
V/MmsConfig(  640): tag: int value: defaultSMSMessagesPerThread - 500
V/MmsConfig(  640): tag: int value: defaultMMSMessagesPerThread - 50
V/MmsConfig(  640): tag: int value: minMessageCountPerThread - 10
V/MmsConfig(  640): tag: int value: maxMessageCountPerThread - 5000
V/MmsConfig(  640): tag: string value: uaProfUrl - http://www.google.com/oha/rdf/ua-profile-kila.xml
V/MmsConfig(  640): tag: int value: recipientLimit - -1
V/MmsConfig(  640): tag: bool value: enableMultipartSMS - true
V/MmsConfig(  640): tag: int value: smsToMmsTextThreshold - -1
V/MmsConfig(  640): tag: bool value: enableSlideDuration - true
V/MmsConfig(  640): tag: int value: maxMessageTextSize - -1
D/ExchangeService(  608): !!! EAS ExchangeService, onStartCommand, startingUp = true, running = false
I/ActivityManager(  277): Start proc com.android.settings for broadcast com.android.settings/.widget.SettingsAppWidgetProvider: pid=669 uid=1000 gids={41000, 1015, 1028, 3002, 3001, 3003}
D/GpsLocationProvider(  277): NTP server returned: 1483694093598 (Fri Jan 06 09:14:53 GMT 2017) reference: 102663 certainty: 77 system time offset: -7380
D/dalvikvm(  277): GREF has increased to 501
E/Trace   (  669): error opening trace file: No such file or directory (2)
E/BluetoothAdapter(  669): Bluetooth binder is null
E/BluetoothAdapter(  669): Bluetooth binder is null
D/MediaScannerReceiver(  477): action: android.intent.action.MEDIA_MOUNTED path: /mnt/sdcard
E/BluetoothAdapter(  669): Bluetooth binder is null
D/MmsSmsDatabaseHelper(  376): [MmsSmsDb] tableName: threads hasAutoIncrement: CREATE TABLE threads (_id INTEGER PRIMARY KEY AUTOINCREMENT,date INTEGER DEFAULT 0,message_count INTEGER DEFAULT 0,recipient_ids TEXT,snippet TEXT,snippet_cs INTEGER DEFAULT 0,read INTEGER DEFAULT 1,type INTEGER DEFAULT 0,error INTEGER DEFAULT 0,has_attachment INTEGER DEFAULT 0) result: true
D/MmsSmsDatabaseHelper(  376): [MmsSmsDb] tableName: canonical_addresses hasAutoIncrement: CREATE TABLE canonical_addresses (_id INTEGER PRIMARY KEY AUTOINCREMENT,address TEXT) result: true
D/ExchangeService(  608): Received deviceId from Email app: androidc259148960
D/ExchangeService(  608): Reconciling accounts...
D/MmsSmsDatabaseHelper(  376): [MmsSmsDb] tableName: part hasAutoIncrement: CREATE TABLE part (_id INTEGER PRIMARY KEY AUTOINCREMENT,mid INTEGER,seq INTEGER DEFAULT 0,ct TEXT,name TEXT,chset INTEGER,cd TEXT,fn TEXT,cid TEXT,cl TEXT,ctt_s INTEGER,ctt_t TEXT,_data TEXT,text TEXT) result: true
D/MmsSmsDatabaseHelper(  376): [MmsSmsDb] tableName: pdu hasAutoIncrement: CREATE TABLE pdu (_id INTEGER PRIMARY KEY AUTOINCREMENT,thread_id INTEGER,date INTEGER,date_sent INTEGER DEFAULT 0,msg_box INTEGER,read INTEGER DEFAULT 0,m_id TEXT,sub TEXT,sub_cs INTEGER,ct_t TEXT,ct_l TEXT,exp INTEGER,m_cls TEXT,m_type INTEGER,v INTEGER,m_size INTEGER,pri INTEGER,rr INTEGER,rpt_a INTEGER,resp_st INTEGER,st INTEGER,tr_id TEXT,retr_st INTEGER,retr_txt TEXT,retr_txt_cs INTEGER,read_status INTEGER,ct_cls INTEGER,resp_txt TEXT,d_tm INTEGER,d_rpt INTEGER,locked INTEGER DEFAULT 0,seen INTEGER DEFAULT 0,text_only INTEGER DEFAULT 0) result: true
D/MmsSmsDatabaseHelper(  376): [getWritableDatabase] hasAutoIncrementThreads: true hasAutoIncrementAddresses: true hasAutoIncrementPart: true hasAutoIncrementPdu: true
D/ExchangeService(  608): !!! EAS ExchangeService, onStartCommand, startingUp = true, running = false
D/Eas Debug(  608): Logging: 
D/Mms:app (  640): cancelNotification
I/CalendarProvider2(  614): Sending notification intent: Intent { act=android.intent.action.PROVIDER_CHANGED dat=content://com.android.calendar }
W/ContentResolver(  614): Failed to get type for: content://com.android.calendar (Unknown URL content://com.android.calendar)
I/ActivityManager(  277): Start proc com.android.calendar for broadcast com.android.calendar/.alerts.AlertReceiver: pid=698 uid=10004 gids={50004, 3003, 1028}
E/Trace   (  698): error opening trace file: No such file or directory (2)
D/dalvikvm(  393): GC_FOR_ALLOC freed 308K, 7% free 4851K/5216K, paused 47ms, total 65ms
I/dalvikvm-heap(  393): Grow heap (frag case) to 6.163MB for 1440016-byte allocation
D/dalvikvm(  393): GC_FOR_ALLOC freed 27K, 6% free 6231K/6624K, paused 60ms, total 60ms
D/dalvikvm(  393): GC_CONCURRENT freed <1K, 6% free 6231K/6624K, paused 4ms+3ms, total 38ms
D/AlertReceiver(  698): onReceive: a=android.intent.action.PROVIDER_CHANGED Intent { act=android.intent.action.PROVIDER_CHANGED dat=content://com.android.calendar flg=0x10 cmp=com.android.calendar/.alerts.AlertReceiver }
D/AlertService(  698): 0 Action = android.intent.action.PROVIDER_CHANGED
D/AlertService(  698): Beginning updateAlertNotification
D/Launcher.Model(  393): Reload apps on config change. curr_mcc:310 prevmcc:0
I/Choreographer(  393): Skipped 520 frames!  The application may be doing too much work on its main thread.
E/SurfaceFlinger(   37): ro.sf.lcd_density must be defined as a build property
D/gralloc_goldfish(  393): Emulator without GPU emulation detected.
D/dalvikvm(  393): GC_FOR_ALLOC freed 1499K, 27% free 5039K/6824K, paused 160ms, total 174ms
I/dalvikvm-heap(  393): Grow heap (frag case) to 6.368MB for 1463056-byte allocation
D/dalvikvm(  393): GC_FOR_ALLOC freed 7K, 22% free 6461K/8256K, paused 25ms, total 25ms
D/dalvikvm(  393): GC_FOR_ALLOC freed <1K, 22% free 6461K/8256K, paused 23ms, total 23ms
I/dalvikvm-heap(  393): Grow heap (frag case) to 7.756MB for 1463056-byte allocation
D/dalvikvm(  393): GC_FOR_ALLOC freed 0K, 19% free 7890K/9688K, paused 24ms, total 24ms
I/ActivityManager(  277): Displayed com.android.launcher/com.android.launcher2.Launcher: +52s610ms
I/Choreographer(  393): Skipped 137 frames!  The application may be doing too much work on its main thread.
D/dalvikvm(  393): GC_CONCURRENT freed 1562K, 34% free 6424K/9688K, paused 4ms+4ms, total 43ms
D/dalvikvm(  376): GREF has increased to 201
D/Mms:app (  640): cancelNotification
D/dalvikvm(  393): GC_FOR_ALLOC freed 178K, 27% free 7168K/9688K, paused 25ms, total 35ms
D/dalvikvm(  393): GREF has increased to 201
I/Choreographer(  393): Skipped 30 frames!  The application may be doing too much work on its main thread.
I/Choreographer(  393): Skipped 58 frames!  The application may be doing too much work on its main thread.
D/AlertService(  698): No fired or scheduled alerts
D/EmailProvider(  589): fromDatabase accounts: 0
D/EmailProvider(  589): ending toDatabase transaction; copyCount = 0
D/EmailProvider(  589): ending fromDatabase transaction; copyCount = 0
W/ActivityManager(  277): Unable to start service Intent { cmp=com.android.email/.service.AttachmentDownloadService } U=0: not found
D/dalvikvm(  477): GREF has increased to 201
W/ActivityManager(  277): Unable to start service Intent { cmp=com.android.email/.service.AttachmentDownloadService } U=0: not found
D/ExchangeService(  608): !!! EAS ExchangeService, onStartCommand, startingUp = true, running = false
W/ActivityManager(  277): Unable to start service Intent { cmp=com.android.email/.service.AttachmentDownloadService } U=0: not found
D/dalvikvm(  589): GC_CONCURRENT freed 196K, 9% free 2585K/2840K, paused 46ms+3ms, total 102ms
D/dalvikvm(  393): GC_CONCURRENT freed 182K, 13% free 8460K/9688K, paused 4ms+4ms, total 44ms
W/MediaProvider(  477): no database for scanned volume external
D/dalvikvm(  477): GC_CONCURRENT freed 202K, 10% free 2558K/2816K, paused 17ms+3ms, total 70ms
D/dalvikvm(  277): GC_EXPLICIT freed 1743K, 34% free 5801K/8740K, paused 5ms+7ms, total 100ms
W/MediaScanner(  477): Error opening directory '/mnt/sdcard/.android_secure/', skipping: Permission denied.
I/dalvikvm(  277): Jit: resizing JitTable from 4096 to 8192
V/MediaScanner(  477): pruneDeadThumbnailFiles... android.database.sqlite.SQLiteCursor@40cf3a98
V/MediaScanner(  477): /pruneDeadThumbnailFiles... android.database.sqlite.SQLiteCursor@40cf3a98
W/MediaScanner(  477): Error opening directory '/mnt/sdcard/.android_secure/', skipping: Permission denied.
V/MediaScanner(  477): pruneDeadThumbnailFiles... android.database.sqlite.SQLiteCursor@40d0f818
V/MediaScanner(  477): /pruneDeadThumbnailFiles... android.database.sqlite.SQLiteCursor@40d0f818
W/SystemClock(  277): Unable to set rtc to 1483694105: Invalid argument
V/AlarmClock(  528): No next alarm
V/AlarmClock(  528): AlarmInitReceiver finished
D/SystemClock(  277): Setting time of day to sec=1483694105
D/AndroidRuntime(  743): 
D/AndroidRuntime(  743): >>>>>> AndroidRuntime START com.android.internal.os.RuntimeInit <<<<<<
D/AndroidRuntime(  743): CheckJNI is ON
D/dalvikvm(  743): Trying to load lib libjavacore.so 0x0
D/dalvikvm(  743): Added shared lib libjavacore.so 0x0
D/dalvikvm(  743): Trying to load lib libnativehelper.so 0x0
D/dalvikvm(  743): Added shared lib libnativehelper.so 0x0
D/AndroidRuntime(  743): Calling main entry com.android.commands.am.Am
D/dalvikvm(  743): Note: class Landroid/app/ActivityManagerNative; has 157 unimplemented (abstract) methods
D/dalvikvm(  753): Not late-enabling CheckJNI (already on)
I/ActivityManager(  277): Start proc it.unina.android.ripper_service:android_ripper_service_process for service it.unina.android.ripper_service/.AndroidRipperService: pid=753 uid=10049 gids={50049, 3003, 1028}
D/AndroidRuntime(  743): Shutting down VM
D/dalvikvm(  743): GC_CONCURRENT freed 91K, 16% free 490K/584K, paused 1ms+1ms, total 19ms
E/Trace   (  753): error opening trace file: No such file or directory (2)
V/AndroidRipperService(  753): onCreate()
V/SERVER  (  753): Starting ServerSocket on PORT 8888
V/SERVER  (  753): Started ServerSocket on PORT 8888
V/SERVER  (  753): Ready to accept connections on port: 8888
D/AndroidRuntime(  775): 
D/AndroidRuntime(  775): >>>>>> AndroidRuntime START com.android.internal.os.RuntimeInit <<<<<<
D/AndroidRuntime(  775): CheckJNI is ON
D/dalvikvm(  775): Trying to load lib libjavacore.so 0x0
D/dalvikvm(  775): Added shared lib libjavacore.so 0x0
D/dalvikvm(  775): Trying to load lib libnativehelper.so 0x0
D/dalvikvm(  775): Added shared lib libnativehelper.so 0x0
D/AndroidRuntime(  775): Calling main entry com.android.commands.am.Am
D/dalvikvm(  775): Note: class Landroid/app/ActivityManagerNative; has 157 unimplemented (abstract) methods
I/ActivityManager(  277): Force stopping package de.freewarepoint.whohasmystuff appid=10050 user=0
D/dalvikvm(  786): Not late-enabling CheckJNI (already on)
I/ActivityManager(  277): Start proc de.freewarepoint.whohasmystuff for added application de.freewarepoint.whohasmystuff: pid=786 uid=10050 gids={50050, 1015, 1028}
E/Trace   (  786): error opening trace file: No such file or directory (2)
D/PolideaInstrumentationTestRunner(  786): Creating the Test Runner with arguments: [coverage, class]
D/PolideaInstrumentationTestRunner(  786): Test runner is running with the following parameters:
D/PolideaInstrumentationTestRunner(  786): junitOutputDirectory: /data/data/de.freewarepoint.whohasmystuff/files
D/PolideaInstrumentationTestRunner(  786): junitOutputFilePostfix: -TEST.xml
D/PolideaInstrumentationTestRunner(  786): junitNoPackagePrefix: NO_PACKAGE
D/PolideaInstrumentationTestRunner(  786): junitSplitLevel: package
D/PolideaInstrumentationTestRunner(  786): junitSingleFileName: ALL-TEST.xml
D/PolideaInstrumentationTestRunner(  786): Creating output directory if it does not exist
D/PolideaInstrumentationTestRunner(  786): Created directory? false
D/PolideaInstrumentationTestRunner(  786): Deleting old files
D/PolideaInstrumentationTestRunner(  786): Deleting: [/data/data/de.freewarepoint.whohasmystuff/files/it.unina.android.ripper-TEST.xml]
D/dalvikvm(  786): GC_CONCURRENT freed 273K, 12% free 2560K/2896K, paused 6ms+5ms, total 56ms
I/System.out(  786): EMMA: collecting runtime coverage data ...
D/PolideaInstrumentationTestRunner(  786): Getting android test runner
D/PolideaInstrumentationTestRunner(  786): JUnit test output enabled
W/dalvikvm(  786): method Landroid/test/InstrumentationTestRunner$StringResultPrinter;.print incorrectly overrides package-private method with same name in Ljunit/textui/ResultPrinter;
D/PolideaInstrumentationTestRunner(  786): Starting test: testApplication(it.unina.android.ripper.RipperTestCase)
I/TestRunner(  786): started: testApplication(it.unina.android.ripper.RipperTestCase)
V/AndroidRipperService(  753): onBind()
V/AndroidRipperService(  753): register()
V/AndroidRipperService(  753): onBind()
I/ActivityManager(  277): START u0 {act=android.intent.action.MAIN flg=0x10000000 cmp=de.freewarepoint.whohasmystuff/.ListLentObjects} from pid 786
D/PermissionCache(   37): checking android.permission.READ_FRAME_BUFFER for uid=1000 => granted (12085 us)
E/libEGL  (   37): called unimplemented OpenGL ES API
E/libEGL  (   37): called unimplemented OpenGL ES API
E/libEGL  (   37): called unimplemented OpenGL ES API
E/libEGL  (   37): called unimplemented OpenGL ES API
E/libEGL  (   37): called unimplemented OpenGL ES API
E/libEGL  (   37): called unimplemented OpenGL ES API
E/libEGL  (   37): called unimplemented OpenGL ES API
E/libEGL  (   37): called unimplemented OpenGL ES API
E/libEGL  (   37): called unimplemented OpenGL ES API
E/libEGL  (   37): called unimplemented OpenGL ES API
W/WindowManager(  277): Failure taking screenshot for (246x410) to layer 21000
E/SurfaceFlinger(   37): ro.sf.lcd_density must be defined as a build property
I/Choreographer(  277): Skipped 45 frames!  The application may be doing too much work on its main thread.
D/dalvikvm(  786): GC_FOR_ALLOC freed 128K, 10% free 2683K/2952K, paused 107ms, total 136ms
I/dalvikvm-heap(  786): Grow heap (frag case) to 3.281MB for 635812-byte allocation
D/dalvikvm(  786): GC_FOR_ALLOC freed <1K, 8% free 3303K/3576K, paused 67ms, total 67ms
D/dalvikvm(  786): GC_CONCURRENT freed 1K, 8% free 3315K/3576K, paused 4ms+39ms, total 81ms
E/SurfaceFlinger(   37): ro.sf.lcd_density must be defined as a build property
V/        (  753): ready
V/RipperService(  753): PING
V/AndroidRipperService(  753): mHandler.handleMessage() RECIVED
V/AndroidRipperService(  753): broadcast()
I/AndroidRipper(  786): Recived message: PING
V/RipperTestCase(  786): Not ready to operate!
V/AndroidRipperService(  753): broadcast() done
V/        (  753): ready
I/Choreographer(  786): Skipped 98 frames!  The application may be doing too much work on its main thread.
D/gralloc_goldfish(  786): Emulator without GPU emulation detected.
I/ActivityManager(  277): Displayed de.freewarepoint.whohasmystuff/.ListLentObjects: +1s880ms
V/RipperService(  753): PING
V/AndroidRipperService(  753): mHandler.handleMessage() RECIVED
V/AndroidRipperService(  753): broadcast()
I/AndroidRipper(  786): Recived message: PING
V/RipperTestCase(  786): Not ready to operate!
V/AndroidRipperService(  753): broadcast() done
V/        (  753): ready
I/AndroidRipper(  786): [RipperTestCase] Ready to operate after restarting...
V/RipperService(  753): PING
V/AndroidRipperService(  753): mHandler.handleMessage() RECIVED
V/AndroidRipperService(  753): broadcast()
I/AndroidRipper(  786): Recived message: PING
V/AndroidRipperService(  753): send()
I/System.out(  753): {"type":"PONG","index":"4"}
V/AndroidRipperService(  753): broadcast() done
V/        (  753): ready
V/RipperService(  753): END
V/AndroidRipperService(  753): mHandler.handleMessage() RECIVED
V/AndroidRipperService(  753): broadcast()
I/AndroidRipper(  786): Recived message: END
V/AndroidRipperService(  753): broadcast() done
V/        (  753): ready
V/SERVER  (  753): ServerSocket on PORT 8888: offline
V/AndroidRipperService(  753): mHandler.handleMessage() DISCONNECTED
V/SERVER  (  753): Ready to accept connections on port: 8888
V/AndroidRipperService(  753): unregister()
E/libEGL  (   37): called unimplemented OpenGL ES API
E/libEGL  (   37): called unimplemented OpenGL ES API
E/libEGL  (   37): called unimplemented OpenGL ES API
E/libEGL  (   37): called unimplemented OpenGL ES API
E/libEGL  (   37): called unimplemented OpenGL ES API
E/libEGL  (   37): called unimplemented OpenGL ES API
E/libEGL  (   37): called unimplemented OpenGL ES API
E/libEGL  (   37): called unimplemented OpenGL ES API
E/libEGL  (   37): called unimplemented OpenGL ES API
E/libEGL  (   37): called unimplemented OpenGL ES API
W/WindowManager(  277): Failure taking screenshot for (246x410) to layer 21005
V/AndroidRipperService(  753): unregister()
W/ActivityManager(  277): Duplicate finish request for ActivityRecord{40eeb298 u0 de.freewarepoint.whohasmystuff/.ListLentObjects}
D/dalvikvm(  786): GC_EXPLICIT freed 52K, 6% free 3368K/3568K, paused 3ms+7ms, total 108ms
D/dalvikvm(  786): GC_EXPLICIT freed 6K, 6% free 3363K/3568K, paused 4ms+6ms, total 100ms
D/PolideaInstrumentationTestRunner(  786): Finished test: testApplication(it.unina.android.ripper.RipperTestCase)
I/TestRunner(  786): finished: testApplication(it.unina.android.ripper.RipperTestCase)
I/TestRunner(  786): passed: testApplication(it.unina.android.ripper.RipperTestCase)
I/System.out(  786): EMMA: runtime coverage data written to [/data/data/de.freewarepoint.whohasmystuff/files/coverage.ec] {in 61 ms}
D/PolideaInstrumentationTestRunner(  786): Post processing
D/PolideaInstrumentationTestRunner(  786): Packages: 1
D/PolideaInstrumentationTestRunner(  786): Processing package package it.unina.android.ripper
D/PolideaInstrumentationTestRunner(  786): Writing to file /data/data/de.freewarepoint.whohasmystuff/files/it.unina.android.ripper-TEST.xml
D/PolideaInstrumentationTestRunner(  786): closing file
I/Choreographer(  393): Skipped 112 frames!  The application may be doing too much work on its main thread.
D/AndroidRuntime(  775): Shutting down VM
D/dalvikvm(  775): GC_CONCURRENT freed 95K, 18% free 462K/560K, paused 1ms+2ms, total 9ms
I/ActivityManager(  277): Force stopping package de.freewarepoint.whohasmystuff appid=10050 user=0
I/ActivityManager(  277): Killing proc 786:de.freewarepoint.whohasmystuff/u0a10050: force stop de.freewarepoint.whohasmystuff
E/SurfaceFlinger(   37): ro.sf.lcd_density must be defined as a build property
W/InputDispatcher(  277): channel '41011d00 de.freewarepoint.whohasmystuff/de.freewarepoint.whohasmystuff.ListLentObjects (server)' ~ Consumer closed input channel or an error occurred.  events=0x9
E/InputDispatcher(  277): channel '41011d00 de.freewarepoint.whohasmystuff/de.freewarepoint.whohasmystuff.ListLentObjects (server)' ~ Channel is unrecoverably broken and will be disposed!
I/WindowState(  277): WIN DEATH: Window{41011d00 u0 de.freewarepoint.whohasmystuff/de.freewarepoint.whohasmystuff.ListLentObjects EXITING}
W/InputDispatcher(  277): Attempted to unregister already unregistered input channel '41011d00 de.freewarepoint.whohasmystuff/de.freewarepoint.whohasmystuff.ListLentObjects (server)'
I/Choreographer(  277): Skipped 39 frames!  The application may be doing too much work on its main thread.
W/WindowManager(  277): Rebuild removed 2 windows but added 1
W/WindowManager(  277): This window was lost: Window{41011d00 u0 de.freewarepoint.whohasmystuff/de.freewarepoint.whohasmystuff.ListLentObjects}
W/WindowManager(  277): mDisplayId=0 mSession=Session{40f5fd00 786:u0a10050} mClient=android.os.BinderProxy@40fdc750
W/WindowManager(  277): mOwnerUid=10050 mShowToOwnerOnly=true
W/WindowManager(  277): mAttrs=WM.LayoutParams{(0,0)(fillxfill) sim=#110 ty=1 fl=#1810100 pfl=0x8 wanim=0x10302e9}
W/WindowManager(  277): Requested w=480 h=800 mLayoutSeq=34
W/WindowManager(  277): mBaseLayer=21000 mSubLayer=0 mAnimLayer=21000+0=21000 mLastLayer=0
W/WindowManager(  277): mToken=AppWindowToken{411b4518 token=Token{40e53ee8 ActivityRecord{40eeb298 u0 de.freewarepoint.whohasmystuff/.ListLentObjects}}}
W/WindowManager(  277): mRootToken=AppWindowToken{411b4518 token=Token{40e53ee8 ActivityRecord{40eeb298 u0 de.freewarepoint.whohasmystuff/.ListLentObjects}}}
W/WindowManager(  277): mAppToken=AppWindowToken{411b4518 token=Token{40e53ee8 ActivityRecord{40eeb298 u0 de.freewarepoint.whohasmystuff/.ListLentObjects}}}
W/WindowManager(  277): mViewVisibility=0x8 mHaveFrame=true mObscured=true
W/WindowManager(  277): mSeq=0 mSystemUiVisibility=0x0
W/WindowManager(  277): mPolicyVisibility=false mPolicyVisibilityAfterAnim=false mAttachedHidden=false
W/WindowManager(  277): mGivenContentInsets=[0,0][0,0] mGivenVisibleInsets=[0,0][0,0]
W/WindowManager(  277): mConfiguration={1.0 310mcc260mnc en_US ldltr sw320dp w320dp h508dp 240dpi nrml long port finger -keyb/v/h tball/v s.6}
W/WindowManager(  277): mHasSurface=true mShownFrame=[0.0,0.0][480.0,800.0] isReadyForDisplay()=false
W/WindowManager(  277): mFrame=[0,0][480,800] last=[0,0][480,800]
W/WindowManager(  277): mSystemDecorRect=[0,38][480,800] last=[0,38][480,800]
W/WindowManager(  277): Frames: containing=[0,0][480,800] parent=[0,0][480,800] display=[0,0][480,800]
W/WindowManager(  277):     content=[0,38][480,800] visible=[0,38][480,800]
W/WindowManager(  277): Cur insets: content=[0,38][0,0] visible=[0,38][0,0]
W/WindowManager(  277): Lst insets: content=[0,38][0,0] visible=[0,38][0,0]
W/WindowManager(  277): WindowStateAnimator{4102fdd0 de.freewarepoint.whohasmystuff/de.freewarepoint.whohasmystuff.ListLentObjects}:
W/WindowManager(  277):   mSurface=Surface(name=de.freewarepoint.whohasmystuff/de.freewarepoint.whohasmystuff.ListLentObjects, identity=15)
W/WindowManager(  277):   mDrawState=HAS_DRAWN mLastHidden=true
W/WindowManager(  277):   Surface: shown=false layer=21005 alpha=0.0 rect=(0.0,0.0) 480.0 x 800.0
W/WindowManager(  277):   mShownAlpha=1.0 mAlpha=1.0 mLastAlpha=-1.0
W/WindowManager(  277):   mGlobalScale=1.0 mDsDx=1.0 mDtDx=0.0 mDsDy=0.0 mDtDy=1.0
W/WindowManager(  277): mExiting=false mRemoveOnExit=false mDestroying=true mRemoved=false
W/WindowManager(  277): Current app token list:
V/WindowManager(  277):   #0: Token{40fef308 ActivityRecord{40feeed0 u0 com.android.launcher/com.android.launcher2.Launcher}}
W/WindowManager(  277): Final window list:
V/WindowManager(  277):   #0: Window{40f185b8 u0 StatusBar}
V/WindowManager(  277):   #1: Window{40e6c068 u0 Keyguard}
V/WindowManager(  277):   #2: Window{4119fab8 u0 com.android.launcher/com.android.launcher2.Launcher}
V/WindowManager(  277):   #3: Window{411a9b60 u0 com.android.systemui.ImageWallpaper}
W/Resources(   38): Preloaded drawable resource #0x10803cc (android:drawable/list_focused_holo) that varies with configuration!!
D/dalvikvm(   38): GC_EXPLICIT freed 31K, 26% free 2359K/3156K, paused 3ms+3ms, total 31ms
W/Resources(   38): Preloaded drawable resource #0x108027a (android:drawable/fastscroll_thumb_pressed_holo) that varies with configuration!!
W/Resources(   38): Preloaded drawable resource #0x1080278 (android:drawable/fastscroll_thumb_default_holo) that varies with configuration!!
W/Resources(   38): Preloaded drawable resource #0x1080278 (android:drawable/fastscroll_thumb_default_holo) that varies with configuration!!
W/Resources(   38): Preloaded drawable resource #0x108027a (android:drawable/fastscroll_thumb_pressed_holo) that varies with configuration!!
D/dalvikvm(   38): GC_EXPLICIT freed 51K, 26% free 2358K/3156K, paused 2ms+3ms, total 127ms
W/Resources(   38): Preloaded drawable resource #0x1080278 (android:drawable/fastscroll_thumb_default_holo) that varies with configuration!!
W/Resources(   38): Preloaded drawable resource #0x108027f (android:drawable/fastscroll_track_pressed_holo_dark) that varies with configuration!!
W/Resources(   38): Preloaded drawable resource #0x108027b (android:drawable/fastscroll_track_default_holo_dark) that varies with configuration!!
W/Resources(   38): Preloaded drawable resource #0x108027b (android:drawable/fastscroll_track_default_holo_dark) that varies with configuration!!
W/Resources(   38): Preloaded drawable resource #0x108027f (android:drawable/fastscroll_track_pressed_holo_dark) that varies with configuration!!
W/Resources(   38): Preloaded drawable resource #0x108027b (android:drawable/fastscroll_track_default_holo_dark) that varies with configuration!!
W/Resources(   38): Preloaded drawable resource #0x1080274 (android:drawable/fastscroll_label_left_holo_dark) that varies with configuration!!
D/dalvikvm(   38): GC_EXPLICIT freed 74K, 26% free 2358K/3156K, paused 3ms+2ms, total 46ms
W/Resources(   38): Preloaded drawable resource #0x1080276 (android:drawable/fastscroll_label_right_holo_dark) that varies with configuration!!
D/dalvikvm(   38): GC_EXPLICIT freed 50K, 26% free 2357K/3156K, paused 6ms+7ms, total 169ms
W/Resources(   38): Preloaded drawable resource #0x1080280 (android:drawable/fastscroll_track_pressed_holo_light) that varies with configuration!!
W/Resources(   38): Preloaded drawable resource #0x108027c (android:drawable/fastscroll_track_default_holo_light) that varies with configuration!!
W/Resources(   38): Preloaded drawable resource #0x108027c (android:drawable/fastscroll_track_default_holo_light) that varies with configuration!!
W/Resources(   38): Preloaded drawable resource #0x1080280 (android:drawable/fastscroll_track_pressed_holo_light) that varies with configuration!!
W/Resources(   38): Preloaded drawable resource #0x108027c (android:drawable/fastscroll_track_default_holo_light) that varies with configuration!!
W/Resources(   38): Preloaded drawable resource #0x1080275 (android:drawable/fastscroll_label_left_holo_light) that varies with configuration!!
D/dalvikvm(   38): GC_EXPLICIT freed 57K, 26% free 2359K/3156K, paused 7ms+3ms, total 159ms
W/Resources(   38): Preloaded drawable resource #0x1080277 (android:drawable/fastscroll_label_right_holo_light) that varies with configuration!!
D/dalvikvm(   38): GC_EXPLICIT freed 50K, 26% free 2358K/3156K, paused 2ms+3ms, total 117ms
W/Resources(   38): Preloaded drawable resource #0x1080259 (android:drawable/editbox_dropdown_background_dark) that varies with configuration!!
W/Resources(   38): Preloaded drawable resource #0x10805f8 (android:drawable/textfield_search_selected_holo_dark) that varies with configuration!!
W/Resources(   38): Preloaded drawable resource #0x10805ec (android:drawable/textfield_search_default_holo_dark) that varies with configuration!!
W/Resources(   38): Preloaded drawable resource #0x10805ec (android:drawable/textfield_search_default_holo_dark) that varies with configuration!!
W/Resources(   38): Preloaded drawable resource #0x10805f5 (android:drawable/textfield_search_right_selected_holo_dark) that varies with configuration!!
W/Resources(   38): Preloaded drawable resource #0x10805f3 (android:drawable/textfield_search_right_default_holo_dark) that varies with configuration!!
W/Resources(   38): Preloaded drawable resource #0x10805f3 (android:drawable/textfield_search_right_default_holo_dark) that varies with configuration!!
W/Resources(   38): Preloaded drawable resource #0x10805f9 (android:drawable/textfield_search_selected_holo_light) that varies with configuration!!
W/Resources(   38): Preloaded drawable resource #0x10805ed (android:drawable/textfield_search_default_holo_light) that varies with configuration!!
W/Resources(   38): Preloaded drawable resource #0x10805ed (android:drawable/textfield_search_default_holo_light) that varies with configuration!!
W/Resources(   38): Preloaded drawable resource #0x10805f6 (android:drawable/textfield_search_right_selected_holo_light) that varies with configuration!!
W/Resources(   38): Preloaded drawable resource #0x10805f4 (android:drawable/textfield_search_right_default_holo_light) that varies with configuration!!
W/Resources(   38): Preloaded drawable resource #0x10805f4 (android:drawable/textfield_search_right_default_holo_light) that varies with configuration!!
W/Resources(   38): Preloaded drawable resource #0x10805f8 (android:drawable/textfield_search_selected_holo_dark) that varies with configuration!!
W/Resources(   38): Preloaded drawable resource #0x10805ec (android:drawable/textfield_search_default_holo_dark) that varies with configuration!!
W/Resources(   38): Preloaded drawable resource #0x10805f5 (android:drawable/textfield_search_right_selected_holo_dark) that varies with configuration!!
W/Resources(   38): Preloaded drawable resource #0x10805f3 (android:drawable/textfield_search_right_default_holo_dark) that varies with configuration!!
W/Resources(   38): Preloaded drawable resource #0x10805f9 (android:drawable/textfield_search_selected_holo_light) that varies with configuration!!
W/Resources(   38): Preloaded drawable resource #0x10805ed (android:drawable/textfield_search_default_holo_light) that varies with configuration!!
W/Resources(   38): Preloaded drawable resource #0x10805f6 (android:drawable/textfield_search_right_selected_holo_light) that varies with configuration!!
W/Resources(   38): Preloaded drawable resource #0x10805f4 (android:drawable/textfield_search_right_default_holo_light) that varies with configuration!!
D/dalvikvm(   38): GC_EXPLICIT freed 47K, 26% free 2364K/3156K, paused 2ms+4ms, total 96ms
W/Resources(   38): Preloaded drawable resource #0x10805c1 (android:drawable/tab_unselected_holo) that varies with configuration!!
W/Resources(   38): Preloaded drawable resource #0x10805bc (android:drawable/tab_selected_holo) that varies with configuration!!
W/Resources(   38): Preloaded drawable resource #0x10805c0 (android:drawable/tab_unselected_focused_holo) that varies with configuration!!
W/Resources(   38): Preloaded drawable resource #0x10805bb (android:drawable/tab_selected_focused_holo) that varies with configuration!!
W/Resources(   38): Preloaded drawable resource #0x10805c2 (android:drawable/tab_unselected_pressed_holo) that varies with configuration!!
W/Resources(   38): Preloaded drawable resource #0x10805bd (android:drawable/tab_selected_pressed_holo) that varies with configuration!!
W/Resources(   38): Preloaded drawable resource #0x10805c2 (android:drawable/tab_unselected_pressed_holo) that varies with configuration!!
W/Resources(   38): Preloaded drawable resource #0x10805bd (android:drawable/tab_selected_pressed_holo) that varies with configuration!!
W/Resources(   38): Preloaded drawable resource #0x10805bd (android:drawable/tab_selected_pressed_holo) that varies with configuration!!
W/Resources(   38): Preloaded drawable resource #0x10805c1 (android:drawable/tab_unselected_holo) that varies with configuration!!
W/Resources(   38): Preloaded drawable resource #0x10805bc (android:drawable/tab_selected_holo) that varies with configuration!!
W/Resources(   38): Preloaded drawable resource #0x10805c0 (android:drawable/tab_unselected_focused_holo) that varies with configuration!!
W/Resources(   38): Preloaded drawable resource #0x10805bb (android:drawable/tab_selected_focused_holo) that varies with configuration!!
W/Resources(   38): Preloaded drawable resource #0x10805c2 (android:drawable/tab_unselected_pressed_holo) that varies with configuration!!
W/Resources(   38): Preloaded drawable resource #0x10805bd (android:drawable/tab_selected_pressed_holo) that varies with configuration!!
