D/MountService(  282): sendStorageIntent Intent { act=android.intent.action.MEDIA_MOUNTED dat=file:///mnt/sdcard (has extras) } to UserHandle{-1}
E/VoldConnector(  282): NDC Command {3 volume mount /mnt/sdcard} took too long (49525ms)
I/PackageManager(  282): No secure containers on sdcard
D/MediaScannerReceiver(  468): action: android.intent.action.MEDIA_MOUNTED path: /mnt/sdcard
D/EmailProvider(  577): fromDatabase accounts: 0
D/EmailProvider(  577): ending toDatabase transaction; copyCount = 0
D/EmailProvider(  577): ending fromDatabase transaction; copyCount = 0
W/PackageManager(  282): Unknown permission com.google.android.googleapps.permission.GOOGLE_AUTH.mail in package com.android.contacts
W/PackageManager(  282): Unknown permission android.permission.ADD_SYSTEM_SERVICE in package com.android.phone
W/PackageManager(  282): Unknown permission com.android.smspush.WAPPUSH_MANAGER_BIND in package com.android.phone
W/PackageManager(  282): Unknown permission com.google.android.googleapps.permission.GOOGLE_AUTH in package com.android.providers.calendar
W/PackageManager(  282): Unknown permission com.google.android.googleapps.permission.GOOGLE_AUTH.cl in package com.android.providers.calendar
W/PackageManager(  282): Unknown permission com.google.android.googleapps.permission.GOOGLE_AUTH.mail in package com.android.calendar
W/PackageManager(  282): Not granting permission android.permission.SEND_DOWNLOAD_COMPLETED_INTENTS to package com.android.browser (protectionLevel=2 flags=0x89be45)
W/PackageManager(  282): Not granting permission android.permission.BIND_APPWIDGET to package com.android.widgetpreview (protectionLevel=18 flags=0x8be44)
W/PackageManager(  282): Unknown permission com.google.android.googleapps.permission.GOOGLE_AUTH in package com.android.settings
W/PackageManager(  282): Unknown permission com.google.android.gallery3d.permission.GALLERY_PROVIDER in package com.android.exchange
W/PackageManager(  282): Unknown permission com.google.android.googleapps.permission.ACCESS_GOOGLE_PASSWORD in package com.android.development
W/PackageManager(  282): Unknown permission com.google.android.googleapps.permission.GOOGLE_AUTH in package com.android.development
W/PackageManager(  282): Unknown permission com.google.android.googleapps.permission.GOOGLE_AUTH.ALL_SERVICES in package com.android.development
W/PackageManager(  282): Unknown permission com.google.android.googleapps.permission.GOOGLE_AUTH.YouTubeUser in package com.android.development
W/PackageManager(  282): Unknown permission com.google.android.gallery3d.permission.GALLERY_PROVIDER in package com.android.email
W/PackageManager(  282): Not granting permission android.permission.DEVICE_POWER to package com.android.deskclock (protectionLevel=2 flags=0x88be45)
W/GpsLocationProvider(  282): Could not open GPS configuration file /etc/gps.conf
D/ExchangeService(  596): Received deviceId from Email app: androidc259148960
D/ExchangeService(  596): Reconciling accounts...
W/ServiceWatcher(  282): com.google.android.location not found
W/ActivityManager(  282): Unable to start service Intent { cmp=com.android.email/.service.AttachmentDownloadService } U=0: not found
D/ExchangeService(  596): !!! EAS ExchangeService, onStartCommand, startingUp = true, running = false
D/ExchangeService(  596): !!! EAS ExchangeService, onStartCommand, startingUp = true, running = false
I/AccountTypeManager(  486): Loaded meta-data for 1 account types, 0 accounts in 382ms(wall) 37ms(cpu)
W/ActivityManager(  282): Unable to start service Intent { cmp=com.android.email/.service.AttachmentDownloadService } U=0: not found
W/ServiceWatcher(  282): com.google.android.location not found
W/LocationManagerService(  282): no network location provider found
W/ServiceWatcher(  282): com.google.android.location not found
D/dalvikvm(  468): GREF has increased to 201
I/ActivityManager(  282): Start proc com.android.location.fused for service com.android.location.fused/.FusedLocationService: pid=688 uid=10022 gids={50022, 1028}
W/ActivityManager(  282): Unable to start service Intent { cmp=com.android.email/.service.AttachmentDownloadService } U=0: not found
E/Trace   (  688): error opening trace file: No such file or directory (2)
D/Mms:app (  633): cancelNotification
W/ServiceWatcher(  282): com.google.android.location not found
E/LocationManagerService(  282): no geocoder provider found
D/Eas Debug(  596): Logging: 
D/dalvikvm(  577): GC_CONCURRENT freed 193K, 9% free 2587K/2840K, paused 3ms+2ms, total 497ms
D/MmsSmsDatabaseHelper(  392): [MmsSmsDb] tableName: threads hasAutoIncrement: CREATE TABLE threads (_id INTEGER PRIMARY KEY AUTOINCREMENT,date INTEGER DEFAULT 0,message_count INTEGER DEFAULT 0,recipient_ids TEXT,snippet TEXT,snippet_cs INTEGER DEFAULT 0,read INTEGER DEFAULT 1,type INTEGER DEFAULT 0,error INTEGER DEFAULT 0,has_attachment INTEGER DEFAULT 0) result: true
D/dalvikvm(  282): GC_EXPLICIT freed 1952K, 33% free 5915K/8744K, paused 42ms+11ms, total 137ms
I/CalendarProvider2(  609): Sending notification intent: Intent { act=android.intent.action.PROVIDER_CHANGED dat=content://com.android.calendar }
W/ContentResolver(  609): Failed to get type for: content://com.android.calendar (Unknown URL content://com.android.calendar)
I/ActivityManager(  282): Start proc com.android.calendar for broadcast com.android.calendar/.alerts.AlertReceiver: pid=705 uid=10004 gids={50004, 3003, 1028}
E/Trace   (  705): error opening trace file: No such file or directory (2)
D/AlertReceiver(  705): onReceive: a=android.intent.action.PROVIDER_CHANGED Intent { act=android.intent.action.PROVIDER_CHANGED dat=content://com.android.calendar flg=0x10 cmp=com.android.calendar/.alerts.AlertReceiver }
I/FusedLocation(  688): engine started (com.android.location.fused)
D/AlertService(  705): 0 Action = android.intent.action.PROVIDER_CHANGED
D/AlertService(  705): Beginning updateAlertNotification
E/BluetoothAdapter(  660): Bluetooth binder is null
D/MmsSmsDatabaseHelper(  392): [MmsSmsDb] tableName: canonical_addresses hasAutoIncrement: CREATE TABLE canonical_addresses (_id INTEGER PRIMARY KEY AUTOINCREMENT,address TEXT) result: true
D/dalvikvm(  468): GC_CONCURRENT freed 196K, 9% free 2563K/2816K, paused 76ms+3ms, total 894ms
D/MmsSmsDatabaseHelper(  392): [MmsSmsDb] tableName: part hasAutoIncrement: CREATE TABLE part (_id INTEGER PRIMARY KEY AUTOINCREMENT,mid INTEGER,seq INTEGER DEFAULT 0,ct TEXT,name TEXT,chset INTEGER,cd TEXT,fn TEXT,cid TEXT,cl TEXT,ctt_s INTEGER,ctt_t TEXT,_data TEXT,text TEXT) result: true
D/MmsSmsDatabaseHelper(  392): [MmsSmsDb] tableName: pdu hasAutoIncrement: CREATE TABLE pdu (_id INTEGER PRIMARY KEY AUTOINCREMENT,thread_id INTEGER,date INTEGER,date_sent INTEGER DEFAULT 0,msg_box INTEGER,read INTEGER DEFAULT 0,m_id TEXT,sub TEXT,sub_cs INTEGER,ct_t TEXT,ct_l TEXT,exp INTEGER,m_cls TEXT,m_type INTEGER,v INTEGER,m_size INTEGER,pri INTEGER,rr INTEGER,rpt_a INTEGER,resp_st INTEGER,st INTEGER,tr_id TEXT,retr_st INTEGER,retr_txt TEXT,retr_txt_cs INTEGER,read_status INTEGER,ct_cls INTEGER,resp_txt TEXT,d_tm INTEGER,d_rpt INTEGER,locked INTEGER DEFAULT 0,seen INTEGER DEFAULT 0,text_only INTEGER DEFAULT 0) result: true
D/MmsSmsDatabaseHelper(  392): [getWritableDatabase] hasAutoIncrementThreads: true hasAutoIncrementAddresses: true hasAutoIncrementPart: true hasAutoIncrementPdu: true
I/FusedLocation(  688): engine started (com.android.location.fused)
W/MediaProvider(  468): no database for scanned volume external
D/dalvikvm(  408): GC_FOR_ALLOC freed 337K, 8% free 4856K/5248K, paused 114ms, total 132ms
I/dalvikvm-heap(  408): Grow heap (frag case) to 6.166MB for 1440016-byte allocation
D/dalvikvm(  408): GC_FOR_ALLOC freed 28K, 7% free 6233K/6656K, paused 121ms, total 127ms
D/dalvikvm(  408): GC_CONCURRENT freed <1K, 7% free 6233K/6656K, paused 3ms+3ms, total 46ms
D/AlertService(  705): No fired or scheduled alerts
D/Launcher.Model(  408): Reload apps on config change. curr_mcc:310 prevmcc:0
I/Choreographer(  408): Skipped 421 frames!  The application may be doing too much work on its main thread.
E/SurfaceFlinger(   37): ro.sf.lcd_density must be defined as a build property
D/gralloc_goldfish(  408): Emulator without GPU emulation detected.
D/dalvikvm(  408): GC_FOR_ALLOC freed 1500K, 27% free 5041K/6856K, paused 105ms, total 117ms
I/dalvikvm-heap(  408): Grow heap (frag case) to 6.370MB for 1463056-byte allocation
D/dalvikvm(  408): GC_CONCURRENT freed 7K, 23% free 6463K/8288K, paused 5ms+14ms, total 38ms
D/dalvikvm(  408): WAIT_FOR_CONCURRENT_GC blocked 34ms
D/dalvikvm(  408): GC_FOR_ALLOC freed <1K, 23% free 6463K/8288K, paused 30ms, total 30ms
I/dalvikvm-heap(  408): Grow heap (frag case) to 7.758MB for 1463056-byte allocation
D/dalvikvm(  408): GC_CONCURRENT freed <1K, 19% free 7892K/9720K, paused 5ms+4ms, total 34ms
D/dalvikvm(  408): WAIT_FOR_CONCURRENT_GC blocked 30ms
D/dalvikvm(  408): WAIT_FOR_CONCURRENT_GC blocked 48ms
D/GpsLocationProvider(  282): NTP server returned: 1483691904820 (Fri Jan 06 08:38:24 GMT 2017) reference: 94449 certainty: 113 system time offset: -7430
I/ActivityManager(  282): Displayed com.android.launcher/com.android.launcher2.Launcher: +51s641ms
D/dalvikvm(  392): GC_CONCURRENT freed 427K, 15% free 2912K/3408K, paused 4ms+3ms, total 140ms
I/Choreographer(  408): Skipped 185 frames!  The application may be doing too much work on its main thread.
D/dalvikvm(  408): GC_FOR_ALLOC freed 1489K, 22% free 7676K/9720K, paused 28ms, total 40ms
D/dalvikvm(  408): GREF has increased to 201
I/Choreographer(  408): Skipped 56 frames!  The application may be doing too much work on its main thread.
D/Mms:app (  633): cancelNotification
I/Choreographer(  408): Skipped 56 frames!  The application may be doing too much work on its main thread.
I/dalvikvm(  282): Jit: resizing JitTable from 4096 to 8192
W/MediaScanner(  468): Error opening directory '/mnt/sdcard/.android_secure/', skipping: Permission denied.
V/MediaScanner(  468): pruneDeadThumbnailFiles... android.database.sqlite.SQLiteCursor@40d01270
V/MediaScanner(  468): /pruneDeadThumbnailFiles... android.database.sqlite.SQLiteCursor@40d01270
D/dalvikvm(  408): GC_CONCURRENT freed 780K, 12% free 8579K/9720K, paused 11ms+8ms, total 92ms
W/MediaScanner(  468): Error opening directory '/mnt/sdcard/.android_secure/', skipping: Permission denied.
V/MediaScanner(  468): pruneDeadThumbnailFiles... android.database.sqlite.SQLiteCursor@40cca610
V/MediaScanner(  468): /pruneDeadThumbnailFiles... android.database.sqlite.SQLiteCursor@40cca610
W/SystemClock(  282): Unable to set rtc to 1483691912: Invalid argument
V/AlarmClock(  523): No next alarm
V/AlarmClock(  523): AlarmInitReceiver finished
D/SystemClock(  282): Setting time of day to sec=1483691912
D/AndroidRuntime(  757): 
D/AndroidRuntime(  757): >>>>>> AndroidRuntime START com.android.internal.os.RuntimeInit <<<<<<
D/AndroidRuntime(  757): CheckJNI is ON
D/dalvikvm(  757): Trying to load lib libjavacore.so 0x0
D/dalvikvm(  757): Added shared lib libjavacore.so 0x0
D/dalvikvm(  757): Trying to load lib libnativehelper.so 0x0
D/dalvikvm(  757): Added shared lib libnativehelper.so 0x0
D/AndroidRuntime(  757): Calling main entry com.android.commands.am.Am
D/dalvikvm(  757): Note: class Landroid/app/ActivityManagerNative; has 157 unimplemented (abstract) methods
D/dalvikvm(  768): Not late-enabling CheckJNI (already on)
I/ActivityManager(  282): Start proc it.unina.android.ripper_service:android_ripper_service_process for service it.unina.android.ripper_service/.AndroidRipperService: pid=768 uid=10049 gids={50049, 3003, 1028}
D/AndroidRuntime(  757): Shutting down VM
D/dalvikvm(  757): GC_CONCURRENT freed 91K, 16% free 490K/584K, paused 0ms+1ms, total 16ms
E/Trace   (  768): error opening trace file: No such file or directory (2)
V/AndroidRipperService(  768): onCreate()
V/SERVER  (  768): Starting ServerSocket on PORT 8888
V/SERVER  (  768): Started ServerSocket on PORT 8888
V/SERVER  (  768): Ready to accept connections on port: 8888
W/ProcessStats(  282): Skipping unknown process pid 784
D/dalvikvm(  282): GREF has increased to 601
D/AndroidRuntime(  790): 
D/AndroidRuntime(  790): >>>>>> AndroidRuntime START com.android.internal.os.RuntimeInit <<<<<<
D/AndroidRuntime(  790): CheckJNI is ON
D/dalvikvm(  790): Trying to load lib libjavacore.so 0x0
D/dalvikvm(  790): Added shared lib libjavacore.so 0x0
D/dalvikvm(  790): Trying to load lib libnativehelper.so 0x0
D/dalvikvm(  790): Added shared lib libnativehelper.so 0x0
D/AndroidRuntime(  790): Calling main entry com.android.commands.am.Am
D/dalvikvm(  790): Note: class Landroid/app/ActivityManagerNative; has 157 unimplemented (abstract) methods
I/ActivityManager(  282): Force stopping package net.fercanet.LNM appid=10048 user=0
I/ActivityManager(  282): Start proc net.fercanet.LNM for added application net.fercanet.LNM: pid=801 uid=10048 gids={50048, 1015, 1028}
I/dalvikvm(  801): Turning on JNI app bug workarounds for target SDK version 3...
E/Trace   (  801): error opening trace file: No such file or directory (2)
D/PolideaInstrumentationTestRunner(  801): Creating the Test Runner with arguments: [coverage, class]
D/PolideaInstrumentationTestRunner(  801): Test runner is running with the following parameters:
D/PolideaInstrumentationTestRunner(  801): junitOutputDirectory: /data/data/net.fercanet.LNM/files
D/PolideaInstrumentationTestRunner(  801): junitOutputFilePostfix: -TEST.xml
D/PolideaInstrumentationTestRunner(  801): junitNoPackagePrefix: NO_PACKAGE
D/PolideaInstrumentationTestRunner(  801): junitSplitLevel: package
D/PolideaInstrumentationTestRunner(  801): junitSingleFileName: ALL-TEST.xml
D/PolideaInstrumentationTestRunner(  801): Creating output directory if it does not exist
D/PolideaInstrumentationTestRunner(  801): Created directory? false
D/PolideaInstrumentationTestRunner(  801): Deleting old files
D/PolideaInstrumentationTestRunner(  801): Deleting: [/data/data/net.fercanet.LNM/files/it.unina.android.ripper-TEST.xml]
D/dalvikvm(  801): GC_CONCURRENT freed 217K, 10% free 2586K/2864K, paused 5ms+22ms, total 64ms
I/System.out(  801): EMMA: collecting runtime coverage data ...
D/PolideaInstrumentationTestRunner(  801): Getting android test runner
D/PolideaInstrumentationTestRunner(  801): JUnit test output enabled
W/dalvikvm(  801): method Landroid/test/InstrumentationTestRunner$StringResultPrinter;.print incorrectly overrides package-private method with same name in Ljunit/textui/ResultPrinter;
D/PolideaInstrumentationTestRunner(  801): Starting test: testApplication(it.unina.android.ripper.RipperTestCase)
I/TestRunner(  801): started: testApplication(it.unina.android.ripper.RipperTestCase)
V/AndroidRipperService(  768): onBind()
V/AndroidRipperService(  768): register()
V/AndroidRipperService(  768): onBind()
I/ActivityManager(  282): START u0 {act=android.intent.action.MAIN flg=0x10000000 cmp=net.fercanet.LNM/.MainMenu} from pid 801
D/PermissionCache(   37): checking android.permission.READ_FRAME_BUFFER for uid=1000 => granted (9214 us)
W/WindowManager(  282): Failure taking screenshot for (246x410) to layer 21000
E/SurfaceFlinger(   37): ro.sf.lcd_density must be defined as a build property
I/Choreographer(  282): Skipped 43 frames!  The application may be doing too much work on its main thread.
D/dalvikvm(  801): GC_FOR_ALLOC freed 247K, 11% free 2636K/2944K, paused 58ms, total 88ms
I/dalvikvm-heap(  801): Grow heap (frag case) to 3.214MB for 614416-byte allocation
D/dalvikvm(  801): GC_FOR_ALLOC freed <1K, 9% free 3236K/3548K, paused 65ms, total 65ms
D/dalvikvm(  801): GC_CONCURRENT freed 1K, 9% free 3234K/3548K, paused 5ms+3ms, total 81ms
V/        (  768): ready
V/RipperService(  768): PING
V/AndroidRipperService(  768): mHandler.handleMessage() RECIVED
V/AndroidRipperService(  768): broadcast()
I/AndroidRipper(  801): Recived message: PING
V/RipperTestCase(  801): Not ready to operate!
V/AndroidRipperService(  768): broadcast() done
V/        (  768): ready
E/SurfaceFlinger(   37): ro.sf.lcd_density must be defined as a build property
D/gralloc_goldfish(  801): Emulator without GPU emulation detected.
I/ActivityManager(  282): Displayed net.fercanet.LNM/.MainMenu: +1s993ms
V/RipperService(  768): PING
V/AndroidRipperService(  768): mHandler.handleMessage() RECIVED
V/AndroidRipperService(  768): broadcast()
I/AndroidRipper(  801): Recived message: PING
V/RipperTestCase(  801): Not ready to operate!
V/AndroidRipperService(  768): broadcast() done
V/        (  768): ready
I/AndroidRipper(  801): [RipperTestCase] Ready to operate after restarting...
V/RipperService(  768): PING
V/AndroidRipperService(  768): mHandler.handleMessage() RECIVED
V/AndroidRipperService(  768): broadcast()
I/AndroidRipper(  801): Recived message: PING
V/AndroidRipperService(  768): send()
I/System.out(  768): {"type":"PONG","index":"4"}
V/AndroidRipperService(  768): broadcast() done
V/        (  768): ready
V/RipperService(  768): END
V/AndroidRipperService(  768): mHandler.handleMessage() RECIVED
V/AndroidRipperService(  768): broadcast()
I/AndroidRipper(  801): Recived message: END
V/AndroidRipperService(  768): broadcast() done
V/        (  768): ready
V/SERVER  (  768): ServerSocket on PORT 8888: offline
V/AndroidRipperService(  768): mHandler.handleMessage() DISCONNECTED
V/SERVER  (  768): Ready to accept connections on port: 8888
V/AndroidRipperService(  768): unregister()
W/WindowManager(  282): Failure taking screenshot for (246x410) to layer 21005
V/AndroidRipperService(  768): unregister()
W/ActivityManager(  282): Duplicate finish request for ActivityRecord{40fee388 u0 net.fercanet.LNM/.MainMenu}
D/dalvikvm(  801): GC_EXPLICIT freed 42K, 8% free 3271K/3544K, paused 6ms+3ms, total 114ms
I/Choreographer(  408): Skipped 94 frames!  The application may be doing too much work on its main thread.
D/dalvikvm(  801): GC_EXPLICIT freed 4K, 8% free 3268K/3544K, paused 3ms+29ms, total 118ms
D/PolideaInstrumentationTestRunner(  801): Finished test: testApplication(it.unina.android.ripper.RipperTestCase)
I/TestRunner(  801): finished: testApplication(it.unina.android.ripper.RipperTestCase)
I/TestRunner(  801): passed: testApplication(it.unina.android.ripper.RipperTestCase)
I/System.out(  801): EMMA: runtime coverage data written to [/data/data/net.fercanet.LNM/files/coverage.ec] {in 28 ms}
D/PolideaInstrumentationTestRunner(  801): Post processing
D/PolideaInstrumentationTestRunner(  801): Packages: 1
D/PolideaInstrumentationTestRunner(  801): Processing package package it.unina.android.ripper
D/PolideaInstrumentationTestRunner(  801): Writing to file /data/data/net.fercanet.LNM/files/it.unina.android.ripper-TEST.xml
D/PolideaInstrumentationTestRunner(  801): closing file
D/AndroidRuntime(  790): Shutting down VM
D/dalvikvm(  790): GC_CONCURRENT freed 95K, 18% free 462K/560K, paused 1ms+0ms, total 10ms
E/SurfaceFlinger(   37): ro.sf.lcd_density must be defined as a build property
I/ActivityManager(  282): Force stopping package net.fercanet.LNM appid=10048 user=0
I/ActivityManager(  282): Killing proc 801:net.fercanet.LNM/u0a10048: force stop net.fercanet.LNM
W/InputDispatcher(  282): channel '410295e8 net.fercanet.LNM/net.fercanet.LNM.MainMenu (server)' ~ Consumer closed input channel or an error occurred.  events=0x9
E/InputDispatcher(  282): channel '410295e8 net.fercanet.LNM/net.fercanet.LNM.MainMenu (server)' ~ Channel is unrecoverably broken and will be disposed!
I/WindowState(  282): WIN DEATH: Window{410295e8 u0 net.fercanet.LNM/net.fercanet.LNM.MainMenu EXITING}
W/InputDispatcher(  282): Attempted to unregister already unregistered input channel '410295e8 net.fercanet.LNM/net.fercanet.LNM.MainMenu (server)'
W/WindowManager(  282): Rebuild removed 2 windows but added 1
W/WindowManager(  282): This window was lost: Window{410295e8 u0 net.fercanet.LNM/net.fercanet.LNM.MainMenu}
W/WindowManager(  282): mDisplayId=0 mSession=Session{40ffee50 801:u0a10048} mClient=android.os.BinderProxy@41029400
W/WindowManager(  282): mOwnerUid=10048 mShowToOwnerOnly=true
W/WindowManager(  282): mAttrs=WM.LayoutParams{(0,0)(fillxfill) sim=#120 ty=1 fl=#8010100 pfl=0x8 wanim=0x1030001}
W/WindowManager(  282): Requested w=480 h=800 mLayoutSeq=40
W/WindowManager(  282): mBaseLayer=21000 mSubLayer=0 mAnimLayer=21000+0=21000 mLastLayer=0
W/WindowManager(  282): mToken=AppWindowToken{410751d0 token=Token{40f5dc60 ActivityRecord{40fee388 u0 net.fercanet.LNM/.MainMenu}}}
W/WindowManager(  282): mRootToken=AppWindowToken{410751d0 token=Token{40f5dc60 ActivityRecord{40fee388 u0 net.fercanet.LNM/.MainMenu}}}
W/WindowManager(  282): mAppToken=AppWindowToken{410751d0 token=Token{40f5dc60 ActivityRecord{40fee388 u0 net.fercanet.LNM/.MainMenu}}}
W/WindowManager(  282): mViewVisibility=0x8 mHaveFrame=true mObscured=true
W/WindowManager(  282): mSeq=0 mSystemUiVisibility=0x0
W/WindowManager(  282): mPolicyVisibility=false mPolicyVisibilityAfterAnim=false mAttachedHidden=false
W/WindowManager(  282): mGivenContentInsets=[0,0][0,0] mGivenVisibleInsets=[0,0][0,0]
W/WindowManager(  282): mConfiguration={1.0 310mcc260mnc en_US ldltr sw320dp w320dp h508dp 240dpi nrml long port finger -keyb/v/h tball/v s.6}
W/WindowManager(  282): mHasSurface=true mShownFrame=[0.0,0.0][480.0,800.0] isReadyForDisplay()=false
W/WindowManager(  282): mFrame=[0,0][480,800] last=[0,0][480,800]
W/WindowManager(  282): mSystemDecorRect=[0,38][480,800] last=[0,38][480,800]
W/WindowManager(  282): Frames: containing=[0,0][480,800] parent=[0,0][480,800] display=[0,0][480,800]
W/WindowManager(  282):     content=[0,38][480,800] visible=[0,38][480,800]
W/WindowManager(  282): Cur insets: content=[0,38][0,0] visible=[0,38][0,0]
W/WindowManager(  282): Lst insets: content=[0,38][0,0] visible=[0,38][0,0]
W/WindowManager(  282): WindowStateAnimator{41036690 net.fercanet.LNM/net.fercanet.LNM.MainMenu}:
W/WindowManager(  282):   mSurface=Surface(name=net.fercanet.LNM/net.fercanet.LNM.MainMenu, identity=17)
W/WindowManager(  282):   mDrawState=HAS_DRAWN mLastHidden=true
W/WindowManager(  282):   Surface: shown=false layer=21005 alpha=0.0 rect=(0.0,0.0) 480.0 x 800.0
W/WindowManager(  282):   mShownAlpha=1.0 mAlpha=1.0 mLastAlpha=-1.0
W/WindowManager(  282):   mGlobalScale=1.0 mDsDx=1.0 mDtDx=0.0 mDsDy=0.0 mDtDy=1.0
W/WindowManager(  282): mExiting=false mRemoveOnExit=false mDestroying=true mRemoved=false
W/WindowManager(  282): Current app token list:
V/WindowManager(  282):   #0: Token{40e46e60 ActivityRecord{40f5a0d0 u0 com.android.launcher/com.android.launcher2.Launcher}}
W/WindowManager(  282): Final window list:
V/WindowManager(  282):   #0: Window{40ee6be0 u0 StatusBar}
V/WindowManager(  282):   #1: Window{40e79b40 u0 Keyguard}
V/WindowManager(  282):   #2: Window{41006330 u0 com.android.launcher/com.android.launcher2.Launcher}
V/WindowManager(  282):   #3: Window{4119f398 u0 com.android.systemui.ImageWallpaper}
W/Resources(   38): Preloaded drawable resource #0x1080230 (android:drawable/dialog_top_holo_light) that varies with configuration!!
D/dalvikvm(   38): GC_EXPLICIT freed 55K, 27% free 2317K/3156K, paused 3ms+2ms, total 31ms
W/Resources(   38): Preloaded drawable resource #0x10802c2 (android:drawable/ic_dialog_alert_holo_dark) that varies with configuration!!
W/Resources(   38): Preloaded drawable resource #0x10802c3 (android:drawable/ic_dialog_alert_holo_light) that varies with configuration!!
W/Resources(   38): Preloaded drawable resource #0x10803c9 (android:drawable/list_divider_holo_dark) that varies with configuration!!
W/Resources(   38): Preloaded drawable resource #0x10803ca (android:drawable/list_divider_holo_light) that varies with configuration!!
W/Resources(   38): Preloaded drawable resource #0x10803ca (android:drawable/list_divider_holo_light) that varies with configuration!!
W/Resources(   38): Preloaded drawable resource #0x10800bd (android:drawable/ab_transparent_dark_holo) that varies with configuration!!
W/Resources(   38): Preloaded drawable resource #0x10800bb (android:drawable/ab_stacked_transparent_dark_holo) that varies with configuration!!
W/Resources(   38): Preloaded drawable resource #0x10800a1 (android:drawable/ab_bottom_transparent_dark_holo) that varies with configuration!!
D/dalvikvm(   38): GC_EXPLICIT freed 47K, 27% free 2321K/3156K, paused 3ms+4ms, total 37ms
W/Resources(   38): Preloaded drawable resource #0x10800b5 (android:drawable/ab_solid_dark_holo) that varies with configuration!!
W/Resources(   38): Preloaded drawable resource #0x10800b8 (android:drawable/ab_stacked_solid_dark_holo) that varies with configuration!!
W/Resources(   38): Preloaded drawable resource #0x108009e (android:drawable/ab_bottom_solid_dark_holo) that varies with configuration!!
W/Resources(   38): Preloaded drawable resource #0x10800be (android:drawable/ab_transparent_light_holo) that varies with configuration!!
W/Resources(   38): Preloaded drawable resource #0x10800bc (android:drawable/ab_stacked_transparent_light_holo) that varies with configuration!!
W/Resources(   38): Preloaded drawable resource #0x10800a2 (android:drawable/ab_bottom_transparent_light_holo) that varies with configuration!!
W/Resources(   38): Preloaded drawable resource #0x10800b6 (android:drawable/ab_solid_light_holo) that varies with configuration!!
W/Resources(   38): Preloaded drawable resource #0x10800ba (android:drawable/ab_stacked_solid_light_holo) that varies with configuration!!
D/dalvikvm(   38): GC_EXPLICIT freed 53K, 27% free 2322K/3156K, paused 3ms+4ms, total 44ms
W/Resources(   38): Preloaded drawable resource #0x10800a0 (android:drawable/ab_bottom_solid_light_holo) that varies with configuration!!
W/Resources(   38): Preloaded drawable resource #0x10800b7 (android:drawable/ab_solid_shadow_holo) that varies with configuration!!
W/Resources(   38): Preloaded drawable resource #0x10803f0 (android:drawable/list_selector_disabled_holo_dark) that varies with configuration!!
W/Resources(   38): Preloaded drawable resource #0x10803f0 (android:drawable/list_selector_disabled_holo_dark) that varies with configuration!!
W/Resources(   38): Preloaded drawable resource #0x10803d1 (android:drawable/list_pressed_holo_dark) that varies with configuration!!
W/Resources(   38): Preloaded drawable resource #0x10803d0 (android:drawable/list_longpressed_holo) that varies with configuration!!
W/Resources(   38): Preloaded drawable resource #0x10803d0 (android:drawable/list_longpressed_holo) that varies with configuration!!
W/Resources(   38): Preloaded drawable resource #0x10803d1 (android:drawable/list_pressed_holo_dark) that varies with configuration!!
W/Resources(   38): Preloaded drawable resource #0x10803d0 (android:drawable/list_longpressed_holo) that varies with configuration!!
W/Resources(   38): Preloaded drawable resource #0x10803d0 (android:drawable/list_longpressed_holo) that varies with configuration!!
W/Resources(   38): Preloaded drawable resource #0x10803cc (android:drawable/list_focused_holo) that varies with configuration!!
W/Resources(   38): Preloaded drawable resource #0x10803f1 (android:drawable/list_selector_disabled_holo_light) that varies with configuration!!
W/Resources(   38): Preloaded drawable resource #0x10803f1 (android:drawable/list_selector_disabled_holo_light) that varies with configuration!!
W/Resources(   38): Preloaded drawable resource #0x10803d2 (android:drawable/list_pressed_holo_light) that varies with configuration!!
W/Resources(   38): Preloaded drawable resource #0x10803d0 (android:drawable/list_longpressed_holo) that varies with configuration!!
W/Resources(   38): Preloaded drawable resource #0x10803d0 (android:drawable/list_longpressed_holo) that varies with configuration!!
W/Resources(   38): Preloaded drawable resource #0x10803d2 (android:drawable/list_pressed_holo_light) that varies with configuration!!
W/Resources(   38): Preloaded drawable resource #0x10803d0 (android:drawable/list_longpressed_holo) that varies with configuration!!
W/Resources(   38): Preloaded drawable resource #0x10803d0 (android:drawable/list_longpressed_holo) that varies with configuration!!
W/Resources(   38): Preloaded drawable resource #0x10803cc (android:drawable/list_focused_holo) that varies with configuration!!
D/dalvikvm(   38): GC_EXPLICIT freed 31K, 26% free 2359K/3156K, paused 3ms+44ms, total 87ms
W/Resources(   38): Preloaded drawable resource #0x108027a (android:drawable/fastscroll_thumb_pressed_holo) that varies with configuration!!
W/Resources(   38): Preloaded drawable resource #0x1080278 (android:drawable/fastscroll_thumb_default_holo) that varies with configuration!!
W/Resources(   38): Preloaded drawable resource #0x1080278 (android:drawable/fastscroll_thumb_default_holo) that varies with configuration!!
W/Resources(   38): Preloaded drawable resource #0x108027a (android:drawable/fastscroll_thumb_pressed_holo) that varies with configuration!!
D/dalvikvm(   38): GC_EXPLICIT freed 51K, 26% free 2357K/3156K, paused 2ms+2ms, total 85ms
W/Resources(   38): Preloaded drawable resource #0x1080278 (android:drawable/fastscroll_thumb_default_holo) that varies with configuration!!
W/Resources(   38): Preloaded drawable resource #0x108027f (android:drawable/fastscroll_track_pressed_holo_dark) that varies with configuration!!
W/Resources(   38): Preloaded drawable resource #0x108027b (android:drawable/fastscroll_track_default_holo_dark) that varies with configuration!!
W/Resources(   38): Preloaded drawable resource #0x108027b (android:drawable/fastscroll_track_default_holo_dark) that varies with configuration!!
W/Resources(   38): Preloaded drawable resource #0x108027f (android:drawable/fastscroll_track_pressed_holo_dark) that varies with configuration!!
W/Resources(   38): Preloaded drawable resource #0x108027b (android:drawable/fastscroll_track_default_holo_dark) that varies with configuration!!
W/Resources(   38): Preloaded drawable resource #0x1080274 (android:drawable/fastscroll_label_left_holo_dark) that varies with configuration!!
D/dalvikvm(   38): GC_EXPLICIT freed 74K, 26% free 2358K/3156K, paused 2ms+2ms, total 89ms
W/Resources(   38): Preloaded drawable resource #0x1080276 (android:drawable/fastscroll_label_right_holo_dark) that varies with configuration!!
D/dalvikvm(   38): GC_EXPLICIT freed 50K, 26% free 2357K/3156K, paused 3ms+3ms, total 154ms
W/Resources(   38): Preloaded drawable resource #0x1080280 (android:drawable/fastscroll_track_pressed_holo_light) that varies with configuration!!
W/Resources(   38): Preloaded drawable resource #0x108027c (android:drawable/fastscroll_track_default_holo_light) that varies with configuration!!
W/Resources(   38): Preloaded drawable resource #0x108027c (android:drawable/fastscroll_track_default_holo_light) that varies with configuration!!
W/Resources(   38): Preloaded drawable resource #0x1080280 (android:drawable/fastscroll_track_pressed_holo_light) that varies with configuration!!
W/Resources(   38): Preloaded drawable resource #0x108027c (android:drawable/fastscroll_track_default_holo_light) that varies with configuration!!
W/Resources(   38): Preloaded drawable resource #0x1080275 (android:drawable/fastscroll_label_left_holo_light) that varies with configuration!!
D/dalvikvm(   38): GC_EXPLICIT freed 57K, 26% free 2359K/3156K, paused 3ms+11ms, total 88ms
W/Resources(   38): Preloaded drawable resource #0x1080277 (android:drawable/fastscroll_label_right_holo_light) that varies with configuration!!
D/dalvikvm(   38): GC_EXPLICIT freed 50K, 26% free 2358K/3156K, paused 4ms+3ms, total 52ms
W/Resources(   38): Preloaded drawable resource #0x1080259 (android:drawable/editbox_dropdown_background_dark) that varies with configuration!!
W/Resources(   38): Preloaded drawable resource #0x10805f8 (android:drawable/textfield_search_selected_holo_dark) that varies with configuration!!
W/Resources(   38): Preloaded drawable resource #0x10805ec (android:drawable/textfield_search_default_holo_dark) that varies with configuration!!
W/Resources(   38): Preloaded drawable resource #0x10805ec (android:drawable/textfield_search_default_holo_dark) that varies with configuration!!
W/Resources(   38): Preloaded drawable resource #0x10805f5 (android:drawable/textfield_search_right_selected_holo_dark) that varies with configuration!!
W/Resources(   38): Preloaded drawable resource #0x10805f3 (android:drawable/textfield_search_right_default_holo_dark) that varies with configuration!!
W/Resources(   38): Preloaded drawable resource #0x10805f3 (android:drawable/textfield_search_right_default_holo_dark) that varies with configuration!!
W/Resources(   38): Preloaded drawable resource #0x10805f9 (android:drawable/textfield_search_selected_holo_light) that varies with configuration!!
W/Resources(   38): Preloaded drawable resource #0x10805ed (android:drawable/textfield_search_default_holo_light) that varies with configuration!!
W/Resources(   38): Preloaded drawable resource #0x10805ed (android:drawable/textfield_search_default_holo_light) that varies with configuration!!
W/Resources(   38): Preloaded drawable resource #0x10805f6 (android:drawable/textfield_search_right_selected_holo_light) that varies with configuration!!
W/Resources(   38): Preloaded drawable resource #0x10805f4 (android:drawable/textfield_search_right_default_holo_light) that varies with configuration!!
W/Resources(   38): Preloaded drawable resource #0x10805f4 (android:drawable/textfield_search_right_default_holo_light) that varies with configuration!!
W/Resources(   38): Preloaded drawable resource #0x10805f8 (android:drawable/textfield_search_selected_holo_dark) that varies with configuration!!
W/Resources(   38): Preloaded drawable resource #0x10805ec (android:drawable/textfield_search_default_holo_dark) that varies with configuration!!
W/Resources(   38): Preloaded drawable resource #0x10805f5 (android:drawable/textfield_search_right_selected_holo_dark) that varies with configuration!!
W/Resources(   38): Preloaded drawable resource #0x10805f3 (android:drawable/textfield_search_right_default_holo_dark) that varies with configuration!!
W/Resources(   38): Preloaded drawable resource #0x10805f9 (android:drawable/textfield_search_selected_holo_light) that varies with configuration!!
W/Resources(   38): Preloaded drawable resource #0x10805ed (android:drawable/textfield_search_default_holo_light) that varies with configuration!!
W/Resources(   38): Preloaded drawable resource #0x10805f6 (android:drawable/textfield_search_right_selected_holo_light) that varies with configuration!!
W/Resources(   38): Preloaded drawable resource #0x10805f4 (android:drawable/textfield_search_right_default_holo_light) that varies with configuration!!
D/dalvikvm(   38): GC_EXPLICIT freed 47K, 26% free 2364K/3156K, paused 3ms+45ms, total 86ms
W/Resources(   38): Preloaded drawable resource #0x10805c1 (android:drawable/tab_unselected_holo) that varies with configuration!!
W/Resources(   38): Preloaded drawable resource #0x10805bc (android:drawable/tab_selected_holo) that varies with configuration!!
W/Resources(   38): Preloaded drawable resource #0x10805c0 (android:drawable/tab_unselected_focused_holo) that varies with configuration!!
W/Resources(   38): Preloaded drawable resource #0x10805bb (android:drawable/tab_selected_focused_holo) that varies with configuration!!
W/Resources(   38): Preloaded drawable resource #0x10805c2 (android:drawable/tab_unselected_pressed_holo) that varies with configuration!!
W/Resources(   38): Preloaded drawable resource #0x10805bd (android:drawable/tab_selected_pressed_holo) that varies with configuration!!
W/Resources(   38): Preloaded drawable resource #0x10805c2 (android:drawable/tab_unselected_pressed_holo) that varies with configuration!!
W/Resources(   38): Preloaded drawable resource #0x10805bd (android:drawable/tab_selected_pressed_holo) that varies with configuration!!
W/Resources(   38): Preloaded drawable resource #0x10805bd (android:drawable/tab_selected_pressed_holo) that varies with configuration!!
W/Resources(   38): Preloaded drawable resource #0x10805c1 (android:drawable/tab_unselected_holo) that varies with configuration!!
W/Resources(   38): Preloaded drawable resource #0x10805bc (android:drawable/tab_selected_holo) that varies with configuration!!
W/Resources(   38): Preloaded drawable resource #0x10805c0 (android:drawable/tab_unselected_focused_holo) that varies with configuration!!
W/Resources(   38): Preloaded drawable resource #0x10805bb (android:drawable/tab_selected_focused_holo) that varies with configuration!!
W/Resources(   38): Preloaded drawable resource #0x10805c2 (android:drawable/tab_unselected_pressed_holo) that varies with configuration!!
W/Resources(   38): Preloaded drawable resource #0x10805bd (android:drawable/tab_selected_pressed_holo) that varies with configuration!!
W/Resources(   38): Preloaded drawable resource #0x10804a5 (android:drawable/quickcontact_badge_overlay_pressed_dark) that varies with configuration!!
W/Resources(   38): Preloaded drawable resource #0x10804a0 (android:drawable/quickcontact_badge_overlay_focused_dark) that varies with configuration!!
W/Resources(   38): Preloaded drawable resource #0x10804a3 (android:drawable/quickcontact_badge_overlay_normal_dark) that varies with configuration!!
W/Resources(   38): Preloaded drawable resource #0x10804a3 (android:drawable/quickcontact_badge_overlay_normal_dark) that varies with configuration!!
W/Resources(   38): Preloaded drawable resource #0x10804a3 (android:drawable/quickcontact_badge_overlay_normal_dark) that varies with configuration!!
D/dalvikvm(   38): GC_EXPLICIT freed 56K, 26% free 2365K/3156K, paused 3ms+44ms, total 88ms
W/Resources(   38): Preloaded drawable resource #0x10804a5 (android:drawable/quickcontact_badge_overlay_pressed_dark) that varies with configuration!!
W/Resources(   38): Preloaded drawable resource #0x10804a6 (android:drawable/quickcontact_badge_overlay_pressed_light) that varies with configuration!!
W/Resources(   38): Preloaded drawable resource #0x10804a1 (android:drawable/quickcontact_badge_overlay_focused_light) that varies with configuration!!
W/Resources(   38): Preloaded drawable resource #0x10804a4 (android:drawable/quickcontact_badge_overlay_normal_light) that varies with configuration!!
W/Resources(   38): Preloaded drawable resource #0x10804a4 (android:drawable/quickcontact_badge_overlay_normal_light) that varies with configuration!!
W/Resources(   38): Preloaded drawable resource #0x10804a4 (android:drawable/quickcontact_badge_overlay_normal_light) that varies with configuration!!
W/Resources(   38): Preloaded drawable resource #0x10804a6 (android:drawable/quickcontact_badge_overlay_pressed_light) that varies with configuration!!
I/Zygote  (   38): ...preloaded 270 resources in 10180ms.
D/dalvikvm(   38): GC_EXPLICIT freed 48K, 25% free 2368K/3156K, paused 4ms+60ms, total 134ms
I/Zygote  (   38): ...preloaded 31 resources in 283ms.
D/dalvikvm(   38): GC_EXPLICIT freed 9K, 25% free 2376K/3156K, paused 3ms+3ms, total 33ms
D/dalvikvm(   38): GC_EXPLICIT freed 7K, 25% free 2369K/3156K, paused 2ms+2ms, total 29ms
D/dalvikvm(   38): GC_EXPLICIT freed <1K, 25% free 2369K/3156K, paused 5ms+3ms, total 41ms
I/dalvikvm(   38): System server process 303 has been created
I/Zygote  (   38): Accepting command socket connections
E/BatteryService(  303): usbOnlinePath not found
E/BatteryService(  303): wirelessOnlinePath not found
E/BatteryService(  303): batteryVoltagePath not found
E/BatteryService(  303): batteryTemperaturePath not found
I/sysproc (  303): Entered system_init()
I/sysproc (  303): ServiceManager: 0x2a1adb80
D/SensorService(  303): nuSensorService starting...
I/SensorService(  303): Goldfish 3-axis Accelerometer
I/SensorService(  303): Goldfish 3-axis Magnetic field sensor
I/SensorService(  303): Goldfish Orientation sensor
I/SensorService(  303): Goldfish Temperature sensor
I/SensorService(  303): Goldfish Proximity sensor
I/sysproc (  303): System server: starting Android runtime.
I/sysproc (  303): System server: starting Android services.
I/SystemServer(  303): Entered the Android system server!
I/sysproc (  303): System server: entering thread pool.
D/SensorService(  303): nuSensorService thread starting...
I/SystemServer(  303): Enabled StrictMode logging for UI Looper
I/SystemServer(  303): Waiting for installd to be ready.
I/Installer(  303): connecting...
I/installd(   41): new connection
I/SystemServer(  303): Entropy Mixer
I/SystemServer(  303): Enabled StrictMode logging for WM Looper
I/SystemServer(  303): Power Manager
E/PowerManagerService-JNI(  303): Couldn't load power module (No such file or directory)
I/SystemServer(  303): Activity Manager
I/ActivityManager(  303): Memory class: 48
W/UsageStats(  303): Usage stats version changed; dropping
I/ActivityManager(  303): Enabled StrictMode logging for AThread's Looper
I/SystemServer(  303): Display Manager
E/SurfaceFlinger(   37): ro.sf.lcd_density must be defined as a build property
I/DisplayManagerService(  303): Display device added: DisplayDeviceInfo{"Built-in Screen": 480 x 800, 260.416 fps, density 240, 240.0 x 240.0 dpi, touch INTERNAL, FLAG_DEFAULT_DISPLAY, FLAG_ROTATES_WITH_CONTENT, FLAG_SECURE, FLAG_SUPPORTS_PROTECTED_BUFFERS, rotation 0, type BUILT_IN, address null}
I/SystemServer(  303): Telephony Registry
I/SystemServer(  303): Scheduling Policy
I/SystemServer(  303): Package Manager
D/dalvikvm(  303): GC_CONCURRENT freed 249K, 11% free 2571K/2884K, paused 73ms+4ms, total 166ms
W/PackageManager(  303): Running ENG build: no pre-dexopt!
D/dalvikvm(  303): GC_CONCURRENT freed 229K, 10% free 2756K/3048K, paused 4ms+21ms, total 64ms
D/dalvikvm(  303): GC_CONCURRENT freed 209K, 9% free 2935K/3204K, paused 57ms+4ms, total 143ms
W/PackageParser(  303): No actions in intent filter at /system/app/Contacts.apk Binary XML file line #533
D/dalvikvm(  303): GC_CONCURRENT freed 259K, 10% free 3159K/3480K, paused 22ms+17ms, total 252ms
D/dalvikvm(  303): GC_CONCURRENT freed 209K, 7% free 3364K/3612K, paused 6ms+6ms, total 267ms
W/PackageManager(  303): Package com.android.camera desires unavailable shared library com.google.android.media.effects; ignoring!
D/PackageManager(  303): No files in app dir /vendor/app
D/dalvikvm(  303): GC_CONCURRENT freed 225K, 8% free 3585K/3872K, paused 4ms+23ms, total 119ms
W/PackageParser(  303): No actions in intent filter at /data/app/ApiDemos.apk Binary XML file line #2737
W/PackageParser(  303): No actions in intent filter at /data/app/ApiDemos.apk Binary XML file line #2743
W/PackageManager(  303): Package com.example.android.apis desires unavailable shared library com.example.will.never.exist; ignoring!
I/PackageParser(  303): net.fercanet.LNM: compat added android.permission.READ_PHONE_STATE
I/PackageManager(  303): Time to scan packages: 4.697 seconds
W/PackageManager(  303): Unknown permission com.google.android.googleapps.permission.GOOGLE_AUTH.mail in package com.android.contacts
W/PackageManager(  303): Unknown permission android.permission.ADD_SYSTEM_SERVICE in package com.android.phone
W/PackageManager(  303): Unknown permission com.android.smspush.WAPPUSH_MANAGER_BIND in package com.android.phone
W/PackageManager(  303): Unknown permission com.google.android.googleapps.permission.GOOGLE_AUTH in package com.android.providers.calendar
W/PackageManager(  303): Unknown permission com.google.android.googleapps.permission.GOOGLE_AUTH.cl in package com.android.providers.calendar
W/PackageManager(  303): Unknown permission com.google.android.googleapps.permission.GOOGLE_AUTH.mail in package com.android.calendar
W/PackageManager(  303): Not granting permission android.permission.SEND_DOWNLOAD_COMPLETED_INTENTS to package com.android.browser (protectionLevel=2 flags=0x9be45)
W/PackageManager(  303): Not granting permission android.permission.BIND_APPWIDGET to package com.android.widgetpreview (protectionLevel=18 flags=0x8be44)
W/PackageManager(  303): Unknown permission com.google.android.googleapps.permission.GOOGLE_AUTH in package com.android.settings
W/PackageManager(  303): Unknown permission com.google.android.gallery3d.permission.GALLERY_PROVIDER in package com.android.exchange
W/PackageManager(  303): Unknown permission com.google.android.googleapps.permission.ACCESS_GOOGLE_PASSWORD in package com.android.development
W/PackageManager(  303): Unknown permission com.google.android.googleapps.permission.GOOGLE_AUTH in package com.android.development
W/PackageManager(  303): Unknown permission com.google.android.googleapps.permission.GOOGLE_AUTH.ALL_SERVICES in package com.android.development
W/PackageManager(  303): Unknown permission com.google.android.googleapps.permission.GOOGLE_AUTH.YouTubeUser in package com.android.development
W/PackageManager(  303): Unknown permission com.google.android.gallery3d.permission.GALLERY_PROVIDER in package com.android.email
W/PackageManager(  303): Not granting permission android.permission.DEVICE_POWER to package com.android.deskclock (protectionLevel=2 flags=0x8be45)
D/dalvikvm(  303): GC_CONCURRENT freed 247K, 8% free 3759K/4068K, paused 4ms+7ms, total 111ms
D/dalvikvm(  303): GC_EXPLICIT freed 228K, 12% free 3635K/4100K, paused 3ms+16ms, total 164ms
I/SystemServer(  303): User Service
I/SystemServer(  303): Account Manager
I/SystemServer(  303): Content Manager
I/SystemServer(  303): System Content Providers
I/SystemServer(  303): Lights Service
I/SystemServer(  303): Battery Service
I/SystemServer(  303): Vibrator Service
I/libsuspend(  303): Selected early suspend
I/libsuspend(  303): Starting early suspend unblocker thread
D/PermissionCache(   37): checking android.permission.ACCESS_SURFACE_FLINGER for uid=1000 => granted (2289 us)
D/SurfaceFlinger(   37): Screen acquired, type=0 flinger=0x2a007318
D/SurfaceFlinger(   37):  screen was previously acquired
I/SystemServer(  303): Alarm Manager
D/AlarmManagerService(  303): Kernel timezone updated to 0 minutes west of GMT
I/SystemServer(  303): Init Watchdog
I/SystemServer(  303): Input Manager
I/InputManager(  303): Initializing input manager, mUseDevInputEventForAudioJack=false
I/SystemServer(  303): Window Manager
E/SoundPool(  303): error loading /system/media/audio/ui/Lock.ogg
W/KeyguardViewMediator(  303): failed to load lock sound from /system/media/audio/ui/Lock.ogg
E/SoundPool(  303): error loading /system/media/audio/ui/Unlock.ogg
W/KeyguardViewMediator(  303): failed to load unlock sound from /system/media/audio/ui/Unlock.ogg
I/InputManager(  303): Starting input manager
I/SystemServer(  303): No Bluetooh Service (emulator)
I/SystemServer(  303): Input Method Service
W/InputMethodManagerService(  303): Couldn't create dir.: /data/system/inputmethod
I/EventHub(  303): New device: id=1, fd=91, path='/dev/input/event0', name='qwerty2', classes=0x2d, configuration='/system/usr/idc/qwerty2.idc', keyLayout='/system/usr/keylayout/qwerty.kl', keyCharacterMap='/system/usr/keychars/qwerty2.kcm', builtinKeyboard=true, usingSuspendBlockIoctl=false, usingClockIoctl=false
E/EventHub(  303): could not get driver version for /dev/input/mouse0, Not a typewriter
E/EventHub(  303): could not get driver version for /dev/input/mice, Not a typewriter
I/InputReader(  303): Device added: id=-1, name='Virtual', sources=0x00000301
D/dalvikvm(  303): GC_CONCURRENT freed 293K, 9% free 3849K/4216K, paused 4ms+4ms, total 220ms
D/dalvikvm(  303): WAIT_FOR_CONCURRENT_GC blocked 50ms
I/InputReader(  303):   Touch device 'qwerty2' could not query the properties of its associated display.  The device will be inoperable until the display size becomes available.
I/InputReader(  303): Device added: id=0, name='qwerty2', sources=0x00011307
E/Trace   (  303): error opening trace file: No such file or directory (2)
I/SystemServer(  303): Accessibility Manager
I/ActivityManager(  303): Config changes=15f8 {1.0 ?mcc?mnc en_US ldltr sw320dp w320dp h508dp 240dpi nrml long port ?uimode ?night finger -keyb/v/h tball/v s.2}
I/InputReader(  303): Reconfiguring input devices.  changes=0x00000004
I/InputReader(  303): Device reconfigured: id=0, name='qwerty2', size 480x800, orientation 0, mode 1, display id 0
I/InputReader(  303): Reconfiguring input devices.  changes=0x00000004
I/InputReader(  303): Device reconfigured: id=0, name='qwerty2', size 480x800, orientation 0, mode 1, display id 0
I/SystemServer(  303): Mount Service
D/MountService(  303): got storage path: /mnt/sdcard description: USB storage primary: true removable: false emulated: false mtpReserve: 0 allowMassStorage: false maxFileSize: 0
D/MountService(  303): addVolumeLocked() StorageVolume [mStorageId=0 mPath=/mnt/sdcard mDescriptionId=17040615 mPrimary=true mRemovable=false mEmulated=false mMtpReserveSpace=0 mAllowMassStorage=false mMaxFileSize=0 mOwner=null]
I/SystemServer(  303): LockSettingsService
I/SystemServer(  303): Device Policy
I/SystemServer(  303): Status Bar
I/SystemServer(  303): Clipboard Service
I/SystemServer(  303): NetworkManagement Service
I/SystemServer(  303): Text Service Manager Service
I/SystemServer(  303): NetworkStats Service
I/SystemServer(  303): NetworkPolicy Service
I/SystemServer(  303): Wi-Fi P2pService
D/dalvikvm(  303): GREF has increased to 201
D/MountService(  303): volume state changed for /mnt/sdcard (null -> unmounted)
I/PackageManager(  303): Updating external media status from unmounted to unmounted
W/MountService(  303): getSecureContainerList() called when storage not mounted
I/SystemServer(  303): Wi-Fi Service
I/PackageManager(  303): No secure containers on sdcard
W/PackageManager(  303): Unknown permission com.google.android.googleapps.permission.GOOGLE_AUTH.mail in package com.android.contacts
W/PackageManager(  303): Unknown permission android.permission.ADD_SYSTEM_SERVICE in package com.android.phone
W/PackageManager(  303): Unknown permission com.android.smspush.WAPPUSH_MANAGER_BIND in package com.android.phone
W/PackageManager(  303): Unknown permission com.google.android.googleapps.permission.GOOGLE_AUTH in package com.android.providers.calendar
