E/BluetoothAdapter(  390): Bluetooth binder is null
I/Choreographer(  282): Skipped 104 frames!  The application may be doing too much work on its main thread.
E/SurfaceFlinger(   37): ro.sf.lcd_density must be defined as a build property
I/dalvikvm(  456): Turning on JNI app bug workarounds for target SDK version 9...
W/WindowManager(  282): Window freeze timeout expired.
W/WindowManager(  282): Force clearing orientation change: Window{40e94898 u0 Keyguard}
D/dalvikvm(  282): GC_FOR_ALLOC freed 228K, 14% free 5417K/6256K, paused 598ms, total 600ms
D/dalvikvm(  405): GC_CONCURRENT freed 188K, 9% free 2660K/2912K, paused 4ms+3ms, total 1111ms
I/dalvikvm-heap(  282): Grow heap (frag case) to 6.426MB for 1128976-byte allocation
D/dalvikvm(  282): GC_FOR_ALLOC freed 2K, 12% free 6517K/7360K, paused 240ms, total 240ms
I/Choreographer(  282): Skipped 271 frames!  The application may be doing too much work on its main thread.
E/BluetoothAdapter(  390): Bluetooth binder is null
E/Trace   (  456): error opening trace file: No such file or directory (2)
I/Choreographer(  282): Skipped 573 frames!  The application may be doing too much work on its main thread.
D/dalvikvm(  282): GC_CONCURRENT freed 10K, 12% free 6520K/7360K, paused 69ms+75ms, total 669ms
W/ActivityManager(  282): Activity idle timeout for ActivityRecord{40f87e28 u0 com.android.launcher/com.android.launcher2.Launcher}
E/BluetoothAdapter(  282): Bluetooth binder is null
E/BluetoothAdapter(  282): Bluetooth binder is null
V/WiredAccessoryManager(  282): init()
I/Choreographer(  282): Skipped 366 frames!  The application may be doing too much work on its main thread.
I/ActivityManager(  282): Start proc com.android.contacts for broadcast com.android.contacts/.calllog.CallLogReceiver: pid=477 uid=10001 gids={50001, 3003, 1015, 1028}
I/AudioService(  282):   Remote Control   registerMediaButtonIntent() for PendingIntent{40ec49e8: PendingIntentRecord{4106bc80 com.android.music broadcastIntent}}
I/ActivityManager(  282): Start proc android.process.media for content provider com.android.providers.media/.MediaProvider: pid=489 uid=10000 gids={50000, 1015, 1023, 1024, 1028, 1006, 2001, 3003, 3007}
I/Choreographer(  282): Skipped 58 frames!  The application may be doing too much work on its main thread.
I/Choreographer(  282): Skipped 35 frames!  The application may be doing too much work on its main thread.
E/SoundPool(  282): error loading /system/media/audio/ui/Effect_Tick.ogg
W/AudioService(  282): Soundpool could not load file: /system/media/audio/ui/Effect_Tick.ogg
E/SoundPool(  282): error loading /system/media/audio/ui/Effect_Tick.ogg
W/AudioService(  282): Soundpool could not load file: /system/media/audio/ui/Effect_Tick.ogg
E/SoundPool(  282): error loading /system/media/audio/ui/Effect_Tick.ogg
W/AudioService(  282): Soundpool could not load file: /system/media/audio/ui/Effect_Tick.ogg
E/SoundPool(  282): error loading /system/media/audio/ui/Effect_Tick.ogg
W/AudioService(  282): Soundpool could not load file: /system/media/audio/ui/Effect_Tick.ogg
E/SoundPool(  282): error loading /system/media/audio/ui/Effect_Tick.ogg
W/AudioService(  282): Soundpool could not load file: /system/media/audio/ui/Effect_Tick.ogg
E/SoundPool(  282): error loading /system/media/audio/ui/KeypressStandard.ogg
W/AudioService(  282): Soundpool could not load file: /system/media/audio/ui/KeypressStandard.ogg
E/SoundPool(  282): error loading /system/media/audio/ui/KeypressSpacebar.ogg
W/AudioService(  282): Soundpool could not load file: /system/media/audio/ui/KeypressSpacebar.ogg
E/SoundPool(  282): error loading /system/media/audio/ui/KeypressDelete.ogg
W/AudioService(  282): Soundpool could not load file: /system/media/audio/ui/KeypressDelete.ogg
E/SoundPool(  282): error loading /system/media/audio/ui/KeypressReturn.ogg
W/AudioService(  282): Soundpool could not load file: /system/media/audio/ui/KeypressReturn.ogg
W/AudioService(  282): loadSoundEffects(), Error -1 while loading samples
E/Trace   (  477): error opening trace file: No such file or directory (2)
D/PhoneStatusBar(  347): disable: < expand icons alerts ticker system_info back home recent clock search >
E/Trace   (  489): error opening trace file: No such file or directory (2)
D/dalvikvm(  390): GC_CONCURRENT freed 321K, 13% free 2646K/3024K, paused 4ms+106ms, total 393ms
D/DebugService(  390): DebugService DebugService:
D/TelephonyDebugService(  390): TelephonyDebugService()
E/BluetoothAdapter(  347): Bluetooth binder is null
D/SystemUIService(  347): loading: class com.android.systemui.power.PowerUI
D/SystemUIService(  347): running: com.android.systemui.power.PowerUI@40e3c1f8
D/SystemUIService(  347): loading: class com.android.systemui.media.RingtonePlayer
D/SystemUIService(  347): running: com.android.systemui.media.RingtonePlayer@40e3d018
W/ActivityManager(  282): Timeout executing service: ServiceRecord{40ef7498 u0 com.android.systemui/.ImageWallpaper}
I/Process (  282): Sending signal. PID: 347 SIG: 3
I/dalvikvm(  347): threadid=3: reacting to signal 3
I/Process (  282): Sending signal. PID: 282 SIG: 3
I/dalvikvm(  282): threadid=3: reacting to signal 3
D/dalvikvm(  442): GC_CONCURRENT freed 179K, 9% free 2611K/2844K, paused 4ms+106ms, total 267ms
I/dalvikvm(  347): Wrote stack traces to '/data/anr/traces.txt'
I/Process (  282): Sending signal. PID: 390 SIG: 3
I/dalvikvm(  390): threadid=3: reacting to signal 3
I/dalvikvm(  282): Wrote stack traces to '/data/anr/traces.txt'
I/DownloadManager(  489): in removeSpuriousFiles
E/UserHistoryDictionary(  376): when loading: file not foundjava.io.FileNotFoundException: /data/data/com.android.inputmethod.latin/files/UserHistoryDictionary.en_US.dict: open failed: ENOENT (No such file or directory)
D/dalvikvm(  405): GC_FOR_ALLOC freed 46K, 4% free 2855K/2956K, paused 185ms, total 202ms
I/dalvikvm-heap(  405): Grow heap (frag case) to 4.212MB for 1440016-byte allocation
I/Choreographer(  347): Skipped 4396 frames!  The application may be doing too much work on its main thread.
D/dalvikvm(  282): GREF has increased to 401
D/dalvikvm(  405): GC_CONCURRENT freed 11K, 3% free 4250K/4364K, paused 18ms+3ms, total 286ms
D/dalvikvm(  405): WAIT_FOR_CONCURRENT_GC blocked 265ms
D/dalvikvm(  376): GC_CONCURRENT freed 238K, 11% free 2534K/2828K, paused 4ms+389ms, total 488ms
E/StrictMode(  376): A resource was acquired at attached stack trace but never released. See java.io.Closeable for information on avoiding resource leaks.
E/StrictMode(  376): java.lang.Throwable: Explicit termination method 'close' not called
E/StrictMode(  376): 	at dalvik.system.CloseGuard.open(CloseGuard.java:184)
E/StrictMode(  376): 	at android.os.ParcelFileDescriptor.<init>(ParcelFileDescriptor.java:412)
E/StrictMode(  376): 	at android.content.res.AssetManager.openNonAssetFdNative(Native Method)
E/StrictMode(  376): 	at android.content.res.AssetManager.openNonAssetFd(AssetManager.java:428)
E/StrictMode(  376): 	at android.content.res.Resources.openRawResourceFd(Resources.java:979)
E/StrictMode(  376): 	at com.android.inputmethod.latin.BinaryDictionaryGetter.loadFallbackResource(BinaryDictionaryGetter.java:183)
E/StrictMode(  376): 	at com.android.inputmethod.latin.BinaryDictionaryGetter.getDictionaryFiles(BinaryDictionaryGetter.java:456)
E/StrictMode(  376): 	at com.android.inputmethod.latin.DictionaryFactory.createMainDictionaryFromManager(DictionaryFactory.java:57)
E/StrictMode(  376): 	at com.android.inputmethod.latin.DictionaryFactory.createMainDictionaryFromManager(DictionaryFactory.java:87)
E/StrictMode(  376): 	at com.android.inputmethod.latin.Suggest$1.run(Suggest.java:108)
W/Settings(  390): Setting auto_time_zone has moved from android.provider.Settings.System to android.provider.Settings.Global, returning read-only value.
I/dalvikvm(  390): Wrote stack traces to '/data/anr/traces.txt'
E/SurfaceFlinger(   37): ro.sf.lcd_density must be defined as a build property
V/TAG     (  282): bug 7643792: fitSystemWindows([0,38][0,0])
I/Choreographer(  282): Skipped 54 frames!  The application may be doing too much work on its main thread.
I/Choreographer(  282): Skipped 204 frames!  The application may be doing too much work on its main thread.
D/CAT     (  390): CatService: Running CAT service. STK app installed:false
D/CAT     (  390): CatService: NEW sInstance
W/WindowManager(  282): Window freeze timeout expired.
W/WindowManager(  282): Force clearing orientation change: Window{41036a88 u0 StatusBar}
I/RecoverySystem(  282): No recovery log file
D/dalvikvm(  282): GC_EXPLICIT freed 1857K, 26% free 5704K/7624K, paused 4ms+51ms, total 1013ms
D/dalvikvm(  282): WAIT_FOR_CONCURRENT_GC blocked 163ms
D/dalvikvm(  282): WAIT_FOR_CONCURRENT_GC blocked 292ms
D/dalvikvm(  282): WAIT_FOR_CONCURRENT_GC blocked 332ms
D/dalvikvm(  282): WAIT_FOR_CONCURRENT_GC blocked 345ms
D/CAT     (  390): CatService: SIM ready. Reporting STK service running now...
D/dalvikvm(  390): GC_CONCURRENT freed 272K, 11% free 2765K/3096K, paused 5ms+138ms, total 252ms
E/ActivityManager(  282): ANR in com.android.systemui
E/ActivityManager(  282): Reason: Executing service com.android.systemui/.ImageWallpaper
E/ActivityManager(  282): Load: 6.82 / 1.7 / 0.57
E/ActivityManager(  282): CPU usage from 3199ms to -9429ms ago:
E/ActivityManager(  282):   24% 282/system_server: 16% user + 8.2% kernel / faults: 1822 minor 6 major
E/ActivityManager(  282):   13% 37/surfaceflinger: 11% user + 1.9% kernel / faults: 2 minor
E/ActivityManager(  282):   7.3% 390/com.android.phone: 4.8% user + 2.5% kernel / faults: 911 minor 8 major
E/ActivityManager(  282):   7.1% 405/com.android.launcher: 4.8% user + 2.3% kernel / faults: 4047 minor
E/ActivityManager(  282):   5.2% 347/com.android.systemui: 3.6% user + 1.6% kernel / faults: 1188 minor 2 major
E/ActivityManager(  282):   3.1% 442/android.process.acore: 1.4% user + 1.6% kernel / faults: 1363 minor
E/ActivityManager(  282):   2.8% 489/android.process.media: 1.1% user + 1.6% kernel / faults: 2534 minor 15 major
E/ActivityManager(  282):   2.6% 85/bootanimation: 2% user + 0.6% kernel
E/ActivityManager(  282):   1.4% 477/com.android.contacts: 0.3% user + 1.1% kernel / faults: 1256 minor 20 major
E/ActivityManager(  282):   0.8% 376/com.android.inputmethod.latin: 0.7% user + 0.1% kernel / faults: 658 minor 1 major
E/ActivityManager(  282):   0.6% 36/rild: 0.3% user + 0.3% kernel
E/ActivityManager(  282):   0.3% 352/fsck_msdos: 0% user + 0.2% kernel / faults: 634 minor
E/ActivityManager(  282):   0.4% 456/com.android.music: 0.3% user + 0% kernel / faults: 180 minor
E/ActivityManager(  282):   0.1% 40/mediaserver: 0% user + 0.1% kernel
E/ActivityManager(  282):   0% 31/servicemanager: 0% user + 0% kernel / faults: 6 minor
E/ActivityManager(  282): 100% TOTAL: 67% user + 32% kernel
E/ActivityManager(  282): CPU usage from 7670ms to 9033ms later:
E/ActivityManager(  282):   40% 282/system_server: 28% user + 12% kernel / faults: 294 minor
E/ActivityManager(  282):     14% 287/Compiler: 10% user + 3.6% kernel
E/ActivityManager(  282):     12% 299/ActivityManager: 2.4% user + 9.7% kernel
E/ActivityManager(  282):     2.4% 294/Binder_2: 2.4% user + 0% kernel
E/ActivityManager(  282):     2.4% 310/PowerManagerSer: 1.2% user + 1.2% kernel
E/ActivityManager(  282):     2.4% 421/Binder_4: 2.4% user + 0% kernel
E/ActivityManager(  282):     1.2% 282/system_server: 1.2% user + 0% kernel
E/ActivityManager(  282):     1.2% 293/Binder_1: 0% user + 1.2% kernel
E/ActivityManager(  282):     1.2% 420/Binder_3: 0% user + 1.2% kernel
E/ActivityManager(  282):     1.2% 431/Binder_5: 1.2% user + 0% kernel
E/ActivityManager(  282):     1.2% 435/Binder_6: 1.2% user + 0% kernel
E/ActivityManager(  282):     1.2% 437/Binder_7: 1.2% user + 0% kernel
E/ActivityManager(  282):     1.2% 438/Binder_8: 1.2% user + 0% kernel
E/ActivityManager(  282):     1.2% 519/Binder_9: 1.2% user + 0% kernel
E/ActivityManager(  282):     1.2% 521/Binder_A: 1.2% user + 0% kernel
E/ActivityManager(  282):   22% 390/com.android.phone: 13% user + 9.5% kernel / faults: 100 minor
E/ActivityManager(  282):     16% 390/m.android.phone: 7.1% user + 9.5% kernel
E/ActivityManager(  282):     4.7% 430/RILReceiver: 3.5% user + 1.1% kernel
E/ActivityManager(  282):     3.5% 399/Compiler: 1.1% user + 2.3% kernel
E/ActivityManager(  282):     3.5% 429/RILSender: 2.3% user + 1.1% kernel
E/ActivityManager(  282):     2.3% 392/GC: 2.3% user + 0% kernel
E/ActivityManager(  282):   13% 37/surfaceflinger: 9.6% user + 3.5% kernel
E/ActivityManager(  282):     10% 67/SurfaceFlinger: 8.7% user + 1.7% kernel
E/ActivityManager(  282):     0.8% 82/EventThread: 0% user + 0.8% kernel
E/ActivityManager(  282):     0.8% 84/Binder_1: 0% user + 0.8% kernel
E/ActivityManager(  282):   0.9% 36/rild: 0.3% user + 0.5% kernel
E/ActivityManager(  282):     0.5% 88/rild: 0.1% user + 0.3% kernel
E/ActivityManager(  282):     0.1% 91/rild: 0.1% user + 0% kernel
E/ActivityManager(  282):   3.6% 85/bootanimation: 3.6% user + 0% kernel
E/ActivityManager(  282):     3.6% 103/BootAnimation: 3.6% user + 0% kernel
E/ActivityManager(  282): 100% TOTAL: 66% user + 34% kernel
W/ActivityManager(  282): Killing ProcessRecord{40ea3ec0 347:com.android.systemui/u0a10034}: background ANR
D/MccTable(  390): updateMccMncConfiguration: mcc=310, mnc=260
D/TelephonyManager(  390): getLteOnCdmaMode=0 curVal=-1 product_type='' lteOnCdmaProductType=''
D/MccTable(  390): locale set to en_us
D/MccTable(  390): WIFI_COUNTRY_CODE set to us
I/WifiService(  282): WifiService trying to set country code to us with persist set to true
I/WindowState(  282): WIN DEATH: Window{41036a88 u0 StatusBar}
D/dalvikvm(  282): GC_CONCURRENT freed 520K, 22% free 6019K/7624K, paused 36ms+264ms, total 783ms
D/dalvikvm(  282): WAIT_FOR_CONCURRENT_GC blocked 29ms
D/dalvikvm(  282): WAIT_FOR_CONCURRENT_GC blocked 759ms
D/dalvikvm(  282): WAIT_FOR_CONCURRENT_GC blocked 340ms
D/dalvikvm(  282): WAIT_FOR_CONCURRENT_GC blocked 347ms
D/dalvikvm(  282): WAIT_FOR_CONCURRENT_GC blocked 53ms
D/dalvikvm(  282): WAIT_FOR_CONCURRENT_GC blocked 54ms
D/dalvikvm(  282): WAIT_FOR_CONCURRENT_GC blocked 54ms
D/dalvikvm(  282): WAIT_FOR_CONCURRENT_GC blocked 55ms
D/dalvikvm(  282): WAIT_FOR_CONCURRENT_GC blocked 55ms
D/dalvikvm(  282): WAIT_FOR_CONCURRENT_GC blocked 56ms
D/dalvikvm(  282): WAIT_FOR_CONCURRENT_GC blocked 58ms
D/dalvikvm(  282): WAIT_FOR_CONCURRENT_GC blocked 373ms
W/BroadcastQueue(  282): Failure sending broadcast Intent { act=android.intent.action.SIM_STATE_CHANGED flg=0x20000010 (has extras) }
W/BroadcastQueue(  282): android.os.DeadObjectException
W/BroadcastQueue(  282): 	at android.os.BinderProxy.transact(Native Method)
W/BroadcastQueue(  282): 	at android.app.ApplicationThreadProxy.scheduleRegisteredReceiver(ApplicationThreadNative.java:1009)
W/BroadcastQueue(  282): 	at com.android.server.am.BroadcastQueue.performReceiveLocked(BroadcastQueue.java:373)
W/BroadcastQueue(  282): 	at com.android.server.am.BroadcastQueue.deliverToRegisteredReceiverLocked(BroadcastQueue.java:439)
W/BroadcastQueue(  282): 	at com.android.server.am.BroadcastQueue.processNextBroadcast(BroadcastQueue.java:487)
W/BroadcastQueue(  282): 	at com.android.server.am.BroadcastQueue$1.handleMessage(BroadcastQueue.java:140)
W/BroadcastQueue(  282): 	at android.os.Handler.dispatchMessage(Handler.java:99)
W/BroadcastQueue(  282): 	at android.os.Looper.loop(Looper.java:137)
W/BroadcastQueue(  282): 	at com.android.server.am.ActivityManagerService$AThread.run(ActivityManagerService.java:1480)
W/BroadcastQueue(  282): Failure sending broadcast Intent { act=android.intent.action.SIM_STATE_CHANGED flg=0x20000010 (has extras) }
W/BroadcastQueue(  282): android.os.DeadObjectException
W/BroadcastQueue(  282): 	at android.os.BinderProxy.transact(Native Method)
W/BroadcastQueue(  282): 	at android.app.ApplicationThreadProxy.scheduleRegisteredReceiver(ApplicationThreadNative.java:1009)
W/BroadcastQueue(  282): 	at com.android.server.am.BroadcastQueue.performReceiveLocked(BroadcastQueue.java:373)
W/BroadcastQueue(  282): 	at com.android.server.am.BroadcastQueue.deliverToRegisteredReceiverLocked(BroadcastQueue.java:439)
W/BroadcastQueue(  282): 	at com.android.server.am.BroadcastQueue.processNextBroadcast(BroadcastQueue.java:487)
W/BroadcastQueue(  282): 	at com.android.server.am.BroadcastQueue$1.handleMessage(BroadcastQueue.java:140)
W/BroadcastQueue(  282): 	at android.os.Handler.dispatchMessage(Handler.java:99)
W/BroadcastQueue(  282): 	at android.os.Looper.loop(Looper.java:137)
W/BroadcastQueue(  282): 	at com.android.server.am.ActivityManagerService$AThread.run(ActivityManagerService.java:1480)
I/ActivityManager(  282): Config changes=1403 {1.0 310mcc260mnc en_US ldltr sw320dp w320dp h508dp 240dpi nrml long port finger -keyb/v/h tball/v s.4}
D/dalvikvm(  282): WAIT_FOR_CONCURRENT_GC blocked 389ms
V/TAG     (  282): bug 7643792: fitSystemWindows([0,0][0,0])
D/dalvikvm(  282): WAIT_FOR_CONCURRENT_GC blocked 392ms
W/SurfaceFlinger(   37): createScreenshotSurface failed (Function not implemented)
I/ActivityManager(  282): Process com.android.systemui (pid 347) has died.
W/ActivityManager(  282): Scheduling restart of crashed service com.android.systemui/.ImageWallpaper in 0ms
W/ActivityManager(  282): Scheduling restart of crashed service com.android.systemui/.SystemUIService in 0ms
I/ActivityManager(  282): Start proc com.android.systemui for restart com.android.systemui: pid=544 uid=10034 gids={50034, 1028, 1015, 3002, 3001}
W/BroadcastQueue(  282): Failure sending broadcast Intent { act=android.intent.action.CONFIGURATION_CHANGED flg=0x70000010 }
W/BroadcastQueue(  282): android.os.DeadObjectException
W/BroadcastQueue(  282): 	at android.os.BinderProxy.transact(Native Method)
W/BroadcastQueue(  282): 	at android.content.IIntentReceiver$Stub$Proxy.performReceive(IIntentReceiver.java:124)
W/BroadcastQueue(  282): 	at com.android.server.am.BroadcastQueue.performReceiveLocked(BroadcastQueue.java:376)
W/BroadcastQueue(  282): 	at com.android.server.am.BroadcastQueue.deliverToRegisteredReceiverLocked(BroadcastQueue.java:439)
W/BroadcastQueue(  282): 	at com.android.server.am.BroadcastQueue.processNextBroadcast(BroadcastQueue.java:487)
W/BroadcastQueue(  282): 	at com.android.server.am.BroadcastQueue$1.handleMessage(BroadcastQueue.java:140)
W/BroadcastQueue(  282): 	at android.os.Handler.dispatchMessage(Handler.java:99)
W/BroadcastQueue(  282): 	at android.os.Looper.loop(Looper.java:137)
W/BroadcastQueue(  282): 	at com.android.server.am.ActivityManagerService$AThread.run(ActivityManagerService.java:1480)
W/BroadcastQueue(  282): Failure sending broadcast Intent { act=android.intent.action.CONFIGURATION_CHANGED flg=0x70000010 }
W/BroadcastQueue(  282): android.os.DeadObjectException
W/BroadcastQueue(  282): 	at android.os.BinderProxy.transact(Native Method)
W/BroadcastQueue(  282): 	at android.content.IIntentReceiver$Stub$Proxy.performReceive(IIntentReceiver.java:124)
W/BroadcastQueue(  282): 	at com.android.server.am.BroadcastQueue.performReceiveLocked(BroadcastQueue.java:376)
W/BroadcastQueue(  282): 	at com.android.server.am.BroadcastQueue.deliverToRegisteredReceiverLocked(BroadcastQueue.java:439)
W/BroadcastQueue(  282): 	at com.android.server.am.BroadcastQueue.processNextBroadcast(BroadcastQueue.java:487)
W/BroadcastQueue(  282): 	at com.android.server.am.BroadcastQueue$1.handleMessage(BroadcastQueue.java:140)
W/BroadcastQueue(  282): 	at android.os.Handler.dispatchMessage(Handler.java:99)
W/BroadcastQueue(  282): 	at android.os.Looper.loop(Looper.java:137)
W/BroadcastQueue(  282): 	at com.android.server.am.ActivityManagerService$AThread.run(ActivityManagerService.java:1480)
W/BroadcastQueue(  282): Failure sending broadcast Intent { act=android.intent.action.CONFIGURATION_CHANGED flg=0x70000010 }
W/BroadcastQueue(  282): android.os.DeadObjectException
W/BroadcastQueue(  282): 	at android.os.BinderProxy.transact(Native Method)
W/BroadcastQueue(  282): 	at android.content.IIntentReceiver$Stub$Proxy.performReceive(IIntentReceiver.java:124)
W/BroadcastQueue(  282): 	at com.android.server.am.BroadcastQueue.performReceiveLocked(BroadcastQueue.java:376)
W/BroadcastQueue(  282): 	at com.android.server.am.BroadcastQueue.deliverToRegisteredReceiverLocked(BroadcastQueue.java:439)
W/BroadcastQueue(  282): 	at com.android.server.am.BroadcastQueue.processNextBroadcast(BroadcastQueue.java:487)
W/BroadcastQueue(  282): 	at com.android.server.am.BroadcastQueue$1.handleMessage(BroadcastQueue.java:140)
W/BroadcastQueue(  282): 	at android.os.Handler.dispatchMessage(Handler.java:99)
W/BroadcastQueue(  282): 	at android.os.Looper.loop(Looper.java:137)
W/BroadcastQueue(  282): 	at com.android.server.am.ActivityManagerService$AThread.run(ActivityManagerService.java:1480)
W/BroadcastQueue(  282): Failure sending broadcast Intent { act=android.intent.action.CONFIGURATION_CHANGED flg=0x70000010 }
W/BroadcastQueue(  282): android.os.DeadObjectException
W/BroadcastQueue(  282): 	at android.os.BinderProxy.transact(Native Method)
W/BroadcastQueue(  282): 	at android.content.IIntentReceiver$Stub$Proxy.performReceive(IIntentReceiver.java:124)
W/BroadcastQueue(  282): 	at com.android.server.am.BroadcastQueue.performReceiveLocked(BroadcastQueue.java:376)
W/BroadcastQueue(  282): 	at com.android.server.am.BroadcastQueue.deliverToRegisteredReceiverLocked(BroadcastQueue.java:439)
W/BroadcastQueue(  282): 	at com.android.server.am.BroadcastQueue.processNextBroadcast(BroadcastQueue.java:487)
W/BroadcastQueue(  282): 	at com.android.server.am.BroadcastQueue$1.handleMessage(BroadcastQueue.java:140)
W/BroadcastQueue(  282): 	at android.os.Handler.dispatchMessage(Handler.java:99)
W/BroadcastQueue(  282): 	at android.os.Looper.loop(Looper.java:137)
W/BroadcastQueue(  282): 	at com.android.server.am.ActivityManagerService$AThread.run(ActivityManagerService.java:1480)
D/dalvikvm(   38): GC_EXPLICIT freed 35K, 4% free 2381K/2472K, paused 3ms+3ms, total 224ms
D/dalvikvm(   38): GC_EXPLICIT freed <1K, 4% free 2381K/2472K, paused 3ms+4ms, total 163ms
D/dalvikvm(   38): GC_EXPLICIT freed <1K, 4% free 2381K/2472K, paused 3ms+3ms, total 172ms
I/ActivityManager(  282): Start proc com.android.deskclock for broadcast com.android.deskclock/.AlarmInitReceiver: pid=558 uid=10006 gids={50006, 1028}
I/Choreographer(  282): Skipped 336 frames!  The application may be doing too much work on its main thread.
E/Trace   (  544): error opening trace file: No such file or directory (2)
E/Trace   (  558): error opening trace file: No such file or directory (2)
W/Settings(  390): Setting auto_time_zone has moved from android.provider.Settings.System to android.provider.Settings.Global, returning read-only value.
D/MccTable(  390): updateMccMncConfiguration: mcc=310, mnc=260
D/TelephonyManager(  390): getLteOnCdmaMode=0 curVal=-1 product_type='' lteOnCdmaProductType=''
D/MccTable(  390): locale set to en_us
D/MccTable(  390): WIFI_COUNTRY_CODE set to us
D/SystemUIService(  544): loading: class com.android.systemui.statusbar.phone.PhoneStatusBar
D/SystemUIService(  544): running: com.android.systemui.statusbar.phone.PhoneStatusBar@40cdc0b8
D/dalvikvm(  282): GC_CONCURRENT freed 934K, 22% free 6001K/7624K, paused 5ms+7ms, total 312ms
D/dalvikvm(  282): WAIT_FOR_CONCURRENT_GC blocked 200ms
I/WifiService(  282): WifiService trying to set country code to us with persist set to true
I/ActivityManager(  282): Config changes=1400 {1.0 310mcc260mnc en_US ldltr sw320dp w320dp h508dp 240dpi nrml long port finger -keyb/v/h tball/v s.5}
D/dalvikvm(  282): WAIT_FOR_CONCURRENT_GC blocked 250ms
V/AlarmClock(  558): No next alarm
I/StatusBarManagerService(  282): registerStatusBar bar=com.android.internal.statusbar.IStatusBar$Stub$Proxy@40e0be40
D/dalvikvm(  405): GC_CONCURRENT freed 178K, 5% free 4606K/4840K, paused 4ms+179ms, total 678ms
V/AlarmClock(  558): AlarmInitReceiver - Reset timers and clear stopwatch data
W/WindowManager(  282): App freeze timeout expired.
W/WindowManager(  282): Force clearing freeze: AppWindowToken{40f65ae0 token=Token{40f88260 ActivityRecord{40f87e28 u0 com.android.launcher/com.android.launcher2.Launcher}}}
V/AlarmClock(  558): No next alarm
V/AlarmClock(  558): AlarmInitReceiver finished
I/Choreographer(  282): Skipped 49 frames!  The application may be doing too much work on its main thread.
I/Choreographer(  282): Skipped 50 frames!  The application may be doing too much work on its main thread.
D/dalvikvm(  390): GC_CONCURRENT freed 318K, 12% free 2916K/3292K, paused 6ms+24ms, total 176ms
D/dalvikvm(  282): GC_CONCURRENT freed 348K, 14% free 6563K/7624K, paused 5ms+234ms, total 587ms
D/dalvikvm(  282): WAIT_FOR_CONCURRENT_GC blocked 70ms
D/dalvikvm(  282): WAIT_FOR_CONCURRENT_GC blocked 450ms
I/Choreographer(  282): Skipped 1499 frames!  The application may be doing too much work on its main thread.
I/ActivityManager(  282): Start proc com.android.email for broadcast com.android.email/.service.EmailBroadcastReceiver: pid=581 uid=10019 gids={50019, 3003, 1015, 1028}
D/dalvikvm(  544): GC_CONCURRENT freed 122K, 7% free 2670K/2848K, paused 5ms+3ms, total 780ms
D/dalvikvm(  544): WAIT_FOR_CONCURRENT_GC blocked 759ms
I/dalvikvm-heap(  544): Grow heap (frag case) to 3.265MB for 635812-byte allocation
I/Choreographer(  282): Skipped 66 frames!  The application may be doing too much work on its main thread.
D/dalvikvm(  282): GC_EXPLICIT freed 332K, 13% free 6655K/7624K, paused 4ms+136ms, total 995ms
D/dalvikvm(  544): GC_FOR_ALLOC freed 5K, 6% free 3286K/3472K, paused 97ms, total 137ms
D/dalvikvm(  282): GC_FOR_ALLOC freed 121K, 15% free 6535K/7624K, paused 120ms, total 135ms
I/dalvikvm-heap(  282): Grow heap (frag case) to 7.518MB for 1128976-byte allocation
D/dalvikvm(  282): GC_FOR_ALLOC freed 879K, 23% free 6758K/8728K, paused 186ms, total 186ms
D/dalvikvm(  390): GC_CONCURRENT freed 458K, 16% free 2858K/3372K, paused 4ms+7ms, total 516ms
I/Choreographer(  282): Skipped 304 frames!  The application may be doing too much work on its main thread.
E/Trace   (  581): error opening trace file: No such file or directory (2)
D/dalvikvm(  282): GC_CONCURRENT freed 11K, 23% free 6791K/8728K, paused 82ms+340ms, total 1298ms
E/BluetoothAdapter(  544): Bluetooth binder is null
E/BluetoothAdapter(  544): Bluetooth binder is null
I/Choreographer(  282): Skipped 162 frames!  The application may be doing too much work on its main thread.
E/BluetoothAdapter(  544): Bluetooth binder is null
I/ActivityManager(  282): Start proc com.android.exchange for service com.android.exchange/.ExchangeService: pid=602 uid=10032 gids={50032, 3003, 1015, 1028}
I/ActivityManager(  282): Start proc com.android.providers.calendar for broadcast com.android.providers.calendar/.CalendarReceiver: pid=608 uid=10023 gids={50023, 3003, 1015, 1028}
D/dalvikvm(  544): GC_CONCURRENT freed 67K, 4% free 3643K/3768K, paused 13ms+146ms, total 269ms
E/Trace   (  602): error opening trace file: No such file or directory (2)
E/Trace   (  608): error opening trace file: No such file or directory (2)
E/BluetoothAdapter(  544): Bluetooth binder is null
W/WindowManager(  282): ***** BOOT TIMEOUT: forcing display enabled
I/SurfaceFlinger(   37): Boot is finished (87849 ms)
I/ActivityManager(  282): Config changes=1400 {1.0 310mcc260mnc en_US ldltr sw320dp w320dp h508dp 240dpi nrml long port finger -keyb/v/h tball/v s.6}
I/Choreographer(  282): Skipped 52 frames!  The application may be doing too much work on its main thread.
I/PowerManagerService(  282): Boot animation finished.
I/ActivityManager(  282): Start proc com.android.mms for broadcast com.android.mms/.transaction.MmsSystemEventReceiver: pid=636 uid=10029 gids={50029, 3003, 1015, 1028}
E/Trace   (  636): error opening trace file: No such file or directory (2)
D/CountryDetector(  282): The first listener is added
V/MmsConfig(  636): mnc/mcc: 310260
V/MmsConfig(  636): tag: bool value: enabledMMS - true
V/MmsConfig(  636): tag: int value: maxMessageSize - 307200
V/MmsConfig(  636): tag: int value: maxImageHeight - 480
V/MmsConfig(  636): tag: int value: maxImageWidth - 640
V/MmsConfig(  636): tag: int value: defaultSMSMessagesPerThread - 500
V/MmsConfig(  636): tag: int value: defaultMMSMessagesPerThread - 50
V/MmsConfig(  636): tag: int value: minMessageCountPerThread - 10
V/MmsConfig(  636): tag: int value: maxMessageCountPerThread - 5000
V/MmsConfig(  636): tag: string value: uaProfUrl - http://www.google.com/oha/rdf/ua-profile-kila.xml
V/MmsConfig(  636): tag: int value: recipientLimit - -1
V/MmsConfig(  636): tag: bool value: enableMultipartSMS - true
V/MmsConfig(  636): tag: int value: smsToMmsTextThreshold - -1
V/MmsConfig(  636): tag: bool value: enableSlideDuration - true
V/MmsConfig(  636): tag: int value: maxMessageTextSize - -1
D/PhoneStatusBar(  544): disable: < expand icons alerts ticker system_info BACK* HOME* RECENT* CLOCK* SEARCH* >
E/BluetoothAdapter(  544): Bluetooth binder is null
D/SystemUIService(  544): loading: class com.android.systemui.power.PowerUI
D/SystemUIService(  544): running: com.android.systemui.power.PowerUI@40e4be68
D/SystemUIService(  544): loading: class com.android.systemui.media.RingtonePlayer
D/SystemUIService(  544): running: com.android.systemui.media.RingtonePlayer@40e4cc48
I/Choreographer(  544): Skipped 1192 frames!  The application may be doing too much work on its main thread.
E/SurfaceFlinger(   37): ro.sf.lcd_density must be defined as a build property
V/TAG     (  282): bug 7643792: fitSystemWindows([0,38][0,0])
D/dalvikvm(  544): GC_CONCURRENT freed 263K, 8% free 3785K/4108K, paused 4ms+12ms, total 67ms
I/Choreographer(  544): Skipped 205 frames!  The application may be doing too much work on its main thread.
D/gralloc_goldfish(  544): Emulator without GPU emulation detected.
D/ExchangeService(  602): !!! EAS ExchangeService, onCreate
D/Eas Debug(  602): Logging: 
D/ExchangeService(  602): !!! EAS ExchangeService, onStartCommand, startingUp = false, running = false
D/ExchangeService(  602): !!! EAS ExchangeService, onStartCommand, startingUp = true, running = false
I/ActivityManager(  282): Start proc com.android.settings for broadcast com.android.settings/.widget.SettingsAppWidgetProvider: pid=667 uid=1000 gids={41000, 1015, 1028, 3002, 3001, 3003}
E/Trace   (  667): error opening trace file: No such file or directory (2)
I//system/bin/fsck_msdos(   32): Attempting to allocate 2044 KB for FAT
E/BluetoothAdapter(  667): Bluetooth binder is null
W/GpsLocationProvider(  282): Could not open GPS configuration file /etc/gps.conf
W/ServiceWatcher(  282): com.google.android.location not found
D/Mms:app (  636): cancelNotification
W/ServiceWatcher(  282): com.google.android.location not found
W/LocationManagerService(  282): no network location provider found
W/ServiceWatcher(  282): com.google.android.location not found
I/ActivityManager(  282): Start proc com.android.location.fused for service com.android.location.fused/.FusedLocationService: pid=681 uid=10022 gids={50022, 1028}
I//system/bin/fsck_msdos(   32): ** Phase 2 - Check Cluster Chains
D/dalvikvm(  282): GREF has increased to 501
E/Trace   (  681): error opening trace file: No such file or directory (2)
W/ServiceWatcher(  282): com.google.android.location not found
E/LocationManagerService(  282): no geocoder provider found
I//system/bin/fsck_msdos(   32): ** Phase 3 - Checking Directories
I//system/bin/fsck_msdos(   32): ** Phase 4 - Checking for Lost Files
I//system/bin/fsck_msdos(   32): Next free cluster in FSInfo block (17) not free
I//system/bin/fsck_msdos(   32): FIXED
I//system/bin/fsck_msdos(   32): 13 files, 1044442 free (522221 clusters)
I/Vold    (   32): Filesystem check completed OK
I/Vold    (   32): Device /dev/block/vold/179:0, target /mnt/sdcard mounted @ /mnt/secure/staging
D/Vold    (   32): Volume sdcard state changing 3 (Checking) -> 4 (Mounted)
D/MountService(  282): volume state changed for /mnt/sdcard (checking -> mounted)
I/PackageManager(  282): Updating external media status from unmounted to mounted
D/MountService(  282): sendStorageIntent Intent { act=android.intent.action.MEDIA_MOUNTED dat=file:///mnt/sdcard (has extras) } to UserHandle{-1}
E/VoldConnector(  282): NDC Command {3 volume mount /mnt/sdcard} took too long (51172ms)
W/WallpaperService(  282): Wallpaper service gone: ComponentInfo{com.android.systemui/com.android.systemui.ImageWallpaper}
I/PackageManager(  282): No secure containers on sdcard
W/PackageManager(  282): Unknown permission com.google.android.googleapps.permission.GOOGLE_AUTH.mail in package com.android.contacts
W/PackageManager(  282): Unknown permission android.permission.ADD_SYSTEM_SERVICE in package com.android.phone
W/PackageManager(  282): Unknown permission com.android.smspush.WAPPUSH_MANAGER_BIND in package com.android.phone
W/PackageManager(  282): Unknown permission com.google.android.googleapps.permission.GOOGLE_AUTH in package com.android.providers.calendar
W/PackageManager(  282): Unknown permission com.google.android.googleapps.permission.GOOGLE_AUTH.cl in package com.android.providers.calendar
W/PackageManager(  282): Unknown permission com.google.android.googleapps.permission.GOOGLE_AUTH.mail in package com.android.calendar
W/PackageManager(  282): Not granting permission android.permission.SEND_DOWNLOAD_COMPLETED_INTENTS to package com.android.browser (protectionLevel=2 flags=0x89be45)
W/PackageManager(  282): Not granting permission android.permission.BIND_APPWIDGET to package com.android.widgetpreview (protectionLevel=18 flags=0x8be44)
W/PackageManager(  282): Unknown permission com.google.android.googleapps.permission.GOOGLE_AUTH in package com.android.settings
W/PackageManager(  282): Unknown permission com.google.android.gallery3d.permission.GALLERY_PROVIDER in package com.android.exchange
W/PackageManager(  282): Unknown permission com.google.android.googleapps.permission.ACCESS_GOOGLE_PASSWORD in package com.android.development
W/PackageManager(  282): Unknown permission com.google.android.googleapps.permission.GOOGLE_AUTH in package com.android.development
W/PackageManager(  282): Unknown permission com.google.android.googleapps.permission.GOOGLE_AUTH.ALL_SERVICES in package com.android.development
W/PackageManager(  282): Unknown permission com.google.android.googleapps.permission.GOOGLE_AUTH.YouTubeUser in package com.android.development
W/PackageManager(  282): Unknown permission com.google.android.gallery3d.permission.GALLERY_PROVIDER in package com.android.email
W/PackageManager(  282): Not granting permission android.permission.DEVICE_POWER to package com.android.deskclock (protectionLevel=2 flags=0x88be45)
D/EmailProvider(  581): fromDatabase accounts: 0
D/EmailProvider(  581): ending toDatabase transaction; copyCount = 0
D/EmailProvider(  581): ending fromDatabase transaction; copyCount = 0
D/dalvikvm(  282): GC_CONCURRENT freed 2096K, 34% free 5798K/8728K, paused 41ms+25ms, total 245ms
E/SurfaceFlinger(   37): ro.sf.lcd_density must be defined as a build property
D/ConnectivityService(  282): ConnectivityChange for mobile: CONNECTED/CONNECTED
D/dalvikvm(  544): GC_FOR_ALLOC freed 55K, 5% free 3903K/4108K, paused 373ms, total 389ms
I/dalvikvm-heap(  544): Grow heap (frag case) to 9.976MB for 6410576-byte allocation
D/dalvikvm(  544): GC_CONCURRENT freed 1K, 3% free 10162K/10372K, paused 25ms+15ms, total 145ms
D/dalvikvm(  282): GC_CONCURRENT freed 515K, 30% free 6141K/8728K, paused 120ms+173ms, total 491ms
D/dalvikvm(  282): WAIT_FOR_CONCURRENT_GC blocked 50ms
D/dalvikvm(  282): WAIT_FOR_CONCURRENT_GC blocked 297ms
D/dalvikvm(  282): WAIT_FOR_CONCURRENT_GC blocked 63ms
D/dalvikvm(  282): WAIT_FOR_CONCURRENT_GC blocked 333ms
D/dalvikvm(  282): WAIT_FOR_CONCURRENT_GC blocked 341ms
I/CalendarProvider2(  608): Sending notification intent: Intent { act=android.intent.action.PROVIDER_CHANGED dat=content://com.android.calendar }
W/ContentResolver(  608): Failed to get type for: content://com.android.calendar (Unknown URL content://com.android.calendar)
D/dalvikvm(  489): GREF has increased to 201
D/dalvikvm(  544): GC_FOR_ALLOC freed <1K, 3% free 10162K/10372K, paused 101ms, total 101ms
I/dalvikvm-heap(  544): Grow heap (frag case) to 12.673MB for 2828816-byte allocation
D/dalvikvm(  544): GC_CONCURRENT freed 0K, 2% free 12924K/13136K, paused 3ms+14ms, total 51ms
D/dalvikvm(  544): WAIT_FOR_CONCURRENT_GC blocked 38ms
D/dalvikvm(  282): GC_CONCURRENT freed 395K, 24% free 6690K/8728K, paused 131ms+17ms, total 304ms
D/dalvikvm(  282): WAIT_FOR_CONCURRENT_GC blocked 92ms
D/dalvikvm(  282): WAIT_FOR_CONCURRENT_GC blocked 80ms
D/dalvikvm(  282): WAIT_FOR_CONCURRENT_GC blocked 146ms
D/dalvikvm(  282): WAIT_FOR_CONCURRENT_GC blocked 165ms
D/dalvikvm(  282): WAIT_FOR_CONCURRENT_GC blocked 174ms
I/AccountTypeManager(  477): Loaded meta-data for 1 account types, 0 accounts in 415ms(wall) 32ms(cpu)
I/Choreographer(  282): Skipped 649 frames!  The application may be doing too much work on its main thread.
I/Choreographer(  282): Skipped 36 frames!  The application may be doing too much work on its main thread.
D/dalvikvm(  282): GC_FOR_ALLOC freed 246K, 25% free 6621K/8728K, paused 61ms, total 74ms
I/dalvikvm-heap(  282): Grow heap (frag case) to 7.602MB for 1128976-byte allocation
D/dalvikvm(  282): GC_FOR_ALLOC freed 883K, 22% free 6840K/8728K, paused 56ms, total 56ms
I/Choreographer(  282): Skipped 241 frames!  The application may be doing too much work on its main thread.
I/Choreographer(  282): Skipped 42 frames!  The application may be doing too much work on its main thread.
D/dalvikvm(  282): GC_CONCURRENT freed 24K, 22% free 6827K/8728K, paused 37ms+63ms, total 449ms
I/FusedLocation(  681): engine started (com.android.location.fused)
D/MediaScannerReceiver(  489): action: android.intent.action.MEDIA_MOUNTED path: /mnt/sdcard
E/BluetoothAdapter(  667): Bluetooth binder is null
D/ExchangeService(  602): Received deviceId from Email app: androidc259148960
D/ExchangeService(  602): Reconciling accounts...
D/ExchangeService(  602): !!! EAS ExchangeService, onStartCommand, startingUp = true, running = false
D/Eas Debug(  602): Logging: 
E/BluetoothAdapter(  667): Bluetooth binder is null
D/Tethering(  282): MasterInitialState.processMessage what=3
I/ActivityManager(  282): Start proc com.android.calendar for broadcast com.android.calendar/.alerts.AlertReceiver: pid=714 uid=10004 gids={50004, 3003, 1028}
E/Trace   (  714): error opening trace file: No such file or directory (2)
D/AlertReceiver(  714): onReceive: a=android.intent.action.PROVIDER_CHANGED Intent { act=android.intent.action.PROVIDER_CHANGED dat=content://com.android.calendar flg=0x10 cmp=com.android.calendar/.alerts.AlertReceiver }
D/AlertService(  714): 0 Action = android.intent.action.PROVIDER_CHANGED
D/AlertService(  714): Beginning updateAlertNotification
W/ActivityManager(  282): Unable to start service Intent { cmp=com.android.email/.service.AttachmentDownloadService } U=0: not found
W/ActivityManager(  282): Unable to start service Intent { cmp=com.android.email/.service.AttachmentDownloadService } U=0: not found
D/dalvikvm(  489): GC_CONCURRENT freed 199K, 10% free 2565K/2820K, paused 181ms+2ms, total 325ms
W/ActivityManager(  282): Unable to start service Intent { cmp=com.android.email/.service.AttachmentDownloadService } U=0: not found
D/MmsSmsDatabaseHelper(  390): [MmsSmsDb] tableName: threads hasAutoIncrement: CREATE TABLE threads (_id INTEGER PRIMARY KEY AUTOINCREMENT,date INTEGER DEFAULT 0,message_count INTEGER DEFAULT 0,recipient_ids TEXT,snippet TEXT,snippet_cs INTEGER DEFAULT 0,read INTEGER DEFAULT 1,type INTEGER DEFAULT 0,error INTEGER DEFAULT 0,has_attachment INTEGER DEFAULT 0) result: true
D/MmsSmsDatabaseHelper(  390): [MmsSmsDb] tableName: canonical_addresses hasAutoIncrement: CREATE TABLE canonical_addresses (_id INTEGER PRIMARY KEY AUTOINCREMENT,address TEXT) result: true
D/dalvikvm(  581): GC_CONCURRENT freed 191K, 9% free 2579K/2832K, paused 4ms+2ms, total 48ms
D/GpsLocationProvider(  282): NTP server returned: 1483694766277 (Fri Jan 06 09:26:06 GMT 2017) reference: 110640 certainty: 157 system time offset: -6775
D/ExchangeService(  602): !!! EAS ExchangeService, onStartCommand, startingUp = false, running = false
D/ExchangeService(  602): Reconciling accounts...
D/AlertService(  714): No fired or scheduled alerts
W/MediaProvider(  489): no database for scanned volume external
W/Launcher.Model(  405): LoaderTask running with no launcher (loadAllAppsByBatch)
D/dalvikvm(  405): GC_FOR_ALLOC freed 339K, 8% free 4855K/5252K, paused 26ms, total 38ms
I/dalvikvm-heap(  405): Grow heap (frag case) to 6.166MB for 1440016-byte allocation
D/dalvikvm(  405): GC_FOR_ALLOC freed 28K, 7% free 6232K/6660K, paused 43ms, total 52ms
D/dalvikvm(  405): GC_CONCURRENT freed <1K, 7% free 6232K/6660K, paused 5ms+3ms, total 37ms
D/Launcher.Model(  405): Reload apps on config change. curr_mcc:310 prevmcc:0
I/Choreographer(  405): Skipped 301 frames!  The application may be doing too much work on its main thread.
E/SurfaceFlinger(   37): ro.sf.lcd_density must be defined as a build property
D/gralloc_goldfish(  405): Emulator without GPU emulation detected.
D/dalvikvm(  405): GC_FOR_ALLOC freed 1501K, 27% free 5043K/6828K, paused 94ms, total 112ms
I/dalvikvm-heap(  405): Grow heap (frag case) to 6.372MB for 1463056-byte allocation
D/dalvikvm(  405): GC_CONCURRENT freed 7K, 22% free 6465K/8260K, paused 5ms+3ms, total 32ms
D/dalvikvm(  405): WAIT_FOR_CONCURRENT_GC blocked 28ms
D/dalvikvm(  405): GC_FOR_ALLOC freed <1K, 22% free 6465K/8260K, paused 27ms, total 27ms
I/dalvikvm-heap(  405): Grow heap (frag case) to 7.760MB for 1463056-byte allocation
D/dalvikvm(  405): GC_CONCURRENT freed 0K, 19% free 7894K/9692K, paused 4ms+4ms, total 40ms
D/dalvikvm(  405): WAIT_FOR_CONCURRENT_GC blocked 36ms
I/Choreographer(  405): Skipped 119 frames!  The application may be doing too much work on its main thread.
I/ActivityManager(  282): Displayed com.android.launcher/com.android.launcher2.Launcher: +57s119ms
D/dalvikvm(  405): WAIT_FOR_CONCURRENT_GC blocked 490ms
D/dalvikvm(  405): GC_FOR_ALLOC freed 1738K, 21% free 7676K/9692K, paused 25ms, total 38ms
D/dalvikvm(  405): GREF has increased to 201
I/Choreographer(  405): Skipped 49 frames!  The application may be doing too much work on its main thread.
I/dalvikvm(  282): Jit: resizing JitTable from 4096 to 8192
D/MmsSmsDatabaseHelper(  390): [MmsSmsDb] tableName: part hasAutoIncrement: CREATE TABLE part (_id INTEGER PRIMARY KEY AUTOINCREMENT,mid INTEGER,seq INTEGER DEFAULT 0,ct TEXT,name TEXT,chset INTEGER,cd TEXT,fn TEXT,cid TEXT,cl TEXT,ctt_s INTEGER,ctt_t TEXT,_data TEXT,text TEXT) result: true
D/MmsSmsDatabaseHelper(  390): [MmsSmsDb] tableName: pdu hasAutoIncrement: CREATE TABLE pdu (_id INTEGER PRIMARY KEY AUTOINCREMENT,thread_id INTEGER,date INTEGER,date_sent INTEGER DEFAULT 0,msg_box INTEGER,read INTEGER DEFAULT 0,m_id TEXT,sub TEXT,sub_cs INTEGER,ct_t TEXT,ct_l TEXT,exp INTEGER,m_cls TEXT,m_type INTEGER,v INTEGER,m_size INTEGER,pri INTEGER,rr INTEGER,rpt_a INTEGER,resp_st INTEGER,st INTEGER,tr_id TEXT,retr_st INTEGER,retr_txt TEXT,retr_txt_cs INTEGER,read_status INTEGER,ct_cls INTEGER,resp_txt TEXT,d_tm INTEGER,d_rpt INTEGER,locked INTEGER DEFAULT 0,seen INTEGER DEFAULT 0,text_only INTEGER DEFAULT 0) result: true
D/MmsSmsDatabaseHelper(  390): [getWritableDatabase] hasAutoIncrementThreads: true hasAutoIncrementAddresses: true hasAutoIncrementPart: true hasAutoIncrementPdu: true
D/dalvikvm(  390): GREF has increased to 201
D/Mms:app (  636): cancelNotification
W/MediaScanner(  489): Error opening directory '/mnt/sdcard/.android_secure/', skipping: Permission denied.
V/MediaScanner(  489): pruneDeadThumbnailFiles... android.database.sqlite.SQLiteCursor@40cf98d8
V/MediaScanner(  489): /pruneDeadThumbnailFiles... android.database.sqlite.SQLiteCursor@40cf98d8
D/dalvikvm(  282): GREF has increased to 601
D/dalvikvm(  405): GC_CONCURRENT freed 738K, 11% free 8668K/9692K, paused 15ms+18ms, total 84ms
W/MediaScanner(  489): Error opening directory '/mnt/sdcard/.android_secure/', skipping: Permission denied.
V/MediaScanner(  489): pruneDeadThumbnailFiles... android.database.sqlite.SQLiteCursor@40d29f38
V/MediaScanner(  489): /pruneDeadThumbnailFiles... android.database.sqlite.SQLiteCursor@40d29f38
W/SystemClock(  282): Unable to set rtc to 1483694771: Invalid argument
V/AlarmClock(  558): No next alarm
V/AlarmClock(  558): AlarmInitReceiver finished
D/SystemClock(  282): Setting time of day to sec=1483694771
D/AndroidRuntime(  770): 
D/AndroidRuntime(  770): >>>>>> AndroidRuntime START com.android.internal.os.RuntimeInit <<<<<<
D/AndroidRuntime(  770): CheckJNI is ON
D/dalvikvm(  770): Trying to load lib libjavacore.so 0x0
D/dalvikvm(  770): Added shared lib libjavacore.so 0x0
D/dalvikvm(  770): Trying to load lib libnativehelper.so 0x0
D/dalvikvm(  770): Added shared lib libnativehelper.so 0x0
D/AndroidRuntime(  770): Calling main entry com.android.commands.am.Am
D/dalvikvm(  770): Note: class Landroid/app/ActivityManagerNative; has 157 unimplemented (abstract) methods
D/dalvikvm(  782): Not late-enabling CheckJNI (already on)
I/ActivityManager(  282): Start proc it.unina.android.ripper_service:android_ripper_service_process for service it.unina.android.ripper_service/.AndroidRipperService: pid=782 uid=10049 gids={50049, 3003, 1028}
D/AndroidRuntime(  770): Shutting down VM
D/dalvikvm(  770): GC_CONCURRENT freed 91K, 16% free 490K/584K, paused 1ms+1ms, total 11ms
E/Trace   (  782): error opening trace file: No such file or directory (2)
V/AndroidRipperService(  782): onCreate()
V/SERVER  (  782): Starting ServerSocket on PORT 8888
V/SERVER  (  782): Started ServerSocket on PORT 8888
V/SERVER  (  782): Ready to accept connections on port: 8888
D/AndroidRuntime(  804): 
D/AndroidRuntime(  804): >>>>>> AndroidRuntime START com.android.internal.os.RuntimeInit <<<<<<
D/AndroidRuntime(  804): CheckJNI is ON
D/dalvikvm(  804): Trying to load lib libjavacore.so 0x0
D/dalvikvm(  804): Added shared lib libjavacore.so 0x0
D/dalvikvm(  804): Trying to load lib libnativehelper.so 0x0
D/dalvikvm(  804): Added shared lib libnativehelper.so 0x0
D/AndroidRuntime(  804): Calling main entry com.android.commands.am.Am
D/dalvikvm(  804): Note: class Landroid/app/ActivityManagerNative; has 157 unimplemented (abstract) methods
I/ActivityManager(  282): Force stopping package de.freewarepoint.whohasmystuff appid=10050 user=0
D/dalvikvm(  814): Not late-enabling CheckJNI (already on)
I/ActivityManager(  282): Start proc de.freewarepoint.whohasmystuff for added application de.freewarepoint.whohasmystuff: pid=814 uid=10050 gids={50050, 1015, 1028}
E/Trace   (  814): error opening trace file: No such file or directory (2)
D/PolideaInstrumentationTestRunner(  814): Creating the Test Runner with arguments: [coverage, class]
D/PolideaInstrumentationTestRunner(  814): Test runner is running with the following parameters:
D/PolideaInstrumentationTestRunner(  814): junitOutputDirectory: /data/data/de.freewarepoint.whohasmystuff/files
D/PolideaInstrumentationTestRunner(  814): junitOutputFilePostfix: -TEST.xml
D/PolideaInstrumentationTestRunner(  814): junitNoPackagePrefix: NO_PACKAGE
D/PolideaInstrumentationTestRunner(  814): junitSplitLevel: package
D/PolideaInstrumentationTestRunner(  814): junitSingleFileName: ALL-TEST.xml
D/PolideaInstrumentationTestRunner(  814): Creating output directory if it does not exist
D/PolideaInstrumentationTestRunner(  814): Created directory? false
D/PolideaInstrumentationTestRunner(  814): Deleting old files
D/PolideaInstrumentationTestRunner(  814): Deleting: [/data/data/de.freewarepoint.whohasmystuff/files/it.unina.android.ripper-TEST.xml]
D/dalvikvm(  814): GC_CONCURRENT freed 267K, 12% free 2562K/2896K, paused 5ms+11ms, total 49ms
I/System.out(  814): EMMA: collecting runtime coverage data ...
D/PolideaInstrumentationTestRunner(  814): Getting android test runner
D/PolideaInstrumentationTestRunner(  814): JUnit test output enabled
W/dalvikvm(  814): method Landroid/test/InstrumentationTestRunner$StringResultPrinter;.print incorrectly overrides package-private method with same name in Ljunit/textui/ResultPrinter;
D/PolideaInstrumentationTestRunner(  814): Starting test: testApplication(it.unina.android.ripper.RipperTestCase)
I/TestRunner(  814): started: testApplication(it.unina.android.ripper.RipperTestCase)
V/AndroidRipperService(  782): onBind()
V/AndroidRipperService(  782): register()
V/AndroidRipperService(  782): onBind()
I/ActivityManager(  282): START u0 {act=android.intent.action.MAIN flg=0x10000000 cmp=de.freewarepoint.whohasmystuff/.ListLentObjects} from pid 814
D/PermissionCache(   37): checking android.permission.READ_FRAME_BUFFER for uid=1000 => granted (6999 us)
W/WindowManager(  282): Failure taking screenshot for (246x410) to layer 21000
E/SurfaceFlinger(   37): ro.sf.lcd_density must be defined as a build property
I/Choreographer(  282): Skipped 40 frames!  The application may be doing too much work on its main thread.
D/dalvikvm(  814): GC_FOR_ALLOC freed 133K, 10% free 2683K/2952K, paused 85ms, total 98ms
I/dalvikvm-heap(  814): Grow heap (frag case) to 3.281MB for 635812-byte allocation
D/dalvikvm(  814): GC_FOR_ALLOC freed 1K, 8% free 3302K/3576K, paused 58ms, total 58ms
D/dalvikvm(  814): GC_CONCURRENT freed <1K, 8% free 3312K/3576K, paused 6ms+5ms, total 64ms
D/dalvikvm(  282): GC_EXPLICIT freed 1531K, 33% free 5912K/8728K, paused 4ms+25ms, total 251ms
V/        (  782): ready
V/RipperService(  782): PING
V/AndroidRipperService(  782): mHandler.handleMessage() RECIVED
V/AndroidRipperService(  782): broadcast()
I/AndroidRipper(  814): Recived message: PING
V/RipperTestCase(  814): Not ready to operate!
V/AndroidRipperService(  782): broadcast() done
V/        (  782): ready
E/SurfaceFlinger(   37): ro.sf.lcd_density must be defined as a build property
I/Choreographer(  814): Skipped 111 frames!  The application may be doing too much work on its main thread.
