W/Resources(   38): Preloaded drawable resource #0x108034c (android:drawable/ic_menu_selectall_holo_light) that varies with configuration!!
W/Resources(   38): Preloaded drawable resource #0x108034b (android:drawable/ic_menu_selectall_holo_dark) that varies with configuration!!
W/Resources(   38): Preloaded drawable resource #0x10802b5 (android:drawable/ic_clear_disabled) that varies with configuration!!
W/Resources(   38): Preloaded drawable resource #0x10802b7 (android:drawable/ic_clear_normal) that varies with configuration!!
W/Resources(   38): Preloaded drawable resource #0x10802b7 (android:drawable/ic_clear_normal) that varies with configuration!!
D/dalvikvm(   38): GC_EXPLICIT freed 66K, 27% free 2318K/3156K, paused 3ms+3ms, total 31ms
W/Resources(   38): Preloaded drawable resource #0x10802b5 (android:drawable/ic_clear_disabled) that varies with configuration!!
W/Resources(   38): Preloaded drawable resource #0x10802b7 (android:drawable/ic_clear_normal) that varies with configuration!!
W/Resources(   38): Preloaded drawable resource #0x108035b (android:drawable/ic_search) that varies with configuration!!
W/Resources(   38): Preloaded drawable resource #0x10802cf (android:drawable/ic_go) that varies with configuration!!
W/Resources(   38): Preloaded drawable resource #0x1080362 (android:drawable/ic_voice_search) that varies with configuration!!
D/dalvikvm(   38): GC_EXPLICIT freed 53K, 27% free 2317K/3156K, paused 3ms+3ms, total 107ms
W/Resources(   38): Preloaded drawable resource #0x108021f (android:drawable/dialog_bottom_holo_dark) that varies with configuration!!
W/Resources(   38): Preloaded drawable resource #0x1080220 (android:drawable/dialog_bottom_holo_light) that varies with configuration!!
W/Resources(   38): Preloaded drawable resource #0x1080224 (android:drawable/dialog_full_holo_dark) that varies with configuration!!
D/dalvikvm(   38): GC_EXPLICIT freed 77K, 27% free 2317K/3156K, paused 2ms+3ms, total 52ms
W/Resources(   38): Preloaded drawable resource #0x1080225 (android:drawable/dialog_full_holo_light) that varies with configuration!!
W/Resources(   38): Preloaded drawable resource #0x108022d (android:drawable/dialog_middle_holo_dark) that varies with configuration!!
D/dalvikvm(   38): GC_EXPLICIT freed 50K, 27% free 2317K/3156K, paused 3ms+3ms, total 95ms
W/Resources(   38): Preloaded drawable resource #0x108022e (android:drawable/dialog_middle_holo_light) that varies with configuration!!
W/Resources(   38): Preloaded drawable resource #0x108022f (android:drawable/dialog_top_holo_dark) that varies with configuration!!
W/Resources(   38): Preloaded drawable resource #0x1080230 (android:drawable/dialog_top_holo_light) that varies with configuration!!
D/dalvikvm(   38): GC_EXPLICIT freed 55K, 27% free 2317K/3156K, paused 2ms+2ms, total 165ms
W/Resources(   38): Preloaded drawable resource #0x10802c2 (android:drawable/ic_dialog_alert_holo_dark) that varies with configuration!!
W/Resources(   38): Preloaded drawable resource #0x10802c3 (android:drawable/ic_dialog_alert_holo_light) that varies with configuration!!
W/Resources(   38): Preloaded drawable resource #0x10803c9 (android:drawable/list_divider_holo_dark) that varies with configuration!!
W/Resources(   38): Preloaded drawable resource #0x10803ca (android:drawable/list_divider_holo_light) that varies with configuration!!
W/Resources(   38): Preloaded drawable resource #0x10803ca (android:drawable/list_divider_holo_light) that varies with configuration!!
W/Resources(   38): Preloaded drawable resource #0x10800bd (android:drawable/ab_transparent_dark_holo) that varies with configuration!!
W/Resources(   38): Preloaded drawable resource #0x10800bb (android:drawable/ab_stacked_transparent_dark_holo) that varies with configuration!!
W/Resources(   38): Preloaded drawable resource #0x10800a1 (android:drawable/ab_bottom_transparent_dark_holo) that varies with configuration!!
D/dalvikvm(   38): GC_EXPLICIT freed 47K, 27% free 2321K/3156K, paused 2ms+5ms, total 96ms
W/Resources(   38): Preloaded drawable resource #0x10800b5 (android:drawable/ab_solid_dark_holo) that varies with configuration!!
W/Resources(   38): Preloaded drawable resource #0x10800b8 (android:drawable/ab_stacked_solid_dark_holo) that varies with configuration!!
W/Resources(   38): Preloaded drawable resource #0x108009e (android:drawable/ab_bottom_solid_dark_holo) that varies with configuration!!
W/Resources(   38): Preloaded drawable resource #0x10800be (android:drawable/ab_transparent_light_holo) that varies with configuration!!
W/Resources(   38): Preloaded drawable resource #0x10800bc (android:drawable/ab_stacked_transparent_light_holo) that varies with configuration!!
W/Resources(   38): Preloaded drawable resource #0x10800a2 (android:drawable/ab_bottom_transparent_light_holo) that varies with configuration!!
W/Resources(   38): Preloaded drawable resource #0x10800b6 (android:drawable/ab_solid_light_holo) that varies with configuration!!
W/Resources(   38): Preloaded drawable resource #0x10800ba (android:drawable/ab_stacked_solid_light_holo) that varies with configuration!!
D/dalvikvm(   38): GC_EXPLICIT freed 53K, 27% free 2322K/3156K, paused 5ms+14ms, total 112ms
W/Resources(   38): Preloaded drawable resource #0x10800a0 (android:drawable/ab_bottom_solid_light_holo) that varies with configuration!!
W/Resources(   38): Preloaded drawable resource #0x10800b7 (android:drawable/ab_solid_shadow_holo) that varies with configuration!!
W/Resources(   38): Preloaded drawable resource #0x10803f0 (android:drawable/list_selector_disabled_holo_dark) that varies with configuration!!
W/Resources(   38): Preloaded drawable resource #0x10803f0 (android:drawable/list_selector_disabled_holo_dark) that varies with configuration!!
W/Resources(   38): Preloaded drawable resource #0x10803d1 (android:drawable/list_pressed_holo_dark) that varies with configuration!!
W/Resources(   38): Preloaded drawable resource #0x10803d0 (android:drawable/list_longpressed_holo) that varies with configuration!!
W/Resources(   38): Preloaded drawable resource #0x10803d0 (android:drawable/list_longpressed_holo) that varies with configuration!!
W/Resources(   38): Preloaded drawable resource #0x10803d1 (android:drawable/list_pressed_holo_dark) that varies with configuration!!
W/Resources(   38): Preloaded drawable resource #0x10803d0 (android:drawable/list_longpressed_holo) that varies with configuration!!
W/Resources(   38): Preloaded drawable resource #0x10803d0 (android:drawable/list_longpressed_holo) that varies with configuration!!
W/Resources(   38): Preloaded drawable resource #0x10803cc (android:drawable/list_focused_holo) that varies with configuration!!
W/Resources(   38): Preloaded drawable resource #0x10803f1 (android:drawable/list_selector_disabled_holo_light) that varies with configuration!!
W/Resources(   38): Preloaded drawable resource #0x10803f1 (android:drawable/list_selector_disabled_holo_light) that varies with configuration!!
W/Resources(   38): Preloaded drawable resource #0x10803d2 (android:drawable/list_pressed_holo_light) that varies with configuration!!
W/Resources(   38): Preloaded drawable resource #0x10803d0 (android:drawable/list_longpressed_holo) that varies with configuration!!
W/Resources(   38): Preloaded drawable resource #0x10803d0 (android:drawable/list_longpressed_holo) that varies with configuration!!
W/Resources(   38): Preloaded drawable resource #0x10803d2 (android:drawable/list_pressed_holo_light) that varies with configuration!!
W/Resources(   38): Preloaded drawable resource #0x10803d0 (android:drawable/list_longpressed_holo) that varies with configuration!!
W/Resources(   38): Preloaded drawable resource #0x10803d0 (android:drawable/list_longpressed_holo) that varies with configuration!!
W/Resources(   38): Preloaded drawable resource #0x10803cc (android:drawable/list_focused_holo) that varies with configuration!!
D/dalvikvm(   38): GC_EXPLICIT freed 31K, 26% free 2359K/3156K, paused 2ms+3ms, total 50ms
W/Resources(   38): Preloaded drawable resource #0x108027a (android:drawable/fastscroll_thumb_pressed_holo) that varies with configuration!!
W/Resources(   38): Preloaded drawable resource #0x1080278 (android:drawable/fastscroll_thumb_default_holo) that varies with configuration!!
W/Resources(   38): Preloaded drawable resource #0x1080278 (android:drawable/fastscroll_thumb_default_holo) that varies with configuration!!
W/Resources(   38): Preloaded drawable resource #0x108027a (android:drawable/fastscroll_thumb_pressed_holo) that varies with configuration!!
D/dalvikvm(   38): GC_EXPLICIT freed 51K, 26% free 2358K/3156K, paused 3ms+14ms, total 111ms
W/Resources(   38): Preloaded drawable resource #0x1080278 (android:drawable/fastscroll_thumb_default_holo) that varies with configuration!!
W/Resources(   38): Preloaded drawable resource #0x108027f (android:drawable/fastscroll_track_pressed_holo_dark) that varies with configuration!!
W/Resources(   38): Preloaded drawable resource #0x108027b (android:drawable/fastscroll_track_default_holo_dark) that varies with configuration!!
W/Resources(   38): Preloaded drawable resource #0x108027b (android:drawable/fastscroll_track_default_holo_dark) that varies with configuration!!
W/Resources(   38): Preloaded drawable resource #0x108027f (android:drawable/fastscroll_track_pressed_holo_dark) that varies with configuration!!
W/Resources(   38): Preloaded drawable resource #0x108027b (android:drawable/fastscroll_track_default_holo_dark) that varies with configuration!!
W/Resources(   38): Preloaded drawable resource #0x1080274 (android:drawable/fastscroll_label_left_holo_dark) that varies with configuration!!
D/dalvikvm(   38): GC_EXPLICIT freed 74K, 26% free 2358K/3156K, paused 4ms+3ms, total 41ms
W/Resources(   38): Preloaded drawable resource #0x1080276 (android:drawable/fastscroll_label_right_holo_dark) that varies with configuration!!
D/dalvikvm(   38): GC_EXPLICIT freed 50K, 26% free 2357K/3156K, paused 2ms+3ms, total 43ms
W/Resources(   38): Preloaded drawable resource #0x1080280 (android:drawable/fastscroll_track_pressed_holo_light) that varies with configuration!!
W/Resources(   38): Preloaded drawable resource #0x108027c (android:drawable/fastscroll_track_default_holo_light) that varies with configuration!!
W/Resources(   38): Preloaded drawable resource #0x108027c (android:drawable/fastscroll_track_default_holo_light) that varies with configuration!!
W/Resources(   38): Preloaded drawable resource #0x1080280 (android:drawable/fastscroll_track_pressed_holo_light) that varies with configuration!!
W/Resources(   38): Preloaded drawable resource #0x108027c (android:drawable/fastscroll_track_default_holo_light) that varies with configuration!!
W/Resources(   38): Preloaded drawable resource #0x1080275 (android:drawable/fastscroll_label_left_holo_light) that varies with configuration!!
D/dalvikvm(   38): GC_EXPLICIT freed 57K, 26% free 2359K/3156K, paused 2ms+3ms, total 31ms
W/Resources(   38): Preloaded drawable resource #0x1080277 (android:drawable/fastscroll_label_right_holo_light) that varies with configuration!!
D/dalvikvm(   38): GC_EXPLICIT freed 50K, 26% free 2358K/3156K, paused 2ms+3ms, total 44ms
W/Resources(   38): Preloaded drawable resource #0x1080259 (android:drawable/editbox_dropdown_background_dark) that varies with configuration!!
W/Resources(   38): Preloaded drawable resource #0x10805f8 (android:drawable/textfield_search_selected_holo_dark) that varies with configuration!!
W/Resources(   38): Preloaded drawable resource #0x10805ec (android:drawable/textfield_search_default_holo_dark) that varies with configuration!!
W/Resources(   38): Preloaded drawable resource #0x10805ec (android:drawable/textfield_search_default_holo_dark) that varies with configuration!!
W/Resources(   38): Preloaded drawable resource #0x10805f5 (android:drawable/textfield_search_right_selected_holo_dark) that varies with configuration!!
W/Resources(   38): Preloaded drawable resource #0x10805f3 (android:drawable/textfield_search_right_default_holo_dark) that varies with configuration!!
W/Resources(   38): Preloaded drawable resource #0x10805f3 (android:drawable/textfield_search_right_default_holo_dark) that varies with configuration!!
W/Resources(   38): Preloaded drawable resource #0x10805f9 (android:drawable/textfield_search_selected_holo_light) that varies with configuration!!
W/Resources(   38): Preloaded drawable resource #0x10805ed (android:drawable/textfield_search_default_holo_light) that varies with configuration!!
W/Resources(   38): Preloaded drawable resource #0x10805ed (android:drawable/textfield_search_default_holo_light) that varies with configuration!!
W/Resources(   38): Preloaded drawable resource #0x10805f6 (android:drawable/textfield_search_right_selected_holo_light) that varies with configuration!!
W/Resources(   38): Preloaded drawable resource #0x10805f4 (android:drawable/textfield_search_right_default_holo_light) that varies with configuration!!
W/Resources(   38): Preloaded drawable resource #0x10805f4 (android:drawable/textfield_search_right_default_holo_light) that varies with configuration!!
W/Resources(   38): Preloaded drawable resource #0x10805f8 (android:drawable/textfield_search_selected_holo_dark) that varies with configuration!!
W/Resources(   38): Preloaded drawable resource #0x10805ec (android:drawable/textfield_search_default_holo_dark) that varies with configuration!!
W/Resources(   38): Preloaded drawable resource #0x10805f5 (android:drawable/textfield_search_right_selected_holo_dark) that varies with configuration!!
W/Resources(   38): Preloaded drawable resource #0x10805f3 (android:drawable/textfield_search_right_default_holo_dark) that varies with configuration!!
W/Resources(   38): Preloaded drawable resource #0x10805f9 (android:drawable/textfield_search_selected_holo_light) that varies with configuration!!
W/Resources(   38): Preloaded drawable resource #0x10805ed (android:drawable/textfield_search_default_holo_light) that varies with configuration!!
W/Resources(   38): Preloaded drawable resource #0x10805f6 (android:drawable/textfield_search_right_selected_holo_light) that varies with configuration!!
W/Resources(   38): Preloaded drawable resource #0x10805f4 (android:drawable/textfield_search_right_default_holo_light) that varies with configuration!!
D/dalvikvm(   38): GC_EXPLICIT freed 47K, 26% free 2364K/3156K, paused 2ms+3ms, total 44ms
W/Resources(   38): Preloaded drawable resource #0x10805c1 (android:drawable/tab_unselected_holo) that varies with configuration!!
W/Resources(   38): Preloaded drawable resource #0x10805bc (android:drawable/tab_selected_holo) that varies with configuration!!
W/Resources(   38): Preloaded drawable resource #0x10805c0 (android:drawable/tab_unselected_focused_holo) that varies with configuration!!
W/Resources(   38): Preloaded drawable resource #0x10805bb (android:drawable/tab_selected_focused_holo) that varies with configuration!!
W/Resources(   38): Preloaded drawable resource #0x10805c2 (android:drawable/tab_unselected_pressed_holo) that varies with configuration!!
W/Resources(   38): Preloaded drawable resource #0x10805bd (android:drawable/tab_selected_pressed_holo) that varies with configuration!!
W/Resources(   38): Preloaded drawable resource #0x10805c2 (android:drawable/tab_unselected_pressed_holo) that varies with configuration!!
W/Resources(   38): Preloaded drawable resource #0x10805bd (android:drawable/tab_selected_pressed_holo) that varies with configuration!!
W/Resources(   38): Preloaded drawable resource #0x10805bd (android:drawable/tab_selected_pressed_holo) that varies with configuration!!
W/Resources(   38): Preloaded drawable resource #0x10805c1 (android:drawable/tab_unselected_holo) that varies with configuration!!
W/Resources(   38): Preloaded drawable resource #0x10805bc (android:drawable/tab_selected_holo) that varies with configuration!!
W/Resources(   38): Preloaded drawable resource #0x10805c0 (android:drawable/tab_unselected_focused_holo) that varies with configuration!!
W/Resources(   38): Preloaded drawable resource #0x10805bb (android:drawable/tab_selected_focused_holo) that varies with configuration!!
W/Resources(   38): Preloaded drawable resource #0x10805c2 (android:drawable/tab_unselected_pressed_holo) that varies with configuration!!
W/Resources(   38): Preloaded drawable resource #0x10805bd (android:drawable/tab_selected_pressed_holo) that varies with configuration!!
W/Resources(   38): Preloaded drawable resource #0x10804a5 (android:drawable/quickcontact_badge_overlay_pressed_dark) that varies with configuration!!
W/Resources(   38): Preloaded drawable resource #0x10804a0 (android:drawable/quickcontact_badge_overlay_focused_dark) that varies with configuration!!
W/Resources(   38): Preloaded drawable resource #0x10804a3 (android:drawable/quickcontact_badge_overlay_normal_dark) that varies with configuration!!
W/Resources(   38): Preloaded drawable resource #0x10804a3 (android:drawable/quickcontact_badge_overlay_normal_dark) that varies with configuration!!
W/Resources(   38): Preloaded drawable resource #0x10804a3 (android:drawable/quickcontact_badge_overlay_normal_dark) that varies with configuration!!
D/dalvikvm(   38): GC_EXPLICIT freed 56K, 26% free 2365K/3156K, paused 3ms+2ms, total 57ms
W/Resources(   38): Preloaded drawable resource #0x10804a5 (android:drawable/quickcontact_badge_overlay_pressed_dark) that varies with configuration!!
W/Resources(   38): Preloaded drawable resource #0x10804a6 (android:drawable/quickcontact_badge_overlay_pressed_light) that varies with configuration!!
W/Resources(   38): Preloaded drawable resource #0x10804a1 (android:drawable/quickcontact_badge_overlay_focused_light) that varies with configuration!!
W/Resources(   38): Preloaded drawable resource #0x10804a4 (android:drawable/quickcontact_badge_overlay_normal_light) that varies with configuration!!
W/Resources(   38): Preloaded drawable resource #0x10804a4 (android:drawable/quickcontact_badge_overlay_normal_light) that varies with configuration!!
W/Resources(   38): Preloaded drawable resource #0x10804a4 (android:drawable/quickcontact_badge_overlay_normal_light) that varies with configuration!!
W/Resources(   38): Preloaded drawable resource #0x10804a6 (android:drawable/quickcontact_badge_overlay_pressed_light) that varies with configuration!!
I/Zygote  (   38): ...preloaded 270 resources in 10141ms.
D/dalvikvm(   38): GC_EXPLICIT freed 48K, 25% free 2369K/3156K, paused 9ms+45ms, total 148ms
I/Zygote  (   38): ...preloaded 31 resources in 301ms.
D/dalvikvm(   38): GC_EXPLICIT freed 9K, 25% free 2377K/3156K, paused 5ms+15ms, total 108ms
D/dalvikvm(   38): GC_EXPLICIT freed 7K, 25% free 2369K/3156K, paused 3ms+2ms, total 134ms
D/dalvikvm(   38): GC_EXPLICIT freed <1K, 25% free 2369K/3156K, paused 4ms+6ms, total 95ms
I/dalvikvm(   38): System server process 325 has been created
I/Zygote  (   38): Accepting command socket connections
E/BatteryService(  325): usbOnlinePath not found
E/BatteryService(  325): wirelessOnlinePath not found
E/BatteryService(  325): batteryVoltagePath not found
E/BatteryService(  325): batteryTemperaturePath not found
I/sysproc (  325): Entered system_init()
I/sysproc (  325): ServiceManager: 0x2a1538e8
D/SensorService(  325): nuSensorService starting...
I/SensorService(  325): Goldfish 3-axis Accelerometer
I/SensorService(  325): Goldfish 3-axis Magnetic field sensor
I/SensorService(  325): Goldfish Orientation sensor
I/SensorService(  325): Goldfish Temperature sensor
I/SensorService(  325): Goldfish Proximity sensor
I/sysproc (  325): System server: starting Android runtime.
I/sysproc (  325): System server: starting Android services.
I/SystemServer(  325): Entered the Android system server!
I/sysproc (  325): System server: entering thread pool.
D/SensorService(  325): nuSensorService thread starting...
I/SystemServer(  325): Enabled StrictMode logging for UI Looper
I/SystemServer(  325): Waiting for installd to be ready.
I/Installer(  325): connecting...
I/installd(   41): new connection
I/SystemServer(  325): Entropy Mixer
I/SystemServer(  325): Enabled StrictMode logging for WM Looper
I/SystemServer(  325): Power Manager
E/PowerManagerService-JNI(  325): Couldn't load power module (No such file or directory)
I/SystemServer(  325): Activity Manager
I/ActivityManager(  325): Memory class: 48
W/UsageStats(  325): Usage stats version changed; dropping
I/ActivityManager(  325): Enabled StrictMode logging for AThread's Looper
I/SystemServer(  325): Display Manager
E/SurfaceFlinger(   37): ro.sf.lcd_density must be defined as a build property
I/DisplayManagerService(  325): Display device added: DisplayDeviceInfo{"Built-in Screen": 480 x 800, 260.416 fps, density 240, 240.0 x 240.0 dpi, touch INTERNAL, FLAG_DEFAULT_DISPLAY, FLAG_ROTATES_WITH_CONTENT, FLAG_SECURE, FLAG_SUPPORTS_PROTECTED_BUFFERS, rotation 0, type BUILT_IN, address null}
I/SystemServer(  325): Telephony Registry
I/SystemServer(  325): Scheduling Policy
I/SystemServer(  325): Package Manager
D/dalvikvm(  325): GC_CONCURRENT freed 314K, 13% free 2546K/2924K, paused 4ms+2ms, total 60ms
D/dalvikvm(  325): WAIT_FOR_CONCURRENT_GC blocked 23ms
W/PackageManager(  325): Running ENG build: no pre-dexopt!
D/dalvikvm(  325): GC_CONCURRENT freed 267K, 11% free 2704K/3008K, paused 5ms+56ms, total 178ms
D/dalvikvm(  325): GC_CONCURRENT freed 135K, 6% free 2983K/3156K, paused 4ms+3ms, total 59ms
W/PackageParser(  325): No actions in intent filter at /system/app/Contacts.apk Binary XML file line #533
D/dalvikvm(  325): GC_CONCURRENT freed 247K, 9% free 3148K/3452K, paused 5ms+13ms, total 309ms
D/dalvikvm(  325): GC_CONCURRENT freed 206K, 8% free 3349K/3612K, paused 4ms+3ms, total 66ms
W/PackageManager(  325): Package com.android.camera desires unavailable shared library com.google.android.media.effects; ignoring!
D/PackageManager(  325): No files in app dir /vendor/app
D/dalvikvm(  325): GC_CONCURRENT freed 220K, 8% free 3600K/3880K, paused 4ms+15ms, total 279ms
W/PackageParser(  325): No actions in intent filter at /data/app/ApiDemos.apk Binary XML file line #2737
W/PackageParser(  325): No actions in intent filter at /data/app/ApiDemos.apk Binary XML file line #2743
W/PackageManager(  325): Package com.example.android.apis desires unavailable shared library com.example.will.never.exist; ignoring!
I/PackageManager(  325): Time to scan packages: 4.617 seconds
W/PackageManager(  325): Unknown permission com.google.android.googleapps.permission.GOOGLE_AUTH.mail in package com.android.contacts
W/PackageManager(  325): Unknown permission android.permission.ADD_SYSTEM_SERVICE in package com.android.phone
W/PackageManager(  325): Unknown permission com.android.smspush.WAPPUSH_MANAGER_BIND in package com.android.phone
W/PackageManager(  325): Unknown permission com.google.android.googleapps.permission.GOOGLE_AUTH in package com.android.providers.calendar
W/PackageManager(  325): Unknown permission com.google.android.googleapps.permission.GOOGLE_AUTH.cl in package com.android.providers.calendar
W/PackageManager(  325): Unknown permission com.google.android.googleapps.permission.GOOGLE_AUTH.mail in package com.android.calendar
W/PackageManager(  325): Not granting permission android.permission.SEND_DOWNLOAD_COMPLETED_INTENTS to package com.android.browser (protectionLevel=2 flags=0x9be45)
W/PackageManager(  325): Not granting permission android.permission.BIND_APPWIDGET to package com.android.widgetpreview (protectionLevel=18 flags=0x8be44)
W/PackageManager(  325): Unknown permission com.google.android.googleapps.permission.GOOGLE_AUTH in package com.android.settings
W/PackageManager(  325): Unknown permission com.google.android.gallery3d.permission.GALLERY_PROVIDER in package com.android.exchange
W/PackageManager(  325): Unknown permission com.google.android.googleapps.permission.ACCESS_GOOGLE_PASSWORD in package com.android.development
W/PackageManager(  325): Unknown permission com.google.android.googleapps.permission.GOOGLE_AUTH in package com.android.development
W/PackageManager(  325): Unknown permission com.google.android.googleapps.permission.GOOGLE_AUTH.ALL_SERVICES in package com.android.development
W/PackageManager(  325): Unknown permission com.google.android.googleapps.permission.GOOGLE_AUTH.YouTubeUser in package com.android.development
W/PackageManager(  325): Unknown permission com.google.android.gallery3d.permission.GALLERY_PROVIDER in package com.android.email
W/PackageManager(  325): Not granting permission android.permission.DEVICE_POWER to package com.android.deskclock (protectionLevel=2 flags=0x8be45)
D/dalvikvm(  325): GC_CONCURRENT freed 256K, 8% free 3731K/4044K, paused 5ms+15ms, total 113ms
D/dalvikvm(  325): GC_EXPLICIT freed 180K, 12% free 3615K/4076K, paused 3ms+14ms, total 171ms
I/SystemServer(  325): User Service
I/SystemServer(  325): Account Manager
I/SystemServer(  325): Content Manager
I/SystemServer(  325): System Content Providers
I/SystemServer(  325): Lights Service
I/SystemServer(  325): Battery Service
I/SystemServer(  325): Vibrator Service
I/libsuspend(  325): Selected early suspend
I/libsuspend(  325): Starting early suspend unblocker thread
D/PermissionCache(   37): checking android.permission.ACCESS_SURFACE_FLINGER for uid=1000 => granted (2159 us)
D/SurfaceFlinger(   37): Screen acquired, type=0 flinger=0x2a007318
D/SurfaceFlinger(   37):  screen was previously acquired
I/SystemServer(  325): Alarm Manager
D/AlarmManagerService(  325): Kernel timezone updated to 0 minutes west of GMT
I/SystemServer(  325): Init Watchdog
I/SystemServer(  325): Input Manager
I/InputManager(  325): Initializing input manager, mUseDevInputEventForAudioJack=false
I/SystemServer(  325): Window Manager
E/SoundPool(  325): error loading /system/media/audio/ui/Lock.ogg
W/KeyguardViewMediator(  325): failed to load lock sound from /system/media/audio/ui/Lock.ogg
E/SoundPool(  325): error loading /system/media/audio/ui/Unlock.ogg
W/KeyguardViewMediator(  325): failed to load unlock sound from /system/media/audio/ui/Unlock.ogg
D/dalvikvm(  325): GC_CONCURRENT freed 259K, 8% free 3798K/4128K, paused 5ms+6ms, total 140ms
I/InputManager(  325): Starting input manager
I/SystemServer(  325): No Bluetooh Service (emulator)
I/SystemServer(  325): Input Method Service
W/InputMethodManagerService(  325): Couldn't create dir.: /data/system/inputmethod
I/EventHub(  325): New device: id=1, fd=89, path='/dev/input/event0', name='qwerty2', classes=0x7, configuration='/system/usr/idc/qwerty2.idc', keyLayout='/system/usr/keylayout/qwerty.kl', keyCharacterMap='/system/usr/keychars/qwerty2.kcm', builtinKeyboard=true, usingSuspendBlockIoctl=false, usingClockIoctl=false
E/EventHub(  325): could not get driver version for /dev/input/mouse0, Not a typewriter
E/EventHub(  325): could not get driver version for /dev/input/mice, Not a typewriter
I/InputReader(  325): Device added: id=-1, name='Virtual', sources=0x00000301
I/InputReader(  325):   Touch device 'qwerty2' could not query the properties of its associated display.  The device will be inoperable until the display size becomes available.
I/InputReader(  325): Device added: id=0, name='qwerty2', sources=0x00001103
E/Trace   (  325): error opening trace file: No such file or directory (2)
I/SystemServer(  325): Accessibility Manager
I/ActivityManager(  325): Config changes=15f8 {1.0 ?mcc?mnc en_US ldltr sw320dp w320dp h508dp 240dpi nrml long port ?uimode ?night finger qwerty/v/v -nav/h s.2}
I/InputReader(  325): Reconfiguring input devices.  changes=0x00000004
I/InputReader(  325): Device reconfigured: id=0, name='qwerty2', size 480x800, orientation 0, mode 1, display id 0
I/SystemServer(  325): Mount Service
D/MountService(  325): got storage path: /mnt/sdcard description: USB storage primary: true removable: false emulated: false mtpReserve: 0 allowMassStorage: false maxFileSize: 0
D/MountService(  325): addVolumeLocked() StorageVolume [mStorageId=0 mPath=/mnt/sdcard mDescriptionId=17040615 mPrimary=true mRemovable=false mEmulated=false mMtpReserveSpace=0 mAllowMassStorage=false mMaxFileSize=0 mOwner=null]
I/SystemServer(  325): LockSettingsService
I/SystemServer(  325): Device Policy
D/dalvikvm(  325): GREF has increased to 201
I/SystemServer(  325): Status Bar
I/SystemServer(  325): Clipboard Service
I/SystemServer(  325): NetworkManagement Service
I/SystemServer(  325): Text Service Manager Service
I/SystemServer(  325): NetworkStats Service
I/SystemServer(  325): NetworkPolicy Service
D/MountService(  325): volume state changed for /mnt/sdcard (null -> unmounted)
I/PackageManager(  325): Updating external media status from unmounted to unmounted
I/SystemServer(  325): Wi-Fi P2pService
W/MountService(  325): getSecureContainerList() called when storage not mounted
I/SystemServer(  325): Wi-Fi Service
I/PackageManager(  325): No secure containers on sdcard
W/PackageManager(  325): Unknown permission com.google.android.googleapps.permission.GOOGLE_AUTH.mail in package com.android.contacts
W/PackageManager(  325): Unknown permission android.permission.ADD_SYSTEM_SERVICE in package com.android.phone
W/PackageManager(  325): Unknown permission com.android.smspush.WAPPUSH_MANAGER_BIND in package com.android.phone
W/PackageManager(  325): Unknown permission com.google.android.googleapps.permission.GOOGLE_AUTH in package com.android.providers.calendar
W/PackageManager(  325): Unknown permission com.google.android.googleapps.permission.GOOGLE_AUTH.cl in package com.android.providers.calendar
W/PackageManager(  325): Unknown permission com.google.android.googleapps.permission.GOOGLE_AUTH.mail in package com.android.calendar
W/PackageManager(  325): Not granting permission android.permission.SEND_DOWNLOAD_COMPLETED_INTENTS to package com.android.browser (protectionLevel=2 flags=0x89be45)
W/PackageManager(  325): Not granting permission android.permission.BIND_APPWIDGET to package com.android.widgetpreview (protectionLevel=18 flags=0x8be44)
W/PackageManager(  325): Unknown permission com.google.android.googleapps.permission.GOOGLE_AUTH in package com.android.settings
W/PackageManager(  325): Unknown permission com.google.android.gallery3d.permission.GALLERY_PROVIDER in package com.android.exchange
W/PackageManager(  325): Unknown permission com.google.android.googleapps.permission.ACCESS_GOOGLE_PASSWORD in package com.android.development
W/PackageManager(  325): Unknown permission com.google.android.googleapps.permission.GOOGLE_AUTH in package com.android.development
W/PackageManager(  325): Unknown permission com.google.android.googleapps.permission.GOOGLE_AUTH.ALL_SERVICES in package com.android.development
W/PackageManager(  325): Unknown permission com.google.android.googleapps.permission.GOOGLE_AUTH.YouTubeUser in package com.android.development
W/PackageManager(  325): Unknown permission com.google.android.gallery3d.permission.GALLERY_PROVIDER in package com.android.email
W/PackageManager(  325): Not granting permission android.permission.DEVICE_POWER to package com.android.deskclock (protectionLevel=2 flags=0x88be45)
D/dalvikvm(  325): GC_CONCURRENT freed 262K, 8% free 3989K/4316K, paused 5ms+14ms, total 220ms
E/CommandListener(   34): Failed to open /proc/sys/net/ipv6/conf/wlan0/disable_ipv6: No such file or directory
E/WifiStateMachine(  325): Failed to disable IPv6: java.lang.IllegalStateException: command '1 interface ipv6 wlan0 disable' failed with '400 1 Failed to change IPv6 state (No such file or directory)'
I/SystemServer(  325): Connectivity Service
D/ConnectivityService(  325): ConnectivityService starting up
E/MobileDataStateTracker(  325): default: Ignoring feature request because could not acquire PhoneService
E/MobileDataStateTracker(  325): default: Could not enable APN type "default"
I/WifiService(  325): WifiService starting up with Wi-Fi disabled
I/SystemServer(  325): Network Service Discovery Service
D/NsdService(  325): Network service discovery enabled true
I/SystemServer(  325): Throttle Service
I/SystemServer(  325): UpdateLock Service
I/SystemServer(  325): Notification Manager
I/SystemServer(  325): Device Storage Monitor
I/SystemServer(  325): Location Manager
I/SystemServer(  325): Country Detector
I/SystemServer(  325): Search Service
I/SystemServer(  325): DropBox Service
I/SystemServer(  325): Wallpaper Service
I/SystemServer(  325): Audio Service
D/dalvikvm(  325): GC_CONCURRENT freed 290K, 8% free 4156K/4516K, paused 5ms+5ms, total 150ms
I/SystemServer(  325): Dock Observer
W/DockObserver(  325): This kernel does not have dock station support
I/SystemServer(  325): Wired Accessory Manager
W/WiredAccessoryManager(  325): This kernel does not have wired headset support
W/WiredAccessoryManager(  325): This kernel does not have usb audio support
W/WiredAccessoryManager(  325): This kernel does not have HDMI audio support
I/SystemServer(  325): USB Service
I/SystemServer(  325): Serial Service
I/SystemServer(  325): Twilight Service
I/SystemServer(  325): UI Mode Manager Service
I/SystemServer(  325): Backup Service
V/BackupManagerService(  325): No ancestral data
I/BackupManagerService(  325): Found stale backup journal, scheduling
I/BackupManagerService(  325):   android
I/BackupManagerService(  325):   com.android.browser
I/BackupManagerService(  325):   com.android.calendar
I/BackupManagerService(  325):   com.android.inputmethod.latin
I/BackupManagerService(  325):   com.android.providers.settings
I/BackupManagerService(  325):   com.android.providers.userdictionary
I/BackupManagerService(  325):   com.android.sharedstoragebackup
I/BackupManagerService(  325): Backup enabled => true
I/SystemServer(  325): AppWidget Service
I/SystemServer(  325): Recognition Service
I/SystemServer(  325): DiskStats Service
I/SystemServer(  325): SamplingProfiler Service
I/SystemServer(  325): NetworkTimeUpdateService
I/SystemServer(  325): CommonTimeManagementService
I/SystemServer(  325): CertBlacklister
I/SystemServer(  325): Dreams Service
I/WindowManager(  325): SAFE MODE not enabled
D/dalvikvm(  325): JIT started for system_server
D/dalvikvm(  325): GC_CONCURRENT freed 315K, 9% free 4237K/4616K, paused 4ms+114ms, total 460ms
I/ActivityManager(  325): System now ready
I/SystemServer(  325): Making services ready
I/Zygote  (  325): Process: zygote socket opened
I/ActivityManager(  325): Start proc com.android.systemui for service com.android.systemui/.SystemUIService: pid=421 uid=10034 gids={50034, 1028, 1015, 3002, 3001}
I/Vold    (   32): /dev/block/vold/179:0 being considered for volume sdcard
D/Vold    (   32): Volume sdcard state changing 1 (Idle-Unmounted) -> 3 (Checking)
D/MountService(  325): volume state changed for /mnt/sdcard (unmounted -> checking)
I//system/bin/fsck_msdos(   32): ** /dev/block/vold/179:0
I//system/bin/fsck_msdos(   32): ** Phase 1 - Read and Compare FATs
I//system/bin/fsck_msdos(   32): Attempting to allocate 794 KB for FAT
D/MountService(  325): sendStorageIntent Intent { act=android.intent.action.MEDIA_CHECKING dat=file:///mnt/sdcard (has extras) } to UserHandle{-1}
D/NetworkManagementService(  325): not enabling bandwidth control
I/keystore(   42): uid: 1000 action: e -> 7 state: 3 -> 3 retry: 4
W/NetworkStats(  325): bandwidth controls disabled, unable to track stats
W/NetworkPolicy(  325): bandwidth controls disabled, unable to enforce policy
I/keystore(   42): uid: 1000 action: e -> 7 state: 3 -> 3 retry: 4
I/ActivityManager(  325): Config changes=200 {1.0 ?mcc?mnc en_US ldltr sw320dp w320dp h508dp 240dpi nrml long port finger qwerty/v/v -nav/h s.3}
W/RecognitionManagerService(  325): no available voice recognition services found for user 0
E/Trace   (  421): error opening trace file: No such file or directory (2)
D/SystemUIService(  421): loading: class com.android.systemui.statusbar.phone.PhoneStatusBar
D/SystemUIService(  421): running: com.android.systemui.statusbar.phone.PhoneStatusBar@40cd2b38
D/dalvikvm(  325): GC_CONCURRENT freed 105K, 4% free 4636K/4804K, paused 6ms+26ms, total 386ms
D/dalvikvm(  325): WAIT_FOR_CONCURRENT_GC blocked 364ms
I/StatusBarManagerService(  325): registerStatusBar bar=com.android.internal.statusbar.IStatusBar$Stub$Proxy@40d88dd8
W/InputMethodManagerService(  325): Ignoring setImeWindowStatus of uid 1000 token: null
W/InputMethodManagerService(  325): Found no subtypes in a system IME: com.android.inputmethod.pinyin
I/ActivityManager(  325): Start proc com.android.inputmethod.latin for service com.android.inputmethod.latin/.LatinIME: pid=459 uid=10010 gids={50010, 1028}
I/CommonTimeManagementService(  325): No common time service detected on this platform.  Common time services will be unavailable.
I/InputReader(  325): Reconfiguring input devices.  changes=0x00000020
W/SocketClient(   34): write error (Broken pipe)
I/ActivityManager(  325): Start proc com.android.phone for added application com.android.phone: pid=478 uid=1001 gids={41001, 3002, 3001, 3003, 1015, 1028}
E/ThrottleService(  325): problem during onPollAlarm: java.lang.IllegalStateException: problem parsing stats: java.io.FileNotFoundException: /proc/net/xt_qtaguid/iface_stat_all: open failed: ENOENT (No such file or directory)
I/InputReader(  325): Reconfiguring input devices.  changes=0x00000010
I/ActivityManager(  325): START u0 {act=android.intent.action.MAIN cat=[android.intent.category.HOME] flg=0x10000000 cmp=com.android.launcher/com.android.launcher2.Launcher} from pid 0
D/dalvikvm(  325): GC_CONCURRENT freed 386K, 9% free 4820K/5268K, paused 6ms+209ms, total 677ms
D/dalvikvm(  325): WAIT_FOR_CONCURRENT_GC blocked 14ms
D/dalvikvm(  325): WAIT_FOR_CONCURRENT_GC blocked 441ms
D/dalvikvm(  325): WAIT_FOR_CONCURRENT_GC blocked 275ms
D/dalvikvm(  325): WAIT_FOR_CONCURRENT_GC blocked 444ms
D/dalvikvm(  325): WAIT_FOR_CONCURRENT_GC blocked 378ms
I/ActivityManager(  325): Start proc com.android.launcher for activity com.android.launcher/com.android.launcher2.Launcher: pid=498 uid=10020 gids={50020, 1028}
I/SystemServer(  325): Enabled StrictMode for system server main thread.
E/Trace   (  459): error opening trace file: No such file or directory (2)
E/Trace   (  478): error opening trace file: No such file or directory (2)
D/dalvikvm(  325): GC_FOR_ALLOC freed 55K, 9% free 5032K/5476K, paused 400ms, total 401ms
E/Trace   (  498): error opening trace file: No such file or directory (2)
D/dalvikvm(  421): GC_FOR_ALLOC freed 90K, 6% free 2664K/2812K, paused 584ms, total 606ms
I/dalvikvm-heap(  421): Grow heap (frag case) to 3.259MB for 635812-byte allocation
D/dalvikvm(  421): GC_CONCURRENT freed 5K, 5% free 3280K/3436K, paused 4ms+2ms, total 66ms
D/dalvikvm(  325): GC_CONCURRENT freed 322K, 7% free 5376K/5764K, paused 6ms+12ms, total 496ms
D/dalvikvm(  325): WAIT_FOR_CONCURRENT_GC blocked 131ms
D/dalvikvm(  325): WAIT_FOR_CONCURRENT_GC blocked 173ms
I/LatinIME(  459): Hardware accelerated drawing: false
E/SurfaceFlinger(   37): ro.sf.lcd_density must be defined as a build property
D/gralloc_goldfish(  325): Emulator without GPU emulation detected.
I/Choreographer(  325): Skipped 2253 frames!  The application may be doing too much work on its main thread.
W/TelephonyProvider(  478): onCreate: confFile=/system/etc/apns-conf.xml oldCheckSum=-1
D/TelephonyManager(  478): getLteOnCdmaMode=0 curVal=-1 product_type='' lteOnCdmaProductType=''
E/BluetoothAdapter(  421): Bluetooth binder is null
E/BluetoothAdapter(  421): Bluetooth binder is null
D/TelephonyManager(  478): getLteOnCdmaMode=0 curVal=-1 product_type='' lteOnCdmaProductType=''
D/TelephonyManager(  478): getLteOnCdmaMode=0 curVal=-1 product_type='' lteOnCdmaProductType=''
D/dalvikvm(  325): GREF has increased to 301
E/BluetoothAdapter(  421): Bluetooth binder is null
W/InputAttributes(  459): No editor info for this field. Bug?
V/TAG     (  325): bug 7643792: fitSystemWindows([0,0][0,0])
V/TAG     (  325): bug 7643792: fitSystemWindows([0,0][0,0])
E/ActivityThread(  459): Failed to find provider info for com.android.inputmethod.latin.dictionarypack
E/BinaryDictionaryGetter(  459): Could not find a dictionary pack
D/dalvikvm(  325): GC_CONCURRENT freed 667K, 12% free 5439K/6172K, paused 14ms+186ms, total 628ms
I/Choreographer(  325): Skipped 168 frames!  The application may be doing too much work on its main thread.
I/ActivityManager(  325): Start proc android.process.acore for content provider com.android.providers.userdictionary/.UserDictionaryProvider: pid=541 uid=10001 gids={50001, 3003, 1015, 1028}
D/dalvikvm(  459): GC_CONCURRENT freed 273K, 12% free 2512K/2844K, paused 795ms+2ms, total 1001ms
E/SurfaceFlinger(   37): ro.sf.lcd_density must be defined as a build property
W/InputMethodManagerService(  325): Found no subtypes in a system IME: com.android.inputmethod.pinyin
D/dalvikvm(  421): GC_CONCURRENT freed 66K, 4% free 3645K/3772K, paused 43ms+32ms, total 280ms
E/StrictMode(  459): A resource was acquired at attached stack trace but never released. See java.io.Closeable for information on avoiding resource leaks.
E/StrictMode(  459): java.lang.Throwable: Explicit termination method 'close' not called
E/StrictMode(  459): 	at dalvik.system.CloseGuard.open(CloseGuard.java:184)
E/StrictMode(  459): 	at android.os.ParcelFileDescriptor.<init>(ParcelFileDescriptor.java:412)
E/StrictMode(  459): 	at android.content.res.AssetManager.openNonAssetFdNative(Native Method)
E/StrictMode(  459): 	at android.content.res.AssetManager.openNonAssetFd(AssetManager.java:428)
E/StrictMode(  459): 	at android.content.res.Resources.openRawResourceFd(Resources.java:979)
E/StrictMode(  459): 	at com.android.inputmethod.latin.BinaryDictionaryGetter.loadFallbackResource(BinaryDictionaryGetter.java:183)
E/StrictMode(  459): 	at com.android.inputmethod.latin.BinaryDictionaryGetter.getDictionaryFiles(BinaryDictionaryGetter.java:456)
E/StrictMode(  459): 	at com.android.inputmethod.latin.DictionaryFactory.createMainDictionaryFromManager(DictionaryFactory.java:57)
E/StrictMode(  459): 	at com.android.inputmethod.latin.DictionaryFactory.createMainDictionaryFromManager(DictionaryFactory.java:87)
E/StrictMode(  459): 	at com.android.inputmethod.latin.Suggest$1.run(Suggest.java:108)
W/WindowManager(  325): Window freeze timeout expired.
W/WindowManager(  325): Force clearing orientation change: Window{40edb650 u0 Keyguard}
W/Settings(  478): Setting airplane_mode_on has moved from android.provider.Settings.System to android.provider.Settings.Global, returning read-only value.
W/Settings(  478): Setting auto_time has moved from android.provider.Settings.System to android.provider.Settings.Global, returning read-only global URI.
W/Settings(  478): Setting auto_time_zone has moved from android.provider.Settings.System to android.provider.Settings.Global, returning read-only global URI.
D/dalvikvm(  325): GC_FOR_ALLOC freed 212K, 13% free 5392K/6172K, paused 123ms, total 125ms
I/dalvikvm-heap(  325): Grow heap (frag case) to 6.402MB for 1128976-byte allocation
D/dalvikvm(  325): GC_FOR_ALLOC freed 4K, 11% free 6491K/7276K, paused 116ms, total 116ms
W/ActivityManager(  325): Unable to start service Intent { act=com.android.internal.telephony.IWapPushManager } U=0: not found
I/Choreographer(  325): Skipped 110 frames!  The application may be doing too much work on its main thread.
D/        (  478): [ApnContext:default] set reason as dataEnabled,current state IDLE
D/        (  478): [ApnContext:default] setRetryCount: 0
D/        (  478): [ApnContext:mms] set reason as dataEnabled,current state IDLE
D/        (  478): [ApnContext:mms] setRetryCount: 0
D/dalvikvm(  325): GC_CONCURRENT freed 119K, 11% free 6501K/7276K, paused 32ms+47ms, total 1109ms
E/Trace   (  541): error opening trace file: No such file or directory (2)
D/        (  478): [ApnContext:supl] set reason as dataEnabled,current state IDLE
D/        (  478): [ApnContext:supl] setRetryCount: 0
I/Choreographer(  325): Skipped 771 frames!  The application may be doing too much work on its main thread.
D/        (  478): [ApnContext:hipri] set reason as dataEnabled,current state IDLE
D/        (  478): [ApnContext:hipri] setRetryCount: 0
D/        (  478): [ApnContext:fota] set reason as dataEnabled,current state IDLE
D/        (  478): [ApnContext:fota] setRetryCount: 0
I/LocationBlacklist(  325): whitelist: []
I/LocationBlacklist(  325): blacklist: []
D/        (  478): [ApnContext:ims] set reason as dataEnabled,current state IDLE
D/        (  478): [ApnContext:ims] setRetryCount: 0
D/        (  478): [ApnContext:cbs] set reason as dataEnabled,current state IDLE
D/        (  478): [ApnContext:cbs] setRetryCount: 0
D/dalvikvm(  478): GC_CONCURRENT freed 196K, 10% free 2562K/2816K, paused 5ms+25ms, total 95ms
E/BluetoothAdapter(  421): Bluetooth binder is null
I//system/bin/fsck_msdos(   32): Attempting to allocate 794 KB for FAT
D/dalvikvm(  498): GC_CONCURRENT freed 182K, 9% free 2613K/2852K, paused 10ms+12ms, total 120ms
D/TelephonyManager(  478): getLteOnCdmaMode=0 curVal=-1 product_type='' lteOnCdmaProductType=''
I/Choreographer(  325): Skipped 237 frames!  The application may be doing too much work on its main thread.
D/CallManager(  478): registerPhone(GSM Handler (com.android.internal.telephony.PhoneProxy) {40d02490})
E/BluetoothAdapter(  478): Bluetooth binder is null
D/PhoneStatusBar(  421): disable: < expand icons alerts ticker system_info back home recent clock search >
E/BluetoothAdapter(  478): Bluetooth binder is null
I/ActivityManager(  325): Start proc com.android.music for broadcast com.android.music/.MediaButtonIntentReceiver: pid=594 uid=10025 gids={50025, 3003, 1015, 1028}
E/BluetoothAdapter(  421): Bluetooth binder is null
D/SystemUIService(  421): loading: class com.android.systemui.power.PowerUI
W/ActivityManager(  325): Activity idle timeout for ActivityRecord{40f87d48 u0 com.android.launcher/com.android.launcher2.Launcher}
D/SystemUIService(  421): running: com.android.systemui.power.PowerUI@40e40438
D/SystemUIService(  421): loading: class com.android.systemui.media.RingtonePlayer
I/dalvikvm(  594): Turning on JNI app bug workarounds for target SDK version 9...
E/BluetoothAdapter(  325): Bluetooth binder is null
E/BluetoothAdapter(  325): Bluetooth binder is null
V/WiredAccessoryManager(  325): init()
E/SoundPool(  325): error loading /system/media/audio/ui/Effect_Tick.ogg
W/AudioService(  325): Soundpool could not load file: /system/media/audio/ui/Effect_Tick.ogg
E/SoundPool(  325): error loading /system/media/audio/ui/Effect_Tick.ogg
W/AudioService(  325): Soundpool could not load file: /system/media/audio/ui/Effect_Tick.ogg
E/SoundPool(  325): error loading /system/media/audio/ui/Effect_Tick.ogg
W/AudioService(  325): Soundpool could not load file: /system/media/audio/ui/Effect_Tick.ogg
E/SoundPool(  325): error loading /system/media/audio/ui/Effect_Tick.ogg
W/AudioService(  325): Soundpool could not load file: /system/media/audio/ui/Effect_Tick.ogg
E/SoundPool(  325): error loading /system/media/audio/ui/Effect_Tick.ogg
W/AudioService(  325): Soundpool could not load file: /system/media/audio/ui/Effect_Tick.ogg
E/SoundPool(  325): error loading /system/media/audio/ui/KeypressStandard.ogg
W/AudioService(  325): Soundpool could not load file: /system/media/audio/ui/KeypressStandard.ogg
E/SoundPool(  325): error loading /system/media/audio/ui/KeypressSpacebar.ogg
W/AudioService(  325): Soundpool could not load file: /system/media/audio/ui/KeypressSpacebar.ogg
E/SoundPool(  325): error loading /system/media/audio/ui/KeypressDelete.ogg
W/AudioService(  325): Soundpool could not load file: /system/media/audio/ui/KeypressDelete.ogg
E/SoundPool(  325): error loading /system/media/audio/ui/KeypressReturn.ogg
W/AudioService(  325): Soundpool could not load file: /system/media/audio/ui/KeypressReturn.ogg
W/AudioService(  325): loadSoundEffects(), Error -1 while loading samples
D/SystemUIService(  421): running: com.android.systemui.media.RingtonePlayer@40e41298
I/Choreographer(  421): Skipped 3247 frames!  The application may be doing too much work on its main thread.
D/dalvikvm(  541): GC_CONCURRENT freed 180K, 9% free 2611K/2848K, paused 14ms+2ms, total 255ms
E/Trace   (  594): error opening trace file: No such file or directory (2)
I/ActivityManager(  325): Start proc com.android.contacts for broadcast com.android.contacts/.calllog.CallLogReceiver: pid=629 uid=10001 gids={50001, 3003, 1015, 1028}
E/SurfaceFlinger(   37): ro.sf.lcd_density must be defined as a build property
D/dalvikvm(  325): GC_CONCURRENT freed 1949K, 27% free 5493K/7504K, paused 6ms+237ms, total 1453ms
I/AudioService(  325):   Remote Control   registerMediaButtonIntent() for PendingIntent{411b2198: PendingIntentRecord{411b6f18 com.android.music broadcastIntent}}
D/PhoneStatusBar(  421): disable: < expand icons alerts ticker system_info BACK* HOME* RECENT* CLOCK* SEARCH* >
I/ActivityManager(  325): Start proc android.process.media for content provider com.android.providers.media/.MediaProvider: pid=643 uid=10000 gids={50000, 1015, 1023, 1024, 1028, 1006, 2001, 3003, 3007}
V/TAG     (  325): bug 7643792: fitSystemWindows([0,38][0,0])
I/Choreographer(  325): Skipped 49 frames!  The application may be doing too much work on its main thread.
E/Trace   (  643): error opening trace file: No such file or directory (2)
E/Trace   (  629): error opening trace file: No such file or directory (2)
W/WindowManager(  325): Window freeze timeout expired.
W/WindowManager(  325): Force clearing orientation change: Window{4103af58 u0 StatusBar}
D/dalvikvm(  325): GREF has increased to 401
I/DownloadManager(  643): in removeSpuriousFiles
D/dalvikvm(  498): GC_CONCURRENT freed 90K, 5% free 2989K/3136K, paused 4ms+3ms, total 372ms
D/dalvikvm(  478): GC_CONCURRENT freed 298K, 12% free 2651K/3004K, paused 4ms+3ms, total 88ms
D/DebugService(  478): DebugService DebugService:
D/TelephonyDebugService(  478): TelephonyDebugService()
