D/dalvikvm(  802): Note: class Landroid/app/ActivityManagerNative; has 157 unimplemented (abstract) methods
D/dalvikvm(  855): Not late-enabling CheckJNI (already on)
I/ActivityManager(  308): Start proc it.unina.android.ripper_service:android_ripper_service_process for service it.unina.android.ripper_service/.AndroidRipperService: pid=855 uid=10049 gids={50049, 3003, 1028}
D/AndroidRuntime(  802): Shutting down VM
D/dalvikvm(  802): GC_CONCURRENT freed 91K, 16% free 490K/584K, paused 1ms+1ms, total 10ms
E/Trace   (  830): error opening trace file: No such file or directory (2)
E/Trace   (  838): error opening trace file: No such file or directory (2)
E/Trace   (  855): error opening trace file: No such file or directory (2)
D/dalvikvm(  743): GC_CONCURRENT freed 217K, 7% free 3831K/4112K, paused 5ms+83ms, total 144ms
E/BluetoothAdapter(  743): Bluetooth binder is null
D/SystemUIService(  743): loading: class com.android.systemui.power.PowerUI
D/SystemUIService(  743): running: com.android.systemui.power.PowerUI@40dcc798
D/SystemUIService(  743): loading: class com.android.systemui.media.RingtonePlayer
D/SystemUIService(  743): running: com.android.systemui.media.RingtonePlayer@40cd51d8
V/AndroidRipperService(  855): onCreate()
E/SurfaceFlinger(   37): ro.sf.lcd_density must be defined as a build property
V/SERVER  (  855): Starting ServerSocket on PORT 8888
V/SERVER  (  855): Started ServerSocket on PORT 8888
D/dalvikvm(  743): GC_FOR_ALLOC freed 25K, 7% free 3832K/4112K, paused 119ms, total 137ms
I/dalvikvm-heap(  743): Grow heap (frag case) to 9.914MB for 6410576-byte allocation
D/dalvikvm(  743): GC_FOR_ALLOC freed <1K, 3% free 10092K/10376K, paused 51ms, total 51ms
I/ActivityManager(  308): Start proc com.android.mms for broadcast com.android.mms/.transaction.MmsSystemEventReceiver: pid=879 uid=10029 gids={50029, 3003, 1015, 1028}
D/dalvikvm(  743): GC_CONCURRENT freed 0K, 3% free 10092K/10376K, paused 4ms+3ms, total 95ms
E/Trace   (  879): error opening trace file: No such file or directory (2)
V/SERVER  (  855): Ready to accept connections on port: 8888
D/ExchangeService(  830): !!! EAS ExchangeService, onCreate
D/CountryDetector(  308): The first listener is added
V/MmsConfig(  879): mnc/mcc: 310260
V/MmsConfig(  879): tag: bool value: enabledMMS - true
V/MmsConfig(  879): tag: int value: maxMessageSize - 307200
V/MmsConfig(  879): tag: int value: maxImageHeight - 480
V/MmsConfig(  879): tag: int value: maxImageWidth - 640
V/MmsConfig(  879): tag: int value: defaultSMSMessagesPerThread - 500
V/MmsConfig(  879): tag: int value: defaultMMSMessagesPerThread - 50
V/MmsConfig(  879): tag: int value: minMessageCountPerThread - 10
V/MmsConfig(  879): tag: int value: maxMessageCountPerThread - 5000
V/MmsConfig(  879): tag: string value: uaProfUrl - http://www.google.com/oha/rdf/ua-profile-kila.xml
V/MmsConfig(  879): tag: int value: recipientLimit - -1
V/MmsConfig(  879): tag: bool value: enableMultipartSMS - true
V/MmsConfig(  879): tag: int value: smsToMmsTextThreshold - -1
V/MmsConfig(  879): tag: bool value: enableSlideDuration - true
V/MmsConfig(  879): tag: int value: maxMessageTextSize - -1
D/AndroidRuntime(  899): 
D/AndroidRuntime(  899): >>>>>> AndroidRuntime START com.android.internal.os.RuntimeInit <<<<<<
D/AndroidRuntime(  899): CheckJNI is ON
D/dalvikvm(  899): Trying to load lib libjavacore.so 0x0
D/dalvikvm(  899): Added shared lib libjavacore.so 0x0
D/dalvikvm(  743): GC_FOR_ALLOC freed <1K, 3% free 10092K/10376K, paused 211ms, total 211ms
D/dalvikvm(  899): Trying to load lib libnativehelper.so 0x0
D/dalvikvm(  899): Added shared lib libnativehelper.so 0x0
I/dalvikvm-heap(  743): Grow heap (frag case) to 12.612MB for 2828816-byte allocation
D/dalvikvm(  743): GC_CONCURRENT freed 0K, 3% free 12854K/13140K, paused 5ms+4ms, total 137ms
D/dalvikvm(  743): WAIT_FOR_CONCURRENT_GC blocked 92ms
D/gralloc_goldfish(  743): Emulator without GPU emulation detected.
D/dalvikvm(  308): GREF has increased to 501
I/Choreographer(  743): Skipped 1688 frames!  The application may be doing too much work on its main thread.
D/AndroidRuntime(  899): Calling main entry com.android.commands.am.Am
D/dalvikvm(  899): Note: class Landroid/app/ActivityManagerNative; has 157 unimplemented (abstract) methods
I/ActivityManager(  308): Force stopping package net.mandaria.tippytipper appid=10048 user=0
D/dalvikvm(  922): Not late-enabling CheckJNI (already on)
I/ActivityManager(  308): Start proc net.mandaria.tippytipper for added application net.mandaria.tippytipper: pid=922 uid=10048 gids={50048, 1015, 3003, 1028}
I/dalvikvm(  922): Turning on JNI app bug workarounds for target SDK version 4...
E/Trace   (  922): error opening trace file: No such file or directory (2)
E/SurfaceFlinger(   37): ro.sf.lcd_density must be defined as a build property
V/        (  855): ready
I/Choreographer(  743): Skipped 458 frames!  The application may be doing too much work on its main thread.
I/Choreographer(  308): Skipped 32 frames!  The application may be doing too much work on its main thread.
D/Eas Debug(  830): Logging: 
I/Choreographer(  308): Skipped 56 frames!  The application may be doing too much work on its main thread.
D/dalvikvm(  922): GC_CONCURRENT freed 220K, 10% free 2612K/2892K, paused 5ms+110ms, total 361ms
W/dalvikvm(  879): threadid=5: spin on suspend #1 threadid=16 (pcf=0)
D/dalvikvm(  879): Temporarily moving tid 907 to fg (was 0)
I/Choreographer(  308): Skipped 141 frames!  The application may be doing too much work on its main thread.
I/System.out(  922): EMMA: collecting runtime coverage data ...
D/PolideaInstrumentationTestRunner(  922): Creating the Test Runner with arguments: [coverage, class]
D/PolideaInstrumentationTestRunner(  922): Test runner is running with the following parameters:
D/PolideaInstrumentationTestRunner(  922): junitOutputDirectory: /data/data/net.mandaria.tippytipper/files
D/PolideaInstrumentationTestRunner(  922): junitOutputFilePostfix: -TEST.xml
D/PolideaInstrumentationTestRunner(  922): junitNoPackagePrefix: NO_PACKAGE
D/PolideaInstrumentationTestRunner(  922): junitSplitLevel: package
D/PolideaInstrumentationTestRunner(  922): junitSingleFileName: ALL-TEST.xml
D/PolideaInstrumentationTestRunner(  922): Creating output directory if it does not exist
D/PolideaInstrumentationTestRunner(  922): Created directory? false
D/PolideaInstrumentationTestRunner(  922): Deleting old files
D/PolideaInstrumentationTestRunner(  922): Deleting: [/data/data/net.mandaria.tippytipper/files/it.unina.android.ripper-TEST.xml]
W/SoundPool(  308):   sample 0 not READY
D/PhoneStatusBar(  743): disable: < expand icons alerts ticker system_info BACK HOME recent* CLOCK search* >
I/ARMAssembler(   37): generated scanline__00000077:03515104_00009002_00000000 [127 ipp] (149 ins) at [0x40c381f0:0x40c38444] in 8396001 ns
I/ARMAssembler(   37): generated scanline__00000077:03515104_00009001_00000000 [131 ipp] (153 ins) at [0x40c38450:0x40c386b4] in 2369000 ns
D/ExchangeService(  830): !!! EAS ExchangeService, onStartCommand, startingUp = false, running = false
I/ActivityManager(  308): Start proc com.android.settings for broadcast com.android.settings/.widget.SettingsAppWidgetProvider: pid=943 uid=1000 gids={41000, 1015, 1028, 3002, 3001, 3003}
I/Choreographer(  308): Skipped 137 frames!  The application may be doing too much work on its main thread.
D/dalvikvm(  879): Temporarily raised priority on tid 907 (19 -> 0)
W/dalvikvm(  879): threadid=5: spin on suspend #2 threadid=16 (pcf=3)
I/dalvikvm(  879): "Compiler" daemon prio=5 tid=5 VMWAIT
V/TAG     (  308): bug 7643792: fitSystemWindows([0,38][0,0])
I/dalvikvm(  879):   | group="system" sCount=0 dsCount=0 obj=0x40ccb7b0 self=0x2a1bc638
I/dalvikvm(  879):   | sysTid=886 nice=0 sched=0/0 cgrp=apps/bg_non_interactive handle=704808696
D/PolideaInstrumentationTestRunner(  922): Getting android test runner
D/PolideaInstrumentationTestRunner(  922): JUnit test output enabled
W/dalvikvm(  922): method Landroid/test/InstrumentationTestRunner$StringResultPrinter;.print incorrectly overrides package-private method with same name in Ljunit/textui/ResultPrinter;
D/PolideaInstrumentationTestRunner(  922): Starting test: testApplication(it.unina.android.ripper.RipperTestCase)
I/TestRunner(  922): started: testApplication(it.unina.android.ripper.RipperTestCase)
V/AndroidRipperService(  855): onBind()
V/RipperService(  855): PING
V/AndroidRipperService(  855): register()
I/ActivityManager(  308): START u0 {act=android.intent.action.MAIN flg=0x10000000 cmp=net.mandaria.tippytipper/.activities.TippyTipper} from pid 922
V/AndroidRipperService(  855): onBind()
V/AndroidRipperService(  855): mHandler.handleMessage() RECIVED
V/AndroidRipperService(  855): broadcast()
I/AndroidRipper(  922): Recived message: PING
V/RipperTestCase(  922): Not ready to operate!
V/AndroidRipperService(  855): broadcast() done
V/        (  855): ready
V/RipperService(  855): PING
V/AndroidRipperService(  855): mHandler.handleMessage() RECIVED
V/AndroidRipperService(  855): broadcast()
I/AndroidRipper(  922): Recived message: PING
V/RipperTestCase(  922): Not ready to operate!
V/AndroidRipperService(  855): broadcast() done
V/        (  855): ready
I/dalvikvm(  879):   | state=R schedstat=( 5868000 2636076226 26 ) utm=0 stm=0 core=0
I/dalvikvm(  879):   #00  pc 000012a0  /system/lib/libcorkscrew.so (unwind_backtrace_thread+27)
I/dalvikvm(  879):   #01  pc 0005faa8  /system/lib/libdvm.so (dvmDumpNativeStack(DebugOutputTarget const*, int)+35)
I/dalvikvm(  879):   #02  pc 00053914  /system/lib/libdvm.so (dvmDumpThreadEx(DebugOutputTarget const*, Thread*, bool)+303)
I/dalvikvm(  879):   #03  pc 000539ae  /system/lib/libdvm.so (dvmDumpThread(Thread*, bool)+25)
I/dalvikvm(  879):   #04  pc 00054250  /system/lib/libdvm.so
I/dalvikvm(  879):   #05  pc 000543fe  /system/lib/libdvm.so (dvmSuspendAllThreads(SuspendCause)+165)
I/dalvikvm(  879):   #06  pc 0007274c  /system/lib/libdvm.so
I/dalvikvm(  879):   #07  pc 00053c68  /system/lib/libdvm.so
I/dalvikvm(  879):   #08  pc 0000e3b8  /system/lib/libc.so (__thread_entry+72)
I/dalvikvm(  879):   #09  pc 0000dab0  /system/lib/libc.so (pthread_create+160)
I/dalvikvm(  879):   at dalvik.system.NativeStart.run(Native Method)
I/dalvikvm(  879): 
I/dalvikvm(  879): "Conversation.init" prio=1 tid=16 SUSPENDED
I/dalvikvm(  879):   | group="main" sCount=1 dsCount=0 obj=0x40d01cc0 self=0x2a19b540
I/dalvikvm(  879):   | sysTid=907 nice=0 sched=0/0 cgrp=apps handle=705980520
I/dalvikvm(  879):   | state=S schedstat=( 967000 4166744364 4 ) utm=0 stm=0 core=0
I/dalvikvm(  879):   at java.lang.Thread.run(Thread.java:~855)
E/Trace   (  943): error opening trace file: No such file or directory (2)
D/ExchangeService(  830): !!! EAS ExchangeService, onStartCommand, startingUp = true, running = false
I/dalvikvm(  308): Jit: resizing JitTable from 4096 to 8192
E/SurfaceFlinger(   37): ro.sf.lcd_density must be defined as a build property
I/AccountTypeManager(  605): Loaded meta-data for 1 account types, 0 accounts in 15777ms(wall) 44ms(cpu)
V/RipperService(  855): PING
V/AndroidRipperService(  855): mHandler.handleMessage() RECIVED
V/AndroidRipperService(  855): broadcast()
I/AndroidRipper(  922): Recived message: PING
V/RipperTestCase(  922): Not ready to operate!
V/AndroidRipperService(  855): broadcast() done
V/        (  855): ready
W/ActivityManager(  308): Activity pause timeout for ActivityRecord{40e806d8 u0 com.android.launcher/com.android.launcher2.Launcher}
D/dalvikvm(  922): GC_CONCURRENT freed 310K, 12% free 2707K/3072K, paused 4ms+2ms, total 128ms
E/BluetoothAdapter(  943): Bluetooth binder is null
E/JavaBinder(  743): *** Uncaught remote exception!  (Exceptions are not yet supported across processes.)
E/JavaBinder(  743): java.lang.RuntimeException: android.os.DeadObjectException
E/JavaBinder(  743): 	at android.os.Parcel.writeException(Parcel.java:1326)
E/JavaBinder(  743): 	at android.os.Binder.execTransact(Binder.java:354)
E/JavaBinder(  743): 	at dalvik.system.NativeStart.run(Native Method)
E/JavaBinder(  743): Caused by: android.os.DeadObjectException
E/JavaBinder(  743): 	at android.os.BinderProxy.transact(Native Method)
E/JavaBinder(  743): 	at android.content.IIntentReceiver$Stub$Proxy.performReceive(IIntentReceiver.java:124)
E/JavaBinder(  743): 	at android.app.ActivityThread$ApplicationThread.scheduleRegisteredReceiver(ActivityThread.java:809)
E/JavaBinder(  743): 	at android.app.ApplicationThreadNative.onTransact(ApplicationThreadNative.java:383)
E/JavaBinder(  743): 	at android.os.Binder.execTransact(Binder.java:351)
E/JavaBinder(  743): 	... 1 more
D/FlurryAgent(  922): Starting new session
D/FlurryAgent(  922): Sending report to: http://data.flurry.com/aar.do
D/PhoneStatusBar(  743): disable: < expand icons alerts ticker system_info back* home* recent clock* search >
E/SurfaceFlinger(   37): ro.sf.lcd_density must be defined as a build property
V/PhoneStatusBar(  743): setLightsOn(true)
D/gralloc_goldfish(  922): Emulator without GPU emulation detected.
I/ActivityManager(  308): Displayed net.mandaria.tippytipper/.activities.TippyTipper: +1s790ms (total +60s694ms)
V/RipperService(  855): PING
V/AndroidRipperService(  855): mHandler.handleMessage() RECIVED
V/AndroidRipperService(  855): broadcast()
I/AndroidRipper(  922): Recived message: PING
V/RipperTestCase(  922): Not ready to operate!
V/AndroidRipperService(  855): broadcast() done
V/        (  855): ready
D/FlurryAgent(  922): Report successful
I/Choreographer(  922): Skipped 135 frames!  The application may be doing too much work on its main thread.
I/dalvikvm(  879): 
W/dalvikvm(  879): threadid=5: spin on suspend resolved in 6577 msec
D/dalvikvm(  879): Restored policy of 907 to 0
D/dalvikvm(  879): Restored priority on 907 to 19
D/Mms:app (  879): cancelNotification
D/ExchangeService(  830): Received deviceId from Email app: androidc259148960
D/ExchangeService(  830): Reconciling accounts...
D/ExchangeService(  830): !!! EAS ExchangeService, onStartCommand, startingUp = true, running = false
D/Eas Debug(  830): Logging: 
D/GpsLocationProvider(  308): NTP server returned: 1483173736724 (Sat Dec 31 08:42:16 GMT 2016) reference: 119522 certainty: 10 system time offset: -15329
D/MmsSmsDatabaseHelper(  460): [MmsSmsDb] tableName: threads hasAutoIncrement: CREATE TABLE threads (_id INTEGER PRIMARY KEY AUTOINCREMENT,date INTEGER DEFAULT 0,message_count INTEGER DEFAULT 0,recipient_ids TEXT,snippet TEXT,snippet_cs INTEGER DEFAULT 0,read INTEGER DEFAULT 1,type INTEGER DEFAULT 0,error INTEGER DEFAULT 0,has_attachment INTEGER DEFAULT 0) result: true
D/MmsSmsDatabaseHelper(  460): [MmsSmsDb] tableName: canonical_addresses hasAutoIncrement: CREATE TABLE canonical_addresses (_id INTEGER PRIMARY KEY AUTOINCREMENT,address TEXT) result: true
D/MmsSmsDatabaseHelper(  460): [MmsSmsDb] tableName: part hasAutoIncrement: CREATE TABLE part (_id INTEGER PRIMARY KEY AUTOINCREMENT,mid INTEGER,seq INTEGER DEFAULT 0,ct TEXT,name TEXT,chset INTEGER,cd TEXT,fn TEXT,cid TEXT,cl TEXT,ctt_s INTEGER,ctt_t TEXT,_data TEXT,text TEXT) result: true
D/MmsSmsDatabaseHelper(  460): [MmsSmsDb] tableName: pdu hasAutoIncrement: CREATE TABLE pdu (_id INTEGER PRIMARY KEY AUTOINCREMENT,thread_id INTEGER,date INTEGER,date_sent INTEGER DEFAULT 0,msg_box INTEGER,read INTEGER DEFAULT 0,m_id TEXT,sub TEXT,sub_cs INTEGER,ct_t TEXT,ct_l TEXT,exp INTEGER,m_cls TEXT,m_type INTEGER,v INTEGER,m_size INTEGER,pri INTEGER,rr INTEGER,rpt_a INTEGER,resp_st INTEGER,st INTEGER,tr_id TEXT,retr_st INTEGER,retr_txt TEXT,retr_txt_cs INTEGER,read_status INTEGER,ct_cls INTEGER,resp_txt TEXT,d_tm INTEGER,d_rpt INTEGER,locked INTEGER DEFAULT 0,seen INTEGER DEFAULT 0,text_only INTEGER DEFAULT 0) result: true
D/MmsSmsDatabaseHelper(  460): [getWritableDatabase] hasAutoIncrementThreads: true hasAutoIncrementAddresses: true hasAutoIncrementPart: true hasAutoIncrementPdu: true
D/EmailProvider(  803): fromDatabase accounts: 0
D/EmailProvider(  803): ending toDatabase transaction; copyCount = 0
D/EmailProvider(  803): ending fromDatabase transaction; copyCount = 0
D/dalvikvm(  460): GREF has increased to 201
D/Mms:app (  879): cancelNotification
D/dalvikvm(  477): GC_CONCURRENT freed 190K, 8% free 3212K/3464K, paused 4ms+18ms, total 47ms
V/RipperService(  855): PING
V/AndroidRipperService(  855): mHandler.handleMessage() RECIVED
V/AndroidRipperService(  855): broadcast()
I/AndroidRipper(  922): Recived message: PING
V/RipperTestCase(  922): Not ready to operate!
V/AndroidRipperService(  855): broadcast() done
V/        (  855): ready
I/CalendarProvider2(  838): Sending notification intent: Intent { act=android.intent.action.PROVIDER_CHANGED dat=content://com.android.calendar }
W/ContentResolver(  838): Failed to get type for: content://com.android.calendar (Unknown URL content://com.android.calendar)
I/AndroidRipper(  922): [RipperTestCase] Ready to operate after restarting...
D/dalvikvm(  308): GC_CONCURRENT freed 1888K, 35% free 5839K/8892K, paused 3ms+7ms, total 77ms
W/ActivityManager(  308): Unable to start service Intent { cmp=com.android.email/.service.AttachmentDownloadService } U=0: not found
D/ExchangeService(  830): !!! EAS ExchangeService, onStartCommand, startingUp = true, running = false
D/dalvikvm(  803): GC_CONCURRENT freed 198K, 10% free 2590K/2852K, paused 17ms+3ms, total 115ms
W/ActivityManager(  308): Unable to start service Intent { cmp=com.android.email/.service.AttachmentDownloadService } U=0: not found
W/ActivityManager(  308): Unable to start service Intent { cmp=com.android.email/.service.AttachmentDownloadService } U=0: not found
D/dalvikvm(  477): GC_CONCURRENT freed 300K, 10% free 3333K/3700K, paused 24ms+36ms, total 81ms
D/Launcher.Model(  477): Reload apps on config change. curr_mcc:310 prevmcc:0
I/Choreographer(  477): Skipped 386 frames!  The application may be doing too much work on its main thread.
D/dalvikvm(  477): GC_CONCURRENT freed 249K, 9% free 3495K/3836K, paused 17ms+4ms, total 68ms
D/dalvikvm(  582): GREF has increased to 201
W/MediaProvider(  582): no database for scanned volume external
V/RipperService(  855): PING
V/AndroidRipperService(  855): mHandler.handleMessage() RECIVED
V/AndroidRipperService(  855): broadcast()
I/AndroidRipper(  922): Recived message: PING
V/AndroidRipperService(  855): send()
I/System.out(  855): {"type":"PONG","index":"7"}
V/AndroidRipperService(  855): broadcast() done
V/        (  855): ready
V/RipperService(  855): DSC
V/AndroidRipperService(  855): mHandler.handleMessage() RECIVED
V/AndroidRipperService(  855): broadcast()
I/AndroidRipper(  922): Recived message: DSC
V/RipperTestCase(  922): DSC : net.mandaria.tippytipper
V/AndroidRipperService(  855): broadcast() done
V/        (  855): ready
D/dalvikvm(  922): GC_CONCURRENT freed 188K, 8% free 2927K/3180K, paused 14ms+2ms, total 79ms
I/AndroidRipper(  922): [SimpleExtractor] Found widget: id=-1 (android.widget.LinearLayout{40d5b228 V.E..... ......I. 0,0-480,800})
I/AndroidRipper(  922): [SimpleExtractor] Found widget: id=16909140 (android.view.ViewStub{40d5ccb8 G.E..... ......I. 0,0-0,0 #1020354})
I/AndroidRipper(  922): [SimpleExtractor] Found widget: id=-1 (android.widget.FrameLayout{40d5d110 V.E..... ......I. 0,38-480,76})
I/AndroidRipper(  922): [SimpleExtractor] Found widget: id=16908310 (android.widget.TextView{40d5fb18 V.ED.... ......I. 6,1-474,36 #1020016 android:id/title})
I/AndroidRipper(  922): [SimpleExtractor] Found widget: id=16908290 (android.widget.FrameLayout{40d60a68 V.E..... ......I. 0,76-480,800 #1020002 android:id/content})
I/AndroidRipper(  922): [SimpleExtractor] Found widget: id=-1 (android.widget.LinearLayout{40d61510 V.E..... ......I. 0,0-480,724})
I/AndroidRipper(  922): [SimpleExtractor] Found widget: id=-1 (android.widget.TextView{40d618f8 V.ED.... ......I. 15,0-252,71})
I/AndroidRipper(  922): [SimpleExtractor] Found widget: id=2131361792 (android.widget.EditText{40d61fc8 VFED..CL .F....I. 15,71-465,149 #7f0a0000 app:id/txt_amount})
I/AndroidRipper(  922): [SimpleExtractor] Found widget: id=-1 (android.widget.LinearLayout{40ccb630 V.E..... ......I. 15,187-465,724})
I/AndroidRipper(  922): [SimpleExtractor] Found widget: id=-1 (android.widget.LinearLayout{40d3c1a8 V.E..... ......I. 0,0-450,84})
I/AndroidRipper(  922): [SimpleExtractor] Found widget: id=2131361793 (android.widget.Button{40d47118 VFED..C. ......I. 6,6-144,78 #7f0a0001 app:id/btn_seven})
I/AndroidRipper(  922): [SimpleExtractor] Found widget: id=2131361794 (android.widget.Button{40d561b0 VFED..C. ......I. 156,6-294,78 #7f0a0002 app:id/btn_eight})
I/AndroidRipper(  922): [SimpleExtractor] Found widget: id=2131361795 (android.widget.Button{40d3c7d8 VFED..C. ......I. 306,6-444,78 #7f0a0003 app:id/btn_nine})
I/AndroidRipper(  922): [SimpleExtractor] Found widget: id=-1 (android.widget.LinearLayout{40d3efd0 V.E..... ......I. 0,84-450,168})
I/AndroidRipper(  922): [SimpleExtractor] Found widget: id=2131361796 (android.widget.Button{40d3cf10 VFED..C. ......I. 6,6-144,78 #7f0a0004 app:id/btn_four})
I/AndroidRipper(  922): [SimpleExtractor] Found widget: id=2131361797 (android.widget.Button{40d49c78 VFED..C. ......I. 156,6-294,78 #7f0a0005 app:id/btn_five})
I/AndroidRipper(  922): [SimpleExtractor] Found widget: id=2131361798 (android.widget.Button{40d3b7e8 VFED..C. ......I. 306,6-444,78 #7f0a0006 app:id/btn_six})
I/AndroidRipper(  922): [SimpleExtractor] Found widget: id=-1 (android.widget.LinearLayout{40d0a068 V.E..... ......I. 0,168-450,252})
I/AndroidRipper(  922): [SimpleExtractor] Found widget: id=2131361799 (android.widget.Button{40d48398 VFED..C. ......I. 6,6-144,78 #7f0a0007 app:id/btn_one})
I/AndroidRipper(  922): [SimpleExtractor] Found widget: id=2131361800 (android.widget.Button{40d55b58 VFED..C. ......I. 156,6-294,78 #7f0a0008 app:id/btn_two})
I/AndroidRipper(  922): [SimpleExtractor] Found widget: id=2131361801 (android.widget.Button{40ccbc20 VFED..C. ......I. 306,6-444,78 #7f0a0009 app:id/btn_three})
I/AndroidRipper(  922): [SimpleExtractor] Found widget: id=-1 (android.widget.LinearLayout{40d39ba0 V.E..... ......I. 0,252-450,336})
I/AndroidRipper(  922): [SimpleExtractor] Found widget: id=2131361802 (android.widget.Button{40d3c470 VFED..CL ......I. 6,6-144,78 #7f0a000a app:id/btn_delete})
I/AndroidRipper(  922): [SimpleExtractor] Found widget: id=2131361803 (android.widget.Button{40cda618 VFED..C. ......I. 156,6-294,78 #7f0a000b app:id/btn_zero})
I/AndroidRipper(  922): [SimpleExtractor] Found widget: id=2131361804 (android.widget.Button{40d3dc68 VFED..C. ......I. 306,6-444,78 #7f0a000c app:id/btn_ok})
I/AndroidRipper(  922): [SimpleExtractor] Found widget: id=-1 (com.android.internal.policy.impl.PhoneWindow$DecorView{40d5a168 V.E..... R.....I. 0,0-480,800})
D/dalvikvm(  922): GC_CONCURRENT freed 267K, 10% free 3079K/3412K, paused 19ms+20ms, total 84ms
V/AndroidRipperService(  855): send()
I/System.out(  855): {"type":"DSC","xml":"<activity title=\"Tippy Tipper\" name=\"TippyTipper\" class=\"net.mandaria.tippytipper.activities.TippyTipper\" menu=\"TRUE\" keypress=\"FALSE\" longkeypress=\"FALSE\" tab_activity=\"FALSE\" tab_count=\"0\" id=\"\" uid=\"\" root_activity=\"TRUE\">\n  <widget id=\"-1\" class=\"android.widget.LinearLayout\" simple_type=\"linearLayout\" name=\"\" count=\"3\" index=\"0\" enabled=\"TRUE\" visible=\"TRUE\" p_id=\"-1\" p_name=\"\" p_type=\"com.android.internal.policy.impl.PhoneWindow.DecorView\" ancestor_id=\"\" ancestor_type=\"null\"\/>\n  <widget id=\"16909140\" class=\"android.view.ViewStub\" simple_type=\"\" name=\"\" index=\"1\" enabled=\"TRUE\" visible=\"FALSE\" p_id=\"-1\" p_name=\"\" p_type=\"android.widget.LinearLayout\" ancestor_id=\"\" ancestor_type=\"null\"\/>\n  <widget id=\"-1\" class=\"android.widget.FrameLayout\" simple_type=\"\" name=\"\" count=\"1\" index=\"2\" enabled=\"TRUE\" visible=\"TRUE\" p_id=\"-1\" p_name=\"\" p_type=\"android.widget.LinearLayout\" ancestor_id=\"\" ancestor_type=\"null\"\/>\n  <widget id=\"16908310\" class=\"android.widget.TextView\" simple_type=\"text\" r_id=\"title\" text_type=\"0\" name=\"Tippy Tipper\" value=\"Tippy Tipper\" index=\"3\" enabled=\"TRUE\" visible=\"TRUE\" p_id=\"-1\" p_name=\"\" p_type=\"android.widget.FrameLayout\" ancestor_id=\"\" ancestor_type=\"null\"\/>\n  <widget id=\"16908290\" class=\"android.widget.FrameLayout\" simple_type=\"\" r_id=\"content\" name=\"\" count=\"1\" index=\"4\" enabled=\"TRUE\" visible=\"TRUE\" p_id=\"-1\" p_name=\"\" p_type=\"android.widget.LinearLayout\" ancestor_id=\"\" ancestor_type=\"null\"\/>\n  <widget id=\"-1\" class=\"android.widget.LinearLayout\" simple_type=\"linearLayout\" name=\"\" count=\"3\" index=\"5\" enabled=\"TRUE\" visible=\"TRUE\" p_id=\"16908290\" p_name=\"\" p_type=\"android.widget.FrameLayout\" ancestor_id=\"\" ancestor_type=\"\"\/>\n  <widget id=\"-1\" class=\"android.widget.TextView\" simple_type=\"text\" text_type=\"0\" name=\"Enter bill amount:\" value=\"Enter bill amount:\" index=\"6\" enabled=\"TRUE\" visible=\"TRUE\" p_id=\"-1\" p_name=\"\" p_type=\"android.widget.LinearLayout\" ancestor_id=\"16908290\" ancestor_type=\"android.widget.FrameLayout\"\/>\n  <widget id=\"2131361792\" class=\"android.widget.EditText\" simple_type=\"editText\" r_id=\"txt_amount\" text_type=\"0\" name=\"\" value=\"$0.00\" index=\"7\" enabled=\"TRUE\" visible=\"TRUE\" p_id=\"-1\" p_name=\"\" p_type=\"android.widget.LinearLayout\" ancestor_id=\"16908290\" ancestor_type=\"android.widget.FrameLayout\"\/>\n  <widget id=\"-1\" class=\"android.widget.LinearLayout\" simple_type=\"linearLayout\" name=\"\" count=\"4\" index=\"8\" enabled=\"TRUE\" visible=\"TRUE\" p_id=\"-1\" p_name=\"\" p_type=\"android.widget.LinearLayout\" ancestor_id=\"16908290\" ancestor_type=\"android.widget.FrameLayout\"\/>\n  <widget id=\"-1\" class=\"android.widget.LinearLayout\" simple_type=\"linearLayout\" name=\"\" count=\"3\" index=\"9\" enabled=\"TRUE\" visible=\"TRUE\" p_id=\"-1\" p_name=\"\" p_type=\"android.widget.LinearLayout\" ancestor_id=\"16908290\" ancestor_type=\"android.widget.FrameLayout\"\/>\n  <widget id=\"2131361793\" class=\"android.widget.Button\" simple_type=\"button\" r_id=\"btn_seven\" text_type=\"0\" name=\"7\" value=\"7\" index=\"10\" enabled=\"TRUE\" visible=\"TRUE\" p_id=\"-1\" p_name=\"\" p_type=\"android.widget.LinearLayout\" ancestor_id=\"16908290\" ancestor_type=\"android.widget.FrameLayout\"\/>\n  <widget id=\"2131361794\" class=\"android.widget.Button\" simple_type=\"button\" r_id=\"btn_eight\" text_type=\"0\" name=\"8\" value=\"8\" index=\"11\" enabled=\"TRUE\" visible=\"TRUE\" p_id=\"-1\" p_name=\"\" p_type=\"android.widget.LinearLayout\" ancestor_id=\"16908290\" ancestor_type=\"android.widget.FrameLayout\"\/>\n  <widget id=\"2131361795\" class=\"android.widget.Button\" simple_type=\"button\" r_id=\"btn_nine\" text_type=\"0\" name=\"9\" value=\"9\" index=\"12\" enabled=\"TRUE\" visible=\"TRUE\" p_id=\"-1\" p_name=\"\" p_type=\"android.widget.LinearLayout\" ancestor_id=\"16908290\" 
I/Launcher(  477): setLoadOnResume
I/Launcher(  477): setLoadOnResume
D/dalvikvm(  477): GC_FOR_ALLOC freed 588K, 17% free 3254K/3920K, paused 27ms, total 39ms
I/dalvikvm-heap(  477): Grow heap (frag case) to 3.728MB for 518416-byte allocation
D/dalvikvm(  477): GC_CONCURRENT freed 9K, 16% free 3752K/4428K, paused 29ms+3ms, total 56ms
D/dalvikvm(  477): WAIT_FOR_CONCURRENT_GC blocked 17ms
D/dalvikvm(  477): GC_FOR_ALLOC freed <1K, 16% free 3752K/4428K, paused 49ms, total 51ms
I/dalvikvm-heap(  477): Grow heap (frag case) to 4.213MB for 518416-byte allocation
D/dalvikvm(  582): GC_CONCURRENT freed 240K, 11% free 2566K/2868K, paused 43ms+23ms, total 126ms
D/dalvikvm(  477): GC_CONCURRENT freed <1K, 14% free 4258K/4936K, paused 8ms+3ms, total 63ms
D/dalvikvm(  477): WAIT_FOR_CONCURRENT_GC blocked 42ms
D/dalvikvm(  477): GC_FOR_ALLOC freed <1K, 14% free 4259K/4936K, paused 22ms, total 22ms
I/dalvikvm-heap(  477): Grow heap (frag case) to 4.708MB for 518416-byte allocation
D/dalvikvm(  477): GC_CONCURRENT freed <1K, 13% free 4765K/5444K, paused 11ms+2ms, total 37ms
D/dalvikvm(  477): WAIT_FOR_CONCURRENT_GC blocked 27ms
D/dalvikvm(  477): GREF has increased to 201
I/Launcher(  477): setLoadOnResume
I/Launcher(  477): setLoadOnResume
I/Launcher(  477): setLoadOnResume
V/RipperService(  855): EVT
V/AndroidRipperService(  855): mHandler.handleMessage() RECIVED
V/AndroidRipperService(  855): broadcast()
I/AndroidRipper(  922): Recived message: EVT
V/RipperTestCase(  922): DSC : net.mandaria.tippytipper
V/AndroidRipperService(  855): broadcast() done
V/        (  855): ready
W/MediaScanner(  582): Error opening directory '/mnt/sdcard/.android_secure/', skipping: Permission denied.
V/MediaScanner(  582): pruneDeadThumbnailFiles... android.database.sqlite.SQLiteCursor@40d093e8
V/MediaScanner(  582): /pruneDeadThumbnailFiles... android.database.sqlite.SQLiteCursor@40d093e8
D/dalvikvm(  477): GC_CONCURRENT freed 284K, 8% free 5159K/5588K, paused 4ms+4ms, total 41ms
D/PermissionCache(   37): checking android.permission.READ_FRAME_BUFFER for uid=1000 => granted (1131 us)
W/WindowManager(  308): Failure taking screenshot for (246x410) to layer 21010
I/Choreographer(  477): Skipped 41 frames!  The application may be doing too much work on its main thread.
E/SurfaceFlinger(   37): ro.sf.lcd_density must be defined as a build property
D/dalvikvm(  477): GC_CONCURRENT freed 625K, 13% free 5338K/6128K, paused 5ms+10ms, total 81ms
D/dalvikvm(  477): WAIT_FOR_CONCURRENT_GC blocked 57ms
W/InputMethodManagerService(  308): Starting input on non-focused client com.android.internal.view.IInputMethodClient$Stub$Proxy@41022960 (uid=10048 pid=922)
I/Choreographer(  477): Skipped 56 frames!  The application may be doing too much work on its main thread.
W/InputMethodManager(  477): Ignoring onBind: cur seq=3, given seq=2
I/Choreographer(  477): Skipped 32 frames!  The application may be doing too much work on its main thread.
V/AndroidRipperService(  855): send()
I/System.out(  855): {"type":"ACK","index":"11"}
V/RipperService(  855): DSC
V/AndroidRipperService(  855): mHandler.handleMessage() RECIVED
V/AndroidRipperService(  855): broadcast()
V/AndroidRipperService(  855): broadcast() done
V/        (  855): ready
I/AndroidRipper(  922): Recived message: DSC
V/RipperTestCase(  922): DSC : net.mandaria.tippytipper
I/Choreographer(  477): Skipped 78 frames!  The application may be doing too much work on its main thread.
D/gralloc_goldfish(  477): Emulator without GPU emulation detected.
I/AndroidRipper(  922): [SimpleExtractor] Found widget: id=-1 (android.widget.LinearLayout{40d5b228 V.E..... ......I. 0,0-480,800})
I/AndroidRipper(  922): [SimpleExtractor] Found widget: id=16909140 (android.view.ViewStub{40d5ccb8 G.E..... ......I. 0,0-0,0 #1020354})
I/AndroidRipper(  922): [SimpleExtractor] Found widget: id=-1 (android.widget.FrameLayout{40d5d110 V.E..... ......I. 0,38-480,76})
I/AndroidRipper(  922): [SimpleExtractor] Found widget: id=16908310 (android.widget.TextView{40d5fb18 V.ED.... ......I. 6,1-474,36 #1020016 android:id/title})
I/AndroidRipper(  922): [SimpleExtractor] Found widget: id=16908290 (android.widget.FrameLayout{40d60a68 V.E..... ......I. 0,76-480,800 #1020002 android:id/content})
I/AndroidRipper(  922): [SimpleExtractor] Found widget: id=-1 (android.widget.LinearLayout{40d61510 V.E..... ......I. 0,0-480,724})
I/AndroidRipper(  922): [SimpleExtractor] Found widget: id=-1 (android.widget.TextView{40d618f8 V.ED.... ......I. 15,0-252,71})
I/AndroidRipper(  922): [SimpleExtractor] Found widget: id=2131361792 (android.widget.EditText{40d61fc8 VFED..CL .F....I. 15,71-465,149 #7f0a0000 app:id/txt_amount})
I/AndroidRipper(  922): [SimpleExtractor] Found widget: id=-1 (android.widget.LinearLayout{40ccb630 V.E..... ......I. 15,187-465,724})
I/AndroidRipper(  922): [SimpleExtractor] Found widget: id=-1 (android.widget.LinearLayout{40d3c1a8 V.E..... ......I. 0,0-450,84})
I/AndroidRipper(  922): [SimpleExtractor] Found widget: id=2131361793 (android.widget.Button{40d47118 VFED..C. ......I. 6,6-144,78 #7f0a0001 app:id/btn_seven})
I/AndroidRipper(  922): [SimpleExtractor] Found widget: id=2131361794 (android.widget.Button{40d561b0 VFED..C. ......I. 156,6-294,78 #7f0a0002 app:id/btn_eight})
I/AndroidRipper(  922): [SimpleExtractor] Found widget: id=2131361795 (android.widget.Button{40d3c7d8 VFED..C. ......I. 306,6-444,78 #7f0a0003 app:id/btn_nine})
I/AndroidRipper(  922): [SimpleExtractor] Found widget: id=-1 (android.widget.LinearLayout{40d3efd0 V.E..... ......I. 0,84-450,168})
I/AndroidRipper(  922): [SimpleExtractor] Found widget: id=2131361796 (android.widget.Button{40d3cf10 VFED..C. ......I. 6,6-144,78 #7f0a0004 app:id/btn_four})
I/AndroidRipper(  922): [SimpleExtractor] Found widget: id=2131361797 (android.widget.Button{40d49c78 VFED..C. ......I. 156,6-294,78 #7f0a0005 app:id/btn_five})
I/AndroidRipper(  922): [SimpleExtractor] Found widget: id=2131361798 (android.widget.Button{40d3b7e8 VFED..C. ......I. 306,6-444,78 #7f0a0006 app:id/btn_six})
I/AndroidRipper(  922): [SimpleExtractor] Found widget: id=-1 (android.widget.LinearLayout{40d0a068 V.E..... ......I. 0,168-450,252})
I/AndroidRipper(  922): [SimpleExtractor] Found widget: id=2131361799 (android.widget.Button{40d48398 VFED..C. ......I. 6,6-144,78 #7f0a0007 app:id/btn_one})
I/AndroidRipper(  922): [SimpleExtractor] Found widget: id=2131361800 (android.widget.Button{40d55b58 VFED..C. ......I. 156,6-294,78 #7f0a0008 app:id/btn_two})
I/AndroidRipper(  922): [SimpleExtractor] Found widget: id=2131361801 (android.widget.Button{40ccbc20 VFED..C. ......I. 306,6-444,78 #7f0a0009 app:id/btn_three})
I/AndroidRipper(  922): [SimpleExtractor] Found widget: id=-1 (android.widget.LinearLayout{40d39ba0 V.E..... ......I. 0,252-450,336})
I/AndroidRipper(  922): [SimpleExtractor] Found widget: id=2131361802 (android.widget.Button{40d3c470 VFED..CL ......I. 6,6-144,78 #7f0a000a app:id/btn_delete})
I/AndroidRipper(  922): [SimpleExtractor] Found widget: id=2131361803 (android.widget.Button{40cda618 VFED..C. ......I. 156,6-294,78 #7f0a000b app:id/btn_zero})
I/AndroidRipper(  922): [SimpleExtractor] Found widget: id=2131361804 (android.widget.Button{40d3dc68 VFED..C. ......I. 306,6-444,78 #7f0a000c app:id/btn_ok})
I/AndroidRipper(  922): [SimpleExtractor] Found widget: id=-1 (com.android.internal.policy.impl.PhoneWindow$DecorView{40d5a168 V.E..... R.....I. 0,0-480,800})
I/ActivityManager(  308): Displayed com.android.launcher/com.android.launcher2.Launcher: +1m10s728ms
I/Choreographer(  922): Skipped 42 frames!  The application may be doing too much work on its main thread.
D/FlurryAgent(  922): Ending session
D/dalvikvm(  922): GC_CONCURRENT freed 418K, 14% free 3071K/3556K, paused 38ms+29ms, total 139ms
V/AndroidRipperService(  855): send()
I/System.out(  855): {"type":"DSC","xml":"<activity title=\"Tippy Tipper\" name=\"TippyTipper\" class=\"net.mandaria.tippytipper.activities.TippyTipper\" menu=\"TRUE\" keypress=\"FALSE\" longkeypress=\"FALSE\" tab_activity=\"FALSE\" tab_count=\"0\" id=\"\" uid=\"\" root_activity=\"TRUE\">\n  <widget id=\"-1\" class=\"android.widget.LinearLayout\" simple_type=\"linearLayout\" name=\"\" count=\"3\" index=\"0\" enabled=\"TRUE\" visible=\"TRUE\" p_id=\"-1\" p_name=\"\" p_type=\"com.android.internal.policy.impl.PhoneWindow.DecorView\" ancestor_id=\"\" ancestor_type=\"null\"\/>\n  <widget id=\"16909140\" class=\"android.view.ViewStub\" simple_type=\"\" name=\"\" index=\"1\" enabled=\"TRUE\" visible=\"FALSE\" p_id=\"-1\" p_name=\"\" p_type=\"android.widget.LinearLayout\" ancestor_id=\"\" ancestor_type=\"null\"\/>\n  <widget id=\"-1\" class=\"android.widget.FrameLayout\" simple_type=\"\" name=\"\" count=\"1\" index=\"2\" enabled=\"TRUE\" visible=\"TRUE\" p_id=\"-1\" p_name=\"\" p_type=\"android.widget.LinearLayout\" ancestor_id=\"\" ancestor_type=\"null\"\/>\n  <widget id=\"16908310\" class=\"android.widget.TextView\" simple_type=\"text\" r_id=\"title\" text_type=\"0\" name=\"Tippy Tipper\" value=\"Tippy Tipper\" index=\"3\" enabled=\"TRUE\" visible=\"TRUE\" p_id=\"-1\" p_name=\"\" p_type=\"android.widget.FrameLayout\" ancestor_id=\"\" ancestor_type=\"null\"\/>\n  <widget id=\"16908290\" class=\"android.widget.FrameLayout\" simple_type=\"\" r_id=\"content\" name=\"\" count=\"1\" index=\"4\" enabled=\"TRUE\" visible=\"TRUE\" p_id=\"-1\" p_name=\"\" p_type=\"android.widget.LinearLayout\" ancestor_id=\"\" ancestor_type=\"null\"\/>\n  <widget id=\"-1\" class=\"android.widget.LinearLayout\" simple_type=\"linearLayout\" name=\"\" count=\"3\" index=\"5\" enabled=\"TRUE\" visible=\"TRUE\" p_id=\"16908290\" p_name=\"\" p_type=\"android.widget.FrameLayout\" ancestor_id=\"\" ancestor_type=\"\"\/>\n  <widget id=\"-1\" class=\"android.widget.TextView\" simple_type=\"text\" text_type=\"0\" name=\"Enter bill amount:\" value=\"Enter bill amount:\" index=\"6\" enabled=\"TRUE\" visible=\"TRUE\" p_id=\"-1\" p_name=\"\" p_type=\"android.widget.LinearLayout\" ancestor_id=\"16908290\" ancestor_type=\"android.widget.FrameLayout\"\/>\n  <widget id=\"2131361792\" class=\"android.widget.EditText\" simple_type=\"editText\" r_id=\"txt_amount\" text_type=\"0\" name=\"\" value=\"$0.00\" index=\"7\" enabled=\"TRUE\" visible=\"TRUE\" p_id=\"-1\" p_name=\"\" p_type=\"android.widget.LinearLayout\" ancestor_id=\"16908290\" ancestor_type=\"android.widget.FrameLayout\"\/>\n  <widget id=\"-1\" class=\"android.widget.LinearLayout\" simple_type=\"linearLayout\" name=\"\" count=\"4\" index=\"8\" enabled=\"TRUE\" visible=\"TRUE\" p_id=\"-1\" p_name=\"\" p_type=\"android.widget.LinearLayout\" ancestor_id=\"16908290\" ancestor_type=\"android.widget.FrameLayout\"\/>\n  <widget id=\"-1\" class=\"android.widget.LinearLayout\" simple_type=\"linearLayout\" name=\"\" count=\"3\" index=\"9\" enabled=\"TRUE\" visible=\"TRUE\" p_id=\"-1\" p_name=\"\" p_type=\"android.widget.LinearLayout\" ancestor_id=\"16908290\" ancestor_type=\"android.widget.FrameLayout\"\/>\n  <widget id=\"2131361793\" class=\"android.widget.Button\" simple_type=\"button\" r_id=\"btn_seven\" text_type=\"0\" name=\"7\" value=\"7\" index=\"10\" enabled=\"TRUE\" visible=\"TRUE\" p_id=\"-1\" p_name=\"\" p_type=\"android.widget.LinearLayout\" ancestor_id=\"16908290\" ancestor_type=\"android.widget.FrameLayout\"\/>\n  <widget id=\"2131361794\" class=\"android.widget.Button\" simple_type=\"button\" r_id=\"btn_eight\" text_type=\"0\" name=\"8\" value=\"8\" index=\"11\" enabled=\"TRUE\" visible=\"TRUE\" p_id=\"-1\" p_name=\"\" p_type=\"android.widget.LinearLayout\" ancestor_id=\"16908290\" ancestor_type=\"android.widget.FrameLayout\"\/>\n  <widget id=\"2131361795\" class=\"android.widget.Button\" simple_type=\"button\" r_id=\"btn_nine\" text_type=\"0\" name=\"9\" value=\"9\" index=\"12\" enabled=\"TRUE\" visible=\"TRUE\" p_id=\"-1\" p_name=\"\" p_type=\"android.widget.LinearLayout\" ancestor_id=\"16908290\" 
D/dalvikvm(  855): GC_CONCURRENT freed 338K, 14% free 2488K/2892K, paused 4ms+2ms, total 37ms
V/RipperService(  855): EVT
V/AndroidRipperService(  855): mHandler.handleMessage() RECIVED
V/AndroidRipperService(  855): broadcast()
I/AndroidRipper(  922): Recived message: EVT
V/RipperTestCase(  922): DSC : com.android.launcher
V/RipperTestCase(  922): Dumping coverage data!
V/AndroidRipperService(  855): broadcast() done
V/        (  855): ready
I/System.out(  922): EMMA: runtime coverage data written to [/data/data/net.mandaria.tippytipper/coverage-dump.ec] {in 44 ms}
V/AndroidRipperService(  855): send()
I/System.out(  855): {"type":"EVT","index":"15","eventType":"changeOrientation"}
V/RipperService(  855): COVER
V/AndroidRipperService(  855): mHandler.handleMessage() RECIVED
V/AndroidRipperService(  855): broadcast()
I/AndroidRipper(  922): Recived message: COVER
V/RipperTestCase(  922): Dumping coverage data!
V/RipperTestCase(  922): Dumping coverage data!
V/AndroidRipperService(  855): broadcast() done
V/        (  855): ready
I/System.out(  922): EMMA: runtime coverage data written to [/data/data/net.mandaria.tippytipper/coverage1483173762376.ec] {in 31 ms}
V/AndroidRipperService(  855): send()
I/System.out(  855): {"type":"ACK","index":"17"}
V/RipperService(  855): END
V/AndroidRipperService(  855): mHandler.handleMessage() RECIVED
V/AndroidRipperService(  855): broadcast()
I/AndroidRipper(  922): Recived message: END
V/AndroidRipperService(  855): broadcast() done
V/        (  855): ready
V/SERVER  (  855): ServerSocket on PORT 8888: offline
V/AndroidRipperService(  855): mHandler.handleMessage() DISCONNECTED
V/SERVER  (  855): Ready to accept connections on port: 8888
V/AndroidRipperService(  855): unregister()
V/AndroidRipperService(  855): unregister()
D/dalvikvm(  922): GC_EXPLICIT freed 254K, 18% free 3000K/3628K, paused 8ms+4ms, total 49ms
D/dalvikvm(  922): GC_EXPLICIT freed 8K, 18% free 2993K/3628K, paused 6ms+3ms, total 43ms
D/PolideaInstrumentationTestRunner(  922): Finished test: testApplication(it.unina.android.ripper.RipperTestCase)
I/TestRunner(  922): finished: testApplication(it.unina.android.ripper.RipperTestCase)
I/TestRunner(  922): passed: testApplication(it.unina.android.ripper.RipperTestCase)
I/System.out(  922): EMMA: runtime coverage data written to [/data/data/net.mandaria.tippytipper/files/coverage.ec] {in 21 ms}
D/PolideaInstrumentationTestRunner(  922): Post processing
D/PolideaInstrumentationTestRunner(  922): Packages: 1
D/PolideaInstrumentationTestRunner(  922): Processing package package it.unina.android.ripper
D/PolideaInstrumentationTestRunner(  922): Writing to file /data/data/net.mandaria.tippytipper/files/it.unina.android.ripper-TEST.xml
D/PolideaInstrumentationTestRunner(  922): closing file
D/AndroidRuntime(  899): Shutting down VM
D/dalvikvm(  899): GC_CONCURRENT freed 95K, 18% free 462K/560K, paused 1ms+2ms, total 9ms
I/ActivityManager(  308): Force stopping package net.mandaria.tippytipper appid=10048 user=0
I/ActivityManager(  308): Killing proc 922:net.mandaria.tippytipper/u0a10048: force stop net.mandaria.tippytipper
W/Resources(   38): Preloaded drawable resource #0x10805f6 (android:drawable/textfield_search_right_selected_holo_light) that varies with configuration!!
W/Resources(   38): Preloaded drawable resource #0x10805f4 (android:drawable/textfield_search_right_default_holo_light) that varies with configuration!!
W/Resources(   38): Preloaded drawable resource #0x10805f4 (android:drawable/textfield_search_right_default_holo_light) that varies with configuration!!
W/Resources(   38): Preloaded drawable resource #0x10805f8 (android:drawable/textfield_search_selected_holo_dark) that varies with configuration!!
W/Resources(   38): Preloaded drawable resource #0x10805ec (android:drawable/textfield_search_default_holo_dark) that varies with configuration!!
W/Resources(   38): Preloaded drawable resource #0x10805f5 (android:drawable/textfield_search_right_selected_holo_dark) that varies with configuration!!
W/Resources(   38): Preloaded drawable resource #0x10805f3 (android:drawable/textfield_search_right_default_holo_dark) that varies with configuration!!
W/Resources(   38): Preloaded drawable resource #0x10805f9 (android:drawable/textfield_search_selected_holo_light) that varies with configuration!!
W/Resources(   38): Preloaded drawable resource #0x10805ed (android:drawable/textfield_search_default_holo_light) that varies with configuration!!
W/Resources(   38): Preloaded drawable resource #0x10805f6 (android:drawable/textfield_search_right_selected_holo_light) that varies with configuration!!
W/Resources(   38): Preloaded drawable resource #0x10805f4 (android:drawable/textfield_search_right_default_holo_light) that varies with configuration!!
D/dalvikvm(   38): GC_EXPLICIT freed 47K, 26% free 2364K/3156K, paused 4ms+43ms, total 91ms
W/Resources(   38): Preloaded drawable resource #0x10805c1 (android:drawable/tab_unselected_holo) that varies with configuration!!
W/Resources(   38): Preloaded drawable resource #0x10805bc (android:drawable/tab_selected_holo) that varies with configuration!!
W/Resources(   38): Preloaded drawable resource #0x10805c0 (android:drawable/tab_unselected_focused_holo) that varies with configuration!!
W/Resources(   38): Preloaded drawable resource #0x10805bb (android:drawable/tab_selected_focused_holo) that varies with configuration!!
W/Resources(   38): Preloaded drawable resource #0x10805c2 (android:drawable/tab_unselected_pressed_holo) that varies with configuration!!
W/Resources(   38): Preloaded drawable resource #0x10805bd (android:drawable/tab_selected_pressed_holo) that varies with configuration!!
W/Resources(   38): Preloaded drawable resource #0x10805c2 (android:drawable/tab_unselected_pressed_holo) that varies with configuration!!
W/Resources(   38): Preloaded drawable resource #0x10805bd (android:drawable/tab_selected_pressed_holo) that varies with configuration!!
W/Resources(   38): Preloaded drawable resource #0x10805bd (android:drawable/tab_selected_pressed_holo) that varies with configuration!!
W/Resources(   38): Preloaded drawable resource #0x10805c1 (android:drawable/tab_unselected_holo) that varies with configuration!!
W/Resources(   38): Preloaded drawable resource #0x10805bc (android:drawable/tab_selected_holo) that varies with configuration!!
W/Resources(   38): Preloaded drawable resource #0x10805c0 (android:drawable/tab_unselected_focused_holo) that varies with configuration!!
W/Resources(   38): Preloaded drawable resource #0x10805bb (android:drawable/tab_selected_focused_holo) that varies with configuration!!
W/Resources(   38): Preloaded drawable resource #0x10805c2 (android:drawable/tab_unselected_pressed_holo) that varies with configuration!!
W/Resources(   38): Preloaded drawable resource #0x10805bd (android:drawable/tab_selected_pressed_holo) that varies with configuration!!
W/Resources(   38): Preloaded drawable resource #0x10804a5 (android:drawable/quickcontact_badge_overlay_pressed_dark) that varies with configuration!!
W/Resources(   38): Preloaded drawable resource #0x10804a0 (android:drawable/quickcontact_badge_overlay_focused_dark) that varies with configuration!!
W/Resources(   38): Preloaded drawable resource #0x10804a3 (android:drawable/quickcontact_badge_overlay_normal_dark) that varies with configuration!!
W/Resources(   38): Preloaded drawable resource #0x10804a3 (android:drawable/quickcontact_badge_overlay_normal_dark) that varies with configuration!!
W/Resources(   38): Preloaded drawable resource #0x10804a3 (android:drawable/quickcontact_badge_overlay_normal_dark) that varies with configuration!!
D/dalvikvm(   38): GC_EXPLICIT freed 56K, 26% free 2365K/3156K, paused 2ms+16ms, total 149ms
W/Resources(   38): Preloaded drawable resource #0x10804a5 (android:drawable/quickcontact_badge_overlay_pressed_dark) that varies with configuration!!
W/Resources(   38): Preloaded drawable resource #0x10804a6 (android:drawable/quickcontact_badge_overlay_pressed_light) that varies with configuration!!
W/Resources(   38): Preloaded drawable resource #0x10804a1 (android:drawable/quickcontact_badge_overlay_focused_light) that varies with configuration!!
W/Resources(   38): Preloaded drawable resource #0x10804a4 (android:drawable/quickcontact_badge_overlay_normal_light) that varies with configuration!!
W/Resources(   38): Preloaded drawable resource #0x10804a4 (android:drawable/quickcontact_badge_overlay_normal_light) that varies with configuration!!
W/Resources(   38): Preloaded drawable resource #0x10804a4 (android:drawable/quickcontact_badge_overlay_normal_light) that varies with configuration!!
W/Resources(   38): Preloaded drawable resource #0x10804a6 (android:drawable/quickcontact_badge_overlay_pressed_light) that varies with configuration!!
I/Zygote  (   38): ...preloaded 270 resources in 11742ms.
D/dalvikvm(   38): GC_EXPLICIT freed 48K, 25% free 2369K/3156K, paused 3ms+6ms, total 75ms
I/Zygote  (   38): ...preloaded 31 resources in 379ms.
D/dalvikvm(   38): GC_EXPLICIT freed 9K, 25% free 2377K/3156K, paused 7ms+16ms, total 143ms
D/dalvikvm(   38): GC_EXPLICIT freed 7K, 25% free 2369K/3156K, paused 85ms+3ms, total 251ms
D/dalvikvm(   38): GC_EXPLICIT freed <1K, 25% free 2369K/3156K, paused 2ms+4ms, total 98ms
I/dalvikvm(   38): System server process 329 has been created
I/Zygote  (   38): Accepting command socket connections
E/BatteryService(  329): usbOnlinePath not found
E/BatteryService(  329): wirelessOnlinePath not found
E/BatteryService(  329): batteryVoltagePath not found
E/BatteryService(  329): batteryTemperaturePath not found
I/sysproc (  329): Entered system_init()
I/sysproc (  329): ServiceManager: 0x2a169b70
D/SensorService(  329): nuSensorService starting...
I/SensorService(  329): Goldfish 3-axis Accelerometer
I/SensorService(  329): Goldfish 3-axis Magnetic field sensor
I/SensorService(  329): Goldfish Orientation sensor
I/SensorService(  329): Goldfish Temperature sensor
I/SensorService(  329): Goldfish Proximity sensor
I/sysproc (  329): System server: starting Android runtime.
I/sysproc (  329): System server: starting Android services.
I/SystemServer(  329): Entered the Android system server!
I/sysproc (  329): System server: entering thread pool.
D/SensorService(  329): nuSensorService thread starting...
I/SystemServer(  329): Enabled StrictMode logging for UI Looper
I/SystemServer(  329): Waiting for installd to be ready.
I/Installer(  329): connecting...
I/installd(   41): new connection
I/SystemServer(  329): Entropy Mixer
I/SystemServer(  329): Enabled StrictMode logging for WM Looper
I/SystemServer(  329): Power Manager
E/PowerManagerService-JNI(  329): Couldn't load power module (No such file or directory)
I/SystemServer(  329): Activity Manager
I/ActivityManager(  329): Memory class: 48
W/UsageStats(  329): Usage stats version changed; dropping
I/ActivityManager(  329): Enabled StrictMode logging for AThread's Looper
I/SystemServer(  329): Display Manager
I/SystemServer(  329): Telephony Registry
E/SurfaceFlinger(   37): ro.sf.lcd_density must be defined as a build property
