W/PackageManager(  316): Unknown permission com.google.android.googleapps.permission.GOOGLE_AUTH in package com.android.providers.calendar
W/PackageManager(  316): Unknown permission com.google.android.googleapps.permission.GOOGLE_AUTH.cl in package com.android.providers.calendar
W/PackageManager(  316): Unknown permission com.google.android.googleapps.permission.GOOGLE_AUTH.mail in package com.android.calendar
W/PackageManager(  316): Not granting permission android.permission.SEND_DOWNLOAD_COMPLETED_INTENTS to package com.android.browser (protectionLevel=2 flags=0x9be45)
W/PackageManager(  316): Not granting permission android.permission.BIND_APPWIDGET to package com.android.widgetpreview (protectionLevel=18 flags=0x8be44)
W/PackageManager(  316): Unknown permission com.google.android.googleapps.permission.GOOGLE_AUTH in package com.android.settings
W/PackageManager(  316): Unknown permission com.google.android.gallery3d.permission.GALLERY_PROVIDER in package com.android.exchange
W/PackageManager(  316): Unknown permission com.google.android.googleapps.permission.ACCESS_GOOGLE_PASSWORD in package com.android.development
W/PackageManager(  316): Unknown permission com.google.android.googleapps.permission.GOOGLE_AUTH in package com.android.development
W/PackageManager(  316): Unknown permission com.google.android.googleapps.permission.GOOGLE_AUTH.ALL_SERVICES in package com.android.development
W/PackageManager(  316): Unknown permission com.google.android.googleapps.permission.GOOGLE_AUTH.YouTubeUser in package com.android.development
W/PackageManager(  316): Unknown permission com.google.android.gallery3d.permission.GALLERY_PROVIDER in package com.android.email
W/PackageManager(  316): Not granting permission android.permission.DEVICE_POWER to package com.android.deskclock (protectionLevel=2 flags=0x8be45)
D/dalvikvm(  316): GC_CONCURRENT freed 334K, 10% free 3747K/4136K, paused 5ms+4ms, total 94ms
D/dalvikvm(  316): WAIT_FOR_CONCURRENT_GC blocked 18ms
D/dalvikvm(  316): GC_EXPLICIT freed 119K, 13% free 3627K/4136K, paused 3ms+3ms, total 246ms
I/SystemServer(  316): User Service
I/SystemServer(  316): Account Manager
I/SystemServer(  316): Content Manager
I/SystemServer(  316): System Content Providers
I/SystemServer(  316): Lights Service
I/SystemServer(  316): Battery Service
I/SystemServer(  316): Vibrator Service
I/libsuspend(  316): Selected early suspend
I/libsuspend(  316): Starting early suspend unblocker thread
D/PermissionCache(   37): checking android.permission.ACCESS_SURFACE_FLINGER for uid=1000 => granted (43982 us)
D/SurfaceFlinger(   37): Screen acquired, type=0 flinger=0x2a007318
D/SurfaceFlinger(   37):  screen was previously acquired
I/SystemServer(  316): Alarm Manager
D/AlarmManagerService(  316): Kernel timezone updated to 0 minutes west of GMT
I/SystemServer(  316): Init Watchdog
I/SystemServer(  316): Input Manager
I/InputManager(  316): Initializing input manager, mUseDevInputEventForAudioJack=false
I/SystemServer(  316): Window Manager
E/SoundPool(  316): error loading /system/media/audio/ui/Lock.ogg
W/KeyguardViewMediator(  316): failed to load lock sound from /system/media/audio/ui/Lock.ogg
E/SoundPool(  316): error loading /system/media/audio/ui/Unlock.ogg
W/KeyguardViewMediator(  316): failed to load unlock sound from /system/media/audio/ui/Unlock.ogg
I/InputManager(  316): Starting input manager
I/SystemServer(  316): No Bluetooh Service (emulator)
I/SystemServer(  316): Input Method Service
W/InputMethodManagerService(  316): Couldn't create dir.: /data/system/inputmethod
I/EventHub(  316): New device: id=1, fd=89, path='/dev/input/event0', name='qwerty2', classes=0x2d, configuration='/system/usr/idc/qwerty2.idc', keyLayout='/system/usr/keylayout/qwerty.kl', keyCharacterMap='/system/usr/keychars/qwerty2.kcm', builtinKeyboard=true, usingSuspendBlockIoctl=false, usingClockIoctl=false
E/EventHub(  316): could not get driver version for /dev/input/mouse0, Not a typewriter
E/EventHub(  316): could not get driver version for /dev/input/mice, Not a typewriter
I/InputReader(  316): Device added: id=-1, name='Virtual', sources=0x00000301
I/InputReader(  316):   Touch device 'qwerty2' could not query the properties of its associated display.  The device will be inoperable until the display size becomes available.
I/InputReader(  316): Device added: id=0, name='qwerty2', sources=0x00011307
E/Trace   (  316): error opening trace file: No such file or directory (2)
D/dalvikvm(  316): GC_CONCURRENT freed 294K, 9% free 3841K/4204K, paused 81ms+5ms, total 245ms
D/dalvikvm(  316): WAIT_FOR_CONCURRENT_GC blocked 81ms
I/SystemServer(  316): Accessibility Manager
I/ActivityManager(  316): Config changes=15f8 {1.0 ?mcc?mnc en_US ldltr sw320dp w320dp h508dp 240dpi nrml long port ?uimode ?night finger -keyb/v/h tball/v s.2}
I/InputReader(  316): Reconfiguring input devices.  changes=0x00000004
I/InputReader(  316): Device reconfigured: id=0, name='qwerty2', size 480x800, orientation 0, mode 1, display id 0
I/InputReader(  316): Reconfiguring input devices.  changes=0x00000004
I/InputReader(  316): Device reconfigured: id=0, name='qwerty2', size 480x800, orientation 0, mode 1, display id 0
I/SystemServer(  316): Mount Service
D/MountService(  316): got storage path: /mnt/sdcard description: USB storage primary: true removable: false emulated: false mtpReserve: 0 allowMassStorage: false maxFileSize: 0
D/MountService(  316): addVolumeLocked() StorageVolume [mStorageId=0 mPath=/mnt/sdcard mDescriptionId=17040615 mPrimary=true mRemovable=false mEmulated=false mMtpReserveSpace=0 mAllowMassStorage=false mMaxFileSize=0 mOwner=null]
I/SystemServer(  316): LockSettingsService
I/SystemServer(  316): Device Policy
I/SystemServer(  316): Status Bar
I/SystemServer(  316): Clipboard Service
I/SystemServer(  316): NetworkManagement Service
D/dalvikvm(  316): GREF has increased to 201
I/SystemServer(  316): Text Service Manager Service
I/SystemServer(  316): NetworkStats Service
D/MountService(  316): volume state changed for /mnt/sdcard (null -> unmounted)
I/PackageManager(  316): Updating external media status from unmounted to unmounted
I/SystemServer(  316): NetworkPolicy Service
W/MountService(  316): getSecureContainerList() called when storage not mounted
I/SystemServer(  316): Wi-Fi P2pService
I/PackageManager(  316): No secure containers on sdcard
W/PackageManager(  316): Unknown permission com.google.android.googleapps.permission.GOOGLE_AUTH.mail in package com.android.contacts
W/PackageManager(  316): Unknown permission android.permission.ADD_SYSTEM_SERVICE in package com.android.phone
W/PackageManager(  316): Unknown permission com.android.smspush.WAPPUSH_MANAGER_BIND in package com.android.phone
W/PackageManager(  316): Unknown permission com.google.android.googleapps.permission.GOOGLE_AUTH in package com.android.providers.calendar
W/PackageManager(  316): Unknown permission com.google.android.googleapps.permission.GOOGLE_AUTH.cl in package com.android.providers.calendar
W/PackageManager(  316): Unknown permission com.google.android.googleapps.permission.GOOGLE_AUTH.mail in package com.android.calendar
W/PackageManager(  316): Not granting permission android.permission.SEND_DOWNLOAD_COMPLETED_INTENTS to package com.android.browser (protectionLevel=2 flags=0x89be45)
W/PackageManager(  316): Not granting permission android.permission.BIND_APPWIDGET to package com.android.widgetpreview (protectionLevel=18 flags=0x8be44)
W/PackageManager(  316): Unknown permission com.google.android.googleapps.permission.GOOGLE_AUTH in package com.android.settings
W/PackageManager(  316): Unknown permission com.google.android.gallery3d.permission.GALLERY_PROVIDER in package com.android.exchange
W/PackageManager(  316): Unknown permission com.google.android.googleapps.permission.ACCESS_GOOGLE_PASSWORD in package com.android.development
W/PackageManager(  316): Unknown permission com.google.android.googleapps.permission.GOOGLE_AUTH in package com.android.development
W/PackageManager(  316): Unknown permission com.google.android.googleapps.permission.GOOGLE_AUTH.ALL_SERVICES in package com.android.development
W/PackageManager(  316): Unknown permission com.google.android.googleapps.permission.GOOGLE_AUTH.YouTubeUser in package com.android.development
W/PackageManager(  316): Unknown permission com.google.android.gallery3d.permission.GALLERY_PROVIDER in package com.android.email
W/PackageManager(  316): Not granting permission android.permission.DEVICE_POWER to package com.android.deskclock (protectionLevel=2 flags=0x88be45)
I/SystemServer(  316): Wi-Fi Service
D/dalvikvm(  316): GC_CONCURRENT freed 262K, 8% free 4046K/4372K, paused 5ms+65ms, total 339ms
E/CommandListener(   34): Failed to open /proc/sys/net/ipv6/conf/wlan0/disable_ipv6: No such file or directory
E/WifiStateMachine(  316): Failed to disable IPv6: java.lang.IllegalStateException: command '1 interface ipv6 wlan0 disable' failed with '400 1 Failed to change IPv6 state (No such file or directory)'
I/SystemServer(  316): Connectivity Service
D/ConnectivityService(  316): ConnectivityService starting up
E/MobileDataStateTracker(  316): default: Ignoring feature request because could not acquire PhoneService
E/MobileDataStateTracker(  316): default: Could not enable APN type "default"
I/WifiService(  316): WifiService starting up with Wi-Fi disabled
I/SystemServer(  316): Network Service Discovery Service
D/NsdService(  316): Network service discovery enabled true
I/SystemServer(  316): Throttle Service
I/SystemServer(  316): UpdateLock Service
I/SystemServer(  316): Notification Manager
I/SystemServer(  316): Device Storage Monitor
I/SystemServer(  316): Location Manager
I/SystemServer(  316): Country Detector
I/SystemServer(  316): Search Service
I/SystemServer(  316): DropBox Service
I/SystemServer(  316): Wallpaper Service
I/SystemServer(  316): Audio Service
D/dalvikvm(  316): GC_CONCURRENT freed 296K, 8% free 4175K/4528K, paused 6ms+4ms, total 319ms
I/SystemServer(  316): Dock Observer
W/DockObserver(  316): This kernel does not have dock station support
I/SystemServer(  316): Wired Accessory Manager
W/WiredAccessoryManager(  316): This kernel does not have wired headset support
W/WiredAccessoryManager(  316): This kernel does not have usb audio support
W/WiredAccessoryManager(  316): This kernel does not have HDMI audio support
I/SystemServer(  316): USB Service
I/SystemServer(  316): Serial Service
I/SystemServer(  316): Twilight Service
I/SystemServer(  316): UI Mode Manager Service
I/SystemServer(  316): Backup Service
V/BackupManagerService(  316): No ancestral data
I/BackupManagerService(  316): Found stale backup journal, scheduling
I/BackupManagerService(  316):   android
I/BackupManagerService(  316):   com.android.browser
I/BackupManagerService(  316):   com.android.calendar
I/BackupManagerService(  316):   com.android.inputmethod.latin
I/BackupManagerService(  316):   com.android.providers.settings
I/BackupManagerService(  316):   com.android.providers.userdictionary
I/BackupManagerService(  316):   com.android.sharedstoragebackup
I/BackupManagerService(  316): Backup enabled => true
I/SystemServer(  316): AppWidget Service
I/SystemServer(  316): Recognition Service
I/SystemServer(  316): DiskStats Service
I/SystemServer(  316): SamplingProfiler Service
I/SystemServer(  316): NetworkTimeUpdateService
I/SystemServer(  316): CommonTimeManagementService
I/SystemServer(  316): CertBlacklister
I/SystemServer(  316): Dreams Service
I/WindowManager(  316): SAFE MODE not enabled
D/dalvikvm(  316): JIT started for system_server
D/dalvikvm(  316): GC_CONCURRENT freed 322K, 9% free 4301K/4688K, paused 6ms+38ms, total 508ms
I/ActivityManager(  316): System now ready
I/SystemServer(  316): Making services ready
I/Zygote  (  316): Process: zygote socket opened
I/ActivityManager(  316): Start proc com.android.systemui for service com.android.systemui/.SystemUIService: pid=410 uid=10034 gids={50034, 1028, 1015, 3002, 3001}
D/NetworkManagementService(  316): not enabling bandwidth control
I/keystore(   42): uid: 1000 action: e -> 7 state: 3 -> 3 retry: 4
W/NetworkStats(  316): bandwidth controls disabled, unable to track stats
W/NetworkPolicy(  316): bandwidth controls disabled, unable to enforce policy
I/keystore(   42): uid: 1000 action: e -> 7 state: 3 -> 3 retry: 4
I/Vold    (   32): /dev/block/vold/179:0 being considered for volume sdcard
D/Vold    (   32): Volume sdcard state changing 1 (Idle-Unmounted) -> 3 (Checking)
I//system/bin/fsck_msdos(   32): ** /dev/block/vold/179:0
D/MountService(  316): volume state changed for /mnt/sdcard (unmounted -> checking)
D/MountService(  316): sendStorageIntent Intent { act=android.intent.action.MEDIA_CHECKING dat=file:///mnt/sdcard (has extras) } to UserHandle{-1}
E/NetdConnector(  316): NDC Command {3 firewall disable} took too long (568ms)
I/ActivityManager(  316): Config changes=200 {1.0 ?mcc?mnc en_US ldltr sw320dp w320dp h508dp 240dpi nrml long port finger -keyb/v/h tball/v s.3}
W/RecognitionManagerService(  316): no available voice recognition services found for user 0
I//system/bin/fsck_msdos(   32): ** Phase 1 - Read and Compare FATs
I//system/bin/fsck_msdos(   32): Attempting to allocate 2044 KB for FAT
E/Trace   (  410): error opening trace file: No such file or directory (2)
D/dalvikvm(  316): GC_CONCURRENT freed 84K, 4% free 4641K/4832K, paused 5ms+4ms, total 561ms
D/dalvikvm(  316): WAIT_FOR_CONCURRENT_GC blocked 513ms
D/SystemUIService(  410): loading: class com.android.systemui.statusbar.phone.PhoneStatusBar
D/SystemUIService(  410): running: com.android.systemui.statusbar.phone.PhoneStatusBar@40cd23a0
I/StatusBarManagerService(  316): registerStatusBar bar=com.android.internal.statusbar.IStatusBar$Stub$Proxy@40ed6c70
W/InputMethodManagerService(  316): Ignoring setImeWindowStatus of uid 1000 token: null
W/InputMethodManagerService(  316): Found no subtypes in a system IME: com.android.inputmethod.pinyin
I/ActivityManager(  316): Start proc com.android.inputmethod.latin for service com.android.inputmethod.latin/.LatinIME: pid=447 uid=10010 gids={50010, 1028}
I/CommonTimeManagementService(  316): No common time service detected on this platform.  Common time services will be unavailable.
W/SocketClient(   34): write error (Broken pipe)
I/ActivityManager(  316): Start proc com.android.phone for added application com.android.phone: pid=462 uid=1001 gids={41001, 3002, 3001, 3003, 1015, 1028}
D/dalvikvm(  316): GC_CONCURRENT freed 336K, 8% free 4855K/5256K, paused 7ms+178ms, total 616ms
D/dalvikvm(  316): WAIT_FOR_CONCURRENT_GC blocked 439ms
I/LocationBlacklist(  316): whitelist: []
I/LocationBlacklist(  316): blacklist: []
I/ActivityManager(  316): START u0 {act=android.intent.action.MAIN cat=[android.intent.category.HOME] flg=0x10000000 cmp=com.android.launcher/com.android.launcher2.Launcher} from pid 0
I/ActivityManager(  316): Start proc com.android.launcher for activity com.android.launcher/com.android.launcher2.Launcher: pid=479 uid=10020 gids={50020, 1028}
D/dalvikvm(  410): GC_FOR_ALLOC freed 88K, 6% free 2663K/2808K, paused 41ms, total 65ms
I/dalvikvm-heap(  410): Grow heap (frag case) to 3.259MB for 635812-byte allocation
D/dalvikvm(  410): GC_CONCURRENT freed 5K, 5% free 3279K/3432K, paused 12ms+2ms, total 52ms
D/dalvikvm(  410): WAIT_FOR_CONCURRENT_GC blocked 23ms
I//system/bin/fsck_msdos(   32): Attempting to allocate 2044 KB for FAT
D/dalvikvm(  316): GC_FOR_ALLOC freed 46K, 8% free 5052K/5464K, paused 1193ms, total 1194ms
E/ThrottleService(  316): problem during onPollAlarm: java.lang.IllegalStateException: problem parsing stats: java.io.FileNotFoundException: /proc/net/xt_qtaguid/iface_stat_all: open failed: ENOENT (No such file or directory)
W/SocketClient(   34): write error (Broken pipe)
I/InputReader(  316): Reconfiguring input devices.  changes=0x00000020
I/InputReader(  316): Reconfiguring input devices.  changes=0x00000010
I/SystemServer(  316): Enabled StrictMode for system server main thread.
E/Trace   (  462): error opening trace file: No such file or directory (2)
E/Trace   (  447): error opening trace file: No such file or directory (2)
E/Trace   (  479): error opening trace file: No such file or directory (2)
I/LatinIME(  447): Hardware accelerated drawing: false
D/dalvikvm(  316): GC_CONCURRENT freed 298K, 7% free 5421K/5784K, paused 366ms+37ms, total 920ms
D/dalvikvm(  316): WAIT_FOR_CONCURRENT_GC blocked 230ms
E/BluetoothAdapter(  410): Bluetooth binder is null
E/BluetoothAdapter(  410): Bluetooth binder is null
E/SurfaceFlinger(   37): ro.sf.lcd_density must be defined as a build property
I/Choreographer(  316): Skipped 2637 frames!  The application may be doing too much work on its main thread.
E/BluetoothAdapter(  410): Bluetooth binder is null
W/InputAttributes(  447): No editor info for this field. Bug?
D/dalvikvm(  316): GREF has increased to 301
E/ActivityThread(  447): Failed to find provider info for com.android.inputmethod.latin.dictionarypack
W/TelephonyProvider(  462): onCreate: confFile=/system/etc/apns-conf.xml oldCheckSum=-1
D/TelephonyManager(  462): getLteOnCdmaMode=0 curVal=-1 product_type='' lteOnCdmaProductType=''
I/ActivityManager(  316): Start proc android.process.acore for content provider com.android.providers.userdictionary/.UserDictionaryProvider: pid=526 uid=10001 gids={50001, 3003, 1015, 1028}
W/InputMethodManagerService(  316): Found no subtypes in a system IME: com.android.inputmethod.pinyin
D/dalvikvm(  316): GC_CONCURRENT freed 709K, 13% free 5469K/6244K, paused 6ms+51ms, total 416ms
D/dalvikvm(  316): WAIT_FOR_CONCURRENT_GC blocked 114ms
V/TAG     (  316): bug 7643792: fitSystemWindows([0,0][0,0])
D/dalvikvm(  410): GC_CONCURRENT freed 66K, 4% free 3635K/3760K, paused 4ms+3ms, total 190ms
D/TelephonyManager(  462): getLteOnCdmaMode=0 curVal=-1 product_type='' lteOnCdmaProductType=''
D/TelephonyManager(  462): getLteOnCdmaMode=0 curVal=-1 product_type='' lteOnCdmaProductType=''
E/BluetoothAdapter(  410): Bluetooth binder is null
W/Settings(  462): Setting airplane_mode_on has moved from android.provider.Settings.System to android.provider.Settings.Global, returning read-only value.
E/Trace   (  526): error opening trace file: No such file or directory (2)
W/Settings(  462): Setting auto_time has moved from android.provider.Settings.System to android.provider.Settings.Global, returning read-only global URI.
W/Settings(  462): Setting auto_time_zone has moved from android.provider.Settings.System to android.provider.Settings.Global, returning read-only global URI.
W/ActivityManager(  316): Unable to start service Intent { act=com.android.internal.telephony.IWapPushManager } U=0: not found
D/        (  462): [ApnContext:default] set reason as dataEnabled,current state IDLE
D/        (  462): [ApnContext:default] setRetryCount: 0
D/        (  462): [ApnContext:mms] set reason as dataEnabled,current state IDLE
D/        (  462): [ApnContext:mms] setRetryCount: 0
D/        (  462): [ApnContext:supl] set reason as dataEnabled,current state IDLE
D/        (  462): [ApnContext:supl] setRetryCount: 0
D/        (  462): [ApnContext:hipri] set reason as dataEnabled,current state IDLE
D/        (  462): [ApnContext:hipri] setRetryCount: 0
D/        (  462): [ApnContext:fota] set reason as dataEnabled,current state IDLE
D/        (  462): [ApnContext:fota] setRetryCount: 0
D/        (  462): [ApnContext:ims] set reason as dataEnabled,current state IDLE
D/        (  462): [ApnContext:ims] setRetryCount: 0
D/        (  462): [ApnContext:cbs] set reason as dataEnabled,current state IDLE
D/        (  462): [ApnContext:cbs] setRetryCount: 0
D/dalvikvm(  479): GC_CONCURRENT freed 183K, 8% free 2617K/2844K, paused 21ms+3ms, total 219ms
D/TelephonyManager(  462): getLteOnCdmaMode=0 curVal=-1 product_type='' lteOnCdmaProductType=''
D/CallManager(  462): registerPhone(GSM Handler (com.android.internal.telephony.PhoneProxy) {40d01cf8})
D/dalvikvm(  462): GC_CONCURRENT freed 197K, 9% free 2589K/2844K, paused 4ms+69ms, total 223ms
E/BluetoothAdapter(  462): Bluetooth binder is null
E/BluetoothAdapter(  462): Bluetooth binder is null
E/BinaryDictionaryGetter(  447): Could not find a dictionary pack
E/UserHistoryDictionary(  447): when loading: file not foundjava.io.FileNotFoundException: /data/data/com.android.inputmethod.latin/files/UserHistoryDictionary.en_US.dict: open failed: ENOENT (No such file or directory)
D/dalvikvm(  526): GC_CONCURRENT freed 181K, 9% free 2614K/2852K, paused 5ms+52ms, total 694ms
D/dalvikvm(  447): GC_CONCURRENT freed 243K, 11% free 2535K/2836K, paused 14ms+3ms, total 611ms
E/StrictMode(  447): A resource was acquired at attached stack trace but never released. See java.io.Closeable for information on avoiding resource leaks.
E/StrictMode(  447): java.lang.Throwable: Explicit termination method 'close' not called
E/StrictMode(  447): 	at dalvik.system.CloseGuard.open(CloseGuard.java:184)
E/StrictMode(  447): 	at android.os.ParcelFileDescriptor.<init>(ParcelFileDescriptor.java:412)
E/StrictMode(  447): 	at android.content.res.AssetManager.openNonAssetFdNative(Native Method)
E/StrictMode(  447): 	at android.content.res.AssetManager.openNonAssetFd(AssetManager.java:428)
E/StrictMode(  447): 	at android.content.res.Resources.openRawResourceFd(Resources.java:979)
E/StrictMode(  447): 	at com.android.inputmethod.latin.BinaryDictionaryGetter.loadFallbackResource(BinaryDictionaryGetter.java:183)
E/StrictMode(  447): 	at com.android.inputmethod.latin.BinaryDictionaryGetter.getDictionaryFiles(BinaryDictionaryGetter.java:456)
E/StrictMode(  447): 	at com.android.inputmethod.latin.DictionaryFactory.createMainDictionaryFromManager(DictionaryFactory.java:57)
E/StrictMode(  447): 	at com.android.inputmethod.latin.DictionaryFactory.createMainDictionaryFromManager(DictionaryFactory.java:87)
E/StrictMode(  447): 	at com.android.inputmethod.latin.Suggest$1.run(Suggest.java:108)
D/dalvikvm(  479): GC_FOR_ALLOC freed 49K, 4% free 2856K/2964K, paused 49ms, total 60ms
I/dalvikvm-heap(  479): Grow heap (frag case) to 4.213MB for 1440016-byte allocation
I//system/bin/fsck_msdos(   32): ** Phase 2 - Check Cluster Chains
D/dalvikvm(  479): GC_FOR_ALLOC freed 11K, 3% free 4250K/4372K, paused 47ms, total 47ms
D/dalvikvm(  479): GC_CONCURRENT freed <1K, 3% free 4250K/4372K, paused 21ms+123ms, total 261ms
D/DebugService(  462): DebugService DebugService:
D/TelephonyDebugService(  462): TelephonyDebugService()
W/ActivityManager(  316): Timeout executing service: ServiceRecord{40e76190 u0 com.android.systemui/.SystemUIService}
I/Process (  316): Sending signal. PID: 410 SIG: 3
I/dalvikvm(  410): threadid=3: reacting to signal 3
I/Process (  316): Sending signal. PID: 316 SIG: 3
I/dalvikvm(  316): threadid=3: reacting to signal 3
D/dalvikvm(  462): GC_CONCURRENT freed 323K, 13% free 2655K/3036K, paused 10ms+252ms, total 546ms
I/dalvikvm(  410): Wrote stack traces to '/data/anr/traces.txt'
I//system/bin/fsck_msdos(   32): ** Phase 3 - Checking Directories
I//system/bin/fsck_msdos(   32): ** Phase 4 - Checking for Lost Files
I//system/bin/fsck_msdos(   32): 13 files, 1044446 free (522223 clusters)
I/Vold    (   32): Filesystem check completed OK
I/Vold    (   32): Device /dev/block/vold/179:0, target /mnt/sdcard mounted @ /mnt/secure/staging
D/Vold    (   32): Volume sdcard state changing 3 (Checking) -> 4 (Mounted)
D/gralloc_goldfish(  316): Emulator without GPU emulation detected.
D/MountService(  316): volume state changed for /mnt/sdcard (checking -> mounted)
I/PackageManager(  316): Updating external media status from unmounted to mounted
D/MountService(  316): sendStorageIntent Intent { act=android.intent.action.MEDIA_MOUNTED dat=file:///mnt/sdcard (has extras) } to UserHandle{-1}
I/Process (  316): Sending signal. PID: 462 SIG: 3
I/dalvikvm(  462): threadid=3: reacting to signal 3
E/VoldConnector(  316): NDC Command {3 volume mount /mnt/sdcard} took too long (22498ms)
V/TAG     (  316): bug 7643792: fitSystemWindows([0,0][0,0])
I/dalvikvm(  316): Wrote stack traces to '/data/anr/traces.txt'
I/Choreographer(  479): Skipped 92 frames!  The application may be doing too much work on its main thread.
D/PhoneStatusBar(  410): disable: < expand icons alerts ticker system_info back home recent clock search >
D/dalvikvm(  479): GC_CONCURRENT freed 179K, 5% free 4604K/4840K, paused 107ms+24ms, total 521ms
I/Choreographer(  316): Skipped 454 frames!  The application may be doing too much work on its main thread.
W/WindowManager(  316): Window freeze timeout expired.
W/WindowManager(  316): Force clearing orientation change: Window{40ef4e48 u0 Keyguard}
E/SurfaceFlinger(   37): ro.sf.lcd_density must be defined as a build property
E/SurfaceFlinger(   37): ro.sf.lcd_density must be defined as a build property
I/dalvikvm(  462): Wrote stack traces to '/data/anr/traces.txt'
D/dalvikvm(  316): GC_CONCURRENT freed 549K, 10% free 5696K/6308K, paused 246ms+133ms, total 1832ms
D/dalvikvm(  316): WAIT_FOR_CONCURRENT_GC blocked 285ms
D/dalvikvm(  316): WAIT_FOR_CONCURRENT_GC blocked 166ms
D/dalvikvm(  316): WAIT_FOR_CONCURRENT_GC blocked 171ms
D/dalvikvm(  316): WAIT_FOR_CONCURRENT_GC blocked 164ms
D/dalvikvm(  316): WAIT_FOR_CONCURRENT_GC blocked 737ms
I/dalvikvm-heap(  316): Grow heap (frag case) to 6.703MB for 1128976-byte allocation
D/dalvikvm(  462): GC_CONCURRENT freed 6K, 13% free 2663K/3036K, paused 264ms+16ms, total 589ms
I/Choreographer(  479): Skipped 262 frames!  The application may be doing too much work on its main thread.
D/gralloc_goldfish(  479): Emulator without GPU emulation detected.
D/dalvikvm(  316): GC_FOR_ALLOC freed 12K, 9% free 6790K/7412K, paused 419ms, total 420ms
E/BluetoothAdapter(  410): Bluetooth binder is null
D/SystemUIService(  410): loading: class com.android.systemui.power.PowerUI
I/Choreographer(  316): Skipped 793 frames!  The application may be doing too much work on its main thread.
D/SystemUIService(  410): running: com.android.systemui.power.PowerUI@40e5d278
D/dalvikvm(  316): GC_CONCURRENT freed 50K, 8% free 6826K/7412K, paused 6ms+218ms, total 1776ms
D/SystemUIService(  410): loading: class com.android.systemui.media.RingtonePlayer
D/SystemUIService(  410): running: com.android.systemui.media.RingtonePlayer@40e5def8
D/dalvikvm(  479): GC_FOR_ALLOC freed 72K, 5% free 4675K/4904K, paused 1604ms, total 1610ms
I/dalvikvm-heap(  479): Grow heap (frag case) to 6.082MB for 1536016-byte allocation
D/dalvikvm(  410): GC_CONCURRENT freed 220K, 7% free 3805K/4084K, paused 7ms+6ms, total 330ms
W/Settings(  462): Setting auto_time_zone has moved from android.provider.Settings.System to android.provider.Settings.Global, returning read-only value.
D/dalvikvm(  479): GC_CONCURRENT freed 4K, 4% free 6171K/6408K, paused 7ms+9ms, total 175ms
D/dalvikvm(  479): WAIT_FOR_CONCURRENT_GC blocked 165ms
D/dalvikvm(  479): GC_FOR_ALLOC freed <1K, 4% free 6171K/6408K, paused 435ms, total 435ms
I/dalvikvm-heap(  479): Grow heap (frag case) to 7.542MB for 1536016-byte allocation
I/Choreographer(  410): Skipped 5763 frames!  The application may be doing too much work on its main thread.
W/GpsLocationProvider(  316): Could not open GPS configuration file /etc/gps.conf
W/ServiceWatcher(  316): com.google.android.location not found
I/Choreographer(  316): Skipped 600 frames!  The application may be doing too much work on its main thread.
V/TAG     (  316): bug 7643792: fitSystemWindows([0,38][0,0])
D/dalvikvm(  479): GC_CONCURRENT freed 0K, 4% free 7671K/7912K, paused 7ms+4ms, total 2146ms
D/dalvikvm(  479): WAIT_FOR_CONCURRENT_GC blocked 2115ms
I/Choreographer(  316): Skipped 350 frames!  The application may be doing too much work on its main thread.
D/dalvikvm(  316): GC_EXPLICIT freed 157K, 8% free 6825K/7412K, paused 247ms+94ms, total 2127ms
W/ProcessStats(  316): Skipping unknown process pid 609
I/Choreographer(  479): Skipped 2150 frames!  The application may be doing too much work on its main thread.
I/ActivityManager(  316): Displayed com.android.launcher/com.android.launcher2.Launcher: +30s819ms
E/SurfaceFlinger(   37): ro.sf.lcd_density must be defined as a build property
D/CAT     (  462): CatService: Running CAT service. STK app installed:false
D/CAT     (  462): CatService: NEW sInstance
E/VoldConnector(  316): NDC Command {4 asec list} took too long (6407ms)
I/PackageManager(  316): No secure containers on sdcard
I/Choreographer(  479): Skipped 102 frames!  The application may be doing too much work on its main thread.
I/Choreographer(  316): Skipped 78 frames!  The application may be doing too much work on its main thread.
I/Process (  316): Sending signal. PID: 479 SIG: 3
I/dalvikvm(  479): threadid=3: reacting to signal 3
I/Process (  316): Sending signal. PID: 526 SIG: 3
I/dalvikvm(  526): threadid=3: reacting to signal 3
I/dalvikvm(  479): Wrote stack traces to '/data/anr/traces.txt'
W/WindowManager(  316): Window freeze timeout expired.
W/WindowManager(  316): Force clearing orientation change: Window{41032e88 u0 StatusBar}
E/ActivityManager(  316): ANR in com.android.systemui
E/ActivityManager(  316): Reason: Executing service com.android.systemui/.SystemUIService
E/ActivityManager(  316): Load: 6.25 / 1.7 / 0.58
E/ActivityManager(  316): CPU usage from 1364ms to -16214ms ago:
E/ActivityManager(  316):   20% 316/system_server: 14% user + 5.9% kernel / faults: 5588 minor 5 major
E/ActivityManager(  316):   16% 37/surfaceflinger: 13% user + 2.9% kernel / faults: 7 minor
E/ActivityManager(  316):   11% 479/com.android.launcher: 7.9% user + 3.1% kernel / faults: 7124 minor 7 major
E/ActivityManager(  316):   4.9% 462/com.android.phone: 3.6% user + 1.2% kernel / faults: 665 minor 6 major
E/ActivityManager(  316):   4.8% 410/com.android.systemui: 3.5% user + 1.3% kernel / faults: 1219 minor 3 major
E/ActivityManager(  316):   3.5% 88/bootanimation: 3% user + 0.4% kernel
E/ActivityManager(  316):   0.4% 32/vold: 0% user + 0.4% kernel / faults: 5 minor
E/ActivityManager(  316):   0.9% 526/android.process.acore: 0.5% user + 0.3% kernel / faults: 175 minor 1 major
E/ActivityManager(  316):   0.5% 49/adbd: 0% user + 0.5% kernel / faults: 167 minor
E/ActivityManager(  316):   0% 29/mmcqd: 0% user + 0% kernel
E/ActivityManager(  316):   0.1% 36/rild: 0% user + 0% kernel
E/ActivityManager(  316):   0.1% 447/com.android.inputmethod.latin: 0.1% user + 0% kernel / faults: 77 minor
E/ActivityManager(  316):   0% 31/servicemanager: 0% user + 0% kernel
E/ActivityManager(  316): 100% TOTAL: 71% user + 28% kernel + 0.3% softirq
E/ActivityManager(  316): CPU usage from 11940ms to 14460ms later:
E/ActivityManager(  316):   20% 37/surfaceflinger: 16% user + 3.2% kernel / faults: 2 minor
E/ActivityManager(  316):     15% 68/SurfaceFlinger: 14% user + 1.2% kernel
E/ActivityManager(  316):     2.8% 81/VSyncThread: 0.4% user + 2.4% kernel
E/ActivityManager(  316):     2.8% 87/Binder_1: 1.2% user + 1.6% kernel
E/ActivityManager(  316):     1.2% 37/surfaceflinger: 0% user + 1.2% kernel
E/ActivityManager(  316):     1.2% 84/EventThread: 1.2% user + 0% kernel
E/ActivityManager(  316):     0.8% 371/Binder_2: 0% user + 0.8% kernel
E/ActivityManager(  316):   20% 316/system_server: 16% user + 4.4% kernel / faults: 141 minor
E/ActivityManager(  316):     15% 331/UI: 13% user + 2.4% kernel
E/ActivityManager(  316):     13% 333/ActivityManager: 6.8% user + 6.8% kernel
E/ActivityManager(  316):     3.9% 323/Compiler: 2.4% user + 1.4% kernel
E/ActivityManager(  316):     0.9% 566/Binder_5: 0.9% user + 0% kernel
E/ActivityManager(  316):     0.4% 316/system_server: 0.4% user + 0% kernel
E/ActivityManager(  316):     0.4% 327/Binder_1: 0.4% user + 0% kernel
E/ActivityManager(  316):     0.4% 330/er.ServerThread: 0.4% user + 0% kernel
E/ActivityManager(  316):     0.4% 332/WindowManager: 0.4% user + 0% kernel
E/ActivityManager(  316):     0.4% 373/InputDispatcher: 0.4% user + 0% kernel
E/ActivityManager(  316):     0.4% 494/Binder_3: 0.4% user + 0% kernel
E/ActivityManager(  316):     0.4% 585/Binder_6: 0.4% user + 0% kernel
E/ActivityManager(  316):   9.1% 479/com.android.launcher: 6.8% user + 2.2% kernel / faults: 486 minor
E/ActivityManager(  316):     9.1% 479/ndroid.launcher: 8% user + 1.1% kernel
E/ActivityManager(  316):     2.8% 486/Compiler: 1.1% user + 1.7% kernel
E/ActivityManager(  316):     0.5% 481/GC: 0% user + 0.5% kernel
E/ActivityManager(  316):   6.6% 462/com.android.phone: 4.4% user + 2.2% kernel / faults: 47 minor 1 major
E/ActivityManager(  316):     6% 462/m.android.phone: 4.9% user + 1.1% kernel
E/ActivityManager(  316):     1.1% 470/Compiler: 1.1% user + 0% kernel
E/ActivityManager(  316):    +0% 628/Cat Telephony s: 0% user + 0% kernel
E/ActivityManager(  316):    +0% 629/RilMessageDecod: 0% user + 0% kernel
E/ActivityManager(  316):    +0% 630/Cat Icon Loader: 0% user + 0% kernel
E/ActivityManager(  316):   3.9% 88/bootanimation: 3.9% user + 0% kernel
E/ActivityManager(  316):     4.9% 107/BootAnimation: 4.9% user + 0% kernel
E/ActivityManager(  316):   3.8% 410/com.android.systemui: 3.8% user + 0% kernel / faults: 56 minor
E/ActivityManager(  316):     12% 410/ndroid.systemui: 11% user + 0.9% kernel
E/ActivityManager(  316):     5.7% 430/Compiler: 4.8% user + 0.9% kernel
E/ActivityManager(  316):   0.9% 49/adbd: 0% user + 0.9% kernel / faults: 24 minor
E/ActivityManager(  316):     0.4% 49/adbd: 0% user + 0.4% kernel
E/ActivityManager(  316):   0% 36/rild: 0% user + 0% kernel
E/ActivityManager(  316):     0% 91/rild: 0% user + 0% kernel
E/ActivityManager(  316):   0.5% 526/android.process.acore: 0.5% user + 0% kernel / faults: 4 minor
E/ActivityManager(  316):     0.5% 560/ApplicationsPro: 0.5% user + 0% kernel
E/ActivityManager(  316): 100% TOTAL: 77% user + 22% kernel + 0.6% softirq
W/PackageManager(  316): Unknown permission com.google.android.googleapps.permission.GOOGLE_AUTH.mail in package com.android.contacts
I/Choreographer(  479): Skipped 213 frames!  The application may be doing too much work on its main thread.
I/dalvikvm(  526): Wrote stack traces to '/data/anr/traces.txt'
W/PackageManager(  316): Unknown permission android.permission.ADD_SYSTEM_SERVICE in package com.android.phone
W/PackageManager(  316): Unknown permission com.android.smspush.WAPPUSH_MANAGER_BIND in package com.android.phone
W/PackageManager(  316): Unknown permission com.google.android.googleapps.permission.GOOGLE_AUTH in package com.android.providers.calendar
W/PackageManager(  316): Unknown permission com.google.android.googleapps.permission.GOOGLE_AUTH.cl in package com.android.providers.calendar
W/PackageManager(  316): Unknown permission com.google.android.googleapps.permission.GOOGLE_AUTH.mail in package com.android.calendar
W/PackageManager(  316): Not granting permission android.permission.SEND_DOWNLOAD_COMPLETED_INTENTS to package com.android.browser (protectionLevel=2 flags=0x89be45)
W/PackageManager(  316): Not granting permission android.permission.BIND_APPWIDGET to package com.android.widgetpreview (protectionLevel=18 flags=0x8be44)
W/PackageManager(  316): Unknown permission com.google.android.googleapps.permission.GOOGLE_AUTH in package com.android.settings
W/PackageManager(  316): Unknown permission com.google.android.gallery3d.permission.GALLERY_PROVIDER in package com.android.exchange
W/PackageManager(  316): Unknown permission com.google.android.googleapps.permission.ACCESS_GOOGLE_PASSWORD in package com.android.development
W/PackageManager(  316): Unknown permission com.google.android.googleapps.permission.GOOGLE_AUTH in package com.android.development
W/PackageManager(  316): Unknown permission com.google.android.googleapps.permission.GOOGLE_AUTH.ALL_SERVICES in package com.android.development
W/PackageManager(  316): Unknown permission com.google.android.googleapps.permission.GOOGLE_AUTH.YouTubeUser in package com.android.development
W/PackageManager(  316): Unknown permission com.google.android.gallery3d.permission.GALLERY_PROVIDER in package com.android.email
W/PackageManager(  316): Not granting permission android.permission.DEVICE_POWER to package com.android.deskclock (protectionLevel=2 flags=0x88be45)
D/PhoneStatusBar(  410): disable: < expand icons alerts ticker system_info BACK* HOME* RECENT* CLOCK* SEARCH* >
W/ActivityManager(  316): Killing ProcessRecord{40edf298 410:com.android.systemui/u0a10034}: background ANR
W/InputDispatcher(  316): channel '41032e88 StatusBar (server)' ~ Consumer closed input channel or an error occurred.  events=0x9
E/InputDispatcher(  316): channel '41032e88 StatusBar (server)' ~ Channel is unrecoverably broken and will be disposed!
I/WindowState(  316): WIN DEATH: Window{41032e88 u0 StatusBar}
W/InputDispatcher(  316): Attempted to unregister already unregistered input channel '41032e88 StatusBar (server)'
D/dalvikvm(  479): GC_FOR_ALLOC freed 1518K, 19% free 7336K/9012K, paused 78ms, total 88ms
D/dalvikvm(  316): GC_FOR_ALLOC freed 1646K, 24% free 6056K/7868K, paused 216ms, total 221ms
D/dalvikvm(  316): GC_FOR_ALLOC freed 1041K, 25% free 5911K/7868K, paused 51ms, total 52ms
I/ActivityManager(  316): Process com.android.systemui (pid 410) has died.
W/ActivityManager(  316): Scheduling restart of crashed service com.android.systemui/.ImageWallpaper in 0ms
W/ActivityManager(  316): Scheduling restart of crashed service com.android.systemui/.SystemUIService in 0ms
I/ActivityManager(  316): Start proc com.android.systemui for restart com.android.systemui: pid=648 uid=10034 gids={50034, 1028, 1015, 3002, 3001}
D/dalvikvm(  479): GREF has increased to 201
V/TAG     (  316): bug 7643792: fitSystemWindows([0,0][0,0])
I/Choreographer(  479): Skipped 994 frames!  The application may be doing too much work on its main thread.
W/ServiceWatcher(  316): com.google.android.location not found
W/LocationManagerService(  316): no network location provider found
W/ServiceWatcher(  316): com.google.android.location not found
I/Choreographer(  479): Skipped 110 frames!  The application may be doing too much work on its main thread.
W/WindowManager(  316): Window freeze timeout expired.
W/WindowManager(  316): Force clearing orientation change: Window{40ef4e48 u0 Keyguard}
D/dalvikvm(  316): GC_CONCURRENT freed 305K, 23% free 6077K/7868K, paused 52ms+754ms, total 2014ms
I/Choreographer(  316): Skipped 376 frames!  The application may be doing too much work on its main thread.
E/Trace   (  648): error opening trace file: No such file or directory (2)
I/Choreographer(  316): Skipped 34 frames!  The application may be doing too much work on its main thread.
D/CAT     (  462): CatService: SIM ready. Reporting STK service running now...
I/ActivityManager(  316): Start proc com.android.location.fused for service com.android.location.fused/.FusedLocationService: pid=667 uid=10022 gids={50022, 1028}
D/MccTable(  462): updateMccMncConfiguration: mcc=310, mnc=260
D/TelephonyManager(  462): getLteOnCdmaMode=0 curVal=-1 product_type='' lteOnCdmaProductType=''
D/MccTable(  462): locale set to en_us
D/MccTable(  462): WIFI_COUNTRY_CODE set to us
W/ServiceWatcher(  316): com.google.android.location not found
E/LocationManagerService(  316): no geocoder provider found
E/Trace   (  667): error opening trace file: No such file or directory (2)
D/dalvikvm(  462): GC_CONCURRENT freed 299K, 12% free 2774K/3128K, paused 4ms+205ms, total 576ms
I/WifiService(  316): WifiService trying to set country code to us with persist set to true
I/ActivityManager(  316): Config changes=1403 {1.0 310mcc260mnc en_US ldltr sw320dp w320dp h508dp 240dpi nrml long port finger -keyb/v/h tball/v s.4}
D/SystemUIService(  648): loading: class com.android.systemui.statusbar.phone.PhoneStatusBar
I/Choreographer(  479): Skipped 582 frames!  The application may be doing too much work on its main thread.
D/SystemUIService(  648): running: com.android.systemui.statusbar.phone.PhoneStatusBar@40cd96e0
W/SurfaceFlinger(   37): createScreenshotSurface failed (Function not implemented)
I/Choreographer(  316): Skipped 137 frames!  The application may be doing too much work on its main thread.
W/Settings(  462): Setting auto_time_zone has moved from android.provider.Settings.System to android.provider.Settings.Global, returning read-only value.
I/StatusBarManagerService(  316): registerStatusBar bar=com.android.internal.statusbar.IStatusBar$Stub$Proxy@40eba908
D/MccTable(  462): updateMccMncConfiguration: mcc=310, mnc=260
D/TelephonyManager(  462): getLteOnCdmaMode=0 curVal=-1 product_type='' lteOnCdmaProductType=''
D/MccTable(  462): locale set to en_us
D/MccTable(  462): WIFI_COUNTRY_CODE set to us
I/WifiService(  316): WifiService trying to set country code to us with persist set to true
D/dalvikvm(  479): GC_FOR_ALLOC freed 22K, 13% free 7912K/9012K, paused 280ms, total 304ms
W/WindowManager(  316): Window freeze timeout expired.
W/WindowManager(  316): Force clearing orientation change: Window{4104e380 u0 com.android.launcher/com.android.launcher2.Launcher}
I/dalvikvm-heap(  479): Grow heap (frag case) to 9.244MB for 1536016-byte allocation
I/Choreographer(  316): Skipped 58 frames!  The application may be doing too much work on its main thread.
W/ActivityManager(  316): Activity idle timeout for ActivityRecord{40e44a78 u0 com.android.launcher/com.android.launcher2.Launcher}
I/ActivityManager(  316): Config changes=1400 {1.0 310mcc260mnc en_US ldltr sw320dp w320dp h508dp 240dpi nrml long port finger -keyb/v/h tball/v s.5}
D/dalvikvm(  479): GC_FOR_ALLOC freed 1K, 11% free 9411K/10516K, paused 1109ms, total 1109ms
D/dalvikvm(  316): GC_CONCURRENT freed 1007K, 16% free 5999K/7072K, paused 44ms+9ms, total 1286ms
D/dalvikvm(  316): WAIT_FOR_CONCURRENT_GC blocked 252ms
D/dalvikvm(  316): WAIT_FOR_CONCURRENT_GC blocked 431ms
D/dalvikvm(  316): WAIT_FOR_CONCURRENT_GC blocked 475ms
D/dalvikvm(  316): WAIT_FOR_CONCURRENT_GC blocked 365ms
I/Choreographer(  316): Skipped 201 frames!  The application may be doing too much work on its main thread.
W/WindowManager(  316): App freeze timeout expired.
W/WindowManager(  316): Force clearing freeze: AppWindowToken{40f360b0 token=Token{40e44ed0 ActivityRecord{40e44a78 u0 com.android.launcher/com.android.launcher2.Launcher}}}
W/WallpaperService(  316): Failed attaching wallpaper; clearing
W/WallpaperService(  316): android.os.DeadObjectException
W/WallpaperService(  316): 	at android.os.BinderProxy.transact(Native Method)
W/WallpaperService(  316): 	at android.service.wallpaper.IWallpaperService$Stub$Proxy.attach(IWallpaperService.java:95)
W/WallpaperService(  316): 	at com.android.server.WallpaperManagerService.attachServiceLocked(WallpaperManagerService.java:960)
W/WallpaperService(  316): 	at com.android.server.WallpaperManagerService$WallpaperConnection.onServiceConnected(WallpaperManagerService.java:233)
W/WallpaperService(  316): 	at android.app.LoadedApk$ServiceDispatcher.doConnected(LoadedApk.java:1101)
W/WallpaperService(  316): 	at android.app.LoadedApk$ServiceDispatcher$RunConnection.run(LoadedApk.java:1118)
W/WallpaperService(  316): 	at android.os.Handler.handleCallback(Handler.java:725)
W/WallpaperService(  316): 	at android.os.Handler.dispatchMessage(Handler.java:92)
W/WallpaperService(  316): 	at android.os.Looper.loop(Looper.java:137)
W/WallpaperService(  316): 	at com.android.server.ServerThread.run(SystemServer.java:1000)
I/Choreographer(  316): Skipped 63 frames!  The application may be doing too much work on its main thread.
D/dalvikvm(  648): GC_CONCURRENT freed 111K, 6% free 2670K/2840K, paused 4ms+27ms, total 386ms
D/dalvikvm(  648): WAIT_FOR_CONCURRENT_GC blocked 343ms
I/dalvikvm-heap(  648): Grow heap (frag case) to 3.266MB for 635812-byte allocation
W/Launcher.Model(  479): LoaderTask running with no launcher (loadAllAppsByBatch)
I/Choreographer(  316): Skipped 134 frames!  The application may be doing too much work on its main thread.
D/dalvikvm(  462): GC_CONCURRENT freed 371K, 13% free 2913K/3340K, paused 4ms+4ms, total 833ms
D/dalvikvm(  462): WAIT_FOR_CONCURRENT_GC blocked 559ms
D/dalvikvm(  462): WAIT_FOR_CONCURRENT_GC blocked 504ms
D/dalvikvm(  648): GC_FOR_ALLOC freed 5K, 6% free 3286K/3464K, paused 571ms, total 571ms
D/dalvikvm(  316): GC_FOR_ALLOC freed 246K, 12% free 6260K/7072K, paused 176ms, total 181ms
D/dalvikvm(  316): GC_EXPLICIT freed 120K, 9% free 6535K/7176K, paused 27ms+263ms, total 831ms
E/BluetoothAdapter(  648): Bluetooth binder is null
E/BluetoothAdapter(  648): Bluetooth binder is null
E/BluetoothAdapter(  648): Bluetooth binder is null
D/dalvikvm(  462): GC_CONCURRENT freed 460K, 16% free 2894K/3408K, paused 52ms+130ms, total 852ms
D/dalvikvm(  479): GC_FOR_ALLOC freed 3365K, 38% free 6588K/10516K, paused 573ms, total 588ms
I/dalvikvm-heap(  479): Grow heap (frag case) to 7.858MB for 1440016-byte allocation
D/dalvikvm(  648): GC_CONCURRENT freed 67K, 4% free 3654K/3780K, paused 400ms+215ms, total 722ms
D/dalvikvm(  479): GC_CONCURRENT freed 28K, 25% free 7965K/10516K, paused 14ms+24ms, total 242ms
D/dalvikvm(  479): WAIT_FOR_CONCURRENT_GC blocked 215ms
D/dalvikvm(  316): GC_CONCURRENT freed 936K, 14% free 6642K/7644K, paused 88ms+22ms, total 400ms
D/dalvikvm(  316): WAIT_FOR_CONCURRENT_GC blocked 69ms
D/dalvikvm(  316): WAIT_FOR_CONCURRENT_GC blocked 242ms
D/dalvikvm(  316): WAIT_FOR_CONCURRENT_GC blocked 245ms
D/dalvikvm(  316): WAIT_FOR_CONCURRENT_GC blocked 219ms
D/dalvikvm(  316): WAIT_FOR_CONCURRENT_GC blocked 300ms
D/dalvikvm(  316): WAIT_FOR_CONCURRENT_GC blocked 307ms
I/Choreographer(  316): Skipped 2952 frames!  The application may be doing too much work on its main thread.
E/BluetoothAdapter(  648): Bluetooth binder is null
I/ActivityManager(  316): Start proc android.process.media for broadcast com.android.providers.downloads/.DownloadReceiver: pid=738 uid=10000 gids={50000, 1015, 1023, 1024, 1028, 1006, 2001, 3003, 3007}
E/BluetoothAdapter(  316): Bluetooth binder is null
E/SoundPool(  316): error loading /system/media/audio/ui/Effect_Tick.ogg
W/AudioService(  316): Soundpool could not load file: /system/media/audio/ui/Effect_Tick.ogg
E/SoundPool(  316): error loading /system/media/audio/ui/Effect_Tick.ogg
W/AudioService(  316): Soundpool could not load file: /system/media/audio/ui/Effect_Tick.ogg
E/SoundPool(  316): error loading /system/media/audio/ui/Effect_Tick.ogg
W/AudioService(  316): Soundpool could not load file: /system/media/audio/ui/Effect_Tick.ogg
E/SoundPool(  316): error loading /system/media/audio/ui/Effect_Tick.ogg
W/AudioService(  316): Soundpool could not load file: /system/media/audio/ui/Effect_Tick.ogg
E/SoundPool(  316): error loading /system/media/audio/ui/Effect_Tick.ogg
W/AudioService(  316): Soundpool could not load file: /system/media/audio/ui/Effect_Tick.ogg
E/SoundPool(  316): error loading /system/media/audio/ui/KeypressStandard.ogg
W/AudioService(  316): Soundpool could not load file: /system/media/audio/ui/KeypressStandard.ogg
E/SoundPool(  316): error loading /system/media/audio/ui/KeypressSpacebar.ogg
W/AudioService(  316): Soundpool could not load file: /system/media/audio/ui/KeypressSpacebar.ogg
E/SoundPool(  316): error loading /system/media/audio/ui/KeypressDelete.ogg
W/AudioService(  316): Soundpool could not load file: /system/media/audio/ui/KeypressDelete.ogg
E/SoundPool(  316): error loading /system/media/audio/ui/KeypressReturn.ogg
W/AudioService(  316): Soundpool could not load file: /system/media/audio/ui/KeypressReturn.ogg
W/AudioService(  316): loadSoundEffects(), Error -1 while loading samples
E/BluetoothAdapter(  316): Bluetooth binder is null
V/WiredAccessoryManager(  316): init()
E/Trace   (  738): error opening trace file: No such file or directory (2)
D/ConnectivityService(  316): ConnectivityChange for mobile: CONNECTED/CONNECTED
D/dalvikvm(  316): GC_CONCURRENT freed 1189K, 17% free 6522K/7776K, paused 51ms+48ms, total 924ms
D/dalvikvm(  316): WAIT_FOR_CONCURRENT_GC blocked 284ms
D/dalvikvm(  316): WAIT_FOR_CONCURRENT_GC blocked 673ms
I/Choreographer(  316): Skipped 921 frames!  The application may be doing too much work on its main thread.
D/dalvikvm(  316): GC_FOR_ALLOC freed 1091K, 29% free 5578K/7776K, paused 150ms, total 155ms
I/dalvikvm-heap(  316): Grow heap (frag case) to 6.584MB for 1128976-byte allocation
D/dalvikvm(  316): GC_FOR_ALLOC freed 4K, 25% free 6677K/8880K, paused 249ms, total 249ms
W/ActivityManager(  316): Timeout executing service: ServiceRecord{40e76190 u0 com.android.systemui/.SystemUIService}
I/Process (  316): Sending signal. PID: 648 SIG: 3
I/dalvikvm(  648): threadid=3: reacting to signal 3
D/PhoneStatusBar(  648): disable: < expand icons alerts ticker system_info BACK* HOME* RECENT* CLOCK* SEARCH* >
I/Process (  316): Sending signal. PID: 316 SIG: 3
I/dalvikvm(  316): threadid=3: reacting to signal 3
I/dalvikvm(  648): Wrote stack traces to '/data/anr/traces.txt'
I/dalvikvm(  316): Wrote stack traces to '/data/anr/traces.txt'
D/dalvikvm(  316): GREF has increased to 401
I/Process (  316): Sending signal. PID: 462 SIG: 3
I/dalvikvm(  462): threadid=3: reacting to signal 3
D/dalvikvm(  316): GC_CONCURRENT freed 33K, 25% free 6696K/8880K, paused 111ms+898ms, total 1900ms
I/DownloadManager(  738): in removeSpuriousFiles
D/Launcher.Model(  479): Reload apps on config change. curr_mcc:310 prevmcc:0
I/Choreographer(  479): Skipped 3607 frames!  The application may be doing too much work on its main thread.
D/Tethering(  316): MasterInitialState.processMessage what=3
D/MediaScannerReceiver(  738): action: android.intent.action.MEDIA_MOUNTED path: /mnt/sdcard
I/ActivityManager(  316): Start proc com.android.music for broadcast com.android.music/.MediaButtonIntentReceiver: pid=781 uid=10025 gids={50025, 3003, 1015, 1028}
D/dalvikvm(   38): GC_EXPLICIT freed 34K, 4% free 2381K/2472K, paused 3ms+18ms, total 64ms
D/dalvikvm(   38): GC_EXPLICIT freed <1K, 4% free 2381K/2472K, paused 2ms+13ms, total 64ms
D/dalvikvm(   38): GC_EXPLICIT freed <1K, 4% free 2381K/2472K, paused 2ms+3ms, total 155ms
