I/System.out(  769): {"type":"DSC","xml":"<activity title=\"Tippy Tipper\" name=\"TippyTipper\" class=\"net.mandaria.tippytipper.activities.TippyTipper\" menu=\"TRUE\" keypress=\"FALSE\" longkeypress=\"FALSE\" tab_activity=\"FALSE\" tab_count=\"0\" id=\"\" uid=\"\" root_activity=\"TRUE\">\n  <widget id=\"-1\" class=\"android.widget.LinearLayout\" simple_type=\"linearLayout\" name=\"\" count=\"3\" index=\"0\" enabled=\"TRUE\" visible=\"TRUE\" p_id=\"-1\" p_name=\"\" p_type=\"com.android.internal.policy.impl.PhoneWindow.DecorView\" ancestor_id=\"\" ancestor_type=\"null\"\/>\n  <widget id=\"16909140\" class=\"android.view.ViewStub\" simple_type=\"\" name=\"\" index=\"1\" enabled=\"TRUE\" visible=\"FALSE\" p_id=\"-1\" p_name=\"\" p_type=\"android.widget.LinearLayout\" ancestor_id=\"\" ancestor_type=\"null\"\/>\n  <widget id=\"-1\" class=\"android.widget.FrameLayout\" simple_type=\"\" name=\"\" count=\"1\" index=\"2\" enabled=\"TRUE\" visible=\"TRUE\" p_id=\"-1\" p_name=\"\" p_type=\"android.widget.LinearLayout\" ancestor_id=\"\" ancestor_type=\"null\"\/>\n  <widget id=\"16908310\" class=\"android.widget.TextView\" simple_type=\"text\" r_id=\"title\" text_type=\"0\" name=\"Tippy Tipper\" value=\"Tippy Tipper\" index=\"3\" enabled=\"TRUE\" visible=\"TRUE\" p_id=\"-1\" p_name=\"\" p_type=\"android.widget.FrameLayout\" ancestor_id=\"\" ancestor_type=\"null\"\/>\n  <widget id=\"16908290\" class=\"android.widget.FrameLayout\" simple_type=\"\" r_id=\"content\" name=\"\" count=\"1\" index=\"4\" enabled=\"TRUE\" visible=\"TRUE\" p_id=\"-1\" p_name=\"\" p_type=\"android.widget.LinearLayout\" ancestor_id=\"\" ancestor_type=\"null\"\/>\n  <widget id=\"-1\" class=\"android.widget.LinearLayout\" simple_type=\"linearLayout\" name=\"\" count=\"2\" index=\"5\" enabled=\"TRUE\" visible=\"TRUE\" p_id=\"16908290\" p_name=\"\" p_type=\"android.widget.FrameLayout\" ancestor_id=\"\" ancestor_type=\"\"\/>\n  <widget id=\"-1\" class=\"android.widget.LinearLayout\" simple_type=\"linearLayout\" name=\"\" count=\"2\" index=\"6\" enabled=\"TRUE\" visible=\"TRUE\" p_id=\"-1\" p_name=\"\" p_type=\"android.widget.LinearLayout\" ancestor_id=\"16908290\" ancestor_type=\"android.widget.FrameLayout\"\/>\n  <widget id=\"-1\" class=\"android.widget.TextView\" simple_type=\"text\" text_type=\"0\" name=\"Enter bill amount:\" value=\"Enter bill amount:\" index=\"7\" enabled=\"TRUE\" visible=\"TRUE\" p_id=\"-1\" p_name=\"\" p_type=\"android.widget.LinearLayout\" ancestor_id=\"16908290\" ancestor_type=\"android.widget.FrameLayout\"\/>\n  <widget id=\"2131361792\" class=\"android.widget.EditText\" simple_type=\"editText\" r_id=\"txt_amount\" text_type=\"0\" name=\"\" value=\"$0.00\" index=\"8\" enabled=\"TRUE\" visible=\"TRUE\" p_id=\"-1\" p_name=\"\" p_type=\"android.widget.LinearLayout\" ancestor_id=\"16908290\" ancestor_type=\"android.widget.FrameLayout\"\/>\n  <widget id=\"-1\" class=\"android.widget.LinearLayout\" simple_type=\"linearLayout\" name=\"\" count=\"4\" index=\"9\" enabled=\"TRUE\" visible=\"TRUE\" p_id=\"-1\" p_name=\"\" p_type=\"android.widget.LinearLayout\" ancestor_id=\"16908290\" ancestor_type=\"android.widget.FrameLayout\"\/>\n  <widget id=\"-1\" class=\"android.widget.LinearLayout\" simple_type=\"linearLayout\" name=\"\" count=\"3\" index=\"10\" enabled=\"TRUE\" visible=\"TRUE\" p_id=\"-1\" p_name=\"\" p_type=\"android.widget.LinearLayout\" ancestor_id=\"16908290\" ancestor_type=\"android.widget.FrameLayout\"\/>\n  <widget id=\"2131361793\" class=\"android.widget.Button\" simple_type=\"button\" r_id=\"btn_seven\" text_type=\"0\" name=\"7\" value=\"7\" index=\"11\" enabled=\"TRUE\" visible=\"TRUE\" p_id=\"-1\" p_name=\"\" p_type=\"android.widget.LinearLayout\" ancestor_id=\"16908290\" ancestor_type=\"android.widget.FrameLayout\"\/>\n  <widget id=\"2131361794\" class=\"android.widget.Button\" simple_type=\"button\" r_id=\"btn_eight\" text_type=\"0\" name=\"8\" value=\"8\" index=\"12\" enabled=\"TRUE\" visible=\"TRUE\" p_id=\"-1\" p_name=\"\" p_type=\"android.widget.LinearLayout\" ancestor_id=\"16908290\" ancestor_type=\"android.widget.
D/MmsSmsDatabaseHelper(  458): [MmsSmsDb] tableName: threads hasAutoIncrement: CREATE TABLE threads (_id INTEGER PRIMARY KEY AUTOINCREMENT,date INTEGER DEFAULT 0,message_count INTEGER DEFAULT 0,recipient_ids TEXT,snippet TEXT,snippet_cs INTEGER DEFAULT 0,read INTEGER DEFAULT 1,type INTEGER DEFAULT 0,error INTEGER DEFAULT 0,has_attachment INTEGER DEFAULT 0) result: true
V/RipperService(  769): COVER
V/AndroidRipperService(  769): mHandler.handleMessage() RECIVED
V/AndroidRipperService(  769): broadcast()
I/AndroidRipper(  823): Recived message: COVER
V/RipperTestCase(  823): Dumping coverage data!
V/RipperTestCase(  823): Dumping coverage data!
V/AndroidRipperService(  769): broadcast() done
V/        (  769): ready
I/System.out(  823): EMMA: runtime coverage data written to [/data/data/net.mandaria.tippytipper/coverage1483174030249.ec] {in 46 ms}
V/AndroidRipperService(  769): send()
I/System.out(  769): {"type":"ACK","index":"17"}
V/RipperService(  769): END
V/AndroidRipperService(  769): mHandler.handleMessage() RECIVED
V/AndroidRipperService(  769): broadcast()
I/AndroidRipper(  823): Recived message: END
V/AndroidRipperService(  769): broadcast() done
V/        (  769): ready
V/SERVER  (  769): ServerSocket on PORT 8888: offline
V/AndroidRipperService(  769): mHandler.handleMessage() DISCONNECTED
V/SERVER  (  769): Ready to accept connections on port: 8888
D/MmsSmsDatabaseHelper(  458): [MmsSmsDb] tableName: canonical_addresses hasAutoIncrement: CREATE TABLE canonical_addresses (_id INTEGER PRIMARY KEY AUTOINCREMENT,address TEXT) result: true
I/Launcher(  476): setLoadOnResume
I/Launcher(  476): setLoadOnResume
D/MmsSmsDatabaseHelper(  458): [MmsSmsDb] tableName: part hasAutoIncrement: CREATE TABLE part (_id INTEGER PRIMARY KEY AUTOINCREMENT,mid INTEGER,seq INTEGER DEFAULT 0,ct TEXT,name TEXT,chset INTEGER,cd TEXT,fn TEXT,cid TEXT,cl TEXT,ctt_s INTEGER,ctt_t TEXT,_data TEXT,text TEXT) result: true
D/dalvikvm(  476): GC_FOR_ALLOC freed 162K, 16% free 3302K/3920K, paused 27ms, total 27ms
I/dalvikvm-heap(  476): Grow heap (frag case) to 3.770MB for 518416-byte allocation
V/AndroidRipperService(  769): unregister()
D/PermissionCache(   37): checking android.permission.READ_FRAME_BUFFER for uid=1000 => granted (1166 us)
W/WindowManager(  304): Failure taking screenshot for (236x394) to layer 21010
W/SurfaceFlinger(   37): createScreenshotSurface failed (Function not implemented)
I/ActivityManager(  304): Config changes=1480 {1.0 310mcc260mnc en_US ldltr sw320dp w320dp h508dp 240dpi nrml long port finger -keyb/v/h tball/v s.8}
I/InputReader(  304): Reconfiguring input devices.  changes=0x00000004
I/InputReader(  304): Device reconfigured: id=0, name='qwerty2', size 480x800, orientation 0, mode 1, display id 0
D/dalvikvm(  476): GC_CONCURRENT freed 3K, 15% free 3805K/4428K, paused 173ms+63ms, total 289ms
D/dalvikvm(  476): WAIT_FOR_CONCURRENT_GC blocked 196ms
D/dalvikvm(  476): WAIT_FOR_CONCURRENT_GC blocked 204ms
D/dalvikvm(  476): GC_FOR_ALLOC freed <1K, 15% free 3806K/4428K, paused 100ms, total 101ms
I/dalvikvm-heap(  476): Grow heap (frag case) to 4.262MB for 518416-byte allocation
D/dalvikvm(  693): GC_FOR_ALLOC freed 9053K, 8% free 3903K/4240K, paused 180ms, total 187ms
D/dalvikvm(  476): GC_FOR_ALLOC freed <1K, 13% free 4312K/4936K, paused 57ms, total 57ms
D/dalvikvm(  476): GC_CONCURRENT freed 2K, 13% free 4310K/4936K, paused 17ms+13ms, total 54ms
D/dalvikvm(  476): WAIT_FOR_CONCURRENT_GC blocked 38ms
I/dalvikvm-heap(  476): Grow heap (frag case) to 4.755MB for 518416-byte allocation
I/dalvikvm-heap(  693): Grow heap (frag case) to 9.976MB for 6410576-byte allocation
D/dalvikvm(  693): GC_FOR_ALLOC freed 2K, 4% free 10161K/10504K, paused 57ms, total 57ms
D/dalvikvm(  476): GC_FOR_ALLOC freed <1K, 12% free 4816K/5444K, paused 49ms, total 68ms
D/dalvikvm(  476): GREF has increased to 201
D/dalvikvm(  693): GC_CONCURRENT freed <1K, 4% free 10162K/10504K, paused 5ms+13ms, total 85ms
D/dalvikvm(  476): GC_FOR_ALLOC freed 11K, 12% free 4823K/5444K, paused 44ms, total 45ms
I/dalvikvm-heap(  476): Grow heap (frag case) to 5.256MB for 518416-byte allocation
D/dalvikvm(  476): GC_FOR_ALLOC freed 1K, 11% free 5328K/5952K, paused 51ms, total 51ms
D/dalvikvm(  476): GC_FOR_ALLOC freed <1K, 11% free 5329K/5952K, paused 41ms, total 55ms
I/dalvikvm-heap(  476): Grow heap (frag case) to 5.750MB for 518416-byte allocation
D/dalvikvm(  476): GC_FOR_ALLOC freed <1K, 10% free 5835K/6460K, paused 41ms, total 41ms
I/Choreographer(  476): Skipped 102 frames!  The application may be doing too much work on its main thread.
D/dalvikvm(  693): GC_FOR_ALLOC freed <1K, 4% free 10162K/10504K, paused 37ms, total 37ms
E/SurfaceFlinger(   37): ro.sf.lcd_density must be defined as a build property
I/dalvikvm-heap(  693): Grow heap (frag case) to 12.672MB for 2828816-byte allocation
D/dalvikvm(  693): GC_CONCURRENT freed 0K, 3% free 12924K/13268K, paused 4ms+15ms, total 67ms
D/dalvikvm(  693): WAIT_FOR_CONCURRENT_GC blocked 41ms
W/IInputConnectionWrapper(  823): showStatusIcon on inactive InputConnection
I/Choreographer(  476): Skipped 115 frames!  The application may be doing too much work on its main thread.
D/dalvikvm(  476): GC_FOR_ALLOC freed 1595K, 28% free 5040K/6968K, paused 26ms, total 30ms
W/InputMethodManager(  476): Ignoring onBind: cur seq=4, given seq=3
D/gralloc_goldfish(  476): Emulator without GPU emulation detected.
W/WindowManager(  304): Window freeze timeout expired.
W/WindowManager(  304): Force clearing orientation change: Window{40ff4538 u0 com.android.launcher/com.android.launcher2.Launcher}
W/WindowManager(  304): Force clearing orientation change: Window{40fc9f18 u0 com.android.systemui.ImageWallpaper}
I/ARMAssembler(   37): generated scanline__00000077:03515104_00009500_00000000 [ 33 ipp] (47 ins) at [0x4182baa0:0x4182bb5c] in 332000 ns
I/ActivityManager(  304): Displayed com.android.launcher/com.android.launcher2.Launcher: +1m11s364ms
D/FlurryAgent(  823): Ending session
V/AndroidRipperService(  769): unregister()
D/dalvikvm(  823): JIT unchain all for threadid=15
D/dalvikvm(  304): GC_EXPLICIT freed 142K, 35% free 5768K/8768K, paused 4ms+7ms, total 106ms
D/dalvikvm(  823): JIT unchain all for threadid=15
D/dalvikvm(  823): GC_EXPLICIT freed 324K, 14% free 3155K/3656K, paused 274ms+280ms, total 611ms
D/ExchangeService(  872): Received deviceId from Email app: androidc259148960
D/ExchangeService(  872): Reconciling accounts...
D/ExchangeService(  872): !!! EAS ExchangeService, onStartCommand, startingUp = true, running = false
D/dalvikvm(  823): JIT unchain all for threadid=15
D/Eas Debug(  872): Logging: 
D/dalvikvm(  823): JIT unchain all for threadid=15
D/dalvikvm(  823): GC_EXPLICIT freed 9K, 14% free 3147K/3656K, paused 284ms+271ms, total 597ms
D/PolideaInstrumentationTestRunner(  823): Finished test: testApplication(it.unina.android.ripper.RipperTestCase)
I/TestRunner(  823): finished: testApplication(it.unina.android.ripper.RipperTestCase)
I/TestRunner(  823): passed: testApplication(it.unina.android.ripper.RipperTestCase)
I/System.out(  823): EMMA: runtime coverage data written to [/data/data/net.mandaria.tippytipper/files/coverage.ec] {in 38 ms}
D/PolideaInstrumentationTestRunner(  823): Post processing
D/PolideaInstrumentationTestRunner(  823): Packages: 1
D/PolideaInstrumentationTestRunner(  823): Processing package package it.unina.android.ripper
D/PolideaInstrumentationTestRunner(  823): Writing to file /data/data/net.mandaria.tippytipper/files/it.unina.android.ripper-TEST.xml
D/PolideaInstrumentationTestRunner(  823): closing file
D/AndroidRuntime(  794): Shutting down VM
D/dalvikvm(  794): GC_CONCURRENT freed 95K, 18% free 462K/560K, paused 1ms+0ms, total 10ms
I/ActivityManager(  304): Force stopping package net.mandaria.tippytipper appid=10048 user=0
I/ActivityManager(  304): Killing proc 823:net.mandaria.tippytipper/u0a10048: force stop net.mandaria.tippytipper
D/MmsSmsDatabaseHelper(  458): [MmsSmsDb] tableName: pdu hasAutoIncrement: CREATE TABLE pdu (_id INTEGER PRIMARY KEY AUTOINCREMENT,thread_id INTEGER,date INTEGER,date_sent INTEGER DEFAULT 0,msg_box INTEGER,read INTEGER DEFAULT 0,m_id TEXT,sub TEXT,sub_cs INTEGER,ct_t TEXT,ct_l TEXT,exp INTEGER,m_cls TEXT,m_type INTEGER,v INTEGER,m_size INTEGER,pri INTEGER,rr INTEGER,rpt_a INTEGER,resp_st INTEGER,st INTEGER,tr_id TEXT,retr_st INTEGER,retr_txt TEXT,retr_txt_cs INTEGER,read_status INTEGER,ct_cls INTEGER,resp_txt TEXT,d_tm INTEGER,d_rpt INTEGER,locked INTEGER DEFAULT 0,seen INTEGER DEFAULT 0,text_only INTEGER DEFAULT 0) result: true
D/MmsSmsDatabaseHelper(  458): [getWritableDatabase] hasAutoIncrementThreads: true hasAutoIncrementAddresses: true hasAutoIncrementPart: true hasAutoIncrementPdu: true
D/dalvikvm(  476): GC_CONCURRENT freed 470K, 23% free 5345K/6884K, paused 4ms+4ms, total 42ms
W/Resources(   38): Preloaded drawable resource #0x10805f6 (android:drawable/textfield_search_right_selected_holo_light) that varies with configuration!!
W/Resources(   38): Preloaded drawable resource #0x10805f4 (android:drawable/textfield_search_right_default_holo_light) that varies with configuration!!
W/Resources(   38): Preloaded drawable resource #0x10805f4 (android:drawable/textfield_search_right_default_holo_light) that varies with configuration!!
W/Resources(   38): Preloaded drawable resource #0x10805f8 (android:drawable/textfield_search_selected_holo_dark) that varies with configuration!!
W/Resources(   38): Preloaded drawable resource #0x10805ec (android:drawable/textfield_search_default_holo_dark) that varies with configuration!!
W/Resources(   38): Preloaded drawable resource #0x10805f5 (android:drawable/textfield_search_right_selected_holo_dark) that varies with configuration!!
W/Resources(   38): Preloaded drawable resource #0x10805f3 (android:drawable/textfield_search_right_default_holo_dark) that varies with configuration!!
W/Resources(   38): Preloaded drawable resource #0x10805f9 (android:drawable/textfield_search_selected_holo_light) that varies with configuration!!
W/Resources(   38): Preloaded drawable resource #0x10805ed (android:drawable/textfield_search_default_holo_light) that varies with configuration!!
W/Resources(   38): Preloaded drawable resource #0x10805f6 (android:drawable/textfield_search_right_selected_holo_light) that varies with configuration!!
W/Resources(   38): Preloaded drawable resource #0x10805f4 (android:drawable/textfield_search_right_default_holo_light) that varies with configuration!!
D/dalvikvm(   38): GC_EXPLICIT freed 47K, 26% free 2364K/3156K, paused 2ms+3ms, total 30ms
W/Resources(   38): Preloaded drawable resource #0x10805c1 (android:drawable/tab_unselected_holo) that varies with configuration!!
W/Resources(   38): Preloaded drawable resource #0x10805bc (android:drawable/tab_selected_holo) that varies with configuration!!
W/Resources(   38): Preloaded drawable resource #0x10805c0 (android:drawable/tab_unselected_focused_holo) that varies with configuration!!
W/Resources(   38): Preloaded drawable resource #0x10805bb (android:drawable/tab_selected_focused_holo) that varies with configuration!!
W/Resources(   38): Preloaded drawable resource #0x10805c2 (android:drawable/tab_unselected_pressed_holo) that varies with configuration!!
W/Resources(   38): Preloaded drawable resource #0x10805bd (android:drawable/tab_selected_pressed_holo) that varies with configuration!!
W/Resources(   38): Preloaded drawable resource #0x10805c2 (android:drawable/tab_unselected_pressed_holo) that varies with configuration!!
W/Resources(   38): Preloaded drawable resource #0x10805bd (android:drawable/tab_selected_pressed_holo) that varies with configuration!!
W/Resources(   38): Preloaded drawable resource #0x10805bd (android:drawable/tab_selected_pressed_holo) that varies with configuration!!
W/Resources(   38): Preloaded drawable resource #0x10805c1 (android:drawable/tab_unselected_holo) that varies with configuration!!
W/Resources(   38): Preloaded drawable resource #0x10805bc (android:drawable/tab_selected_holo) that varies with configuration!!
W/Resources(   38): Preloaded drawable resource #0x10805c0 (android:drawable/tab_unselected_focused_holo) that varies with configuration!!
W/Resources(   38): Preloaded drawable resource #0x10805bb (android:drawable/tab_selected_focused_holo) that varies with configuration!!
W/Resources(   38): Preloaded drawable resource #0x10805c2 (android:drawable/tab_unselected_pressed_holo) that varies with configuration!!
W/Resources(   38): Preloaded drawable resource #0x10805bd (android:drawable/tab_selected_pressed_holo) that varies with configuration!!
W/Resources(   38): Preloaded drawable resource #0x10804a5 (android:drawable/quickcontact_badge_overlay_pressed_dark) that varies with configuration!!
W/Resources(   38): Preloaded drawable resource #0x10804a0 (android:drawable/quickcontact_badge_overlay_focused_dark) that varies with configuration!!
W/Resources(   38): Preloaded drawable resource #0x10804a3 (android:drawable/quickcontact_badge_overlay_normal_dark) that varies with configuration!!
W/Resources(   38): Preloaded drawable resource #0x10804a3 (android:drawable/quickcontact_badge_overlay_normal_dark) that varies with configuration!!
W/Resources(   38): Preloaded drawable resource #0x10804a3 (android:drawable/quickcontact_badge_overlay_normal_dark) that varies with configuration!!
D/dalvikvm(   38): GC_EXPLICIT freed 56K, 26% free 2365K/3156K, paused 2ms+2ms, total 52ms
W/Resources(   38): Preloaded drawable resource #0x10804a5 (android:drawable/quickcontact_badge_overlay_pressed_dark) that varies with configuration!!
W/Resources(   38): Preloaded drawable resource #0x10804a6 (android:drawable/quickcontact_badge_overlay_pressed_light) that varies with configuration!!
W/Resources(   38): Preloaded drawable resource #0x10804a1 (android:drawable/quickcontact_badge_overlay_focused_light) that varies with configuration!!
W/Resources(   38): Preloaded drawable resource #0x10804a4 (android:drawable/quickcontact_badge_overlay_normal_light) that varies with configuration!!
W/Resources(   38): Preloaded drawable resource #0x10804a4 (android:drawable/quickcontact_badge_overlay_normal_light) that varies with configuration!!
W/Resources(   38): Preloaded drawable resource #0x10804a4 (android:drawable/quickcontact_badge_overlay_normal_light) that varies with configuration!!
W/Resources(   38): Preloaded drawable resource #0x10804a6 (android:drawable/quickcontact_badge_overlay_pressed_light) that varies with configuration!!
I/Zygote  (   38): ...preloaded 270 resources in 10002ms.
D/dalvikvm(   38): WAIT_FOR_CONCURRENT_GC blocked 1ms
D/dalvikvm(   38): GC_EXPLICIT freed 48K, 25% free 2369K/3156K, paused 2ms+7ms, total 47ms
I/Zygote  (   38): ...preloaded 31 resources in 85ms.
D/dalvikvm(   38): GC_EXPLICIT freed 9K, 25% free 2377K/3156K, paused 2ms+6ms, total 43ms
D/dalvikvm(   38): GC_EXPLICIT freed 7K, 25% free 2369K/3156K, paused 2ms+52ms, total 126ms
D/dalvikvm(   38): GC_EXPLICIT freed <1K, 25% free 2369K/3156K, paused 4ms+44ms, total 87ms
I/dalvikvm(   38): System server process 322 has been created
I/Zygote  (   38): Accepting command socket connections
E/BatteryService(  322): usbOnlinePath not found
E/BatteryService(  322): wirelessOnlinePath not found
E/BatteryService(  322): batteryVoltagePath not found
E/BatteryService(  322): batteryTemperaturePath not found
I/sysproc (  322): Entered system_init()
I/sysproc (  322): ServiceManager: 0x2a150d08
D/SensorService(  322): nuSensorService starting...
I/SensorService(  322): Goldfish 3-axis Accelerometer
I/SensorService(  322): Goldfish 3-axis Magnetic field sensor
I/SensorService(  322): Goldfish Orientation sensor
I/SensorService(  322): Goldfish Temperature sensor
I/SensorService(  322): Goldfish Proximity sensor
D/SensorService(  322): nuSensorService thread starting...
I/sysproc (  322): System server: starting Android runtime.
I/sysproc (  322): System server: starting Android services.
I/SystemServer(  322): Entered the Android system server!
I/sysproc (  322): System server: entering thread pool.
I/SystemServer(  322): Waiting for installd to be ready.
I/Installer(  322): connecting...
I/installd(   41): new connection
I/SystemServer(  322): Enabled StrictMode logging for UI Looper
I/SystemServer(  322): Enabled StrictMode logging for WM Looper
I/SystemServer(  322): Entropy Mixer
I/SystemServer(  322): Power Manager
E/PowerManagerService-JNI(  322): Couldn't load power module (No such file or directory)
I/SystemServer(  322): Activity Manager
I/ActivityManager(  322): Memory class: 48
W/UsageStats(  322): Usage stats version changed; dropping
I/ActivityManager(  322): Enabled StrictMode logging for AThread's Looper
I/SystemServer(  322): Display Manager
E/SurfaceFlinger(   37): ro.sf.lcd_density must be defined as a build property
I/DisplayManagerService(  322): Display device added: DisplayDeviceInfo{"Built-in Screen": 480 x 800, 260.416 fps, density 240, 240.0 x 240.0 dpi, touch INTERNAL, FLAG_DEFAULT_DISPLAY, FLAG_ROTATES_WITH_CONTENT, FLAG_SECURE, FLAG_SUPPORTS_PROTECTED_BUFFERS, rotation 0, type BUILT_IN, address null}
I/SystemServer(  322): Telephony Registry
I/SystemServer(  322): Scheduling Policy
I/SystemServer(  322): Package Manager
D/dalvikvm(  322): GC_CONCURRENT freed 190K, 9% free 2655K/2900K, paused 5ms+11ms, total 71ms
D/dalvikvm(  322): GC_CONCURRENT freed 287K, 11% free 2769K/3112K, paused 4ms+58ms, total 99ms
W/PackageManager(  322): Running ENG build: no pre-dexopt!
D/dalvikvm(  322): GC_CONCURRENT freed 219K, 9% free 2939K/3216K, paused 46ms+6ms, total 135ms
W/PackageParser(  322): No actions in intent filter at /system/app/Contacts.apk Binary XML file line #533
D/dalvikvm(  322): GC_CONCURRENT freed 193K, 8% free 3160K/3408K, paused 6ms+26ms, total 70ms
D/dalvikvm(  322): GC_CONCURRENT freed 218K, 8% free 3330K/3604K, paused 6ms+5ms, total 99ms
W/PackageManager(  322): Package com.android.camera desires unavailable shared library com.google.android.media.effects; ignoring!
D/PackageManager(  322): No files in app dir /vendor/app
D/dalvikvm(  322): GC_CONCURRENT freed 231K, 8% free 3567K/3856K, paused 4ms+21ms, total 93ms
W/PackageParser(  322): No actions in intent filter at /data/app/ApiDemos.apk Binary XML file line #2737
W/PackageParser(  322): No actions in intent filter at /data/app/ApiDemos.apk Binary XML file line #2743
W/PackageManager(  322): Package com.example.android.apis desires unavailable shared library com.example.will.never.exist; ignoring!
D/dalvikvm(  322): GC_CONCURRENT freed 213K, 7% free 3751K/4024K, paused 5ms+16ms, total 131ms
I/PackageParser(  322): net.fercanet.LNM: compat added android.permission.READ_PHONE_STATE
I/PackageManager(  322): Time to scan packages: 5.22 seconds
W/PackageManager(  322): Unknown permission com.google.android.googleapps.permission.GOOGLE_AUTH.mail in package com.android.contacts
W/PackageManager(  322): Unknown permission android.permission.ADD_SYSTEM_SERVICE in package com.android.phone
W/PackageManager(  322): Unknown permission com.android.smspush.WAPPUSH_MANAGER_BIND in package com.android.phone
W/PackageManager(  322): Unknown permission com.google.android.googleapps.permission.GOOGLE_AUTH in package com.android.providers.calendar
W/PackageManager(  322): Unknown permission com.google.android.googleapps.permission.GOOGLE_AUTH.cl in package com.android.providers.calendar
W/PackageManager(  322): Unknown permission com.google.android.googleapps.permission.GOOGLE_AUTH.mail in package com.android.calendar
W/PackageManager(  322): Not granting permission android.permission.SEND_DOWNLOAD_COMPLETED_INTENTS to package com.android.browser (protectionLevel=2 flags=0x9be45)
W/PackageManager(  322): Not granting permission android.permission.BIND_APPWIDGET to package com.android.widgetpreview (protectionLevel=18 flags=0x8be44)
W/PackageManager(  322): Unknown permission com.google.android.googleapps.permission.GOOGLE_AUTH in package com.android.settings
W/PackageManager(  322): Unknown permission com.google.android.gallery3d.permission.GALLERY_PROVIDER in package com.android.exchange
W/PackageManager(  322): Unknown permission com.google.android.googleapps.permission.ACCESS_GOOGLE_PASSWORD in package com.android.development
W/PackageManager(  322): Unknown permission com.google.android.googleapps.permission.GOOGLE_AUTH in package com.android.development
W/PackageManager(  322): Unknown permission com.google.android.googleapps.permission.GOOGLE_AUTH.ALL_SERVICES in package com.android.development
W/PackageManager(  322): Unknown permission com.google.android.googleapps.permission.GOOGLE_AUTH.YouTubeUser in package com.android.development
W/PackageManager(  322): Unknown permission com.google.android.gallery3d.permission.GALLERY_PROVIDER in package com.android.email
W/PackageManager(  322): Not granting permission android.permission.DEVICE_POWER to package com.android.deskclock (protectionLevel=2 flags=0x8be45)
D/dalvikvm(  322): GC_EXPLICIT freed 336K, 11% free 3711K/4144K, paused 2ms+3ms, total 54ms
I/SystemServer(  322): User Service
I/SystemServer(  322): Account Manager
I/SystemServer(  322): Content Manager
I/SystemServer(  322): System Content Providers
I/SystemServer(  322): Lights Service
I/SystemServer(  322): Battery Service
I/SystemServer(  322): Vibrator Service
I/libsuspend(  322): Selected early suspend
I/libsuspend(  322): Starting early suspend unblocker thread
D/PermissionCache(   37): checking android.permission.ACCESS_SURFACE_FLINGER for uid=1000 => granted (2748 us)
D/SurfaceFlinger(   37): Screen acquired, type=0 flinger=0x2a007318
D/SurfaceFlinger(   37):  screen was previously acquired
I/SystemServer(  322): Alarm Manager
D/AlarmManagerService(  322): Kernel timezone updated to 0 minutes west of GMT
I/SystemServer(  322): Init Watchdog
I/SystemServer(  322): Input Manager
I/InputManager(  322): Initializing input manager, mUseDevInputEventForAudioJack=false
I/SystemServer(  322): Window Manager
E/SoundPool(  322): error loading /system/media/audio/ui/Lock.ogg
W/KeyguardViewMediator(  322): failed to load lock sound from /system/media/audio/ui/Lock.ogg
E/SoundPool(  322): error loading /system/media/audio/ui/Unlock.ogg
W/KeyguardViewMediator(  322): failed to load unlock sound from /system/media/audio/ui/Unlock.ogg
D/dalvikvm(  322): GC_CONCURRENT freed 274K, 9% free 3893K/4236K, paused 4ms+16ms, total 242ms
I/InputManager(  322): Starting input manager
I/SystemServer(  322): No Bluetooh Service (emulator)
I/SystemServer(  322): Input Method Service
W/InputMethodManagerService(  322): Couldn't create dir.: /data/system/inputmethod
I/EventHub(  322): New device: id=1, fd=90, path='/dev/input/event0', name='qwerty2', classes=0x2d, configuration='/system/usr/idc/qwerty2.idc', keyLayout='/system/usr/keylayout/qwerty.kl', keyCharacterMap='/system/usr/keychars/qwerty2.kcm', builtinKeyboard=true, usingSuspendBlockIoctl=false, usingClockIoctl=false
E/EventHub(  322): could not get driver version for /dev/input/mouse0, Not a typewriter
E/EventHub(  322): could not get driver version for /dev/input/mice, Not a typewriter
I/InputReader(  322): Device added: id=-1, name='Virtual', sources=0x00000301
I/InputReader(  322):   Touch device 'qwerty2' could not query the properties of its associated display.  The device will be inoperable until the display size becomes available.
I/InputReader(  322): Device added: id=0, name='qwerty2', sources=0x00011307
E/Trace   (  322): error opening trace file: No such file or directory (2)
I/SystemServer(  322): Accessibility Manager
I/ActivityManager(  322): Config changes=15f8 {1.0 ?mcc?mnc en_US ldltr sw320dp w320dp h508dp 240dpi nrml long port ?uimode ?night finger -keyb/v/h tball/v s.2}
I/InputReader(  322): Reconfiguring input devices.  changes=0x00000004
I/InputReader(  322): Device reconfigured: id=0, name='qwerty2', size 480x800, orientation 0, mode 1, display id 0
I/InputReader(  322): Reconfiguring input devices.  changes=0x00000004
I/InputReader(  322): Device reconfigured: id=0, name='qwerty2', size 480x800, orientation 0, mode 1, display id 0
I/SystemServer(  322): Mount Service
D/MountService(  322): got storage path: /mnt/sdcard description: USB storage primary: true removable: false emulated: false mtpReserve: 0 allowMassStorage: false maxFileSize: 0
D/MountService(  322): addVolumeLocked() StorageVolume [mStorageId=0 mPath=/mnt/sdcard mDescriptionId=17040615 mPrimary=true mRemovable=false mEmulated=false mMtpReserveSpace=0 mAllowMassStorage=false mMaxFileSize=0 mOwner=null]
I/SystemServer(  322): LockSettingsService
I/SystemServer(  322): Device Policy
I/SystemServer(  322): Status Bar
I/SystemServer(  322): Clipboard Service
I/SystemServer(  322): NetworkManagement Service
D/dalvikvm(  322): GREF has increased to 201
I/SystemServer(  322): Text Service Manager Service
D/MountService(  322): volume state changed for /mnt/sdcard (null -> unmounted)
I/PackageManager(  322): Updating external media status from unmounted to unmounted
W/MountService(  322): getSecureContainerList() called when storage not mounted
I/PackageManager(  322): No secure containers on sdcard
W/PackageManager(  322): Unknown permission com.google.android.googleapps.permission.GOOGLE_AUTH.mail in package com.android.contacts
W/PackageManager(  322): Unknown permission android.permission.ADD_SYSTEM_SERVICE in package com.android.phone
W/PackageManager(  322): Unknown permission com.android.smspush.WAPPUSH_MANAGER_BIND in package com.android.phone
W/PackageManager(  322): Unknown permission com.google.android.googleapps.permission.GOOGLE_AUTH in package com.android.providers.calendar
W/PackageManager(  322): Unknown permission com.google.android.googleapps.permission.GOOGLE_AUTH.cl in package com.android.providers.calendar
W/PackageManager(  322): Unknown permission com.google.android.googleapps.permission.GOOGLE_AUTH.mail in package com.android.calendar
W/PackageManager(  322): Not granting permission android.permission.SEND_DOWNLOAD_COMPLETED_INTENTS to package com.android.browser (protectionLevel=2 flags=0x89be45)
W/PackageManager(  322): Not granting permission android.permission.BIND_APPWIDGET to package com.android.widgetpreview (protectionLevel=18 flags=0x8be44)
W/PackageManager(  322): Unknown permission com.google.android.googleapps.permission.GOOGLE_AUTH in package com.android.settings
W/PackageManager(  322): Unknown permission com.google.android.gallery3d.permission.GALLERY_PROVIDER in package com.android.exchange
W/PackageManager(  322): Unknown permission com.google.android.googleapps.permission.ACCESS_GOOGLE_PASSWORD in package com.android.development
W/PackageManager(  322): Unknown permission com.google.android.googleapps.permission.GOOGLE_AUTH in package com.android.development
W/PackageManager(  322): Unknown permission com.google.android.googleapps.permission.GOOGLE_AUTH.ALL_SERVICES in package com.android.development
W/PackageManager(  322): Unknown permission com.google.android.googleapps.permission.GOOGLE_AUTH.YouTubeUser in package com.android.development
W/PackageManager(  322): Unknown permission com.google.android.gallery3d.permission.GALLERY_PROVIDER in package com.android.email
W/PackageManager(  322): Not granting permission android.permission.DEVICE_POWER to package com.android.deskclock (protectionLevel=2 flags=0x88be45)
I/SystemServer(  322): NetworkStats Service
I/SystemServer(  322): NetworkPolicy Service
I/SystemServer(  322): Wi-Fi P2pService
D/dalvikvm(  322): GC_CONCURRENT freed 287K, 8% free 4086K/4400K, paused 64ms+6ms, total 164ms
I/SystemServer(  322): Wi-Fi Service
E/CommandListener(   34): Failed to open /proc/sys/net/ipv6/conf/wlan0/disable_ipv6: No such file or directory
E/WifiStateMachine(  322): Failed to disable IPv6: java.lang.IllegalStateException: command '1 interface ipv6 wlan0 disable' failed with '400 1 Failed to change IPv6 state (No such file or directory)'
I/SystemServer(  322): Connectivity Service
D/ConnectivityService(  322): ConnectivityService starting up
E/MobileDataStateTracker(  322): default: Ignoring feature request because could not acquire PhoneService
E/MobileDataStateTracker(  322): default: Could not enable APN type "default"
I/WifiService(  322): WifiService starting up with Wi-Fi disabled
I/SystemServer(  322): Network Service Discovery Service
D/NsdService(  322): Network service discovery enabled true
I/SystemServer(  322): Throttle Service
I/SystemServer(  322): UpdateLock Service
I/SystemServer(  322): Notification Manager
I/SystemServer(  322): Device Storage Monitor
I/SystemServer(  322): Location Manager
I/SystemServer(  322): Country Detector
I/SystemServer(  322): Search Service
I/SystemServer(  322): DropBox Service
I/SystemServer(  322): Wallpaper Service
I/SystemServer(  322): Audio Service
D/dalvikvm(  322): GC_CONCURRENT freed 294K, 8% free 4225K/4588K, paused 5ms+63ms, total 179ms
I/SystemServer(  322): Dock Observer
W/DockObserver(  322): This kernel does not have dock station support
I/SystemServer(  322): Wired Accessory Manager
W/WiredAccessoryManager(  322): This kernel does not have wired headset support
W/WiredAccessoryManager(  322): This kernel does not have usb audio support
W/WiredAccessoryManager(  322): This kernel does not have HDMI audio support
I/SystemServer(  322): USB Service
I/SystemServer(  322): Serial Service
I/SystemServer(  322): Twilight Service
I/SystemServer(  322): UI Mode Manager Service
I/SystemServer(  322): Backup Service
I/BackupManagerService(  322): Found stale backup journal, scheduling
I/BackupManagerService(  322):   android
I/BackupManagerService(  322):   com.android.browser
I/BackupManagerService(  322):   com.android.calendar
I/BackupManagerService(  322):   com.android.inputmethod.latin
I/BackupManagerService(  322):   com.android.providers.settings
I/BackupManagerService(  322):   com.android.providers.userdictionary
I/BackupManagerService(  322):   com.android.sharedstoragebackup
I/BackupManagerService(  322): Backup enabled => true
I/SystemServer(  322): AppWidget Service
I/SystemServer(  322): Recognition Service
I/SystemServer(  322): DiskStats Service
I/SystemServer(  322): SamplingProfiler Service
I/SystemServer(  322): NetworkTimeUpdateService
I/SystemServer(  322): CommonTimeManagementService
I/SystemServer(  322): CertBlacklister
I/SystemServer(  322): Dreams Service
I/WindowManager(  322): SAFE MODE not enabled
D/dalvikvm(  322): JIT started for system_server
D/dalvikvm(  322): GC_CONCURRENT freed 302K, 8% free 4319K/4684K, paused 134ms+119ms, total 410ms
I/ActivityManager(  322): System now ready
I/SystemServer(  322): Making services ready
I/Zygote  (  322): Process: zygote socket opened
I/ActivityManager(  322): Start proc com.android.systemui for service com.android.systemui/.SystemUIService: pid=438 uid=10034 gids={50034, 1028, 1015, 3002, 3001}
I/Vold    (   32): /dev/block/vold/179:0 being considered for volume sdcard
D/Vold    (   32): Volume sdcard state changing 1 (Idle-Unmounted) -> 3 (Checking)
D/MountService(  322): volume state changed for /mnt/sdcard (unmounted -> checking)
D/MountService(  322): sendStorageIntent Intent { act=android.intent.action.MEDIA_CHECKING dat=file:///mnt/sdcard (has extras) } to UserHandle{-1}
I//system/bin/fsck_msdos(   32): ** /dev/block/vold/179:0
D/NetworkManagementService(  322): not enabling bandwidth control
I/keystore(   42): uid: 1000 action: e -> 7 state: 3 -> 3 retry: 4
W/NetworkStats(  322): bandwidth controls disabled, unable to track stats
W/NetworkPolicy(  322): bandwidth controls disabled, unable to enforce policy
I/keystore(   42): uid: 1000 action: e -> 7 state: 3 -> 3 retry: 4
I/ActivityManager(  322): Config changes=200 {1.0 ?mcc?mnc en_US ldltr sw320dp w320dp h508dp 240dpi nrml long port finger -keyb/v/h tball/v s.3}
W/RecognitionManagerService(  322): no available voice recognition services found for user 0
I//system/bin/fsck_msdos(   32): ** Phase 1 - Read and Compare FATs
I//system/bin/fsck_msdos(   32): Attempting to allocate 2044 KB for FAT
E/Trace   (  438): error opening trace file: No such file or directory (2)
D/SystemUIService(  438): loading: class com.android.systemui.statusbar.phone.PhoneStatusBar
D/SystemUIService(  438): running: com.android.systemui.statusbar.phone.PhoneStatusBar@40cd2af8
I/StatusBarManagerService(  322): registerStatusBar bar=com.android.internal.statusbar.IStatusBar$Stub$Proxy@40f27be0
D/dalvikvm(  322): GC_CONCURRENT freed 105K, 4% free 4717K/4888K, paused 49ms+53ms, total 473ms
D/dalvikvm(  322): WAIT_FOR_CONCURRENT_GC blocked 392ms
W/InputMethodManagerService(  322): Ignoring setImeWindowStatus of uid 1000 token: null
W/InputMethodManagerService(  322): Found no subtypes in a system IME: com.android.inputmethod.pinyin
I/ActivityManager(  322): Start proc com.android.inputmethod.latin for service com.android.inputmethod.latin/.LatinIME: pid=476 uid=10010 gids={50010, 1028}
I/CommonTimeManagementService(  322): No common time service detected on this platform.  Common time services will be unavailable.
W/SocketClient(   34): write error (Broken pipe)
I/ActivityManager(  322): Start proc com.android.phone for added application com.android.phone: pid=497 uid=1001 gids={41001, 3002, 3001, 3003, 1015, 1028}
E/ThrottleService(  322): problem during onPollAlarm: java.lang.IllegalStateException: problem parsing stats: java.io.FileNotFoundException: /proc/net/xt_qtaguid/iface_stat_all: open failed: ENOENT (No such file or directory)
D/dalvikvm(  438): GC_FOR_ALLOC freed 90K, 6% free 2664K/2812K, paused 97ms, total 111ms
I/dalvikvm-heap(  438): Grow heap (frag case) to 3.259MB for 635812-byte allocation
D/dalvikvm(  438): GC_CONCURRENT freed 5K, 5% free 3280K/3436K, paused 4ms+11ms, total 167ms
D/dalvikvm(  438): WAIT_FOR_CONCURRENT_GC blocked 96ms
E/NetdConnector(  322): NDC Command {4 interface setthrottle rmnet0 -1 -1} took too long (625ms)
D/dalvikvm(  322): GC_CONCURRENT freed 388K, 9% free 4906K/5356K, paused 37ms+590ms, total 1240ms
D/dalvikvm(  322): WAIT_FOR_CONCURRENT_GC blocked 953ms
I/ActivityManager(  322): START u0 {act=android.intent.action.MAIN cat=[android.intent.category.HOME] flg=0x10000000 cmp=com.android.launcher/com.android.launcher2.Launcher} from pid 0
I/InputReader(  322): Reconfiguring input devices.  changes=0x00000020
I/InputReader(  322): Reconfiguring input devices.  changes=0x00000010
I/ActivityManager(  322): Start proc com.android.launcher for activity com.android.launcher/com.android.launcher2.Launcher: pid=528 uid=10020 gids={50020, 1028}
I/SystemServer(  322): Enabled StrictMode for system server main thread.
D/dalvikvm(  322): GC_FOR_ALLOC freed 55K, 9% free 5093K/5564K, paused 397ms, total 401ms
I/LocationBlacklist(  322): whitelist: []
I/LocationBlacklist(  322): blacklist: []
E/Trace   (  476): error opening trace file: No such file or directory (2)
E/Trace   (  528): error opening trace file: No such file or directory (2)
E/Trace   (  497): error opening trace file: No such file or directory (2)
E/BluetoothAdapter(  438): Bluetooth binder is null
E/BluetoothAdapter(  438): Bluetooth binder is null
E/BluetoothAdapter(  438): Bluetooth binder is null
D/dalvikvm(  322): GC_CONCURRENT freed 283K, 6% free 5485K/5788K, paused 9ms+22ms, total 1069ms
E/SurfaceFlinger(   37): ro.sf.lcd_density must be defined as a build property
W/TelephonyProvider(  497): onCreate: confFile=/system/etc/apns-conf.xml oldCheckSum=-1
D/TelephonyManager(  497): getLteOnCdmaMode=0 curVal=-1 product_type='' lteOnCdmaProductType=''
I/LatinIME(  476): Hardware accelerated drawing: false
D/dalvikvm(  322): GREF has increased to 301
D/TelephonyManager(  497): getLteOnCdmaMode=0 curVal=-1 product_type='' lteOnCdmaProductType=''
D/dalvikvm(  438): GC_CONCURRENT freed 64K, 4% free 3638K/3760K, paused 4ms+67ms, total 152ms
D/TelephonyManager(  497): getLteOnCdmaMode=0 curVal=-1 product_type='' lteOnCdmaProductType=''
E/BluetoothAdapter(  438): Bluetooth binder is null
D/dalvikvm(  322): GC_CONCURRENT freed 668K, 12% free 5500K/6236K, paused 47ms+163ms, total 542ms
W/Settings(  497): Setting airplane_mode_on has moved from android.provider.Settings.System to android.provider.Settings.Global, returning read-only value.
W/Settings(  497): Setting auto_time has moved from android.provider.Settings.System to android.provider.Settings.Global, returning read-only global URI.
W/Settings(  497): Setting auto_time_zone has moved from android.provider.Settings.System to android.provider.Settings.Global, returning read-only global URI.
W/ActivityManager(  322): Unable to start service Intent { act=com.android.internal.telephony.IWapPushManager } U=0: not found
D/        (  497): [ApnContext:default] set reason as dataEnabled,current state IDLE
D/        (  497): [ApnContext:default] setRetryCount: 0
D/        (  497): [ApnContext:mms] set reason as dataEnabled,current state IDLE
D/        (  497): [ApnContext:mms] setRetryCount: 0
D/        (  497): [ApnContext:supl] set reason as dataEnabled,current state IDLE
D/        (  497): [ApnContext:supl] setRetryCount: 0
D/        (  497): [ApnContext:hipri] set reason as dataEnabled,current state IDLE
D/        (  497): [ApnContext:hipri] setRetryCount: 0
D/        (  497): [ApnContext:fota] set reason as dataEnabled,current state IDLE
D/        (  497): [ApnContext:fota] setRetryCount: 0
D/        (  497): [ApnContext:ims] set reason as dataEnabled,current state IDLE
D/        (  497): [ApnContext:ims] setRetryCount: 0
D/        (  497): [ApnContext:cbs] set reason as dataEnabled,current state IDLE
D/        (  497): [ApnContext:cbs] setRetryCount: 0
W/InputAttributes(  476): No editor info for this field. Bug?
D/TelephonyManager(  497): getLteOnCdmaMode=0 curVal=-1 product_type='' lteOnCdmaProductType=''
D/CallManager(  497): registerPhone(GSM Handler (com.android.internal.telephony.PhoneProxy) {40d02cf0})
W/InputMethodManagerService(  322): Found no subtypes in a system IME: com.android.inputmethod.pinyin
D/dalvikvm(  497): GC_CONCURRENT freed 207K, 10% free 2586K/2848K, paused 250ms+467ms, total 924ms
E/BluetoothAdapter(  497): Bluetooth binder is null
I/ActivityManager(  322): Start proc android.process.acore for content provider com.android.providers.contacts/.CallLogProvider: pid=584 uid=10001 gids={50001, 3003, 1015, 1028}
E/ActivityThread(  476): Failed to find provider info for com.android.inputmethod.latin.dictionarypack
E/Trace   (  584): error opening trace file: No such file or directory (2)
E/BinaryDictionaryGetter(  476): Could not find a dictionary pack
E/BluetoothAdapter(  497): Bluetooth binder is null
D/dalvikvm(  476): GC_CONCURRENT freed 273K, 12% free 2512K/2840K, paused 6ms+2ms, total 415ms
E/StrictMode(  476): A resource was acquired at attached stack trace but never released. See java.io.Closeable for information on avoiding resource leaks.
E/StrictMode(  476): java.lang.Throwable: Explicit termination method 'close' not called
E/StrictMode(  476): 	at dalvik.system.CloseGuard.open(CloseGuard.java:184)
E/StrictMode(  476): 	at android.os.ParcelFileDescriptor.<init>(ParcelFileDescriptor.java:412)
E/StrictMode(  476): 	at android.content.res.AssetManager.openNonAssetFdNative(Native Method)
E/StrictMode(  476): 	at android.content.res.AssetManager.openNonAssetFd(AssetManager.java:428)
E/StrictMode(  476): 	at android.content.res.Resources.openRawResourceFd(Resources.java:979)
E/StrictMode(  476): 	at com.android.inputmethod.latin.BinaryDictionaryGetter.loadFallbackResource(BinaryDictionaryGetter.java:183)
E/StrictMode(  476): 	at com.android.inputmethod.latin.BinaryDictionaryGetter.getDictionaryFiles(BinaryDictionaryGetter.java:456)
E/StrictMode(  476): 	at com.android.inputmethod.latin.DictionaryFactory.createMainDictionaryFromManager(DictionaryFactory.java:57)
E/StrictMode(  476): 	at com.android.inputmethod.latin.DictionaryFactory.createMainDictionaryFromManager(DictionaryFactory.java:87)
E/StrictMode(  476): 	at com.android.inputmethod.latin.Suggest$1.run(Suggest.java:108)
D/dalvikvm(  528): GC_CONCURRENT freed 198K, 9% free 2677K/2932K, paused 8ms+104ms, total 864ms
D/dalvikvm(  528): WAIT_FOR_CONCURRENT_GC blocked 7ms
D/dalvikvm(  584): GC_CONCURRENT freed 173K, 9% free 2609K/2840K, paused 53ms+42ms, total 614ms
D/DebugService(  497): DebugService DebugService:
D/TelephonyDebugService(  497): TelephonyDebugService()
D/dalvikvm(  497): GC_CONCURRENT freed 340K, 13% free 2656K/3052K, paused 10ms+14ms, total 124ms
W/Settings(  497): Setting auto_time_zone has moved from android.provider.Settings.System to android.provider.Settings.Global, returning read-only value.
D/CAT     (  497): CatService: Running CAT service. STK app installed:false
D/CAT     (  497): CatService: NEW sInstance
D/dalvikvm(  528): GC_CONCURRENT freed 79K, 5% free 2996K/3132K, paused 28ms+3ms, total 381ms
W/ActivityManager(  322): Timeout executing service: ServiceRecord{40e788c8 u0 com.android.systemui/.SystemUIService}
D/dalvikvm(  322): GC_CONCURRENT freed 411K, 8% free 5816K/6296K, paused 7ms+210ms, total 810ms
I/Process (  322): Sending signal. PID: 438 SIG: 3
I/dalvikvm(  438): threadid=3: reacting to signal 3
D/CAT     (  497): CatService: SIM ready. Reporting STK service running now...
I//system/bin/fsck_msdos(   32): Attempting to allocate 2044 KB for FAT
I/Process (  322): Sending signal. PID: 322 SIG: 3
I/dalvikvm(  322): threadid=3: reacting to signal 3
I/dalvikvm(  438): Wrote stack traces to '/data/anr/traces.txt'
D/gralloc_goldfish(  322): Emulator without GPU emulation detected.
I//system/bin/fsck_msdos(   32): ** Phase 2 - Check Cluster Chains
I//system/bin/fsck_msdos(   32): ** Phase 3 - Checking Directories
I//system/bin/fsck_msdos(   32): ** Phase 4 - Checking for Lost Files
I//system/bin/fsck_msdos(   32): 16 files, 1044440 free (522220 clusters)
I/Vold    (   32): Filesystem check completed OK
I/Vold    (   32): Device /dev/block/vold/179:0, target /mnt/sdcard mounted @ /mnt/secure/staging
D/Vold    (   32): Volume sdcard state changing 3 (Checking) -> 4 (Mounted)
D/MountService(  322): volume state changed for /mnt/sdcard (checking -> mounted)
I/PackageManager(  322): Updating external media status from unmounted to mounted
D/MountService(  322): sendStorageIntent Intent { act=android.intent.action.MEDIA_MOUNTED dat=file:///mnt/sdcard (has extras) } to UserHandle{-1}
E/VoldConnector(  322): NDC Command {3 volume mount /mnt/sdcard} took too long (23525ms)
I/Process (  322): Sending signal. PID: 497 SIG: 3
I/dalvikvm(  497): threadid=3: reacting to signal 3
D/PhoneStatusBar(  438): disable: < expand icons alerts ticker system_info back home recent clock search >
I/dalvikvm(  322): Wrote stack traces to '/data/anr/traces.txt'
I/Choreographer(  322): Skipped 77 frames!  The application may be doing too much work on its main thread.
I/Choreographer(  528): Skipped 86 frames!  The application may be doing too much work on its main thread.
I/Choreographer(  322): Skipped 6710 frames!  The application may be doing too much work on its main thread.
I/dalvikvm(  497): Wrote stack traces to '/data/anr/traces.txt'
D/dalvikvm(  322): GC_CONCURRENT freed 232K, 7% free 5892K/6296K, paused 110ms+258ms, total 2238ms
D/MccTable(  497): updateMccMncConfiguration: mcc=310, mnc=260
D/TelephonyManager(  497): getLteOnCdmaMode=0 curVal=-1 product_type='' lteOnCdmaProductType=''
D/MccTable(  497): locale set to en_us
D/MccTable(  497): WIFI_COUNTRY_CODE set to us
E/BluetoothAdapter(  438): Bluetooth binder is null
I/WifiService(  322): WifiService trying to set country code to us with persist set to true
I/ActivityManager(  322): Config changes=1403 {1.0 310mcc260mnc en_US ldltr sw320dp w320dp h508dp 240dpi nrml long port finger -keyb/v/h tball/v s.4}
D/SystemUIService(  438): loading: class com.android.systemui.power.PowerUI
D/SystemUIService(  438): running: com.android.systemui.power.PowerUI@40e433e8
W/SurfaceFlinger(   37): createScreenshotSurface failed (Function not implemented)
D/dalvikvm(  497): GC_CONCURRENT freed 277K, 11% free 2774K/3108K, paused 3ms+140ms, total 805ms
D/SystemUIService(  438): loading: class com.android.systemui.media.RingtonePlayer
D/SystemUIService(  438): running: com.android.systemui.media.RingtonePlayer@40e44068
D/dalvikvm(  528): GC_CONCURRENT freed 187K, 7% free 3230K/3472K, paused 84ms+146ms, total 515ms
D/dalvikvm(  322): GC_CONCURRENT freed 840K, 14% free 5933K/6836K, paused 71ms+6ms, total 219ms
D/dalvikvm(  322): WAIT_FOR_CONCURRENT_GC blocked 42ms
D/dalvikvm(  322): WAIT_FOR_CONCURRENT_GC blocked 83ms
D/dalvikvm(  322): WAIT_FOR_CONCURRENT_GC blocked 89ms
D/dalvikvm(  322): WAIT_FOR_CONCURRENT_GC blocked 89ms
I/Choreographer(  438): Skipped 5620 frames!  The application may be doing too much work on its main thread.
D/dalvikvm(  322): WAIT_FOR_CONCURRENT_GC blocked 100ms
D/dalvikvm(  322): WAIT_FOR_CONCURRENT_GC blocked 100ms
D/dalvikvm(  322): WAIT_FOR_CONCURRENT_GC blocked 141ms
D/dalvikvm(  322): WAIT_FOR_CONCURRENT_GC blocked 144ms
D/dalvikvm(  322): WAIT_FOR_CONCURRENT_GC blocked 146ms
E/SurfaceFlinger(   37): ro.sf.lcd_density must be defined as a build property
V/TAG     (  322): bug 7643792: fitSystemWindows([0,0][0,0])
W/GpsLocationProvider(  322): Could not open GPS configuration file /etc/gps.conf
W/Launcher.Model(  528): LoaderTask running with no launcher (loadAllAppsByBatch)
W/Settings(  497): Setting auto_time_zone has moved from android.provider.Settings.System to android.provider.Settings.Global, returning read-only value.
V/TAG     (  322): bug 7643792: fitSystemWindows([0,38][0,0])
I/Choreographer(  322): Skipped 38 frames!  The application may be doing too much work on its main thread.
W/WindowManager(  322): Window freeze timeout expired.
W/WindowManager(  322): Force clearing orientation change: Window{40e52b68 u0 Keyguard}
D/dalvikvm(  322): GC_EXPLICIT freed 373K, 13% free 5985K/6836K, paused 42ms+399ms, total 1105ms
