W/Settings(  478): Setting auto_time_zone has moved from android.provider.Settings.System to android.provider.Settings.Global, returning read-only value.
D/CAT     (  478): CatService: Running CAT service. STK app installed:false
D/CAT     (  478): CatService: NEW sInstance
D/CAT     (  478): CatService: SIM ready. Reporting STK service running now...
D/dalvikvm(  478): GC_CONCURRENT freed 296K, 12% free 2771K/3124K, paused 189ms+2ms, total 584ms
I//system/bin/fsck_msdos(   32): ** Phase 2 - Check Cluster Chains
I//system/bin/fsck_msdos(   32): ** Phase 3 - Checking Directories
I/Choreographer(  421): Skipped 2865 frames!  The application may be doing too much work on its main thread.
D/dalvikvm(  421): GC_CONCURRENT freed 246K, 8% free 3895K/4196K, paused 7ms+186ms, total 316ms
D/gralloc_goldfish(  421): Emulator without GPU emulation detected.
I//system/bin/fsck_msdos(   32): ** Phase 4 - Checking for Lost Files
I//system/bin/fsck_msdos(   32): 12 files, 100789 free (201579 clusters)
E/SurfaceFlinger(   37): ro.sf.lcd_density must be defined as a build property
I/Vold    (   32): Filesystem check completed OK
I/Vold    (   32): Device /dev/block/vold/179:0, target /mnt/sdcard mounted @ /mnt/secure/staging
D/Vold    (   32): Volume sdcard state changing 3 (Checking) -> 4 (Mounted)
D/MountService(  325): volume state changed for /mnt/sdcard (checking -> mounted)
I/PackageManager(  325): Updating external media status from unmounted to mounted
D/MountService(  325): sendStorageIntent Intent { act=android.intent.action.MEDIA_MOUNTED dat=file:///mnt/sdcard (has extras) } to UserHandle{-1}
E/VoldConnector(  325): NDC Command {3 volume mount /mnt/sdcard} took too long (32667ms)
D/MccTable(  478): updateMccMncConfiguration: mcc=310, mnc=260
D/TelephonyManager(  478): getLteOnCdmaMode=0 curVal=-1 product_type='' lteOnCdmaProductType=''
D/MccTable(  478): locale set to en_us
D/MccTable(  478): WIFI_COUNTRY_CODE set to us
I/WifiService(  325): WifiService trying to set country code to us with persist set to true
I/ActivityManager(  325): Config changes=1403 {1.0 310mcc260mnc en_US ldltr sw320dp w320dp h508dp 240dpi nrml long port finger qwerty/v/v -nav/h s.4}
D/dalvikvm(  421): GC_FOR_ALLOC freed 24K, 8% free 3880K/4196K, paused 455ms, total 498ms
W/SurfaceFlinger(   37): createScreenshotSurface failed (Function not implemented)
W/WindowManager(  325): Window freeze timeout expired.
W/WindowManager(  325): Force clearing orientation change: Window{4103af58 u0 StatusBar}
W/WindowManager(  325): Force clearing orientation change: Window{40edb650 u0 Keyguard}
W/WindowManager(  325): Force clearing orientation change: Window{40f7df90 u0 com.android.systemui.ImageWallpaper}
W/Settings(  478): Setting auto_time_zone has moved from android.provider.Settings.System to android.provider.Settings.Global, returning read-only value.
D/MccTable(  478): updateMccMncConfiguration: mcc=310, mnc=260
D/TelephonyManager(  478): getLteOnCdmaMode=0 curVal=-1 product_type='' lteOnCdmaProductType=''
D/MccTable(  478): locale set to en_us
D/MccTable(  478): WIFI_COUNTRY_CODE set to us
I/WifiService(  325): WifiService trying to set country code to us with persist set to true
I/dalvikvm-heap(  421): Grow heap (frag case) to 9.954MB for 6410576-byte allocation
I/ActivityManager(  325): Config changes=1400 {1.0 310mcc260mnc en_US ldltr sw320dp w320dp h508dp 240dpi nrml long port finger qwerty/v/v -nav/h s.5}
D/dalvikvm(  421): GC_FOR_ALLOC freed 1K, 4% free 10139K/10460K, paused 515ms, total 515ms
D/dalvikvm(  421): GC_CONCURRENT freed 1K, 4% free 10141K/10460K, paused 15ms+55ms, total 251ms
D/dalvikvm(  478): GC_CONCURRENT freed 300K, 11% free 2919K/3276K, paused 4ms+42ms, total 112ms
D/dalvikvm(  325): GC_CONCURRENT freed 337K, 22% free 5919K/7504K, paused 620ms+59ms, total 1262ms
D/dalvikvm(  325): WAIT_FOR_CONCURRENT_GC blocked 642ms
D/dalvikvm(  421): GC_FOR_ALLOC freed 1K, 4% free 10143K/10460K, paused 454ms, total 454ms
I/dalvikvm-heap(  421): Grow heap (frag case) to 12.654MB for 2828816-byte allocation
D/dalvikvm(  421): GC_CONCURRENT freed 0K, 3% free 12905K/13224K, paused 44ms+3ms, total 132ms
D/dalvikvm(  421): WAIT_FOR_CONCURRENT_GC blocked 88ms
D/dalvikvm(  478): GC_CONCURRENT freed 460K, 16% free 2862K/3380K, paused 6ms+3ms, total 114ms
D/dalvikvm(  325): GC_CONCURRENT freed 401K, 15% free 6407K/7504K, paused 32ms+21ms, total 520ms
D/dalvikvm(  325): WAIT_FOR_CONCURRENT_GC blocked 7ms
D/dalvikvm(  325): WAIT_FOR_CONCURRENT_GC blocked 36ms
D/dalvikvm(  325): WAIT_FOR_CONCURRENT_GC blocked 495ms
I/Choreographer(  325): Skipped 106 frames!  The application may be doing too much work on its main thread.
W/WindowManager(  325): App freeze timeout expired.
W/WindowManager(  325): Force clearing freeze: AppWindowToken{40f30f88 token=Token{40f4cc68 ActivityRecord{40f87d48 u0 com.android.launcher/com.android.launcher2.Launcher}}}
I/Choreographer(  421): Skipped 303 frames!  The application may be doing too much work on its main thread.
I/Choreographer(  325): Skipped 1516 frames!  The application may be doing too much work on its main thread.
I/Choreographer(  325): Skipped 32 frames!  The application may be doing too much work on its main thread.
D/dalvikvm(  325): GC_FOR_ALLOC freed 554K, 12% free 6624K/7504K, paused 239ms, total 253ms
I/dalvikvm-heap(  325): Grow heap (frag case) to 7.605MB for 1128976-byte allocation
D/dalvikvm(  325): GC_FOR_ALLOC freed 884K, 21% free 6842K/8608K, paused 74ms, total 74ms
E/VoldConnector(  325): NDC Command {4 asec list} took too long (1057ms)
I/PackageManager(  325): No secure containers on sdcard
I/Choreographer(  421): Skipped 39 frames!  The application may be doing too much work on its main thread.
I/Choreographer(  325): Skipped 225 frames!  The application may be doing too much work on its main thread.
D/dalvikvm(  325): GC_CONCURRENT freed 57K, 20% free 6944K/8608K, paused 14ms+345ms, total 868ms
D/dalvikvm(  325): WAIT_FOR_CONCURRENT_GC blocked 658ms
W/PackageManager(  325): Unknown permission com.google.android.googleapps.permission.GOOGLE_AUTH.mail in package com.android.contacts
D/dalvikvm(  325): GC_EXPLICIT freed 62K, 20% free 6892K/8608K, paused 79ms+282ms, total 760ms
I/Choreographer(  325): Skipped 216 frames!  The application may be doing too much work on its main thread.
I/SurfaceFlinger(   37): Boot is finished (82280 ms)
I/PowerManagerService(  325): Boot animation finished.
W/PackageManager(  325): Unknown permission android.permission.ADD_SYSTEM_SERVICE in package com.android.phone
W/PackageManager(  325): Unknown permission com.android.smspush.WAPPUSH_MANAGER_BIND in package com.android.phone
W/PackageManager(  325): Unknown permission com.google.android.googleapps.permission.GOOGLE_AUTH in package com.android.providers.calendar
W/PackageManager(  325): Unknown permission com.google.android.googleapps.permission.GOOGLE_AUTH.cl in package com.android.providers.calendar
W/PackageManager(  325): Unknown permission com.google.android.googleapps.permission.GOOGLE_AUTH.mail in package com.android.calendar
W/PackageManager(  325): Not granting permission android.permission.SEND_DOWNLOAD_COMPLETED_INTENTS to package com.android.browser (protectionLevel=2 flags=0x89be45)
W/PackageManager(  325): Not granting permission android.permission.BIND_APPWIDGET to package com.android.widgetpreview (protectionLevel=18 flags=0x8be44)
W/PackageManager(  325): Unknown permission com.google.android.googleapps.permission.GOOGLE_AUTH in package com.android.settings
W/PackageManager(  325): Unknown permission com.google.android.gallery3d.permission.GALLERY_PROVIDER in package com.android.exchange
W/PackageManager(  325): Unknown permission com.google.android.googleapps.permission.ACCESS_GOOGLE_PASSWORD in package com.android.development
W/PackageManager(  325): Unknown permission com.google.android.googleapps.permission.GOOGLE_AUTH in package com.android.development
W/PackageManager(  325): Unknown permission com.google.android.googleapps.permission.GOOGLE_AUTH.ALL_SERVICES in package com.android.development
W/PackageManager(  325): Unknown permission com.google.android.googleapps.permission.GOOGLE_AUTH.YouTubeUser in package com.android.development
W/PackageManager(  325): Unknown permission com.google.android.gallery3d.permission.GALLERY_PROVIDER in package com.android.email
W/PackageManager(  325): Not granting permission android.permission.DEVICE_POWER to package com.android.deskclock (protectionLevel=2 flags=0x88be45)
I/ActivityManager(  325): Config changes=1400 {1.0 310mcc260mnc en_US ldltr sw320dp w320dp h508dp 240dpi nrml long port finger qwerty/v/v -nav/h s.6}
I/Choreographer(  325): Skipped 277 frames!  The application may be doing too much work on its main thread.
W/GpsLocationProvider(  325): Could not open GPS configuration file /etc/gps.conf
W/ServiceWatcher(  325): com.google.android.location not found
W/ServiceWatcher(  325): com.google.android.location not found
W/LocationManagerService(  325): no network location provider found
W/ServiceWatcher(  325): com.google.android.location not found
I/AccountTypeManager(  629): Loaded meta-data for 1 account types, 0 accounts in 86ms(wall) 35ms(cpu)
D/dalvikvm(   38): GC_EXPLICIT freed 34K, 4% free 2382K/2472K, paused 3ms+3ms, total 79ms
D/dalvikvm(   38): GC_EXPLICIT freed <1K, 4% free 2382K/2472K, paused 3ms+13ms, total 67ms
D/dalvikvm(   38): GC_EXPLICIT freed <1K, 4% free 2382K/2472K, paused 3ms+3ms, total 127ms
I/ActivityManager(  325): Start proc com.android.location.fused for service com.android.location.fused/.FusedLocationService: pid=742 uid=10022 gids={50022, 1028}
E/Trace   (  742): error opening trace file: No such file or directory (2)
D/AndroidRuntime(  759): 
D/AndroidRuntime(  759): >>>>>> AndroidRuntime START com.android.internal.os.RuntimeInit <<<<<<
D/AndroidRuntime(  759): CheckJNI is ON
W/ServiceWatcher(  325): com.google.android.location not found
D/dalvikvm(  759): Trying to load lib libjavacore.so 0x0
E/LocationManagerService(  325): no geocoder provider found
D/dalvikvm(  759): Added shared lib libjavacore.so 0x0
D/dalvikvm(  759): Trying to load lib libnativehelper.so 0x0
D/dalvikvm(  759): Added shared lib libnativehelper.so 0x0
I/RecoverySystem(  325): No recovery log file
D/AndroidRuntime(  759): Calling main entry com.android.commands.am.Am
D/dalvikvm(  759): Note: class Landroid/app/ActivityManagerNative; has 157 unimplemented (abstract) methods
I/ActivityManager(  325): Start proc com.android.deskclock for broadcast com.android.deskclock/.AlarmInitReceiver: pid=774 uid=10006 gids={50006, 1028}
D/dalvikvm(  780): Not late-enabling CheckJNI (already on)
I/ActivityManager(  325): Start proc it.unina.android.ripper_service:android_ripper_service_process for service it.unina.android.ripper_service/.AndroidRipperService: pid=780 uid=10047 gids={50047, 3003, 1028}
D/AndroidRuntime(  759): Shutting down VM
D/dalvikvm(  759): GC_CONCURRENT freed 94K, 17% free 499K/596K, paused 1ms+1ms, total 10ms
D/jdwp    (  759): Got wake-up signal, bailing out of select
D/dalvikvm(  759): Debugger has detached; object registry had 1 entries
E/Trace   (  774): error opening trace file: No such file or directory (2)
E/Trace   (  780): error opening trace file: No such file or directory (2)
V/AndroidRipperService(  780): onCreate()
V/SERVER  (  780): Starting ServerSocket on PORT 8888
V/SERVER  (  780): Started ServerSocket on PORT 8888
D/ConnectivityService(  325): ConnectivityChange for mobile: CONNECTED/CONNECTED
V/AlarmClock(  774): No next alarm
V/AlarmClock(  774): AlarmInitReceiver - Reset timers and clear stopwatch data
V/AlarmClock(  774): No next alarm
V/AlarmClock(  774): AlarmInitReceiver finished
D/dalvikvm(  325): GC_CONCURRENT freed 2229K, 33% free 5801K/8608K, paused 5ms+8ms, total 334ms
D/dalvikvm(  325): WAIT_FOR_CONCURRENT_GC blocked 94ms
D/dalvikvm(  325): WAIT_FOR_CONCURRENT_GC blocked 152ms
D/dalvikvm(  325): GC_CONCURRENT freed 281K, 27% free 6316K/8608K, paused 6ms+6ms, total 151ms
D/dalvikvm(  325): WAIT_FOR_CONCURRENT_GC blocked 138ms
I/FusedLocation(  742): engine started (com.android.location.fused)
V/SERVER  (  780): Ready to accept connections on port: 8888
D/AndroidRuntime(  814): 
D/AndroidRuntime(  814): >>>>>> AndroidRuntime START com.android.internal.os.RuntimeInit <<<<<<
D/AndroidRuntime(  814): CheckJNI is ON
D/dalvikvm(  814): Trying to load lib libjavacore.so 0x0
D/dalvikvm(  814): Added shared lib libjavacore.so 0x0
D/dalvikvm(  814): Trying to load lib libnativehelper.so 0x0
D/dalvikvm(  814): Added shared lib libnativehelper.so 0x0
I/Choreographer(  325): Skipped 572 frames!  The application may be doing too much work on its main thread.
D/dalvikvm(  325): GC_FOR_ALLOC freed 530K, 25% free 6504K/8608K, paused 131ms, total 159ms
I/dalvikvm-heap(  325): Grow heap (frag case) to 7.489MB for 1128976-byte allocation
D/dalvikvm(  325): GC_FOR_ALLOC freed 882K, 31% free 6724K/9712K, paused 124ms, total 124ms
I/Choreographer(  325): Skipped 155 frames!  The application may be doing too much work on its main thread.
D/dalvikvm(  325): GC_CONCURRENT freed 20K, 31% free 6707K/9712K, paused 59ms+28ms, total 547ms
D/AndroidRuntime(  814): Calling main entry com.android.commands.am.Am
D/dalvikvm(  814): Note: class Landroid/app/ActivityManagerNative; has 157 unimplemented (abstract) methods
W/ActivityManager(  325): Unable to find instrumentation info for: ComponentInfo{it.unina.android.ripper/pl.polidea.instrumentation.PolideaInstrumentationTestRunner}
I/AndroidRuntime(  814): VM exiting with result code 1.
I/Choreographer(  325): Skipped 136 frames!  The application may be doing too much work on its main thread.
I/Choreographer(  325): Skipped 68 frames!  The application may be doing too much work on its main thread.
D/Tethering(  325): MasterInitialState.processMessage what=3
V/        (  780): ready
I/ActivityManager(  325): Start proc com.android.email for broadcast com.android.email/.service.EmailBroadcastReceiver: pid=831 uid=10019 gids={50019, 3003, 1015, 1028}
V/RipperService(  780): PING
E/Trace   (  831): error opening trace file: No such file or directory (2)
V/AndroidRipperService(  780): mHandler.handleMessage() RECIVED
V/AndroidRipperService(  780): broadcast()
V/AndroidRipperService(  780): broadcast() done
V/        (  780): ready
I/ActivityManager(  325): Start proc com.android.exchange for service com.android.exchange/.ExchangeService: pid=848 uid=10032 gids={50032, 3003, 1015, 1028}
I/ActivityManager(  325): Start proc com.android.providers.calendar for broadcast com.android.providers.calendar/.CalendarReceiver: pid=857 uid=10023 gids={50023, 3003, 1015, 1028}
E/Trace   (  848): error opening trace file: No such file or directory (2)
E/Trace   (  857): error opening trace file: No such file or directory (2)
I/ActivityManager(  325): Start proc com.android.mms for broadcast com.android.mms/.transaction.MmsSystemEventReceiver: pid=882 uid=10029 gids={50029, 3003, 1015, 1028}
D/Eas Debug(  848): Logging: 
E/Trace   (  882): error opening trace file: No such file or directory (2)
D/ExchangeService(  848): !!! EAS ExchangeService, onCreate
D/CountryDetector(  325): The first listener is added
V/MmsConfig(  882): mnc/mcc: 310260
V/MmsConfig(  882): tag: bool value: enabledMMS - true
V/MmsConfig(  882): tag: int value: maxMessageSize - 307200
V/MmsConfig(  882): tag: int value: maxImageHeight - 480
V/MmsConfig(  882): tag: int value: maxImageWidth - 640
V/MmsConfig(  882): tag: int value: defaultSMSMessagesPerThread - 500
V/MmsConfig(  882): tag: int value: defaultMMSMessagesPerThread - 50
V/MmsConfig(  882): tag: int value: minMessageCountPerThread - 10
V/MmsConfig(  882): tag: int value: maxMessageCountPerThread - 5000
V/MmsConfig(  882): tag: string value: uaProfUrl - http://www.google.com/oha/rdf/ua-profile-kila.xml
V/MmsConfig(  882): tag: int value: recipientLimit - -1
V/MmsConfig(  882): tag: bool value: enableMultipartSMS - true
V/MmsConfig(  882): tag: int value: smsToMmsTextThreshold - -1
V/MmsConfig(  882): tag: bool value: enableSlideDuration - true
V/MmsConfig(  882): tag: int value: maxMessageTextSize - -1
D/dalvikvm(  325): GREF has increased to 501
D/ExchangeService(  848): !!! EAS ExchangeService, onStartCommand, startingUp = false, running = false
I/ActivityManager(  325): Start proc com.android.settings for broadcast com.android.settings/.widget.SettingsAppWidgetProvider: pid=909 uid=1000 gids={41000, 1015, 1028, 3002, 3001, 3003}
E/Trace   (  909): error opening trace file: No such file or directory (2)
V/RipperService(  780): PING
E/BluetoothAdapter(  909): Bluetooth binder is null
V/AndroidRipperService(  780): mHandler.handleMessage() RECIVED
V/AndroidRipperService(  780): broadcast()
V/AndroidRipperService(  780): broadcast() done
V/        (  780): ready
D/ExchangeService(  848): !!! EAS ExchangeService, onStartCommand, startingUp = true, running = false
D/Mms:app (  882): cancelNotification
D/MediaScannerReceiver(  643): action: android.intent.action.MEDIA_MOUNTED path: /mnt/sdcard
E/BluetoothAdapter(  909): Bluetooth binder is null
E/BluetoothAdapter(  909): Bluetooth binder is null
D/dalvikvm(  498): GC_CONCURRENT freed 190K, 8% free 3220K/3468K, paused 18ms+30ms, total 116ms
D/dalvikvm(  498): GC_CONCURRENT freed 303K, 10% free 3361K/3728K, paused 9ms+16ms, total 75ms
D/Launcher.Model(  498): Reload apps on config change. curr_mcc:310 prevmcc:0
V/RipperService(  780): PING
V/AndroidRipperService(  780): mHandler.handleMessage() RECIVED
V/AndroidRipperService(  780): broadcast()
V/AndroidRipperService(  780): broadcast() done
V/        (  780): ready
I/Choreographer(  498): Skipped 234 frames!  The application may be doing too much work on its main thread.
E/SurfaceFlinger(   37): ro.sf.lcd_density must be defined as a build property
D/gralloc_goldfish(  498): Emulator without GPU emulation detected.
D/dalvikvm(  498): GC_CONCURRENT freed 114K, 7% free 3638K/3876K, paused 59ms+4ms, total 112ms
I/ActivityManager(  325): Displayed com.android.launcher/com.android.launcher2.Launcher: +50s817ms
D/MmsSmsDatabaseHelper(  478): [MmsSmsDb] tableName: threads hasAutoIncrement: CREATE TABLE threads (_id INTEGER PRIMARY KEY AUTOINCREMENT,date INTEGER DEFAULT 0,message_count INTEGER DEFAULT 0,recipient_ids TEXT,snippet TEXT,snippet_cs INTEGER DEFAULT 0,read INTEGER DEFAULT 1,type INTEGER DEFAULT 0,error INTEGER DEFAULT 0,has_attachment INTEGER DEFAULT 0) result: true
D/MmsSmsDatabaseHelper(  478): [MmsSmsDb] tableName: canonical_addresses hasAutoIncrement: CREATE TABLE canonical_addresses (_id INTEGER PRIMARY KEY AUTOINCREMENT,address TEXT) result: true
D/ExchangeService(  848): Received deviceId from Email app: androidc259148960
D/ExchangeService(  848): Reconciling accounts...
D/ExchangeService(  848): !!! EAS ExchangeService, onStartCommand, startingUp = true, running = false
D/Eas Debug(  848): Logging: 
D/MmsSmsDatabaseHelper(  478): [MmsSmsDb] tableName: part hasAutoIncrement: CREATE TABLE part (_id INTEGER PRIMARY KEY AUTOINCREMENT,mid INTEGER,seq INTEGER DEFAULT 0,ct TEXT,name TEXT,chset INTEGER,cd TEXT,fn TEXT,cid TEXT,cl TEXT,ctt_s INTEGER,ctt_t TEXT,_data TEXT,text TEXT) result: true
D/MmsSmsDatabaseHelper(  478): [MmsSmsDb] tableName: pdu hasAutoIncrement: CREATE TABLE pdu (_id INTEGER PRIMARY KEY AUTOINCREMENT,thread_id INTEGER,date INTEGER,date_sent INTEGER DEFAULT 0,msg_box INTEGER,read INTEGER DEFAULT 0,m_id TEXT,sub TEXT,sub_cs INTEGER,ct_t TEXT,ct_l TEXT,exp INTEGER,m_cls TEXT,m_type INTEGER,v INTEGER,m_size INTEGER,pri INTEGER,rr INTEGER,rpt_a INTEGER,resp_st INTEGER,st INTEGER,tr_id TEXT,retr_st INTEGER,retr_txt TEXT,retr_txt_cs INTEGER,read_status INTEGER,ct_cls INTEGER,resp_txt TEXT,d_tm INTEGER,d_rpt INTEGER,locked INTEGER DEFAULT 0,seen INTEGER DEFAULT 0,text_only INTEGER DEFAULT 0) result: true
D/MmsSmsDatabaseHelper(  478): [getWritableDatabase] hasAutoIncrementThreads: true hasAutoIncrementAddresses: true hasAutoIncrementPart: true hasAutoIncrementPdu: true
D/dalvikvm(  498): GC_CONCURRENT freed 330K, 10% free 3712K/4100K, paused 10ms+14ms, total 67ms
D/dalvikvm(  498): GC_FOR_ALLOC freed 15K, 10% free 3709K/4100K, paused 22ms, total 23ms
I/dalvikvm-heap(  498): Grow heap (frag case) to 4.168MB for 518416-byte allocation
D/dalvikvm(  498): GC_CONCURRENT freed <1K, 9% free 4215K/4608K, paused 15ms+3ms, total 38ms
D/dalvikvm(  498): WAIT_FOR_CONCURRENT_GC blocked 24ms
D/dalvikvm(  498): GC_FOR_ALLOC freed <1K, 9% free 4216K/4608K, paused 26ms, total 26ms
I/dalvikvm-heap(  498): Grow heap (frag case) to 4.663MB for 518416-byte allocation
D/dalvikvm(  498): GC_CONCURRENT freed <1K, 8% free 4722K/5116K, paused 12ms+4ms, total 39ms
D/dalvikvm(  498): WAIT_FOR_CONCURRENT_GC blocked 28ms
D/dalvikvm(  498): GC_FOR_ALLOC freed <1K, 8% free 4723K/5116K, paused 24ms, total 24ms
I/dalvikvm-heap(  498): Grow heap (frag case) to 5.158MB for 518416-byte allocation
D/dalvikvm(  498): GC_FOR_ALLOC freed <1K, 8% free 5229K/5624K, paused 33ms, total 33ms
D/dalvikvm(  498): GREF has increased to 201
I/Choreographer(  498): Skipped 73 frames!  The application may be doing too much work on its main thread.
V/RipperService(  780): PING
I/Choreographer(  498): Skipped 54 frames!  The application may be doing too much work on its main thread.
I/CalendarProvider2(  857): Sending notification intent: Intent { act=android.intent.action.PROVIDER_CHANGED dat=content://com.android.calendar }
W/ContentResolver(  857): Failed to get type for: content://com.android.calendar (Unknown URL content://com.android.calendar)
V/AndroidRipperService(  780): mHandler.handleMessage() RECIVED
V/AndroidRipperService(  780): broadcast()
V/AndroidRipperService(  780): broadcast() done
V/        (  780): ready
I/ActivityManager(  325): Start proc com.android.calendar for broadcast com.android.calendar/.alerts.AlertReceiver: pid=942 uid=10004 gids={50004, 3003, 1028}
E/Trace   (  942): error opening trace file: No such file or directory (2)
D/AlertReceiver(  942): onReceive: a=android.intent.action.PROVIDER_CHANGED Intent { act=android.intent.action.PROVIDER_CHANGED dat=content://com.android.calendar flg=0x10 cmp=com.android.calendar/.alerts.AlertReceiver }
D/AlertService(  942): 0 Action = android.intent.action.PROVIDER_CHANGED
D/AlertService(  942): Beginning updateAlertNotification
D/dalvikvm(  478): GREF has increased to 201
D/AlertService(  942): No fired or scheduled alerts
D/EmailProvider(  831): fromDatabase accounts: 0
D/EmailProvider(  831): ending toDatabase transaction; copyCount = 0
D/Mms:app (  882): cancelNotification
D/EmailProvider(  831): ending fromDatabase transaction; copyCount = 0
V/RipperService(  780): PING
V/AndroidRipperService(  780): mHandler.handleMessage() RECIVED
V/AndroidRipperService(  780): broadcast()
V/AndroidRipperService(  780): broadcast() done
V/        (  780): ready
D/dalvikvm(  643): GC_CONCURRENT freed 199K, 10% free 2561K/2816K, paused 4ms+14ms, total 83ms
W/ActivityManager(  325): Unable to start service Intent { cmp=com.android.email/.service.AttachmentDownloadService } U=0: not found
W/ActivityManager(  325): Unable to start service Intent { cmp=com.android.email/.service.AttachmentDownloadService } U=0: not found
D/dalvikvm(  643): GREF has increased to 201
W/ActivityManager(  325): Unable to start service Intent { cmp=com.android.email/.service.AttachmentDownloadService } U=0: not found
D/ExchangeService(  848): !!! EAS ExchangeService, onStartCommand, startingUp = true, running = false
D/dalvikvm(  831): GC_CONCURRENT freed 203K, 10% free 2589K/2852K, paused 44ms+2ms, total 109ms
W/MediaProvider(  643): no database for scanned volume external
D/dalvikvm(  498): GC_CONCURRENT freed 377K, 8% free 5706K/6152K, paused 4ms+14ms, total 61ms
D/dalvikvm(  325): GC_EXPLICIT freed 1474K, 35% free 5705K/8712K, paused 4ms+7ms, total 82ms
W/MediaScanner(  643): Error opening directory '/mnt/sdcard/.android_secure/', skipping: Permission denied.
V/MediaScanner(  643): pruneDeadThumbnailFiles... android.database.sqlite.SQLiteCursor@40cf9e38
V/MediaScanner(  643): /pruneDeadThumbnailFiles... android.database.sqlite.SQLiteCursor@40cf9e38
W/MediaScanner(  643): Error opening directory '/mnt/sdcard/.android_secure/', skipping: Permission denied.
V/MediaScanner(  643): pruneDeadThumbnailFiles... android.database.sqlite.SQLiteCursor@40d27768
V/MediaScanner(  643): /pruneDeadThumbnailFiles... android.database.sqlite.SQLiteCursor@40d27768
V/RipperService(  780): PING
V/AndroidRipperService(  780): mHandler.handleMessage() RECIVED
V/AndroidRipperService(  780): broadcast()
V/AndroidRipperService(  780): broadcast() done
V/        (  780): ready
V/RipperService(  780): PING
V/AndroidRipperService(  780): mHandler.handleMessage() RECIVED
V/AndroidRipperService(  780): broadcast()
V/AndroidRipperService(  780): broadcast() done
V/        (  780): ready
V/RipperService(  780): PING
V/AndroidRipperService(  780): mHandler.handleMessage() RECIVED
V/AndroidRipperService(  780): broadcast()
V/AndroidRipperService(  780): broadcast() done
V/        (  780): ready
V/RipperService(  780): PING
V/AndroidRipperService(  780): mHandler.handleMessage() RECIVED
V/AndroidRipperService(  780): broadcast()
V/AndroidRipperService(  780): broadcast() done
V/        (  780): ready
V/RipperService(  780): PING
V/AndroidRipperService(  780): mHandler.handleMessage() RECIVED
V/AndroidRipperService(  780): broadcast()
V/AndroidRipperService(  780): broadcast() done
V/        (  780): ready
V/RipperService(  780): PING
V/AndroidRipperService(  780): mHandler.handleMessage() RECIVED
V/AndroidRipperService(  780): broadcast()
V/AndroidRipperService(  780): broadcast() done
V/        (  780): ready
V/RipperService(  780): PING
V/AndroidRipperService(  780): mHandler.handleMessage() RECIVED
V/AndroidRipperService(  780): broadcast()
V/AndroidRipperService(  780): broadcast() done
V/        (  780): ready
V/RipperService(  780): PING
V/AndroidRipperService(  780): mHandler.handleMessage() RECIVED
V/AndroidRipperService(  780): broadcast()
V/AndroidRipperService(  780): broadcast() done
V/        (  780): ready
V/RipperService(  780): PING
V/AndroidRipperService(  780): mHandler.handleMessage() RECIVED
V/AndroidRipperService(  780): broadcast()
V/AndroidRipperService(  780): broadcast() done
V/        (  780): ready
V/RipperService(  780): PING
V/AndroidRipperService(  780): mHandler.handleMessage() RECIVED
V/AndroidRipperService(  780): broadcast()
V/AndroidRipperService(  780): broadcast() done
V/        (  780): ready
V/RipperService(  780): PING
V/AndroidRipperService(  780): mHandler.handleMessage() RECIVED
V/AndroidRipperService(  780): broadcast()
V/AndroidRipperService(  780): broadcast() done
V/        (  780): ready
V/RipperService(  780): PING
V/AndroidRipperService(  780): mHandler.handleMessage() RECIVED
V/AndroidRipperService(  780): broadcast()
V/AndroidRipperService(  780): broadcast() done
V/        (  780): ready
V/RipperService(  780): PING
V/AndroidRipperService(  780): mHandler.handleMessage() RECIVED
V/AndroidRipperService(  780): broadcast()
V/AndroidRipperService(  780): broadcast() done
V/        (  780): ready
I/AudioService(  325):  AudioFocus  abandonAudioFocus() from android.media.AudioManager@40cd9780com.android.music.MediaPlaybackService$3@40cd83a0
V/RipperService(  780): PING
V/AndroidRipperService(  780): mHandler.handleMessage() RECIVED
V/AndroidRipperService(  780): broadcast()
V/AndroidRipperService(  780): broadcast() done
V/        (  780): ready
V/RipperService(  780): PING
V/AndroidRipperService(  780): mHandler.handleMessage() RECIVED
V/AndroidRipperService(  780): broadcast()
V/AndroidRipperService(  780): broadcast() done
V/        (  780): ready
V/RipperService(  780): PING
V/AndroidRipperService(  780): mHandler.handleMessage() RECIVED
V/AndroidRipperService(  780): broadcast()
V/AndroidRipperService(  780): broadcast() done
V/        (  780): ready
V/RipperService(  780): PING
V/AndroidRipperService(  780): mHandler.handleMessage() RECIVED
V/AndroidRipperService(  780): broadcast()
V/AndroidRipperService(  780): broadcast() done
V/        (  780): ready
V/RipperService(  780): PING
V/AndroidRipperService(  780): mHandler.handleMessage() RECIVED
V/AndroidRipperService(  780): broadcast()
V/AndroidRipperService(  780): broadcast() done
V/        (  780): ready
V/RipperService(  780): PING
V/AndroidRipperService(  780): mHandler.handleMessage() RECIVED
V/AndroidRipperService(  780): broadcast()
V/AndroidRipperService(  780): broadcast() done
V/        (  780): ready
V/RipperService(  780): END
V/AndroidRipperService(  780): mHandler.handleMessage() RECIVED
V/AndroidRipperService(  780): broadcast()
V/AndroidRipperService(  780): broadcast() done
V/        (  780): ready
V/SERVER  (  780): ServerSocket on PORT 8888: offline
V/AndroidRipperService(  780): mHandler.handleMessage() DISCONNECTED
V/SERVER  (  780): Ready to accept connections on port: 8888
D/dalvikvm(  284): WAIT_FOR_CONCURRENT_GC blocked 301ms
D/dalvikvm(  284): WAIT_FOR_CONCURRENT_GC blocked 242ms
E/ActivityThread(  376): Failed to find provider info for com.android.inputmethod.latin.dictionarypack
D/dalvikvm(  284): WAIT_FOR_CONCURRENT_GC blocked 1805ms
E/BinaryDictionaryGetter(  376): Could not find a dictionary pack
D/TelephonyManager(  388): getLteOnCdmaMode=0 curVal=-1 product_type='' lteOnCdmaProductType=''
I/ActivityManager(  284): Start proc android.process.acore for content provider com.android.providers.userdictionary/.UserDictionaryProvider: pid=434 uid=10001 gids={50001, 3003, 1015, 1028}
D/TelephonyManager(  388): getLteOnCdmaMode=0 curVal=-1 product_type='' lteOnCdmaProductType=''
D/dalvikvm(  376): GC_CONCURRENT freed 272K, 12% free 2511K/2844K, paused 2ms+3ms, total 357ms
W/InputMethodManagerService(  284): Found no subtypes in a system IME: com.android.inputmethod.pinyin
E/StrictMode(  376): A resource was acquired at attached stack trace but never released. See java.io.Closeable for information on avoiding resource leaks.
E/StrictMode(  376): java.lang.Throwable: Explicit termination method 'close' not called
E/StrictMode(  376): 	at dalvik.system.CloseGuard.open(CloseGuard.java:184)
E/StrictMode(  376): 	at android.os.ParcelFileDescriptor.<init>(ParcelFileDescriptor.java:412)
E/StrictMode(  376): 	at android.content.res.AssetManager.openNonAssetFdNative(Native Method)
E/StrictMode(  376): 	at android.content.res.AssetManager.openNonAssetFd(AssetManager.java:428)
E/StrictMode(  376): 	at android.content.res.Resources.openRawResourceFd(Resources.java:979)
E/StrictMode(  376): 	at com.android.inputmethod.latin.BinaryDictionaryGetter.loadFallbackResource(BinaryDictionaryGetter.java:183)
E/StrictMode(  376): 	at com.android.inputmethod.latin.BinaryDictionaryGetter.getDictionaryFiles(BinaryDictionaryGetter.java:456)
E/StrictMode(  376): 	at com.android.inputmethod.latin.DictionaryFactory.createMainDictionaryFromManager(DictionaryFactory.java:57)
E/StrictMode(  376): 	at com.android.inputmethod.latin.DictionaryFactory.createMainDictionaryFromManager(DictionaryFactory.java:87)
E/StrictMode(  376): 	at com.android.inputmethod.latin.Suggest$1.run(Suggest.java:108)
E/SurfaceFlinger(   37): ro.sf.lcd_density must be defined as a build property
D/dalvikvm(  284): GREF has increased to 301
D/gralloc_goldfish(  284): Emulator without GPU emulation detected.
E/BluetoothAdapter(  346): Bluetooth binder is null
E/BluetoothAdapter(  346): Bluetooth binder is null
W/Settings(  388): Setting airplane_mode_on has moved from android.provider.Settings.System to android.provider.Settings.Global, returning read-only value.
W/Settings(  388): Setting auto_time has moved from android.provider.Settings.System to android.provider.Settings.Global, returning read-only global URI.
E/Trace   (  434): error opening trace file: No such file or directory (2)
E/BluetoothAdapter(  346): Bluetooth binder is null
W/Settings(  388): Setting auto_time_zone has moved from android.provider.Settings.System to android.provider.Settings.Global, returning read-only global URI.
W/ActivityManager(  284): Unable to start service Intent { act=com.android.internal.telephony.IWapPushManager } U=0: not found
D/        (  388): [ApnContext:default] set reason as dataEnabled,current state IDLE
D/        (  388): [ApnContext:default] setRetryCount: 0
D/        (  388): [ApnContext:mms] set reason as dataEnabled,current state IDLE
D/        (  388): [ApnContext:mms] setRetryCount: 0
D/        (  388): [ApnContext:supl] set reason as dataEnabled,current state IDLE
D/        (  388): [ApnContext:supl] setRetryCount: 0
D/        (  388): [ApnContext:hipri] set reason as dataEnabled,current state IDLE
D/        (  388): [ApnContext:hipri] setRetryCount: 0
D/        (  388): [ApnContext:fota] set reason as dataEnabled,current state IDLE
D/        (  388): [ApnContext:fota] setRetryCount: 0
D/        (  388): [ApnContext:ims] set reason as dataEnabled,current state IDLE
D/        (  388): [ApnContext:ims] setRetryCount: 0
D/        (  388): [ApnContext:cbs] set reason as dataEnabled,current state IDLE
D/        (  388): [ApnContext:cbs] setRetryCount: 0
D/dalvikvm(  284): GC_CONCURRENT freed 667K, 12% free 5547K/6280K, paused 7ms+22ms, total 755ms
D/dalvikvm(  284): WAIT_FOR_CONCURRENT_GC blocked 70ms
D/dalvikvm(  284): WAIT_FOR_CONCURRENT_GC blocked 374ms
D/dalvikvm(  284): WAIT_FOR_CONCURRENT_GC blocked 166ms
D/dalvikvm(  284): WAIT_FOR_CONCURRENT_GC blocked 645ms
D/TelephonyManager(  388): getLteOnCdmaMode=0 curVal=-1 product_type='' lteOnCdmaProductType=''
D/dalvikvm(  346): GC_CONCURRENT freed 66K, 4% free 3636K/3764K, paused 10ms+100ms, total 306ms
D/CallManager(  388): registerPhone(GSM Handler (com.android.internal.telephony.PhoneProxy) {40d03618})
D/dalvikvm(  388): GC_CONCURRENT freed 206K, 10% free 2586K/2852K, paused 4ms+3ms, total 1468ms
I/ActivityManager(  284): Start proc com.android.music for broadcast com.android.music/.MediaButtonIntentReceiver: pid=458 uid=10025 gids={50025, 3003, 1015, 1028}
E/BluetoothAdapter(  346): Bluetooth binder is null
W/ActivityManager(  284): Activity idle timeout for ActivityRecord{40f8d3b0 u0 com.android.launcher/com.android.launcher2.Launcher}
E/BluetoothAdapter(  284): Bluetooth binder is null
E/BluetoothAdapter(  284): Bluetooth binder is null
V/WiredAccessoryManager(  284): init()
D/dalvikvm(  402): GC_CONCURRENT freed 183K, 9% free 2615K/2856K, paused 4ms+55ms, total 465ms
E/SoundPool(  284): error loading /system/media/audio/ui/Effect_Tick.ogg
W/AudioService(  284): Soundpool could not load file: /system/media/audio/ui/Effect_Tick.ogg
E/SoundPool(  284): error loading /system/media/audio/ui/Effect_Tick.ogg
W/AudioService(  284): Soundpool could not load file: /system/media/audio/ui/Effect_Tick.ogg
E/SoundPool(  284): error loading /system/media/audio/ui/Effect_Tick.ogg
W/AudioService(  284): Soundpool could not load file: /system/media/audio/ui/Effect_Tick.ogg
E/SoundPool(  284): error loading /system/media/audio/ui/Effect_Tick.ogg
W/AudioService(  284): Soundpool could not load file: /system/media/audio/ui/Effect_Tick.ogg
E/SoundPool(  284): error loading /system/media/audio/ui/Effect_Tick.ogg
W/AudioService(  284): Soundpool could not load file: /system/media/audio/ui/Effect_Tick.ogg
E/SoundPool(  284): error loading /system/media/audio/ui/KeypressStandard.ogg
W/AudioService(  284): Soundpool could not load file: /system/media/audio/ui/KeypressStandard.ogg
E/SoundPool(  284): error loading /system/media/audio/ui/KeypressSpacebar.ogg
W/AudioService(  284): Soundpool could not load file: /system/media/audio/ui/KeypressSpacebar.ogg
E/SoundPool(  284): error loading /system/media/audio/ui/KeypressDelete.ogg
W/AudioService(  284): Soundpool could not load file: /system/media/audio/ui/KeypressDelete.ogg
E/SoundPool(  284): error loading /system/media/audio/ui/KeypressReturn.ogg
W/AudioService(  284): Soundpool could not load file: /system/media/audio/ui/KeypressReturn.ogg
W/AudioService(  284): loadSoundEffects(), Error -1 while loading samples
I/dalvikvm(  458): Turning on JNI app bug workarounds for target SDK version 9...
E/Trace   (  458): error opening trace file: No such file or directory (2)
I/ActivityManager(  284): Start proc com.android.contacts for broadcast com.android.contacts/.calllog.CallLogReceiver: pid=478 uid=10001 gids={50001, 3003, 1015, 1028}
I/AudioService(  284):   Remote Control   registerMediaButtonIntent() for PendingIntent{40d61038: PendingIntentRecord{4103d1e8 com.android.music broadcastIntent}}
I/ActivityManager(  284): Start proc android.process.media for content provider com.android.providers.media/.MediaProvider: pid=491 uid=10000 gids={50000, 1015, 1023, 1024, 1028, 1006, 2001, 3003, 3007}
D/PhoneStatusBar(  346): disable: < expand icons alerts ticker system_info back home recent clock search >
E/BluetoothAdapter(  388): Bluetooth binder is null
E/Trace   (  478): error opening trace file: No such file or directory (2)
E/BluetoothAdapter(  346): Bluetooth binder is null
I/Choreographer(  284): Skipped 6339 frames!  The application may be doing too much work on its main thread.
D/SystemUIService(  346): loading: class com.android.systemui.power.PowerUI
D/SystemUIService(  346): running: com.android.systemui.power.PowerUI@40e40d38
W/ActivityManager(  284): Timeout executing service: ServiceRecord{40ecf908 u0 com.android.systemui/.ImageWallpaper}
D/SystemUIService(  346): loading: class com.android.systemui.media.RingtonePlayer
D/SystemUIService(  346): running: com.android.systemui.media.RingtonePlayer@40e419f8
E/Trace   (  491): error opening trace file: No such file or directory (2)
E/BluetoothAdapter(  388): Bluetooth binder is null
I/Choreographer(  346): Skipped 3745 frames!  The application may be doing too much work on its main thread.
D/dalvikvm(  284): GC_CONCURRENT freed 755K, 13% free 5587K/6408K, paused 6ms+82ms, total 1580ms
D/dalvikvm(  284): WAIT_FOR_CONCURRENT_GC blocked 219ms
D/dalvikvm(  284): WAIT_FOR_CONCURRENT_GC blocked 619ms
D/dalvikvm(  284): WAIT_FOR_CONCURRENT_GC blocked 516ms
D/dalvikvm(  284): WAIT_FOR_CONCURRENT_GC blocked 466ms
D/dalvikvm(  284): WAIT_FOR_CONCURRENT_GC blocked 482ms
D/dalvikvm(  284): WAIT_FOR_CONCURRENT_GC blocked 729ms
D/dalvikvm(  284): WAIT_FOR_CONCURRENT_GC blocked 730ms
I/Process (  284): Sending signal. PID: 346 SIG: 3
I/dalvikvm(  346): threadid=3: reacting to signal 3
W/dalvikvm(  434): threadid=2: spin on suspend #1 threadid=11 (pcf=0)
D/dalvikvm(  434): Temporarily moving tid 477 to fg (was 0)
D/dalvikvm(  434): Temporarily raised priority on tid 477 (10 -> 0)
W/dalvikvm(  434): threadid=2: spin on suspend resolved in 1010 msec
D/dalvikvm(  434): Restored policy of 477 to 0
D/dalvikvm(  434): Restored priority on 477 to 10
I/Process (  284): Sending signal. PID: 284 SIG: 3
I/dalvikvm(  284): threadid=3: reacting to signal 3
D/dalvikvm(  434): GC_CONCURRENT freed 207K, 10% free 2586K/2856K, paused 1041ms+20ms, total 1133ms
I/dalvikvm(  346): Wrote stack traces to '/data/anr/traces.txt'
I/Process (  284): Sending signal. PID: 388 SIG: 3
I/dalvikvm(  388): threadid=3: reacting to signal 3
I/dalvikvm(  284): Wrote stack traces to '/data/anr/traces.txt'
D/dalvikvm(  284): WAIT_FOR_CONCURRENT_GC blocked 3227ms
V/TAG     (  284): bug 7643792: fitSystemWindows([0,0][0,0])
D/dalvikvm(  284): GREF has increased to 401
D/dalvikvm(  284): GC_CONCURRENT freed 366K, 12% free 5660K/6408K, paused 32ms+129ms, total 1630ms
V/TAG     (  284): bug 7643792: fitSystemWindows([0,38][0,0])
I/dalvikvm(  388): Wrote stack traces to '/data/anr/traces.txt'
E/SurfaceFlinger(   37): ro.sf.lcd_density must be defined as a build property
W/WindowManager(  284): Window freeze timeout expired.
W/WindowManager(  284): Force clearing orientation change: Window{41030d78 u0 StatusBar}
W/WindowManager(  284): Force clearing orientation change: Window{40f01460 u0 Keyguard}
D/dalvikvm(  284): GC_EXPLICIT freed 434K, 12% free 5665K/6408K, paused 4ms+23ms, total 129ms
I/Choreographer(  284): Skipped 670 frames!  The application may be doing too much work on its main thread.
I//system/bin/fsck_msdos(   32): Attempting to allocate 794 KB for FAT
E/SurfaceFlinger(   37): ro.sf.lcd_density must be defined as a build property
I/DownloadManager(  491): in removeSpuriousFiles
D/dalvikvm(  284): GC_FOR_ALLOC freed 32K, 12% free 5675K/6408K, paused 130ms, total 131ms
I/dalvikvm-heap(  284): Grow heap (frag case) to 6.683MB for 1128976-byte allocation
D/dalvikvm(  284): GC_FOR_ALLOC freed <1K, 10% free 6777K/7512K, paused 94ms, total 94ms
I/Process (  284): Sending signal. PID: 491 SIG: 3
I/dalvikvm(  491): threadid=3: reacting to signal 3
I/Process (  284): Sending signal. PID: 402 SIG: 3
I/dalvikvm(  402): threadid=3: reacting to signal 3
I/Process (  284): Sending signal. PID: 478 SIG: 3
I/Process (  284): Sending signal. PID: 458 SIG: 3
I/dalvikvm(  458): threadid=3: reacting to signal 3
I/dalvikvm(  478): threadid=3: reacting to signal 3
I/dalvikvm(  402): Wrote stack traces to '/data/anr/traces.txt'
E/ActivityManager(  284): ANR in com.android.systemui
E/ActivityManager(  284): Reason: Executing service com.android.systemui/.ImageWallpaper
E/ActivityManager(  284): Load: 7.19 / 1.92 / 0.65
E/ActivityManager(  284): CPU usage from 0ms to 13238ms later:
E/ActivityManager(  284):   25% 284/system_server: 16% user + 9% kernel / faults: 2302 minor 6 major
E/ActivityManager(  284):   17% 37/surfaceflinger: 14% user + 2.9% kernel / faults: 5 minor
E/ActivityManager(  284):   4.8% 346/com.android.systemui: 3.5% user + 1.3% kernel / faults: 703 minor 3 major
E/ActivityManager(  284):   4.2% 87/bootanimation: 3% user + 1.2% kernel
E/ActivityManager(  284):   4.1% 402/com.android.launcher: 3.2% user + 0.8% kernel / faults: 674 minor 1 major
E/ActivityManager(  284):   3.8% 491/android.process.media: 1.7% user + 2.1% kernel / faults: 1888 minor 15 major
E/ActivityManager(  284):   3% 388/com.android.phone: 1.6% user + 1.4% kernel / faults: 381 minor 2 major
E/ActivityManager(  284):   1.8% 434/android.process.acore: 1.5% user + 0.3% kernel / faults: 994 minor
E/ActivityManager(  284):   1.4% 478/com.android.contacts: 0.4% user + 0.9% kernel / faults: 503 minor 19 major
E/ActivityManager(  284):   0.9% 376/com.android.inputmethod.latin: 0.7% user + 0.2% kernel / faults: 68 minor 1 major
E/ActivityManager(  284):   0.4% 351/fsck_msdos: 0.1% user + 0.2% kernel / faults: 812 minor
E/ActivityManager(  284):   0.3% 40/mediaserver: 0.2% user + 0.1% kernel / faults: 6 minor
E/ActivityManager(  284):   0.4% 458/com.android.music: 0.3% user + 0.1% kernel / faults: 227 minor
E/ActivityManager(  284):   0% 29/mmcqd: 0% user + 0% kernel
E/ActivityManager(  284): 100% TOTAL: 68% user + 30% kernel + 0.2% softirq
E/ActivityManager(  284): CPU usage from 10098ms to 10764ms later:
E/ActivityManager(  284):   29% 284/system_server: 12% user + 16% kernel / faults: 290 minor
E/ActivityManager(  284):     10% 301/ActivityManager: 0% user + 10% kernel
E/ActivityManager(  284):     5.2% 299/UI: 1% user + 4.1% kernel
E/ActivityManager(  284):     5.2% 420/Binder_3: 3.1% user + 2% kernel
E/ActivityManager(  284):     5.2% 431/Binder_5: 3.1% user + 2% kernel
E/ActivityManager(  284):     4.1% 298/er.ServerThread: 4.1% user + 0% kernel
E/ActivityManager(  284):     3.1% 290/Compiler: 1% user + 2% kernel
E/ActivityManager(  284):     1% 295/Binder_1: 1% user + 0% kernel
E/ActivityManager(  284):     1% 313/PowerManagerSer: 1% user + 0% kernel
E/ActivityManager(  284):     1% 469/Thread-70: 0% user + 1% kernel
E/ActivityManager(  284):     1% 508/Binder_7: 1% user + 0% kernel
E/ActivityManager(  284):     1% 509/Binder_8: 0% user + 1% kernel
E/ActivityManager(  284):     1% 520/Binder_A: 1% user + 0% kernel
E/ActivityManager(  284):   9.4% 491/android.process.media: 3.9% user + 5.4% kernel / faults: 538 minor 7 major
E/ActivityManager(  284):     12% 491/d.process.media: 4.9% user + 7.4% kernel
E/ActivityManager(  284):     2.4% 505/Binder_1: 0% user + 2.4% kernel
E/ActivityManager(  284):     0.9% 499/Compiler: 0.9% user + 0% kernel
E/ActivityManager(  284):    +0% 528/Thread-40: 0% user + 0% kernel
E/ActivityManager(  284):   12% 37/surfaceflinger: 10% user + 2.3% kernel
E/ActivityManager(  284):     11% 66/SurfaceFlinger: 9.4% user + 2.3% kernel
E/ActivityManager(  284):     1.1% 37/surfaceflinger: 1.1% user + 0% kernel
E/ActivityManager(  284):     1.1% 77/VSyncThread: 0% user + 1.1% kernel
E/ActivityManager(  284):     1.1% 82/EventThread: 1.1% user + 0% kernel
E/ActivityManager(  284):     1.1% 304/Binder_2: 1.1% user + 0% kernel
E/ActivityManager(  284):   4.3% 388/com.android.phone: 2.4% user + 1.9% kernel / faults: 47 minor
E/ActivityManager(  284):     6.2% 388/m.android.phone: 3.8% user + 2.4% kernel
E/ActivityManager(  284):     0.4% 396/Compiler: 0% user + 0.4% kernel
E/ActivityManager(  284):     0.4% 448/RILReceiver: 0% user + 0.4% kernel
E/ActivityManager(  284):   2.9% 402/com.android.launcher: 2.4% user + 0.4% kernel / faults: 28 minor
E/ActivityManager(  284):     2.4% 402/ndroid.launcher: 1.4% user + 0.9% kernel
E/ActivityManager(  284):     0.4% 409/Compiler: 0.4% user + 0% kernel
E/ActivityManager(  284):   1.4% 351/fsck_msdos: 0.4% user + 0.9% kernel / faults: 239 minor
E/ActivityManager(  284):   0.6% 29/mmcqd: 0% user + 0.6% kernel
E/ActivityManager(  284):   2.3% 87/bootanimation: 1.1% user + 1.1% kernel
E/ActivityManager(  284):     3.5% 102/BootAnimation: 2.3% user + 1.1% kernel
E/ActivityManager(  284):   1% 478/com.android.contacts: 0% user + 1% kernel / faults: 53 minor
E/ActivityManager(  284):     2% 522/IntentService[C: 0% user + 2% kernel
E/ActivityManager(  284):   0.5% 458/com.android.music: 0.5% user + 0% kernel / faults: 32 minor
E/ActivityManager(  284):     1% 458/m.android.music: 1% user + 0% kernel
E/ActivityManager(  284): 100% TOTAL: 52% user + 47% kernel
I/Choreographer(  284): Skipped 1015 frames!  The application may be doing too much work on its main thread.
W/ActivityManager(  284): Killing ProcessRecord{40f0afd0 346:com.android.systemui/u0a10034}: background ANR
D/dalvikvm(  284): GC_CONCURRENT freed 98K, 9% free 7187K/7868K, paused 99ms+120ms, total 2133ms
W/ActivityManager(  284): Timeout executing service: ServiceRecord{40f82778 u0 com.android.phone/.TelephonyDebugService}
E/dalvikvm(  491): Unable to open stack trace file '/data/anr/traces.txt': Permission denied
I/Process (  284): Sending signal. PID: 388 SIG: 3
I/dalvikvm(  388): threadid=3: reacting to signal 3
I/Process (  284): Sending signal. PID: 284 SIG: 3
I/dalvikvm(  284): threadid=3: reacting to signal 3
D/dalvikvm(  402): GC_CONCURRENT freed 88K, 5% free 2988K/3136K, paused 4ms+14ms, total 96ms
W/dalvikvm(  478): threadid=3: spin on suspend #1 threadid=12 (pcf=0)
D/dalvikvm(  478): Temporarily moving tid 519 to fg (was 0)
D/dalvikvm(  478): Temporarily raised priority on tid 519 (10 -> 0)
W/dalvikvm(  478): threadid=3: spin on suspend resolved in 3315 msec
D/dalvikvm(  478): Restored policy of 519 to 0
D/dalvikvm(  478): Restored priority on 519 to 10
I/dalvikvm(  458): Wrote stack traces to '/data/anr/traces.txt'
I//system/bin/fsck_msdos(   32): ** Phase 2 - Check Cluster Chains
I//system/bin/fsck_msdos(   32): ** Phase 3 - Checking Directories
I//system/bin/fsck_msdos(   32): ** Phase 4 - Checking for Lost Files
I//system/bin/fsck_msdos(   32): 17 files, 100787 free (201574 clusters)
I/Vold    (   32): Filesystem check completed OK
I/Vold    (   32): Device /dev/block/vold/179:0, target /mnt/sdcard mounted @ /mnt/secure/staging
D/Vold    (   32): Volume sdcard state changing 3 (Checking) -> 4 (Mounted)
I/dalvikvm(  388): Wrote stack traces to '/data/anr/traces.txt'
W/InputDispatcher(  284): channel '41030d78 StatusBar (server)' ~ Consumer closed input channel or an error occurred.  events=0x9
E/InputDispatcher(  284): channel '41030d78 StatusBar (server)' ~ Channel is unrecoverably broken and will be disposed!
I/WindowState(  284): WIN DEATH: Window{41030d78 u0 StatusBar}
W/InputDispatcher(  284): Attempted to unregister already unregistered input channel '41030d78 StatusBar (server)'
I/ActivityManager(  284): Process com.android.systemui (pid 346) has died.
W/ActivityManager(  284): Scheduling restart of crashed service com.android.systemui/.ImageWallpaper in 0ms
W/ActivityManager(  284): Scheduling restart of crashed service com.android.systemui/.SystemUIService in 0ms
I/Process (  284): Sending signal. PID: 346 SIG: 3
D/dalvikvm(   38): GC_EXPLICIT freed 34K, 4% free 2381K/2476K, paused 3ms+4ms, total 71ms
D/MountService(  284): volume state changed for /mnt/sdcard (checking -> mounted)
I/PackageManager(  284): Updating external media status from unmounted to mounted
D/MountService(  284): sendStorageIntent Intent { act=android.intent.action.MEDIA_MOUNTED dat=file:///mnt/sdcard (has extras) } to UserHandle{-1}
I/Choreographer(  284): Skipped 700 frames!  The application may be doing too much work on its main thread.
D/dalvikvm(   38): GC_EXPLICIT freed <1K, 4% free 2382K/2476K, paused 3ms+12ms, total 83ms
I/ActivityManager(  284): Start proc com.android.systemui for restart com.android.systemui: pid=538 uid=10034 gids={50034, 1028, 1015, 3002, 3001}
E/VoldConnector(  284): NDC Command {3 volume mount /mnt/sdcard} took too long (42868ms)
D/dalvikvm(   38): GC_EXPLICIT freed <1K, 4% free 2382K/2476K, paused 3ms+10ms, total 76ms
I/Choreographer(  284): Skipped 53 frames!  The application may be doing too much work on its main thread.
I/dalvikvm(  284): Wrote stack traces to '/data/anr/traces.txt'
V/TAG     (  284): bug 7643792: fitSystemWindows([0,0][0,0])
W/WindowManager(  284): Window freeze timeout expired.
W/WindowManager(  284): Force clearing orientation change: Window{40f01460 u0 Keyguard}
D/DebugService(  388): DebugService DebugService:
D/TelephonyDebugService(  388): TelephonyDebugService()
D/dalvikvm(  284): GC_CONCURRENT freed 1734K, 27% free 6064K/8228K, paused 92ms+357ms, total 2300ms
