D/dalvikvm(  325): GC_FOR_ALLOC freed 20K, 13% free 4985K/5688K, paused 655ms, total 655ms
D/TelephonyManager(  482): getLteOnCdmaMode=0 curVal=-1 product_type='' lteOnCdmaProductType=''
D/dalvikvm(  423): GC_CONCURRENT freed 5K, 5% free 3280K/3436K, paused 37ms+3ms, total 484ms
D/dalvikvm(  423): WAIT_FOR_CONCURRENT_GC blocked 430ms
D/dalvikvm(  325): GC_FOR_ALLOC freed 261K, 12% free 5006K/5688K, paused 154ms, total 155ms
I/dalvikvm-heap(  325): Grow heap (frag case) to 5.048MB for 104992-byte allocation
D/dalvikvm(  325): GC_FOR_ALLOC freed <1K, 12% free 5108K/5792K, paused 139ms, total 139ms
W/InputAttributes(  460): No editor info for this field. Bug?
W/InputMethodManagerService(  325): Found no subtypes in a system IME: com.android.inputmethod.pinyin
D/dalvikvm(  325): GC_FOR_ALLOC freed 56K, 12% free 5129K/5792K, paused 500ms, total 501ms
I/dalvikvm-heap(  325): Grow heap (frag case) to 5.168MB for 104992-byte allocation
I//system/bin/fsck_msdos(   32): ** /dev/block/vold/179:0
I//system/bin/fsck_msdos(   32): ** Phase 1 - Read and Compare FATs
I//system/bin/fsck_msdos(   32): Attempting to allocate 2044 KB for FAT
D/dalvikvm(  325): GC_FOR_ALLOC freed <1K, 12% free 5231K/5896K, paused 220ms, total 221ms
E/ActivityThread(  460): Failed to find provider info for com.android.inputmethod.latin.dictionarypack
E/BinaryDictionaryGetter(  460): Could not find a dictionary pack
D/dalvikvm(  325): GREF has increased to 301
I/ActivityManager(  325): Start proc android.process.acore for content provider com.android.providers.userdictionary/.UserDictionaryProvider: pid=547 uid=10001 gids={50001, 3003, 1015, 1028}
I/LocationBlacklist(  325): whitelist: []
I/LocationBlacklist(  325): blacklist: []
W/Settings(  482): Setting airplane_mode_on has moved from android.provider.Settings.System to android.provider.Settings.Global, returning read-only value.
D/dalvikvm(  460): GC_CONCURRENT freed 271K, 12% free 2498K/2824K, paused 3ms+54ms, total 295ms
E/StrictMode(  460): A resource was acquired at attached stack trace but never released. See java.io.Closeable for information on avoiding resource leaks.
E/StrictMode(  460): java.lang.Throwable: Explicit termination method 'close' not called
E/StrictMode(  460): 	at dalvik.system.CloseGuard.open(CloseGuard.java:184)
E/StrictMode(  460): 	at android.os.ParcelFileDescriptor.<init>(ParcelFileDescriptor.java:412)
E/StrictMode(  460): 	at android.content.res.AssetManager.openNonAssetFdNative(Native Method)
E/StrictMode(  460): 	at android.content.res.AssetManager.openNonAssetFd(AssetManager.java:428)
E/StrictMode(  460): 	at android.content.res.Resources.openRawResourceFd(Resources.java:979)
E/StrictMode(  460): 	at com.android.inputmethod.latin.BinaryDictionaryGetter.loadFallbackResource(BinaryDictionaryGetter.java:183)
E/StrictMode(  460): 	at com.android.inputmethod.latin.BinaryDictionaryGetter.getDictionaryFiles(BinaryDictionaryGetter.java:456)
E/StrictMode(  460): 	at com.android.inputmethod.latin.DictionaryFactory.createMainDictionaryFromManager(DictionaryFactory.java:57)
E/StrictMode(  460): 	at com.android.inputmethod.latin.DictionaryFactory.createMainDictionaryFromManager(DictionaryFactory.java:87)
E/StrictMode(  460): 	at com.android.inputmethod.latin.Suggest$1.run(Suggest.java:108)
D/dalvikvm(  502): GC_CONCURRENT freed 186K, 9% free 2620K/2864K, paused 4ms+74ms, total 281ms
W/Settings(  482): Setting auto_time has moved from android.provider.Settings.System to android.provider.Settings.Global, returning read-only global URI.
W/Settings(  482): Setting auto_time_zone has moved from android.provider.Settings.System to android.provider.Settings.Global, returning read-only global URI.
W/ActivityManager(  325): Unable to start service Intent { act=com.android.internal.telephony.IWapPushManager } U=0: not found
D/dalvikvm(  325): GC_CONCURRENT freed 452K, 9% free 5497K/6012K, paused 389ms+17ms, total 924ms
D/dalvikvm(  325): WAIT_FOR_CONCURRENT_GC blocked 184ms
D/dalvikvm(  325): WAIT_FOR_CONCURRENT_GC blocked 248ms
D/dalvikvm(  325): WAIT_FOR_CONCURRENT_GC blocked 248ms
D/dalvikvm(  325): WAIT_FOR_CONCURRENT_GC blocked 276ms
D/dalvikvm(  325): WAIT_FOR_CONCURRENT_GC blocked 276ms
D/dalvikvm(  325): WAIT_FOR_CONCURRENT_GC blocked 392ms
I/ActivityManager(  325): Start proc com.android.music for broadcast com.android.music/.MediaButtonIntentReceiver: pid=577 uid=10025 gids={50025, 3003, 1015, 1028}
E/BluetoothAdapter(  423): Bluetooth binder is null
E/BluetoothAdapter(  423): Bluetooth binder is null
D/        (  482): [ApnContext:default] set reason as dataEnabled,current state IDLE
D/        (  482): [ApnContext:default] setRetryCount: 0
D/        (  482): [ApnContext:mms] set reason as dataEnabled,current state IDLE
D/        (  482): [ApnContext:mms] setRetryCount: 0
I/dalvikvm(  577): Turning on JNI app bug workarounds for target SDK version 9...
D/        (  482): [ApnContext:supl] set reason as dataEnabled,current state IDLE
D/        (  482): [ApnContext:supl] setRetryCount: 0
E/Trace   (  577): error opening trace file: No such file or directory (2)
D/        (  482): [ApnContext:hipri] set reason as dataEnabled,current state IDLE
D/        (  482): [ApnContext:hipri] setRetryCount: 0
D/        (  482): [ApnContext:fota] set reason as dataEnabled,current state IDLE
D/        (  482): [ApnContext:fota] setRetryCount: 0
D/        (  482): [ApnContext:ims] set reason as dataEnabled,current state IDLE
D/        (  482): [ApnContext:ims] setRetryCount: 0
D/        (  482): [ApnContext:cbs] set reason as dataEnabled,current state IDLE
D/        (  482): [ApnContext:cbs] setRetryCount: 0
E/BluetoothAdapter(  423): Bluetooth binder is null
I/Choreographer(  325): Skipped 4292 frames!  The application may be doing too much work on its main thread.
D/TelephonyManager(  482): getLteOnCdmaMode=0 curVal=-1 product_type='' lteOnCdmaProductType=''
D/CallManager(  482): registerPhone(GSM Handler (com.android.internal.telephony.PhoneProxy) {40d02528})
D/dalvikvm(  482): GC_CONCURRENT freed 208K, 10% free 2586K/2852K, paused 7ms+59ms, total 676ms
E/BluetoothAdapter(  482): Bluetooth binder is null
E/BluetoothAdapter(  482): Bluetooth binder is null
D/dalvikvm(  423): GC_CONCURRENT freed 66K, 4% free 3649K/3772K, paused 4ms+29ms, total 75ms
D/dalvikvm(  325): GC_CONCURRENT freed 736K, 13% free 5545K/6344K, paused 7ms+7ms, total 313ms
D/dalvikvm(  325): WAIT_FOR_CONCURRENT_GC blocked 24ms
D/dalvikvm(  325): WAIT_FOR_CONCURRENT_GC blocked 132ms
D/dalvikvm(  325): WAIT_FOR_CONCURRENT_GC blocked 62ms
I/AudioService(  325):   Remote Control   registerMediaButtonIntent() for PendingIntent{40f0b038: PendingIntentRecord{40fa1250 com.android.music broadcastIntent}}
D/dalvikvm(  325): WAIT_FOR_CONCURRENT_GC blocked 168ms
V/TAG     (  325): bug 7643792: fitSystemWindows([0,0][0,0])
I/ActivityManager(  325): Start proc android.process.media for content provider com.android.providers.media/.MediaProvider: pid=603 uid=10000 gids={50000, 1015, 1023, 1024, 1028, 1006, 2001, 3003, 3007}
E/BluetoothAdapter(  423): Bluetooth binder is null
V/TAG     (  325): bug 7643792: fitSystemWindows([0,0][0,0])
E/Trace   (  603): error opening trace file: No such file or directory (2)
I/Choreographer(  325): Skipped 203 frames!  The application may be doing too much work on its main thread.
E/SurfaceFlinger(   37): ro.sf.lcd_density must be defined as a build property
D/dalvikvm(  325): GC_FOR_ALLOC freed 210K, 14% free 5478K/6344K, paused 86ms, total 88ms
I/dalvikvm-heap(  325): Grow heap (frag case) to 6.486MB for 1128976-byte allocation
D/dalvikvm(  325): GC_FOR_ALLOC freed 3K, 12% free 6577K/7448K, paused 72ms, total 72ms
E/Trace   (  547): error opening trace file: No such file or directory (2)
W/WindowManager(  325): Window freeze timeout expired.
W/WindowManager(  325): Force clearing orientation change: Window{40efeec0 u0 Keyguard}
D/PhoneStatusBar(  423): disable: < expand icons alerts ticker system_info back home recent clock search >
D/dalvikvm(  325): GC_CONCURRENT freed 35K, 12% free 6602K/7448K, paused 105ms+103ms, total 1625ms
I/DownloadManager(  603): in removeSpuriousFiles
W/ActivityManager(  325): Timeout executing service: ServiceRecord{40e9a840 u0 com.android.systemui/.ImageWallpaper}
I/Choreographer(  325): Skipped 748 frames!  The application may be doing too much work on its main thread.
I/Process (  325): Sending signal. PID: 423 SIG: 3
I/dalvikvm(  423): threadid=3: reacting to signal 3
I/Process (  325): Sending signal. PID: 325 SIG: 3
I/dalvikvm(  325): threadid=3: reacting to signal 3
D/dalvikvm(  502): GC_CONCURRENT freed 87K, 5% free 2988K/3132K, paused 80ms+3ms, total 301ms
I/dalvikvm(  423): Wrote stack traces to '/data/anr/traces.txt'
I//system/bin/fsck_msdos(   32): Attempting to allocate 2044 KB for FAT
I//system/bin/fsck_msdos(   32): ** Phase 2 - Check Cluster Chains
I//system/bin/fsck_msdos(   32): ** Phase 3 - Checking Directories
I//system/bin/fsck_msdos(   32): ** Phase 4 - Checking for Lost Files
I//system/bin/fsck_msdos(   32): 12 files, 1044448 free (522224 clusters)
I/Vold    (   32): Filesystem check completed OK
I/Vold    (   32): Device /dev/block/vold/179:0, target /mnt/sdcard mounted @ /mnt/secure/staging
D/Vold    (   32): Volume sdcard state changing 3 (Checking) -> 4 (Mounted)
D/MountService(  325): volume state changed for /mnt/sdcard (checking -> mounted)
I/PackageManager(  325): Updating external media status from unmounted to mounted
D/MountService(  325): sendStorageIntent Intent { act=android.intent.action.MEDIA_MOUNTED dat=file:///mnt/sdcard (has extras) } to UserHandle{-1}
I/Process (  325): Sending signal. PID: 482 SIG: 3
I/dalvikvm(  482): threadid=3: reacting to signal 3
E/VoldConnector(  325): NDC Command {3 volume mount /mnt/sdcard} took too long (24908ms)
W/WindowManager(  325): Window freeze timeout expired.
W/WindowManager(  325): Force clearing orientation change: Window{40efeec0 u0 Keyguard}
I/dalvikvm(  325): Wrote stack traces to '/data/anr/traces.txt'
E/BluetoothAdapter(  423): Bluetooth binder is null
D/SystemUIService(  423): loading: class com.android.systemui.power.PowerUI
D/SystemUIService(  423): running: com.android.systemui.power.PowerUI@40e5b040
D/SystemUIService(  423): loading: class com.android.systemui.media.RingtonePlayer
D/SystemUIService(  423): running: com.android.systemui.media.RingtonePlayer@40e5bcc0
I/Choreographer(  325): Skipped 313 frames!  The application may be doing too much work on its main thread.
D/dalvikvm(  325): GC_CONCURRENT freed 73K, 11% free 6692K/7448K, paused 131ms+312ms, total 1469ms
V/TAG     (  325): bug 7643792: fitSystemWindows([0,38][0,0])
I/Choreographer(  423): Skipped 4032 frames!  The application may be doing too much work on its main thread.
I/dalvikvm(  482): Wrote stack traces to '/data/anr/traces.txt'
I/Choreographer(  325): Skipped 360 frames!  The application may be doing too much work on its main thread.
I/Choreographer(  325): Skipped 60 frames!  The application may be doing too much work on its main thread.
D/dalvikvm(  423): GC_CONCURRENT freed 236K, 8% free 3815K/4108K, paused 9ms+68ms, total 360ms
E/VoldConnector(  325): NDC Command {4 asec list} took too long (3060ms)
I/PackageManager(  325): No secure containers on sdcard
E/SurfaceFlinger(   37): ro.sf.lcd_density must be defined as a build property
W/GpsLocationProvider(  325): Could not open GPS configuration file /etc/gps.conf
D/dalvikvm(  325): GC_EXPLICIT freed 1461K, 24% free 5700K/7448K, paused 21ms+127ms, total 294ms
D/dalvikvm(  547): GC_CONCURRENT freed 182K, 9% free 2614K/2852K, paused 100ms+2ms, total 408ms
W/WindowManager(  325): Window freeze timeout expired.
W/WindowManager(  325): Force clearing orientation change: Window{40ec7588 u0 StatusBar}
D/dalvikvm(  325): GREF has increased to 401
I/Choreographer(  325): Skipped 40 frames!  The application may be doing too much work on its main thread.
I/Process (  325): Sending signal. PID: 547 SIG: 3
I/dalvikvm(  547): threadid=3: reacting to signal 3
W/PackageManager(  325): Unknown permission com.google.android.googleapps.permission.GOOGLE_AUTH.mail in package com.android.contacts
W/PackageManager(  325): Unknown permission android.permission.ADD_SYSTEM_SERVICE in package com.android.phone
W/PackageManager(  325): Unknown permission com.android.smspush.WAPPUSH_MANAGER_BIND in package com.android.phone
W/PackageManager(  325): Unknown permission com.google.android.googleapps.permission.GOOGLE_AUTH in package com.android.providers.calendar
W/PackageManager(  325): Unknown permission com.google.android.googleapps.permission.GOOGLE_AUTH.cl in package com.android.providers.calendar
W/PackageManager(  325): Unknown permission com.google.android.googleapps.permission.GOOGLE_AUTH.mail in package com.android.calendar
W/PackageManager(  325): Not granting permission android.permission.SEND_DOWNLOAD_COMPLETED_INTENTS to package com.android.browser (protectionLevel=2 flags=0x89be45)
W/PackageManager(  325): Not granting permission android.permission.BIND_APPWIDGET to package com.android.widgetpreview (protectionLevel=18 flags=0x8be44)
W/PackageManager(  325): Unknown permission com.google.android.googleapps.permission.GOOGLE_AUTH in package com.android.settings
I/Process (  325): Sending signal. PID: 460 SIG: 3
I/dalvikvm(  460): threadid=3: reacting to signal 3
I/dalvikvm(  547): Wrote stack traces to '/data/anr/traces.txt'
I/Process (  325): Sending signal. PID: 603 SIG: 3
I/dalvikvm(  603): threadid=3: reacting to signal 3
I/dalvikvm(  460): Wrote stack traces to '/data/anr/traces.txt'
D/dalvikvm(  547): GC_CONCURRENT freed 42K, 9% free 2618K/2852K, paused 4ms+34ms, total 68ms
E/ActivityManager(  325): ANR in com.android.systemui
E/ActivityManager(  325): Reason: Executing service com.android.systemui/.ImageWallpaper
E/ActivityManager(  325): Load: 6.32 / 1.68 / 0.57
E/ActivityManager(  325): CPU usage from 1143ms to -10813ms ago:
E/ActivityManager(  325):   20% 325/system_server: 13% user + 6.8% kernel / faults: 4078 minor 5 major
E/ActivityManager(  325):   16% 37/surfaceflinger: 13% user + 2.7% kernel / faults: 2 minor
E/ActivityManager(  325):   8.5% 547/android.process.acore: 4.6% user + 3.9% kernel / faults: 2574 minor 23 major
E/ActivityManager(  325):   4.9% 502/com.android.launcher: 1.4% user + 3.5% kernel / faults: 5909 minor 2 major
E/ActivityManager(  325):   4.7% 423/com.android.systemui: 3.1% user + 1.5% kernel / faults: 1192 minor 3 major
E/ActivityManager(  325):   3.3% 84/bootanimation: 2.5% user + 0.7% kernel
E/ActivityManager(  325):   2.2% 482/com.android.phone: 1.6% user + 0.5% kernel / faults: 363 minor 2 major
E/ActivityManager(  325):   2.2% 603/android.process.media: 1.5% user + 0.6% kernel / faults: 690 minor 4 major
E/ActivityManager(  325):   0.6% 32/vold: 0% user + 0.6% kernel / faults: 6 minor
E/ActivityManager(  325):   1.1% 460/com.android.inputmethod.latin: 1% user + 0.1% kernel / faults: 168 minor 1 major
E/ActivityManager(  325):   0.5% 29/mmcqd: 0% user + 0.5% kernel
E/ActivityManager(  325):   0.6% 47/adbd: 0% user + 0.6% kernel / faults: 131 minor
E/ActivityManager(  325):   0.3% 577/zygote: 0.3% user + 0% kernel / faults: 197 minor
E/ActivityManager(  325):   0.2% 40/mediaserver: 0% user + 0.1% kernel
E/ActivityManager(  325): 99% TOTAL: 62% user + 37% kernel + 0.5% irq
E/ActivityManager(  325): CPU usage from 8841ms to 10191ms later:
E/ActivityManager(  325):   21% 325/system_server: 15% user + 5.8% kernel / faults: 79 minor
E/ActivityManager(  325):     14% 345/ActivityManager: 8.4% user + 5.8% kernel
E/ActivityManager(  325):     11% 343/UI: 10% user + 0.8% kernel
E/ActivityManager(  325):     8.4% 599/Binder_8: 5.8% user + 2.5% kernel
E/ActivityManager(  325):     4.2% 334/FinalizerDaemon: 4.2% user + 0% kernel
E/ActivityManager(  325):     3.3% 349/PackageManager: 1.6% user + 1.6% kernel
E/ActivityManager(  325):     2.5% 329/Compiler: 1.6% user + 0.8% kernel
E/ActivityManager(  325):     1.6% 344/WindowManager: 0.8% user + 0.8% kernel
E/ActivityManager(  325):     0.8% 341/SensorService: 0% user + 0.8% kernel
E/ActivityManager(  325):     0.8% 385/InputDispatcher: 0.8% user + 0% kernel
E/ActivityManager(  325):     0.8% 600/Binder_9: 0.8% user + 0% kernel
E/ActivityManager(  325):     0.8% 637/Binder_A: 0.8% user + 0% kernel
E/ActivityManager(  325):     0.8% 642/Binder_B: 0.8% user + 0% kernel
E/ActivityManager(  325):   18% 37/surfaceflinger: 14% user + 3.1% kernel
E/ActivityManager(  325):     11% 66/SurfaceFlinger: 11% user + 0% kernel
E/ActivityManager(  325):     3.9% 383/Binder_3: 1.5% user + 2.3% kernel
E/ActivityManager(  325):     1.5% 74/VSyncThread: 1.5% user + 0% kernel
E/ActivityManager(  325):     0.7% 37/surfaceflinger: 0% user + 0.7% kernel
E/ActivityManager(  325):     0.7% 81/EventThread: 0% user + 0.7% kernel
E/ActivityManager(  325):     0.7% 83/Binder_1: 0% user + 0.7% kernel
E/ActivityManager(  325):     0.7% 379/Binder_2: 0% user + 0.7% kernel
E/ActivityManager(  325):   8.5% 547/android.process.acore: 3.8% user + 4.7% kernel / faults: 125 minor
E/ActivityManager(  325):     5.7% 670/ContactsProvide: 1.9% user + 3.8% kernel
E/ActivityManager(  325):     4.7% 547/d.process.acore: 0.9% user + 3.8% kernel
E/ActivityManager(  325):     0.9% 554/Compiler: 0.9% user + 0% kernel
E/ActivityManager(  325):    +0% 676/Binder_3: 0% user + 0% kernel
E/ActivityManager(  325):    +0% 677/Binder_4: 0% user + 0% kernel
E/ActivityManager(  325):   1.9% 460/com.android.inputmethod.latin: 1.9% user + 0% kernel / faults: 76 minor 1 major
E/ActivityManager(  325):     1.1% 460/putmethod.latin: 1.1% user + 0% kernel
E/ActivityManager(  325):   5% 84/bootanimation: 3.3% user + 1.6% kernel
E/ActivityManager(  325):     5% 102/BootAnimation: 3.3% user + 1.6% kernel
E/ActivityManager(  325):   1% 603/android.process.media: 0.5% user + 0.5% kernel / faults: 6 minor
E/ActivityManager(  325):     2.5% 647/Download Servic: 1% user + 1.5% kernel
E/ActivityManager(  325):   0.4% 482/com.android.phone: 0.4% user + 0% kernel / faults: 4 minor
E/ActivityManager(  325):     0.4% 593/AsyncQueryWorke: 0.4% user + 0% kernel
E/ActivityManager(  325): 100% TOTAL: 71% user + 28% kernel
I/dalvikvm(  603): Wrote stack traces to '/data/anr/traces.txt'
W/PackageManager(  325): Unknown permission com.google.android.gallery3d.permission.GALLERY_PROVIDER in package com.android.exchange
W/PackageManager(  325): Unknown permission com.google.android.googleapps.permission.ACCESS_GOOGLE_PASSWORD in package com.android.development
W/PackageManager(  325): Unknown permission com.google.android.googleapps.permission.GOOGLE_AUTH in package com.android.development
W/PackageManager(  325): Unknown permission com.google.android.googleapps.permission.GOOGLE_AUTH.ALL_SERVICES in package com.android.development
W/PackageManager(  325): Unknown permission com.google.android.googleapps.permission.GOOGLE_AUTH.YouTubeUser in package com.android.development
W/PackageManager(  325): Unknown permission com.google.android.gallery3d.permission.GALLERY_PROVIDER in package com.android.email
W/PackageManager(  325): Not granting permission android.permission.DEVICE_POWER to package com.android.deskclock (protectionLevel=2 flags=0x88be45)
D/PhoneStatusBar(  423): disable: < expand icons alerts ticker system_info BACK* HOME* RECENT* CLOCK* SEARCH* >
W/ActivityManager(  325): Killing ProcessRecord{40f012d8 423:com.android.systemui/u0a10034}: background ANR
W/InputDispatcher(  325): channel '40ec7588 StatusBar (server)' ~ Consumer closed input channel or an error occurred.  events=0x9
E/InputDispatcher(  325): channel '40ec7588 StatusBar (server)' ~ Channel is unrecoverably broken and will be disposed!
I/WindowState(  325): WIN DEATH: Window{40ec7588 u0 StatusBar}
W/InputDispatcher(  325): Attempted to unregister already unregistered input channel '40ec7588 StatusBar (server)'
W/BroadcastQueue(  325): Failure sending broadcast Intent { act=android.intent.action.BATTERY_CHANGED flg=0x60000010 (has extras) }
W/BroadcastQueue(  325): android.os.DeadObjectException
W/BroadcastQueue(  325): 	at android.os.BinderProxy.transact(Native Method)
W/BroadcastQueue(  325): 	at android.app.ApplicationThreadProxy.scheduleRegisteredReceiver(ApplicationThreadNative.java:1009)
W/BroadcastQueue(  325): 	at com.android.server.am.BroadcastQueue.performReceiveLocked(BroadcastQueue.java:373)
W/BroadcastQueue(  325): 	at com.android.server.am.BroadcastQueue.deliverToRegisteredReceiverLocked(BroadcastQueue.java:439)
W/BroadcastQueue(  325): 	at com.android.server.am.BroadcastQueue.processNextBroadcast(BroadcastQueue.java:487)
W/BroadcastQueue(  325): 	at com.android.server.am.BroadcastQueue$1.handleMessage(BroadcastQueue.java:140)
W/BroadcastQueue(  325): 	at android.os.Handler.dispatchMessage(Handler.java:99)
W/BroadcastQueue(  325): 	at android.os.Looper.loop(Looper.java:137)
W/BroadcastQueue(  325): 	at com.android.server.am.ActivityManagerService$AThread.run(ActivityManagerService.java:1480)
D/dalvikvm(  325): GC_CONCURRENT freed 531K, 11% free 6003K/6740K, paused 93ms+6ms, total 502ms
D/dalvikvm(  325): WAIT_FOR_CONCURRENT_GC blocked 84ms
D/dalvikvm(  325): WAIT_FOR_CONCURRENT_GC blocked 412ms
I/dalvikvm-heap(  325): Grow heap (frag case) to 6.172MB for 262160-byte allocation
D/dalvikvm(  325): WAIT_FOR_CONCURRENT_GC blocked 342ms
I/dalvikvm-heap(  325): Grow heap (frag case) to 6.172MB for 80-byte allocation
D/dalvikvm(  325): GC_FOR_ALLOC freed 6K, 11% free 6253K/7000K, paused 278ms, total 278ms
D/dalvikvm(  325): WAIT_FOR_CONCURRENT_GC blocked 681ms
D/dalvikvm(  325): WAIT_FOR_CONCURRENT_GC blocked 627ms
I/Choreographer(  325): Skipped 198 frames!  The application may be doing too much work on its main thread.
D/dalvikvm(  325): WAIT_FOR_CONCURRENT_GC blocked 730ms
D/dalvikvm(  325): WAIT_FOR_CONCURRENT_GC blocked 739ms
D/dalvikvm(  325): WAIT_FOR_CONCURRENT_GC blocked 539ms
V/TAG     (  325): bug 7643792: fitSystemWindows([0,0][0,0])
D/dalvikvm(  325): WAIT_FOR_CONCURRENT_GC blocked 1153ms
D/dalvikvm(  325): WAIT_FOR_CONCURRENT_GC blocked 1153ms
D/dalvikvm(  325): GC_FOR_ALLOC freed 19K, 11% free 6278K/7000K, paused 203ms, total 205ms
I/dalvikvm-heap(  325): Grow heap (frag case) to 6.566MB for 393236-byte allocation
D/dalvikvm(  325): GC_FOR_ALLOC freed 256K, 14% free 6405K/7388K, paused 123ms, total 123ms
D/dalvikvm(  325): GC_FOR_ALLOC freed <1K, 14% free 6407K/7388K, paused 76ms, total 76ms
I/dalvikvm-heap(  325): Grow heap (frag case) to 6.567MB for 262190-byte allocation
D/dalvikvm(  325): GC_FOR_ALLOC freed 392K, 19% free 6270K/7648K, paused 59ms, total 59ms
I/Choreographer(  325): Skipped 183 frames!  The application may be doing too much work on its main thread.
I/ActivityManager(  325): Process com.android.systemui (pid 423) has died.
W/ActivityManager(  325): Scheduling restart of crashed service com.android.systemui/.ImageWallpaper in 0ms
W/ActivityManager(  325): Scheduling restart of crashed service com.android.systemui/.SystemUIService in 0ms
I/ActivityManager(  325): Start proc com.android.systemui for restart com.android.systemui: pid=696 uid=10034 gids={50034, 1028, 1015, 3002, 3001}
W/ActivityManager(  325): Timeout executing service: ServiceRecord{40fbd500 u0 com.android.phone/.TelephonyDebugService}
I/Process (  325): Sending signal. PID: 482 SIG: 3
I/dalvikvm(  482): threadid=3: reacting to signal 3
I/Choreographer(  502): Skipped 718 frames!  The application may be doing too much work on its main thread.
I/Process (  325): Sending signal. PID: 325 SIG: 3
I/dalvikvm(  325): threadid=3: reacting to signal 3
D/dalvikvm(  502): GC_CONCURRENT freed 188K, 8% free 3227K/3472K, paused 4ms+12ms, total 754ms
I/dalvikvm(  482): Wrote stack traces to '/data/anr/traces.txt'
D/DebugService(  482): DebugService DebugService:
D/TelephonyDebugService(  482): TelephonyDebugService()
I/dalvikvm(  325): Wrote stack traces to '/data/anr/traces.txt'
W/ServiceWatcher(  325): com.google.android.location not found
W/ServiceWatcher(  325): com.google.android.location not found
W/LocationManagerService(  325): no network location provider found
W/ServiceWatcher(  325): com.google.android.location not found
E/SurfaceFlinger(   37): ro.sf.lcd_density must be defined as a build property
E/Trace   (  696): error opening trace file: No such file or directory (2)
D/dalvikvm(  482): GC_CONCURRENT freed 321K, 13% free 2668K/3044K, paused 4ms+267ms, total 388ms
I/Choreographer(  325): Skipped 79 frames!  The application may be doing too much work on its main thread.
I/Choreographer(  325): Skipped 100 frames!  The application may be doing too much work on its main thread.
I/Choreographer(  502): Skipped 43 frames!  The application may be doing too much work on its main thread.
D/gralloc_goldfish(  502): Emulator without GPU emulation detected.
D/dalvikvm(  325): GC_CONCURRENT freed 795K, 21% free 6115K/7648K, paused 63ms+710ms, total 2134ms
D/dalvikvm(   38): GC_EXPLICIT freed 35K, 4% free 2381K/2472K, paused 3ms+16ms, total 91ms
D/dalvikvm(   38): GC_EXPLICIT freed <1K, 4% free 2381K/2472K, paused 2ms+4ms, total 38ms
D/dalvikvm(   38): GC_EXPLICIT freed <1K, 4% free 2382K/2472K, paused 2ms+6ms, total 125ms
I/ActivityManager(  325): Start proc com.android.location.fused for service com.android.location.fused/.FusedLocationService: pid=720 uid=10022 gids={50022, 1028}
I/ActivityManager(  325): Displayed com.android.launcher/com.android.launcher2.Launcher: +37s463ms
I/Choreographer(  325): Skipped 178 frames!  The application may be doing too much work on its main thread.
W/Settings(  482): Setting auto_time_zone has moved from android.provider.Settings.System to android.provider.Settings.Global, returning read-only value.
W/ServiceWatcher(  325): com.google.android.location not found
I/Choreographer(  502): Skipped 436 frames!  The application may be doing too much work on its main thread.
D/dalvikvm(  502): GC_FOR_ALLOC freed 64K, 7% free 3313K/3536K, paused 63ms, total 78ms
I/dalvikvm-heap(  502): Grow heap (frag case) to 3.781MB for 518416-byte allocation
D/dalvikvm(  502): GC_CONCURRENT freed 6K, 6% free 3813K/4044K, paused 3ms+2ms, total 60ms
D/dalvikvm(  502): GC_FOR_ALLOC freed <1K, 6% free 3813K/4044K, paused 21ms, total 22ms
I/dalvikvm-heap(  502): Grow heap (frag case) to 4.269MB for 518416-byte allocation
E/Trace   (  720): error opening trace file: No such file or directory (2)
D/dalvikvm(  502): GC_CONCURRENT freed <1K, 6% free 4319K/4552K, paused 18ms+3ms, total 148ms
D/dalvikvm(  502): WAIT_FOR_CONCURRENT_GC blocked 130ms
D/dalvikvm(  502): GC_FOR_ALLOC freed <1K, 6% free 4319K/4552K, paused 185ms, total 230ms
I/dalvikvm-heap(  502): Grow heap (frag case) to 4.764MB for 518416-byte allocation
D/dalvikvm(  502): GC_FOR_ALLOC freed <1K, 5% free 4826K/5060K, paused 104ms, total 104ms
D/dalvikvm(  502): GREF has increased to 201
I/Choreographer(  502): Skipped 343 frames!  The application may be doing too much work on its main thread.
I/Choreographer(  502): Skipped 60 frames!  The application may be doing too much work on its main thread.
D/CAT     (  482): CatService: Running CAT service. STK app installed:false
D/CAT     (  482): CatService: NEW sInstance
D/dalvikvm(  325): GC_EXPLICIT freed 631K, 25% free 5793K/7648K, paused 189ms+29ms, total 1464ms
D/CAT     (  482): CatService: SIM ready. Reporting STK service running now...
I/Process (  325): Sending signal. PID: 502 SIG: 3
I/dalvikvm(  502): threadid=3: reacting to signal 3
I/dalvikvm(  502): Wrote stack traces to '/data/anr/traces.txt'
D/MccTable(  482): updateMccMncConfiguration: mcc=310, mnc=260
D/TelephonyManager(  482): getLteOnCdmaMode=0 curVal=-1 product_type='' lteOnCdmaProductType=''
D/MccTable(  482): locale set to en_us
D/MccTable(  482): WIFI_COUNTRY_CODE set to us
I/WifiService(  325): WifiService trying to set country code to us with persist set to true
I/ActivityManager(  325): Config changes=1403 {1.0 310mcc260mnc en_US ldltr sw320dp w320dp h508dp 240dpi nrml long port finger -keyb/v/h tball/v s.4}
D/dalvikvm(  502): GC_CONCURRENT freed 14K, 4% free 4895K/5060K, paused 13ms+81ms, total 254ms
W/SurfaceFlinger(   37): createScreenshotSurface failed (Function not implemented)
I/Choreographer(  502): Skipped 695 frames!  The application may be doing too much work on its main thread.
D/dalvikvm(  482): GC_CONCURRENT freed 291K, 12% free 2772K/3120K, paused 5ms+3ms, total 153ms
W/Settings(  482): Setting auto_time_zone has moved from android.provider.Settings.System to android.provider.Settings.Global, returning read-only value.
D/MccTable(  482): updateMccMncConfiguration: mcc=310, mnc=260
D/TelephonyManager(  482): getLteOnCdmaMode=0 curVal=-1 product_type='' lteOnCdmaProductType=''
D/MccTable(  482): locale set to en_us
D/MccTable(  482): WIFI_COUNTRY_CODE set to us
I/WifiService(  325): WifiService trying to set country code to us with persist set to true
I/ActivityManager(  325): Config changes=1400 {1.0 310mcc260mnc en_US ldltr sw320dp w320dp h508dp 240dpi nrml long port finger -keyb/v/h tball/v s.5}
I/Choreographer(  325): Skipped 60 frames!  The application may be doing too much work on its main thread.
E/LocationManagerService(  325): no geocoder provider found
W/WindowManager(  325): Window freeze timeout expired.
W/WindowManager(  325): Force clearing orientation change: Window{40fb2838 u0 com.android.launcher/com.android.launcher2.Launcher}
W/ActivityManager(  325): Activity idle timeout for ActivityRecord{40ee4f00 u0 com.android.launcher/com.android.launcher2.Launcher}
E/ActivityManager(  325): ANR in com.android.phone
E/ActivityManager(  325): Reason: Executing service com.android.phone/.TelephonyDebugService
E/ActivityManager(  325): Load: 7.2 / 2.1 / 0.72
E/ActivityManager(  325): CPU usage from 4814ms to -9319ms ago:
E/ActivityManager(  325):   23% 325/system_server: 17% user + 5.3% kernel / faults: 1732 minor 2 major
E/ActivityManager(  325):   15% 37/surfaceflinger: 11% user + 3.5% kernel / faults: 1 minor
E/ActivityManager(  325):   9.6% 502/com.android.launcher: 6.7% user + 2.8% kernel / faults: 5285 minor 5 major
E/ActivityManager(  325):   7.3% 482/com.android.phone: 4.5% user + 2.8% kernel / faults: 765 minor 6 major
E/ActivityManager(  325):   4.6% 547/android.process.acore: 2.7% user + 1.9% kernel / faults: 1059 minor
E/ActivityManager(  325):   3.3% 84/bootanimation: 2.4% user + 0.8% kernel
E/ActivityManager(  325):   1.2% 47/adbd: 0.4% user + 0.7% kernel / faults: 146 minor
E/ActivityManager(  325):   0.5% 38/zygote: 0.3% user + 0.1% kernel / faults: 332 minor
E/ActivityManager(  325):   0.2% 36/rild: 0% user + 0.1% kernel
E/ActivityManager(  325):   0.2% 603/android.process.media: 0% user + 0.1% kernel / faults: 91 minor
E/ActivityManager(  325):   0% 31/servicemanager: 0% user + 0% kernel
E/ActivityManager(  325):  +0% 696/com.android.systemui: 0% user + 0% kernel
E/ActivityManager(  325):  +0% 720/com.android.location.fused: 0% user + 0% kernel
E/ActivityManager(  325): 100% TOTAL: 68% user + 31% kernel + 0.1% irq + 0.1% softirq
E/ActivityManager(  325): CPU usage from 7721ms to 8443ms later:
E/ActivityManager(  325):   23% 325/system_server: 13% user + 9.7% kernel / faults: 52 minor
E/ActivityManager(  325):     10% 345/ActivityManager: 3.8% user + 6.7% kernel
E/ActivityManager(  325):     6.7% 329/Compiler: 4.8% user + 1.9% kernel
E/ActivityManager(  325):     1.9% 325/system_server: 1.9% user + 0% kernel
E/ActivityManager(  325):     1.9% 326/GC: 1.9% user + 0% kernel
E/ActivityManager(  325):     1.9% 376/PowerManagerSer: 0% user + 1.9% kernel
E/ActivityManager(  325):     0.9% 336/Binder_1: 0% user + 0.9% kernel
E/ActivityManager(  325):     0.9% 337/Binder_2: 0.9% user + 0% kernel
E/ActivityManager(  325):     0.9% 541/Binder_4: 0% user + 0.9% kernel
E/ActivityManager(  325):     0.9% 561/Binder_5: 0.9% user + 0% kernel
E/ActivityManager(  325):     0.9% 567/Binder_6: 0% user + 0.9% kernel
E/ActivityManager(  325):     0.9% 572/Binder_7: 0.9% user + 0% kernel
E/ActivityManager(  325):     0.9% 599/Binder_8: 0% user + 0.9% kernel
E/ActivityManager(  325):     0.9% 600/Binder_9: 0% user + 0.9% kernel
E/ActivityManager(  325):     0.9% 637/Binder_A: 0% user + 0.9% kernel
E/ActivityManager(  325):     0.9% 689/Binder_C: 0.9% user + 0% kernel
E/ActivityManager(  325):   22% 482/com.android.phone: 14% user + 7.7% kernel / faults: 98 minor
E/ActivityManager(  325):     16% 482/m.android.phone: 8.7% user + 7.7% kernel
E/ActivityManager(  325):     6.7% 489/Compiler: 5.8% user + 0.9% kernel
E/ActivityManager(  325):     6.7% 535/RILSender: 4.8% user + 1.9% kernel
E/ActivityManager(  325):     5.8% 540/RILReceiver: 5.8% user + 0% kernel
E/ActivityManager(  325):   11% 502/com.android.launcher: 2.9% user + 8.7% kernel / faults: 1230 minor
E/ActivityManager(  325):     10% 502/ndroid.launcher: 0.9% user + 9.7% kernel
E/ActivityManager(  325):     3.8% 509/Compiler: 1.9% user + 1.9% kernel
E/ActivityManager(  325):   9.8% 37/surfaceflinger: 8.8% user + 0.9% kernel
E/ActivityManager(  325):     10% 66/SurfaceFlinger: 9.8% user + 0.9% kernel
E/ActivityManager(  325):     0.9% 37/surfaceflinger: 0% user + 0.9% kernel
E/ActivityManager(  325):     0.9% 379/Binder_2: 0% user + 0.9% kernel
E/ActivityManager(  325):     0.9% 383/Binder_3: 0.9% user + 0% kernel
E/ActivityManager(  325):   2.9% 84/bootanimation: 1.9% user + 0.9% kernel
E/ActivityManager(  325):     2.9% 102/BootAnimation: 1.9% user + 0.9% kernel
E/ActivityManager(  325): 100% TOTAL: 55% user + 44% kernel
W/Launcher.Model(  502): LoaderTask running with no launcher (loadAllAppsByBatch)
W/ActivityManager(  325): Killing ProcessRecord{40edc900 482:com.android.phone/1001}: background ANR
I/ServiceManager(   31): service 'phone' died
I/ServiceManager(   31): service 'isms' died
I/ServiceManager(   31): service 'iphonesubinfo' died
I/ServiceManager(   31): service 'simphonebook' died
D/dalvikvm(  325): GC_FOR_ALLOC freed 331K, 8% free 6162K/6676K, paused 579ms, total 596ms
W/BroadcastQueue(  325): Failure sending broadcast Intent { act=android.intent.action.ANY_DATA_STATE flg=0x10 (has extras) }
W/BroadcastQueue(  325): android.os.DeadObjectException
W/BroadcastQueue(  325): 	at android.os.BinderProxy.transact(Native Method)
W/BroadcastQueue(  325): 	at android.app.ApplicationThreadProxy.scheduleRegisteredReceiver(ApplicationThreadNative.java:1009)
W/BroadcastQueue(  325): 	at com.android.server.am.BroadcastQueue.performReceiveLocked(BroadcastQueue.java:373)
W/BroadcastQueue(  325): 	at com.android.server.am.BroadcastQueue.deliverToRegisteredReceiverLocked(BroadcastQueue.java:439)
W/BroadcastQueue(  325): 	at com.android.server.am.BroadcastQueue.processNextBroadcast(BroadcastQueue.java:487)
W/BroadcastQueue(  325): 	at com.android.server.am.BroadcastQueue$1.handleMessage(BroadcastQueue.java:140)
W/BroadcastQueue(  325): 	at android.os.Handler.dispatchMessage(Handler.java:99)
W/BroadcastQueue(  325): 	at android.os.Looper.loop(Looper.java:137)
W/BroadcastQueue(  325): 	at com.android.server.am.ActivityManagerService$AThread.run(ActivityManagerService.java:1480)
W/BroadcastQueue(  325): Failure sending broadcast Intent { act=android.intent.action.ANY_DATA_STATE flg=0x10 (has extras) }
W/BroadcastQueue(  325): android.os.DeadObjectException
W/BroadcastQueue(  325): 	at android.os.BinderProxy.transact(Native Method)
W/BroadcastQueue(  325): 	at android.app.ApplicationThreadProxy.scheduleRegisteredReceiver(ApplicationThreadNative.java:1009)
W/BroadcastQueue(  325): 	at com.android.server.am.BroadcastQueue.performReceiveLocked(BroadcastQueue.java:373)
W/BroadcastQueue(  325): 	at com.android.server.am.BroadcastQueue.deliverToRegisteredReceiverLocked(BroadcastQueue.java:439)
W/BroadcastQueue(  325): 	at com.android.server.am.BroadcastQueue.processNextBroadcast(BroadcastQueue.java:487)
W/BroadcastQueue(  325): 	at com.android.server.am.BroadcastQueue$1.handleMessage(BroadcastQueue.java:140)
W/BroadcastQueue(  325): 	at android.os.Handler.dispatchMessage(Handler.java:99)
W/BroadcastQueue(  325): 	at android.os.Looper.loop(Looper.java:137)
W/BroadcastQueue(  325): 	at com.android.server.am.ActivityManagerService$AThread.run(ActivityManagerService.java:1480)
W/BroadcastQueue(  325): Failure sending broadcast Intent { act=android.intent.action.ANY_DATA_STATE flg=0x10 (has extras) }
W/BroadcastQueue(  325): android.os.DeadObjectException
W/BroadcastQueue(  325): 	at android.os.BinderProxy.transact(Native Method)
W/BroadcastQueue(  325): 	at android.app.ApplicationThreadProxy.scheduleRegisteredReceiver(ApplicationThreadNative.java:1009)
W/BroadcastQueue(  325): 	at com.android.server.am.BroadcastQueue.performReceiveLocked(BroadcastQueue.java:373)
W/BroadcastQueue(  325): 	at com.android.server.am.BroadcastQueue.deliverToRegisteredReceiverLocked(BroadcastQueue.java:439)
W/BroadcastQueue(  325): 	at com.android.server.am.BroadcastQueue.processNextBroadcast(BroadcastQueue.java:487)
W/BroadcastQueue(  325): 	at com.android.server.am.BroadcastQueue$1.handleMessage(BroadcastQueue.java:140)
W/BroadcastQueue(  325): 	at android.os.Handler.dispatchMessage(Handler.java:99)
W/BroadcastQueue(  325): 	at android.os.Looper.loop(Looper.java:137)
W/BroadcastQueue(  325): 	at com.android.server.am.ActivityManagerService$AThread.run(ActivityManagerService.java:1480)
W/BroadcastQueue(  325): Failure sending broadcast Intent { act=android.intent.action.SERVICE_STATE flg=0x10 (has extras) }
W/BroadcastQueue(  325): android.os.DeadObjectException
W/BroadcastQueue(  325): 	at android.os.BinderProxy.transact(Native Method)
W/BroadcastQueue(  325): 	at android.app.ApplicationThreadProxy.scheduleRegisteredReceiver(ApplicationThreadNative.java:1009)
W/BroadcastQueue(  325): 	at com.android.server.am.BroadcastQueue.performReceiveLocked(BroadcastQueue.java:373)
W/BroadcastQueue(  325): 	at com.android.server.am.BroadcastQueue.deliverToRegisteredReceiverLocked(BroadcastQueue.java:439)
W/BroadcastQueue(  325): 	at com.android.server.am.BroadcastQueue.processNextBroadcast(BroadcastQueue.java:487)
W/BroadcastQueue(  325): 	at com.android.server.am.BroadcastQueue$1.handleMessage(BroadcastQueue.java:140)
W/BroadcastQueue(  325): 	at android.os.Handler.dispatchMessage(Handler.java:99)
W/BroadcastQueue(  325): 	at android.os.Looper.loop(Looper.java:137)
W/BroadcastQueue(  325): 	at com.android.server.am.ActivityManagerService$AThread.run(ActivityManagerService.java:1480)
D/dalvikvm(  325): GC_FOR_ALLOC freed 446K, 12% free 6263K/7116K, paused 243ms, total 249ms
W/BroadcastQueue(  325): Failure sending broadcast Intent { act=android.intent.action.ANY_DATA_STATE flg=0x10 (has extras) }
W/BroadcastQueue(  325): android.os.DeadObjectException
W/BroadcastQueue(  325): 	at android.os.BinderProxy.transact(Native Method)
W/BroadcastQueue(  325): 	at android.app.ApplicationThreadProxy.scheduleRegisteredReceiver(ApplicationThreadNative.java:1009)
W/BroadcastQueue(  325): 	at com.android.server.am.BroadcastQueue.performReceiveLocked(BroadcastQueue.java:373)
W/BroadcastQueue(  325): 	at com.android.server.am.BroadcastQueue.deliverToRegisteredReceiverLocked(BroadcastQueue.java:439)
W/BroadcastQueue(  325): 	at com.android.server.am.BroadcastQueue.processNextBroadcast(BroadcastQueue.java:487)
W/BroadcastQueue(  325): 	at com.android.server.am.BroadcastQueue$1.handleMessage(BroadcastQueue.java:140)
W/BroadcastQueue(  325): 	at android.os.Handler.dispatchMessage(Handler.java:99)
W/BroadcastQueue(  325): 	at android.os.Looper.loop(Looper.java:137)
W/BroadcastQueue(  325): 	at com.android.server.am.ActivityManagerService$AThread.run(ActivityManagerService.java:1480)
W/BroadcastQueue(  325): Failure sending broadcast Intent { act=android.intent.action.ANY_DATA_STATE flg=0x10 (has extras) }
W/BroadcastQueue(  325): android.os.DeadObjectException
W/BroadcastQueue(  325): 	at android.os.BinderProxy.transact(Native Method)
W/BroadcastQueue(  325): 	at android.app.ApplicationThreadProxy.scheduleRegisteredReceiver(ApplicationThreadNative.java:1009)
W/BroadcastQueue(  325): 	at com.android.server.am.BroadcastQueue.performReceiveLocked(BroadcastQueue.java:373)
W/BroadcastQueue(  325): 	at com.android.server.am.BroadcastQueue.deliverToRegisteredReceiverLocked(BroadcastQueue.java:439)
W/BroadcastQueue(  325): 	at com.android.server.am.BroadcastQueue.processNextBroadcast(BroadcastQueue.java:487)
W/BroadcastQueue(  325): 	at com.android.server.am.BroadcastQueue$1.handleMessage(BroadcastQueue.java:140)
W/BroadcastQueue(  325): 	at android.os.Handler.dispatchMessage(Handler.java:99)
W/BroadcastQueue(  325): 	at android.os.Looper.loop(Looper.java:137)
W/BroadcastQueue(  325): 	at com.android.server.am.ActivityManagerService$AThread.run(ActivityManagerService.java:1480)
W/BroadcastQueue(  325): Failure sending broadcast Intent { act=android.intent.action.ANY_DATA_STATE flg=0x10 (has extras) }
W/BroadcastQueue(  325): android.os.DeadObjectException
W/BroadcastQueue(  325): 	at android.os.BinderProxy.transact(Native Method)
W/BroadcastQueue(  325): 	at android.app.ApplicationThreadProxy.scheduleRegisteredReceiver(ApplicationThreadNative.java:1009)
W/BroadcastQueue(  325): 	at com.android.server.am.BroadcastQueue.performReceiveLocked(BroadcastQueue.java:373)
W/BroadcastQueue(  325): 	at com.android.server.am.BroadcastQueue.deliverToRegisteredReceiverLocked(BroadcastQueue.java:439)
W/BroadcastQueue(  325): 	at com.android.server.am.BroadcastQueue.processNextBroadcast(BroadcastQueue.java:487)
W/BroadcastQueue(  325): 	at com.android.server.am.BroadcastQueue$1.handleMessage(BroadcastQueue.java:140)
W/BroadcastQueue(  325): 	at android.os.Handler.dispatchMessage(Handler.java:99)
W/BroadcastQueue(  325): 	at android.os.Looper.loop(Looper.java:137)
W/BroadcastQueue(  325): 	at com.android.server.am.ActivityManagerService$AThread.run(ActivityManagerService.java:1480)
W/BroadcastQueue(  325): Failure sending broadcast Intent { act=android.intent.action.ANY_DATA_STATE flg=0x10 (has extras) }
W/BroadcastQueue(  325): android.os.DeadObjectException
W/BroadcastQueue(  325): 	at android.os.BinderProxy.transact(Native Method)
W/BroadcastQueue(  325): 	at android.app.ApplicationThreadProxy.scheduleRegisteredReceiver(ApplicationThreadNative.java:1009)
W/BroadcastQueue(  325): 	at com.android.server.am.BroadcastQueue.performReceiveLocked(BroadcastQueue.java:373)
W/BroadcastQueue(  325): 	at com.android.server.am.BroadcastQueue.deliverToRegisteredReceiverLocked(BroadcastQueue.java:439)
W/BroadcastQueue(  325): 	at com.android.server.am.BroadcastQueue.processNextBroadcast(BroadcastQueue.java:487)
W/BroadcastQueue(  325): 	at com.android.server.am.BroadcastQueue$1.handleMessage(BroadcastQueue.java:140)
W/BroadcastQueue(  325): 	at android.os.Handler.dispatchMessage(Handler.java:99)
W/BroadcastQueue(  325): 	at android.os.Looper.loop(Looper.java:137)
W/BroadcastQueue(  325): 	at com.android.server.am.ActivityManagerService$AThread.run(ActivityManagerService.java:1480)
W/BroadcastQueue(  325): Failure sending broadcast Intent { act=android.intent.action.ANY_DATA_STATE flg=0x10 (has extras) }
W/BroadcastQueue(  325): android.os.DeadObjectException
W/BroadcastQueue(  325): 	at android.os.BinderProxy.transact(Native Method)
W/BroadcastQueue(  325): 	at android.app.ApplicationThreadProxy.scheduleRegisteredReceiver(ApplicationThreadNative.java:1009)
W/BroadcastQueue(  325): 	at com.android.server.am.BroadcastQueue.performReceiveLocked(BroadcastQueue.java:373)
W/BroadcastQueue(  325): 	at com.android.server.am.BroadcastQueue.deliverToRegisteredReceiverLocked(BroadcastQueue.java:439)
W/BroadcastQueue(  325): 	at com.android.server.am.BroadcastQueue.processNextBroadcast(BroadcastQueue.java:487)
W/BroadcastQueue(  325): 	at com.android.server.am.BroadcastQueue$1.handleMessage(BroadcastQueue.java:140)
W/BroadcastQueue(  325): 	at android.os.Handler.dispatchMessage(Handler.java:99)
W/BroadcastQueue(  325): 	at android.os.Looper.loop(Looper.java:137)
W/BroadcastQueue(  325): 	at com.android.server.am.ActivityManagerService$AThread.run(ActivityManagerService.java:1480)
W/BroadcastQueue(  325): Failure sending broadcast Intent { act=android.intent.action.ANY_DATA_STATE flg=0x10 (has extras) }
W/BroadcastQueue(  325): android.os.DeadObjectException
W/BroadcastQueue(  325): 	at android.os.BinderProxy.transact(Native Method)
W/BroadcastQueue(  325): 	at android.app.ApplicationThreadProxy.scheduleRegisteredReceiver(ApplicationThreadNative.java:1009)
W/BroadcastQueue(  325): 	at com.android.server.am.BroadcastQueue.performReceiveLocked(BroadcastQueue.java:373)
W/BroadcastQueue(  325): 	at com.android.server.am.BroadcastQueue.deliverToRegisteredReceiverLocked(BroadcastQueue.java:439)
W/BroadcastQueue(  325): 	at com.android.server.am.BroadcastQueue.processNextBroadcast(BroadcastQueue.java:487)
W/BroadcastQueue(  325): 	at com.android.server.am.BroadcastQueue$1.handleMessage(BroadcastQueue.java:140)
W/BroadcastQueue(  325): 	at android.os.Handler.dispatchMessage(Handler.java:99)
W/BroadcastQueue(  325): 	at android.os.Looper.loop(Looper.java:137)
W/BroadcastQueue(  325): 	at com.android.server.am.ActivityManagerService$AThread.run(ActivityManagerService.java:1480)
W/BroadcastQueue(  325): Failure sending broadcast Intent { act=android.intent.action.ANY_DATA_STATE flg=0x10 (has extras) }
W/BroadcastQueue(  325): android.os.DeadObjectException
W/BroadcastQueue(  325): 	at android.os.BinderProxy.transact(Native Method)
W/BroadcastQueue(  325): 	at android.app.ApplicationThreadProxy.scheduleRegisteredReceiver(ApplicationThreadNative.java:1009)
W/BroadcastQueue(  325): 	at com.android.server.am.BroadcastQueue.performReceiveLocked(BroadcastQueue.java:373)
W/BroadcastQueue(  325): 	at com.android.server.am.BroadcastQueue.deliverToRegisteredReceiverLocked(BroadcastQueue.java:439)
W/BroadcastQueue(  325): 	at com.android.server.am.BroadcastQueue.processNextBroadcast(BroadcastQueue.java:487)
W/BroadcastQueue(  325): 	at com.android.server.am.BroadcastQueue$1.handleMessage(BroadcastQueue.java:140)
W/BroadcastQueue(  325): 	at android.os.Handler.dispatchMessage(Handler.java:99)
W/BroadcastQueue(  325): 	at android.os.Looper.loop(Looper.java:137)
W/BroadcastQueue(  325): 	at com.android.server.am.ActivityManagerService$AThread.run(ActivityManagerService.java:1480)
W/BroadcastQueue(  325): Failure sending broadcast Intent { act=android.intent.action.ANY_DATA_STATE flg=0x10 (has extras) }
W/BroadcastQueue(  325): android.os.DeadObjectException
W/BroadcastQueue(  325): 	at android.os.BinderProxy.transact(Native Method)
W/BroadcastQueue(  325): 	at android.app.ApplicationThreadProxy.scheduleRegisteredReceiver(ApplicationThreadNative.java:1009)
W/BroadcastQueue(  325): 	at com.android.server.am.BroadcastQueue.performReceiveLocked(BroadcastQueue.java:373)
W/BroadcastQueue(  325): 	at com.android.server.am.BroadcastQueue.deliverToRegisteredReceiverLocked(BroadcastQueue.java:439)
W/BroadcastQueue(  325): 	at com.android.server.am.BroadcastQueue.processNextBroadcast(BroadcastQueue.java:487)
W/BroadcastQueue(  325): 	at com.android.server.am.BroadcastQueue$1.handleMessage(BroadcastQueue.java:140)
W/BroadcastQueue(  325): 	at android.os.Handler.dispatchMessage(Handler.java:99)
W/BroadcastQueue(  325): 	at android.os.Looper.loop(Looper.java:137)
W/BroadcastQueue(  325): 	at com.android.server.am.ActivityManagerService$AThread.run(ActivityManagerService.java:1480)
W/BroadcastQueue(  325): Failure sending broadcast Intent { act=android.intent.action.ANY_DATA_STATE flg=0x10 (has extras) }
W/BroadcastQueue(  325): android.os.DeadObjectException
W/BroadcastQueue(  325): 	at android.os.BinderProxy.transact(Native Method)
W/BroadcastQueue(  325): 	at android.app.ApplicationThreadProxy.scheduleRegisteredReceiver(ApplicationThreadNative.java:1009)
W/BroadcastQueue(  325): 	at com.android.server.am.BroadcastQueue.performReceiveLocked(BroadcastQueue.java:373)
W/BroadcastQueue(  325): 	at com.android.server.am.BroadcastQueue.deliverToRegisteredReceiverLocked(BroadcastQueue.java:439)
W/BroadcastQueue(  325): 	at com.android.server.am.BroadcastQueue.processNextBroadcast(BroadcastQueue.java:487)
W/BroadcastQueue(  325): 	at com.android.server.am.BroadcastQueue$1.handleMessage(BroadcastQueue.java:140)
W/BroadcastQueue(  325): 	at android.os.Handler.dispatchMessage(Handler.java:99)
W/BroadcastQueue(  325): 	at android.os.Looper.loop(Looper.java:137)
W/BroadcastQueue(  325): 	at com.android.server.am.ActivityManagerService$AThread.run(ActivityManagerService.java:1480)
W/BroadcastQueue(  325): Failure sending broadcast Intent { act=android.intent.action.ANY_DATA_STATE flg=0x10 (has extras) }
W/BroadcastQueue(  325): android.os.DeadObjectException
W/BroadcastQueue(  325): 	at android.os.BinderProxy.transact(Native Method)
W/BroadcastQueue(  325): 	at android.app.ApplicationThreadProxy.scheduleRegisteredReceiver(ApplicationThreadNative.java:1009)
W/BroadcastQueue(  325): 	at com.android.server.am.BroadcastQueue.performReceiveLocked(BroadcastQueue.java:373)
W/BroadcastQueue(  325): 	at com.android.server.am.BroadcastQueue.deliverToRegisteredReceiverLocked(BroadcastQueue.java:439)
W/BroadcastQueue(  325): 	at com.android.server.am.BroadcastQueue.processNextBroadcast(BroadcastQueue.java:487)
W/BroadcastQueue(  325): 	at com.android.server.am.BroadcastQueue$1.handleMessage(BroadcastQueue.java:140)
W/BroadcastQueue(  325): 	at android.os.Handler.dispatchMessage(Handler.java:99)
W/BroadcastQueue(  325): 	at android.os.Looper.loop(Looper.java:137)
W/BroadcastQueue(  325): 	at com.android.server.am.ActivityManagerService$AThread.run(ActivityManagerService.java:1480)
W/BroadcastQueue(  325): Failure sending broadcast Intent { act=android.intent.action.ANY_DATA_STATE flg=0x10 (has extras) }
W/BroadcastQueue(  325): android.os.DeadObjectException
W/BroadcastQueue(  325): 	at android.os.BinderProxy.transact(Native Method)
W/BroadcastQueue(  325): 	at android.app.ApplicationThreadProxy.scheduleRegisteredReceiver(ApplicationThreadNative.java:1009)
